/home/erfan/MATE/ogbn_benchmarks/../src/utils.py:211: UserWarning: torch.sparse.SparseTensor(indices, values, shape, *, device=) is deprecated.  Please use torch.sparse_coo_tensor(indices, values, shape, dtype=, device=). (Triggered internally at /pytorch/torch/csrc/utils/tensor_new.cpp:654.)
  adj_norm = torch.sparse.FloatTensor(indices_norm, values_norm, torch.Size(adj_norm.shape))
/home/erfan/MATE/ogbn_benchmarks/PaGCN.py:87: UserWarning: Sparse invariant checks are implicitly disabled. Memory errors (e.g. SEGFAULT) will occur when operating on a sparse tensor which violates the invariants, but checks incur performance overhead. To silence this warning, explicitly opt in or out. See `torch.sparse.check_sparse_tensor_invariants.__doc__` for guidance.  (Triggered internally at /pytorch/aten/src/ATen/Context.cpp:760.)
  return torch.sparse_coo_tensor(idx, val, (num_nodes, num_nodes)).coalesce().to(device)
======================================================================
  PaGCN | amac | MCAR @ 40% | lr=0.001
======================================================================
[1/3] Loading amac...
loading dataset: amac
  13,752 nodes | 767 dims | 10 classes
[2/3] Simulating MCAR missingness...
Simulating MCAR missingness at 40% rate...
  MCAR: Uniform random selection
  Observable: 8,252 (60.0%)
  Masked: 5,500 (40.0%)
  Observable: 8,252 | Val: 2,750 | Test: 2,750
[3/3] Running PaGCN...
  Training PaGCN (full-batch) for up to 800 epochs (patience=20)...
  Epoch 5/800 | Loss: 1.9859 | Val F1: 0.0543 | 0.00s
  Epoch 10/800 | Loss: 1.9156 | Val F1: 0.0543 | 0.00s
  Epoch 15/800 | Loss: 1.8284 | Val F1: 0.0543 | 0.00s
  Epoch 20/800 | Loss: 1.7208 | Val F1: 0.1118 | 0.00s
  Epoch 25/800 | Loss: 1.5713 | Val F1: 0.1804 | 0.00s
  Epoch 30/800 | Loss: 1.4033 | Val F1: 0.2370 | 0.00s
  Epoch 35/800 | Loss: 1.2499 | Val F1: 0.2797 | 0.00s
  Epoch 40/800 | Loss: 1.1029 | Val F1: 0.3509 | 0.00s
  Epoch 45/800 | Loss: 0.9760 | Val F1: 0.3664 | 0.00s
  Epoch 50/800 | Loss: 0.8758 | Val F1: 0.3892 | 0.00s
  Epoch 55/800 | Loss: 0.7714 | Val F1: 0.4389 | 0.00s
  Epoch 60/800 | Loss: 0.6934 | Val F1: 0.5261 | 0.00s
  Epoch 65/800 | Loss: 0.6311 | Val F1: 0.6262 | 0.00s
  Epoch 70/800 | Loss: 0.5845 | Val F1: 0.6909 | 0.00s
  Epoch 75/800 | Loss: 0.5391 | Val F1: 0.7344 | 0.00s
  Epoch 80/800 | Loss: 0.5073 | Val F1: 0.7673 | 0.00s
  Epoch 85/800 | Loss: 0.4795 | Val F1: 0.8063 | 0.00s
  Epoch 90/800 | Loss: 0.4533 | Val F1: 0.8204 | 0.00s
  Epoch 95/800 | Loss: 0.4336 | Val F1: 0.8331 | 0.00s
  Epoch 100/800 | Loss: 0.4024 | Val F1: 0.8496 | 0.00s
  Epoch 105/800 | Loss: 0.3910 | Val F1: 0.8599 | 0.00s
  Epoch 110/800 | Loss: 0.3708 | Val F1: 0.8646 | 0.00s
  Epoch 115/800 | Loss: 0.3638 | Val F1: 0.8606 | 0.00s
  Epoch 120/800 | Loss: 0.3483 | Val F1: 0.8768 | 0.00s
  Epoch 125/800 | Loss: 0.3381 | Val F1: 0.8720 | 0.00s
  Epoch 130/800 | Loss: 0.3279 | Val F1: 0.8856 | 0.00s
  Epoch 135/800 | Loss: 0.3176 | Val F1: 0.8881 | 0.00s
  Epoch 140/800 | Loss: 0.3113 | Val F1: 0.8884 | 0.00s
  Epoch 145/800 | Loss: 0.3002 | Val F1: 0.8904 | 0.00s
  Epoch 150/800 | Loss: 0.2920 | Val F1: 0.8910 | 0.00s
  Epoch 155/800 | Loss: 0.2876 | Val F1: 0.8928 | 0.00s
  Epoch 160/800 | Loss: 0.2798 | Val F1: 0.8943 | 0.00s
  Epoch 165/800 | Loss: 0.2687 | Val F1: 0.8952 | 0.00s
  Epoch 170/800 | Loss: 0.2693 | Val F1: 0.8923 | 0.00s
  Epoch 175/800 | Loss: 0.2625 | Val F1: 0.8946 | 0.00s
  Epoch 180/800 | Loss: 0.2597 | Val F1: 0.8993 | 0.00s
  Epoch 185/800 | Loss: 0.2552 | Val F1: 0.9004 | 0.00s
  Epoch 190/800 | Loss: 0.2490 | Val F1: 0.9015 | 0.00s
  Epoch 195/800 | Loss: 0.2506 | Val F1: 0.8995 | 0.00s
  Epoch 200/800 | Loss: 0.2441 | Val F1: 0.8975 | 0.00s
  Epoch 205/800 | Loss: 0.2397 | Val F1: 0.9010 | 0.00s
  Epoch 210/800 | Loss: 0.2380 | Val F1: 0.9034 | 0.00s
  Epoch 215/800 | Loss: 0.2335 | Val F1: 0.9020 | 0.00s
  Epoch 220/800 | Loss: 0.2358 | Val F1: 0.9027 | 0.00s
  Epoch 225/800 | Loss: 0.2300 | Val F1: 0.8980 | 0.00s
  Epoch 230/800 | Loss: 0.2287 | Val F1: 0.8931 | 0.00s
  Epoch 235/800 | Loss: 0.2260 | Val F1: 0.9025 | 0.00s
  Epoch 240/800 | Loss: 0.2227 | Val F1: 0.9068 | 0.00s
  Epoch 245/800 | Loss: 0.2206 | Val F1: 0.9040 | 0.00s
  Epoch 250/800 | Loss: 0.2196 | Val F1: 0.9017 | 0.00s
  Epoch 255/800 | Loss: 0.2203 | Val F1: 0.8981 | 0.00s
  Epoch 260/800 | Loss: 0.2140 | Val F1: 0.9041 | 0.00s
  Epoch 265/800 | Loss: 0.2112 | Val F1: 0.9007 | 0.00s
  Epoch 270/800 | Loss: 0.2075 | Val F1: 0.9025 | 0.00s
  Epoch 275/800 | Loss: 0.2089 | Val F1: 0.9027 | 0.00s
  Epoch 280/800 | Loss: 0.2082 | Val F1: 0.9029 | 0.00s
  Epoch 285/800 | Loss: 0.2085 | Val F1: 0.9045 | 0.00s
  Epoch 290/800 | Loss: 0.2059 | Val F1: 0.9042 | 0.00s
  Epoch 295/800 | Loss: 0.2030 | Val F1: 0.8997 | 0.00s
  Epoch 300/800 | Loss: 0.1999 | Val F1: 0.9021 | 0.00s
  Epoch 305/800 | Loss: 0.2030 | Val F1: 0.9022 | 0.00s
  Epoch 310/800 | Loss: 0.1963 | Val F1: 0.8999 | 0.00s
  Epoch 315/800 | Loss: 0.1984 | Val F1: 0.9060 | 0.00s
  Epoch 320/800 | Loss: 0.1954 | Val F1: 0.9030 | 0.00s
  Epoch 325/800 | Loss: 0.1996 | Val F1: 0.9033 | 0.00s
  Epoch 330/800 | Loss: 0.1930 | Val F1: 0.9058 | 0.00s
  Epoch 335/800 | Loss: 0.1894 | Val F1: 0.9031 | 0.00s
  Epoch 340/800 | Loss: 0.1904 | Val F1: 0.9055 | 0.00s
  Early stopping at epoch 340
  Best Val F1: 0.9068 | Test F1: 0.9035 | Test Acc: 0.9087
  Total training time: 1.7s

======================================================================
  Val  Macro-F1: 0.9068
  Test Macro-F1: 0.9035
  Test Accuracy: 0.9087
  Time: 1.8s
======================================================================

  Results saved to: results/PaGCN_amac_MCAR_0.4_20260724_061647
