/home/erfan/MATE/ogbn_benchmarks/../src/utils.py:239: UserWarning: torch.sparse.SparseTensor(indices, values, shape, *, device=) is deprecated.  Please use torch.sparse_coo_tensor(indices, values, shape, dtype=, device=). (Triggered internally at /pytorch/torch/csrc/utils/tensor_new.cpp:654.)
  adj_norm = torch.sparse.FloatTensor(indices_norm, values_norm, torch.Size(adj_norm.shape))
/home/erfan/MATE/ogbn_benchmarks/PaGCN.py:87: UserWarning: Sparse invariant checks are implicitly disabled. Memory errors (e.g. SEGFAULT) will occur when operating on a sparse tensor which violates the invariants, but checks incur performance overhead. To silence this warning, explicitly opt in or out. See `torch.sparse.check_sparse_tensor_invariants.__doc__` for guidance.  (Triggered internally at /pytorch/aten/src/ATen/Context.cpp:760.)
  return torch.sparse_coo_tensor(idx, val, (num_nodes, num_nodes)).coalesce().to(device)
======================================================================
  PaGCN | amap | MCAR @ 40% | lr=0.01
======================================================================
[1/3] Loading amap...
loading dataset: amap
  7,650 nodes | 745 dims | 8 classes
[2/3] Simulating MCAR missingness...
Simulating MCAR missingness at 40% rate...
  MCAR: Uniform random selection
  Observable: 4,590 (60.0%)
  Masked: 3,060 (40.0%)
  Observable: 4,590 | Val: 1,530 | Test: 1,530
[3/3] Running PaGCN...
  Training PaGCN (full-batch) for up to 800 epochs (patience=20)...
  Epoch 5/800 | Loss: 1.9845 | Val F1: 0.0653 | 0.00s
  Epoch 10/800 | Loss: 1.7536 | Val F1: 0.1532 | 0.00s
  Epoch 15/800 | Loss: 1.2666 | Val F1: 0.2878 | 0.00s
  Epoch 20/800 | Loss: 0.9011 | Val F1: 0.5244 | 0.00s
  Epoch 25/800 | Loss: 0.6092 | Val F1: 0.7613 | 0.00s
  Epoch 30/800 | Loss: 0.4561 | Val F1: 0.8232 | 0.00s
  Epoch 35/800 | Loss: 0.3851 | Val F1: 0.8588 | 0.00s
  Epoch 40/800 | Loss: 0.3394 | Val F1: 0.8715 | 0.00s
  Epoch 45/800 | Loss: 0.2956 | Val F1: 0.8854 | 0.00s
  Epoch 50/800 | Loss: 0.2782 | Val F1: 0.8804 | 0.00s
  Epoch 55/800 | Loss: 0.2439 | Val F1: 0.8922 | 0.00s
  Epoch 60/800 | Loss: 0.2383 | Val F1: 0.8818 | 0.00s
  Epoch 65/800 | Loss: 0.2233 | Val F1: 0.8913 | 0.00s
  Epoch 70/800 | Loss: 0.2034 | Val F1: 0.8982 | 0.00s
  Epoch 75/800 | Loss: 0.1826 | Val F1: 0.9061 | 0.00s
  Epoch 80/800 | Loss: 0.1731 | Val F1: 0.9088 | 0.00s
  Epoch 85/800 | Loss: 0.1611 | Val F1: 0.9064 | 0.00s
  Epoch 90/800 | Loss: 0.1573 | Val F1: 0.9061 | 0.00s
  Epoch 95/800 | Loss: 0.1449 | Val F1: 0.9100 | 0.00s
  Epoch 100/800 | Loss: 0.1437 | Val F1: 0.9011 | 0.00s
  Epoch 105/800 | Loss: 0.1515 | Val F1: 0.9096 | 0.00s
  Epoch 110/800 | Loss: 0.1445 | Val F1: 0.9135 | 0.00s
  Epoch 115/800 | Loss: 0.1903 | Val F1: 0.8812 | 0.00s
  Epoch 120/800 | Loss: 0.4180 | Val F1: 0.8745 | 0.00s
  Epoch 125/800 | Loss: 0.2989 | Val F1: 0.8996 | 0.00s
  Epoch 130/800 | Loss: 0.1819 | Val F1: 0.8993 | 0.00s
  Epoch 135/800 | Loss: 0.1682 | Val F1: 0.9037 | 0.00s
  Epoch 140/800 | Loss: 0.1561 | Val F1: 0.9093 | 0.00s
  Epoch 145/800 | Loss: 0.1452 | Val F1: 0.9142 | 0.00s
  Epoch 150/800 | Loss: 0.1366 | Val F1: 0.9104 | 0.00s
  Epoch 155/800 | Loss: 0.1343 | Val F1: 0.9168 | 0.00s
  Epoch 160/800 | Loss: 0.1259 | Val F1: 0.9096 | 0.00s
  Epoch 165/800 | Loss: 0.1233 | Val F1: 0.9091 | 0.00s
  Epoch 170/800 | Loss: 0.1229 | Val F1: 0.9100 | 0.00s
  Epoch 175/800 | Loss: 0.1180 | Val F1: 0.9111 | 0.00s
  Epoch 180/800 | Loss: 0.1181 | Val F1: 0.9091 | 0.00s
  Epoch 185/800 | Loss: 0.1123 | Val F1: 0.9159 | 0.00s
  Epoch 190/800 | Loss: 0.1133 | Val F1: 0.9143 | 0.00s
  Epoch 195/800 | Loss: 0.1226 | Val F1: 0.9103 | 0.00s
  Epoch 200/800 | Loss: 0.1138 | Val F1: 0.9097 | 0.00s
  Epoch 205/800 | Loss: 0.1052 | Val F1: 0.9122 | 0.00s
  Epoch 210/800 | Loss: 0.1059 | Val F1: 0.9145 | 0.00s
  Epoch 215/800 | Loss: 0.1053 | Val F1: 0.9163 | 0.00s
  Epoch 220/800 | Loss: 0.1078 | Val F1: 0.9109 | 0.00s
  Epoch 225/800 | Loss: 0.1107 | Val F1: 0.9120 | 0.00s
  Epoch 230/800 | Loss: 0.1037 | Val F1: 0.9176 | 0.00s
  Epoch 235/800 | Loss: 0.1058 | Val F1: 0.9156 | 0.00s
  Epoch 240/800 | Loss: 0.1003 | Val F1: 0.9129 | 0.00s
  Epoch 245/800 | Loss: 0.1011 | Val F1: 0.9156 | 0.00s
  Epoch 250/800 | Loss: 0.0985 | Val F1: 0.9152 | 0.00s
  Epoch 255/800 | Loss: 0.0955 | Val F1: 0.9117 | 0.00s
  Epoch 260/800 | Loss: 0.1125 | Val F1: 0.9095 | 0.00s
  Epoch 265/800 | Loss: 0.1732 | Val F1: 0.8967 | 0.00s
  Epoch 270/800 | Loss: 0.1683 | Val F1: 0.8902 | 0.00s
  Epoch 275/800 | Loss: 0.1825 | Val F1: 0.8894 | 0.00s
  Epoch 280/800 | Loss: 0.1850 | Val F1: 0.9073 | 0.00s
  Epoch 285/800 | Loss: 0.1489 | Val F1: 0.9071 | 0.00s
  Epoch 290/800 | Loss: 0.1410 | Val F1: 0.9077 | 0.00s
  Epoch 295/800 | Loss: 0.1245 | Val F1: 0.9039 | 0.00s
  Epoch 300/800 | Loss: 0.1143 | Val F1: 0.9151 | 0.00s
  Epoch 305/800 | Loss: 0.1061 | Val F1: 0.9112 | 0.00s
  Epoch 310/800 | Loss: 0.1038 | Val F1: 0.9140 | 0.00s
  Epoch 315/800 | Loss: 0.1047 | Val F1: 0.9175 | 0.00s
  Epoch 320/800 | Loss: 0.1040 | Val F1: 0.9107 | 0.00s
  Epoch 325/800 | Loss: 0.0925 | Val F1: 0.9092 | 0.00s
  Epoch 330/800 | Loss: 0.1026 | Val F1: 0.9112 | 0.00s
  Early stopping at epoch 330
  Best Val F1: 0.9176 | Test F1: 0.9182 | Test Acc: 0.9248
  Total training time: 1.2s

======================================================================
  Val  Macro-F1: 0.9176
  Test Macro-F1: 0.9182
  Test Accuracy: 0.9248
  Time: 1.2s
======================================================================

  Results saved to: results/PaGCN_amap_MCAR_0.4_20260724_062022
