/home/erfan/MATE/ogbn_benchmarks/../src/utils.py:239: UserWarning: torch.sparse.SparseTensor(indices, values, shape, *, device=) is deprecated.  Please use torch.sparse_coo_tensor(indices, values, shape, dtype=, device=). (Triggered internally at /pytorch/torch/csrc/utils/tensor_new.cpp:654.)
  adj_norm = torch.sparse.FloatTensor(indices_norm, values_norm, torch.Size(adj_norm.shape))
======================================================================
  NeighAggre | amap | MCAR @ 40% | lr=0.01
======================================================================
[1/3] Loading amap...
loading dataset: amap
  7,650 nodes | 745 dims | 8 classes
[2/3] Simulating MCAR missingness...
Simulating MCAR missingness at 40% rate...
  MCAR: Uniform random selection
  Observable: 4,590 (60.0%)
  Masked: 3,060 (40.0%)
  Observable: 4,590 | Val: 1,530 | Test: 1,530
[3/3] Running NeighAggre...
  NeighAggre done in 0.1s — imputed 3,060 nodes
  Training linear classifier on imputed features...

======================================================================
  Val  Macro-F1: 0.8803
  Test Macro-F1: 0.8681
  Test Accuracy: 0.8882
  Time: 25.4s
======================================================================

  Results saved to: results/NeighAggre_amap_MCAR_0.4_20260724_062012
