/home/erfan/MATE/ogbn_benchmarks/../src/utils.py:239: UserWarning: torch.sparse.SparseTensor(indices, values, shape, *, device=) is deprecated.  Please use torch.sparse_coo_tensor(indices, values, shape, dtype=, device=). (Triggered internally at /pytorch/torch/csrc/utils/tensor_new.cpp:654.)
  adj_norm = torch.sparse.FloatTensor(indices_norm, values_norm, torch.Size(adj_norm.shape))
======================================================================
  GraphSAGE | amap | MCAR @ 40% | lr=0.01
======================================================================
[1/3] Loading amap...
loading dataset: amap
  7,650 nodes | 745 dims | 8 classes
[2/3] Simulating MCAR missingness...
Simulating MCAR missingness at 40% rate...
  MCAR: Uniform random selection
  Observable: 4,590 (60.0%)
  Masked: 3,060 (40.0%)
  Observable: 4,590 | Val: 1,530 | Test: 1,530
[3/3] Running GraphSAGE...
  Training GraphSAGE (full-batch) for up to 800 epochs (patience=20)...
  Epoch 5/800 | Loss: 7.8060 | Val F1: 0.0534 | 0.00s
  Epoch 10/800 | Loss: 1.9062 | Val F1: 0.1947 | 0.00s
  Epoch 15/800 | Loss: 1.4115 | Val F1: 0.2670 | 0.00s
  Epoch 20/800 | Loss: 1.1536 | Val F1: 0.4335 | 0.00s
  Epoch 25/800 | Loss: 0.8952 | Val F1: 0.6045 | 0.00s
  Epoch 30/800 | Loss: 0.7011 | Val F1: 0.7283 | 0.00s
  Epoch 35/800 | Loss: 0.5366 | Val F1: 0.7560 | 0.00s
  Epoch 40/800 | Loss: 0.4469 | Val F1: 0.7542 | 0.00s
  Epoch 45/800 | Loss: 0.3714 | Val F1: 0.7639 | 0.00s
  Epoch 50/800 | Loss: 0.3247 | Val F1: 0.8432 | 0.00s
  Epoch 55/800 | Loss: 0.2798 | Val F1: 0.8513 | 0.00s
  Epoch 60/800 | Loss: 0.2619 | Val F1: 0.8622 | 0.00s
  Epoch 65/800 | Loss: 0.2477 | Val F1: 0.8599 | 0.00s
  Epoch 70/800 | Loss: 0.2227 | Val F1: 0.8635 | 0.00s
  Epoch 75/800 | Loss: 0.2187 | Val F1: 0.8594 | 0.00s
  Epoch 80/800 | Loss: 0.1975 | Val F1: 0.8724 | 0.00s
  Epoch 85/800 | Loss: 0.1875 | Val F1: 0.8760 | 0.00s
  Epoch 90/800 | Loss: 0.1755 | Val F1: 0.8760 | 0.00s
  Epoch 95/800 | Loss: 0.1709 | Val F1: 0.8699 | 0.00s
  Epoch 100/800 | Loss: 0.1632 | Val F1: 0.8820 | 0.00s
  Epoch 105/800 | Loss: 0.1526 | Val F1: 0.8632 | 0.00s
  Epoch 110/800 | Loss: 0.1676 | Val F1: 0.8758 | 0.00s
  Epoch 115/800 | Loss: 0.1521 | Val F1: 0.8891 | 0.00s
  Epoch 120/800 | Loss: 0.1461 | Val F1: 0.8756 | 0.00s
  Epoch 125/800 | Loss: 0.1330 | Val F1: 0.8871 | 0.00s
  Epoch 130/800 | Loss: 0.1321 | Val F1: 0.8834 | 0.00s
  Epoch 135/800 | Loss: 0.1292 | Val F1: 0.8822 | 0.00s
  Epoch 140/800 | Loss: 0.1284 | Val F1: 0.8719 | 0.00s
  Epoch 145/800 | Loss: 0.1217 | Val F1: 0.8931 | 0.00s
  Epoch 150/800 | Loss: 0.1191 | Val F1: 0.8823 | 0.00s
  Epoch 155/800 | Loss: 0.1215 | Val F1: 0.8852 | 0.00s
  Epoch 160/800 | Loss: 0.1180 | Val F1: 0.8910 | 0.00s
  Epoch 165/800 | Loss: 0.1105 | Val F1: 0.8719 | 0.00s
  Epoch 170/800 | Loss: 0.1128 | Val F1: 0.8878 | 0.00s
  Epoch 175/800 | Loss: 0.1166 | Val F1: 0.8869 | 0.00s
  Epoch 180/800 | Loss: 0.1082 | Val F1: 0.8801 | 0.00s
  Epoch 185/800 | Loss: 0.1005 | Val F1: 0.8875 | 0.00s
  Epoch 190/800 | Loss: 0.0963 | Val F1: 0.8906 | 0.00s
  Epoch 195/800 | Loss: 0.0993 | Val F1: 0.8892 | 0.00s
  Epoch 200/800 | Loss: 0.1056 | Val F1: 0.8765 | 0.00s
  Epoch 205/800 | Loss: 0.0948 | Val F1: 0.8798 | 0.00s
  Epoch 210/800 | Loss: 0.1185 | Val F1: 0.8879 | 0.00s
  Epoch 215/800 | Loss: 0.1033 | Val F1: 0.8756 | 0.00s
  Epoch 220/800 | Loss: 0.0947 | Val F1: 0.8909 | 0.00s
  Epoch 225/800 | Loss: 0.0966 | Val F1: 0.8852 | 0.00s
  Epoch 230/800 | Loss: 0.0847 | Val F1: 0.8957 | 0.00s
  Epoch 235/800 | Loss: 0.0831 | Val F1: 0.8876 | 0.00s
  Epoch 240/800 | Loss: 0.0855 | Val F1: 0.8828 | 0.00s
  Epoch 245/800 | Loss: 0.0801 | Val F1: 0.8846 | 0.00s
  Epoch 250/800 | Loss: 0.0854 | Val F1: 0.8866 | 0.00s
  Epoch 255/800 | Loss: 0.0816 | Val F1: 0.8887 | 0.00s
  Epoch 260/800 | Loss: 0.0815 | Val F1: 0.8814 | 0.00s
  Epoch 265/800 | Loss: 0.0862 | Val F1: 0.8645 | 0.00s
  Epoch 270/800 | Loss: 0.0740 | Val F1: 0.8719 | 0.00s
  Epoch 275/800 | Loss: 0.0942 | Val F1: 0.8919 | 0.00s
  Epoch 280/800 | Loss: 0.0750 | Val F1: 0.8880 | 0.00s
  Epoch 285/800 | Loss: 0.0894 | Val F1: 0.8844 | 0.00s
  Epoch 290/800 | Loss: 0.0975 | Val F1: 0.8790 | 0.00s
  Epoch 295/800 | Loss: 0.0792 | Val F1: 0.8533 | 0.00s
  Epoch 300/800 | Loss: 0.0839 | Val F1: 0.8817 | 0.00s
  Epoch 305/800 | Loss: 0.0871 | Val F1: 0.8847 | 0.00s
  Epoch 310/800 | Loss: 0.0791 | Val F1: 0.8831 | 0.00s
  Epoch 315/800 | Loss: 0.0724 | Val F1: 0.8778 | 0.00s
  Epoch 320/800 | Loss: 0.0742 | Val F1: 0.8787 | 0.00s
  Epoch 325/800 | Loss: 0.0640 | Val F1: 0.8889 | 0.00s
  Epoch 330/800 | Loss: 0.0732 | Val F1: 0.8869 | 0.00s
  Early stopping at epoch 330
  Best Val F1: 0.8957 | Test F1: 0.8996 | Test Acc: 0.9157
  Total training time: 1.7s

======================================================================
  Val  Macro-F1: 0.8957
  Test Macro-F1: 0.8996
  Test Accuracy: 0.9157
  Time: 1.7s
======================================================================

  Results saved to: results/GraphSAGE_amap_MCAR_0.4_20260724_062012
