/home/erfan/MATE/ogbn_benchmarks/../src/utils.py:183: UserWarning: torch.sparse.SparseTensor(indices, values, shape, *, device=) is deprecated.  Please use torch.sparse_coo_tensor(indices, values, shape, dtype=, device=). (Triggered internally at /pytorch/torch/csrc/utils/tensor_new.cpp:654.)
  adj_norm = torch.sparse.FloatTensor(indices_norm, values_norm, torch.Size(adj_norm.shape))
/home/erfan/MATE/ogbn_benchmarks/FP.py:56: UserWarning: Sparse invariant checks are implicitly disabled. Memory errors (e.g. SEGFAULT) will occur when operating on a sparse tensor which violates the invariants, but checks incur performance overhead. To silence this warning, explicitly opt in or out. See `torch.sparse.check_sparse_tensor_invariants.__doc__` for guidance.  (Triggered internally at /pytorch/aten/src/ATen/Context.cpp:760.)
  A = torch.sparse_coo_tensor(idx, val, (num_nodes, num_nodes)).coalesce().to(device)
======================================================================
  FP | citeseer | MCAR @ 40% | lr=0.01
======================================================================
[1/3] Loading citeseer...
loading dataset: citeseer
  3,327 nodes | 3703 dims | 6 classes
[2/3] Simulating MCAR missingness...
Simulating MCAR missingness at 40% rate...
  MCAR: Uniform random selection
  Observable: 1,997 (60.0%)
  Masked: 1,330 (40.0%)
  Observable: 1,997 | Val: 665 | Test: 665
[3/3] Running FP...
  Feature propagation (40 iterations)...
    Propagation done in 0.1s
  Training FP (full-batch) for up to 800 epochs (patience=20)...
  Epoch 5/800 | Loss: 0.5454 | Val F1: 0.6541 | 0.00s
  Epoch 10/800 | Loss: 0.1787 | Val F1: 0.6389 | 0.00s
  Epoch 15/800 | Loss: 0.0518 | Val F1: 0.6457 | 0.00s
  Epoch 20/800 | Loss: 0.0342 | Val F1: 0.6425 | 0.00s
  Epoch 25/800 | Loss: 0.0294 | Val F1: 0.6387 | 0.00s
  Epoch 30/800 | Loss: 0.0286 | Val F1: 0.6335 | 0.00s
  Epoch 35/800 | Loss: 0.0374 | Val F1: 0.6425 | 0.00s
  Epoch 40/800 | Loss: 0.0370 | Val F1: 0.6401 | 0.00s
  Epoch 45/800 | Loss: 0.0387 | Val F1: 0.6363 | 0.00s
  Epoch 50/800 | Loss: 0.0340 | Val F1: 0.6346 | 0.00s
  Epoch 55/800 | Loss: 0.0262 | Val F1: 0.6296 | 0.00s
  Epoch 60/800 | Loss: 0.0235 | Val F1: 0.6282 | 0.00s
  Epoch 65/800 | Loss: 0.0245 | Val F1: 0.6374 | 0.00s
  Epoch 70/800 | Loss: 0.0305 | Val F1: 0.6383 | 0.00s
  Epoch 75/800 | Loss: 0.0285 | Val F1: 0.6414 | 0.00s
  Epoch 80/800 | Loss: 0.0206 | Val F1: 0.6435 | 0.00s
  Epoch 85/800 | Loss: 0.0205 | Val F1: 0.6471 | 0.00s
  Epoch 90/800 | Loss: 0.0278 | Val F1: 0.6382 | 0.00s
  Epoch 95/800 | Loss: 0.0254 | Val F1: 0.6407 | 0.00s
  Epoch 100/800 | Loss: 0.0259 | Val F1: 0.6312 | 0.00s
  Epoch 105/800 | Loss: 0.0245 | Val F1: 0.6398 | 0.00s
  Early stopping at epoch 105
  Best Val F1: 0.6541 | Test F1: 0.7198 | Test Acc: 0.7444
  Total training time: 0.5s

======================================================================
  Val  Macro-F1: 0.6541
  Test Macro-F1: 0.7198
  Test Accuracy: 0.7444
  Time: 0.6s
======================================================================

  Results saved to: results/FP_citeseer_MCAR_0.4_20260724_061607
