/home/erfan/MATE/ogbn_benchmarks/../src/utils.py:183: UserWarning: torch.sparse.SparseTensor(indices, values, shape, *, device=) is deprecated.  Please use torch.sparse_coo_tensor(indices, values, shape, dtype=, device=). (Triggered internally at /pytorch/torch/csrc/utils/tensor_new.cpp:654.)
  adj_norm = torch.sparse.FloatTensor(indices_norm, values_norm, torch.Size(adj_norm.shape))
/home/erfan/MATE/ogbn_benchmarks/FP.py:56: UserWarning: Sparse invariant checks are implicitly disabled. Memory errors (e.g. SEGFAULT) will occur when operating on a sparse tensor which violates the invariants, but checks incur performance overhead. To silence this warning, explicitly opt in or out. See `torch.sparse.check_sparse_tensor_invariants.__doc__` for guidance.  (Triggered internally at /pytorch/aten/src/ATen/Context.cpp:760.)
  A = torch.sparse_coo_tensor(idx, val, (num_nodes, num_nodes)).coalesce().to(device)
======================================================================
  FP | cora | MCAR @ 40% | lr=0.01
======================================================================
[1/3] Loading cora...
loading dataset: cora
  2,708 nodes | 1433 dims | 7 classes
[2/3] Simulating MCAR missingness...
Simulating MCAR missingness at 40% rate...
  MCAR: Uniform random selection
  Observable: 1,625 (60.0%)
  Masked: 1,083 (40.0%)
  Observable: 1,625 | Val: 541 | Test: 542
[3/3] Running FP...
  Feature propagation (40 iterations)...
    Propagation done in 0.1s
  Training FP (full-batch) for up to 800 epochs (patience=20)...
  Epoch 5/800 | Loss: 0.6173 | Val F1: 0.8344 | 0.00s
  Epoch 10/800 | Loss: 0.2161 | Val F1: 0.8392 | 0.00s
  Epoch 15/800 | Loss: 0.1038 | Val F1: 0.8523 | 0.00s
  Epoch 20/800 | Loss: 0.0538 | Val F1: 0.8495 | 0.00s
  Epoch 25/800 | Loss: 0.0370 | Val F1: 0.8367 | 0.00s
  Epoch 30/800 | Loss: 0.0231 | Val F1: 0.8398 | 0.00s
  Epoch 35/800 | Loss: 0.0367 | Val F1: 0.8489 | 0.00s
  Epoch 40/800 | Loss: 0.0257 | Val F1: 0.8507 | 0.00s
  Epoch 45/800 | Loss: 0.0226 | Val F1: 0.8534 | 0.00s
  Epoch 50/800 | Loss: 0.0142 | Val F1: 0.8601 | 0.00s
  Epoch 55/800 | Loss: 0.0229 | Val F1: 0.8552 | 0.00s
  Epoch 60/800 | Loss: 0.0239 | Val F1: 0.8613 | 0.00s
  Epoch 65/800 | Loss: 0.0221 | Val F1: 0.8447 | 0.00s
  Epoch 70/800 | Loss: 0.0187 | Val F1: 0.8465 | 0.00s
  Epoch 75/800 | Loss: 0.0210 | Val F1: 0.8543 | 0.00s
  Epoch 80/800 | Loss: 0.0163 | Val F1: 0.8448 | 0.00s
  Epoch 85/800 | Loss: 0.0236 | Val F1: 0.8430 | 0.00s
  Epoch 90/800 | Loss: 0.0191 | Val F1: 0.8573 | 0.00s
  Epoch 95/800 | Loss: 0.0228 | Val F1: 0.8615 | 0.00s
  Epoch 100/800 | Loss: 0.0168 | Val F1: 0.8579 | 0.00s
  Epoch 105/800 | Loss: 0.0201 | Val F1: 0.8449 | 0.00s
  Epoch 110/800 | Loss: 0.0318 | Val F1: 0.8512 | 0.00s
  Epoch 115/800 | Loss: 0.0177 | Val F1: 0.8458 | 0.00s
  Epoch 120/800 | Loss: 0.0209 | Val F1: 0.8447 | 0.00s
  Epoch 125/800 | Loss: 0.0175 | Val F1: 0.8455 | 0.00s
  Epoch 130/800 | Loss: 0.0137 | Val F1: 0.8511 | 0.00s
  Epoch 135/800 | Loss: 0.0189 | Val F1: 0.8464 | 0.00s
  Epoch 140/800 | Loss: 0.0178 | Val F1: 0.8528 | 0.00s
  Epoch 145/800 | Loss: 0.0184 | Val F1: 0.8398 | 0.00s
  Epoch 150/800 | Loss: 0.0208 | Val F1: 0.8549 | 0.00s
  Epoch 155/800 | Loss: 0.0173 | Val F1: 0.8531 | 0.00s
  Epoch 160/800 | Loss: 0.0214 | Val F1: 0.8546 | 0.00s
  Epoch 165/800 | Loss: 0.0196 | Val F1: 0.8407 | 0.00s
  Epoch 170/800 | Loss: 0.0210 | Val F1: 0.8478 | 0.00s
  Epoch 175/800 | Loss: 0.0173 | Val F1: 0.8630 | 0.00s
  Epoch 180/800 | Loss: 0.0269 | Val F1: 0.8620 | 0.00s
  Epoch 185/800 | Loss: 0.0179 | Val F1: 0.8511 | 0.00s
  Epoch 190/800 | Loss: 0.0164 | Val F1: 0.8377 | 0.00s
  Epoch 195/800 | Loss: 0.0276 | Val F1: 0.8453 | 0.00s
  Epoch 200/800 | Loss: 0.0216 | Val F1: 0.8464 | 0.00s
  Epoch 205/800 | Loss: 0.0191 | Val F1: 0.8530 | 0.00s
  Epoch 210/800 | Loss: 0.0169 | Val F1: 0.8473 | 0.00s
  Epoch 215/800 | Loss: 0.0174 | Val F1: 0.8482 | 0.00s
  Epoch 220/800 | Loss: 0.0136 | Val F1: 0.8557 | 0.00s
  Epoch 225/800 | Loss: 0.0165 | Val F1: 0.8475 | 0.00s
  Epoch 230/800 | Loss: 0.0143 | Val F1: 0.8518 | 0.00s
  Epoch 235/800 | Loss: 0.0154 | Val F1: 0.8461 | 0.00s
  Epoch 240/800 | Loss: 0.0201 | Val F1: 0.8532 | 0.00s
  Epoch 245/800 | Loss: 0.0240 | Val F1: 0.8563 | 0.00s
  Epoch 250/800 | Loss: 0.0141 | Val F1: 0.8442 | 0.00s
  Epoch 255/800 | Loss: 0.0172 | Val F1: 0.8548 | 0.00s
  Epoch 260/800 | Loss: 0.0199 | Val F1: 0.8496 | 0.00s
  Epoch 265/800 | Loss: 0.0209 | Val F1: 0.8422 | 0.00s
  Epoch 270/800 | Loss: 0.0222 | Val F1: 0.8383 | 0.00s
  Epoch 275/800 | Loss: 0.0228 | Val F1: 0.8573 | 0.00s
  Early stopping at epoch 275
  Best Val F1: 0.8630 | Test F1: 0.8635 | Test Acc: 0.8616
  Total training time: 0.7s

======================================================================
  Val  Macro-F1: 0.8630
  Test Macro-F1: 0.8635
  Test Accuracy: 0.8616
  Time: 0.8s
======================================================================

  Results saved to: results/FP_cora_MCAR_0.4_20260724_061539
