/home/erfan/MATE/ogbn_benchmarks/../src/utils.py:183: UserWarning: torch.sparse.SparseTensor(indices, values, shape, *, device=) is deprecated.  Please use torch.sparse_coo_tensor(indices, values, shape, dtype=, device=). (Triggered internally at /pytorch/torch/csrc/utils/tensor_new.cpp:654.)
  adj_norm = torch.sparse.FloatTensor(indices_norm, values_norm, torch.Size(adj_norm.shape))
/home/erfan/MATE/venv/lib/python3.13/site-packages/sklearn/linear_model/_logistic.py:1457: FutureWarning: 'n_jobs' has no effect since 1.8 and will be removed in 1.10. You provided 'n_jobs=-1', please leave it unspecified.
  warnings.warn(msg, category=FutureWarning)
======================================================================
  KNN | cora | MCAR @ 40% | lr=0.01
======================================================================
[1/3] Loading cora...
loading dataset: cora
  2,708 nodes | 1433 dims | 7 classes
[2/3] Simulating MCAR missingness...
Simulating MCAR missingness at 40% rate...
  MCAR: Uniform random selection
  Observable: 1,625 (60.0%)
  Masked: 1,083 (40.0%)
  Observable: 1,625 | Val: 541 | Test: 542
[3/3] Running KNN...
  True KNN (K=3, max_hops=10) over 1,083 missing nodes...
  KNN done in 0.0s | 29 nodes used global-mean fallback
  Training linear classifier on imputed features...

======================================================================
  Val  Macro-F1: 0.8528
  Test Macro-F1: 0.8108
  Test Accuracy: 0.8118
  Time: 3.0s
======================================================================

  Results saved to: results/KNN_cora_MCAR_0.4_20260724_061535
