/home/erfan/MATE/ogbn_benchmarks/../src/utils.py:183: UserWarning: torch.sparse.SparseTensor(indices, values, shape, *, device=) is deprecated.  Please use torch.sparse_coo_tensor(indices, values, shape, dtype=, device=). (Triggered internally at /pytorch/torch/csrc/utils/tensor_new.cpp:654.)
  adj_norm = torch.sparse.FloatTensor(indices_norm, values_norm, torch.Size(adj_norm.shape))
/home/erfan/MATE/ogbn_benchmarks/PaGCN.py:87: UserWarning: Sparse invariant checks are implicitly disabled. Memory errors (e.g. SEGFAULT) will occur when operating on a sparse tensor which violates the invariants, but checks incur performance overhead. To silence this warning, explicitly opt in or out. See `torch.sparse.check_sparse_tensor_invariants.__doc__` for guidance.  (Triggered internally at /pytorch/aten/src/ATen/Context.cpp:760.)
  return torch.sparse_coo_tensor(idx, val, (num_nodes, num_nodes)).coalesce().to(device)
======================================================================
  PaGCN | cora | MCAR @ 40% | lr=0.01
======================================================================
[1/3] Loading cora...
loading dataset: cora
  2,708 nodes | 1433 dims | 7 classes
[2/3] Simulating MCAR missingness...
Simulating MCAR missingness at 40% rate...
  MCAR: Uniform random selection
  Observable: 1,625 (60.0%)
  Masked: 1,083 (40.0%)
  Observable: 1,625 | Val: 541 | Test: 542
[3/3] Running PaGCN...
  Training PaGCN (full-batch) for up to 800 epochs (patience=20)...
  Epoch 5/800 | Loss: 1.3600 | Val F1: 0.4982 | 0.00s
  Epoch 10/800 | Loss: 0.4781 | Val F1: 0.7953 | 0.00s
  Epoch 15/800 | Loss: 0.1914 | Val F1: 0.8241 | 0.00s
  Epoch 20/800 | Loss: 0.1205 | Val F1: 0.8272 | 0.00s
  Epoch 25/800 | Loss: 0.0827 | Val F1: 0.8316 | 0.00s
  Epoch 30/800 | Loss: 0.0609 | Val F1: 0.8317 | 0.00s
  Epoch 35/800 | Loss: 0.0604 | Val F1: 0.8128 | 0.00s
  Epoch 40/800 | Loss: 0.0505 | Val F1: 0.8264 | 0.00s
  Epoch 45/800 | Loss: 0.0417 | Val F1: 0.8212 | 0.00s
  Epoch 50/800 | Loss: 0.0466 | Val F1: 0.8311 | 0.00s
  Epoch 55/800 | Loss: 0.0495 | Val F1: 0.8147 | 0.00s
  Epoch 60/800 | Loss: 0.0474 | Val F1: 0.8346 | 0.00s
  Epoch 65/800 | Loss: 0.0367 | Val F1: 0.8309 | 0.00s
  Epoch 70/800 | Loss: 0.0439 | Val F1: 0.8306 | 0.00s
  Epoch 75/800 | Loss: 0.0452 | Val F1: 0.8297 | 0.00s
  Epoch 80/800 | Loss: 0.0356 | Val F1: 0.8324 | 0.00s
  Epoch 85/800 | Loss: 0.0325 | Val F1: 0.8320 | 0.00s
  Epoch 90/800 | Loss: 0.0319 | Val F1: 0.8294 | 0.00s
  Epoch 95/800 | Loss: 0.0337 | Val F1: 0.8290 | 0.00s
  Epoch 100/800 | Loss: 0.0351 | Val F1: 0.8358 | 0.00s
  Epoch 105/800 | Loss: 0.0327 | Val F1: 0.8336 | 0.00s
  Epoch 110/800 | Loss: 0.0333 | Val F1: 0.8220 | 0.00s
  Epoch 115/800 | Loss: 0.0369 | Val F1: 0.8302 | 0.00s
  Epoch 120/800 | Loss: 0.0324 | Val F1: 0.8289 | 0.00s
  Epoch 125/800 | Loss: 0.0330 | Val F1: 0.8252 | 0.00s
  Epoch 130/800 | Loss: 0.0310 | Val F1: 0.8330 | 0.00s
  Epoch 135/800 | Loss: 0.0330 | Val F1: 0.8297 | 0.00s
  Epoch 140/800 | Loss: 0.0321 | Val F1: 0.8370 | 0.00s
  Epoch 145/800 | Loss: 0.0359 | Val F1: 0.8307 | 0.00s
  Epoch 150/800 | Loss: 0.0326 | Val F1: 0.8370 | 0.00s
  Epoch 155/800 | Loss: 0.0335 | Val F1: 0.8252 | 0.00s
  Epoch 160/800 | Loss: 0.0292 | Val F1: 0.8390 | 0.00s
  Epoch 165/800 | Loss: 0.0309 | Val F1: 0.8306 | 0.00s
  Epoch 170/800 | Loss: 0.0254 | Val F1: 0.8335 | 0.00s
  Epoch 175/800 | Loss: 0.0330 | Val F1: 0.8348 | 0.00s
  Epoch 180/800 | Loss: 0.0276 | Val F1: 0.8362 | 0.00s
  Epoch 185/800 | Loss: 0.0344 | Val F1: 0.8287 | 0.00s
  Epoch 190/800 | Loss: 0.0276 | Val F1: 0.8330 | 0.00s
  Epoch 195/800 | Loss: 0.0278 | Val F1: 0.8407 | 0.00s
  Epoch 200/800 | Loss: 0.0298 | Val F1: 0.8334 | 0.00s
  Epoch 205/800 | Loss: 0.0318 | Val F1: 0.8291 | 0.00s
  Epoch 210/800 | Loss: 0.0293 | Val F1: 0.8228 | 0.00s
  Epoch 215/800 | Loss: 0.0290 | Val F1: 0.8289 | 0.00s
  Epoch 220/800 | Loss: 0.0302 | Val F1: 0.8296 | 0.00s
  Epoch 225/800 | Loss: 0.0300 | Val F1: 0.8321 | 0.00s
  Epoch 230/800 | Loss: 0.0314 | Val F1: 0.8337 | 0.00s
  Epoch 235/800 | Loss: 0.0284 | Val F1: 0.8375 | 0.00s
  Epoch 240/800 | Loss: 0.0262 | Val F1: 0.8302 | 0.00s
  Epoch 245/800 | Loss: 0.0251 | Val F1: 0.8333 | 0.00s
  Epoch 250/800 | Loss: 0.0239 | Val F1: 0.8368 | 0.00s
  Epoch 255/800 | Loss: 0.0249 | Val F1: 0.8250 | 0.00s
  Epoch 260/800 | Loss: 0.0296 | Val F1: 0.8297 | 0.00s
  Epoch 265/800 | Loss: 0.0254 | Val F1: 0.8419 | 0.00s
  Epoch 270/800 | Loss: 0.0248 | Val F1: 0.8291 | 0.00s
  Epoch 275/800 | Loss: 0.0256 | Val F1: 0.8241 | 0.00s
  Epoch 280/800 | Loss: 0.0287 | Val F1: 0.8311 | 0.00s
  Epoch 285/800 | Loss: 0.0311 | Val F1: 0.8342 | 0.00s
  Epoch 290/800 | Loss: 0.0282 | Val F1: 0.8317 | 0.00s
  Epoch 295/800 | Loss: 0.0282 | Val F1: 0.8374 | 0.00s
  Epoch 300/800 | Loss: 0.0223 | Val F1: 0.8267 | 0.00s
  Epoch 305/800 | Loss: 0.0271 | Val F1: 0.8248 | 0.00s
  Epoch 310/800 | Loss: 0.0314 | Val F1: 0.8242 | 0.00s
  Epoch 315/800 | Loss: 0.0258 | Val F1: 0.8237 | 0.00s
  Epoch 320/800 | Loss: 0.0253 | Val F1: 0.8185 | 0.00s
  Epoch 325/800 | Loss: 0.0262 | Val F1: 0.8230 | 0.00s
  Epoch 330/800 | Loss: 0.0283 | Val F1: 0.8261 | 0.00s
  Epoch 335/800 | Loss: 0.0214 | Val F1: 0.8286 | 0.00s
  Epoch 340/800 | Loss: 0.0276 | Val F1: 0.8253 | 0.00s
  Epoch 345/800 | Loss: 0.0232 | Val F1: 0.8283 | 0.00s
  Epoch 350/800 | Loss: 0.0286 | Val F1: 0.8241 | 0.00s
  Epoch 355/800 | Loss: 0.0275 | Val F1: 0.8354 | 0.00s
  Epoch 360/800 | Loss: 0.0249 | Val F1: 0.8293 | 0.00s
  Epoch 365/800 | Loss: 0.0304 | Val F1: 0.8316 | 0.00s
  Early stopping at epoch 365
  Best Val F1: 0.8419 | Test F1: 0.8461 | Test Acc: 0.8469
  Total training time: 1.0s

======================================================================
  Val  Macro-F1: 0.8419
  Test Macro-F1: 0.8461
  Test Accuracy: 0.8469
  Time: 1.0s
======================================================================

  Results saved to: results/PaGCN_cora_MCAR_0.4_20260724_061543
