/home/erfan/MATE/venv/lib/python3.13/site-packages/outdated/__init__.py:36: UserWarning: pkg_resources is deprecated as an API. See https://setuptools.pypa.io/en/latest/pkg_resources.html. The pkg_resources package is slated for removal as early as 2025-11-30. Refrain from using this package or pin to Setuptools<81.
  from pkg_resources import parse_version
/home/erfan/MATE/ogbn_benchmarks/data_loader.py:96: UserWarning: Sparse invariant checks are implicitly disabled. Memory errors (e.g. SEGFAULT) will occur when operating on a sparse tensor which violates the invariants, but checks incur performance overhead. To silence this warning, explicitly opt in or out. See `torch.sparse.check_sparse_tensor_invariants.__doc__` for guidance.  (Triggered internally at /pytorch/aten/src/ATen/Context.cpp:760.)
  adj = torch.sparse_coo_tensor(edge_index, vals, (num_nodes, num_nodes)).coalesce()
======================================================================
  NESS | ogbn-arxiv | MCAR @ 80% | lr=0.001
======================================================================
[1/3] Loading ogbn-arxiv...
  169,343 nodes | 128 dims | 40 classes
[2/3] Simulating MCAR missingness...
Simulating MCAR missingness at 80% rate...
  MCAR: Uniform random selection
  Observable: 33,869 (20.0%)
  Masked: 135,474 (80.0%)
  Observable: 33,869 | Val: 67,737 | Test: 67,737
[3/3] Running NESS...
  Prefilling missing nodes via Feature Propagation (40 iters)...
  Partitioning graph into 20 clusters (cache_device=gpu)...
  Cached 20 clusters
  Training NESS for up to 800 epochs (patience=20)...
  Epoch 1/800 | Total: 16.424 Edge: 0.684 Con: 0.634 Cls: 3.543 Anchorcls: 1.5979 | 1.3s
  Epoch 2/800 | Total: 13.993 Edge: 0.631 Con: 0.506 Cls: 3.096 Anchorcls: 1.2732 | 0.8s
  Epoch 3/800 | Total: 13.232 Edge: 0.609 Con: 0.445 Cls: 3.022 Anchorcls: 1.1116 | 0.8s
  Epoch 4/800 | Total: 12.595 Edge: 0.603 Con: 0.425 Cls: 2.900 Anchorcls: 1.0262 | 0.8s
  Epoch 5/800 | Total: 12.054 Edge: 0.612 Con: 0.375 Cls: 2.750 Anchorcls: 1.0020 | Val F1: 0.0368 | 0.9s
  Epoch 6/800 | Total: 11.321 Edge: 0.616 Con: 0.357 Cls: 2.579 Anchorcls: 0.9300 | 0.9s
  Epoch 7/800 | Total: 10.618 Edge: 0.573 Con: 0.333 Cls: 2.392 Anchorcls: 0.9011 | 0.9s
  Epoch 8/800 | Total: 10.389 Edge: 0.554 Con: 0.323 Cls: 2.361 Anchorcls: 0.8638 | 0.9s
  Epoch 9/800 | Total: 10.812 Edge: 0.561 Con: 0.315 Cls: 2.513 Anchorcls: 0.8509 | 0.9s
  Epoch 10/800 | Total: 10.387 Edge: 0.545 Con: 0.315 Cls: 2.310 Anchorcls: 0.9185 | Val F1: 0.0735 | 0.9s
  Epoch 11/800 | Total: 10.129 Edge: 0.537 Con: 0.314 Cls: 2.260 Anchorcls: 0.8851 | 0.8s
  Epoch 12/800 | Total: 10.067 Edge: 0.521 Con: 0.310 Cls: 2.273 Anchorcls: 0.8576 | 0.8s
  Epoch 13/800 | Total: 9.555 Edge: 0.537 Con: 0.304 Cls: 2.124 Anchorcls: 0.8318 | 0.8s
  Epoch 14/800 | Total: 9.303 Edge: 0.519 Con: 0.298 Cls: 2.049 Anchorcls: 0.8290 | 0.8s
  Epoch 15/800 | Total: 9.611 Edge: 0.506 Con: 0.299 Cls: 2.077 Anchorcls: 0.9082 | Val F1: 0.1228 | 0.9s
  Epoch 16/800 | Total: 9.353 Edge: 0.503 Con: 0.291 Cls: 2.019 Anchorcls: 0.8827 | 0.8s
  Epoch 17/800 | Total: 9.174 Edge: 0.491 Con: 0.288 Cls: 1.973 Anchorcls: 0.8731 | 0.8s
  Epoch 18/800 | Total: 9.223 Edge: 0.481 Con: 0.282 Cls: 1.984 Anchorcls: 0.8830 | 0.8s
  Epoch 19/800 | Total: 9.149 Edge: 0.484 Con: 0.282 Cls: 1.994 Anchorcls: 0.8479 | 0.9s
  Epoch 20/800 | Total: 9.480 Edge: 0.477 Con: 0.271 Cls: 2.078 Anchorcls: 0.8780 | Val F1: 0.1394 | 0.9s
  Epoch 21/800 | Total: 8.928 Edge: 0.465 Con: 0.267 Cls: 1.919 Anchorcls: 0.8572 | 0.9s
  Epoch 22/800 | Total: 8.866 Edge: 0.467 Con: 0.262 Cls: 1.919 Anchorcls: 0.8374 | 0.9s
  Epoch 23/800 | Total: 8.736 Edge: 0.464 Con: 0.254 Cls: 1.885 Anchorcls: 0.8297 | 0.9s
  Epoch 24/800 | Total: 8.571 Edge: 0.468 Con: 0.252 Cls: 1.841 Anchorcls: 0.8179 | 0.9s
  Epoch 25/800 | Total: 8.636 Edge: 0.443 Con: 0.248 Cls: 1.784 Anchorcls: 0.9057 | Val F1: 0.1841 | 0.9s
  Epoch 26/800 | Total: 8.365 Edge: 0.443 Con: 0.241 Cls: 1.757 Anchorcls: 0.8439 | 0.9s
  Epoch 27/800 | Total: 8.325 Edge: 0.453 Con: 0.242 Cls: 1.755 Anchorcls: 0.8290 | 0.9s
  Epoch 28/800 | Total: 8.470 Edge: 0.451 Con: 0.240 Cls: 1.765 Anchorcls: 0.8677 | 0.9s
  Epoch 29/800 | Total: 8.294 Edge: 0.441 Con: 0.236 Cls: 1.745 Anchorcls: 0.8329 | 0.8s
  Epoch 30/800 | Total: 8.192 Edge: 0.442 Con: 0.233 Cls: 1.700 Anchorcls: 0.8441 | Val F1: 0.2160 | 0.9s
  Epoch 31/800 | Total: 7.948 Edge: 0.424 Con: 0.227 Cls: 1.664 Anchorcls: 0.8057 | 0.9s
  Epoch 32/800 | Total: 7.720 Edge: 0.421 Con: 0.223 Cls: 1.618 Anchorcls: 0.7783 | 0.9s
  Epoch 33/800 | Total: 7.850 Edge: 0.427 Con: 0.222 Cls: 1.664 Anchorcls: 0.7727 | 0.8s
  Epoch 34/800 | Total: 7.882 Edge: 0.440 Con: 0.222 Cls: 1.659 Anchorcls: 0.7842 | 0.8s
  Epoch 35/800 | Total: 8.385 Edge: 0.453 Con: 0.230 Cls: 1.688 Anchorcls: 0.9181 | Val F1: 0.2088 | 0.9s
  Epoch 36/800 | Total: 8.140 Edge: 0.439 Con: 0.225 Cls: 1.656 Anchorcls: 0.8734 | 0.8s
  Epoch 37/800 | Total: 7.862 Edge: 0.412 Con: 0.220 Cls: 1.603 Anchorcls: 0.8436 | 0.8s
  Epoch 38/800 | Total: 7.821 Edge: 0.420 Con: 0.219 Cls: 1.596 Anchorcls: 0.8349 | 0.8s
  Epoch 39/800 | Total: 7.761 Edge: 0.429 Con: 0.215 Cls: 1.568 Anchorcls: 0.8405 | 0.8s
  Epoch 40/800 | Total: 7.793 Edge: 0.420 Con: 0.215 Cls: 1.581 Anchorcls: 0.8412 | Val F1: 0.2580 | 0.9s
  Epoch 41/800 | Total: 7.624 Edge: 0.412 Con: 0.218 Cls: 1.562 Anchorcls: 0.8053 | 0.8s
  Epoch 42/800 | Total: 7.805 Edge: 0.405 Con: 0.213 Cls: 1.652 Anchorcls: 0.7787 | 0.8s
  Epoch 43/800 | Total: 7.801 Edge: 0.442 Con: 0.214 Cls: 1.650 Anchorcls: 0.7669 | 0.8s
  Epoch 44/800 | Total: 7.685 Edge: 0.418 Con: 0.215 Cls: 1.623 Anchorcls: 0.7629 | 0.8s
  Epoch 45/800 | Total: 7.854 Edge: 0.411 Con: 0.214 Cls: 1.579 Anchorcls: 0.8665 | Val F1: 0.2357 | 0.9s
  Epoch 46/800 | Total: 7.686 Edge: 0.415 Con: 0.210 Cls: 1.562 Anchorcls: 0.8267 | 0.8s
  Epoch 47/800 | Total: 7.498 Edge: 0.403 Con: 0.209 Cls: 1.530 Anchorcls: 0.8001 | 0.8s
  Epoch 48/800 | Total: 7.377 Edge: 0.402 Con: 0.206 Cls: 1.502 Anchorcls: 0.7887 | 0.9s
  Epoch 49/800 | Total: 7.265 Edge: 0.389 Con: 0.206 Cls: 1.482 Anchorcls: 0.7762 | 0.8s
  Epoch 50/800 | Total: 7.620 Edge: 0.392 Con: 0.205 Cls: 1.511 Anchorcls: 0.8642 | Val F1: 0.2650 | 0.9s
  Epoch 51/800 | Total: 7.556 Edge: 0.391 Con: 0.208 Cls: 1.523 Anchorcls: 0.8310 | 0.8s
  Epoch 52/800 | Total: 7.626 Edge: 0.391 Con: 0.207 Cls: 1.530 Anchorcls: 0.8473 | 0.8s
  Epoch 53/800 | Total: 7.462 Edge: 0.399 Con: 0.205 Cls: 1.513 Anchorcls: 0.8075 | 0.8s
  Epoch 54/800 | Total: 7.344 Edge: 0.385 Con: 0.206 Cls: 1.484 Anchorcls: 0.8018 | 0.8s
  Epoch 55/800 | Total: 7.414 Edge: 0.387 Con: 0.207 Cls: 1.466 Anchorcls: 0.8422 | Val F1: 0.2605 | 0.9s
  Epoch 56/800 | Total: 7.463 Edge: 0.385 Con: 0.204 Cls: 1.504 Anchorcls: 0.8217 | 0.9s
  Epoch 57/800 | Total: 7.574 Edge: 0.394 Con: 0.206 Cls: 1.549 Anchorcls: 0.8102 | 0.9s
  Epoch 58/800 | Total: 7.435 Edge: 0.414 Con: 0.205 Cls: 1.500 Anchorcls: 0.8065 | 0.9s
  Epoch 59/800 | Total: 7.279 Edge: 0.384 Con: 0.202 Cls: 1.496 Anchorcls: 0.7683 | 0.9s
  Epoch 60/800 | Total: 7.469 Edge: 0.387 Con: 0.205 Cls: 1.455 Anchorcls: 0.8715 | Val F1: 0.2822 | 0.9s
  Epoch 61/800 | Total: 7.304 Edge: 0.399 Con: 0.202 Cls: 1.461 Anchorcls: 0.8068 | 0.9s
  Epoch 62/800 | Total: 7.212 Edge: 0.420 Con: 0.205 Cls: 1.448 Anchorcls: 0.7818 | 0.9s
  Epoch 63/800 | Total: 7.173 Edge: 0.405 Con: 0.201 Cls: 1.451 Anchorcls: 0.7712 | 0.8s
  Epoch 64/800 | Total: 7.064 Edge: 0.374 Con: 0.200 Cls: 1.443 Anchorcls: 0.7540 | 0.8s
  Epoch 65/800 | Total: 7.292 Edge: 0.374 Con: 0.201 Cls: 1.444 Anchorcls: 0.8292 | Val F1: 0.2808 | 0.9s
  Epoch 66/800 | Total: 7.154 Edge: 0.384 Con: 0.200 Cls: 1.441 Anchorcls: 0.7824 | 0.8s
  Epoch 67/800 | Total: 6.987 Edge: 0.373 Con: 0.200 Cls: 1.408 Anchorcls: 0.7631 | 0.8s
  Epoch 68/800 | Total: 6.881 Edge: 0.366 Con: 0.200 Cls: 1.396 Anchorcls: 0.7423 | 0.8s
  Epoch 69/800 | Total: 6.847 Edge: 0.361 Con: 0.198 Cls: 1.392 Anchorcls: 0.7371 | 0.8s
  Epoch 70/800 | Total: 7.171 Edge: 0.372 Con: 0.197 Cls: 1.398 Anchorcls: 0.8355 | Val F1: 0.2928 | 0.9s
  Epoch 71/800 | Total: 6.939 Edge: 0.377 Con: 0.196 Cls: 1.381 Anchorcls: 0.7736 | 0.8s
  Epoch 72/800 | Total: 6.962 Edge: 0.380 Con: 0.199 Cls: 1.393 Anchorcls: 0.7685 | 0.8s
  Epoch 73/800 | Total: 6.913 Edge: 0.370 Con: 0.200 Cls: 1.392 Anchorcls: 0.7552 | 0.8s
  Epoch 74/800 | Total: 7.062 Edge: 0.371 Con: 0.198 Cls: 1.470 Anchorcls: 0.7273 | 0.8s
  Epoch 75/800 | Total: 7.488 Edge: 0.370 Con: 0.199 Cls: 1.479 Anchorcls: 0.8605 | Val F1: 0.2767 | 0.9s
  Epoch 76/800 | Total: 7.225 Edge: 0.370 Con: 0.199 Cls: 1.476 Anchorcls: 0.7758 | 0.8s
  Epoch 77/800 | Total: 7.078 Edge: 0.361 Con: 0.197 Cls: 1.438 Anchorcls: 0.7680 | 0.8s
  Epoch 78/800 | Total: 6.929 Edge: 0.355 Con: 0.196 Cls: 1.399 Anchorcls: 0.7594 | 0.8s
  Epoch 79/800 | Total: 6.975 Edge: 0.355 Con: 0.195 Cls: 1.410 Anchorcls: 0.7646 | 0.8s
  Epoch 80/800 | Total: 7.581 Edge: 0.362 Con: 0.196 Cls: 1.499 Anchorcls: 0.8749 | Val F1: 0.2947 | 0.9s
  Epoch 81/800 | Total: 7.358 Edge: 0.364 Con: 0.199 Cls: 1.479 Anchorcls: 0.8196 | 0.8s
  Epoch 82/800 | Total: 7.051 Edge: 0.367 Con: 0.196 Cls: 1.409 Anchorcls: 0.7863 | 0.8s
  Epoch 83/800 | Total: 6.956 Edge: 0.375 Con: 0.196 Cls: 1.377 Anchorcls: 0.7837 | 0.9s
  Epoch 84/800 | Total: 6.970 Edge: 0.386 Con: 0.194 Cls: 1.404 Anchorcls: 0.7585 | 0.8s
  Epoch 85/800 | Total: 7.265 Edge: 0.356 Con: 0.194 Cls: 1.386 Anchorcls: 0.8844 | Val F1: 0.3103 | 0.9s
  Epoch 86/800 | Total: 7.053 Edge: 0.351 Con: 0.193 Cls: 1.387 Anchorcls: 0.8151 | 0.9s
  Epoch 87/800 | Total: 6.948 Edge: 0.348 Con: 0.192 Cls: 1.365 Anchorcls: 0.8031 | 0.9s
  Epoch 88/800 | Total: 6.881 Edge: 0.347 Con: 0.191 Cls: 1.361 Anchorcls: 0.7853 | 0.9s
  Epoch 89/800 | Total: 6.802 Edge: 0.349 Con: 0.193 Cls: 1.344 Anchorcls: 0.7748 | 0.9s
  Epoch 90/800 | Total: 7.003 Edge: 0.347 Con: 0.192 Cls: 1.334 Anchorcls: 0.8522 | Val F1: 0.3300 | 0.9s
  Epoch 91/800 | Total: 6.872 Edge: 0.352 Con: 0.193 Cls: 1.362 Anchorcls: 0.7793 | 0.9s
  Epoch 92/800 | Total: 6.732 Edge: 0.341 Con: 0.191 Cls: 1.340 Anchorcls: 0.7580 | 0.9s
  Epoch 93/800 | Total: 6.689 Edge: 0.344 Con: 0.190 Cls: 1.339 Anchorcls: 0.7448 | 0.9s
  Epoch 94/800 | Total: 6.646 Edge: 0.346 Con: 0.190 Cls: 1.345 Anchorcls: 0.7235 | 0.9s
  Epoch 95/800 | Total: 6.877 Edge: 0.340 Con: 0.191 Cls: 1.318 Anchorcls: 0.8295 | Val F1: 0.3351 | 0.9s
  Epoch 96/800 | Total: 6.717 Edge: 0.340 Con: 0.191 Cls: 1.318 Anchorcls: 0.7757 | 0.9s
  Epoch 97/800 | Total: 6.650 Edge: 0.335 Con: 0.190 Cls: 1.318 Anchorcls: 0.7556 | 0.9s
  Epoch 98/800 | Total: 6.761 Edge: 0.343 Con: 0.191 Cls: 1.358 Anchorcls: 0.7500 | 0.8s
  Epoch 99/800 | Total: 6.796 Edge: 0.345 Con: 0.191 Cls: 1.360 Anchorcls: 0.7587 | 0.9s
  Epoch 100/800 | Total: 6.915 Edge: 0.341 Con: 0.191 Cls: 1.318 Anchorcls: 0.8413 | Val F1: 0.3602 | 0.9s
  Epoch 101/800 | Total: 6.786 Edge: 0.349 Con: 0.189 Cls: 1.326 Anchorcls: 0.7877 | 0.9s
  Epoch 102/800 | Total: 6.820 Edge: 0.344 Con: 0.189 Cls: 1.353 Anchorcls: 0.7742 | 0.9s
  Epoch 103/800 | Total: 6.573 Edge: 0.337 Con: 0.190 Cls: 1.296 Anchorcls: 0.7510 | 0.9s
  Epoch 104/800 | Total: 6.645 Edge: 0.347 Con: 0.188 Cls: 1.322 Anchorcls: 0.7461 | 0.9s
  Epoch 105/800 | Total: 6.892 Edge: 0.360 Con: 0.187 Cls: 1.311 Anchorcls: 0.8353 | Val F1: 0.3589 | 0.9s
  Epoch 106/800 | Total: 6.643 Edge: 0.344 Con: 0.187 Cls: 1.287 Anchorcls: 0.7817 | 0.9s
  Epoch 107/800 | Total: 6.585 Edge: 0.337 Con: 0.189 Cls: 1.287 Anchorcls: 0.7636 | 0.8s
  Epoch 108/800 | Total: 6.746 Edge: 0.334 Con: 0.188 Cls: 1.340 Anchorcls: 0.7657 | 0.8s
  Epoch 109/800 | Total: 6.661 Edge: 0.333 Con: 0.188 Cls: 1.326 Anchorcls: 0.7524 | 0.8s
  Epoch 110/800 | Total: 7.080 Edge: 0.337 Con: 0.190 Cls: 1.360 Anchorcls: 0.8559 | Val F1: 0.3321 | 0.9s
  Epoch 111/800 | Total: 7.064 Edge: 0.350 Con: 0.193 Cls: 1.389 Anchorcls: 0.8165 | 0.8s
  Epoch 112/800 | Total: 6.849 Edge: 0.343 Con: 0.189 Cls: 1.336 Anchorcls: 0.8013 | 0.8s
  Epoch 113/800 | Total: 6.748 Edge: 0.336 Con: 0.188 Cls: 1.319 Anchorcls: 0.7866 | 0.8s
  Epoch 114/800 | Total: 6.780 Edge: 0.342 Con: 0.188 Cls: 1.326 Anchorcls: 0.7887 | 0.8s
  Epoch 115/800 | Total: 6.953 Edge: 0.338 Con: 0.186 Cls: 1.320 Anchorcls: 0.8537 | Val F1: 0.3450 | 0.9s
  Epoch 116/800 | Total: 6.811 Edge: 0.357 Con: 0.185 Cls: 1.318 Anchorcls: 0.8028 | 0.8s
  Epoch 117/800 | Total: 6.760 Edge: 0.363 Con: 0.188 Cls: 1.325 Anchorcls: 0.7756 | 0.8s
  Epoch 118/800 | Total: 6.689 Edge: 0.355 Con: 0.186 Cls: 1.305 Anchorcls: 0.7754 | 0.8s
  Epoch 119/800 | Total: 6.643 Edge: 0.346 Con: 0.188 Cls: 1.298 Anchorcls: 0.7701 | 0.8s
  Epoch 120/800 | Total: 6.969 Edge: 0.340 Con: 0.184 Cls: 1.317 Anchorcls: 0.8620 | Val F1: 0.3654 | 0.9s
  Epoch 121/800 | Total: 6.824 Edge: 0.337 Con: 0.186 Cls: 1.320 Anchorcls: 0.8116 | 0.8s
  Epoch 122/800 | Total: 6.701 Edge: 0.330 Con: 0.186 Cls: 1.308 Anchorcls: 0.7846 | 0.8s
  Epoch 123/800 | Total: 6.712 Edge: 0.327 Con: 0.185 Cls: 1.305 Anchorcls: 0.7927 | 0.9s
  Epoch 124/800 | Total: 6.540 Edge: 0.328 Con: 0.184 Cls: 1.270 Anchorcls: 0.7696 | 0.8s
  Epoch 125/800 | Total: 6.651 Edge: 0.324 Con: 0.183 Cls: 1.256 Anchorcls: 0.8225 | Val F1: 0.3728 | 0.9s
  Epoch 126/800 | Total: 6.541 Edge: 0.327 Con: 0.184 Cls: 1.258 Anchorcls: 0.7827 | 0.8s
  Epoch 127/800 | Total: 6.565 Edge: 0.324 Con: 0.182 Cls: 1.278 Anchorcls: 0.7724 | 0.8s
  Epoch 128/800 | Total: 6.485 Edge: 0.321 Con: 0.184 Cls: 1.274 Anchorcls: 0.7504 | 0.8s
  Epoch 129/800 | Total: 6.428 Edge: 0.322 Con: 0.184 Cls: 1.255 Anchorcls: 0.7497 | 0.8s
  Epoch 130/800 | Total: 6.710 Edge: 0.325 Con: 0.184 Cls: 1.258 Anchorcls: 0.8395 | Val F1: 0.3611 | 0.9s
  Epoch 131/800 | Total: 6.582 Edge: 0.325 Con: 0.184 Cls: 1.263 Anchorcls: 0.7919 | 0.9s
  Epoch 132/800 | Total: 6.572 Edge: 0.329 Con: 0.182 Cls: 1.268 Anchorcls: 0.7827 | 0.9s
  Epoch 133/800 | Total: 6.613 Edge: 0.331 Con: 0.183 Cls: 1.295 Anchorcls: 0.7683 | 0.9s
  Epoch 134/800 | Total: 6.578 Edge: 0.335 Con: 0.183 Cls: 1.285 Anchorcls: 0.7655 | 0.9s
  Epoch 135/800 | Total: 6.650 Edge: 0.331 Con: 0.184 Cls: 1.265 Anchorcls: 0.8108 | Val F1: 0.3717 | 0.9s
  Epoch 136/800 | Total: 6.672 Edge: 0.333 Con: 0.183 Cls: 1.298 Anchorcls: 0.7843 | 0.9s
  Epoch 137/800 | Total: 6.587 Edge: 0.326 Con: 0.183 Cls: 1.286 Anchorcls: 0.7704 | 0.9s
  Epoch 138/800 | Total: 6.633 Edge: 0.328 Con: 0.182 Cls: 1.326 Anchorcls: 0.7455 | 0.9s
  Epoch 139/800 | Total: 6.540 Edge: 0.334 Con: 0.184 Cls: 1.301 Anchorcls: 0.7374 | 0.8s
  Epoch 140/800 | Total: 6.849 Edge: 0.336 Con: 0.184 Cls: 1.311 Anchorcls: 0.8297 | Val F1: 0.3712 | 0.9s
  Epoch 141/800 | Total: 7.089 Edge: 0.350 Con: 0.186 Cls: 1.402 Anchorcls: 0.8136 | 0.8s
  Epoch 142/800 | Total: 7.385 Edge: 0.372 Con: 0.187 Cls: 1.492 Anchorcls: 0.8142 | 0.9s
  Epoch 143/800 | Total: 6.733 Edge: 0.363 Con: 0.183 Cls: 1.328 Anchorcls: 0.7645 | 0.9s
  Epoch 144/800 | Total: 6.603 Edge: 0.350 Con: 0.183 Cls: 1.307 Anchorcls: 0.7466 | 0.8s
  Epoch 145/800 | Total: 6.876 Edge: 0.343 Con: 0.184 Cls: 1.324 Anchorcls: 0.8228 | Val F1: 0.3409 | 0.9s
  Epoch 146/800 | Total: 6.641 Edge: 0.331 Con: 0.183 Cls: 1.295 Anchorcls: 0.7779 | 0.9s
  Epoch 147/800 | Total: 6.525 Edge: 0.325 Con: 0.183 Cls: 1.269 Anchorcls: 0.7672 | 0.9s
  Epoch 148/800 | Total: 6.428 Edge: 0.324 Con: 0.183 Cls: 1.247 Anchorcls: 0.7574 | 0.9s
  Epoch 149/800 | Total: 6.302 Edge: 0.328 Con: 0.182 Cls: 1.222 Anchorcls: 0.7387 | 0.9s
  Epoch 150/800 | Total: 6.657 Edge: 0.331 Con: 0.182 Cls: 1.239 Anchorcls: 0.8392 | Val F1: 0.3613 | 0.9s
  Epoch 151/800 | Total: 6.551 Edge: 0.334 Con: 0.182 Cls: 1.254 Anchorcls: 0.7881 | 0.9s
  Epoch 152/800 | Total: 6.596 Edge: 0.329 Con: 0.181 Cls: 1.289 Anchorcls: 0.7694 | 0.8s
  Epoch 153/800 | Total: 6.568 Edge: 0.326 Con: 0.182 Cls: 1.302 Anchorcls: 0.7488 | 0.9s
  Epoch 154/800 | Total: 6.323 Edge: 0.316 Con: 0.180 Cls: 1.234 Anchorcls: 0.7378 | 0.9s
  Epoch 155/800 | Total: 6.723 Edge: 0.318 Con: 0.184 Cls: 1.254 Anchorcls: 0.8500 | Val F1: 0.3807 | 0.9s
  Epoch 156/800 | Total: 6.587 Edge: 0.322 Con: 0.181 Cls: 1.263 Anchorcls: 0.7950 | 0.9s
  Epoch 157/800 | Total: 6.553 Edge: 0.322 Con: 0.180 Cls: 1.283 Anchorcls: 0.7638 | 0.9s
  Epoch 158/800 | Total: 6.469 Edge: 0.318 Con: 0.181 Cls: 1.262 Anchorcls: 0.7581 | 0.9s
  Epoch 159/800 | Total: 6.430 Edge: 0.321 Con: 0.182 Cls: 1.247 Anchorcls: 0.7596 | 0.9s
  Epoch 160/800 | Total: 6.622 Edge: 0.316 Con: 0.179 Cls: 1.247 Anchorcls: 0.8255 | Val F1: 0.3917 | 0.9s
  Epoch 161/800 | Total: 6.405 Edge: 0.313 Con: 0.180 Cls: 1.234 Anchorcls: 0.7665 | 0.9s
  Epoch 162/800 | Total: 6.377 Edge: 0.318 Con: 0.182 Cls: 1.237 Anchorcls: 0.7524 | 0.9s
  Epoch 163/800 | Total: 6.250 Edge: 0.314 Con: 0.180 Cls: 1.219 Anchorcls: 0.7298 | 0.9s
  Epoch 164/800 | Total: 6.177 Edge: 0.308 Con: 0.180 Cls: 1.209 Anchorcls: 0.7175 | 0.9s
  Epoch 165/800 | Total: 6.788 Edge: 0.312 Con: 0.182 Cls: 1.233 Anchorcls: 0.8949 | Val F1: 0.3799 | 0.9s
  Epoch 166/800 | Total: 6.460 Edge: 0.316 Con: 0.181 Cls: 1.221 Anchorcls: 0.7966 | 0.9s
  Epoch 167/800 | Total: 6.393 Edge: 0.315 Con: 0.181 Cls: 1.206 Anchorcls: 0.7900 | 0.9s
  Epoch 168/800 | Total: 6.529 Edge: 0.323 Con: 0.183 Cls: 1.283 Anchorcls: 0.7552 | 0.9s
  Epoch 169/800 | Total: 6.470 Edge: 0.323 Con: 0.180 Cls: 1.282 Anchorcls: 0.7367 | 0.9s
  Epoch 170/800 | Total: 6.774 Edge: 0.339 Con: 0.180 Cls: 1.264 Anchorcls: 0.8514 | Val F1: 0.3699 | 0.9s
  Epoch 171/800 | Total: 6.533 Edge: 0.331 Con: 0.182 Cls: 1.245 Anchorcls: 0.7917 | 0.8s
  Epoch 172/800 | Total: 6.506 Edge: 0.323 Con: 0.180 Cls: 1.250 Anchorcls: 0.7811 | 0.8s
  Epoch 173/800 | Total: 6.459 Edge: 0.321 Con: 0.180 Cls: 1.259 Anchorcls: 0.7567 | 0.8s
  Epoch 174/800 | Total: 6.427 Edge: 0.321 Con: 0.180 Cls: 1.262 Anchorcls: 0.7436 | 0.8s
  Epoch 175/800 | Total: 6.763 Edge: 0.321 Con: 0.181 Cls: 1.275 Anchorcls: 0.8417 | Val F1: 0.3719 | 0.9s
  Epoch 176/800 | Total: 6.442 Edge: 0.320 Con: 0.180 Cls: 1.231 Anchorcls: 0.7793 | 0.8s
  Epoch 177/800 | Total: 6.373 Edge: 0.320 Con: 0.177 Cls: 1.237 Anchorcls: 0.7515 | 0.9s
  Epoch 178/800 | Total: 6.218 Edge: 0.323 Con: 0.181 Cls: 1.203 Anchorcls: 0.7323 | 0.8s
  Epoch 179/800 | Total: 6.221 Edge: 0.319 Con: 0.180 Cls: 1.223 Anchorcls: 0.7144 | 0.8s
  Epoch 180/800 | Total: 6.966 Edge: 0.323 Con: 0.179 Cls: 1.314 Anchorcls: 0.8705 | Val F1: 0.3836 | 0.9s
  Epoch 181/800 | Total: 6.688 Edge: 0.325 Con: 0.179 Cls: 1.284 Anchorcls: 0.8073 | 0.8s
  Epoch 182/800 | Total: 6.582 Edge: 0.315 Con: 0.179 Cls: 1.287 Anchorcls: 0.7723 | 0.9s
  Epoch 183/800 | Total: 6.506 Edge: 0.320 Con: 0.180 Cls: 1.273 Anchorcls: 0.7592 | 0.9s
  Epoch 184/800 | Total: 6.409 Edge: 0.321 Con: 0.179 Cls: 1.244 Anchorcls: 0.7555 | 0.9s
  Epoch 185/800 | Total: 6.616 Edge: 0.315 Con: 0.179 Cls: 1.212 Anchorcls: 0.8588 | Val F1: 0.3890 | 0.9s
  Epoch 186/800 | Total: 6.568 Edge: 0.319 Con: 0.179 Cls: 1.247 Anchorcls: 0.8063 | 0.8s
  Epoch 187/800 | Total: 6.415 Edge: 0.331 Con: 0.180 Cls: 1.228 Anchorcls: 0.7706 | 0.9s
  Epoch 188/800 | Total: 6.294 Edge: 0.330 Con: 0.178 Cls: 1.208 Anchorcls: 0.7504 | 0.9s
  Epoch 189/800 | Total: 6.279 Edge: 0.314 Con: 0.177 Cls: 1.210 Anchorcls: 0.7487 | 0.9s
  Epoch 190/800 | Total: 6.568 Edge: 0.314 Con: 0.179 Cls: 1.235 Anchorcls: 0.8196 | Val F1: 0.3820 | 0.9s
  Epoch 191/800 | Total: 6.525 Edge: 0.315 Con: 0.181 Cls: 1.272 Anchorcls: 0.7676 | 0.9s
  Epoch 192/800 | Total: 6.486 Edge: 0.315 Con: 0.178 Cls: 1.260 Anchorcls: 0.7675 | 0.8s
  Epoch 193/800 | Total: 6.312 Edge: 0.316 Con: 0.179 Cls: 1.234 Anchorcls: 0.7354 | 0.8s
  Epoch 194/800 | Total: 6.154 Edge: 0.308 Con: 0.178 Cls: 1.191 Anchorcls: 0.7278 | 0.9s
  Epoch 195/800 | Total: 6.374 Edge: 0.306 Con: 0.179 Cls: 1.181 Anchorcls: 0.8123 | Val F1: 0.3949 | 0.9s
  Epoch 196/800 | Total: 6.245 Edge: 0.303 Con: 0.178 Cls: 1.180 Anchorcls: 0.7713 | 0.8s
  Epoch 197/800 | Total: 6.119 Edge: 0.305 Con: 0.179 Cls: 1.171 Anchorcls: 0.7372 | 0.8s
  Epoch 198/800 | Total: 6.128 Edge: 0.303 Con: 0.178 Cls: 1.186 Anchorcls: 0.7262 | 0.8s
  Epoch 199/800 | Total: 6.345 Edge: 0.306 Con: 0.180 Cls: 1.264 Anchorcls: 0.7193 | 0.8s
  Epoch 200/800 | Total: 6.651 Edge: 0.321 Con: 0.177 Cls: 1.229 Anchorcls: 0.8513 | Val F1: 0.3765 | 0.9s
  Epoch 201/800 | Total: 6.594 Edge: 0.338 Con: 0.179 Cls: 1.258 Anchorcls: 0.7980 | 0.8s
  Epoch 202/800 | Total: 6.688 Edge: 0.333 Con: 0.180 Cls: 1.310 Anchorcls: 0.7788 | 0.8s
  Epoch 203/800 | Total: 6.414 Edge: 0.325 Con: 0.180 Cls: 1.246 Anchorcls: 0.7533 | 0.8s
  Epoch 204/800 | Total: 6.246 Edge: 0.314 Con: 0.180 Cls: 1.207 Anchorcls: 0.7411 | 0.8s
  Epoch 205/800 | Total: 6.574 Edge: 0.313 Con: 0.180 Cls: 1.209 Anchorcls: 0.8476 | Val F1: 0.3885 | 0.9s
  Epoch 206/800 | Total: 6.359 Edge: 0.307 Con: 0.179 Cls: 1.193 Anchorcls: 0.7944 | 0.8s
  Epoch 207/800 | Total: 6.243 Edge: 0.307 Con: 0.178 Cls: 1.181 Anchorcls: 0.7676 | 0.8s
  Epoch 208/800 | Total: 6.280 Edge: 0.308 Con: 0.178 Cls: 1.210 Anchorcls: 0.7514 | 0.8s
  Epoch 209/800 | Total: 6.149 Edge: 0.305 Con: 0.177 Cls: 1.181 Anchorcls: 0.7369 | 0.9s
  Epoch 210/800 | Total: 6.398 Edge: 0.305 Con: 0.178 Cls: 1.173 Anchorcls: 0.8285 | Val F1: 0.4169 | 0.9s
  Epoch 211/800 | Total: 6.223 Edge: 0.308 Con: 0.177 Cls: 1.157 Anchorcls: 0.7851 | 0.8s
  Epoch 212/800 | Total: 6.278 Edge: 0.313 Con: 0.176 Cls: 1.168 Anchorcls: 0.7916 | 0.8s
  Epoch 213/800 | Total: 6.303 Edge: 0.310 Con: 0.178 Cls: 1.190 Anchorcls: 0.7780 | 0.8s
  Epoch 214/800 | Total: 6.243 Edge: 0.306 Con: 0.178 Cls: 1.195 Anchorcls: 0.7546 | 0.8s
  Epoch 215/800 | Total: 6.393 Edge: 0.303 Con: 0.177 Cls: 1.185 Anchorcls: 0.8157 | Val F1: 0.3989 | 0.9s
  Epoch 216/800 | Total: 6.321 Edge: 0.307 Con: 0.178 Cls: 1.195 Anchorcls: 0.7798 | 0.8s
  Epoch 217/800 | Total: 6.236 Edge: 0.304 Con: 0.178 Cls: 1.192 Anchorcls: 0.7550 | 0.8s
  Epoch 218/800 | Total: 6.122 Edge: 0.304 Con: 0.179 Cls: 1.167 Anchorcls: 0.7421 | 0.8s
  Epoch 219/800 | Total: 6.151 Edge: 0.299 Con: 0.178 Cls: 1.183 Anchorcls: 0.7377 | 0.9s
  Epoch 220/800 | Total: 6.353 Edge: 0.304 Con: 0.177 Cls: 1.184 Anchorcls: 0.8027 | Val F1: 0.4124 | 0.9s
  Epoch 221/800 | Total: 6.214 Edge: 0.305 Con: 0.179 Cls: 1.180 Anchorcls: 0.7598 | 0.8s
  Epoch 222/800 | Total: 6.398 Edge: 0.311 Con: 0.178 Cls: 1.259 Anchorcls: 0.7407 | 0.9s
  Epoch 223/800 | Total: 7.109 Edge: 0.338 Con: 0.184 Cls: 1.476 Anchorcls: 0.7500 | 0.9s
  Epoch 224/800 | Total: 6.805 Edge: 0.339 Con: 0.185 Cls: 1.386 Anchorcls: 0.7385 | 0.9s
  Epoch 225/800 | Total: 6.845 Edge: 0.338 Con: 0.181 Cls: 1.301 Anchorcls: 0.8378 | Val F1: 0.3905 | 0.9s
  Epoch 226/800 | Total: 6.509 Edge: 0.322 Con: 0.179 Cls: 1.235 Anchorcls: 0.7976 | 0.9s
  Epoch 227/800 | Total: 6.278 Edge: 0.319 Con: 0.177 Cls: 1.192 Anchorcls: 0.7650 | 0.8s
  Epoch 228/800 | Total: 6.153 Edge: 0.309 Con: 0.178 Cls: 1.175 Anchorcls: 0.7439 | 0.9s
  Epoch 229/800 | Total: 6.183 Edge: 0.310 Con: 0.178 Cls: 1.190 Anchorcls: 0.7381 | 0.8s
  Epoch 230/800 | Total: 6.385 Edge: 0.312 Con: 0.178 Cls: 1.175 Anchorcls: 0.8198 | Val F1: 0.3967 | 0.9s
  Epoch 231/800 | Total: 6.420 Edge: 0.309 Con: 0.177 Cls: 1.217 Anchorcls: 0.7904 | 0.8s
  Epoch 232/800 | Total: 6.222 Edge: 0.307 Con: 0.177 Cls: 1.188 Anchorcls: 0.7540 | 0.9s
  Epoch 233/800 | Total: 6.180 Edge: 0.301 Con: 0.176 Cls: 1.186 Anchorcls: 0.7440 | 0.9s
  Epoch 234/800 | Total: 6.051 Edge: 0.303 Con: 0.178 Cls: 1.171 Anchorcls: 0.7150 | 0.8s
  Epoch 235/800 | Total: 6.360 Edge: 0.298 Con: 0.175 Cls: 1.171 Anchorcls: 0.8206 | Val F1: 0.4068 | 0.9s
  Epoch 236/800 | Total: 6.123 Edge: 0.299 Con: 0.176 Cls: 1.138 Anchorcls: 0.7740 | 0.8s
  Epoch 237/800 | Total: 6.109 Edge: 0.300 Con: 0.175 Cls: 1.151 Anchorcls: 0.7562 | 0.8s
  Epoch 238/800 | Total: 6.115 Edge: 0.302 Con: 0.176 Cls: 1.172 Anchorcls: 0.7368 | 0.8s
  Epoch 239/800 | Total: 6.176 Edge: 0.305 Con: 0.177 Cls: 1.197 Anchorcls: 0.7297 | 0.8s
  Epoch 240/800 | Total: 6.437 Edge: 0.308 Con: 0.175 Cls: 1.182 Anchorcls: 0.8320 | Val F1: 0.4021 | 0.9s
  Epoch 241/800 | Total: 6.212 Edge: 0.299 Con: 0.176 Cls: 1.171 Anchorcls: 0.7704 | 0.9s
  Epoch 242/800 | Total: 6.184 Edge: 0.296 Con: 0.175 Cls: 1.175 Anchorcls: 0.7588 | 0.9s
  Epoch 243/800 | Total: 6.030 Edge: 0.293 Con: 0.176 Cls: 1.148 Anchorcls: 0.7345 | 0.8s
  Epoch 244/800 | Total: 6.012 Edge: 0.294 Con: 0.176 Cls: 1.154 Anchorcls: 0.7223 | 0.8s
  Epoch 245/800 | Total: 6.354 Edge: 0.302 Con: 0.176 Cls: 1.168 Anchorcls: 0.8199 | Val F1: 0.4123 | 1.0s
  Epoch 246/800 | Total: 6.165 Edge: 0.299 Con: 0.177 Cls: 1.143 Anchorcls: 0.7831 | 0.8s
  Epoch 247/800 | Total: 6.101 Edge: 0.299 Con: 0.177 Cls: 1.156 Anchorcls: 0.7485 | 0.9s
  Epoch 248/800 | Total: 6.234 Edge: 0.312 Con: 0.176 Cls: 1.192 Anchorcls: 0.7530 | 0.8s
  Epoch 249/800 | Total: 6.215 Edge: 0.310 Con: 0.176 Cls: 1.205 Anchorcls: 0.7345 | 0.8s
  Epoch 250/800 | Total: 6.406 Edge: 0.308 Con: 0.178 Cls: 1.201 Anchorcls: 0.8020 | Val F1: 0.3874 | 0.9s
  Epoch 251/800 | Total: 6.187 Edge: 0.303 Con: 0.176 Cls: 1.178 Anchorcls: 0.7540 | 0.8s
  Epoch 252/800 | Total: 6.064 Edge: 0.300 Con: 0.174 Cls: 1.155 Anchorcls: 0.7369 | 0.8s
  Epoch 253/800 | Total: 6.004 Edge: 0.295 Con: 0.175 Cls: 1.145 Anchorcls: 0.7283 | 0.8s
  Epoch 254/800 | Total: 6.010 Edge: 0.295 Con: 0.175 Cls: 1.157 Anchorcls: 0.7187 | 0.8s
  Epoch 255/800 | Total: 6.386 Edge: 0.299 Con: 0.176 Cls: 1.160 Anchorcls: 0.8398 | Val F1: 0.4072 | 0.9s
  Epoch 256/800 | Total: 6.202 Edge: 0.294 Con: 0.174 Cls: 1.159 Anchorcls: 0.7815 | 0.8s
  Epoch 257/800 | Total: 6.529 Edge: 0.307 Con: 0.177 Cls: 1.273 Anchorcls: 0.7713 | 0.9s
  Epoch 258/800 | Total: 7.119 Edge: 0.388 Con: 0.185 Cls: 1.447 Anchorcls: 0.7661 | 0.9s
  Epoch 259/800 | Total: 6.748 Edge: 0.354 Con: 0.181 Cls: 1.327 Anchorcls: 0.7741 | 0.9s
  Epoch 260/800 | Total: 6.733 Edge: 0.336 Con: 0.179 Cls: 1.260 Anchorcls: 0.8424 | Val F1: 0.3898 | 0.9s
  Epoch 261/800 | Total: 6.558 Edge: 0.333 Con: 0.178 Cls: 1.251 Anchorcls: 0.7946 | 0.8s
  Epoch 262/800 | Total: 6.328 Edge: 0.322 Con: 0.177 Cls: 1.207 Anchorcls: 0.7654 | 0.8s
  Epoch 263/800 | Total: 6.139 Edge: 0.306 Con: 0.175 Cls: 1.167 Anchorcls: 0.7484 | 0.8s
  Epoch 264/800 | Total: 6.096 Edge: 0.301 Con: 0.175 Cls: 1.168 Anchorcls: 0.7349 | 0.8s
  Epoch 265/800 | Total: 6.289 Edge: 0.300 Con: 0.178 Cls: 1.167 Anchorcls: 0.8001 | Val F1: 0.4186 | 0.9s
  Epoch 266/800 | Total: 6.153 Edge: 0.302 Con: 0.176 Cls: 1.160 Anchorcls: 0.7610 | 0.8s
  Epoch 267/800 | Total: 6.055 Edge: 0.301 Con: 0.176 Cls: 1.149 Anchorcls: 0.7399 | 0.8s
  Epoch 268/800 | Total: 6.177 Edge: 0.314 Con: 0.175 Cls: 1.161 Anchorcls: 0.7644 | 0.9s
  Epoch 269/800 | Total: 6.040 Edge: 0.311 Con: 0.176 Cls: 1.154 Anchorcls: 0.7260 | 0.8s
  Epoch 270/800 | Total: 6.168 Edge: 0.299 Con: 0.175 Cls: 1.140 Anchorcls: 0.7866 | Val F1: 0.4153 | 0.9s
  Epoch 271/800 | Total: 6.004 Edge: 0.293 Con: 0.175 Cls: 1.132 Anchorcls: 0.7426 | 0.8s
  Epoch 272/800 | Total: 6.003 Edge: 0.291 Con: 0.177 Cls: 1.146 Anchorcls: 0.7285 | 0.8s
  Epoch 273/800 | Total: 5.900 Edge: 0.289 Con: 0.173 Cls: 1.135 Anchorcls: 0.7066 | 0.8s
  Epoch 274/800 | Total: 5.832 Edge: 0.290 Con: 0.175 Cls: 1.124 Anchorcls: 0.6941 | 0.9s
  Epoch 275/800 | Total: 6.467 Edge: 0.295 Con: 0.175 Cls: 1.153 Anchorcls: 0.8754 | Val F1: 0.4202 | 0.9s
  Epoch 276/800 | Total: 6.187 Edge: 0.297 Con: 0.176 Cls: 1.147 Anchorcls: 0.7866 | 0.8s
  Epoch 277/800 | Total: 6.048 Edge: 0.295 Con: 0.175 Cls: 1.128 Anchorcls: 0.7605 | 0.8s
  Epoch 278/800 | Total: 6.020 Edge: 0.291 Con: 0.174 Cls: 1.138 Anchorcls: 0.7426 | 0.9s
  Epoch 279/800 | Total: 5.966 Edge: 0.290 Con: 0.173 Cls: 1.134 Anchorcls: 0.7296 | 0.9s
  Epoch 280/800 | Total: 6.197 Edge: 0.291 Con: 0.174 Cls: 1.130 Anchorcls: 0.8098 | Val F1: 0.4090 | 0.9s
  Epoch 281/800 | Total: 6.092 Edge: 0.289 Con: 0.174 Cls: 1.142 Anchorcls: 0.7632 | 0.8s
  Epoch 282/800 | Total: 6.110 Edge: 0.291 Con: 0.174 Cls: 1.174 Anchorcls: 0.7363 | 0.8s
  Epoch 283/800 | Total: 6.013 Edge: 0.294 Con: 0.174 Cls: 1.150 Anchorcls: 0.7279 | 0.8s
  Epoch 284/800 | Total: 5.972 Edge: 0.296 Con: 0.174 Cls: 1.143 Anchorcls: 0.7205 | 0.9s
  Epoch 285/800 | Total: 6.318 Edge: 0.302 Con: 0.176 Cls: 1.147 Anchorcls: 0.8293 | Val F1: 0.4108 | 0.9s
  Epoch 286/800 | Total: 6.194 Edge: 0.299 Con: 0.174 Cls: 1.161 Anchorcls: 0.7745 | 0.8s
  Epoch 287/800 | Total: 6.194 Edge: 0.302 Con: 0.175 Cls: 1.178 Anchorcls: 0.7568 | 0.8s
  Epoch 288/800 | Total: 6.146 Edge: 0.299 Con: 0.174 Cls: 1.171 Anchorcls: 0.7489 | 0.8s
  Epoch 289/800 | Total: 5.945 Edge: 0.294 Con: 0.176 Cls: 1.131 Anchorcls: 0.7232 | 0.8s
  Epoch 290/800 | Total: 6.241 Edge: 0.296 Con: 0.175 Cls: 1.132 Anchorcls: 0.8201 | Val F1: 0.4176 | 0.9s
  Epoch 291/800 | Total: 6.112 Edge: 0.295 Con: 0.176 Cls: 1.136 Anchorcls: 0.7734 | 0.8s
  Epoch 292/800 | Total: 6.061 Edge: 0.296 Con: 0.174 Cls: 1.141 Anchorcls: 0.7517 | 0.8s
  Epoch 293/800 | Total: 5.944 Edge: 0.290 Con: 0.175 Cls: 1.133 Anchorcls: 0.7222 | 0.8s
  Epoch 294/800 | Total: 5.881 Edge: 0.288 Con: 0.174 Cls: 1.116 Anchorcls: 0.7190 | 0.8s
  Epoch 295/800 | Total: 6.355 Edge: 0.309 Con: 0.175 Cls: 1.141 Anchorcls: 0.8453 | Val F1: 0.4113 | 0.9s
  Epoch 296/800 | Total: 6.162 Edge: 0.307 Con: 0.176 Cls: 1.133 Anchorcls: 0.7893 | 0.8s
  Epoch 297/800 | Total: 6.127 Edge: 0.293 Con: 0.174 Cls: 1.146 Anchorcls: 0.7692 | 0.8s
  Epoch 298/800 | Total: 6.053 Edge: 0.288 Con: 0.174 Cls: 1.145 Anchorcls: 0.7474 | 0.8s
  Epoch 299/800 | Total: 5.957 Edge: 0.291 Con: 0.175 Cls: 1.119 Anchorcls: 0.7406 | 0.8s
  Epoch 300/800 | Total: 6.383 Edge: 0.312 Con: 0.177 Cls: 1.155 Anchorcls: 0.8391 | Val F1: 0.4044 | 0.9s
  Epoch 301/800 | Total: 6.266 Edge: 0.306 Con: 0.176 Cls: 1.181 Anchorcls: 0.7766 | 0.9s
  Epoch 302/800 | Total: 6.086 Edge: 0.292 Con: 0.175 Cls: 1.144 Anchorcls: 0.7582 | 0.9s
  Epoch 303/800 | Total: 6.028 Edge: 0.292 Con: 0.174 Cls: 1.135 Anchorcls: 0.7479 | 0.9s
  Epoch 304/800 | Total: 6.017 Edge: 0.288 Con: 0.176 Cls: 1.142 Anchorcls: 0.7380 | 0.9s
  Epoch 305/800 | Total: 6.258 Edge: 0.292 Con: 0.173 Cls: 1.135 Anchorcls: 0.8250 | Val F1: 0.4216 | 0.9s
  Epoch 306/800 | Total: 6.108 Edge: 0.288 Con: 0.175 Cls: 1.128 Anchorcls: 0.7828 | 0.9s
  Epoch 307/800 | Total: 6.018 Edge: 0.292 Con: 0.175 Cls: 1.120 Anchorcls: 0.7599 | 0.9s
  Epoch 308/800 | Total: 5.975 Edge: 0.298 Con: 0.173 Cls: 1.116 Anchorcls: 0.7473 | 0.8s
  Epoch 309/800 | Total: 5.945 Edge: 0.298 Con: 0.173 Cls: 1.112 Anchorcls: 0.7419 | 0.8s
  Epoch 310/800 | Total: 6.218 Edge: 0.294 Con: 0.175 Cls: 1.124 Anchorcls: 0.8220 | Val F1: 0.4244 | 0.9s
  Epoch 311/800 | Total: 6.135 Edge: 0.290 Con: 0.175 Cls: 1.145 Anchorcls: 0.7740 | 0.9s
  Epoch 312/800 | Total: 6.133 Edge: 0.290 Con: 0.174 Cls: 1.160 Anchorcls: 0.7582 | 0.9s
  Epoch 313/800 | Total: 5.985 Edge: 0.289 Con: 0.173 Cls: 1.123 Anchorcls: 0.7462 | 0.8s
  Epoch 314/800 | Total: 5.921 Edge: 0.290 Con: 0.174 Cls: 1.108 Anchorcls: 0.7393 | 0.9s
  Epoch 315/800 | Total: 6.123 Edge: 0.290 Con: 0.175 Cls: 1.098 Anchorcls: 0.8169 | Val F1: 0.4216 | 0.9s
  Epoch 316/800 | Total: 5.992 Edge: 0.298 Con: 0.174 Cls: 1.115 Anchorcls: 0.7534 | 0.9s
  Epoch 317/800 | Total: 5.930 Edge: 0.289 Con: 0.174 Cls: 1.107 Anchorcls: 0.7445 | 0.9s
  Epoch 318/800 | Total: 5.896 Edge: 0.287 Con: 0.174 Cls: 1.106 Anchorcls: 0.7347 | 0.9s
  Epoch 319/800 | Total: 6.028 Edge: 0.293 Con: 0.175 Cls: 1.157 Anchorcls: 0.7253 | 0.8s
  Epoch 320/800 | Total: 6.262 Edge: 0.298 Con: 0.175 Cls: 1.142 Anchorcls: 0.8165 | Val F1: 0.4151 | 0.9s
  Epoch 321/800 | Total: 6.086 Edge: 0.294 Con: 0.174 Cls: 1.119 Anchorcls: 0.7831 | 0.8s
  Epoch 322/800 | Total: 6.062 Edge: 0.287 Con: 0.174 Cls: 1.135 Anchorcls: 0.7612 | 0.8s
  Epoch 323/800 | Total: 5.951 Edge: 0.287 Con: 0.173 Cls: 1.114 Anchorcls: 0.7453 | 0.8s
  Epoch 324/800 | Total: 6.015 Edge: 0.287 Con: 0.173 Cls: 1.133 Anchorcls: 0.7476 | 0.8s
  Epoch 325/800 | Total: 6.306 Edge: 0.293 Con: 0.173 Cls: 1.138 Anchorcls: 0.8375 | Val F1: 0.4079 | 0.9s
  Epoch 326/800 | Total: 6.216 Edge: 0.298 Con: 0.177 Cls: 1.156 Anchorcls: 0.7872 | 0.8s
  Epoch 327/800 | Total: 6.291 Edge: 0.303 Con: 0.176 Cls: 1.186 Anchorcls: 0.7806 | 0.8s
  Epoch 328/800 | Total: 6.195 Edge: 0.305 Con: 0.176 Cls: 1.157 Anchorcls: 0.7768 | 0.8s
  Epoch 329/800 | Total: 6.098 Edge: 0.298 Con: 0.174 Cls: 1.148 Anchorcls: 0.7563 | 0.8s
  Epoch 330/800 | Total: 6.176 Edge: 0.292 Con: 0.175 Cls: 1.115 Anchorcls: 0.8175 | Val F1: 0.4163 | 0.9s
  Epoch 331/800 | Total: 6.102 Edge: 0.293 Con: 0.173 Cls: 1.133 Anchorcls: 0.7751 | 0.8s
  Epoch 332/800 | Total: 6.031 Edge: 0.291 Con: 0.172 Cls: 1.124 Anchorcls: 0.7604 | 0.8s
  Epoch 333/800 | Total: 5.984 Edge: 0.290 Con: 0.171 Cls: 1.120 Anchorcls: 0.7492 | 0.8s
  Epoch 334/800 | Total: 5.972 Edge: 0.297 Con: 0.172 Cls: 1.123 Anchorcls: 0.7398 | 0.8s
  Epoch 335/800 | Total: 6.119 Edge: 0.291 Con: 0.173 Cls: 1.111 Anchorcls: 0.8030 | Val F1: 0.4287 | 0.9s
  Epoch 336/800 | Total: 6.069 Edge: 0.296 Con: 0.173 Cls: 1.106 Anchorcls: 0.7894 | 0.8s
  Epoch 337/800 | Total: 6.006 Edge: 0.288 Con: 0.174 Cls: 1.111 Anchorcls: 0.7659 | 0.8s
  Epoch 338/800 | Total: 6.015 Edge: 0.291 Con: 0.174 Cls: 1.138 Anchorcls: 0.7408 | 0.9s
  Epoch 339/800 | Total: 6.135 Edge: 0.293 Con: 0.173 Cls: 1.176 Anchorcls: 0.7431 | 0.9s
  Epoch 340/800 | Total: 6.361 Edge: 0.291 Con: 0.175 Cls: 1.167 Anchorcls: 0.8274 | Val F1: 0.3895 | 0.9s
  Epoch 341/800 | Total: 7.248 Edge: 0.344 Con: 0.186 Cls: 1.469 Anchorcls: 0.8017 | 0.9s
  Epoch 342/800 | Total: 6.656 Edge: 0.353 Con: 0.190 Cls: 1.295 Anchorcls: 0.7738 | 0.9s
  Epoch 343/800 | Total: 6.788 Edge: 0.358 Con: 0.184 Cls: 1.342 Anchorcls: 0.7709 | 0.8s
  Epoch 344/800 | Total: 6.841 Edge: 0.372 Con: 0.184 Cls: 1.371 Anchorcls: 0.7544 | 0.8s
  Epoch 345/800 | Total: 6.701 Edge: 0.365 Con: 0.181 Cls: 1.245 Anchorcls: 0.8364 | Val F1: 0.4061 | 0.9s
  Epoch 346/800 | Total: 6.320 Edge: 0.325 Con: 0.178 Cls: 1.181 Anchorcls: 0.7882 | 0.8s
  Epoch 347/800 | Total: 6.078 Edge: 0.315 Con: 0.176 Cls: 1.133 Anchorcls: 0.7591 | 0.8s
  Epoch 348/800 | Total: 5.974 Edge: 0.304 Con: 0.176 Cls: 1.121 Anchorcls: 0.7399 | 0.8s
  Epoch 349/800 | Total: 5.997 Edge: 0.300 Con: 0.175 Cls: 1.132 Anchorcls: 0.7383 | 0.8s
  Epoch 350/800 | Total: 6.232 Edge: 0.304 Con: 0.176 Cls: 1.130 Anchorcls: 0.8171 | Val F1: 0.4182 | 0.9s
  Epoch 351/800 | Total: 6.190 Edge: 0.308 Con: 0.176 Cls: 1.154 Anchorcls: 0.7770 | 0.8s
  Epoch 352/800 | Total: 5.990 Edge: 0.298 Con: 0.175 Cls: 1.128 Anchorcls: 0.7399 | 0.8s
  Epoch 353/800 | Total: 5.879 Edge: 0.292 Con: 0.174 Cls: 1.108 Anchorcls: 0.7247 | 0.8s
  Epoch 354/800 | Total: 5.814 Edge: 0.290 Con: 0.174 Cls: 1.093 Anchorcls: 0.7190 | 0.8s
  Epoch 355/800 | Total: 6.089 Edge: 0.287 Con: 0.175 Cls: 1.087 Anchorcls: 0.8175 | Val F1: 0.4220 | 0.9s
  Epoch 356/800 | Total: 5.989 Edge: 0.286 Con: 0.174 Cls: 1.098 Anchorcls: 0.7742 | 0.8s
  Epoch 357/800 | Total: 5.947 Edge: 0.285 Con: 0.173 Cls: 1.103 Anchorcls: 0.7554 | 0.8s
  Epoch 358/800 | Total: 5.912 Edge: 0.283 Con: 0.173 Cls: 1.099 Anchorcls: 0.7481 | 0.8s
  Epoch 359/800 | Total: 5.873 Edge: 0.288 Con: 0.172 Cls: 1.092 Anchorcls: 0.7415 | 0.8s
  Epoch 360/800 | Total: 6.194 Edge: 0.292 Con: 0.174 Cls: 1.101 Anchorcls: 0.8378 | Val F1: 0.4167 | 0.9s
  Epoch 361/800 | Total: 6.166 Edge: 0.294 Con: 0.173 Cls: 1.135 Anchorcls: 0.7939 | 0.8s
  Epoch 362/800 | Total: 6.094 Edge: 0.293 Con: 0.175 Cls: 1.131 Anchorcls: 0.7739 | 0.8s
  Epoch 363/800 | Total: 5.963 Edge: 0.291 Con: 0.174 Cls: 1.102 Anchorcls: 0.7598 | 0.8s
  Epoch 364/800 | Total: 5.875 Edge: 0.289 Con: 0.173 Cls: 1.089 Anchorcls: 0.7446 | 0.8s
  Epoch 365/800 | Total: 6.129 Edge: 0.288 Con: 0.174 Cls: 1.103 Anchorcls: 0.8147 | Val F1: 0.4253 | 0.9s
  Epoch 366/800 | Total: 5.996 Edge: 0.289 Con: 0.173 Cls: 1.099 Anchorcls: 0.7740 | 0.8s
  Epoch 367/800 | Total: 5.931 Edge: 0.288 Con: 0.174 Cls: 1.097 Anchorcls: 0.7551 | 0.8s
  Epoch 368/800 | Total: 5.844 Edge: 0.283 Con: 0.172 Cls: 1.091 Anchorcls: 0.7334 | 0.8s
  Epoch 369/800 | Total: 5.789 Edge: 0.281 Con: 0.173 Cls: 1.079 Anchorcls: 0.7279 | 0.8s
  Epoch 370/800 | Total: 6.112 Edge: 0.290 Con: 0.173 Cls: 1.081 Anchorcls: 0.8309 | Val F1: 0.4302 | 0.9s
  Epoch 371/800 | Total: 6.027 Edge: 0.294 Con: 0.173 Cls: 1.096 Anchorcls: 0.7866 | 0.8s
  Epoch 372/800 | Total: 5.975 Edge: 0.297 Con: 0.173 Cls: 1.093 Anchorcls: 0.7708 | 0.9s
  Epoch 373/800 | Total: 5.938 Edge: 0.292 Con: 0.173 Cls: 1.096 Anchorcls: 0.7567 | 0.8s
  Epoch 374/800 | Total: 5.879 Edge: 0.287 Con: 0.173 Cls: 1.091 Anchorcls: 0.7441 | 0.8s
  Epoch 375/800 | Total: 6.102 Edge: 0.286 Con: 0.172 Cls: 1.088 Anchorcls: 0.8219 | Val F1: 0.4294 | 0.9s
  Epoch 376/800 | Total: 5.981 Edge: 0.286 Con: 0.173 Cls: 1.086 Anchorcls: 0.7838 | 0.8s
  Epoch 377/800 | Total: 5.868 Edge: 0.280 Con: 0.173 Cls: 1.068 Anchorcls: 0.7663 | 0.8s
  Epoch 378/800 | Total: 5.861 Edge: 0.282 Con: 0.173 Cls: 1.070 Anchorcls: 0.7606 | 0.8s
  Epoch 379/800 | Total: 5.778 Edge: 0.281 Con: 0.172 Cls: 1.065 Anchorcls: 0.7389 | 0.8s
  Epoch 380/800 | Total: 6.118 Edge: 0.283 Con: 0.174 Cls: 1.073 Anchorcls: 0.8430 | Val F1: 0.4375 | 0.9s
  Epoch 381/800 | Total: 5.963 Edge: 0.281 Con: 0.172 Cls: 1.078 Anchorcls: 0.7874 | 0.8s
  Epoch 382/800 | Total: 5.933 Edge: 0.286 Con: 0.172 Cls: 1.086 Anchorcls: 0.7673 | 0.8s
  Epoch 383/800 | Total: 5.952 Edge: 0.287 Con: 0.172 Cls: 1.098 Anchorcls: 0.7617 | 0.8s
  Epoch 384/800 | Total: 5.912 Edge: 0.289 Con: 0.174 Cls: 1.096 Anchorcls: 0.7495 | 0.8s
  Epoch 385/800 | Total: 6.126 Edge: 0.288 Con: 0.174 Cls: 1.103 Anchorcls: 0.8140 | Val F1: 0.4350 | 0.9s
  Epoch 386/800 | Total: 6.138 Edge: 0.293 Con: 0.175 Cls: 1.132 Anchorcls: 0.7871 | 0.8s
  Epoch 387/800 | Total: 6.191 Edge: 0.293 Con: 0.174 Cls: 1.160 Anchorcls: 0.7768 | 0.8s
  Epoch 388/800 | Total: 6.041 Edge: 0.293 Con: 0.174 Cls: 1.128 Anchorcls: 0.7587 | 0.8s
  Epoch 389/800 | Total: 5.980 Edge: 0.291 Con: 0.173 Cls: 1.112 Anchorcls: 0.7553 | 0.8s
  Epoch 390/800 | Total: 6.078 Edge: 0.295 Con: 0.175 Cls: 1.093 Anchorcls: 0.8051 | Val F1: 0.4351 | 0.9s
  Epoch 391/800 | Total: 5.967 Edge: 0.290 Con: 0.174 Cls: 1.092 Anchorcls: 0.7719 | 0.8s
  Epoch 392/800 | Total: 5.957 Edge: 0.283 Con: 0.172 Cls: 1.109 Anchorcls: 0.7538 | 0.8s
  Epoch 393/800 | Total: 5.924 Edge: 0.292 Con: 0.173 Cls: 1.106 Anchorcls: 0.7427 | 0.8s
  Epoch 394/800 | Total: 5.825 Edge: 0.292 Con: 0.172 Cls: 1.081 Anchorcls: 0.7343 | 0.8s
  Epoch 395/800 | Total: 6.053 Edge: 0.284 Con: 0.172 Cls: 1.078 Anchorcls: 0.8164 | Val F1: 0.4395 | 0.9s
  Epoch 396/800 | Total: 5.867 Edge: 0.283 Con: 0.174 Cls: 1.069 Anchorcls: 0.7641 | 0.8s
  Epoch 397/800 | Total: 5.878 Edge: 0.288 Con: 0.172 Cls: 1.084 Anchorcls: 0.7504 | 0.8s
  Epoch 398/800 | Total: 5.935 Edge: 0.292 Con: 0.173 Cls: 1.114 Anchorcls: 0.7388 | 0.8s
  Epoch 399/800 | Total: 5.888 Edge: 0.288 Con: 0.174 Cls: 1.115 Anchorcls: 0.7224 | 0.8s
  Epoch 400/800 | Total: 6.450 Edge: 0.295 Con: 0.174 Cls: 1.178 Anchorcls: 0.8444 | Val F1: 0.4031 | 0.9s
  Epoch 401/800 | Total: 6.374 Edge: 0.296 Con: 0.175 Cls: 1.220 Anchorcls: 0.7767 | 0.8s
  Epoch 402/800 | Total: 6.312 Edge: 0.306 Con: 0.174 Cls: 1.207 Anchorcls: 0.7661 | 0.8s
  Epoch 403/800 | Total: 6.120 Edge: 0.307 Con: 0.173 Cls: 1.164 Anchorcls: 0.7451 | 0.8s
  Epoch 404/800 | Total: 6.019 Edge: 0.300 Con: 0.173 Cls: 1.143 Anchorcls: 0.7340 | 0.8s
  Epoch 405/800 | Total: 6.198 Edge: 0.293 Con: 0.172 Cls: 1.134 Anchorcls: 0.8062 | Val F1: 0.4233 | 0.9s
  Epoch 406/800 | Total: 6.000 Edge: 0.292 Con: 0.171 Cls: 1.104 Anchorcls: 0.7705 | 0.8s
  Epoch 407/800 | Total: 5.839 Edge: 0.286 Con: 0.171 Cls: 1.077 Anchorcls: 0.7459 | 0.9s
  Epoch 408/800 | Total: 5.741 Edge: 0.280 Con: 0.170 Cls: 1.055 Anchorcls: 0.7373 | 0.9s
  Epoch 409/800 | Total: 5.723 Edge: 0.277 Con: 0.170 Cls: 1.061 Anchorcls: 0.7255 | 0.9s
  Epoch 410/800 | Total: 5.957 Edge: 0.277 Con: 0.171 Cls: 1.066 Anchorcls: 0.7992 | Val F1: 0.4433 | 0.9s
  Epoch 411/800 | Total: 5.798 Edge: 0.276 Con: 0.171 Cls: 1.061 Anchorcls: 0.7508 | 0.9s
  Epoch 412/800 | Total: 5.725 Edge: 0.277 Con: 0.172 Cls: 1.054 Anchorcls: 0.7332 | 0.8s
  Epoch 413/800 | Total: 5.672 Edge: 0.278 Con: 0.172 Cls: 1.051 Anchorcls: 0.7180 | 0.9s
  Epoch 414/800 | Total: 5.715 Edge: 0.284 Con: 0.172 Cls: 1.068 Anchorcls: 0.7141 | 0.9s
  Epoch 415/800 | Total: 5.975 Edge: 0.285 Con: 0.173 Cls: 1.065 Anchorcls: 0.8029 | Val F1: 0.4415 | 0.9s
  Epoch 416/800 | Total: 5.812 Edge: 0.284 Con: 0.171 Cls: 1.066 Anchorcls: 0.7480 | 0.9s
  Epoch 417/800 | Total: 5.719 Edge: 0.283 Con: 0.171 Cls: 1.059 Anchorcls: 0.7242 | 0.8s
  Epoch 418/800 | Total: 5.733 Edge: 0.281 Con: 0.172 Cls: 1.078 Anchorcls: 0.7111 | 0.9s
  Epoch 419/800 | Total: 5.695 Edge: 0.281 Con: 0.174 Cls: 1.085 Anchorcls: 0.6905 | 0.9s
  Epoch 420/800 | Total: 6.072 Edge: 0.286 Con: 0.173 Cls: 1.072 Anchorcls: 0.8282 | Val F1: 0.4388 | 0.9s
  Epoch 421/800 | Total: 5.946 Edge: 0.288 Con: 0.171 Cls: 1.085 Anchorcls: 0.7728 | 0.9s
  Epoch 422/800 | Total: 5.848 Edge: 0.285 Con: 0.172 Cls: 1.089 Anchorcls: 0.7367 | 0.9s
  Epoch 423/800 | Total: 5.748 Edge: 0.280 Con: 0.172 Cls: 1.077 Anchorcls: 0.7172 | 0.9s
  Epoch 424/800 | Total: 5.734 Edge: 0.282 Con: 0.171 Cls: 1.081 Anchorcls: 0.7075 | 0.9s
  Epoch 425/800 | Total: 6.322 Edge: 0.281 Con: 0.174 Cls: 1.137 Anchorcls: 0.8478 | Val F1: 0.4152 | 0.9s
  Epoch 426/800 | Total: 6.044 Edge: 0.282 Con: 0.174 Cls: 1.115 Anchorcls: 0.7763 | 0.9s
  Epoch 427/800 | Total: 5.947 Edge: 0.285 Con: 0.174 Cls: 1.095 Anchorcls: 0.7635 | 0.8s
  Epoch 428/800 | Total: 5.903 Edge: 0.289 Con: 0.172 Cls: 1.087 Anchorcls: 0.7561 | 0.8s
  Epoch 429/800 | Total: 5.840 Edge: 0.291 Con: 0.172 Cls: 1.078 Anchorcls: 0.7429 | 0.8s
  Epoch 430/800 | Total: 6.001 Edge: 0.287 Con: 0.171 Cls: 1.077 Anchorcls: 0.7996 | Val F1: 0.4359 | 0.9s
  Epoch 431/800 | Total: 5.869 Edge: 0.281 Con: 0.173 Cls: 1.077 Anchorcls: 0.7571 | 0.8s
  Epoch 432/800 | Total: 5.794 Edge: 0.280 Con: 0.173 Cls: 1.061 Anchorcls: 0.7477 | 0.8s
  Epoch 433/800 | Total: 5.759 Edge: 0.278 Con: 0.171 Cls: 1.064 Anchorcls: 0.7347 | 0.8s
  Epoch 434/800 | Total: 5.809 Edge: 0.290 Con: 0.174 Cls: 1.087 Anchorcls: 0.7236 | 0.8s
  Epoch 435/800 | Total: 6.188 Edge: 0.294 Con: 0.173 Cls: 1.103 Anchorcls: 0.8324 | Val F1: 0.4282 | 0.9s
  Epoch 436/800 | Total: 5.987 Edge: 0.286 Con: 0.171 Cls: 1.093 Anchorcls: 0.7788 | 0.9s
  Epoch 437/800 | Total: 6.047 Edge: 0.290 Con: 0.173 Cls: 1.130 Anchorcls: 0.7605 | 0.9s
  Epoch 438/800 | Total: 5.845 Edge: 0.284 Con: 0.170 Cls: 1.086 Anchorcls: 0.7388 | 0.9s
  Epoch 439/800 | Total: 5.857 Edge: 0.284 Con: 0.174 Cls: 1.096 Anchorcls: 0.7326 | 0.9s
  Epoch 440/800 | Total: 6.056 Edge: 0.288 Con: 0.174 Cls: 1.108 Anchorcls: 0.7861 | Val F1: 0.4189 | 0.9s
  Epoch 441/800 | Total: 5.891 Edge: 0.288 Con: 0.172 Cls: 1.095 Anchorcls: 0.7444 | 0.9s
  Epoch 442/800 | Total: 5.741 Edge: 0.284 Con: 0.173 Cls: 1.076 Anchorcls: 0.7146 | 0.8s
  Epoch 443/800 | Total: 5.889 Edge: 0.284 Con: 0.172 Cls: 1.127 Anchorcls: 0.7125 | 0.8s
  Epoch 444/800 | Total: 5.730 Edge: 0.285 Con: 0.172 Cls: 1.091 Anchorcls: 0.6951 | 0.8s
  Epoch 445/800 | Total: 5.936 Edge: 0.286 Con: 0.172 Cls: 1.061 Anchorcls: 0.7939 | Val F1: 0.4321 | 0.9s
  Epoch 446/800 | Total: 5.779 Edge: 0.286 Con: 0.172 Cls: 1.059 Anchorcls: 0.7431 | 0.8s
  Epoch 447/800 | Total: 5.709 Edge: 0.279 Con: 0.173 Cls: 1.052 Anchorcls: 0.7293 | 0.8s
  Epoch 448/800 | Total: 5.659 Edge: 0.275 Con: 0.172 Cls: 1.056 Anchorcls: 0.7105 | 0.8s
  Epoch 449/800 | Total: 5.721 Edge: 0.282 Con: 0.172 Cls: 1.089 Anchorcls: 0.6950 | 0.8s
  Epoch 450/800 | Total: 6.215 Edge: 0.289 Con: 0.170 Cls: 1.101 Anchorcls: 0.8458 | Val F1: 0.4252 | 0.9s
  Epoch 451/800 | Total: 6.002 Edge: 0.286 Con: 0.173 Cls: 1.091 Anchorcls: 0.7861 | 0.8s
  Epoch 452/800 | Total: 5.922 Edge: 0.282 Con: 0.172 Cls: 1.093 Anchorcls: 0.7583 | 0.8s
  Epoch 453/800 | Total: 5.917 Edge: 0.286 Con: 0.171 Cls: 1.093 Anchorcls: 0.7557 | 0.8s
  Epoch 454/800 | Total: 5.840 Edge: 0.285 Con: 0.173 Cls: 1.076 Anchorcls: 0.7472 | 0.8s
  Epoch 455/800 | Total: 6.134 Edge: 0.281 Con: 0.171 Cls: 1.067 Anchorcls: 0.8549 | Val F1: 0.4309 | 0.9s
  Epoch 456/800 | Total: 6.001 Edge: 0.285 Con: 0.173 Cls: 1.082 Anchorcls: 0.7948 | 0.9s
  Epoch 457/800 | Total: 5.977 Edge: 0.293 Con: 0.173 Cls: 1.081 Anchorcls: 0.7845 | 0.9s
  Epoch 458/800 | Total: 5.911 Edge: 0.286 Con: 0.172 Cls: 1.080 Anchorcls: 0.7662 | 0.8s
  Epoch 459/800 | Total: 5.776 Edge: 0.276 Con: 0.173 Cls: 1.050 Anchorcls: 0.7545 | 0.9s
  Epoch 460/800 | Total: 5.935 Edge: 0.275 Con: 0.171 Cls: 1.046 Anchorcls: 0.8116 | Val F1: 0.4426 | 0.9s
  Epoch 461/800 | Total: 5.797 Edge: 0.277 Con: 0.171 Cls: 1.042 Anchorcls: 0.7688 | 0.8s
  Epoch 462/800 | Total: 5.835 Edge: 0.283 Con: 0.172 Cls: 1.055 Anchorcls: 0.7666 | 0.8s
  Epoch 463/800 | Total: 5.761 Edge: 0.284 Con: 0.174 Cls: 1.056 Anchorcls: 0.7409 | 0.8s
  Epoch 464/800 | Total: 5.766 Edge: 0.292 Con: 0.173 Cls: 1.069 Anchorcls: 0.7267 | 0.8s
  Epoch 465/800 | Total: 6.228 Edge: 0.296 Con: 0.175 Cls: 1.116 Anchorcls: 0.8324 | Val F1: 0.4139 | 0.9s
  Epoch 466/800 | Total: 6.103 Edge: 0.288 Con: 0.175 Cls: 1.123 Anchorcls: 0.7867 | 0.8s
  Epoch 467/800 | Total: 5.918 Edge: 0.288 Con: 0.174 Cls: 1.091 Anchorcls: 0.7566 | 0.9s
  Epoch 468/800 | Total: 5.786 Edge: 0.281 Con: 0.173 Cls: 1.073 Anchorcls: 0.7332 | 0.9s
  Epoch 469/800 | Total: 5.775 Edge: 0.284 Con: 0.174 Cls: 1.072 Anchorcls: 0.7299 | 0.9s
  Epoch 470/800 | Total: 6.084 Edge: 0.282 Con: 0.173 Cls: 1.067 Anchorcls: 0.8387 | Val F1: 0.4431 | 0.9s
  Epoch 471/800 | Total: 5.995 Edge: 0.284 Con: 0.174 Cls: 1.107 Anchorcls: 0.7678 | 0.9s
  Epoch 472/800 | Total: 6.073 Edge: 0.289 Con: 0.173 Cls: 1.142 Anchorcls: 0.7571 | 0.8s
  Epoch 473/800 | Total: 5.927 Edge: 0.287 Con: 0.175 Cls: 1.118 Anchorcls: 0.7330 | 0.8s
  Epoch 474/800 | Total: 5.762 Edge: 0.282 Con: 0.173 Cls: 1.086 Anchorcls: 0.7118 | 0.8s
  Epoch 475/800 | Total: 6.204 Edge: 0.287 Con: 0.173 Cls: 1.076 Anchorcls: 0.8682 | Val F1: 0.4327 | 0.9s
  Epoch 476/800 | Total: 6.015 Edge: 0.290 Con: 0.173 Cls: 1.098 Anchorcls: 0.7812 | 0.9s
  Epoch 477/800 | Total: 5.870 Edge: 0.286 Con: 0.172 Cls: 1.071 Anchorcls: 0.7618 | 0.8s
  Epoch 478/800 | Total: 5.752 Edge: 0.278 Con: 0.173 Cls: 1.052 Anchorcls: 0.7440 | 0.8s
  Epoch 479/800 | Total: 5.729 Edge: 0.279 Con: 0.173 Cls: 1.053 Anchorcls: 0.7351 | 0.9s
  Epoch 480/800 | Total: 5.970 Edge: 0.279 Con: 0.173 Cls: 1.043 Anchorcls: 0.8249 | Val F1: 0.4443 | 0.9s
  Epoch 481/800 | Total: 5.850 Edge: 0.279 Con: 0.173 Cls: 1.045 Anchorcls: 0.7835 | 0.9s
  Epoch 482/800 | Total: 5.832 Edge: 0.278 Con: 0.171 Cls: 1.054 Anchorcls: 0.7690 | 0.9s
  Epoch 483/800 | Total: 5.792 Edge: 0.275 Con: 0.172 Cls: 1.058 Anchorcls: 0.7518 | 0.8s
  Epoch 484/800 | Total: 5.662 Edge: 0.271 Con: 0.171 Cls: 1.030 Anchorcls: 0.7380 | 0.8s
  Epoch 485/800 | Total: 5.879 Edge: 0.271 Con: 0.172 Cls: 1.031 Anchorcls: 0.8096 | Val F1: 0.4412 | 0.9s
  Epoch 486/800 | Total: 5.817 Edge: 0.276 Con: 0.172 Cls: 1.055 Anchorcls: 0.7636 | 0.8s
  Epoch 487/800 | Total: 5.779 Edge: 0.277 Con: 0.171 Cls: 1.062 Anchorcls: 0.7441 | 0.8s
  Epoch 488/800 | Total: 5.772 Edge: 0.277 Con: 0.171 Cls: 1.068 Anchorcls: 0.7351 | 0.9s
  Epoch 489/800 | Total: 5.672 Edge: 0.279 Con: 0.171 Cls: 1.043 Anchorcls: 0.7265 | 0.9s
  Epoch 490/800 | Total: 5.965 Edge: 0.279 Con: 0.171 Cls: 1.042 Anchorcls: 0.8252 | Val F1: 0.4442 | 0.9s
  Epoch 491/800 | Total: 5.817 Edge: 0.277 Con: 0.172 Cls: 1.045 Anchorcls: 0.7733 | 0.8s
  Epoch 492/800 | Total: 5.761 Edge: 0.277 Con: 0.171 Cls: 1.045 Anchorcls: 0.7544 | 0.8s
  Epoch 493/800 | Total: 5.773 Edge: 0.283 Con: 0.173 Cls: 1.058 Anchorcls: 0.7433 | 0.8s
  Epoch 494/800 | Total: 5.852 Edge: 0.284 Con: 0.173 Cls: 1.095 Anchorcls: 0.7320 | 0.8s
  Epoch 495/800 | Total: 6.336 Edge: 0.297 Con: 0.176 Cls: 1.184 Anchorcls: 0.7994 | Val F1: 0.3967 | 0.9s
  Epoch 496/800 | Total: 6.314 Edge: 0.320 Con: 0.178 Cls: 1.206 Anchorcls: 0.7622 | 0.8s
  Epoch 497/800 | Total: 6.002 Edge: 0.302 Con: 0.176 Cls: 1.131 Anchorcls: 0.7394 | 0.8s
  Epoch 498/800 | Total: 5.754 Edge: 0.290 Con: 0.173 Cls: 1.073 Anchorcls: 0.7197 | 0.8s
  Epoch 499/800 | Total: 5.662 Edge: 0.280 Con: 0.172 Cls: 1.063 Anchorcls: 0.7022 | 0.8s
  Epoch 500/800 | Total: 5.976 Edge: 0.280 Con: 0.174 Cls: 1.046 Anchorcls: 0.8236 | Val F1: 0.4438 | 0.9s
  Epoch 501/800 | Total: 5.727 Edge: 0.277 Con: 0.172 Cls: 1.028 Anchorcls: 0.7602 | 0.8s
  Epoch 502/800 | Total: 5.740 Edge: 0.274 Con: 0.172 Cls: 1.045 Anchorcls: 0.7481 | 0.9s
  Epoch 503/800 | Total: 5.693 Edge: 0.273 Con: 0.171 Cls: 1.053 Anchorcls: 0.7257 | 0.9s
  Epoch 504/800 | Total: 5.754 Edge: 0.276 Con: 0.171 Cls: 1.075 Anchorcls: 0.7227 | 0.9s
  Epoch 505/800 | Total: 6.135 Edge: 0.287 Con: 0.176 Cls: 1.103 Anchorcls: 0.8167 | Val F1: 0.4236 | 0.9s
  Epoch 506/800 | Total: 5.866 Edge: 0.280 Con: 0.172 Cls: 1.071 Anchorcls: 0.7619 | 0.8s
  Epoch 507/800 | Total: 5.724 Edge: 0.276 Con: 0.171 Cls: 1.051 Anchorcls: 0.7366 | 0.8s
  Epoch 508/800 | Total: 5.671 Edge: 0.277 Con: 0.172 Cls: 1.049 Anchorcls: 0.7204 | 0.8s
  Epoch 509/800 | Total: 5.590 Edge: 0.279 Con: 0.172 Cls: 1.043 Anchorcls: 0.6990 | 0.8s
  Epoch 510/800 | Total: 5.933 Edge: 0.281 Con: 0.172 Cls: 1.050 Anchorcls: 0.8055 | Val F1: 0.4425 | 0.9s
  Epoch 511/800 | Total: 5.892 Edge: 0.280 Con: 0.172 Cls: 1.080 Anchorcls: 0.7621 | 0.8s
  Epoch 512/800 | Total: 5.731 Edge: 0.277 Con: 0.172 Cls: 1.050 Anchorcls: 0.7399 | 0.8s
  Epoch 513/800 | Total: 5.618 Edge: 0.272 Con: 0.172 Cls: 1.028 Anchorcls: 0.7252 | 0.8s
  Epoch 514/800 | Total: 5.600 Edge: 0.278 Con: 0.171 Cls: 1.036 Anchorcls: 0.7101 | 0.8s
  Epoch 515/800 | Total: 5.976 Edge: 0.279 Con: 0.173 Cls: 1.045 Anchorcls: 0.8256 | Val F1: 0.4372 | 0.9s
  Epoch 516/800 | Total: 5.797 Edge: 0.283 Con: 0.173 Cls: 1.042 Anchorcls: 0.7669 | 0.8s
  Epoch 517/800 | Total: 5.699 Edge: 0.284 Con: 0.172 Cls: 1.033 Anchorcls: 0.7432 | 0.8s
  Epoch 518/800 | Total: 5.663 Edge: 0.278 Con: 0.172 Cls: 1.035 Anchorcls: 0.7313 | 0.8s
  Epoch 519/800 | Total: 5.550 Edge: 0.277 Con: 0.171 Cls: 1.016 Anchorcls: 0.7132 | 0.8s
  Epoch 520/800 | Total: 5.822 Edge: 0.271 Con: 0.171 Cls: 1.019 Anchorcls: 0.8022 | Val F1: 0.4343 | 0.9s
  Epoch 521/800 | Total: 5.716 Edge: 0.276 Con: 0.171 Cls: 1.039 Anchorcls: 0.7464 | 0.8s
  Epoch 522/800 | Total: 5.664 Edge: 0.274 Con: 0.171 Cls: 1.044 Anchorcls: 0.7246 | 0.8s
  Epoch 523/800 | Total: 5.537 Edge: 0.273 Con: 0.172 Cls: 1.022 Anchorcls: 0.7041 | 0.8s
  Epoch 524/800 | Total: 5.563 Edge: 0.273 Con: 0.171 Cls: 1.040 Anchorcls: 0.6943 | 0.8s
  Epoch 525/800 | Total: 5.970 Edge: 0.281 Con: 0.172 Cls: 1.056 Anchorcls: 0.8111 | Val F1: 0.4365 | 0.9s
  Epoch 526/800 | Total: 5.860 Edge: 0.283 Con: 0.173 Cls: 1.056 Anchorcls: 0.7744 | 0.8s
  Epoch 527/800 | Total: 5.928 Edge: 0.286 Con: 0.173 Cls: 1.098 Anchorcls: 0.7537 | 0.8s
  Epoch 528/800 | Total: 5.772 Edge: 0.276 Con: 0.172 Cls: 1.054 Anchorcls: 0.7488 | 0.8s
  Epoch 529/800 | Total: 5.646 Edge: 0.272 Con: 0.173 Cls: 1.036 Anchorcls: 0.7268 | 0.8s
  Epoch 530/800 | Total: 5.849 Edge: 0.276 Con: 0.173 Cls: 1.050 Anchorcls: 0.7784 | Val F1: 0.4436 | 0.9s
  Epoch 531/800 | Total: 5.680 Edge: 0.275 Con: 0.173 Cls: 1.039 Anchorcls: 0.7338 | 0.8s
  Epoch 532/800 | Total: 5.535 Edge: 0.270 Con: 0.172 Cls: 1.009 Anchorcls: 0.7167 | 0.9s
  Epoch 533/800 | Total: 5.594 Edge: 0.270 Con: 0.173 Cls: 1.034 Anchorcls: 0.7115 | 0.8s
  Epoch 534/800 | Total: 5.607 Edge: 0.271 Con: 0.171 Cls: 1.050 Anchorcls: 0.6997 | 0.9s
  Epoch 535/800 | Total: 5.912 Edge: 0.273 Con: 0.172 Cls: 1.059 Anchorcls: 0.7924 | Val F1: 0.4379 | 0.9s
  Epoch 536/800 | Total: 5.847 Edge: 0.277 Con: 0.172 Cls: 1.074 Anchorcls: 0.7543 | 0.8s
  Epoch 537/800 | Total: 5.858 Edge: 0.277 Con: 0.172 Cls: 1.095 Anchorcls: 0.7362 | 0.8s
  Epoch 538/800 | Total: 5.698 Edge: 0.276 Con: 0.171 Cls: 1.057 Anchorcls: 0.7221 | 0.8s
  Epoch 539/800 | Total: 5.629 Edge: 0.272 Con: 0.171 Cls: 1.045 Anchorcls: 0.7124 | 0.9s
  Epoch 540/800 | Total: 5.956 Edge: 0.273 Con: 0.171 Cls: 1.034 Anchorcls: 0.8314 | Val F1: 0.4329 | 0.9s
  Epoch 541/800 | Total: 5.809 Edge: 0.275 Con: 0.170 Cls: 1.028 Anchorcls: 0.7889 | 0.9s
  Epoch 542/800 | Total: 5.692 Edge: 0.272 Con: 0.172 Cls: 1.023 Anchorcls: 0.7548 | 0.8s
  Epoch 543/800 | Total: 5.628 Edge: 0.269 Con: 0.172 Cls: 1.024 Anchorcls: 0.7334 | 0.8s
  Epoch 544/800 | Total: 5.569 Edge: 0.270 Con: 0.171 Cls: 1.020 Anchorcls: 0.7173 | 0.8s
  Epoch 545/800 | Total: 5.773 Edge: 0.275 Con: 0.173 Cls: 1.018 Anchorcls: 0.7856 | Val F1: 0.4427 | 0.9s
  Epoch 546/800 | Total: 5.666 Edge: 0.274 Con: 0.171 Cls: 1.021 Anchorcls: 0.7477 | 0.9s
  Epoch 547/800 | Total: 5.606 Edge: 0.271 Con: 0.171 Cls: 1.027 Anchorcls: 0.7228 | 0.8s
  Epoch 548/800 | Total: 5.619 Edge: 0.275 Con: 0.171 Cls: 1.038 Anchorcls: 0.7151 | 0.8s
  Epoch 549/800 | Total: 5.548 Edge: 0.276 Con: 0.172 Cls: 1.028 Anchorcls: 0.7004 | 0.8s
  Epoch 550/800 | Total: 5.863 Edge: 0.278 Con: 0.172 Cls: 1.006 Anchorcls: 0.8273 | Val F1: 0.4422 | 0.9s
  Epoch 551/800 | Total: 5.740 Edge: 0.278 Con: 0.172 Cls: 1.016 Anchorcls: 0.7761 | 0.8s
  Epoch 552/800 | Total: 5.667 Edge: 0.274 Con: 0.173 Cls: 1.015 Anchorcls: 0.7543 | 0.8s
  Epoch 553/800 | Total: 5.661 Edge: 0.274 Con: 0.170 Cls: 1.021 Anchorcls: 0.7469 | 0.8s
  Epoch 554/800 | Total: 5.581 Edge: 0.273 Con: 0.171 Cls: 1.011 Anchorcls: 0.7302 | 0.8s
  Epoch 555/800 | Total: 5.859 Edge: 0.273 Con: 0.172 Cls: 1.021 Anchorcls: 0.8121 | Val F1: 0.4448 | 0.9s
  Epoch 556/800 | Total: 5.658 Edge: 0.272 Con: 0.172 Cls: 1.016 Anchorcls: 0.7512 | 0.9s
  Epoch 557/800 | Total: 5.677 Edge: 0.270 Con: 0.171 Cls: 1.032 Anchorcls: 0.7420 | 0.9s
  Epoch 558/800 | Total: 5.635 Edge: 0.273 Con: 0.170 Cls: 1.033 Anchorcls: 0.7257 | 0.9s
  Epoch 559/800 | Total: 5.561 Edge: 0.280 Con: 0.172 Cls: 1.022 Anchorcls: 0.7099 | 0.9s
  Epoch 560/800 | Total: 5.952 Edge: 0.281 Con: 0.172 Cls: 1.036 Anchorcls: 0.8256 | Val F1: 0.4399 | 0.9s
  Epoch 561/800 | Total: 5.833 Edge: 0.280 Con: 0.172 Cls: 1.039 Anchorcls: 0.7830 | 0.9s
  Epoch 562/800 | Total: 5.718 Edge: 0.276 Con: 0.171 Cls: 1.012 Anchorcls: 0.7735 | 0.9s
  Epoch 563/800 | Total: 5.686 Edge: 0.276 Con: 0.171 Cls: 1.017 Anchorcls: 0.7583 | 0.9s
  Epoch 564/800 | Total: 5.674 Edge: 0.275 Con: 0.172 Cls: 1.019 Anchorcls: 0.7519 | 0.9s
  Epoch 565/800 | Total: 5.855 Edge: 0.278 Con: 0.170 Cls: 1.036 Anchorcls: 0.7947 | Val F1: 0.4278 | 0.9s
  Epoch 566/800 | Total: 5.860 Edge: 0.279 Con: 0.173 Cls: 1.066 Anchorcls: 0.7658 | 0.9s
  Epoch 567/800 | Total: 5.767 Edge: 0.281 Con: 0.171 Cls: 1.048 Anchorcls: 0.7518 | 0.8s
  Epoch 568/800 | Total: 5.692 Edge: 0.281 Con: 0.173 Cls: 1.037 Anchorcls: 0.7374 | 0.8s
  Epoch 569/800 | Total: 5.615 Edge: 0.276 Con: 0.171 Cls: 1.029 Anchorcls: 0.7223 | 0.8s
  Epoch 570/800 | Total: 5.751 Edge: 0.274 Con: 0.171 Cls: 1.020 Anchorcls: 0.7777 | Val F1: 0.4473 | 0.9s
  Epoch 571/800 | Total: 5.677 Edge: 0.276 Con: 0.172 Cls: 1.032 Anchorcls: 0.7396 | 0.9s
  Epoch 572/800 | Total: 5.573 Edge: 0.277 Con: 0.172 Cls: 1.018 Anchorcls: 0.7190 | 0.9s
  Epoch 573/800 | Total: 5.487 Edge: 0.276 Con: 0.171 Cls: 1.011 Anchorcls: 0.6975 | 0.8s
  Epoch 574/800 | Total: 5.479 Edge: 0.274 Con: 0.171 Cls: 1.015 Anchorcls: 0.6915 | 0.8s
  Epoch 575/800 | Total: 5.853 Edge: 0.276 Con: 0.171 Cls: 1.012 Anchorcls: 0.8181 | Val F1: 0.4545 | 0.9s
  Epoch 576/800 | Total: 5.628 Edge: 0.272 Con: 0.172 Cls: 0.994 Anchorcls: 0.7631 | 0.9s
  Epoch 577/800 | Total: 5.601 Edge: 0.274 Con: 0.170 Cls: 1.003 Anchorcls: 0.7443 | 0.9s
  Epoch 578/800 | Total: 5.583 Edge: 0.271 Con: 0.171 Cls: 1.007 Anchorcls: 0.7359 | 0.9s
  Epoch 579/800 | Total: 5.634 Edge: 0.271 Con: 0.172 Cls: 1.029 Anchorcls: 0.7299 | 0.9s
  Epoch 580/800 | Total: 6.234 Edge: 0.282 Con: 0.174 Cls: 1.126 Anchorcls: 0.8287 | Val F1: 0.4255 | 0.9s
  Epoch 581/800 | Total: 6.024 Edge: 0.282 Con: 0.171 Cls: 1.089 Anchorcls: 0.7967 | 0.9s
  Epoch 582/800 | Total: 5.935 Edge: 0.285 Con: 0.171 Cls: 1.086 Anchorcls: 0.7688 | 0.9s
  Epoch 583/800 | Total: 5.805 Edge: 0.280 Con: 0.170 Cls: 1.056 Anchorcls: 0.7572 | 0.9s
  Epoch 584/800 | Total: 5.718 Edge: 0.283 Con: 0.171 Cls: 1.036 Anchorcls: 0.7473 | 0.8s
  Epoch 585/800 | Total: 5.747 Edge: 0.278 Con: 0.172 Cls: 1.001 Anchorcls: 0.7934 | Val F1: 0.4525 | 0.9s
  Epoch 586/800 | Total: 5.737 Edge: 0.272 Con: 0.171 Cls: 1.030 Anchorcls: 0.7634 | 0.8s
  Epoch 587/800 | Total: 5.646 Edge: 0.268 Con: 0.171 Cls: 1.022 Anchorcls: 0.7424 | 0.8s
  Epoch 588/800 | Total: 5.604 Edge: 0.268 Con: 0.171 Cls: 1.020 Anchorcls: 0.7298 | 0.9s
  Epoch 589/800 | Total: 5.653 Edge: 0.272 Con: 0.172 Cls: 1.037 Anchorcls: 0.7284 | 0.9s
  Epoch 590/800 | Total: 5.938 Edge: 0.284 Con: 0.172 Cls: 1.065 Anchorcls: 0.7907 | Val F1: 0.4410 | 0.9s
  Epoch 591/800 | Total: 5.656 Edge: 0.281 Con: 0.170 Cls: 1.023 Anchorcls: 0.7399 | 0.8s
  Epoch 592/800 | Total: 5.561 Edge: 0.274 Con: 0.169 Cls: 1.002 Anchorcls: 0.7319 | 0.8s
  Epoch 593/800 | Total: 5.538 Edge: 0.274 Con: 0.170 Cls: 1.012 Anchorcls: 0.7146 | 0.9s
  Epoch 594/800 | Total: 5.485 Edge: 0.270 Con: 0.171 Cls: 1.012 Anchorcls: 0.6979 | 0.8s
  Epoch 595/800 | Total: 5.907 Edge: 0.272 Con: 0.173 Cls: 1.041 Anchorcls: 0.8085 | Val F1: 0.4457 | 0.9s
  Epoch 596/800 | Total: 5.732 Edge: 0.270 Con: 0.172 Cls: 1.021 Anchorcls: 0.7707 | 0.8s
  Epoch 597/800 | Total: 5.712 Edge: 0.271 Con: 0.172 Cls: 1.038 Anchorcls: 0.7475 | 0.8s
  Epoch 598/800 | Total: 5.633 Edge: 0.277 Con: 0.173 Cls: 1.019 Anchorcls: 0.7369 | 0.8s
  Epoch 599/800 | Total: 5.702 Edge: 0.279 Con: 0.172 Cls: 1.052 Anchorcls: 0.7269 | 0.8s
  Epoch 600/800 | Total: 5.854 Edge: 0.273 Con: 0.172 Cls: 1.035 Anchorcls: 0.7973 | Val F1: 0.4521 | 0.9s
  Epoch 601/800 | Total: 5.687 Edge: 0.277 Con: 0.174 Cls: 1.021 Anchorcls: 0.7535 | 0.8s
  Epoch 602/800 | Total: 5.569 Edge: 0.278 Con: 0.171 Cls: 1.005 Anchorcls: 0.7297 | 0.8s
  Epoch 603/800 | Total: 5.562 Edge: 0.276 Con: 0.171 Cls: 1.020 Anchorcls: 0.7132 | 0.8s
  Epoch 604/800 | Total: 5.529 Edge: 0.281 Con: 0.174 Cls: 1.025 Anchorcls: 0.6959 | 0.8s
  Epoch 605/800 | Total: 6.015 Edge: 0.280 Con: 0.171 Cls: 1.026 Anchorcls: 0.8573 | Val F1: 0.4385 | 0.9s
  Epoch 606/800 | Total: 5.831 Edge: 0.276 Con: 0.172 Cls: 1.032 Anchorcls: 0.7909 | 0.8s
  Epoch 607/800 | Total: 5.681 Edge: 0.270 Con: 0.170 Cls: 1.007 Anchorcls: 0.7680 | 0.8s
  Epoch 608/800 | Total: 5.618 Edge: 0.268 Con: 0.171 Cls: 1.002 Anchorcls: 0.7533 | 0.8s
  Epoch 609/800 | Total: 5.606 Edge: 0.267 Con: 0.171 Cls: 1.010 Anchorcls: 0.7409 | 0.8s
  Epoch 610/800 | Total: 5.966 Edge: 0.269 Con: 0.173 Cls: 1.025 Anchorcls: 0.8447 | Val F1: 0.4451 | 0.9s
  Epoch 611/800 | Total: 5.733 Edge: 0.271 Con: 0.171 Cls: 1.008 Anchorcls: 0.7838 | 0.8s
  Epoch 612/800 | Total: 5.685 Edge: 0.275 Con: 0.170 Cls: 1.007 Anchorcls: 0.7676 | 0.8s
  Epoch 613/800 | Total: 5.655 Edge: 0.270 Con: 0.170 Cls: 1.008 Anchorcls: 0.7588 | 0.8s
  Epoch 614/800 | Total: 5.610 Edge: 0.271 Con: 0.173 Cls: 1.003 Anchorcls: 0.7481 | 0.8s
  Epoch 615/800 | Total: 5.856 Edge: 0.279 Con: 0.172 Cls: 0.998 Anchorcls: 0.8323 | Val F1: 0.4632 | 0.9s
  Epoch 616/800 | Total: 5.686 Edge: 0.272 Con: 0.171 Cls: 0.989 Anchorcls: 0.7868 | 0.8s
  Epoch 617/800 | Total: 5.628 Edge: 0.267 Con: 0.169 Cls: 0.991 Anchorcls: 0.7681 | 0.8s
  Epoch 618/800 | Total: 5.592 Edge: 0.266 Con: 0.172 Cls: 0.994 Anchorcls: 0.7526 | 0.9s
  Epoch 619/800 | Total: 5.579 Edge: 0.268 Con: 0.171 Cls: 0.998 Anchorcls: 0.7441 | 0.8s
  Epoch 620/800 | Total: 5.938 Edge: 0.272 Con: 0.171 Cls: 1.041 Anchorcls: 0.8194 | Val F1: 0.4191 | 0.9s
  Epoch 621/800 | Total: 5.733 Edge: 0.270 Con: 0.172 Cls: 1.035 Anchorcls: 0.7571 | 0.8s
  Epoch 622/800 | Total: 5.642 Edge: 0.275 Con: 0.171 Cls: 1.019 Anchorcls: 0.7413 | 0.8s
  Epoch 623/800 | Total: 5.505 Edge: 0.281 Con: 0.170 Cls: 0.997 Anchorcls: 0.7159 | 0.8s
  Epoch 624/800 | Total: 5.459 Edge: 0.276 Con: 0.173 Cls: 0.995 Anchorcls: 0.7044 | 0.8s
  Epoch 625/800 | Total: 5.764 Edge: 0.271 Con: 0.171 Cls: 1.002 Anchorcls: 0.8008 | Val F1: 0.4443 | 0.9s
  Epoch 626/800 | Total: 5.666 Edge: 0.275 Con: 0.171 Cls: 1.011 Anchorcls: 0.7575 | 0.8s
  Epoch 627/800 | Total: 5.715 Edge: 0.278 Con: 0.173 Cls: 1.045 Anchorcls: 0.7390 | 0.8s
  Epoch 628/800 | Total: 5.621 Edge: 0.276 Con: 0.172 Cls: 1.027 Anchorcls: 0.7256 | 0.8s
  Epoch 629/800 | Total: 5.653 Edge: 0.275 Con: 0.171 Cls: 1.054 Anchorcls: 0.7102 | 0.8s
  Epoch 630/800 | Total: 5.975 Edge: 0.277 Con: 0.173 Cls: 1.063 Anchorcls: 0.8076 | Val F1: 0.4477 | 0.9s
  Epoch 631/800 | Total: 5.756 Edge: 0.275 Con: 0.169 Cls: 1.021 Anchorcls: 0.7775 | 0.8s
  Epoch 632/800 | Total: 5.816 Edge: 0.271 Con: 0.172 Cls: 1.038 Anchorcls: 0.7819 | 0.8s
  Epoch 633/800 | Total: 5.736 Edge: 0.281 Con: 0.174 Cls: 1.039 Anchorcls: 0.7507 | 0.8s
  Epoch 634/800 | Total: 5.695 Edge: 0.283 Con: 0.172 Cls: 1.042 Anchorcls: 0.7330 | 0.8s
  Epoch 635/800 | Total: 6.082 Edge: 0.287 Con: 0.174 Cls: 1.082 Anchorcls: 0.8211 | Val F1: 0.4189 | 0.9s
  Epoch 636/800 | Total: 5.819 Edge: 0.282 Con: 0.174 Cls: 1.042 Anchorcls: 0.7744 | 0.8s
  Epoch 637/800 | Total: 5.613 Edge: 0.275 Con: 0.173 Cls: 1.005 Anchorcls: 0.7458 | 0.8s
  Epoch 638/800 | Total: 5.542 Edge: 0.271 Con: 0.171 Cls: 0.998 Anchorcls: 0.7302 | 0.8s
  Epoch 639/800 | Total: 5.558 Edge: 0.276 Con: 0.172 Cls: 1.014 Anchorcls: 0.7178 | 0.8s
  Epoch 640/800 | Total: 6.089 Edge: 0.274 Con: 0.171 Cls: 1.069 Anchorcls: 0.8408 | Val F1: 0.4462 | 0.9s
  Epoch 641/800 | Total: 5.976 Edge: 0.273 Con: 0.173 Cls: 1.071 Anchorcls: 0.8016 | 0.8s
  Epoch 642/800 | Total: 5.792 Edge: 0.272 Con: 0.172 Cls: 1.038 Anchorcls: 0.7736 | 0.8s
  Epoch 643/800 | Total: 5.672 Edge: 0.270 Con: 0.171 Cls: 1.021 Anchorcls: 0.7514 | 0.8s
  Epoch 644/800 | Total: 5.617 Edge: 0.271 Con: 0.172 Cls: 1.013 Anchorcls: 0.7409 | 0.8s
  Epoch 645/800 | Total: 5.727 Edge: 0.271 Con: 0.173 Cls: 1.006 Anchorcls: 0.7838 | Val F1: 0.4465 | 0.9s
  Epoch 646/800 | Total: 5.653 Edge: 0.275 Con: 0.173 Cls: 1.020 Anchorcls: 0.7443 | 0.8s
  Epoch 647/800 | Total: 5.587 Edge: 0.273 Con: 0.170 Cls: 1.016 Anchorcls: 0.7267 | 0.8s
  Epoch 648/800 | Total: 5.483 Edge: 0.271 Con: 0.172 Cls: 0.999 Anchorcls: 0.7097 | 0.8s
  Epoch 649/800 | Total: 5.448 Edge: 0.267 Con: 0.171 Cls: 1.002 Anchorcls: 0.6969 | 0.8s
  Epoch 650/800 | Total: 5.723 Edge: 0.270 Con: 0.171 Cls: 0.996 Anchorcls: 0.7930 | Val F1: 0.4592 | 0.9s
  Epoch 651/800 | Total: 5.579 Edge: 0.273 Con: 0.172 Cls: 0.994 Anchorcls: 0.7456 | 0.8s
  Epoch 652/800 | Total: 5.434 Edge: 0.267 Con: 0.169 Cls: 0.967 Anchorcls: 0.7272 | 0.8s
  Epoch 653/800 | Total: 5.508 Edge: 0.266 Con: 0.172 Cls: 1.005 Anchorcls: 0.7131 | 0.8s
  Epoch 654/800 | Total: 5.554 Edge: 0.268 Con: 0.171 Cls: 1.019 Anchorcls: 0.7139 | 0.8s
  Epoch 655/800 | Total: 5.810 Edge: 0.268 Con: 0.173 Cls: 1.014 Anchorcls: 0.8047 | Val F1: 0.4493 | 0.9s
  Epoch 656/800 | Total: 5.652 Edge: 0.273 Con: 0.170 Cls: 1.011 Anchorcls: 0.7536 | 0.9s
  Epoch 657/800 | Total: 5.525 Edge: 0.278 Con: 0.171 Cls: 0.985 Anchorcls: 0.7353 | 0.9s
  Epoch 658/800 | Total: 5.507 Edge: 0.276 Con: 0.170 Cls: 0.993 Anchorcls: 0.7222 | 0.9s
  Epoch 659/800 | Total: 5.512 Edge: 0.278 Con: 0.171 Cls: 0.996 Anchorcls: 0.7195 | 0.9s
  Epoch 660/800 | Total: 5.842 Edge: 0.274 Con: 0.173 Cls: 1.007 Anchorcls: 0.8196 | Val F1: 0.4453 | 0.9s
  Epoch 661/800 | Total: 5.650 Edge: 0.273 Con: 0.172 Cls: 1.003 Anchorcls: 0.7612 | 0.9s
  Epoch 662/800 | Total: 5.626 Edge: 0.268 Con: 0.170 Cls: 1.017 Anchorcls: 0.7407 | 0.9s
  Epoch 663/800 | Total: 5.562 Edge: 0.274 Con: 0.171 Cls: 1.002 Anchorcls: 0.7322 | 0.9s
  Epoch 664/800 | Total: 5.431 Edge: 0.269 Con: 0.170 Cls: 0.979 Anchorcls: 0.7134 | 0.9s
  Epoch 665/800 | Total: 5.722 Edge: 0.267 Con: 0.171 Cls: 0.978 Anchorcls: 0.8118 | Val F1: 0.4564 | 0.9s
  Epoch 666/800 | Total: 5.569 Edge: 0.266 Con: 0.171 Cls: 0.979 Anchorcls: 0.7606 | 0.8s
  Epoch 667/800 | Total: 5.607 Edge: 0.273 Con: 0.172 Cls: 1.010 Anchorcls: 0.7397 | 0.8s
  Epoch 668/800 | Total: 5.559 Edge: 0.272 Con: 0.171 Cls: 1.008 Anchorcls: 0.7264 | 0.8s
  Epoch 669/800 | Total: 5.486 Edge: 0.273 Con: 0.171 Cls: 0.993 Anchorcls: 0.7162 | 0.9s
  Epoch 670/800 | Total: 5.741 Edge: 0.271 Con: 0.171 Cls: 0.978 Anchorcls: 0.8164 | Val F1: 0.4548 | 0.9s
  Epoch 671/800 | Total: 5.611 Edge: 0.274 Con: 0.171 Cls: 0.979 Anchorcls: 0.7712 | 0.9s
  Epoch 672/800 | Total: 5.526 Edge: 0.273 Con: 0.170 Cls: 0.975 Anchorcls: 0.7474 | 0.9s
  Epoch 673/800 | Total: 5.551 Edge: 0.272 Con: 0.171 Cls: 0.991 Anchorcls: 0.7406 | 0.9s
  Epoch 674/800 | Total: 5.518 Edge: 0.273 Con: 0.171 Cls: 0.993 Anchorcls: 0.7273 | 0.9s
  Epoch 675/800 | Total: 5.891 Edge: 0.275 Con: 0.173 Cls: 1.020 Anchorcls: 0.8231 | Val F1: 0.4457 | 0.9s
  Epoch 676/800 | Total: 5.725 Edge: 0.270 Con: 0.171 Cls: 1.013 Anchorcls: 0.7770 | 0.9s
  Epoch 677/800 | Total: 5.707 Edge: 0.272 Con: 0.171 Cls: 1.020 Anchorcls: 0.7633 | 0.9s
  Epoch 678/800 | Total: 5.642 Edge: 0.274 Con: 0.170 Cls: 1.016 Anchorcls: 0.7452 | 0.9s
  Epoch 679/800 | Total: 5.519 Edge: 0.276 Con: 0.171 Cls: 0.989 Anchorcls: 0.7298 | 0.9s
  Epoch 680/800 | Total: 5.763 Edge: 0.276 Con: 0.172 Cls: 0.997 Anchorcls: 0.8030 | Val F1: 0.4538 | 0.9s
  Epoch 681/800 | Total: 5.578 Edge: 0.270 Con: 0.171 Cls: 0.989 Anchorcls: 0.7522 | 0.8s
  Epoch 682/800 | Total: 5.469 Edge: 0.267 Con: 0.170 Cls: 0.972 Anchorcls: 0.7342 | 0.8s
  Epoch 683/800 | Total: 5.371 Edge: 0.266 Con: 0.170 Cls: 0.952 Anchorcls: 0.7216 | 0.8s
  Epoch 684/800 | Total: 5.364 Edge: 0.263 Con: 0.170 Cls: 0.962 Anchorcls: 0.7096 | 0.8s
  Epoch 685/800 | Total: 5.647 Edge: 0.268 Con: 0.171 Cls: 0.956 Anchorcls: 0.8087 | Val F1: 0.4546 | 0.9s
  Epoch 686/800 | Total: 5.493 Edge: 0.266 Con: 0.171 Cls: 0.954 Anchorcls: 0.7604 | 0.8s
  Epoch 687/800 | Total: 5.480 Edge: 0.267 Con: 0.171 Cls: 0.968 Anchorcls: 0.7407 | 0.9s
  Epoch 688/800 | Total: 5.460 Edge: 0.268 Con: 0.171 Cls: 0.968 Anchorcls: 0.7338 | 0.8s
  Epoch 689/800 | Total: 5.479 Edge: 0.271 Con: 0.170 Cls: 0.993 Anchorcls: 0.7143 | 0.8s
  Epoch 690/800 | Total: 5.836 Edge: 0.271 Con: 0.174 Cls: 0.985 Anchorcls: 0.8407 | Val F1: 0.4580 | 0.9s
  Epoch 691/800 | Total: 5.695 Edge: 0.272 Con: 0.172 Cls: 1.004 Anchorcls: 0.7750 | 0.8s
  Epoch 692/800 | Total: 5.626 Edge: 0.272 Con: 0.172 Cls: 1.006 Anchorcls: 0.7499 | 0.8s
  Epoch 693/800 | Total: 5.720 Edge: 0.270 Con: 0.173 Cls: 1.049 Anchorcls: 0.7388 | 0.8s
  Epoch 694/800 | Total: 5.572 Edge: 0.271 Con: 0.174 Cls: 1.009 Anchorcls: 0.7295 | 0.8s
  Epoch 695/800 | Total: 5.830 Edge: 0.272 Con: 0.174 Cls: 1.007 Anchorcls: 0.8170 | Val F1: 0.4565 | 0.9s
  Epoch 696/800 | Total: 5.586 Edge: 0.273 Con: 0.170 Cls: 0.975 Anchorcls: 0.7675 | 0.8s
  Epoch 697/800 | Total: 5.559 Edge: 0.270 Con: 0.171 Cls: 0.986 Anchorcls: 0.7480 | 0.8s
  Epoch 698/800 | Total: 5.503 Edge: 0.266 Con: 0.172 Cls: 0.986 Anchorcls: 0.7310 | 0.8s
  Epoch 699/800 | Total: 5.418 Edge: 0.264 Con: 0.170 Cls: 0.970 Anchorcls: 0.7192 | 0.8s
  Epoch 700/800 | Total: 5.693 Edge: 0.269 Con: 0.172 Cls: 0.967 Anchorcls: 0.8128 | Val F1: 0.4400 | 0.9s
  Epoch 701/800 | Total: 5.639 Edge: 0.276 Con: 0.173 Cls: 0.992 Anchorcls: 0.7665 | 0.8s
  Epoch 702/800 | Total: 5.717 Edge: 0.290 Con: 0.172 Cls: 1.015 Anchorcls: 0.7648 | 0.8s
  Epoch 703/800 | Total: 5.711 Edge: 0.285 Con: 0.172 Cls: 1.023 Anchorcls: 0.7573 | 0.8s
  Epoch 704/800 | Total: 5.816 Edge: 0.285 Con: 0.172 Cls: 1.079 Anchorcls: 0.7360 | 0.8s
  Epoch 705/800 | Total: 5.866 Edge: 0.277 Con: 0.175 Cls: 1.024 Anchorcls: 0.8097 | Val F1: 0.4524 | 0.9s
  Epoch 706/800 | Total: 5.565 Edge: 0.270 Con: 0.171 Cls: 0.983 Anchorcls: 0.7535 | 0.9s
  Epoch 707/800 | Total: 5.509 Edge: 0.265 Con: 0.171 Cls: 0.977 Anchorcls: 0.7424 | 0.8s
  Epoch 708/800 | Total: 5.522 Edge: 0.269 Con: 0.172 Cls: 1.001 Anchorcls: 0.7218 | 0.8s
  Epoch 709/800 | Total: 5.430 Edge: 0.273 Con: 0.171 Cls: 0.979 Anchorcls: 0.7117 | 0.8s
  Epoch 710/800 | Total: 5.746 Edge: 0.273 Con: 0.170 Cls: 0.992 Anchorcls: 0.8036 | Val F1: 0.4577 | 0.9s
  Epoch 711/800 | Total: 5.521 Edge: 0.268 Con: 0.170 Cls: 0.969 Anchorcls: 0.7541 | 0.8s
  Epoch 712/800 | Total: 5.555 Edge: 0.274 Con: 0.170 Cls: 0.986 Anchorcls: 0.7457 | 0.8s
  Epoch 713/800 | Total: 5.573 Edge: 0.278 Con: 0.170 Cls: 1.015 Anchorcls: 0.7220 | 0.8s
  Epoch 714/800 | Total: 5.567 Edge: 0.272 Con: 0.172 Cls: 1.024 Anchorcls: 0.7120 | 0.9s
  Epoch 715/800 | Total: 5.868 Edge: 0.271 Con: 0.173 Cls: 1.013 Anchorcls: 0.8239 | Val F1: 0.4567 | 0.9s
  Early stopping at epoch 715
  Best Val F1: 0.4632 | Test F1: 0.4585
  Total training time: 688.0s (11.5 min)

======================================================================
  Val  Macro-F1: 0.4632
  Test Macro-F1: 0.4585
  Test Accuracy: 0.6599
  Time: 689.5s
======================================================================

  Results saved to: results/NESS_ogbn-arxiv_MCAR_0.8_20260724_052813
