/home/erfan/MATE/venv/lib/python3.13/site-packages/outdated/__init__.py:36: UserWarning: pkg_resources is deprecated as an API. See https://setuptools.pypa.io/en/latest/pkg_resources.html. The pkg_resources package is slated for removal as early as 2025-11-30. Refrain from using this package or pin to Setuptools<81.
  from pkg_resources import parse_version
/home/erfan/MATE/ogbn_benchmarks/data_loader.py:96: UserWarning: Sparse invariant checks are implicitly disabled. Memory errors (e.g. SEGFAULT) will occur when operating on a sparse tensor which violates the invariants, but checks incur performance overhead. To silence this warning, explicitly opt in or out. See `torch.sparse.check_sparse_tensor_invariants.__doc__` for guidance.  (Triggered internally at /pytorch/aten/src/ATen/Context.cpp:760.)
  adj = torch.sparse_coo_tensor(edge_index, vals, (num_nodes, num_nodes)).coalesce()
======================================================================
  NESS | ogbn-arxiv | MCAR @ 80% | lr=0.001
======================================================================
[1/3] Loading ogbn-arxiv...
  169,343 nodes | 128 dims | 40 classes
[2/3] Simulating MCAR missingness...
Simulating MCAR missingness at 80% rate...
  MCAR: Uniform random selection
  Observable: 33,869 (20.0%)
  Masked: 135,474 (80.0%)
  Observable: 33,869 | Val: 67,737 | Test: 67,737
[3/3] Running NESS...
  Prefilling missing nodes via Feature Propagation (40 iters)...
  Partitioning graph into 20 clusters (cache_device=gpu)...
  Cached 20 clusters
  Training NESS for up to 800 epochs (patience=20)...
  Epoch 1/800 | Total: 11.632 Edge: 0.687 Con: 0.628 Cls: 3.544 | 1.2s
  Epoch 2/800 | Total: 10.026 Edge: 0.630 Con: 0.491 Cls: 3.050 | 0.9s
  Epoch 3/800 | Total: 9.627 Edge: 0.628 Con: 0.433 Cls: 2.928 | 0.9s
  Epoch 4/800 | Total: 9.529 Edge: 0.608 Con: 0.387 Cls: 2.909 | 0.9s
  Epoch 5/800 | Total: 8.531 Edge: 0.624 Con: 0.356 Cls: 2.577 | Val F1: 0.0689 | 0.9s
  Epoch 6/800 | Total: 8.022 Edge: 0.588 Con: 0.341 Cls: 2.421 | 0.8s
  Epoch 7/800 | Total: 7.632 Edge: 0.585 Con: 0.333 Cls: 2.293 | 0.8s
  Epoch 8/800 | Total: 7.584 Edge: 0.568 Con: 0.323 Cls: 2.285 | 0.8s
  Epoch 9/800 | Total: 7.230 Edge: 0.549 Con: 0.312 Cls: 2.175 | 0.9s
  Epoch 10/800 | Total: 7.085 Edge: 0.543 Con: 0.294 Cls: 2.132 | Val F1: 0.1001 | 0.9s
  Epoch 11/800 | Total: 7.135 Edge: 0.521 Con: 0.295 Cls: 2.156 | 0.9s
  Epoch 12/800 | Total: 6.772 Edge: 0.507 Con: 0.291 Cls: 2.040 | 0.9s
  Epoch 13/800 | Total: 6.443 Edge: 0.504 Con: 0.281 Cls: 1.933 | 0.9s
  Epoch 14/800 | Total: 6.288 Edge: 0.508 Con: 0.273 Cls: 1.881 | 0.9s
  Epoch 15/800 | Total: 6.148 Edge: 0.490 Con: 0.268 Cls: 1.841 | Val F1: 0.1832 | 0.8s
  Epoch 16/800 | Total: 5.949 Edge: 0.479 Con: 0.262 Cls: 1.780 | 0.9s
  Epoch 17/800 | Total: 6.335 Edge: 0.464 Con: 0.259 Cls: 1.914 | 0.9s
  Epoch 18/800 | Total: 6.007 Edge: 0.472 Con: 0.255 Cls: 1.803 | 0.9s
  Epoch 19/800 | Total: 5.982 Edge: 0.477 Con: 0.253 Cls: 1.793 | 0.9s
  Epoch 20/800 | Total: 5.863 Edge: 0.481 Con: 0.248 Cls: 1.753 | Val F1: 0.1875 | 0.9s
  Epoch 21/800 | Total: 5.961 Edge: 0.465 Con: 0.248 Cls: 1.791 | 0.9s
  Epoch 22/800 | Total: 6.126 Edge: 0.483 Con: 0.247 Cls: 1.840 | 0.9s
  Epoch 23/800 | Total: 5.954 Edge: 0.471 Con: 0.243 Cls: 1.787 | 0.9s
  Epoch 24/800 | Total: 5.548 Edge: 0.444 Con: 0.239 Cls: 1.661 | 0.9s
  Epoch 25/800 | Total: 5.407 Edge: 0.434 Con: 0.234 Cls: 1.619 | Val F1: 0.2324 | 0.9s
  Epoch 26/800 | Total: 5.421 Edge: 0.430 Con: 0.234 Cls: 1.625 | 0.9s
  Epoch 27/800 | Total: 5.389 Edge: 0.436 Con: 0.232 Cls: 1.613 | 0.8s
  Epoch 28/800 | Total: 5.281 Edge: 0.438 Con: 0.229 Cls: 1.577 | 0.8s
  Epoch 29/800 | Total: 5.324 Edge: 0.434 Con: 0.228 Cls: 1.592 | 0.8s
  Epoch 30/800 | Total: 5.274 Edge: 0.429 Con: 0.225 Cls: 1.578 | Val F1: 0.2480 | 0.9s
  Epoch 31/800 | Total: 5.192 Edge: 0.416 Con: 0.222 Cls: 1.555 | 0.9s
  Epoch 32/800 | Total: 5.362 Edge: 0.412 Con: 0.225 Cls: 1.612 | 0.9s
  Epoch 33/800 | Total: 5.248 Edge: 0.436 Con: 0.220 Cls: 1.567 | 0.9s
  Epoch 34/800 | Total: 5.108 Edge: 0.417 Con: 0.218 Cls: 1.527 | 0.9s
  Epoch 35/800 | Total: 5.128 Edge: 0.413 Con: 0.219 Cls: 1.535 | Val F1: 0.2516 | 0.9s
  Epoch 36/800 | Total: 5.220 Edge: 0.409 Con: 0.218 Cls: 1.568 | 0.9s
  Epoch 37/800 | Total: 5.100 Edge: 0.418 Con: 0.216 Cls: 1.525 | 0.8s
  Epoch 38/800 | Total: 5.201 Edge: 0.423 Con: 0.217 Cls: 1.556 | 0.8s
  Epoch 39/800 | Total: 4.954 Edge: 0.403 Con: 0.213 Cls: 1.482 | 0.8s
  Epoch 40/800 | Total: 4.883 Edge: 0.395 Con: 0.215 Cls: 1.460 | Val F1: 0.2703 | 0.8s
  Epoch 41/800 | Total: 4.995 Edge: 0.394 Con: 0.213 Cls: 1.498 | 0.9s
  Epoch 42/800 | Total: 4.886 Edge: 0.391 Con: 0.214 Cls: 1.463 | 0.9s
  Epoch 43/800 | Total: 4.783 Edge: 0.390 Con: 0.211 Cls: 1.429 | 0.9s
  Epoch 44/800 | Total: 4.771 Edge: 0.385 Con: 0.210 Cls: 1.427 | 0.9s
  Epoch 45/800 | Total: 5.373 Edge: 0.403 Con: 0.210 Cls: 1.622 | Val F1: 0.2618 | 0.9s
  Epoch 46/800 | Total: 5.326 Edge: 0.475 Con: 0.216 Cls: 1.581 | 0.9s
  Epoch 47/800 | Total: 4.995 Edge: 0.407 Con: 0.216 Cls: 1.494 | 0.8s
  Epoch 48/800 | Total: 4.918 Edge: 0.390 Con: 0.211 Cls: 1.474 | 0.8s
  Epoch 49/800 | Total: 4.970 Edge: 0.413 Con: 0.212 Cls: 1.484 | 0.8s
  Epoch 50/800 | Total: 5.177 Edge: 0.466 Con: 0.214 Cls: 1.535 | Val F1: 0.2939 | 0.9s
  Epoch 51/800 | Total: 5.005 Edge: 0.413 Con: 0.210 Cls: 1.496 | 0.8s
  Epoch 52/800 | Total: 5.104 Edge: 0.399 Con: 0.209 Cls: 1.534 | 0.9s
  Epoch 53/800 | Total: 4.924 Edge: 0.405 Con: 0.211 Cls: 1.471 | 0.8s
  Epoch 54/800 | Total: 4.932 Edge: 0.392 Con: 0.208 Cls: 1.479 | 0.8s
  Epoch 55/800 | Total: 4.810 Edge: 0.383 Con: 0.206 Cls: 1.441 | Val F1: 0.2983 | 0.9s
  Epoch 56/800 | Total: 4.739 Edge: 0.389 Con: 0.205 Cls: 1.416 | 0.8s
  Epoch 57/800 | Total: 4.698 Edge: 0.385 Con: 0.202 Cls: 1.404 | 0.8s
  Epoch 58/800 | Total: 4.768 Edge: 0.391 Con: 0.202 Cls: 1.425 | 0.9s
  Epoch 59/800 | Total: 5.158 Edge: 0.404 Con: 0.204 Cls: 1.551 | 0.8s
  Epoch 60/800 | Total: 5.113 Edge: 0.400 Con: 0.209 Cls: 1.536 | Val F1: 0.3001 | 0.9s
  Epoch 61/800 | Total: 4.756 Edge: 0.390 Con: 0.201 Cls: 1.422 | 0.8s
  Epoch 62/800 | Total: 4.605 Edge: 0.380 Con: 0.200 Cls: 1.375 | 0.9s
  Epoch 63/800 | Total: 4.654 Edge: 0.379 Con: 0.200 Cls: 1.391 | 0.8s
  Epoch 64/800 | Total: 4.577 Edge: 0.379 Con: 0.198 Cls: 1.366 | 0.9s
  Epoch 65/800 | Total: 4.537 Edge: 0.371 Con: 0.198 Cls: 1.356 | Val F1: 0.3197 | 0.8s
  Epoch 66/800 | Total: 4.489 Edge: 0.364 Con: 0.196 Cls: 1.342 | 0.8s
  Epoch 67/800 | Total: 4.468 Edge: 0.361 Con: 0.196 Cls: 1.336 | 0.8s
  Epoch 68/800 | Total: 4.408 Edge: 0.354 Con: 0.195 Cls: 1.319 | 0.8s
  Epoch 69/800 | Total: 4.562 Edge: 0.357 Con: 0.196 Cls: 1.369 | 0.8s
  Epoch 70/800 | Total: 4.548 Edge: 0.365 Con: 0.198 Cls: 1.362 | Val F1: 0.3426 | 0.8s
  Epoch 71/800 | Total: 4.520 Edge: 0.362 Con: 0.196 Cls: 1.353 | 0.8s
  Epoch 72/800 | Total: 4.615 Edge: 0.366 Con: 0.195 Cls: 1.384 | 0.8s
  Epoch 73/800 | Total: 4.545 Edge: 0.367 Con: 0.196 Cls: 1.360 | 0.8s
  Epoch 74/800 | Total: 4.489 Edge: 0.366 Con: 0.196 Cls: 1.342 | 0.8s
  Epoch 75/800 | Total: 4.436 Edge: 0.355 Con: 0.192 Cls: 1.328 | Val F1: 0.3367 | 0.9s
  Epoch 76/800 | Total: 4.491 Edge: 0.351 Con: 0.193 Cls: 1.348 | 0.9s
  Epoch 77/800 | Total: 4.448 Edge: 0.358 Con: 0.194 Cls: 1.331 | 0.9s
  Epoch 78/800 | Total: 4.599 Edge: 0.358 Con: 0.194 Cls: 1.381 | 0.9s
  Epoch 79/800 | Total: 4.544 Edge: 0.361 Con: 0.193 Cls: 1.362 | 0.8s
  Epoch 80/800 | Total: 4.475 Edge: 0.354 Con: 0.194 Cls: 1.341 | Val F1: 0.3526 | 0.8s
  Epoch 81/800 | Total: 4.487 Edge: 0.355 Con: 0.192 Cls: 1.345 | 0.9s
  Epoch 82/800 | Total: 4.354 Edge: 0.348 Con: 0.190 Cls: 1.304 | 0.8s
  Epoch 83/800 | Total: 4.351 Edge: 0.340 Con: 0.190 Cls: 1.305 | 0.8s
  Epoch 84/800 | Total: 4.415 Edge: 0.346 Con: 0.194 Cls: 1.324 | 0.9s
  Epoch 85/800 | Total: 4.541 Edge: 0.357 Con: 0.193 Cls: 1.362 | Val F1: 0.3009 | 0.9s
  Epoch 86/800 | Total: 4.603 Edge: 0.362 Con: 0.193 Cls: 1.382 | 0.9s
  Epoch 87/800 | Total: 4.462 Edge: 0.354 Con: 0.191 Cls: 1.338 | 0.9s
  Epoch 88/800 | Total: 4.357 Edge: 0.351 Con: 0.190 Cls: 1.304 | 0.9s
  Epoch 89/800 | Total: 4.342 Edge: 0.343 Con: 0.189 Cls: 1.302 | 0.9s
  Epoch 90/800 | Total: 4.365 Edge: 0.348 Con: 0.190 Cls: 1.308 | Val F1: 0.3585 | 0.9s
  Epoch 91/800 | Total: 4.301 Edge: 0.347 Con: 0.190 Cls: 1.286 | 0.9s
  Epoch 92/800 | Total: 4.378 Edge: 0.359 Con: 0.189 Cls: 1.308 | 0.9s
  Epoch 93/800 | Total: 4.484 Edge: 0.362 Con: 0.190 Cls: 1.342 | 0.9s
  Epoch 94/800 | Total: 4.632 Edge: 0.366 Con: 0.190 Cls: 1.390 | 0.9s
  Epoch 95/800 | Total: 4.518 Edge: 0.356 Con: 0.189 Cls: 1.356 | Val F1: 0.3490 | 0.9s
  Epoch 96/800 | Total: 4.450 Edge: 0.348 Con: 0.191 Cls: 1.335 | 0.9s
  Epoch 97/800 | Total: 4.363 Edge: 0.342 Con: 0.189 Cls: 1.309 | 0.9s
  Epoch 98/800 | Total: 4.359 Edge: 0.338 Con: 0.188 Cls: 1.309 | 0.9s
  Epoch 99/800 | Total: 4.345 Edge: 0.335 Con: 0.188 Cls: 1.305 | 0.9s
  Epoch 100/800 | Total: 4.407 Edge: 0.348 Con: 0.187 Cls: 1.322 | Val F1: 0.3713 | 0.9s
  Epoch 101/800 | Total: 4.423 Edge: 0.380 Con: 0.186 Cls: 1.316 | 0.9s
  Epoch 102/800 | Total: 4.336 Edge: 0.366 Con: 0.186 Cls: 1.292 | 0.9s
  Epoch 103/800 | Total: 4.398 Edge: 0.351 Con: 0.186 Cls: 1.318 | 0.8s
  Epoch 104/800 | Total: 4.471 Edge: 0.348 Con: 0.187 Cls: 1.343 | 0.8s
  Epoch 105/800 | Total: 4.550 Edge: 0.358 Con: 0.186 Cls: 1.366 | Val F1: 0.3378 | 0.8s
  Epoch 106/800 | Total: 5.002 Edge: 0.387 Con: 0.189 Cls: 1.507 | 0.9s
  Epoch 107/800 | Total: 4.993 Edge: 0.391 Con: 0.198 Cls: 1.501 | 0.8s
  Epoch 108/800 | Total: 4.770 Edge: 0.388 Con: 0.192 Cls: 1.428 | 0.8s
  Epoch 109/800 | Total: 4.682 Edge: 0.388 Con: 0.193 Cls: 1.399 | 0.8s
  Epoch 110/800 | Total: 4.496 Edge: 0.375 Con: 0.187 Cls: 1.343 | Val F1: 0.3623 | 0.8s
  Epoch 111/800 | Total: 4.449 Edge: 0.368 Con: 0.186 Cls: 1.329 | 0.8s
  Epoch 112/800 | Total: 4.425 Edge: 0.357 Con: 0.185 Cls: 1.325 | 0.9s
  Epoch 113/800 | Total: 4.412 Edge: 0.347 Con: 0.184 Cls: 1.324 | 0.8s
  Epoch 114/800 | Total: 4.420 Edge: 0.348 Con: 0.184 Cls: 1.327 | 0.8s
  Epoch 115/800 | Total: 4.353 Edge: 0.339 Con: 0.184 Cls: 1.307 | Val F1: 0.3670 | 0.8s
  Epoch 116/800 | Total: 4.248 Edge: 0.335 Con: 0.184 Cls: 1.274 | 0.8s
  Epoch 117/800 | Total: 4.175 Edge: 0.334 Con: 0.183 Cls: 1.250 | 0.8s
  Epoch 118/800 | Total: 4.208 Edge: 0.335 Con: 0.183 Cls: 1.260 | 0.9s
  Epoch 119/800 | Total: 4.269 Edge: 0.340 Con: 0.183 Cls: 1.279 | 0.8s
  Epoch 120/800 | Total: 4.211 Edge: 0.334 Con: 0.182 Cls: 1.262 | Val F1: 0.3691 | 0.9s
  Epoch 121/800 | Total: 4.137 Edge: 0.331 Con: 0.182 Cls: 1.238 | 0.8s
  Epoch 122/800 | Total: 4.137 Edge: 0.328 Con: 0.181 Cls: 1.239 | 0.8s
  Epoch 123/800 | Total: 4.158 Edge: 0.325 Con: 0.182 Cls: 1.247 | 0.8s
  Epoch 124/800 | Total: 4.187 Edge: 0.328 Con: 0.182 Cls: 1.256 | 0.8s
  Epoch 125/800 | Total: 4.140 Edge: 0.323 Con: 0.183 Cls: 1.242 | Val F1: 0.3815 | 0.8s
  Epoch 126/800 | Total: 4.161 Edge: 0.321 Con: 0.182 Cls: 1.250 | 0.9s
  Epoch 127/800 | Total: 4.238 Edge: 0.325 Con: 0.183 Cls: 1.274 | 0.9s
  Epoch 128/800 | Total: 4.295 Edge: 0.330 Con: 0.184 Cls: 1.291 | 0.8s
  Epoch 129/800 | Total: 4.343 Edge: 0.337 Con: 0.184 Cls: 1.305 | 0.8s
  Epoch 130/800 | Total: 4.257 Edge: 0.342 Con: 0.182 Cls: 1.275 | Val F1: 0.3743 | 0.8s
  Epoch 131/800 | Total: 4.264 Edge: 0.338 Con: 0.181 Cls: 1.279 | 0.8s
  Epoch 132/800 | Total: 4.227 Edge: 0.338 Con: 0.183 Cls: 1.266 | 0.8s
  Epoch 133/800 | Total: 4.120 Edge: 0.327 Con: 0.179 Cls: 1.234 | 0.8s
  Epoch 134/800 | Total: 4.122 Edge: 0.319 Con: 0.181 Cls: 1.238 | 0.8s
  Epoch 135/800 | Total: 4.066 Edge: 0.316 Con: 0.180 Cls: 1.220 | Val F1: 0.3895 | 0.8s
  Epoch 136/800 | Total: 4.021 Edge: 0.319 Con: 0.179 Cls: 1.204 | 0.8s
  Epoch 137/800 | Total: 4.027 Edge: 0.333 Con: 0.181 Cls: 1.201 | 0.8s
  Epoch 138/800 | Total: 4.096 Edge: 0.332 Con: 0.178 Cls: 1.225 | 0.8s
  Epoch 139/800 | Total: 4.274 Edge: 0.335 Con: 0.181 Cls: 1.283 | 0.8s
  Epoch 140/800 | Total: 4.191 Edge: 0.330 Con: 0.182 Cls: 1.257 | Val F1: 0.3781 | 0.9s
  Epoch 141/800 | Total: 4.197 Edge: 0.335 Con: 0.180 Cls: 1.258 | 0.8s
  Epoch 142/800 | Total: 4.139 Edge: 0.330 Con: 0.179 Cls: 1.240 | 0.8s
  Epoch 143/800 | Total: 4.073 Edge: 0.331 Con: 0.180 Cls: 1.217 | 0.8s
  Epoch 144/800 | Total: 4.095 Edge: 0.337 Con: 0.178 Cls: 1.223 | 0.8s
  Epoch 145/800 | Total: 4.358 Edge: 0.338 Con: 0.180 Cls: 1.310 | Val F1: 0.3547 | 0.9s
  Epoch 146/800 | Total: 4.341 Edge: 0.333 Con: 0.180 Cls: 1.306 | 0.8s
  Epoch 147/800 | Total: 4.199 Edge: 0.334 Con: 0.180 Cls: 1.258 | 0.8s
  Epoch 148/800 | Total: 4.249 Edge: 0.328 Con: 0.179 Cls: 1.277 | 0.8s
  Epoch 149/800 | Total: 4.234 Edge: 0.326 Con: 0.180 Cls: 1.273 | 0.9s
  Epoch 150/800 | Total: 4.323 Edge: 0.332 Con: 0.179 Cls: 1.300 | Val F1: 0.3484 | 0.9s
  Epoch 151/800 | Total: 4.414 Edge: 0.346 Con: 0.181 Cls: 1.326 | 0.9s
  Epoch 152/800 | Total: 4.461 Edge: 0.348 Con: 0.182 Cls: 1.341 | 0.9s
  Epoch 153/800 | Total: 4.431 Edge: 0.343 Con: 0.180 Cls: 1.333 | 0.9s
  Epoch 154/800 | Total: 4.279 Edge: 0.359 Con: 0.181 Cls: 1.276 | 0.9s
  Epoch 155/800 | Total: 4.159 Edge: 0.353 Con: 0.180 Cls: 1.239 | Val F1: 0.3593 | 1.0s
  Epoch 156/800 | Total: 4.225 Edge: 0.343 Con: 0.179 Cls: 1.264 | 1.0s
  Epoch 157/800 | Total: 4.116 Edge: 0.336 Con: 0.177 Cls: 1.231 | 0.9s
  Epoch 158/800 | Total: 4.092 Edge: 0.329 Con: 0.178 Cls: 1.225 | 0.9s
  Epoch 159/800 | Total: 4.090 Edge: 0.320 Con: 0.178 Cls: 1.227 | 0.9s
  Epoch 160/800 | Total: 4.096 Edge: 0.316 Con: 0.178 Cls: 1.231 | Val F1: 0.3941 | 0.9s
  Epoch 161/800 | Total: 4.027 Edge: 0.310 Con: 0.176 Cls: 1.210 | 0.9s
  Epoch 162/800 | Total: 4.053 Edge: 0.310 Con: 0.177 Cls: 1.218 | 0.9s
  Epoch 163/800 | Total: 4.040 Edge: 0.315 Con: 0.178 Cls: 1.212 | 1.0s
  Epoch 164/800 | Total: 4.029 Edge: 0.314 Con: 0.178 Cls: 1.209 | 1.0s
  Epoch 165/800 | Total: 4.123 Edge: 0.321 Con: 0.178 Cls: 1.238 | Val F1: 0.3942 | 1.0s
  Epoch 166/800 | Total: 4.108 Edge: 0.341 Con: 0.178 Cls: 1.226 | 1.0s
  Epoch 167/800 | Total: 4.402 Edge: 0.332 Con: 0.179 Cls: 1.327 | 0.9s
  Epoch 168/800 | Total: 4.552 Edge: 0.345 Con: 0.184 Cls: 1.372 | 0.9s
  Epoch 169/800 | Total: 4.818 Edge: 0.353 Con: 0.183 Cls: 1.458 | 0.9s
  Epoch 170/800 | Total: 4.433 Edge: 0.353 Con: 0.186 Cls: 1.329 | Val F1: 0.3547 | 0.9s
  Epoch 171/800 | Total: 4.260 Edge: 0.355 Con: 0.180 Cls: 1.272 | 0.9s
  Epoch 172/800 | Total: 4.196 Edge: 0.352 Con: 0.181 Cls: 1.251 | 0.9s
  Epoch 173/800 | Total: 4.163 Edge: 0.339 Con: 0.181 Cls: 1.245 | 0.9s
  Epoch 174/800 | Total: 4.200 Edge: 0.332 Con: 0.180 Cls: 1.260 | 0.9s
  Epoch 175/800 | Total: 4.283 Edge: 0.333 Con: 0.179 Cls: 1.287 | Val F1: 0.3744 | 0.9s
  Epoch 176/800 | Total: 4.107 Edge: 0.340 Con: 0.179 Cls: 1.226 | 0.9s
  Epoch 177/800 | Total: 4.112 Edge: 0.323 Con: 0.177 Cls: 1.234 | 0.9s
  Epoch 178/800 | Total: 4.134 Edge: 0.325 Con: 0.177 Cls: 1.240 | 1.0s
  Epoch 179/800 | Total: 4.098 Edge: 0.317 Con: 0.178 Cls: 1.231 | 1.0s
  Epoch 180/800 | Total: 4.104 Edge: 0.323 Con: 0.177 Cls: 1.231 | Val F1: 0.3845 | 1.0s
  Epoch 181/800 | Total: 4.068 Edge: 0.316 Con: 0.177 Cls: 1.221 | 0.9s
  Epoch 182/800 | Total: 4.010 Edge: 0.315 Con: 0.176 Cls: 1.202 | 0.9s
  Epoch 183/800 | Total: 3.978 Edge: 0.321 Con: 0.176 Cls: 1.189 | 1.0s
  Epoch 184/800 | Total: 3.933 Edge: 0.310 Con: 0.177 Cls: 1.178 | 1.0s
  Epoch 185/800 | Total: 3.925 Edge: 0.307 Con: 0.173 Cls: 1.177 | Val F1: 0.4100 | 1.1s
  Epoch 186/800 | Total: 3.946 Edge: 0.308 Con: 0.175 Cls: 1.184 | 1.1s
  Epoch 187/800 | Total: 4.009 Edge: 0.312 Con: 0.175 Cls: 1.203 | 1.0s
  Epoch 188/800 | Total: 4.100 Edge: 0.314 Con: 0.176 Cls: 1.233 | 1.0s
  Epoch 189/800 | Total: 4.006 Edge: 0.310 Con: 0.174 Cls: 1.203 | 1.0s
  Epoch 190/800 | Total: 4.108 Edge: 0.315 Con: 0.178 Cls: 1.235 | Val F1: 0.3767 | 0.9s
  Epoch 191/800 | Total: 4.014 Edge: 0.320 Con: 0.175 Cls: 1.202 | 1.0s
  Epoch 192/800 | Total: 3.993 Edge: 0.313 Con: 0.176 Cls: 1.197 | 1.1s
  Epoch 193/800 | Total: 3.962 Edge: 0.310 Con: 0.176 Cls: 1.188 | 1.1s
  Epoch 194/800 | Total: 4.076 Edge: 0.313 Con: 0.176 Cls: 1.225 | 0.9s
  Epoch 195/800 | Total: 4.440 Edge: 0.326 Con: 0.178 Cls: 1.342 | Val F1: 0.3448 | 0.9s
  Epoch 196/800 | Total: 4.224 Edge: 0.335 Con: 0.175 Cls: 1.267 | 1.0s
  Epoch 197/800 | Total: 4.134 Edge: 0.329 Con: 0.174 Cls: 1.239 | 1.0s
  Epoch 198/800 | Total: 4.016 Edge: 0.327 Con: 0.175 Cls: 1.201 | 1.0s
  Epoch 199/800 | Total: 3.967 Edge: 0.322 Con: 0.173 Cls: 1.186 | 1.0s
  Epoch 200/800 | Total: 3.970 Edge: 0.310 Con: 0.173 Cls: 1.191 | Val F1: 0.4046 | 1.0s
  Epoch 201/800 | Total: 3.894 Edge: 0.308 Con: 0.174 Cls: 1.166 | 1.0s
  Epoch 202/800 | Total: 4.113 Edge: 0.313 Con: 0.177 Cls: 1.237 | 1.0s
  Epoch 203/800 | Total: 4.188 Edge: 0.320 Con: 0.177 Cls: 1.260 | 1.0s
  Epoch 204/800 | Total: 4.129 Edge: 0.326 Con: 0.176 Cls: 1.238 | 1.0s
  Epoch 205/800 | Total: 4.009 Edge: 0.311 Con: 0.174 Cls: 1.203 | Val F1: 0.3963 | 1.1s
  Epoch 206/800 | Total: 3.988 Edge: 0.309 Con: 0.173 Cls: 1.198 | 1.0s
  Epoch 207/800 | Total: 3.885 Edge: 0.301 Con: 0.175 Cls: 1.166 | 1.0s
  Epoch 208/800 | Total: 3.956 Edge: 0.303 Con: 0.173 Cls: 1.189 | 1.0s
  Epoch 209/800 | Total: 3.974 Edge: 0.301 Con: 0.171 Cls: 1.196 | 1.1s
  Epoch 210/800 | Total: 4.077 Edge: 0.306 Con: 0.174 Cls: 1.228 | Val F1: 0.3986 | 1.0s
  Epoch 211/800 | Total: 4.044 Edge: 0.310 Con: 0.174 Cls: 1.216 | 1.0s
  Epoch 212/800 | Total: 3.969 Edge: 0.315 Con: 0.174 Cls: 1.189 | 0.9s
  Epoch 213/800 | Total: 4.005 Edge: 0.322 Con: 0.175 Cls: 1.199 | 0.9s
  Epoch 214/800 | Total: 3.988 Edge: 0.310 Con: 0.173 Cls: 1.197 | 1.1s
  Epoch 215/800 | Total: 3.965 Edge: 0.312 Con: 0.174 Cls: 1.188 | Val F1: 0.4066 | 1.0s
  Epoch 216/800 | Total: 3.921 Edge: 0.308 Con: 0.173 Cls: 1.175 | 0.9s
  Epoch 217/800 | Total: 3.892 Edge: 0.308 Con: 0.173 Cls: 1.166 | 1.0s
  Epoch 218/800 | Total: 3.892 Edge: 0.307 Con: 0.173 Cls: 1.166 | 0.9s
  Epoch 219/800 | Total: 3.859 Edge: 0.303 Con: 0.172 Cls: 1.156 | 1.0s
  Epoch 220/800 | Total: 3.946 Edge: 0.307 Con: 0.174 Cls: 1.184 | Val F1: 0.4093 | 0.9s
  Epoch 221/800 | Total: 3.926 Edge: 0.313 Con: 0.172 Cls: 1.176 | 1.0s
  Epoch 222/800 | Total: 3.901 Edge: 0.305 Con: 0.173 Cls: 1.170 | 1.0s
  Epoch 223/800 | Total: 3.867 Edge: 0.302 Con: 0.174 Cls: 1.159 | 1.0s
  Epoch 224/800 | Total: 3.962 Edge: 0.304 Con: 0.174 Cls: 1.190 | 0.9s
  Epoch 225/800 | Total: 3.954 Edge: 0.300 Con: 0.173 Cls: 1.189 | Val F1: 0.4152 | 0.9s
  Epoch 226/800 | Total: 3.878 Edge: 0.307 Con: 0.173 Cls: 1.162 | 0.9s
  Epoch 227/800 | Total: 3.959 Edge: 0.315 Con: 0.174 Cls: 1.186 | 0.9s
  Epoch 228/800 | Total: 4.132 Edge: 0.333 Con: 0.176 Cls: 1.237 | 0.9s
  Epoch 229/800 | Total: 4.307 Edge: 0.337 Con: 0.176 Cls: 1.294 | 1.0s
  Epoch 230/800 | Total: 4.285 Edge: 0.338 Con: 0.176 Cls: 1.287 | Val F1: 0.3891 | 1.0s
  Epoch 231/800 | Total: 4.139 Edge: 0.332 Con: 0.177 Cls: 1.240 | 1.0s
  Epoch 232/800 | Total: 4.170 Edge: 0.334 Con: 0.176 Cls: 1.249 | 1.0s
  Epoch 233/800 | Total: 4.164 Edge: 0.368 Con: 0.178 Cls: 1.236 | 1.0s
  Epoch 234/800 | Total: 3.993 Edge: 0.349 Con: 0.175 Cls: 1.186 | 1.0s
  Epoch 235/800 | Total: 3.916 Edge: 0.324 Con: 0.175 Cls: 1.168 | Val F1: 0.4085 | 1.0s
  Epoch 236/800 | Total: 3.860 Edge: 0.314 Con: 0.172 Cls: 1.153 | 1.0s
  Epoch 237/800 | Total: 3.877 Edge: 0.307 Con: 0.171 Cls: 1.161 | 1.0s
  Epoch 238/800 | Total: 3.847 Edge: 0.303 Con: 0.174 Cls: 1.152 | 1.1s
  Epoch 239/800 | Total: 3.902 Edge: 0.302 Con: 0.173 Cls: 1.171 | 1.0s
  Epoch 240/800 | Total: 3.899 Edge: 0.302 Con: 0.173 Cls: 1.170 | Val F1: 0.4097 | 0.9s
  Epoch 241/800 | Total: 3.888 Edge: 0.301 Con: 0.172 Cls: 1.167 | 1.0s
  Epoch 242/800 | Total: 3.950 Edge: 0.301 Con: 0.174 Cls: 1.187 | 0.9s
  Epoch 243/800 | Total: 3.830 Edge: 0.301 Con: 0.172 Cls: 1.148 | 0.9s
  Epoch 244/800 | Total: 3.863 Edge: 0.305 Con: 0.173 Cls: 1.157 | 1.0s
  Epoch 245/800 | Total: 3.822 Edge: 0.297 Con: 0.172 Cls: 1.146 | Val F1: 0.4079 | 0.9s
  Epoch 246/800 | Total: 3.881 Edge: 0.299 Con: 0.172 Cls: 1.165 | 0.9s
  Epoch 247/800 | Total: 3.834 Edge: 0.302 Con: 0.171 Cls: 1.149 | 0.9s
  Epoch 248/800 | Total: 3.822 Edge: 0.299 Con: 0.171 Cls: 1.146 | 1.0s
  Epoch 249/800 | Total: 3.801 Edge: 0.299 Con: 0.171 Cls: 1.139 | 1.0s
  Epoch 250/800 | Total: 3.838 Edge: 0.298 Con: 0.173 Cls: 1.151 | Val F1: 0.4145 | 0.9s
  Epoch 251/800 | Total: 3.872 Edge: 0.295 Con: 0.172 Cls: 1.164 | 1.0s
  Epoch 252/800 | Total: 3.769 Edge: 0.292 Con: 0.171 Cls: 1.130 | 1.0s
  Epoch 253/800 | Total: 3.737 Edge: 0.290 Con: 0.171 Cls: 1.121 | 1.0s
  Epoch 254/800 | Total: 3.753 Edge: 0.291 Con: 0.171 Cls: 1.126 | 0.9s
  Epoch 255/800 | Total: 3.728 Edge: 0.295 Con: 0.171 Cls: 1.116 | Val F1: 0.4134 | 0.9s
  Epoch 256/800 | Total: 3.760 Edge: 0.307 Con: 0.170 Cls: 1.123 | 1.0s
  Epoch 257/800 | Total: 3.807 Edge: 0.305 Con: 0.172 Cls: 1.138 | 1.0s
  Epoch 258/800 | Total: 3.923 Edge: 0.302 Con: 0.171 Cls: 1.179 | 0.9s
  Epoch 259/800 | Total: 3.979 Edge: 0.309 Con: 0.170 Cls: 1.195 | 0.9s
  Epoch 260/800 | Total: 3.984 Edge: 0.308 Con: 0.172 Cls: 1.197 | Val F1: 0.3798 | 1.0s
  Epoch 261/800 | Total: 4.163 Edge: 0.323 Con: 0.172 Cls: 1.251 | 1.0s
  Epoch 262/800 | Total: 4.031 Edge: 0.317 Con: 0.175 Cls: 1.209 | 1.0s
  Epoch 263/800 | Total: 4.277 Edge: 0.322 Con: 0.175 Cls: 1.289 | 0.9s
  Epoch 264/800 | Total: 4.231 Edge: 0.339 Con: 0.175 Cls: 1.268 | 1.0s
  Epoch 265/800 | Total: 4.139 Edge: 0.329 Con: 0.174 Cls: 1.241 | Val F1: 0.4070 | 0.9s
  Epoch 266/800 | Total: 3.936 Edge: 0.316 Con: 0.172 Cls: 1.178 | 1.0s
  Epoch 267/800 | Total: 3.955 Edge: 0.312 Con: 0.173 Cls: 1.186 | 0.9s
  Epoch 268/800 | Total: 3.939 Edge: 0.302 Con: 0.171 Cls: 1.184 | 1.0s
  Epoch 269/800 | Total: 3.850 Edge: 0.297 Con: 0.168 Cls: 1.156 | 1.0s
  Epoch 270/800 | Total: 3.815 Edge: 0.298 Con: 0.172 Cls: 1.144 | Val F1: 0.4114 | 0.9s
  Epoch 271/800 | Total: 3.911 Edge: 0.303 Con: 0.172 Cls: 1.174 | 1.0s
  Epoch 272/800 | Total: 3.880 Edge: 0.298 Con: 0.171 Cls: 1.166 | 1.0s
  Epoch 273/800 | Total: 3.971 Edge: 0.309 Con: 0.173 Cls: 1.192 | 1.0s
  Epoch 274/800 | Total: 3.850 Edge: 0.302 Con: 0.170 Cls: 1.154 | 0.9s
  Epoch 275/800 | Total: 3.791 Edge: 0.296 Con: 0.170 Cls: 1.137 | Val F1: 0.4215 | 0.9s
  Epoch 276/800 | Total: 3.761 Edge: 0.292 Con: 0.170 Cls: 1.128 | 0.9s
  Epoch 277/800 | Total: 3.770 Edge: 0.289 Con: 0.171 Cls: 1.132 | 0.9s
  Epoch 278/800 | Total: 3.739 Edge: 0.289 Con: 0.171 Cls: 1.121 | 1.0s
  Epoch 279/800 | Total: 3.790 Edge: 0.288 Con: 0.170 Cls: 1.139 | 0.9s
  Epoch 280/800 | Total: 3.850 Edge: 0.295 Con: 0.170 Cls: 1.157 | Val F1: 0.4139 | 0.9s
  Epoch 281/800 | Total: 3.817 Edge: 0.306 Con: 0.171 Cls: 1.142 | 1.0s
  Epoch 282/800 | Total: 3.743 Edge: 0.307 Con: 0.170 Cls: 1.117 | 1.0s
  Epoch 283/800 | Total: 3.727 Edge: 0.309 Con: 0.171 Cls: 1.111 | 1.0s
  Epoch 284/800 | Total: 3.863 Edge: 0.303 Con: 0.169 Cls: 1.159 | 0.9s
  Epoch 285/800 | Total: 3.873 Edge: 0.312 Con: 0.172 Cls: 1.158 | Val F1: 0.4083 | 0.9s
  Epoch 286/800 | Total: 3.810 Edge: 0.298 Con: 0.171 Cls: 1.142 | 1.0s
  Epoch 287/800 | Total: 3.709 Edge: 0.292 Con: 0.170 Cls: 1.111 | 1.0s
  Epoch 288/800 | Total: 3.763 Edge: 0.293 Con: 0.171 Cls: 1.128 | 1.0s
  Epoch 289/800 | Total: 3.766 Edge: 0.301 Con: 0.170 Cls: 1.127 | 0.9s
  Epoch 290/800 | Total: 3.739 Edge: 0.293 Con: 0.171 Cls: 1.120 | Val F1: 0.4153 | 1.0s
  Epoch 291/800 | Total: 3.817 Edge: 0.296 Con: 0.170 Cls: 1.146 | 0.9s
  Epoch 292/800 | Total: 3.810 Edge: 0.295 Con: 0.171 Cls: 1.143 | 0.9s
  Epoch 293/800 | Total: 3.842 Edge: 0.292 Con: 0.169 Cls: 1.155 | 0.9s
  Epoch 294/800 | Total: 3.816 Edge: 0.297 Con: 0.170 Cls: 1.145 | 0.9s
  Epoch 295/800 | Total: 3.849 Edge: 0.291 Con: 0.169 Cls: 1.158 | Val F1: 0.4068 | 0.9s
  Epoch 296/800 | Total: 3.936 Edge: 0.293 Con: 0.169 Cls: 1.186 | 0.9s
  Epoch 297/800 | Total: 3.925 Edge: 0.299 Con: 0.169 Cls: 1.181 | 0.9s
  Epoch 298/800 | Total: 3.812 Edge: 0.296 Con: 0.171 Cls: 1.143 | 0.9s
  Epoch 299/800 | Total: 3.827 Edge: 0.295 Con: 0.169 Cls: 1.149 | 0.9s
  Epoch 300/800 | Total: 3.794 Edge: 0.290 Con: 0.170 Cls: 1.140 | Val F1: 0.3986 | 0.9s
  Epoch 301/800 | Total: 3.877 Edge: 0.295 Con: 0.169 Cls: 1.166 | 0.9s
  Epoch 302/800 | Total: 3.859 Edge: 0.309 Con: 0.169 Cls: 1.155 | 0.9s
  Epoch 303/800 | Total: 3.777 Edge: 0.296 Con: 0.168 Cls: 1.133 | 0.9s
  Epoch 304/800 | Total: 3.713 Edge: 0.297 Con: 0.169 Cls: 1.110 | 0.9s
  Epoch 305/800 | Total: 3.779 Edge: 0.296 Con: 0.168 Cls: 1.133 | Val F1: 0.4273 | 0.9s
  Epoch 306/800 | Total: 3.767 Edge: 0.296 Con: 0.169 Cls: 1.129 | 0.9s
  Epoch 307/800 | Total: 3.719 Edge: 0.297 Con: 0.170 Cls: 1.112 | 0.9s
  Epoch 308/800 | Total: 3.757 Edge: 0.290 Con: 0.169 Cls: 1.128 | 0.9s
  Epoch 309/800 | Total: 3.785 Edge: 0.291 Con: 0.170 Cls: 1.136 | 0.9s
  Epoch 310/800 | Total: 3.767 Edge: 0.288 Con: 0.168 Cls: 1.132 | Val F1: 0.4132 | 0.9s
  Epoch 311/800 | Total: 3.783 Edge: 0.290 Con: 0.170 Cls: 1.136 | 0.9s
  Epoch 312/800 | Total: 3.838 Edge: 0.293 Con: 0.170 Cls: 1.153 | 0.9s
  Epoch 313/800 | Total: 3.834 Edge: 0.297 Con: 0.170 Cls: 1.151 | 0.9s
  Epoch 314/800 | Total: 3.712 Edge: 0.294 Con: 0.168 Cls: 1.111 | 0.9s
  Epoch 315/800 | Total: 3.710 Edge: 0.291 Con: 0.168 Cls: 1.112 | Val F1: 0.4261 | 0.9s
  Epoch 316/800 | Total: 3.677 Edge: 0.286 Con: 0.168 Cls: 1.102 | 0.9s
  Epoch 317/800 | Total: 3.673 Edge: 0.287 Con: 0.168 Cls: 1.101 | 0.9s
  Epoch 318/800 | Total: 3.700 Edge: 0.290 Con: 0.168 Cls: 1.109 | 1.0s
  Epoch 319/800 | Total: 3.697 Edge: 0.285 Con: 0.168 Cls: 1.110 | 1.1s
  Epoch 320/800 | Total: 3.704 Edge: 0.292 Con: 0.168 Cls: 1.109 | Val F1: 0.4318 | 0.9s
  Epoch 321/800 | Total: 3.728 Edge: 0.296 Con: 0.168 Cls: 1.116 | 0.9s
  Epoch 322/800 | Total: 3.707 Edge: 0.294 Con: 0.167 Cls: 1.110 | 0.9s
  Epoch 323/800 | Total: 3.757 Edge: 0.298 Con: 0.170 Cls: 1.125 | 0.9s
  Epoch 324/800 | Total: 3.832 Edge: 0.301 Con: 0.170 Cls: 1.149 | 0.9s
  Epoch 325/800 | Total: 3.871 Edge: 0.303 Con: 0.170 Cls: 1.161 | Val F1: 0.4050 | 0.9s
  Epoch 326/800 | Total: 4.060 Edge: 0.315 Con: 0.170 Cls: 1.220 | 0.9s
  Epoch 327/800 | Total: 3.971 Edge: 0.315 Con: 0.170 Cls: 1.190 | 0.9s
  Epoch 328/800 | Total: 4.012 Edge: 0.303 Con: 0.170 Cls: 1.208 | 0.9s
  Epoch 329/800 | Total: 3.852 Edge: 0.299 Con: 0.169 Cls: 1.156 | 0.9s
  Epoch 330/800 | Total: 3.884 Edge: 0.296 Con: 0.170 Cls: 1.168 | Val F1: 0.4122 | 0.9s
  Epoch 331/800 | Total: 3.915 Edge: 0.301 Con: 0.168 Cls: 1.177 | 0.9s
  Epoch 332/800 | Total: 3.795 Edge: 0.295 Con: 0.170 Cls: 1.138 | 0.9s
  Epoch 333/800 | Total: 3.769 Edge: 0.297 Con: 0.170 Cls: 1.129 | 0.8s
  Epoch 334/800 | Total: 3.719 Edge: 0.297 Con: 0.168 Cls: 1.113 | 0.8s
  Epoch 335/800 | Total: 3.775 Edge: 0.294 Con: 0.169 Cls: 1.132 | Val F1: 0.4167 | 0.8s
  Epoch 336/800 | Total: 3.654 Edge: 0.288 Con: 0.168 Cls: 1.094 | 0.9s
  Epoch 337/800 | Total: 3.641 Edge: 0.285 Con: 0.169 Cls: 1.091 | 0.9s
  Epoch 338/800 | Total: 3.673 Edge: 0.288 Con: 0.168 Cls: 1.100 | 0.9s
  Epoch 339/800 | Total: 3.655 Edge: 0.290 Con: 0.167 Cls: 1.094 | 0.9s
  Epoch 340/800 | Total: 3.642 Edge: 0.289 Con: 0.169 Cls: 1.090 | Val F1: 0.4323 | 0.9s
  Epoch 341/800 | Total: 3.598 Edge: 0.283 Con: 0.168 Cls: 1.077 | 0.8s
  Epoch 342/800 | Total: 3.592 Edge: 0.283 Con: 0.167 Cls: 1.075 | 0.9s
  Epoch 343/800 | Total: 3.676 Edge: 0.284 Con: 0.168 Cls: 1.103 | 0.8s
  Epoch 344/800 | Total: 3.687 Edge: 0.283 Con: 0.167 Cls: 1.107 | 0.8s
  Epoch 345/800 | Total: 3.642 Edge: 0.282 Con: 0.167 Cls: 1.092 | Val F1: 0.4389 | 0.8s
  Epoch 346/800 | Total: 3.626 Edge: 0.283 Con: 0.167 Cls: 1.086 | 0.8s
  Epoch 347/800 | Total: 3.659 Edge: 0.286 Con: 0.168 Cls: 1.096 | 0.8s
  Epoch 348/800 | Total: 3.656 Edge: 0.291 Con: 0.168 Cls: 1.094 | 0.8s
  Epoch 349/800 | Total: 3.675 Edge: 0.294 Con: 0.168 Cls: 1.099 | 0.8s
  Epoch 350/800 | Total: 3.656 Edge: 0.297 Con: 0.169 Cls: 1.091 | Val F1: 0.4284 | 0.8s
  Epoch 351/800 | Total: 3.755 Edge: 0.290 Con: 0.170 Cls: 1.127 | 0.8s
  Epoch 352/800 | Total: 4.083 Edge: 0.337 Con: 0.174 Cls: 1.220 | 0.8s
  Epoch 353/800 | Total: 3.959 Edge: 0.316 Con: 0.174 Cls: 1.185 | 0.8s
  Epoch 354/800 | Total: 3.976 Edge: 0.311 Con: 0.172 Cls: 1.193 | 0.9s
  Epoch 355/800 | Total: 3.939 Edge: 0.303 Con: 0.172 Cls: 1.183 | Val F1: 0.4148 | 0.9s
  Epoch 356/800 | Total: 3.939 Edge: 0.308 Con: 0.171 Cls: 1.182 | 0.9s
  Epoch 357/800 | Total: 3.991 Edge: 0.296 Con: 0.171 Cls: 1.203 | 0.9s
  Epoch 358/800 | Total: 3.876 Edge: 0.302 Con: 0.170 Cls: 1.163 | 0.8s
  Epoch 359/800 | Total: 4.222 Edge: 0.316 Con: 0.173 Cls: 1.273 | 0.8s
  Epoch 360/800 | Total: 3.964 Edge: 0.317 Con: 0.171 Cls: 1.187 | Val F1: 0.4134 | 0.8s
  Epoch 361/800 | Total: 3.785 Edge: 0.311 Con: 0.172 Cls: 1.129 | 0.8s
  Epoch 362/800 | Total: 3.729 Edge: 0.299 Con: 0.171 Cls: 1.115 | 0.8s
  Epoch 363/800 | Total: 3.741 Edge: 0.292 Con: 0.169 Cls: 1.122 | 0.8s
  Epoch 364/800 | Total: 3.655 Edge: 0.286 Con: 0.168 Cls: 1.095 | 0.8s
  Epoch 365/800 | Total: 3.643 Edge: 0.287 Con: 0.169 Cls: 1.090 | Val F1: 0.4159 | 0.8s
  Epoch 366/800 | Total: 3.664 Edge: 0.289 Con: 0.169 Cls: 1.097 | 0.9s
  Epoch 367/800 | Total: 3.649 Edge: 0.289 Con: 0.168 Cls: 1.092 | 0.9s
  Epoch 368/800 | Total: 3.652 Edge: 0.285 Con: 0.168 Cls: 1.094 | 0.9s
  Epoch 369/800 | Total: 3.604 Edge: 0.282 Con: 0.167 Cls: 1.079 | 0.8s
  Epoch 370/800 | Total: 3.628 Edge: 0.280 Con: 0.166 Cls: 1.088 | Val F1: 0.4338 | 0.8s
  Epoch 371/800 | Total: 3.678 Edge: 0.281 Con: 0.167 Cls: 1.105 | 0.8s
  Epoch 372/800 | Total: 3.612 Edge: 0.285 Con: 0.168 Cls: 1.081 | 0.8s
  Epoch 373/800 | Total: 3.665 Edge: 0.283 Con: 0.168 Cls: 1.099 | 0.8s
  Epoch 374/800 | Total: 3.642 Edge: 0.281 Con: 0.168 Cls: 1.093 | 0.8s
  Epoch 375/800 | Total: 3.717 Edge: 0.284 Con: 0.169 Cls: 1.116 | Val F1: 0.4243 | 0.8s
  Epoch 376/800 | Total: 3.756 Edge: 0.290 Con: 0.168 Cls: 1.127 | 0.8s
  Epoch 377/800 | Total: 3.777 Edge: 0.300 Con: 0.170 Cls: 1.131 | 0.8s
  Epoch 378/800 | Total: 3.823 Edge: 0.301 Con: 0.171 Cls: 1.145 | 0.8s
  Epoch 379/800 | Total: 3.771 Edge: 0.297 Con: 0.169 Cls: 1.130 | 0.8s
  Epoch 380/800 | Total: 3.699 Edge: 0.294 Con: 0.169 Cls: 1.107 | Val F1: 0.4306 | 0.8s
  Epoch 381/800 | Total: 3.627 Edge: 0.290 Con: 0.168 Cls: 1.085 | 0.8s
  Epoch 382/800 | Total: 3.708 Edge: 0.286 Con: 0.168 Cls: 1.113 | 0.8s
  Epoch 383/800 | Total: 3.688 Edge: 0.289 Con: 0.168 Cls: 1.105 | 0.8s
  Epoch 384/800 | Total: 3.753 Edge: 0.293 Con: 0.168 Cls: 1.125 | 0.8s
  Epoch 385/800 | Total: 3.779 Edge: 0.300 Con: 0.169 Cls: 1.131 | Val F1: 0.4093 | 0.9s
  Epoch 386/800 | Total: 3.784 Edge: 0.291 Con: 0.169 Cls: 1.136 | 0.8s
  Epoch 387/800 | Total: 3.702 Edge: 0.289 Con: 0.167 Cls: 1.110 | 0.8s
  Epoch 388/800 | Total: 3.595 Edge: 0.284 Con: 0.168 Cls: 1.076 | 0.8s
  Epoch 389/800 | Total: 3.568 Edge: 0.281 Con: 0.167 Cls: 1.068 | 0.8s
  Epoch 390/800 | Total: 3.549 Edge: 0.280 Con: 0.166 Cls: 1.062 | Val F1: 0.4377 | 0.8s
  Epoch 391/800 | Total: 3.592 Edge: 0.279 Con: 0.167 Cls: 1.077 | 0.8s
  Epoch 392/800 | Total: 3.592 Edge: 0.277 Con: 0.168 Cls: 1.077 | 0.8s
  Epoch 393/800 | Total: 3.560 Edge: 0.276 Con: 0.166 Cls: 1.067 | 0.8s
  Epoch 394/800 | Total: 3.559 Edge: 0.277 Con: 0.166 Cls: 1.066 | 0.8s
  Epoch 395/800 | Total: 3.598 Edge: 0.279 Con: 0.168 Cls: 1.078 | Val F1: 0.4344 | 0.9s
  Epoch 396/800 | Total: 3.738 Edge: 0.287 Con: 0.168 Cls: 1.122 | 0.8s
  Epoch 397/800 | Total: 3.961 Edge: 0.297 Con: 0.170 Cls: 1.193 | 0.9s
  Epoch 398/800 | Total: 3.940 Edge: 0.303 Con: 0.171 Cls: 1.184 | 0.8s
  Epoch 399/800 | Total: 3.823 Edge: 0.310 Con: 0.171 Cls: 1.143 | 0.8s
  Epoch 400/800 | Total: 3.707 Edge: 0.299 Con: 0.169 Cls: 1.108 | Val F1: 0.4408 | 0.9s
  Epoch 401/800 | Total: 3.696 Edge: 0.291 Con: 0.167 Cls: 1.107 | 0.9s
  Epoch 402/800 | Total: 3.739 Edge: 0.289 Con: 0.171 Cls: 1.122 | 0.9s
  Epoch 403/800 | Total: 3.707 Edge: 0.289 Con: 0.169 Cls: 1.111 | 0.9s
  Epoch 404/800 | Total: 3.620 Edge: 0.281 Con: 0.168 Cls: 1.085 | 0.9s
  Epoch 405/800 | Total: 3.576 Edge: 0.280 Con: 0.167 Cls: 1.071 | Val F1: 0.4379 | 0.9s
  Epoch 406/800 | Total: 3.600 Edge: 0.284 Con: 0.167 Cls: 1.077 | 0.8s
  Epoch 407/800 | Total: 3.618 Edge: 0.296 Con: 0.167 Cls: 1.080 | 0.8s
  Epoch 408/800 | Total: 3.591 Edge: 0.292 Con: 0.168 Cls: 1.072 | 0.8s
  Epoch 409/800 | Total: 3.597 Edge: 0.288 Con: 0.167 Cls: 1.075 | 0.8s
  Epoch 410/800 | Total: 3.590 Edge: 0.286 Con: 0.167 Cls: 1.073 | Val F1: 0.4317 | 0.8s
  Epoch 411/800 | Total: 3.533 Edge: 0.275 Con: 0.166 Cls: 1.058 | 0.9s
  Epoch 412/800 | Total: 3.522 Edge: 0.275 Con: 0.166 Cls: 1.055 | 0.9s
  Epoch 413/800 | Total: 3.517 Edge: 0.277 Con: 0.166 Cls: 1.052 | 0.9s
  Epoch 414/800 | Total: 3.513 Edge: 0.279 Con: 0.167 Cls: 1.050 | 0.9s
  Epoch 415/800 | Total: 3.494 Edge: 0.278 Con: 0.167 Cls: 1.044 | Val F1: 0.4328 | 0.9s
  Epoch 416/800 | Total: 3.504 Edge: 0.277 Con: 0.167 Cls: 1.048 | 0.9s
  Epoch 417/800 | Total: 3.516 Edge: 0.277 Con: 0.165 Cls: 1.052 | 0.9s
  Epoch 418/800 | Total: 3.558 Edge: 0.283 Con: 0.167 Cls: 1.064 | 0.9s
  Epoch 419/800 | Total: 3.578 Edge: 0.283 Con: 0.166 Cls: 1.071 | 0.9s
  Epoch 420/800 | Total: 3.597 Edge: 0.284 Con: 0.167 Cls: 1.077 | Val F1: 0.4268 | 1.2s
  Epoch 421/800 | Total: 3.591 Edge: 0.283 Con: 0.167 Cls: 1.075 | 0.9s
  Epoch 422/800 | Total: 3.616 Edge: 0.281 Con: 0.166 Cls: 1.084 | 0.9s
  Epoch 423/800 | Total: 3.602 Edge: 0.285 Con: 0.168 Cls: 1.078 | 0.9s
  Epoch 424/800 | Total: 3.574 Edge: 0.280 Con: 0.166 Cls: 1.070 | 0.9s
  Epoch 425/800 | Total: 3.538 Edge: 0.279 Con: 0.167 Cls: 1.058 | Val F1: 0.4475 | 0.9s
  Epoch 426/800 | Total: 3.522 Edge: 0.278 Con: 0.166 Cls: 1.054 | 0.9s
  Epoch 427/800 | Total: 3.524 Edge: 0.277 Con: 0.166 Cls: 1.055 | 0.9s
  Epoch 428/800 | Total: 3.586 Edge: 0.282 Con: 0.169 Cls: 1.073 | 0.9s
  Epoch 429/800 | Total: 3.677 Edge: 0.288 Con: 0.166 Cls: 1.102 | 0.9s
  Epoch 430/800 | Total: 3.611 Edge: 0.300 Con: 0.168 Cls: 1.076 | Val F1: 0.4360 | 0.9s
  Epoch 431/800 | Total: 3.563 Edge: 0.286 Con: 0.167 Cls: 1.065 | 0.9s
  Epoch 432/800 | Total: 3.593 Edge: 0.282 Con: 0.167 Cls: 1.076 | 0.9s
  Epoch 433/800 | Total: 3.565 Edge: 0.277 Con: 0.166 Cls: 1.068 | 0.9s
  Epoch 434/800 | Total: 3.573 Edge: 0.280 Con: 0.166 Cls: 1.070 | 0.9s
  Epoch 435/800 | Total: 3.596 Edge: 0.278 Con: 0.167 Cls: 1.078 | Val F1: 0.4327 | 0.8s
  Epoch 436/800 | Total: 3.579 Edge: 0.281 Con: 0.167 Cls: 1.072 | 0.9s
  Epoch 437/800 | Total: 3.553 Edge: 0.276 Con: 0.166 Cls: 1.065 | 0.9s
  Epoch 438/800 | Total: 3.546 Edge: 0.279 Con: 0.169 Cls: 1.061 | 1.3s
  Epoch 439/800 | Total: 3.591 Edge: 0.282 Con: 0.167 Cls: 1.075 | 1.5s
  Epoch 440/800 | Total: 3.594 Edge: 0.287 Con: 0.166 Cls: 1.075 | Val F1: 0.4285 | 1.6s
  Epoch 441/800 | Total: 3.731 Edge: 0.302 Con: 0.168 Cls: 1.115 | 1.6s
  Epoch 442/800 | Total: 3.598 Edge: 0.288 Con: 0.167 Cls: 1.076 | 1.6s
  Epoch 443/800 | Total: 3.543 Edge: 0.280 Con: 0.165 Cls: 1.060 | 1.6s
  Epoch 444/800 | Total: 3.504 Edge: 0.279 Con: 0.165 Cls: 1.048 | 1.4s
  Epoch 445/800 | Total: 3.471 Edge: 0.278 Con: 0.165 Cls: 1.037 | Val F1: 0.4412 | 1.4s
  Epoch 446/800 | Total: 3.488 Edge: 0.281 Con: 0.165 Cls: 1.042 | 1.5s
  Epoch 447/800 | Total: 3.716 Edge: 0.301 Con: 0.167 Cls: 1.111 | 1.5s
  Epoch 448/800 | Total: 3.899 Edge: 0.313 Con: 0.171 Cls: 1.167 | 1.4s
  Epoch 449/800 | Total: 3.807 Edge: 0.309 Con: 0.169 Cls: 1.138 | 1.6s
  Epoch 450/800 | Total: 3.682 Edge: 0.298 Con: 0.170 Cls: 1.099 | Val F1: 0.4342 | 1.4s
  Epoch 451/800 | Total: 3.568 Edge: 0.290 Con: 0.167 Cls: 1.065 | 1.4s
  Epoch 452/800 | Total: 3.592 Edge: 0.285 Con: 0.168 Cls: 1.074 | 1.6s
  Epoch 453/800 | Total: 3.476 Edge: 0.277 Con: 0.166 Cls: 1.039 | 1.4s
  Epoch 454/800 | Total: 3.582 Edge: 0.279 Con: 0.168 Cls: 1.073 | 1.6s
  Epoch 455/800 | Total: 3.548 Edge: 0.285 Con: 0.166 Cls: 1.060 | Val F1: 0.4306 | 1.5s
  Epoch 456/800 | Total: 3.624 Edge: 0.292 Con: 0.167 Cls: 1.083 | 1.4s
  Epoch 457/800 | Total: 3.584 Edge: 0.296 Con: 0.168 Cls: 1.068 | 1.6s
  Epoch 458/800 | Total: 3.520 Edge: 0.286 Con: 0.167 Cls: 1.050 | 1.4s
  Epoch 459/800 | Total: 3.475 Edge: 0.278 Con: 0.167 Cls: 1.038 | 1.6s
  Epoch 460/800 | Total: 3.464 Edge: 0.281 Con: 0.165 Cls: 1.033 | Val F1: 0.4455 | 1.4s
  Epoch 461/800 | Total: 3.431 Edge: 0.278 Con: 0.166 Cls: 1.023 | 1.4s
  Epoch 462/800 | Total: 3.414 Edge: 0.274 Con: 0.165 Cls: 1.019 | 1.7s
  Epoch 463/800 | Total: 3.447 Edge: 0.274 Con: 0.167 Cls: 1.030 | 1.5s
  Epoch 464/800 | Total: 3.524 Edge: 0.279 Con: 0.168 Cls: 1.053 | 1.5s
  Epoch 465/800 | Total: 3.515 Edge: 0.277 Con: 0.167 Cls: 1.051 | Val F1: 0.4192 | 1.6s
  Epoch 466/800 | Total: 3.525 Edge: 0.279 Con: 0.167 Cls: 1.054 | 1.6s
  Epoch 467/800 | Total: 3.689 Edge: 0.284 Con: 0.167 Cls: 1.107 | 1.4s
  Epoch 468/800 | Total: 3.688 Edge: 0.287 Con: 0.166 Cls: 1.106 | 1.7s
  Epoch 469/800 | Total: 3.822 Edge: 0.287 Con: 0.168 Cls: 1.150 | 1.4s
  Epoch 470/800 | Total: 3.829 Edge: 0.297 Con: 0.169 Cls: 1.149 | Val F1: 0.4232 | 1.7s
  Epoch 471/800 | Total: 3.746 Edge: 0.297 Con: 0.167 Cls: 1.122 | 1.4s
  Epoch 472/800 | Total: 4.131 Edge: 0.312 Con: 0.171 Cls: 1.244 | 1.6s
  Epoch 473/800 | Total: 4.344 Edge: 0.342 Con: 0.176 Cls: 1.305 | 1.5s
  Epoch 474/800 | Total: 4.123 Edge: 0.330 Con: 0.171 Cls: 1.236 | 1.6s
  Epoch 475/800 | Total: 3.927 Edge: 0.316 Con: 0.172 Cls: 1.175 | Val F1: 0.4217 | 1.5s
  Epoch 476/800 | Total: 3.810 Edge: 0.300 Con: 0.169 Cls: 1.142 | 1.5s
  Epoch 477/800 | Total: 3.654 Edge: 0.298 Con: 0.169 Cls: 1.090 | 1.6s
  Epoch 478/800 | Total: 3.636 Edge: 0.293 Con: 0.169 Cls: 1.086 | 1.6s
  Epoch 479/800 | Total: 3.546 Edge: 0.285 Con: 0.167 Cls: 1.059 | 1.5s
  Epoch 480/800 | Total: 3.515 Edge: 0.282 Con: 0.167 Cls: 1.050 | Val F1: 0.4438 | 1.6s
  Epoch 481/800 | Total: 3.448 Edge: 0.277 Con: 0.166 Cls: 1.029 | 1.5s
  Epoch 482/800 | Total: 3.443 Edge: 0.276 Con: 0.166 Cls: 1.028 | 1.5s
  Epoch 483/800 | Total: 3.414 Edge: 0.273 Con: 0.167 Cls: 1.019 | 1.6s
  Epoch 484/800 | Total: 3.461 Edge: 0.273 Con: 0.167 Cls: 1.035 | 1.5s
  Epoch 485/800 | Total: 3.450 Edge: 0.273 Con: 0.166 Cls: 1.031 | Val F1: 0.4407 | 1.5s
  Epoch 486/800 | Total: 3.462 Edge: 0.277 Con: 0.166 Cls: 1.034 | 1.4s
  Epoch 487/800 | Total: 3.427 Edge: 0.280 Con: 0.165 Cls: 1.021 | 1.7s
  Epoch 488/800 | Total: 3.425 Edge: 0.275 Con: 0.165 Cls: 1.022 | 1.6s
  Epoch 489/800 | Total: 3.406 Edge: 0.272 Con: 0.165 Cls: 1.017 | 1.5s
  Epoch 490/800 | Total: 3.406 Edge: 0.274 Con: 0.165 Cls: 1.017 | Val F1: 0.4448 | 1.6s
  Epoch 491/800 | Total: 3.452 Edge: 0.273 Con: 0.166 Cls: 1.032 | 1.6s
  Epoch 492/800 | Total: 3.459 Edge: 0.275 Con: 0.166 Cls: 1.034 | 1.5s
  Epoch 493/800 | Total: 3.486 Edge: 0.275 Con: 0.166 Cls: 1.043 | 1.5s
  Epoch 494/800 | Total: 3.629 Edge: 0.289 Con: 0.167 Cls: 1.085 | 1.5s
  Epoch 495/800 | Total: 3.614 Edge: 0.305 Con: 0.168 Cls: 1.075 | Val F1: 0.4352 | 1.5s
  Epoch 496/800 | Total: 3.553 Edge: 0.293 Con: 0.166 Cls: 1.059 | 1.5s
  Epoch 497/800 | Total: 3.507 Edge: 0.286 Con: 0.167 Cls: 1.046 | 1.7s
  Epoch 498/800 | Total: 3.575 Edge: 0.285 Con: 0.167 Cls: 1.069 | 1.5s
  Epoch 499/800 | Total: 3.604 Edge: 0.283 Con: 0.167 Cls: 1.079 | 1.6s
  Epoch 500/800 | Total: 3.574 Edge: 0.281 Con: 0.167 Cls: 1.070 | Val F1: 0.4322 | 1.4s
  Epoch 501/800 | Total: 3.484 Edge: 0.276 Con: 0.166 Cls: 1.042 | 1.5s
  Epoch 502/800 | Total: 3.498 Edge: 0.275 Con: 0.165 Cls: 1.047 | 1.5s
  Epoch 503/800 | Total: 3.470 Edge: 0.276 Con: 0.165 Cls: 1.037 | 1.5s
  Epoch 504/800 | Total: 3.477 Edge: 0.277 Con: 0.165 Cls: 1.039 | 1.6s
  Epoch 505/800 | Total: 3.453 Edge: 0.277 Con: 0.165 Cls: 1.031 | Val F1: 0.4364 | 1.6s
  Epoch 506/800 | Total: 3.432 Edge: 0.275 Con: 0.164 Cls: 1.025 | 1.6s
  Epoch 507/800 | Total: 3.408 Edge: 0.272 Con: 0.165 Cls: 1.018 | 1.5s
  Epoch 508/800 | Total: 3.384 Edge: 0.271 Con: 0.165 Cls: 1.010 | 1.5s
  Epoch 509/800 | Total: 3.404 Edge: 0.273 Con: 0.165 Cls: 1.016 | 1.6s
  Epoch 510/800 | Total: 3.416 Edge: 0.275 Con: 0.166 Cls: 1.020 | Val F1: 0.4535 | 1.5s
  Epoch 511/800 | Total: 3.419 Edge: 0.273 Con: 0.165 Cls: 1.021 | 1.4s
  Epoch 512/800 | Total: 3.479 Edge: 0.274 Con: 0.166 Cls: 1.041 | 1.6s
  Epoch 513/800 | Total: 3.500 Edge: 0.275 Con: 0.165 Cls: 1.047 | 1.5s
  Epoch 514/800 | Total: 3.465 Edge: 0.273 Con: 0.166 Cls: 1.036 | 1.6s
  Epoch 515/800 | Total: 3.477 Edge: 0.272 Con: 0.164 Cls: 1.041 | Val F1: 0.4397 | 1.4s
  Epoch 516/800 | Total: 3.414 Edge: 0.273 Con: 0.165 Cls: 1.020 | 1.6s
  Epoch 517/800 | Total: 3.387 Edge: 0.274 Con: 0.165 Cls: 1.010 | 1.4s
  Epoch 518/800 | Total: 3.465 Edge: 0.274 Con: 0.165 Cls: 1.036 | 1.6s
  Epoch 519/800 | Total: 3.497 Edge: 0.277 Con: 0.164 Cls: 1.046 | 1.4s
  Epoch 520/800 | Total: 3.640 Edge: 0.290 Con: 0.167 Cls: 1.089 | Val F1: 0.4177 | 1.6s
  Epoch 521/800 | Total: 3.709 Edge: 0.294 Con: 0.167 Cls: 1.111 | 1.6s
  Epoch 522/800 | Total: 3.601 Edge: 0.288 Con: 0.167 Cls: 1.076 | 1.5s
  Epoch 523/800 | Total: 3.618 Edge: 0.296 Con: 0.167 Cls: 1.080 | 1.5s
  Epoch 524/800 | Total: 3.530 Edge: 0.281 Con: 0.165 Cls: 1.055 | 1.5s
  Epoch 525/800 | Total: 3.408 Edge: 0.277 Con: 0.165 Cls: 1.016 | Val F1: 0.4414 | 1.5s
  Epoch 526/800 | Total: 3.386 Edge: 0.271 Con: 0.164 Cls: 1.011 | 1.4s
  Epoch 527/800 | Total: 3.347 Edge: 0.268 Con: 0.165 Cls: 0.999 | 1.6s
  Epoch 528/800 | Total: 3.334 Edge: 0.268 Con: 0.165 Cls: 0.995 | 1.5s
  Epoch 529/800 | Total: 3.361 Edge: 0.268 Con: 0.164 Cls: 1.004 | 1.6s
  Epoch 530/800 | Total: 3.351 Edge: 0.268 Con: 0.164 Cls: 1.000 | Val F1: 0.4527 | 1.4s
  Epoch 531/800 | Total: 3.362 Edge: 0.268 Con: 0.165 Cls: 1.004 | 1.6s
  Epoch 532/800 | Total: 3.383 Edge: 0.276 Con: 0.164 Cls: 1.008 | 1.5s
  Epoch 533/800 | Total: 3.447 Edge: 0.277 Con: 0.165 Cls: 1.029 | 1.6s
  Epoch 534/800 | Total: 3.640 Edge: 0.285 Con: 0.167 Cls: 1.091 | 1.5s
  Epoch 535/800 | Total: 3.699 Edge: 0.289 Con: 0.166 Cls: 1.109 | Val F1: 0.4336 | 1.6s
  Epoch 536/800 | Total: 3.558 Edge: 0.282 Con: 0.166 Cls: 1.064 | 1.5s
  Epoch 537/800 | Total: 3.593 Edge: 0.278 Con: 0.165 Cls: 1.078 | 1.5s
  Epoch 538/800 | Total: 3.431 Edge: 0.281 Con: 0.167 Cls: 1.022 | 1.5s
  Epoch 539/800 | Total: 3.408 Edge: 0.283 Con: 0.166 Cls: 1.014 | 1.6s
  Epoch 540/800 | Total: 3.491 Edge: 0.287 Con: 0.166 Cls: 1.040 | Val F1: 0.4425 | 1.4s
  Epoch 541/800 | Total: 3.467 Edge: 0.278 Con: 0.164 Cls: 1.036 | 1.4s
  Epoch 542/800 | Total: 3.427 Edge: 0.276 Con: 0.166 Cls: 1.023 | 1.6s
  Epoch 543/800 | Total: 3.356 Edge: 0.274 Con: 0.166 Cls: 1.000 | 1.5s
  Epoch 544/800 | Total: 3.351 Edge: 0.271 Con: 0.166 Cls: 0.999 | 1.6s
  Epoch 545/800 | Total: 3.364 Edge: 0.271 Con: 0.165 Cls: 1.003 | Val F1: 0.4451 | 1.4s
  Epoch 546/800 | Total: 3.325 Edge: 0.267 Con: 0.164 Cls: 0.992 | 1.7s
  Epoch 547/800 | Total: 3.370 Edge: 0.270 Con: 0.164 Cls: 1.006 | 1.4s
  Epoch 548/800 | Total: 3.372 Edge: 0.275 Con: 0.166 Cls: 1.005 | 1.6s
  Epoch 549/800 | Total: 3.399 Edge: 0.281 Con: 0.165 Cls: 1.012 | 1.5s
  Epoch 550/800 | Total: 3.424 Edge: 0.275 Con: 0.166 Cls: 1.022 | Val F1: 0.4330 | 1.6s
  Epoch 551/800 | Total: 3.488 Edge: 0.275 Con: 0.166 Cls: 1.043 | 1.5s
  Epoch 552/800 | Total: 3.575 Edge: 0.280 Con: 0.166 Cls: 1.071 | 1.6s
  Epoch 553/800 | Total: 3.502 Edge: 0.287 Con: 0.166 Cls: 1.044 | 1.5s
  Epoch 554/800 | Total: 3.481 Edge: 0.283 Con: 0.165 Cls: 1.039 | 1.6s
  Epoch 555/800 | Total: 3.558 Edge: 0.278 Con: 0.166 Cls: 1.066 | Val F1: 0.4304 | 1.5s
  Epoch 556/800 | Total: 3.565 Edge: 0.281 Con: 0.166 Cls: 1.067 | 1.7s
  Epoch 557/800 | Total: 3.606 Edge: 0.282 Con: 0.166 Cls: 1.080 | 1.3s
  Epoch 558/800 | Total: 3.491 Edge: 0.279 Con: 0.164 Cls: 1.043 | 1.6s
  Epoch 559/800 | Total: 3.439 Edge: 0.276 Con: 0.165 Cls: 1.027 | 1.4s
  Epoch 560/800 | Total: 3.365 Edge: 0.271 Con: 0.163 Cls: 1.004 | Val F1: 0.4472 | 1.6s
  Epoch 561/800 | Total: 3.449 Edge: 0.271 Con: 0.165 Cls: 1.032 | 1.5s
  Epoch 562/800 | Total: 3.402 Edge: 0.270 Con: 0.165 Cls: 1.016 | 1.5s
  Epoch 563/800 | Total: 3.437 Edge: 0.269 Con: 0.165 Cls: 1.028 | 1.6s
  Epoch 564/800 | Total: 3.407 Edge: 0.270 Con: 0.165 Cls: 1.018 | 1.5s
  Epoch 565/800 | Total: 3.371 Edge: 0.270 Con: 0.166 Cls: 1.006 | Val F1: 0.4487 | 1.5s
  Epoch 566/800 | Total: 3.396 Edge: 0.270 Con: 0.165 Cls: 1.015 | 1.4s
  Epoch 567/800 | Total: 3.406 Edge: 0.269 Con: 0.164 Cls: 1.018 | 1.6s
  Epoch 568/800 | Total: 3.391 Edge: 0.271 Con: 0.165 Cls: 1.013 | 1.4s
  Epoch 569/800 | Total: 3.461 Edge: 0.272 Con: 0.165 Cls: 1.036 | 1.7s
  Epoch 570/800 | Total: 3.358 Edge: 0.277 Con: 0.165 Cls: 0.999 | Val F1: 0.4489 | 1.4s
  Epoch 571/800 | Total: 3.373 Edge: 0.277 Con: 0.165 Cls: 1.005 | 1.4s
  Epoch 572/800 | Total: 3.410 Edge: 0.277 Con: 0.165 Cls: 1.017 | 1.6s
  Epoch 573/800 | Total: 3.412 Edge: 0.278 Con: 0.164 Cls: 1.017 | 1.6s
  Epoch 574/800 | Total: 3.418 Edge: 0.288 Con: 0.166 Cls: 1.016 | 1.6s
  Epoch 575/800 | Total: 3.371 Edge: 0.276 Con: 0.165 Cls: 1.004 | Val F1: 0.4526 | 1.6s
  Epoch 576/800 | Total: 3.422 Edge: 0.277 Con: 0.165 Cls: 1.021 | 1.5s
  Epoch 577/800 | Total: 3.417 Edge: 0.278 Con: 0.166 Cls: 1.019 | 1.7s
  Epoch 578/800 | Total: 3.342 Edge: 0.275 Con: 0.164 Cls: 0.995 | 1.4s
  Epoch 579/800 | Total: 3.300 Edge: 0.266 Con: 0.163 Cls: 0.984 | 1.6s
  Epoch 580/800 | Total: 3.362 Edge: 0.271 Con: 0.165 Cls: 1.003 | Val F1: 0.4434 | 1.4s
  Epoch 581/800 | Total: 3.338 Edge: 0.271 Con: 0.166 Cls: 0.995 | 1.6s
  Epoch 582/800 | Total: 3.381 Edge: 0.274 Con: 0.164 Cls: 1.008 | 1.5s
  Epoch 583/800 | Total: 3.525 Edge: 0.283 Con: 0.164 Cls: 1.053 | 1.5s
  Epoch 584/800 | Total: 3.600 Edge: 0.283 Con: 0.166 Cls: 1.078 | 1.5s
  Epoch 585/800 | Total: 3.729 Edge: 0.288 Con: 0.164 Cls: 1.120 | Val F1: 0.4310 | 1.5s
  Epoch 586/800 | Total: 3.525 Edge: 0.288 Con: 0.165 Cls: 1.052 | 1.7s
  Epoch 587/800 | Total: 3.571 Edge: 0.284 Con: 0.167 Cls: 1.068 | 1.4s
  Epoch 588/800 | Total: 3.599 Edge: 0.298 Con: 0.165 Cls: 1.073 | 1.6s
  Epoch 589/800 | Total: 3.466 Edge: 0.293 Con: 0.164 Cls: 1.030 | 1.4s
  Epoch 590/800 | Total: 3.382 Edge: 0.278 Con: 0.166 Cls: 1.007 | Val F1: 0.4403 | 1.6s
  Epoch 591/800 | Total: 3.392 Edge: 0.279 Con: 0.165 Cls: 1.010 | 1.5s
  Epoch 592/800 | Total: 3.377 Edge: 0.276 Con: 0.163 Cls: 1.006 | 1.5s
  Epoch 593/800 | Total: 3.376 Edge: 0.275 Con: 0.166 Cls: 1.006 | 1.5s
  Epoch 594/800 | Total: 3.466 Edge: 0.277 Con: 0.164 Cls: 1.035 | 1.5s
  Epoch 595/800 | Total: 3.446 Edge: 0.278 Con: 0.164 Cls: 1.029 | Val F1: 0.4394 | 1.5s
  Epoch 596/800 | Total: 3.461 Edge: 0.276 Con: 0.167 Cls: 1.034 | 1.5s
  Epoch 597/800 | Total: 3.388 Edge: 0.278 Con: 0.166 Cls: 1.009 | 1.6s
  Epoch 598/800 | Total: 3.311 Edge: 0.272 Con: 0.165 Cls: 0.985 | 1.4s
  Epoch 599/800 | Total: 3.316 Edge: 0.273 Con: 0.164 Cls: 0.987 | 1.6s
  Epoch 600/800 | Total: 3.293 Edge: 0.268 Con: 0.165 Cls: 0.981 | Val F1: 0.4551 | 1.5s
  Epoch 601/800 | Total: 3.749 Edge: 0.286 Con: 0.168 Cls: 1.126 | 1.6s
  Epoch 602/800 | Total: 4.174 Edge: 0.309 Con: 0.169 Cls: 1.260 | 1.4s
  Epoch 603/800 | Total: 3.951 Edge: 0.309 Con: 0.171 Cls: 1.186 | 1.6s
  Epoch 604/800 | Total: 3.825 Edge: 0.304 Con: 0.168 Cls: 1.146 | 1.5s
  Epoch 605/800 | Total: 3.637 Edge: 0.297 Con: 0.168 Cls: 1.085 | Val F1: 0.4330 | 1.5s
  Epoch 606/800 | Total: 3.434 Edge: 0.285 Con: 0.166 Cls: 1.022 | 1.6s
  Epoch 607/800 | Total: 3.435 Edge: 0.278 Con: 0.164 Cls: 1.025 | 1.6s
  Epoch 608/800 | Total: 3.452 Edge: 0.278 Con: 0.166 Cls: 1.030 | 1.6s
  Epoch 609/800 | Total: 3.347 Edge: 0.278 Con: 0.166 Cls: 0.995 | 1.5s
  Epoch 610/800 | Total: 3.331 Edge: 0.277 Con: 0.165 Cls: 0.991 | Val F1: 0.4570 | 1.7s
  Epoch 611/800 | Total: 3.309 Edge: 0.272 Con: 0.164 Cls: 0.985 | 1.5s
  Epoch 612/800 | Total: 3.289 Edge: 0.269 Con: 0.164 Cls: 0.979 | 1.5s
  Epoch 613/800 | Total: 3.263 Edge: 0.269 Con: 0.165 Cls: 0.970 | 1.5s
  Epoch 614/800 | Total: 3.311 Edge: 0.266 Con: 0.164 Cls: 0.988 | 1.5s
  Epoch 615/800 | Total: 3.340 Edge: 0.267 Con: 0.164 Cls: 0.997 | Val F1: 0.4570 | 1.5s
  Epoch 616/800 | Total: 3.414 Edge: 0.271 Con: 0.164 Cls: 1.020 | 1.6s
  Epoch 617/800 | Total: 3.397 Edge: 0.273 Con: 0.165 Cls: 1.014 | 1.5s
  Epoch 618/800 | Total: 3.362 Edge: 0.278 Con: 0.164 Cls: 1.001 | 0.9s
  Epoch 619/800 | Total: 3.335 Edge: 0.274 Con: 0.164 Cls: 0.993 | 0.9s
  Epoch 620/800 | Total: 3.352 Edge: 0.274 Con: 0.164 Cls: 0.999 | Val F1: 0.4428 | 0.9s
  Epoch 621/800 | Total: 3.449 Edge: 0.280 Con: 0.165 Cls: 1.029 | 0.9s
  Epoch 622/800 | Total: 3.575 Edge: 0.284 Con: 0.166 Cls: 1.069 | 0.8s
  Epoch 623/800 | Total: 3.591 Edge: 0.285 Con: 0.168 Cls: 1.074 | 0.8s
  Epoch 624/800 | Total: 3.557 Edge: 0.280 Con: 0.166 Cls: 1.065 | 0.8s
  Epoch 625/800 | Total: 3.485 Edge: 0.279 Con: 0.165 Cls: 1.041 | Val F1: 0.4327 | 0.8s
  Epoch 626/800 | Total: 3.381 Edge: 0.277 Con: 0.164 Cls: 1.007 | 0.8s
  Epoch 627/800 | Total: 3.405 Edge: 0.272 Con: 0.165 Cls: 1.017 | 0.8s
  Epoch 628/800 | Total: 3.413 Edge: 0.269 Con: 0.164 Cls: 1.020 | 0.8s
  Epoch 629/800 | Total: 3.335 Edge: 0.270 Con: 0.165 Cls: 0.994 | 0.8s
  Epoch 630/800 | Total: 3.362 Edge: 0.276 Con: 0.164 Cls: 1.001 | Val F1: 0.4545 | 0.8s
  Epoch 631/800 | Total: 3.369 Edge: 0.279 Con: 0.167 Cls: 1.002 | 0.8s
  Epoch 632/800 | Total: 3.423 Edge: 0.278 Con: 0.164 Cls: 1.021 | 0.8s
  Epoch 633/800 | Total: 3.333 Edge: 0.272 Con: 0.164 Cls: 0.993 | 0.8s
  Epoch 634/800 | Total: 3.301 Edge: 0.275 Con: 0.164 Cls: 0.981 | 0.8s
  Epoch 635/800 | Total: 3.264 Edge: 0.272 Con: 0.165 Cls: 0.970 | Val F1: 0.4545 | 0.9s
  Epoch 636/800 | Total: 3.317 Edge: 0.271 Con: 0.165 Cls: 0.988 | 0.8s
  Epoch 637/800 | Total: 3.285 Edge: 0.267 Con: 0.164 Cls: 0.979 | 0.9s
  Epoch 638/800 | Total: 3.255 Edge: 0.270 Con: 0.165 Cls: 0.967 | 0.9s
  Epoch 639/800 | Total: 3.296 Edge: 0.269 Con: 0.165 Cls: 0.982 | 0.8s
  Epoch 640/800 | Total: 3.329 Edge: 0.270 Con: 0.163 Cls: 0.993 | Val F1: 0.4598 | 0.8s
  Epoch 641/800 | Total: 3.321 Edge: 0.267 Con: 0.164 Cls: 0.990 | 0.9s
  Epoch 642/800 | Total: 3.351 Edge: 0.268 Con: 0.165 Cls: 1.000 | 0.9s
  Epoch 643/800 | Total: 3.317 Edge: 0.268 Con: 0.163 Cls: 0.989 | 0.9s
  Epoch 644/800 | Total: 3.376 Edge: 0.270 Con: 0.165 Cls: 1.008 | 0.9s
  Epoch 645/800 | Total: 3.378 Edge: 0.270 Con: 0.164 Cls: 1.008 | Val F1: 0.4439 | 0.9s
  Epoch 646/800 | Total: 3.392 Edge: 0.268 Con: 0.164 Cls: 1.014 | 0.9s
  Epoch 647/800 | Total: 3.360 Edge: 0.266 Con: 0.165 Cls: 1.004 | 0.9s
  Epoch 648/800 | Total: 3.357 Edge: 0.267 Con: 0.165 Cls: 1.002 | 0.8s
  Epoch 649/800 | Total: 3.400 Edge: 0.268 Con: 0.165 Cls: 1.016 | 0.8s
  Epoch 650/800 | Total: 3.342 Edge: 0.267 Con: 0.165 Cls: 0.997 | Val F1: 0.4423 | 0.9s
  Epoch 651/800 | Total: 3.327 Edge: 0.273 Con: 0.165 Cls: 0.991 | 0.9s
  Epoch 652/800 | Total: 3.349 Edge: 0.271 Con: 0.164 Cls: 0.999 | 0.8s
  Epoch 653/800 | Total: 3.314 Edge: 0.270 Con: 0.165 Cls: 0.987 | 0.8s
  Epoch 654/800 | Total: 3.306 Edge: 0.273 Con: 0.164 Cls: 0.984 | 0.8s
  Epoch 655/800 | Total: 3.571 Edge: 0.288 Con: 0.165 Cls: 1.067 | Val F1: 0.4235 | 0.8s
  Epoch 656/800 | Total: 3.468 Edge: 0.288 Con: 0.166 Cls: 1.032 | 0.8s
  Epoch 657/800 | Total: 3.347 Edge: 0.276 Con: 0.164 Cls: 0.996 | 0.8s
  Epoch 658/800 | Total: 3.276 Edge: 0.271 Con: 0.164 Cls: 0.974 | 0.8s
  Epoch 659/800 | Total: 3.266 Edge: 0.266 Con: 0.163 Cls: 0.973 | 0.8s
  Epoch 660/800 | Total: 3.281 Edge: 0.267 Con: 0.165 Cls: 0.977 | Val F1: 0.4589 | 0.8s
  Epoch 661/800 | Total: 3.338 Edge: 0.269 Con: 0.164 Cls: 0.996 | 0.8s
  Epoch 662/800 | Total: 3.341 Edge: 0.279 Con: 0.164 Cls: 0.994 | 0.9s
  Epoch 663/800 | Total: 3.366 Edge: 0.273 Con: 0.166 Cls: 1.004 | 0.9s
  Epoch 664/800 | Total: 3.500 Edge: 0.279 Con: 0.164 Cls: 1.046 | 0.9s
  Epoch 665/800 | Total: 3.484 Edge: 0.280 Con: 0.166 Cls: 1.040 | Val F1: 0.4411 | 0.8s
  Epoch 666/800 | Total: 3.488 Edge: 0.281 Con: 0.166 Cls: 1.041 | 0.8s
  Epoch 667/800 | Total: 3.427 Edge: 0.281 Con: 0.164 Cls: 1.021 | 0.8s
  Epoch 668/800 | Total: 3.399 Edge: 0.288 Con: 0.164 Cls: 1.010 | 0.8s
  Epoch 669/800 | Total: 3.326 Edge: 0.284 Con: 0.164 Cls: 0.987 | 0.8s
  Epoch 670/800 | Total: 3.297 Edge: 0.273 Con: 0.164 Cls: 0.981 | Val F1: 0.4440 | 0.8s
  Epoch 671/800 | Total: 3.258 Edge: 0.269 Con: 0.164 Cls: 0.969 | 0.8s
  Epoch 672/800 | Total: 3.239 Edge: 0.266 Con: 0.163 Cls: 0.964 | 0.8s
  Epoch 673/800 | Total: 3.274 Edge: 0.264 Con: 0.163 Cls: 0.976 | 0.8s
  Epoch 674/800 | Total: 3.275 Edge: 0.265 Con: 0.163 Cls: 0.976 | 0.8s
  Epoch 675/800 | Total: 3.226 Edge: 0.263 Con: 0.163 Cls: 0.961 | Val F1: 0.4586 | 0.8s
  Epoch 676/800 | Total: 3.265 Edge: 0.264 Con: 0.164 Cls: 0.973 | 0.8s
  Epoch 677/800 | Total: 3.292 Edge: 0.267 Con: 0.163 Cls: 0.981 | 0.8s
  Epoch 678/800 | Total: 3.287 Edge: 0.266 Con: 0.165 Cls: 0.980 | 0.8s
  Epoch 679/800 | Total: 3.334 Edge: 0.267 Con: 0.164 Cls: 0.995 | 0.8s
  Epoch 680/800 | Total: 3.251 Edge: 0.267 Con: 0.164 Cls: 0.967 | Val F1: 0.4553 | 0.8s
  Epoch 681/800 | Total: 3.272 Edge: 0.273 Con: 0.164 Cls: 0.972 | 0.9s
  Epoch 682/800 | Total: 3.320 Edge: 0.279 Con: 0.165 Cls: 0.986 | 0.8s
  Epoch 683/800 | Total: 3.353 Edge: 0.273 Con: 0.164 Cls: 0.999 | 0.8s
  Epoch 684/800 | Total: 3.285 Edge: 0.269 Con: 0.164 Cls: 0.978 | 0.8s
  Epoch 685/800 | Total: 3.233 Edge: 0.267 Con: 0.164 Cls: 0.961 | Val F1: 0.4627 | 0.8s
  Epoch 686/800 | Total: 3.261 Edge: 0.267 Con: 0.164 Cls: 0.971 | 0.8s
  Epoch 687/800 | Total: 3.325 Edge: 0.265 Con: 0.165 Cls: 0.992 | 0.8s
  Epoch 688/800 | Total: 3.325 Edge: 0.267 Con: 0.165 Cls: 0.992 | 0.8s
  Epoch 689/800 | Total: 3.287 Edge: 0.266 Con: 0.163 Cls: 0.980 | 0.8s
  Epoch 690/800 | Total: 3.285 Edge: 0.261 Con: 0.164 Cls: 0.981 | Val F1: 0.4592 | 0.8s
  Epoch 691/800 | Total: 3.307 Edge: 0.269 Con: 0.165 Cls: 0.985 | 0.8s
  Epoch 692/800 | Total: 3.269 Edge: 0.272 Con: 0.164 Cls: 0.972 | 0.8s
  Epoch 693/800 | Total: 3.265 Edge: 0.269 Con: 0.164 Cls: 0.971 | 0.9s
  Epoch 694/800 | Total: 3.246 Edge: 0.271 Con: 0.163 Cls: 0.965 | 0.8s
  Epoch 695/800 | Total: 3.266 Edge: 0.269 Con: 0.165 Cls: 0.972 | Val F1: 0.4536 | 0.8s
  Epoch 696/800 | Total: 3.279 Edge: 0.266 Con: 0.163 Cls: 0.977 | 0.8s
  Epoch 697/800 | Total: 3.209 Edge: 0.265 Con: 0.164 Cls: 0.954 | 0.8s
  Epoch 698/800 | Total: 3.233 Edge: 0.266 Con: 0.163 Cls: 0.962 | 0.8s
  Epoch 699/800 | Total: 3.258 Edge: 0.266 Con: 0.163 Cls: 0.970 | 0.8s
  Epoch 700/800 | Total: 3.265 Edge: 0.267 Con: 0.163 Cls: 0.972 | Val F1: 0.4491 | 0.8s
  Epoch 701/800 | Total: 3.254 Edge: 0.268 Con: 0.164 Cls: 0.968 | 0.8s
  Epoch 702/800 | Total: 3.321 Edge: 0.271 Con: 0.163 Cls: 0.989 | 0.8s
  Epoch 703/800 | Total: 3.349 Edge: 0.281 Con: 0.165 Cls: 0.995 | 0.8s
  Epoch 704/800 | Total: 3.338 Edge: 0.279 Con: 0.165 Cls: 0.992 | 0.8s
  Epoch 705/800 | Total: 3.402 Edge: 0.283 Con: 0.164 Cls: 1.012 | Val F1: 0.4465 | 0.8s
  Epoch 706/800 | Total: 3.369 Edge: 0.282 Con: 0.164 Cls: 1.002 | 0.8s
  Epoch 707/800 | Total: 3.298 Edge: 0.282 Con: 0.164 Cls: 0.978 | 0.8s
  Epoch 708/800 | Total: 3.363 Edge: 0.277 Con: 0.164 Cls: 1.001 | 0.8s
  Epoch 709/800 | Total: 3.350 Edge: 0.273 Con: 0.164 Cls: 0.998 | 0.8s
  Epoch 710/800 | Total: 3.348 Edge: 0.274 Con: 0.164 Cls: 0.997 | Val F1: 0.4597 | 0.8s
  Epoch 711/800 | Total: 3.274 Edge: 0.267 Con: 0.163 Cls: 0.975 | 0.8s
  Epoch 712/800 | Total: 3.251 Edge: 0.267 Con: 0.163 Cls: 0.967 | 0.8s
  Epoch 713/800 | Total: 3.251 Edge: 0.263 Con: 0.163 Cls: 0.969 | 0.8s
  Epoch 714/800 | Total: 3.216 Edge: 0.262 Con: 0.163 Cls: 0.957 | 0.8s
  Epoch 715/800 | Total: 3.367 Edge: 0.267 Con: 0.164 Cls: 1.006 | Val F1: 0.4485 | 0.8s
  Epoch 716/800 | Total: 3.351 Edge: 0.271 Con: 0.164 Cls: 0.999 | 0.8s
  Epoch 717/800 | Total: 3.288 Edge: 0.268 Con: 0.165 Cls: 0.979 | 0.8s
  Epoch 718/800 | Total: 3.333 Edge: 0.268 Con: 0.165 Cls: 0.994 | 0.8s
  Epoch 719/800 | Total: 3.389 Edge: 0.269 Con: 0.163 Cls: 1.013 | 0.9s
  Epoch 720/800 | Total: 3.326 Edge: 0.270 Con: 0.165 Cls: 0.991 | Val F1: 0.4329 | 0.9s
  Epoch 721/800 | Total: 3.356 Edge: 0.269 Con: 0.164 Cls: 1.001 | 0.9s
  Epoch 722/800 | Total: 3.285 Edge: 0.268 Con: 0.163 Cls: 0.979 | 0.9s
  Epoch 723/800 | Total: 3.255 Edge: 0.267 Con: 0.164 Cls: 0.969 | 0.9s
  Epoch 724/800 | Total: 3.302 Edge: 0.269 Con: 0.164 Cls: 0.984 | 0.9s
  Epoch 725/800 | Total: 3.351 Edge: 0.268 Con: 0.165 Cls: 1.000 | Val F1: 0.4431 | 0.9s
  Epoch 726/800 | Total: 3.292 Edge: 0.270 Con: 0.163 Cls: 0.980 | 0.8s
  Epoch 727/800 | Total: 3.243 Edge: 0.270 Con: 0.163 Cls: 0.964 | 0.8s
  Epoch 728/800 | Total: 3.280 Edge: 0.272 Con: 0.166 Cls: 0.975 | 0.8s
  Epoch 729/800 | Total: 3.615 Edge: 0.279 Con: 0.167 Cls: 1.084 | 0.8s
  Epoch 730/800 | Total: 3.724 Edge: 0.319 Con: 0.168 Cls: 1.107 | Val F1: 0.4307 | 0.8s
  Epoch 731/800 | Total: 3.552 Edge: 0.322 Con: 0.169 Cls: 1.049 | 0.8s
  Epoch 732/800 | Total: 3.440 Edge: 0.302 Con: 0.166 Cls: 1.018 | 0.8s
  Epoch 733/800 | Total: 3.386 Edge: 0.286 Con: 0.165 Cls: 1.006 | 0.8s
  Epoch 734/800 | Total: 3.277 Edge: 0.277 Con: 0.164 Cls: 0.973 | 0.9s
  Epoch 735/800 | Total: 3.333 Edge: 0.277 Con: 0.165 Cls: 0.991 | Val F1: 0.4496 | 0.9s
  Epoch 736/800 | Total: 3.311 Edge: 0.274 Con: 0.164 Cls: 0.985 | 0.9s
  Epoch 737/800 | Total: 3.246 Edge: 0.269 Con: 0.164 Cls: 0.965 | 0.9s
  Epoch 738/800 | Total: 3.236 Edge: 0.269 Con: 0.165 Cls: 0.961 | 0.9s
  Epoch 739/800 | Total: 3.191 Edge: 0.266 Con: 0.164 Cls: 0.948 | 0.9s
  Epoch 740/800 | Total: 3.201 Edge: 0.264 Con: 0.164 Cls: 0.952 | Val F1: 0.4582 | 0.9s
  Epoch 741/800 | Total: 3.231 Edge: 0.263 Con: 0.164 Cls: 0.962 | 0.8s
  Epoch 742/800 | Total: 3.233 Edge: 0.263 Con: 0.165 Cls: 0.963 | 0.8s
  Epoch 743/800 | Total: 3.160 Edge: 0.260 Con: 0.163 Cls: 0.939 | 0.8s
  Epoch 744/800 | Total: 3.216 Edge: 0.264 Con: 0.164 Cls: 0.957 | 0.8s
  Epoch 745/800 | Total: 3.206 Edge: 0.261 Con: 0.163 Cls: 0.955 | Val F1: 0.4605 | 0.8s
  Epoch 746/800 | Total: 3.163 Edge: 0.272 Con: 0.164 Cls: 0.936 | 0.8s
  Epoch 747/800 | Total: 3.172 Edge: 0.282 Con: 0.163 Cls: 0.936 | 0.8s
  Epoch 748/800 | Total: 3.238 Edge: 0.272 Con: 0.164 Cls: 0.961 | 0.8s
  Epoch 749/800 | Total: 3.235 Edge: 0.269 Con: 0.164 Cls: 0.961 | 0.8s
  Epoch 750/800 | Total: 3.183 Edge: 0.266 Con: 0.162 Cls: 0.945 | Val F1: 0.4585 | 0.8s
  Epoch 751/800 | Total: 3.220 Edge: 0.267 Con: 0.164 Cls: 0.957 | 0.8s
  Epoch 752/800 | Total: 3.443 Edge: 0.270 Con: 0.165 Cls: 1.030 | 0.8s
  Epoch 753/800 | Total: 3.616 Edge: 0.275 Con: 0.167 Cls: 1.086 | 0.8s
  Epoch 754/800 | Total: 3.623 Edge: 0.286 Con: 0.168 Cls: 1.084 | 0.8s
  Epoch 755/800 | Total: 3.423 Edge: 0.278 Con: 0.165 Cls: 1.021 | Val F1: 0.4449 | 0.8s
  Epoch 756/800 | Total: 3.384 Edge: 0.278 Con: 0.164 Cls: 1.008 | 0.8s
  Epoch 757/800 | Total: 3.322 Edge: 0.275 Con: 0.164 Cls: 0.988 | 0.8s
  Epoch 758/800 | Total: 3.245 Edge: 0.269 Con: 0.165 Cls: 0.965 | 0.8s
  Epoch 759/800 | Total: 3.255 Edge: 0.265 Con: 0.164 Cls: 0.970 | 0.8s
  Epoch 760/800 | Total: 3.238 Edge: 0.265 Con: 0.164 Cls: 0.964 | Val F1: 0.4618 | 0.8s
  Epoch 761/800 | Total: 3.217 Edge: 0.263 Con: 0.163 Cls: 0.957 | 0.8s
  Epoch 762/800 | Total: 3.215 Edge: 0.264 Con: 0.163 Cls: 0.956 | 0.8s
  Epoch 763/800 | Total: 3.245 Edge: 0.267 Con: 0.164 Cls: 0.966 | 0.8s
  Epoch 764/800 | Total: 3.202 Edge: 0.265 Con: 0.163 Cls: 0.952 | 0.8s
  Epoch 765/800 | Total: 3.200 Edge: 0.264 Con: 0.163 Cls: 0.952 | Val F1: 0.4469 | 0.8s
  Epoch 766/800 | Total: 3.162 Edge: 0.263 Con: 0.164 Cls: 0.939 | 0.8s
  Epoch 767/800 | Total: 3.120 Edge: 0.264 Con: 0.163 Cls: 0.925 | 0.8s
  Epoch 768/800 | Total: 3.198 Edge: 0.265 Con: 0.163 Cls: 0.951 | 0.8s
  Epoch 769/800 | Total: 3.184 Edge: 0.265 Con: 0.163 Cls: 0.946 | 0.8s
  Epoch 770/800 | Total: 3.189 Edge: 0.266 Con: 0.163 Cls: 0.947 | Val F1: 0.4603 | 0.8s
  Epoch 771/800 | Total: 3.201 Edge: 0.276 Con: 0.163 Cls: 0.948 | 0.8s
  Epoch 772/800 | Total: 3.209 Edge: 0.273 Con: 0.164 Cls: 0.952 | 0.8s
  Epoch 773/800 | Total: 3.190 Edge: 0.264 Con: 0.164 Cls: 0.948 | 0.8s
  Epoch 774/800 | Total: 3.218 Edge: 0.263 Con: 0.164 Cls: 0.958 | 0.8s
  Epoch 775/800 | Total: 3.220 Edge: 0.266 Con: 0.163 Cls: 0.958 | Val F1: 0.4608 | 0.8s
  Epoch 776/800 | Total: 3.216 Edge: 0.262 Con: 0.162 Cls: 0.958 | 0.8s
  Epoch 777/800 | Total: 3.162 Edge: 0.262 Con: 0.164 Cls: 0.939 | 0.8s
  Epoch 778/800 | Total: 3.153 Edge: 0.262 Con: 0.163 Cls: 0.937 | 0.8s
  Epoch 779/800 | Total: 3.172 Edge: 0.260 Con: 0.164 Cls: 0.943 | 0.8s
  Epoch 780/800 | Total: 3.204 Edge: 0.261 Con: 0.163 Cls: 0.954 | Val F1: 0.4575 | 0.8s
  Epoch 781/800 | Total: 3.240 Edge: 0.267 Con: 0.164 Cls: 0.963 | 0.8s
  Epoch 782/800 | Total: 3.259 Edge: 0.268 Con: 0.164 Cls: 0.970 | 0.8s
  Epoch 783/800 | Total: 3.234 Edge: 0.265 Con: 0.164 Cls: 0.962 | 0.8s
  Epoch 784/800 | Total: 3.226 Edge: 0.265 Con: 0.162 Cls: 0.960 | 0.8s
  Epoch 785/800 | Total: 3.169 Edge: 0.270 Con: 0.164 Cls: 0.939 | Val F1: 0.4672 | 0.8s
  Epoch 786/800 | Total: 3.160 Edge: 0.277 Con: 0.163 Cls: 0.934 | 0.8s
  Epoch 787/800 | Total: 3.180 Edge: 0.268 Con: 0.162 Cls: 0.943 | 0.8s
  Epoch 788/800 | Total: 3.210 Edge: 0.268 Con: 0.163 Cls: 0.954 | 0.8s
  Epoch 789/800 | Total: 3.228 Edge: 0.266 Con: 0.163 Cls: 0.960 | 0.8s
  Epoch 790/800 | Total: 3.245 Edge: 0.266 Con: 0.164 Cls: 0.966 | Val F1: 0.4536 | 0.8s
  Epoch 791/800 | Total: 3.245 Edge: 0.268 Con: 0.165 Cls: 0.965 | 0.8s
  Epoch 792/800 | Total: 3.175 Edge: 0.271 Con: 0.163 Cls: 0.941 | 0.8s
  Epoch 793/800 | Total: 3.132 Edge: 0.268 Con: 0.164 Cls: 0.927 | 0.8s
  Epoch 794/800 | Total: 3.150 Edge: 0.267 Con: 0.163 Cls: 0.934 | 0.8s
  Epoch 795/800 | Total: 3.179 Edge: 0.268 Con: 0.162 Cls: 0.943 | Val F1: 0.4590 | 0.8s
  Epoch 796/800 | Total: 3.196 Edge: 0.263 Con: 0.163 Cls: 0.950 | 0.9s
  Epoch 797/800 | Total: 3.171 Edge: 0.263 Con: 0.163 Cls: 0.942 | 0.9s
  Epoch 798/800 | Total: 3.145 Edge: 0.263 Con: 0.162 Cls: 0.934 | 0.9s
  Epoch 799/800 | Total: 3.148 Edge: 0.263 Con: 0.164 Cls: 0.934 | 0.9s
  Epoch 800/800 | Total: 3.218 Edge: 0.273 Con: 0.164 Cls: 0.954 | Val F1: 0.4566 | 0.9s
  Best Val F1: 0.4672 | Test F1: 0.4634
  Total training time: 906.9s (15.1 min)

======================================================================
  Val  Macro-F1: 0.4672
  Test Macro-F1: 0.4634
  Test Accuracy: 0.6659
  Time: 908.4s
======================================================================

  Results saved to: results/NESS_ogbn-arxiv_MCAR_0.8_20260724_051301
