/home/erfan/MATE/venv/lib/python3.13/site-packages/outdated/__init__.py:36: UserWarning: pkg_resources is deprecated as an API. See https://setuptools.pypa.io/en/latest/pkg_resources.html. The pkg_resources package is slated for removal as early as 2025-11-30. Refrain from using this package or pin to Setuptools<81.
  from pkg_resources import parse_version
/home/erfan/MATE/ogbn_benchmarks/data_loader.py:96: UserWarning: Sparse invariant checks are implicitly disabled. Memory errors (e.g. SEGFAULT) will occur when operating on a sparse tensor which violates the invariants, but checks incur performance overhead. To silence this warning, explicitly opt in or out. See `torch.sparse.check_sparse_tensor_invariants.__doc__` for guidance.  (Triggered internally at /pytorch/aten/src/ATen/Context.cpp:760.)
  adj = torch.sparse_coo_tensor(edge_index, vals, (num_nodes, num_nodes)).coalesce()
======================================================================
  PaGCN | ogbn-arxiv | MCAR @ 80%
======================================================================
[1/3] Loading ogbn-arxiv...
  169,343 nodes | 128 dims | 40 classes
[2/3] Simulating MCAR missingness...
Simulating MCAR missingness at 80% rate...
  MCAR: Uniform random selection
  Observable: 33,869 (20.0%)
  Masked: 135,474 (80.0%)
  Observable: 33,869 | Val: 67,737 | Test: 67,737
[3/3] Running PaGCN...
  Partitioning graph into 20 clusters...
  Pre-caching clusters (with normalized adjacency)...
  Cached 20 clusters
  Training PaGCN for up to 400 epochs (patience=20)...
  Epoch 5/400 | Loss: 2.8737 | Val F1: 0.0219 | 0.0s
  Epoch 10/400 | Loss: 2.5269 | Val F1: 0.0306 | 0.0s
  Epoch 15/400 | Loss: 2.4332 | Val F1: 0.0597 | 0.0s
  Epoch 20/400 | Loss: 2.3439 | Val F1: 0.0654 | 0.1s
  Epoch 25/400 | Loss: 2.3786 | Val F1: 0.0665 | 0.0s
  Epoch 30/400 | Loss: 2.1804 | Val F1: 0.0835 | 0.0s
  Epoch 35/400 | Loss: 2.1245 | Val F1: 0.0969 | 0.0s
  Epoch 40/400 | Loss: 2.1328 | Val F1: 0.1143 | 0.0s
  Epoch 45/400 | Loss: 2.0478 | Val F1: 0.1188 | 0.0s
  Epoch 50/400 | Loss: 2.0771 | Val F1: 0.1204 | 0.0s
  Epoch 55/400 | Loss: 2.0043 | Val F1: 0.1296 | 0.0s
  Epoch 60/400 | Loss: 2.0038 | Val F1: 0.1305 | 0.0s
  Epoch 65/400 | Loss: 2.0182 | Val F1: 0.1274 | 0.0s
  Epoch 70/400 | Loss: 1.9436 | Val F1: 0.1504 | 0.0s
  Epoch 75/400 | Loss: 1.9707 | Val F1: 0.1391 | 0.0s
  Epoch 80/400 | Loss: 1.9504 | Val F1: 0.1539 | 0.0s
  Epoch 85/400 | Loss: 1.9292 | Val F1: 0.1548 | 0.0s
  Epoch 90/400 | Loss: 1.9547 | Val F1: 0.1538 | 0.0s
  Epoch 95/400 | Loss: 2.0007 | Val F1: 0.1354 | 0.1s
  Epoch 100/400 | Loss: 1.9081 | Val F1: 0.1638 | 0.0s
  Epoch 105/400 | Loss: 1.9766 | Val F1: 0.1645 | 0.0s
  Epoch 110/400 | Loss: 1.9606 | Val F1: 0.1515 | 0.1s
  Epoch 115/400 | Loss: 1.8812 | Val F1: 0.1642 | 0.0s
  Epoch 120/400 | Loss: 1.8968 | Val F1: 0.1734 | 0.0s
  Epoch 125/400 | Loss: 1.8795 | Val F1: 0.1743 | 0.0s
  Epoch 130/400 | Loss: 1.9003 | Val F1: 0.1630 | 0.0s
  Epoch 135/400 | Loss: 1.8778 | Val F1: 0.1679 | 0.0s
  Epoch 140/400 | Loss: 1.8732 | Val F1: 0.1532 | 0.1s
  Epoch 145/400 | Loss: 1.8857 | Val F1: 0.1560 | 0.0s
  Epoch 150/400 | Loss: 1.8508 | Val F1: 0.1681 | 0.0s
  Epoch 155/400 | Loss: 1.8487 | Val F1: 0.1597 | 0.1s
  Epoch 160/400 | Loss: 1.9024 | Val F1: 0.1652 | 0.0s
  Epoch 165/400 | Loss: 1.8344 | Val F1: 0.1792 | 0.0s
  Epoch 170/400 | Loss: 1.8476 | Val F1: 0.1786 | 0.0s
  Epoch 175/400 | Loss: 1.8656 | Val F1: 0.1686 | 0.0s
  Epoch 180/400 | Loss: 1.8968 | Val F1: 0.1684 | 0.0s
  Epoch 185/400 | Loss: 1.8420 | Val F1: 0.1733 | 0.0s
  Epoch 190/400 | Loss: 1.8881 | Val F1: 0.1751 | 0.0s
  Epoch 195/400 | Loss: 1.8325 | Val F1: 0.1571 | 0.0s
  Epoch 200/400 | Loss: 1.8299 | Val F1: 0.1727 | 0.0s
  Epoch 205/400 | Loss: 1.8624 | Val F1: 0.1740 | 0.0s
  Epoch 210/400 | Loss: 1.8290 | Val F1: 0.1836 | 0.0s
  Epoch 215/400 | Loss: 1.8140 | Val F1: 0.1729 | 0.0s
  Epoch 220/400 | Loss: 1.8386 | Val F1: 0.1804 | 0.0s
  Epoch 225/400 | Loss: 1.8293 | Val F1: 0.1773 | 0.0s
  Epoch 230/400 | Loss: 1.8651 | Val F1: 0.1649 | 0.0s
  Epoch 235/400 | Loss: 1.8222 | Val F1: 0.1634 | 0.0s
  Epoch 240/400 | Loss: 1.9005 | Val F1: 0.1687 | 0.0s
  Epoch 245/400 | Loss: 1.8060 | Val F1: 0.1763 | 0.0s
  Epoch 250/400 | Loss: 1.8212 | Val F1: 0.1703 | 0.1s
  Epoch 255/400 | Loss: 1.8816 | Val F1: 0.1539 | 0.0s
  Epoch 260/400 | Loss: 1.8256 | Val F1: 0.1728 | 0.0s
  Epoch 265/400 | Loss: 1.9136 | Val F1: 0.1686 | 0.0s
  Epoch 270/400 | Loss: 1.8510 | Val F1: 0.1874 | 0.0s
  Epoch 275/400 | Loss: 1.7786 | Val F1: 0.1922 | 0.0s
  Epoch 280/400 | Loss: 1.8441 | Val F1: 0.1716 | 0.0s
  Epoch 285/400 | Loss: 1.7981 | Val F1: 0.1773 | 0.0s
  Epoch 290/400 | Loss: 1.8559 | Val F1: 0.1518 | 0.0s
  Epoch 295/400 | Loss: 1.8056 | Val F1: 0.1850 | 0.0s
  Epoch 300/400 | Loss: 1.8429 | Val F1: 0.1611 | 0.0s
  Epoch 305/400 | Loss: 1.8507 | Val F1: 0.1780 | 0.0s
  Epoch 310/400 | Loss: 1.8399 | Val F1: 0.1710 | 0.0s
  Epoch 315/400 | Loss: 1.8434 | Val F1: 0.1680 | 0.0s
  Epoch 320/400 | Loss: 1.8204 | Val F1: 0.1760 | 0.0s
  Epoch 325/400 | Loss: 1.8695 | Val F1: 0.1684 | 0.0s
  Epoch 330/400 | Loss: 1.8115 | Val F1: 0.1726 | 0.0s
  Epoch 335/400 | Loss: 1.8745 | Val F1: 0.1692 | 0.1s
  Epoch 340/400 | Loss: 1.8435 | Val F1: 0.1809 | 0.1s
  Epoch 345/400 | Loss: 1.8322 | Val F1: 0.1807 | 0.0s
  Epoch 350/400 | Loss: 1.8301 | Val F1: 0.1846 | 0.0s
  Epoch 355/400 | Loss: 1.8175 | Val F1: 0.1676 | 0.0s
  Epoch 360/400 | Loss: 1.7931 | Val F1: 0.1838 | 0.0s
  Epoch 365/400 | Loss: 1.8202 | Val F1: 0.1813 | 0.0s
  Epoch 370/400 | Loss: 1.8864 | Val F1: 0.1771 | 0.0s
  Epoch 375/400 | Loss: 1.7976 | Val F1: 0.1777 | 0.1s
  Early stopping at epoch 375
  Best Val F1: 0.1922 | Test F1: 0.1933
  Total training time: 55.4s (0.9 min)

======================================================================
  Val  Macro-F1: 0.1922
  Test Macro-F1: 0.1933
  Time: 56.8s
======================================================================

  Results saved to: results/PaGCN_ogbn-arxiv_MCAR_0.8_20260720_143201
