/home/erfan/MATE/venv/lib/python3.13/site-packages/outdated/__init__.py:36: UserWarning: pkg_resources is deprecated as an API. See https://setuptools.pypa.io/en/latest/pkg_resources.html. The pkg_resources package is slated for removal as early as 2025-11-30. Refrain from using this package or pin to Setuptools<81.
  from pkg_resources import parse_version
/home/erfan/MATE/ogbn_benchmarks/data_loader.py:96: UserWarning: Sparse invariant checks are implicitly disabled. Memory errors (e.g. SEGFAULT) will occur when operating on a sparse tensor which violates the invariants, but checks incur performance overhead. To silence this warning, explicitly opt in or out. See `torch.sparse.check_sparse_tensor_invariants.__doc__` for guidance.  (Triggered internally at /pytorch/aten/src/ATen/Context.cpp:760.)
  adj = torch.sparse_coo_tensor(edge_index, vals, (num_nodes, num_nodes)).coalesce()
======================================================================
  PaGCN | ogbn-arxiv | MCAR @ 80% | lr=0.001
======================================================================
[1/3] Loading ogbn-arxiv...
  169,343 nodes | 128 dims | 40 classes
[2/3] Simulating MCAR missingness...
Simulating MCAR missingness at 80% rate...
  MCAR: Uniform random selection
  Observable: 33,869 (20.0%)
  Masked: 135,474 (80.0%)
  Observable: 33,869 | Val: 67,737 | Test: 67,737
[3/3] Running PaGCN...
  Partitioning graph into 20 clusters...
  Pre-caching clusters (with normalized adjacency)...
  Cached 20 clusters
  Training PaGCN for up to 800 epochs (patience=20)...
  Epoch 5/800 | Loss: 5.2362 | Val F1: 0.0111 | 0.0s
  Epoch 10/800 | Loss: 4.7450 | Val F1: 0.0263 | 0.0s
  Epoch 15/800 | Loss: 4.1896 | Val F1: 0.0398 | 0.0s
  Epoch 20/800 | Loss: 3.7891 | Val F1: 0.0797 | 0.0s
  Epoch 25/800 | Loss: 3.6442 | Val F1: 0.1023 | 0.0s
  Epoch 30/800 | Loss: 3.5088 | Val F1: 0.1055 | 0.0s
  Epoch 35/800 | Loss: 3.3855 | Val F1: 0.1083 | 0.0s
  Epoch 40/800 | Loss: 3.3279 | Val F1: 0.1204 | 0.0s
  Epoch 45/800 | Loss: 3.2435 | Val F1: 0.1376 | 0.0s
  Epoch 50/800 | Loss: 3.1410 | Val F1: 0.1452 | 0.0s
  Epoch 55/800 | Loss: 3.0731 | Val F1: 0.1624 | 0.0s
  Epoch 60/800 | Loss: 3.0180 | Val F1: 0.1647 | 0.0s
  Epoch 65/800 | Loss: 2.9661 | Val F1: 0.1801 | 0.0s
  Epoch 70/800 | Loss: 2.9334 | Val F1: 0.1899 | 0.0s
  Epoch 75/800 | Loss: 2.8911 | Val F1: 0.1909 | 0.0s
  Epoch 80/800 | Loss: 2.8544 | Val F1: 0.1965 | 0.0s
  Epoch 85/800 | Loss: 2.8509 | Val F1: 0.2038 | 0.0s
  Epoch 90/800 | Loss: 2.8174 | Val F1: 0.2035 | 0.0s
  Epoch 95/800 | Loss: 2.7890 | Val F1: 0.2098 | 0.0s
  Epoch 100/800 | Loss: 2.7615 | Val F1: 0.2113 | 0.0s
  Epoch 105/800 | Loss: 2.7211 | Val F1: 0.2155 | 0.0s
  Epoch 110/800 | Loss: 2.7202 | Val F1: 0.2158 | 0.0s
  Epoch 115/800 | Loss: 2.6870 | Val F1: 0.2247 | 0.0s
  Epoch 120/800 | Loss: 2.6616 | Val F1: 0.2265 | 0.0s
  Epoch 125/800 | Loss: 2.6372 | Val F1: 0.2339 | 0.0s
  Epoch 130/800 | Loss: 2.6633 | Val F1: 0.2275 | 0.0s
  Epoch 135/800 | Loss: 2.6179 | Val F1: 0.2333 | 0.0s
  Epoch 140/800 | Loss: 2.6005 | Val F1: 0.2437 | 0.0s
  Epoch 145/800 | Loss: 2.5687 | Val F1: 0.2368 | 0.0s
  Epoch 150/800 | Loss: 2.5875 | Val F1: 0.2420 | 0.0s
  Epoch 155/800 | Loss: 2.5492 | Val F1: 0.2459 | 0.0s
  Epoch 160/800 | Loss: 2.5617 | Val F1: 0.2429 | 0.0s
  Epoch 165/800 | Loss: 2.5334 | Val F1: 0.2451 | 0.0s
  Epoch 170/800 | Loss: 2.5207 | Val F1: 0.2479 | 0.0s
  Epoch 175/800 | Loss: 2.5179 | Val F1: 0.2426 | 0.0s
  Epoch 180/800 | Loss: 2.5080 | Val F1: 0.2500 | 0.0s
  Epoch 185/800 | Loss: 2.4963 | Val F1: 0.2539 | 0.0s
  Epoch 190/800 | Loss: 2.4910 | Val F1: 0.2573 | 0.0s
  Epoch 195/800 | Loss: 2.4741 | Val F1: 0.2512 | 0.0s
  Epoch 200/800 | Loss: 2.4712 | Val F1: 0.2611 | 0.0s
  Epoch 205/800 | Loss: 2.4687 | Val F1: 0.2568 | 0.0s
  Epoch 210/800 | Loss: 2.4457 | Val F1: 0.2613 | 0.0s
  Epoch 215/800 | Loss: 2.4631 | Val F1: 0.2572 | 0.0s
  Epoch 220/800 | Loss: 2.4429 | Val F1: 0.2561 | 0.0s
  Epoch 225/800 | Loss: 2.4269 | Val F1: 0.2660 | 0.0s
  Epoch 230/800 | Loss: 2.4312 | Val F1: 0.2634 | 0.0s
  Epoch 235/800 | Loss: 2.4461 | Val F1: 0.2568 | 0.0s
  Epoch 240/800 | Loss: 2.4293 | Val F1: 0.2663 | 0.0s
  Epoch 245/800 | Loss: 2.4105 | Val F1: 0.2669 | 0.0s
  Epoch 250/800 | Loss: 2.4130 | Val F1: 0.2720 | 0.0s
  Epoch 255/800 | Loss: 2.4067 | Val F1: 0.2661 | 0.0s
  Epoch 260/800 | Loss: 2.4097 | Val F1: 0.2684 | 0.0s
  Epoch 265/800 | Loss: 2.4060 | Val F1: 0.2728 | 0.0s
  Epoch 270/800 | Loss: 2.3984 | Val F1: 0.2748 | 0.0s
  Epoch 275/800 | Loss: 2.3702 | Val F1: 0.2793 | 0.0s
  Epoch 280/800 | Loss: 2.3770 | Val F1: 0.2792 | 0.0s
  Epoch 285/800 | Loss: 2.3637 | Val F1: 0.2788 | 0.0s
  Epoch 290/800 | Loss: 2.3936 | Val F1: 0.2804 | 0.0s
  Epoch 295/800 | Loss: 2.3480 | Val F1: 0.2841 | 0.0s
  Epoch 300/800 | Loss: 2.3694 | Val F1: 0.2682 | 0.0s
  Epoch 305/800 | Loss: 2.3687 | Val F1: 0.2687 | 0.0s
  Epoch 310/800 | Loss: 2.3660 | Val F1: 0.2803 | 0.0s
  Epoch 315/800 | Loss: 2.3519 | Val F1: 0.2861 | 0.0s
  Epoch 320/800 | Loss: 2.3524 | Val F1: 0.2828 | 0.0s
  Epoch 325/800 | Loss: 2.3848 | Val F1: 0.2854 | 0.0s
  Epoch 330/800 | Loss: 2.3288 | Val F1: 0.2801 | 0.0s
  Epoch 335/800 | Loss: 2.3780 | Val F1: 0.2844 | 0.0s
  Epoch 340/800 | Loss: 2.3367 | Val F1: 0.2851 | 0.0s
  Epoch 345/800 | Loss: 2.3286 | Val F1: 0.2904 | 0.0s
  Epoch 350/800 | Loss: 2.3210 | Val F1: 0.2867 | 0.0s
  Epoch 355/800 | Loss: 2.3421 | Val F1: 0.2774 | 0.0s
  Epoch 360/800 | Loss: 2.3149 | Val F1: 0.2945 | 0.0s
  Epoch 365/800 | Loss: 2.3223 | Val F1: 0.2865 | 0.0s
  Epoch 370/800 | Loss: 2.3265 | Val F1: 0.2897 | 0.0s
  Epoch 375/800 | Loss: 2.3009 | Val F1: 0.2996 | 0.0s
  Epoch 380/800 | Loss: 2.2914 | Val F1: 0.2944 | 0.0s
  Epoch 385/800 | Loss: 2.3069 | Val F1: 0.2971 | 0.0s
  Epoch 390/800 | Loss: 2.3118 | Val F1: 0.2955 | 0.0s
  Epoch 395/800 | Loss: 2.3021 | Val F1: 0.2962 | 0.0s
  Epoch 400/800 | Loss: 2.2906 | Val F1: 0.2884 | 0.0s
  Epoch 405/800 | Loss: 2.3213 | Val F1: 0.2959 | 0.0s
  Epoch 410/800 | Loss: 2.3125 | Val F1: 0.2919 | 0.0s
  Epoch 415/800 | Loss: 2.2781 | Val F1: 0.3000 | 0.0s
  Epoch 420/800 | Loss: 2.3001 | Val F1: 0.2876 | 0.0s
  Epoch 425/800 | Loss: 2.2827 | Val F1: 0.2979 | 0.0s
  Epoch 430/800 | Loss: 2.2656 | Val F1: 0.2981 | 0.0s
  Epoch 435/800 | Loss: 2.2707 | Val F1: 0.3002 | 0.0s
  Epoch 440/800 | Loss: 2.2582 | Val F1: 0.2991 | 0.0s
  Epoch 445/800 | Loss: 2.2650 | Val F1: 0.2900 | 0.0s
  Epoch 450/800 | Loss: 2.2545 | Val F1: 0.3007 | 0.0s
  Epoch 455/800 | Loss: 2.2814 | Val F1: 0.2981 | 0.0s
  Epoch 460/800 | Loss: 2.2681 | Val F1: 0.2958 | 0.0s
  Epoch 465/800 | Loss: 2.2830 | Val F1: 0.2907 | 0.0s
  Epoch 470/800 | Loss: 2.2333 | Val F1: 0.2980 | 0.0s
  Epoch 475/800 | Loss: 2.2362 | Val F1: 0.2939 | 0.0s
  Epoch 480/800 | Loss: 2.2393 | Val F1: 0.3025 | 0.0s
  Epoch 485/800 | Loss: 2.2353 | Val F1: 0.3024 | 0.0s
  Epoch 490/800 | Loss: 2.2476 | Val F1: 0.2994 | 0.0s
  Epoch 495/800 | Loss: 2.2338 | Val F1: 0.3060 | 0.0s
  Epoch 500/800 | Loss: 2.2473 | Val F1: 0.3034 | 0.0s
  Epoch 505/800 | Loss: 2.2240 | Val F1: 0.3001 | 0.0s
  Epoch 510/800 | Loss: 2.2334 | Val F1: 0.3063 | 0.0s
  Epoch 515/800 | Loss: 2.2273 | Val F1: 0.3081 | 0.0s
  Epoch 520/800 | Loss: 2.2113 | Val F1: 0.3040 | 0.0s
  Epoch 525/800 | Loss: 2.2297 | Val F1: 0.3009 | 0.0s
  Epoch 530/800 | Loss: 2.2110 | Val F1: 0.2984 | 0.0s
  Epoch 535/800 | Loss: 2.2113 | Val F1: 0.3012 | 0.0s
  Epoch 540/800 | Loss: 2.2173 | Val F1: 0.3052 | 0.0s
  Epoch 545/800 | Loss: 2.2296 | Val F1: 0.3096 | 0.0s
  Epoch 550/800 | Loss: 2.2193 | Val F1: 0.3044 | 0.0s
  Epoch 555/800 | Loss: 2.2080 | Val F1: 0.3114 | 0.0s
  Epoch 560/800 | Loss: 2.2189 | Val F1: 0.3033 | 0.0s
  Epoch 565/800 | Loss: 2.1928 | Val F1: 0.3040 | 0.0s
  Epoch 570/800 | Loss: 2.2080 | Val F1: 0.3012 | 0.0s
  Epoch 575/800 | Loss: 2.2040 | Val F1: 0.3039 | 0.0s
  Epoch 580/800 | Loss: 2.1966 | Val F1: 0.3020 | 0.0s
  Epoch 585/800 | Loss: 2.1967 | Val F1: 0.3014 | 0.0s
  Epoch 590/800 | Loss: 2.2031 | Val F1: 0.3070 | 0.0s
  Epoch 595/800 | Loss: 2.2164 | Val F1: 0.3090 | 0.0s
  Epoch 600/800 | Loss: 2.1796 | Val F1: 0.3035 | 0.0s
  Epoch 605/800 | Loss: 2.1877 | Val F1: 0.3043 | 0.0s
  Epoch 610/800 | Loss: 2.1886 | Val F1: 0.3091 | 0.0s
  Epoch 615/800 | Loss: 2.1798 | Val F1: 0.3002 | 0.0s
  Epoch 620/800 | Loss: 2.1788 | Val F1: 0.3079 | 0.0s
  Epoch 625/800 | Loss: 2.1829 | Val F1: 0.3092 | 0.0s
  Epoch 630/800 | Loss: 2.1900 | Val F1: 0.3028 | 0.0s
  Epoch 635/800 | Loss: 2.1735 | Val F1: 0.3096 | 0.0s
  Epoch 640/800 | Loss: 2.1878 | Val F1: 0.3072 | 0.0s
  Epoch 645/800 | Loss: 2.2008 | Val F1: 0.3076 | 0.0s
  Epoch 650/800 | Loss: 2.1752 | Val F1: 0.3121 | 0.0s
  Epoch 655/800 | Loss: 2.1646 | Val F1: 0.3095 | 0.0s
  Epoch 660/800 | Loss: 2.1657 | Val F1: 0.3113 | 0.0s
  Epoch 665/800 | Loss: 2.1633 | Val F1: 0.3153 | 0.0s
  Epoch 670/800 | Loss: 2.1756 | Val F1: 0.3081 | 0.0s
  Epoch 675/800 | Loss: 2.1725 | Val F1: 0.3127 | 0.0s
  Epoch 680/800 | Loss: 2.1870 | Val F1: 0.3004 | 0.0s
  Epoch 685/800 | Loss: 2.1988 | Val F1: 0.2976 | 0.0s
  Epoch 690/800 | Loss: 2.1683 | Val F1: 0.3058 | 0.0s
  Epoch 695/800 | Loss: 2.1621 | Val F1: 0.2974 | 0.0s
  Epoch 700/800 | Loss: 2.1590 | Val F1: 0.3112 | 0.0s
  Epoch 705/800 | Loss: 2.1566 | Val F1: 0.3104 | 0.0s
  Epoch 710/800 | Loss: 2.1545 | Val F1: 0.3058 | 0.0s
  Epoch 715/800 | Loss: 2.1627 | Val F1: 0.3089 | 0.0s
  Epoch 720/800 | Loss: 2.1640 | Val F1: 0.3084 | 0.0s
  Epoch 725/800 | Loss: 2.1410 | Val F1: 0.3108 | 0.0s
  Epoch 730/800 | Loss: 2.1434 | Val F1: 0.3041 | 0.0s
  Epoch 735/800 | Loss: 2.1566 | Val F1: 0.3134 | 0.0s
  Epoch 740/800 | Loss: 2.1484 | Val F1: 0.3055 | 0.0s
  Epoch 745/800 | Loss: 2.1270 | Val F1: 0.3149 | 0.0s
  Epoch 750/800 | Loss: 2.1547 | Val F1: 0.3130 | 0.0s
  Epoch 755/800 | Loss: 2.1536 | Val F1: 0.3099 | 0.0s
  Epoch 760/800 | Loss: 2.1274 | Val F1: 0.3071 | 0.0s
  Epoch 765/800 | Loss: 2.1453 | Val F1: 0.3127 | 0.0s
  Early stopping at epoch 765
  Best Val F1: 0.3153 | Test F1: 0.3179
  Total training time: 105.2s (1.8 min)

======================================================================
  Val  Macro-F1: 0.3153
  Test Macro-F1: 0.3179
  Test Accuracy: 0.5685
  Time: 106.9s
  Peak GPU mem: 0.26 GB
======================================================================

  Results saved to: results/PaGCN_ogbn-arxiv_MCAR_0.8_20260725_160044
