/home/erfan/MATE/venv/lib/python3.13/site-packages/outdated/__init__.py:36: UserWarning: pkg_resources is deprecated as an API. See https://setuptools.pypa.io/en/latest/pkg_resources.html. The pkg_resources package is slated for removal as early as 2025-11-30. Refrain from using this package or pin to Setuptools<81.
  from pkg_resources import parse_version
/home/erfan/MATE/ogbn_benchmarks/data_loader.py:96: UserWarning: Sparse invariant checks are implicitly disabled. Memory errors (e.g. SEGFAULT) will occur when operating on a sparse tensor which violates the invariants, but checks incur performance overhead. To silence this warning, explicitly opt in or out. See `torch.sparse.check_sparse_tensor_invariants.__doc__` for guidance.  (Triggered internally at /pytorch/aten/src/ATen/Context.cpp:760.)
  adj = torch.sparse_coo_tensor(edge_index, vals, (num_nodes, num_nodes)).coalesce()
======================================================================
  NESS | ogbn-arxiv | MCAR @ 80% | lr=0.001
======================================================================
[1/3] Loading ogbn-arxiv...
  169,343 nodes | 128 dims | 40 classes
[2/3] Simulating MCAR missingness...
Simulating MCAR missingness at 80% rate...
  MCAR: Uniform random selection
  Observable: 33,869 (20.0%)
  Masked: 135,474 (80.0%)
  Observable: 33,869 | Val: 67,737 | Test: 67,737
[3/3] Running NESS...
  Prefilling missing nodes via Feature Propagation (40 iters)...
  Partitioning graph into 20 clusters (cache_device=gpu)...
  Cached 20 clusters
  Training NESS for up to 800 epochs (patience=20)...
  Epoch 1/800 | Total: 11.539 Edge: 0.689 Con: 0.568 Cls: 3.513 Anchor: 0.0271 | 1.3s
  Epoch 2/800 | Total: 10.300 Edge: 0.650 Con: 0.456 Cls: 3.132 Anchor: 0.0250 | 0.8s
  Epoch 3/800 | Total: 9.807 Edge: 0.648 Con: 0.361 Cls: 2.985 Anchor: 0.0238 | 0.8s
  Epoch 4/800 | Total: 9.328 Edge: 0.644 Con: 0.302 Cls: 2.835 Anchor: 0.0270 | 0.8s
  Epoch 5/800 | Total: 8.838 Edge: 0.627 Con: 0.274 Cls: 2.679 Anchor: 0.0358 | Val F1: 0.0308 | 0.9s
  Epoch 6/800 | Total: 8.385 Edge: 0.637 Con: 0.264 Cls: 2.526 Anchor: 0.0366 | 0.8s
  Epoch 7/800 | Total: 8.044 Edge: 0.592 Con: 0.252 Cls: 2.427 Anchor: 0.0446 | 0.8s
  Epoch 8/800 | Total: 8.010 Edge: 0.581 Con: 0.246 Cls: 2.416 Anchor: 0.0567 | 0.8s
  Epoch 9/800 | Total: 7.538 Edge: 0.577 Con: 0.231 Cls: 2.272 Anchor: 0.0281 | 0.8s
  Epoch 10/800 | Total: 7.277 Edge: 0.566 Con: 0.224 Cls: 2.191 Anchor: 0.0267 | Val F1: 0.1046 | 0.9s
  Epoch 11/800 | Total: 7.373 Edge: 0.553 Con: 0.221 Cls: 2.228 Anchor: 0.0261 | 0.8s
  Epoch 12/800 | Total: 7.058 Edge: 0.537 Con: 0.218 Cls: 2.128 Anchor: 0.0272 | 0.8s
  Epoch 13/800 | Total: 6.839 Edge: 0.533 Con: 0.210 Cls: 2.059 Anchor: 0.0243 | 0.8s
  Epoch 14/800 | Total: 7.320 Edge: 0.526 Con: 0.209 Cls: 2.222 Anchor: 0.0247 | 0.8s
  Epoch 15/800 | Total: 6.809 Edge: 0.524 Con: 0.205 Cls: 2.053 Anchor: 0.0241 | Val F1: 0.1169 | 0.9s
  Epoch 16/800 | Total: 6.537 Edge: 0.518 Con: 0.204 Cls: 1.964 Anchor: 0.0252 | 0.8s
  Epoch 17/800 | Total: 6.412 Edge: 0.522 Con: 0.200 Cls: 1.922 Anchor: 0.0233 | 0.8s
  Epoch 18/800 | Total: 6.332 Edge: 0.507 Con: 0.196 Cls: 1.901 Anchor: 0.0234 | 0.8s
  Epoch 19/800 | Total: 6.414 Edge: 0.510 Con: 0.195 Cls: 1.928 Anchor: 0.0225 | 0.8s
  Epoch 20/800 | Total: 6.187 Edge: 0.496 Con: 0.197 Cls: 1.856 Anchor: 0.0227 | Val F1: 0.1410 | 0.9s
  Epoch 21/800 | Total: 6.338 Edge: 0.489 Con: 0.194 Cls: 1.910 Anchor: 0.0227 | 0.8s
  Epoch 22/800 | Total: 6.540 Edge: 0.470 Con: 0.191 Cls: 1.984 Anchor: 0.0232 | 0.8s
  Epoch 23/800 | Total: 6.263 Edge: 0.471 Con: 0.184 Cls: 1.892 Anchor: 0.0247 | 0.8s
  Epoch 24/800 | Total: 6.103 Edge: 0.459 Con: 0.179 Cls: 1.844 Anchor: 0.0234 | 0.8s
  Epoch 25/800 | Total: 5.851 Edge: 0.449 Con: 0.180 Cls: 1.763 Anchor: 0.0224 | Val F1: 0.1919 | 0.9s
  Epoch 26/800 | Total: 5.774 Edge: 0.456 Con: 0.179 Cls: 1.736 Anchor: 0.0216 | 0.8s
  Epoch 27/800 | Total: 5.684 Edge: 0.460 Con: 0.179 Cls: 1.705 Anchor: 0.0216 | 0.8s
  Epoch 28/800 | Total: 5.648 Edge: 0.448 Con: 0.176 Cls: 1.697 Anchor: 0.0214 | 0.8s
  Epoch 29/800 | Total: 5.646 Edge: 0.453 Con: 0.176 Cls: 1.694 Anchor: 0.0217 | 0.8s
  Epoch 30/800 | Total: 5.636 Edge: 0.449 Con: 0.175 Cls: 1.693 Anchor: 0.0209 | Val F1: 0.2046 | 0.9s
  Epoch 31/800 | Total: 5.626 Edge: 0.452 Con: 0.175 Cls: 1.688 Anchor: 0.0208 | 0.8s
  Epoch 32/800 | Total: 5.453 Edge: 0.439 Con: 0.171 Cls: 1.636 Anchor: 0.0216 | 0.8s
  Epoch 33/800 | Total: 5.487 Edge: 0.441 Con: 0.173 Cls: 1.646 Anchor: 0.0219 | 0.8s
  Epoch 34/800 | Total: 5.568 Edge: 0.432 Con: 0.173 Cls: 1.676 Anchor: 0.0221 | 0.8s
  Epoch 35/800 | Total: 5.628 Edge: 0.436 Con: 0.175 Cls: 1.694 Anchor: 0.0220 | Val F1: 0.2122 | 0.9s
  Epoch 36/800 | Total: 5.573 Edge: 0.436 Con: 0.171 Cls: 1.677 Anchor: 0.0219 | 0.8s
  Epoch 37/800 | Total: 5.391 Edge: 0.432 Con: 0.170 Cls: 1.617 Anchor: 0.0217 | 0.8s
  Epoch 38/800 | Total: 5.481 Edge: 0.433 Con: 0.168 Cls: 1.647 Anchor: 0.0228 | 0.8s
  Epoch 39/800 | Total: 5.502 Edge: 0.458 Con: 0.169 Cls: 1.645 Anchor: 0.0226 | 0.8s
  Epoch 40/800 | Total: 5.414 Edge: 0.452 Con: 0.171 Cls: 1.618 Anchor: 0.0219 | Val F1: 0.2116 | 0.8s
  Epoch 41/800 | Total: 5.434 Edge: 0.462 Con: 0.164 Cls: 1.623 Anchor: 0.0211 | 0.8s
  Epoch 42/800 | Total: 5.331 Edge: 0.432 Con: 0.163 Cls: 1.598 Anchor: 0.0215 | 0.8s
  Epoch 43/800 | Total: 5.230 Edge: 0.425 Con: 0.167 Cls: 1.567 Anchor: 0.0213 | 0.8s
  Epoch 44/800 | Total: 5.271 Edge: 0.416 Con: 0.160 Cls: 1.584 Anchor: 0.0210 | 0.8s
  Epoch 45/800 | Total: 5.375 Edge: 0.419 Con: 0.165 Cls: 1.618 Anchor: 0.0216 | Val F1: 0.2040 | 0.8s
  Epoch 46/800 | Total: 5.732 Edge: 0.431 Con: 0.166 Cls: 1.732 Anchor: 0.0218 | 0.8s
  Epoch 47/800 | Total: 5.360 Edge: 0.431 Con: 0.168 Cls: 1.608 Anchor: 0.0220 | 0.8s
  Epoch 48/800 | Total: 5.106 Edge: 0.422 Con: 0.161 Cls: 1.527 Anchor: 0.0225 | 0.8s
  Epoch 49/800 | Total: 5.116 Edge: 0.411 Con: 0.158 Cls: 1.535 Anchor: 0.0212 | 0.8s
  Epoch 50/800 | Total: 5.055 Edge: 0.409 Con: 0.158 Cls: 1.515 Anchor: 0.0211 | Val F1: 0.2445 | 0.8s
  Epoch 51/800 | Total: 5.044 Edge: 0.405 Con: 0.159 Cls: 1.513 Anchor: 0.0208 | 0.8s
  Epoch 52/800 | Total: 5.165 Edge: 0.416 Con: 0.158 Cls: 1.550 Anchor: 0.0210 | 0.8s
  Epoch 53/800 | Total: 5.233 Edge: 0.435 Con: 0.157 Cls: 1.567 Anchor: 0.0207 | 0.8s
  Epoch 54/800 | Total: 5.313 Edge: 0.499 Con: 0.163 Cls: 1.571 Anchor: 0.0207 | 0.8s
  Epoch 55/800 | Total: 5.254 Edge: 0.474 Con: 0.155 Cls: 1.560 Anchor: 0.0215 | Val F1: 0.2387 | 0.8s
  Epoch 56/800 | Total: 5.089 Edge: 0.427 Con: 0.159 Cls: 1.520 Anchor: 0.0209 | 0.8s
  Epoch 57/800 | Total: 5.031 Edge: 0.410 Con: 0.159 Cls: 1.507 Anchor: 0.0209 | 0.8s
  Epoch 58/800 | Total: 4.877 Edge: 0.396 Con: 0.156 Cls: 1.461 Anchor: 0.0210 | 0.8s
  Epoch 59/800 | Total: 4.867 Edge: 0.394 Con: 0.154 Cls: 1.459 Anchor: 0.0201 | 0.8s
  Epoch 60/800 | Total: 4.840 Edge: 0.393 Con: 0.155 Cls: 1.450 Anchor: 0.0193 | Val F1: 0.2704 | 0.8s
  Epoch 61/800 | Total: 4.929 Edge: 0.393 Con: 0.155 Cls: 1.480 Anchor: 0.0193 | 0.8s
  Epoch 62/800 | Total: 5.010 Edge: 0.416 Con: 0.154 Cls: 1.499 Anchor: 0.0202 | 0.8s
  Epoch 63/800 | Total: 4.986 Edge: 0.425 Con: 0.155 Cls: 1.488 Anchor: 0.0207 | 0.8s
  Epoch 64/800 | Total: 5.030 Edge: 0.423 Con: 0.157 Cls: 1.503 Anchor: 0.0201 | 0.8s
  Epoch 65/800 | Total: 4.863 Edge: 0.404 Con: 0.154 Cls: 1.454 Anchor: 0.0196 | Val F1: 0.2699 | 0.8s
  Epoch 66/800 | Total: 4.808 Edge: 0.393 Con: 0.153 Cls: 1.440 Anchor: 0.0190 | 0.8s
  Epoch 67/800 | Total: 4.693 Edge: 0.384 Con: 0.152 Cls: 1.405 Anchor: 0.0189 | 0.8s
  Epoch 68/800 | Total: 4.673 Edge: 0.382 Con: 0.154 Cls: 1.398 Anchor: 0.0196 | 0.8s
  Epoch 69/800 | Total: 4.657 Edge: 0.377 Con: 0.152 Cls: 1.395 Anchor: 0.0193 | 0.8s
  Epoch 70/800 | Total: 4.719 Edge: 0.379 Con: 0.151 Cls: 1.415 Anchor: 0.0196 | Val F1: 0.3068 | 0.8s
  Epoch 71/800 | Total: 4.804 Edge: 0.381 Con: 0.152 Cls: 1.442 Anchor: 0.0202 | 0.8s
  Epoch 72/800 | Total: 4.796 Edge: 0.389 Con: 0.151 Cls: 1.437 Anchor: 0.0196 | 0.8s
  Epoch 73/800 | Total: 4.752 Edge: 0.393 Con: 0.151 Cls: 1.421 Anchor: 0.0192 | 0.8s
  Epoch 74/800 | Total: 4.685 Edge: 0.405 Con: 0.148 Cls: 1.395 Anchor: 0.0194 | 0.8s
  Epoch 75/800 | Total: 4.611 Edge: 0.392 Con: 0.150 Cls: 1.375 Anchor: 0.0203 | Val F1: 0.3326 | 0.9s
  Epoch 76/800 | Total: 4.675 Edge: 0.377 Con: 0.149 Cls: 1.401 Anchor: 0.0193 | 0.8s
  Epoch 77/800 | Total: 4.713 Edge: 0.387 Con: 0.150 Cls: 1.410 Anchor: 0.0198 | 0.8s
  Epoch 78/800 | Total: 4.664 Edge: 0.381 Con: 0.150 Cls: 1.396 Anchor: 0.0199 | 0.8s
  Epoch 79/800 | Total: 4.714 Edge: 0.386 Con: 0.149 Cls: 1.411 Anchor: 0.0202 | 0.8s
  Epoch 80/800 | Total: 4.721 Edge: 0.384 Con: 0.149 Cls: 1.414 Anchor: 0.0194 | Val F1: 0.3104 | 0.8s
  Epoch 81/800 | Total: 4.663 Edge: 0.369 Con: 0.149 Cls: 1.400 Anchor: 0.0197 | 0.8s
  Epoch 82/800 | Total: 4.585 Edge: 0.365 Con: 0.149 Cls: 1.375 Anchor: 0.0197 | 0.8s
  Epoch 83/800 | Total: 4.584 Edge: 0.366 Con: 0.147 Cls: 1.375 Anchor: 0.0196 | 0.8s
  Epoch 84/800 | Total: 4.671 Edge: 0.372 Con: 0.151 Cls: 1.401 Anchor: 0.0204 | 0.8s
  Epoch 85/800 | Total: 4.692 Edge: 0.368 Con: 0.148 Cls: 1.410 Anchor: 0.0201 | Val F1: 0.3283 | 0.9s
  Epoch 86/800 | Total: 4.553 Edge: 0.363 Con: 0.149 Cls: 1.366 Anchor: 0.0191 | 0.8s
  Epoch 87/800 | Total: 4.511 Edge: 0.360 Con: 0.147 Cls: 1.353 Anchor: 0.0185 | 0.8s
  Epoch 88/800 | Total: 4.475 Edge: 0.355 Con: 0.147 Cls: 1.342 Anchor: 0.0192 | 0.8s
  Epoch 89/800 | Total: 4.475 Edge: 0.359 Con: 0.147 Cls: 1.341 Anchor: 0.0185 | 0.8s
  Epoch 90/800 | Total: 4.616 Edge: 0.389 Con: 0.147 Cls: 1.378 Anchor: 0.0201 | Val F1: 0.3260 | 0.8s
  Epoch 91/800 | Total: 4.672 Edge: 0.385 Con: 0.149 Cls: 1.397 Anchor: 0.0196 | 0.8s
  Epoch 92/800 | Total: 4.679 Edge: 0.382 Con: 0.147 Cls: 1.401 Anchor: 0.0198 | 0.8s
  Epoch 93/800 | Total: 4.576 Edge: 0.367 Con: 0.146 Cls: 1.372 Anchor: 0.0201 | 0.8s
  Epoch 94/800 | Total: 4.546 Edge: 0.364 Con: 0.147 Cls: 1.363 Anchor: 0.0202 | 0.8s
  Epoch 95/800 | Total: 4.489 Edge: 0.361 Con: 0.146 Cls: 1.345 Anchor: 0.0200 | Val F1: 0.3259 | 0.8s
  Epoch 96/800 | Total: 4.482 Edge: 0.357 Con: 0.145 Cls: 1.344 Anchor: 0.0194 | 0.8s
  Epoch 97/800 | Total: 4.529 Edge: 0.361 Con: 0.145 Cls: 1.359 Anchor: 0.0198 | 0.8s
  Epoch 98/800 | Total: 4.482 Edge: 0.357 Con: 0.145 Cls: 1.344 Anchor: 0.0193 | 0.8s
  Epoch 99/800 | Total: 4.430 Edge: 0.357 Con: 0.146 Cls: 1.327 Anchor: 0.0190 | 0.8s
  Epoch 100/800 | Total: 4.516 Edge: 0.361 Con: 0.145 Cls: 1.354 Anchor: 0.0202 | Val F1: 0.3496 | 0.8s
  Epoch 101/800 | Total: 4.555 Edge: 0.367 Con: 0.144 Cls: 1.365 Anchor: 0.0195 | 0.8s
  Epoch 102/800 | Total: 4.530 Edge: 0.370 Con: 0.146 Cls: 1.356 Anchor: 0.0200 | 0.8s
  Epoch 103/800 | Total: 4.502 Edge: 0.364 Con: 0.145 Cls: 1.349 Anchor: 0.0199 | 0.8s
  Epoch 104/800 | Total: 4.476 Edge: 0.367 Con: 0.145 Cls: 1.339 Anchor: 0.0194 | 0.8s
  Epoch 105/800 | Total: 4.429 Edge: 0.353 Con: 0.143 Cls: 1.328 Anchor: 0.0193 | Val F1: 0.3524 | 0.8s
  Epoch 106/800 | Total: 4.404 Edge: 0.356 Con: 0.144 Cls: 1.319 Anchor: 0.0193 | 0.8s
  Epoch 107/800 | Total: 4.370 Edge: 0.347 Con: 0.143 Cls: 1.311 Anchor: 0.0189 | 0.8s
  Epoch 108/800 | Total: 4.433 Edge: 0.350 Con: 0.145 Cls: 1.331 Anchor: 0.0194 | 0.8s
  Epoch 109/800 | Total: 4.524 Edge: 0.352 Con: 0.144 Cls: 1.360 Anchor: 0.0193 | 0.8s
  Epoch 110/800 | Total: 4.457 Edge: 0.362 Con: 0.146 Cls: 1.334 Anchor: 0.0195 | Val F1: 0.3478 | 0.8s
  Epoch 111/800 | Total: 4.459 Edge: 0.362 Con: 0.144 Cls: 1.335 Anchor: 0.0192 | 0.8s
  Epoch 112/800 | Total: 4.411 Edge: 0.363 Con: 0.144 Cls: 1.319 Anchor: 0.0193 | 0.8s
  Epoch 113/800 | Total: 4.371 Edge: 0.359 Con: 0.144 Cls: 1.307 Anchor: 0.0194 | 0.8s
  Epoch 114/800 | Total: 4.355 Edge: 0.357 Con: 0.145 Cls: 1.302 Anchor: 0.0197 | 0.8s
  Epoch 115/800 | Total: 4.411 Edge: 0.353 Con: 0.144 Cls: 1.322 Anchor: 0.0190 | Val F1: 0.3572 | 0.8s
  Epoch 116/800 | Total: 4.370 Edge: 0.348 Con: 0.144 Cls: 1.311 Anchor: 0.0193 | 0.8s
  Epoch 117/800 | Total: 4.355 Edge: 0.346 Con: 0.143 Cls: 1.306 Anchor: 0.0191 | 0.8s
  Epoch 118/800 | Total: 4.353 Edge: 0.341 Con: 0.143 Cls: 1.307 Anchor: 0.0186 | 0.8s
  Epoch 119/800 | Total: 4.411 Edge: 0.351 Con: 0.144 Cls: 1.323 Anchor: 0.0191 | 0.8s
  Epoch 120/800 | Total: 4.577 Edge: 0.362 Con: 0.145 Cls: 1.374 Anchor: 0.0203 | Val F1: 0.3167 | 0.8s
  Epoch 121/800 | Total: 4.460 Edge: 0.360 Con: 0.143 Cls: 1.336 Anchor: 0.0197 | 0.8s
  Epoch 122/800 | Total: 4.370 Edge: 0.349 Con: 0.143 Cls: 1.310 Anchor: 0.0189 | 0.8s
  Epoch 123/800 | Total: 4.351 Edge: 0.347 Con: 0.143 Cls: 1.304 Anchor: 0.0195 | 0.8s
  Epoch 124/800 | Total: 4.396 Edge: 0.348 Con: 0.145 Cls: 1.319 Anchor: 0.0195 | 0.8s
  Epoch 125/800 | Total: 4.415 Edge: 0.347 Con: 0.142 Cls: 1.326 Anchor: 0.0200 | Val F1: 0.3517 | 0.8s
  Epoch 126/800 | Total: 4.501 Edge: 0.351 Con: 0.145 Cls: 1.353 Anchor: 0.0201 | 0.8s
  Epoch 127/800 | Total: 4.511 Edge: 0.351 Con: 0.144 Cls: 1.356 Anchor: 0.0199 | 0.8s
  Epoch 128/800 | Total: 4.506 Edge: 0.353 Con: 0.141 Cls: 1.354 Anchor: 0.0197 | 0.8s
  Epoch 129/800 | Total: 4.374 Edge: 0.347 Con: 0.141 Cls: 1.312 Anchor: 0.0197 | 0.8s
  Epoch 130/800 | Total: 4.314 Edge: 0.339 Con: 0.142 Cls: 1.295 Anchor: 0.0196 | Val F1: 0.3580 | 0.8s
  Epoch 131/800 | Total: 4.381 Edge: 0.342 Con: 0.141 Cls: 1.316 Anchor: 0.0197 | 0.8s
  Epoch 132/800 | Total: 4.383 Edge: 0.346 Con: 0.143 Cls: 1.315 Anchor: 0.0189 | 0.8s
  Epoch 133/800 | Total: 4.612 Edge: 0.351 Con: 0.143 Cls: 1.390 Anchor: 0.0195 | 0.9s
  Epoch 134/800 | Total: 4.497 Edge: 0.350 Con: 0.143 Cls: 1.352 Anchor: 0.0190 | 0.8s
  Epoch 135/800 | Total: 4.540 Edge: 0.356 Con: 0.143 Cls: 1.364 Anchor: 0.0193 | Val F1: 0.3499 | 0.9s
  Epoch 136/800 | Total: 4.493 Edge: 0.391 Con: 0.144 Cls: 1.337 Anchor: 0.0201 | 0.8s
  Epoch 137/800 | Total: 4.375 Edge: 0.357 Con: 0.143 Cls: 1.309 Anchor: 0.0198 | 0.8s
  Epoch 138/800 | Total: 4.461 Edge: 0.352 Con: 0.143 Cls: 1.339 Anchor: 0.0193 | 0.8s
  Epoch 139/800 | Total: 4.649 Edge: 0.367 Con: 0.144 Cls: 1.396 Anchor: 0.0208 | 0.8s
  Epoch 140/800 | Total: 4.603 Edge: 0.378 Con: 0.145 Cls: 1.378 Anchor: 0.0201 | Val F1: 0.3242 | 0.9s
  Epoch 141/800 | Total: 4.486 Edge: 0.366 Con: 0.143 Cls: 1.343 Anchor: 0.0199 | 0.8s
  Epoch 142/800 | Total: 4.376 Edge: 0.358 Con: 0.139 Cls: 1.310 Anchor: 0.0195 | 0.8s
  Epoch 143/800 | Total: 4.370 Edge: 0.347 Con: 0.140 Cls: 1.311 Anchor: 0.0197 | 0.8s
  Epoch 144/800 | Total: 4.315 Edge: 0.343 Con: 0.141 Cls: 1.294 Anchor: 0.0193 | 0.8s
  Epoch 145/800 | Total: 4.261 Edge: 0.337 Con: 0.141 Cls: 1.278 Anchor: 0.0194 | Val F1: 0.3503 | 0.9s
  Epoch 146/800 | Total: 4.305 Edge: 0.340 Con: 0.140 Cls: 1.292 Anchor: 0.0195 | 0.8s
  Epoch 147/800 | Total: 4.235 Edge: 0.335 Con: 0.140 Cls: 1.270 Anchor: 0.0193 | 0.8s
  Epoch 148/800 | Total: 4.220 Edge: 0.334 Con: 0.142 Cls: 1.266 Anchor: 0.0193 | 0.8s
  Epoch 149/800 | Total: 4.283 Edge: 0.336 Con: 0.141 Cls: 1.286 Anchor: 0.0195 | 0.8s
  Epoch 150/800 | Total: 4.329 Edge: 0.352 Con: 0.143 Cls: 1.296 Anchor: 0.0183 | Val F1: 0.3705 | 0.8s
  Epoch 151/800 | Total: 4.358 Edge: 0.372 Con: 0.140 Cls: 1.299 Anchor: 0.0188 | 0.8s
  Epoch 152/800 | Total: 4.247 Edge: 0.360 Con: 0.140 Cls: 1.266 Anchor: 0.0190 | 0.8s
  Epoch 153/800 | Total: 4.205 Edge: 0.345 Con: 0.140 Cls: 1.258 Anchor: 0.0177 | 0.8s
  Epoch 154/800 | Total: 4.191 Edge: 0.334 Con: 0.139 Cls: 1.256 Anchor: 0.0179 | 0.8s
  Epoch 155/800 | Total: 4.205 Edge: 0.332 Con: 0.141 Cls: 1.261 Anchor: 0.0187 | Val F1: 0.3788 | 0.8s
  Epoch 156/800 | Total: 4.170 Edge: 0.332 Con: 0.141 Cls: 1.250 Anchor: 0.0192 | 0.8s
  Epoch 157/800 | Total: 4.235 Edge: 0.338 Con: 0.139 Cls: 1.269 Anchor: 0.0198 | 0.8s
  Epoch 158/800 | Total: 4.264 Edge: 0.335 Con: 0.140 Cls: 1.280 Anchor: 0.0191 | 0.8s
  Epoch 159/800 | Total: 4.235 Edge: 0.339 Con: 0.139 Cls: 1.269 Anchor: 0.0192 | 0.8s
  Epoch 160/800 | Total: 4.262 Edge: 0.349 Con: 0.139 Cls: 1.274 Anchor: 0.0200 | Val F1: 0.3722 | 0.8s
  Epoch 161/800 | Total: 4.329 Edge: 0.344 Con: 0.141 Cls: 1.298 Anchor: 0.0200 | 0.8s
  Epoch 162/800 | Total: 4.295 Edge: 0.346 Con: 0.140 Cls: 1.287 Anchor: 0.0193 | 0.8s
  Epoch 163/800 | Total: 4.168 Edge: 0.336 Con: 0.140 Cls: 1.248 Anchor: 0.0192 | 0.8s
  Epoch 164/800 | Total: 4.145 Edge: 0.331 Con: 0.140 Cls: 1.242 Anchor: 0.0184 | 0.8s
  Epoch 165/800 | Total: 4.156 Edge: 0.331 Con: 0.140 Cls: 1.245 Anchor: 0.0188 | Val F1: 0.3740 | 0.9s
  Epoch 166/800 | Total: 4.198 Edge: 0.328 Con: 0.138 Cls: 1.261 Anchor: 0.0192 | 0.8s
  Epoch 167/800 | Total: 4.205 Edge: 0.333 Con: 0.142 Cls: 1.260 Anchor: 0.0187 | 0.8s
  Epoch 168/800 | Total: 4.418 Edge: 0.342 Con: 0.140 Cls: 1.329 Anchor: 0.0191 | 0.8s
  Epoch 169/800 | Total: 4.408 Edge: 0.351 Con: 0.142 Cls: 1.322 Anchor: 0.0188 | 0.8s
  Epoch 170/800 | Total: 4.654 Edge: 0.363 Con: 0.139 Cls: 1.400 Anchor: 0.0198 | Val F1: 0.3121 | 0.8s
  Epoch 171/800 | Total: 4.450 Edge: 0.346 Con: 0.140 Cls: 1.338 Anchor: 0.0192 | 0.8s
  Epoch 172/800 | Total: 4.290 Edge: 0.341 Con: 0.139 Cls: 1.287 Anchor: 0.0187 | 0.8s
  Epoch 173/800 | Total: 4.217 Edge: 0.331 Con: 0.140 Cls: 1.266 Anchor: 0.0186 | 0.8s
  Epoch 174/800 | Total: 4.177 Edge: 0.331 Con: 0.139 Cls: 1.252 Anchor: 0.0192 | 0.8s
  Epoch 175/800 | Total: 4.198 Edge: 0.330 Con: 0.138 Cls: 1.260 Anchor: 0.0190 | Val F1: 0.3765 | 0.9s
  Epoch 176/800 | Total: 4.173 Edge: 0.334 Con: 0.137 Cls: 1.251 Anchor: 0.0181 | 0.8s
  Epoch 177/800 | Total: 4.122 Edge: 0.334 Con: 0.138 Cls: 1.233 Anchor: 0.0187 | 0.8s
  Epoch 178/800 | Total: 4.262 Edge: 0.333 Con: 0.139 Cls: 1.280 Anchor: 0.0184 | 0.8s
  Epoch 179/800 | Total: 4.347 Edge: 0.338 Con: 0.141 Cls: 1.307 Anchor: 0.0188 | 0.8s
  Epoch 180/800 | Total: 4.233 Edge: 0.342 Con: 0.138 Cls: 1.268 Anchor: 0.0191 | Val F1: 0.3888 | 0.9s
  Epoch 181/800 | Total: 4.157 Edge: 0.339 Con: 0.140 Cls: 1.243 Anchor: 0.0193 | 0.8s
  Epoch 182/800 | Total: 4.199 Edge: 0.342 Con: 0.141 Cls: 1.256 Anchor: 0.0193 | 0.8s
  Epoch 183/800 | Total: 4.226 Edge: 0.335 Con: 0.139 Cls: 1.267 Anchor: 0.0194 | 0.8s
  Epoch 184/800 | Total: 4.156 Edge: 0.332 Con: 0.139 Cls: 1.245 Anchor: 0.0194 | 0.8s
  Epoch 185/800 | Total: 4.142 Edge: 0.331 Con: 0.137 Cls: 1.241 Anchor: 0.0192 | Val F1: 0.3863 | 0.8s
  Epoch 186/800 | Total: 4.088 Edge: 0.322 Con: 0.138 Cls: 1.226 Anchor: 0.0189 | 0.8s
  Epoch 187/800 | Total: 4.071 Edge: 0.320 Con: 0.139 Cls: 1.221 Anchor: 0.0189 | 0.8s
  Epoch 188/800 | Total: 4.111 Edge: 0.322 Con: 0.140 Cls: 1.233 Anchor: 0.0188 | 0.8s
  Epoch 189/800 | Total: 4.087 Edge: 0.321 Con: 0.139 Cls: 1.226 Anchor: 0.0194 | 0.8s
  Epoch 190/800 | Total: 4.124 Edge: 0.324 Con: 0.139 Cls: 1.237 Anchor: 0.0187 | Val F1: 0.3677 | 0.9s
  Epoch 191/800 | Total: 4.116 Edge: 0.330 Con: 0.138 Cls: 1.233 Anchor: 0.0181 | 0.8s
  Epoch 192/800 | Total: 4.172 Edge: 0.342 Con: 0.138 Cls: 1.248 Anchor: 0.0185 | 0.8s
  Epoch 193/800 | Total: 4.179 Edge: 0.330 Con: 0.138 Cls: 1.254 Anchor: 0.0185 | 0.8s
  Epoch 194/800 | Total: 4.177 Edge: 0.326 Con: 0.139 Cls: 1.255 Anchor: 0.0185 | 0.8s
  Epoch 195/800 | Total: 4.199 Edge: 0.331 Con: 0.138 Cls: 1.260 Anchor: 0.0197 | Val F1: 0.3758 | 0.8s
  Epoch 196/800 | Total: 4.443 Edge: 0.355 Con: 0.144 Cls: 1.332 Anchor: 0.0204 | 0.8s
  Epoch 197/800 | Total: 4.315 Edge: 0.369 Con: 0.142 Cls: 1.285 Anchor: 0.0208 | 0.8s
  Epoch 198/800 | Total: 4.233 Edge: 0.362 Con: 0.139 Cls: 1.261 Anchor: 0.0201 | 0.8s
  Epoch 199/800 | Total: 4.145 Edge: 0.348 Con: 0.140 Cls: 1.236 Anchor: 0.0202 | 0.8s
  Epoch 200/800 | Total: 4.117 Edge: 0.334 Con: 0.139 Cls: 1.232 Anchor: 0.0184 | Val F1: 0.3867 | 0.8s
  Epoch 201/800 | Total: 4.101 Edge: 0.327 Con: 0.138 Cls: 1.229 Anchor: 0.0186 | 0.8s
  Epoch 202/800 | Total: 4.137 Edge: 0.322 Con: 0.137 Cls: 1.243 Anchor: 0.0188 | 0.8s
  Epoch 203/800 | Total: 4.067 Edge: 0.321 Con: 0.136 Cls: 1.220 Anchor: 0.0186 | 0.8s
  Epoch 204/800 | Total: 4.109 Edge: 0.320 Con: 0.137 Cls: 1.234 Anchor: 0.0185 | 0.8s
  Epoch 205/800 | Total: 4.124 Edge: 0.326 Con: 0.138 Cls: 1.236 Anchor: 0.0189 | Val F1: 0.3932 | 0.8s
  Epoch 206/800 | Total: 4.050 Edge: 0.325 Con: 0.139 Cls: 1.213 Anchor: 0.0183 | 0.8s
  Epoch 207/800 | Total: 4.112 Edge: 0.328 Con: 0.138 Cls: 1.232 Anchor: 0.0193 | 0.8s
  Epoch 208/800 | Total: 4.075 Edge: 0.326 Con: 0.140 Cls: 1.220 Anchor: 0.0188 | 0.8s
  Epoch 209/800 | Total: 4.151 Edge: 0.328 Con: 0.139 Cls: 1.245 Anchor: 0.0192 | 0.8s
  Epoch 210/800 | Total: 4.134 Edge: 0.333 Con: 0.138 Cls: 1.238 Anchor: 0.0189 | Val F1: 0.3910 | 0.8s
  Epoch 211/800 | Total: 4.087 Edge: 0.328 Con: 0.137 Cls: 1.224 Anchor: 0.0188 | 0.8s
  Epoch 212/800 | Total: 4.053 Edge: 0.321 Con: 0.136 Cls: 1.215 Anchor: 0.0187 | 0.8s
  Epoch 213/800 | Total: 4.078 Edge: 0.321 Con: 0.137 Cls: 1.223 Anchor: 0.0187 | 0.8s
  Epoch 214/800 | Total: 4.046 Edge: 0.322 Con: 0.138 Cls: 1.212 Anchor: 0.0185 | 0.8s
  Epoch 215/800 | Total: 4.186 Edge: 0.327 Con: 0.138 Cls: 1.257 Anchor: 0.0197 | Val F1: 0.3825 | 0.8s
  Epoch 216/800 | Total: 4.205 Edge: 0.345 Con: 0.141 Cls: 1.257 Anchor: 0.0189 | 0.8s
  Epoch 217/800 | Total: 4.294 Edge: 0.355 Con: 0.139 Cls: 1.284 Anchor: 0.0187 | 0.8s
  Epoch 218/800 | Total: 4.204 Edge: 0.345 Con: 0.138 Cls: 1.257 Anchor: 0.0189 | 0.8s
  Epoch 219/800 | Total: 4.100 Edge: 0.344 Con: 0.138 Cls: 1.223 Anchor: 0.0183 | 0.8s
  Epoch 220/800 | Total: 4.207 Edge: 0.334 Con: 0.140 Cls: 1.261 Anchor: 0.0193 | Val F1: 0.3870 | 0.8s
  Epoch 221/800 | Total: 4.302 Edge: 0.339 Con: 0.140 Cls: 1.292 Anchor: 0.0187 | 0.8s
  Epoch 222/800 | Total: 4.308 Edge: 0.333 Con: 0.140 Cls: 1.295 Anchor: 0.0187 | 0.8s
  Epoch 223/800 | Total: 4.263 Edge: 0.337 Con: 0.141 Cls: 1.279 Anchor: 0.0190 | 0.8s
  Epoch 224/800 | Total: 4.197 Edge: 0.338 Con: 0.139 Cls: 1.257 Anchor: 0.0189 | 0.8s
  Epoch 225/800 | Total: 4.231 Edge: 0.346 Con: 0.139 Cls: 1.266 Anchor: 0.0188 | Val F1: 0.3838 | 0.8s
  Epoch 226/800 | Total: 4.193 Edge: 0.338 Con: 0.138 Cls: 1.256 Anchor: 0.0186 | 0.8s
  Epoch 227/800 | Total: 4.147 Edge: 0.334 Con: 0.141 Cls: 1.242 Anchor: 0.0182 | 0.8s
  Epoch 228/800 | Total: 4.079 Edge: 0.328 Con: 0.138 Cls: 1.221 Anchor: 0.0182 | 0.8s
  Epoch 229/800 | Total: 4.045 Edge: 0.322 Con: 0.140 Cls: 1.212 Anchor: 0.0181 | 0.8s
  Epoch 230/800 | Total: 4.005 Edge: 0.325 Con: 0.138 Cls: 1.198 Anchor: 0.0180 | Val F1: 0.3981 | 0.9s
  Epoch 231/800 | Total: 4.078 Edge: 0.320 Con: 0.139 Cls: 1.223 Anchor: 0.0185 | 0.8s
  Epoch 232/800 | Total: 4.015 Edge: 0.320 Con: 0.136 Cls: 1.203 Anchor: 0.0185 | 0.8s
  Epoch 233/800 | Total: 3.989 Edge: 0.315 Con: 0.137 Cls: 1.196 Anchor: 0.0183 | 0.8s
  Epoch 234/800 | Total: 4.014 Edge: 0.314 Con: 0.137 Cls: 1.204 Anchor: 0.0180 | 0.8s
  Epoch 235/800 | Total: 3.947 Edge: 0.312 Con: 0.138 Cls: 1.182 Anchor: 0.0184 | Val F1: 0.4026 | 0.9s
  Epoch 236/800 | Total: 4.057 Edge: 0.316 Con: 0.138 Cls: 1.218 Anchor: 0.0179 | 0.8s
  Epoch 237/800 | Total: 4.083 Edge: 0.317 Con: 0.137 Cls: 1.227 Anchor: 0.0178 | 0.8s
  Epoch 238/800 | Total: 4.154 Edge: 0.335 Con: 0.141 Cls: 1.243 Anchor: 0.0186 | 0.8s
  Epoch 239/800 | Total: 4.171 Edge: 0.329 Con: 0.138 Cls: 1.251 Anchor: 0.0183 | 0.8s
  Epoch 240/800 | Total: 4.260 Edge: 0.333 Con: 0.140 Cls: 1.280 Anchor: 0.0190 | Val F1: 0.3667 | 0.8s
  Epoch 241/800 | Total: 4.471 Edge: 0.336 Con: 0.142 Cls: 1.349 Anchor: 0.0183 | 0.8s
  Epoch 242/800 | Total: 4.418 Edge: 0.332 Con: 0.139 Cls: 1.333 Anchor: 0.0184 | 0.8s
  Epoch 243/800 | Total: 4.127 Edge: 0.321 Con: 0.138 Cls: 1.240 Anchor: 0.0185 | 0.8s
  Epoch 244/800 | Total: 4.014 Edge: 0.316 Con: 0.136 Cls: 1.204 Anchor: 0.0177 | 0.8s
  Epoch 245/800 | Total: 4.008 Edge: 0.314 Con: 0.137 Cls: 1.203 Anchor: 0.0179 | Val F1: 0.4019 | 0.9s
  Epoch 246/800 | Total: 3.985 Edge: 0.318 Con: 0.135 Cls: 1.194 Anchor: 0.0183 | 0.8s
  Epoch 247/800 | Total: 3.947 Edge: 0.316 Con: 0.136 Cls: 1.182 Anchor: 0.0180 | 0.8s
  Epoch 248/800 | Total: 3.949 Edge: 0.313 Con: 0.136 Cls: 1.184 Anchor: 0.0179 | 0.8s
  Epoch 249/800 | Total: 4.043 Edge: 0.314 Con: 0.138 Cls: 1.214 Anchor: 0.0181 | 0.8s
  Epoch 250/800 | Total: 4.056 Edge: 0.317 Con: 0.139 Cls: 1.217 Anchor: 0.0180 | Val F1: 0.3972 | 0.9s
  Epoch 251/800 | Total: 4.028 Edge: 0.320 Con: 0.137 Cls: 1.207 Anchor: 0.0179 | 0.8s
  Epoch 252/800 | Total: 4.080 Edge: 0.326 Con: 0.139 Cls: 1.222 Anchor: 0.0178 | 0.8s
  Epoch 253/800 | Total: 4.078 Edge: 0.324 Con: 0.139 Cls: 1.222 Anchor: 0.0183 | 0.8s
  Epoch 254/800 | Total: 4.093 Edge: 0.321 Con: 0.138 Cls: 1.228 Anchor: 0.0180 | 0.8s
  Epoch 255/800 | Total: 4.376 Edge: 0.327 Con: 0.139 Cls: 1.320 Anchor: 0.0193 | Val F1: 0.3768 | 0.9s
  Epoch 256/800 | Total: 4.122 Edge: 0.321 Con: 0.137 Cls: 1.238 Anchor: 0.0189 | 0.8s
  Epoch 257/800 | Total: 4.065 Edge: 0.316 Con: 0.135 Cls: 1.221 Anchor: 0.0186 | 0.8s
  Epoch 258/800 | Total: 3.971 Edge: 0.314 Con: 0.138 Cls: 1.190 Anchor: 0.0186 | 0.8s
  Epoch 259/800 | Total: 3.937 Edge: 0.312 Con: 0.136 Cls: 1.180 Anchor: 0.0185 | 0.8s
  Epoch 260/800 | Total: 3.926 Edge: 0.308 Con: 0.136 Cls: 1.177 Anchor: 0.0182 | Val F1: 0.4083 | 0.9s
  Epoch 261/800 | Total: 3.982 Edge: 0.310 Con: 0.136 Cls: 1.195 Anchor: 0.0183 | 0.8s
  Epoch 262/800 | Total: 3.977 Edge: 0.313 Con: 0.138 Cls: 1.192 Anchor: 0.0180 | 0.8s
  Epoch 263/800 | Total: 3.939 Edge: 0.310 Con: 0.135 Cls: 1.181 Anchor: 0.0181 | 0.8s
  Epoch 264/800 | Total: 3.956 Edge: 0.309 Con: 0.137 Cls: 1.187 Anchor: 0.0182 | 0.8s
  Epoch 265/800 | Total: 3.946 Edge: 0.309 Con: 0.136 Cls: 1.184 Anchor: 0.0179 | Val F1: 0.4164 | 0.8s
  Epoch 266/800 | Total: 3.938 Edge: 0.309 Con: 0.137 Cls: 1.181 Anchor: 0.0177 | 0.8s
  Epoch 267/800 | Total: 3.936 Edge: 0.311 Con: 0.138 Cls: 1.180 Anchor: 0.0181 | 0.8s
  Epoch 268/800 | Total: 4.006 Edge: 0.315 Con: 0.139 Cls: 1.202 Anchor: 0.0175 | 0.8s
  Epoch 269/800 | Total: 3.986 Edge: 0.314 Con: 0.136 Cls: 1.196 Anchor: 0.0178 | 0.8s
  Epoch 270/800 | Total: 4.106 Edge: 0.329 Con: 0.138 Cls: 1.230 Anchor: 0.0179 | Val F1: 0.3871 | 0.8s
  Epoch 271/800 | Total: 4.067 Edge: 0.323 Con: 0.137 Cls: 1.219 Anchor: 0.0180 | 0.8s
  Epoch 272/800 | Total: 3.972 Edge: 0.311 Con: 0.135 Cls: 1.192 Anchor: 0.0174 | 0.8s
  Epoch 273/800 | Total: 3.962 Edge: 0.312 Con: 0.138 Cls: 1.188 Anchor: 0.0178 | 0.8s
  Epoch 274/800 | Total: 4.075 Edge: 0.314 Con: 0.135 Cls: 1.225 Anchor: 0.0177 | 0.8s
  Epoch 275/800 | Total: 4.094 Edge: 0.325 Con: 0.138 Cls: 1.227 Anchor: 0.0183 | Val F1: 0.3894 | 0.9s
  Epoch 276/800 | Total: 4.127 Edge: 0.330 Con: 0.138 Cls: 1.236 Anchor: 0.0184 | 0.9s
  Epoch 277/800 | Total: 4.093 Edge: 0.320 Con: 0.137 Cls: 1.229 Anchor: 0.0182 | 0.8s
  Epoch 278/800 | Total: 3.977 Edge: 0.316 Con: 0.138 Cls: 1.191 Anchor: 0.0182 | 0.8s
  Epoch 279/800 | Total: 3.980 Edge: 0.315 Con: 0.136 Cls: 1.193 Anchor: 0.0177 | 0.8s
  Epoch 280/800 | Total: 3.951 Edge: 0.315 Con: 0.137 Cls: 1.183 Anchor: 0.0184 | Val F1: 0.4055 | 0.9s
  Epoch 281/800 | Total: 4.004 Edge: 0.321 Con: 0.137 Cls: 1.199 Anchor: 0.0183 | 0.8s
  Epoch 282/800 | Total: 3.971 Edge: 0.313 Con: 0.137 Cls: 1.191 Anchor: 0.0186 | 0.8s
  Epoch 283/800 | Total: 4.054 Edge: 0.312 Con: 0.138 Cls: 1.218 Anchor: 0.0186 | 0.8s
  Epoch 284/800 | Total: 4.005 Edge: 0.309 Con: 0.134 Cls: 1.204 Anchor: 0.0188 | 0.8s
  Epoch 285/800 | Total: 3.967 Edge: 0.305 Con: 0.136 Cls: 1.192 Anchor: 0.0188 | Val F1: 0.3970 | 0.9s
  Epoch 286/800 | Total: 3.992 Edge: 0.311 Con: 0.136 Cls: 1.198 Anchor: 0.0185 | 0.8s
  Epoch 287/800 | Total: 3.957 Edge: 0.308 Con: 0.137 Cls: 1.187 Anchor: 0.0186 | 0.8s
  Epoch 288/800 | Total: 3.938 Edge: 0.309 Con: 0.136 Cls: 1.181 Anchor: 0.0187 | 0.8s
  Epoch 289/800 | Total: 3.982 Edge: 0.308 Con: 0.137 Cls: 1.195 Anchor: 0.0190 | 0.8s
  Epoch 290/800 | Total: 3.957 Edge: 0.311 Con: 0.136 Cls: 1.187 Anchor: 0.0175 | Val F1: 0.3980 | 0.8s
  Epoch 291/800 | Total: 3.968 Edge: 0.312 Con: 0.137 Cls: 1.190 Anchor: 0.0179 | 0.8s
  Epoch 292/800 | Total: 4.005 Edge: 0.326 Con: 0.136 Cls: 1.198 Anchor: 0.0176 | 0.8s
  Epoch 293/800 | Total: 4.104 Edge: 0.319 Con: 0.136 Cls: 1.233 Anchor: 0.0178 | 0.8s
  Epoch 294/800 | Total: 4.080 Edge: 0.318 Con: 0.135 Cls: 1.226 Anchor: 0.0179 | 0.8s
  Epoch 295/800 | Total: 3.955 Edge: 0.309 Con: 0.135 Cls: 1.187 Anchor: 0.0180 | Val F1: 0.4097 | 0.8s
  Epoch 296/800 | Total: 3.890 Edge: 0.304 Con: 0.136 Cls: 1.166 Anchor: 0.0189 | 0.8s
  Epoch 297/800 | Total: 4.041 Edge: 0.312 Con: 0.137 Cls: 1.214 Anchor: 0.0182 | 0.8s
  Epoch 298/800 | Total: 4.102 Edge: 0.311 Con: 0.137 Cls: 1.235 Anchor: 0.0185 | 0.8s
  Epoch 299/800 | Total: 4.068 Edge: 0.317 Con: 0.139 Cls: 1.221 Anchor: 0.0183 | 0.8s
  Epoch 300/800 | Total: 3.987 Edge: 0.306 Con: 0.137 Cls: 1.198 Anchor: 0.0179 | Val F1: 0.4033 | 0.8s
  Epoch 301/800 | Total: 3.946 Edge: 0.306 Con: 0.135 Cls: 1.185 Anchor: 0.0185 | 0.8s
  Epoch 302/800 | Total: 3.919 Edge: 0.310 Con: 0.137 Cls: 1.174 Anchor: 0.0181 | 0.8s
  Epoch 303/800 | Total: 3.849 Edge: 0.310 Con: 0.136 Cls: 1.151 Anchor: 0.0181 | 0.8s
  Epoch 304/800 | Total: 3.861 Edge: 0.306 Con: 0.135 Cls: 1.156 Anchor: 0.0184 | 0.8s
  Epoch 305/800 | Total: 3.915 Edge: 0.304 Con: 0.135 Cls: 1.175 Anchor: 0.0181 | Val F1: 0.4090 | 0.8s
  Epoch 306/800 | Total: 3.905 Edge: 0.311 Con: 0.137 Cls: 1.169 Anchor: 0.0182 | 0.8s
  Epoch 307/800 | Total: 3.968 Edge: 0.306 Con: 0.135 Cls: 1.192 Anchor: 0.0178 | 0.8s
  Epoch 308/800 | Total: 3.926 Edge: 0.307 Con: 0.136 Cls: 1.177 Anchor: 0.0204 | 0.8s
  Epoch 309/800 | Total: 3.886 Edge: 0.306 Con: 0.136 Cls: 1.165 Anchor: 0.0182 | 0.8s
  Epoch 310/800 | Total: 3.842 Edge: 0.302 Con: 0.135 Cls: 1.151 Anchor: 0.0183 | Val F1: 0.4200 | 0.9s
  Epoch 311/800 | Total: 3.987 Edge: 0.301 Con: 0.134 Cls: 1.201 Anchor: 0.0179 | 0.8s
  Epoch 312/800 | Total: 4.020 Edge: 0.314 Con: 0.137 Cls: 1.207 Anchor: 0.0178 | 0.8s
  Epoch 313/800 | Total: 4.017 Edge: 0.329 Con: 0.136 Cls: 1.201 Anchor: 0.0178 | 0.8s
  Epoch 314/800 | Total: 4.103 Edge: 0.332 Con: 0.139 Cls: 1.228 Anchor: 0.0181 | 0.8s
  Epoch 315/800 | Total: 4.352 Edge: 0.321 Con: 0.136 Cls: 1.315 Anchor: 0.0186 | Val F1: 0.3551 | 0.9s
  Epoch 316/800 | Total: 4.434 Edge: 0.337 Con: 0.142 Cls: 1.336 Anchor: 0.0180 | 0.8s
  Epoch 317/800 | Total: 4.156 Edge: 0.338 Con: 0.139 Cls: 1.244 Anchor: 0.0173 | 0.8s
  Epoch 318/800 | Total: 4.149 Edge: 0.341 Con: 0.139 Cls: 1.240 Anchor: 0.0180 | 0.8s
  Epoch 319/800 | Total: 4.186 Edge: 0.333 Con: 0.140 Cls: 1.255 Anchor: 0.0189 | 0.8s
  Epoch 320/800 | Total: 4.125 Edge: 0.324 Con: 0.138 Cls: 1.238 Anchor: 0.0182 | Val F1: 0.4044 | 0.8s
  Epoch 321/800 | Total: 3.967 Edge: 0.312 Con: 0.137 Cls: 1.190 Anchor: 0.0182 | 0.8s
  Epoch 322/800 | Total: 3.921 Edge: 0.309 Con: 0.137 Cls: 1.175 Anchor: 0.0178 | 0.8s
  Epoch 323/800 | Total: 3.952 Edge: 0.307 Con: 0.136 Cls: 1.186 Anchor: 0.0179 | 0.8s
  Epoch 324/800 | Total: 3.914 Edge: 0.319 Con: 0.136 Cls: 1.170 Anchor: 0.0180 | 0.8s
  Epoch 325/800 | Total: 3.903 Edge: 0.317 Con: 0.135 Cls: 1.166 Anchor: 0.0187 | Val F1: 0.4179 | 0.8s
  Epoch 326/800 | Total: 3.875 Edge: 0.310 Con: 0.135 Cls: 1.160 Anchor: 0.0180 | 0.8s
  Epoch 327/800 | Total: 3.844 Edge: 0.306 Con: 0.136 Cls: 1.151 Anchor: 0.0177 | 0.8s
  Epoch 328/800 | Total: 3.883 Edge: 0.305 Con: 0.136 Cls: 1.164 Anchor: 0.0184 | 0.8s
  Epoch 329/800 | Total: 3.888 Edge: 0.307 Con: 0.138 Cls: 1.165 Anchor: 0.0177 | 0.8s
  Epoch 330/800 | Total: 3.886 Edge: 0.307 Con: 0.135 Cls: 1.165 Anchor: 0.0176 | Val F1: 0.4118 | 0.8s
  Epoch 331/800 | Total: 3.909 Edge: 0.307 Con: 0.135 Cls: 1.172 Anchor: 0.0178 | 0.8s
  Epoch 332/800 | Total: 3.923 Edge: 0.313 Con: 0.136 Cls: 1.175 Anchor: 0.0175 | 0.8s
  Epoch 333/800 | Total: 3.954 Edge: 0.320 Con: 0.137 Cls: 1.183 Anchor: 0.0179 | 0.8s
  Epoch 334/800 | Total: 4.019 Edge: 0.325 Con: 0.139 Cls: 1.202 Anchor: 0.0177 | 0.8s
  Epoch 335/800 | Total: 4.051 Edge: 0.319 Con: 0.137 Cls: 1.215 Anchor: 0.0180 | Val F1: 0.4027 | 0.8s
  Epoch 336/800 | Total: 3.910 Edge: 0.315 Con: 0.135 Cls: 1.170 Anchor: 0.0176 | 0.8s
  Epoch 337/800 | Total: 3.871 Edge: 0.301 Con: 0.135 Cls: 1.162 Anchor: 0.0178 | 0.8s
  Epoch 338/800 | Total: 3.863 Edge: 0.303 Con: 0.136 Cls: 1.158 Anchor: 0.0175 | 0.8s
  Epoch 339/800 | Total: 3.917 Edge: 0.303 Con: 0.136 Cls: 1.176 Anchor: 0.0176 | 0.8s
  Epoch 340/800 | Total: 3.861 Edge: 0.306 Con: 0.138 Cls: 1.156 Anchor: 0.0177 | Val F1: 0.4158 | 0.9s
  Epoch 341/800 | Total: 3.839 Edge: 0.304 Con: 0.135 Cls: 1.150 Anchor: 0.0176 | 0.8s
  Epoch 342/800 | Total: 3.823 Edge: 0.304 Con: 0.136 Cls: 1.145 Anchor: 0.0172 | 0.8s
  Epoch 343/800 | Total: 3.840 Edge: 0.303 Con: 0.135 Cls: 1.151 Anchor: 0.0172 | 0.8s
  Epoch 344/800 | Total: 3.878 Edge: 0.305 Con: 0.137 Cls: 1.162 Anchor: 0.0175 | 0.8s
  Epoch 345/800 | Total: 3.880 Edge: 0.310 Con: 0.137 Cls: 1.161 Anchor: 0.0182 | Val F1: 0.4086 | 0.9s
  Epoch 346/800 | Total: 3.894 Edge: 0.306 Con: 0.136 Cls: 1.167 Anchor: 0.0176 | 0.8s
  Epoch 347/800 | Total: 4.032 Edge: 0.306 Con: 0.135 Cls: 1.214 Anchor: 0.0174 | 0.8s
  Epoch 348/800 | Total: 3.968 Edge: 0.305 Con: 0.137 Cls: 1.193 Anchor: 0.0171 | 0.8s
  Epoch 349/800 | Total: 4.052 Edge: 0.313 Con: 0.137 Cls: 1.218 Anchor: 0.0177 | 0.8s
  Epoch 350/800 | Total: 3.948 Edge: 0.311 Con: 0.139 Cls: 1.183 Anchor: 0.0182 | Val F1: 0.4091 | 0.9s
  Epoch 351/800 | Total: 3.908 Edge: 0.304 Con: 0.135 Cls: 1.173 Anchor: 0.0175 | 0.8s
  Epoch 352/800 | Total: 3.888 Edge: 0.301 Con: 0.136 Cls: 1.167 Anchor: 0.0176 | 0.8s
  Epoch 353/800 | Total: 3.878 Edge: 0.303 Con: 0.135 Cls: 1.163 Anchor: 0.0179 | 0.8s
  Epoch 354/800 | Total: 3.905 Edge: 0.303 Con: 0.135 Cls: 1.172 Anchor: 0.0175 | 0.8s
  Epoch 355/800 | Total: 3.954 Edge: 0.305 Con: 0.136 Cls: 1.188 Anchor: 0.0177 | Val F1: 0.4192 | 0.8s
  Epoch 356/800 | Total: 3.880 Edge: 0.303 Con: 0.134 Cls: 1.164 Anchor: 0.0178 | 0.8s
  Epoch 357/800 | Total: 3.894 Edge: 0.306 Con: 0.136 Cls: 1.167 Anchor: 0.0184 | 0.8s
  Epoch 358/800 | Total: 3.976 Edge: 0.311 Con: 0.136 Cls: 1.193 Anchor: 0.0184 | 0.8s
  Epoch 359/800 | Total: 3.896 Edge: 0.315 Con: 0.136 Cls: 1.165 Anchor: 0.0183 | 0.8s
  Epoch 360/800 | Total: 4.022 Edge: 0.310 Con: 0.135 Cls: 1.208 Anchor: 0.0192 | Val F1: 0.3912 | 0.9s
  Epoch 361/800 | Total: 3.952 Edge: 0.308 Con: 0.135 Cls: 1.186 Anchor: 0.0192 | 0.8s
  Epoch 362/800 | Total: 3.812 Edge: 0.303 Con: 0.134 Cls: 1.141 Anchor: 0.0187 | 0.8s
  Epoch 363/800 | Total: 3.777 Edge: 0.301 Con: 0.134 Cls: 1.130 Anchor: 0.0189 | 0.8s
  Epoch 364/800 | Total: 3.795 Edge: 0.298 Con: 0.134 Cls: 1.137 Anchor: 0.0185 | 0.8s
  Epoch 365/800 | Total: 3.813 Edge: 0.296 Con: 0.134 Cls: 1.144 Anchor: 0.0184 | Val F1: 0.4181 | 0.9s
  Epoch 366/800 | Total: 3.849 Edge: 0.298 Con: 0.136 Cls: 1.155 Anchor: 0.0186 | 0.8s
  Epoch 367/800 | Total: 3.946 Edge: 0.314 Con: 0.137 Cls: 1.182 Anchor: 0.0183 | 0.9s
  Epoch 368/800 | Total: 4.050 Edge: 0.316 Con: 0.137 Cls: 1.216 Anchor: 0.0181 | 0.9s
  Epoch 369/800 | Total: 4.308 Edge: 0.333 Con: 0.139 Cls: 1.296 Anchor: 0.0183 | 0.8s
  Epoch 370/800 | Total: 4.517 Edge: 0.342 Con: 0.143 Cls: 1.362 Anchor: 0.0186 | Val F1: 0.3632 | 0.9s
  Epoch 371/800 | Total: 4.353 Edge: 0.363 Con: 0.141 Cls: 1.300 Anchor: 0.0184 | 0.8s
  Epoch 372/800 | Total: 4.132 Edge: 0.341 Con: 0.139 Cls: 1.234 Anchor: 0.0185 | 0.8s
  Epoch 373/800 | Total: 3.991 Edge: 0.321 Con: 0.136 Cls: 1.195 Anchor: 0.0176 | 0.8s
  Epoch 374/800 | Total: 3.878 Edge: 0.312 Con: 0.136 Cls: 1.160 Anchor: 0.0173 | 0.8s
  Epoch 375/800 | Total: 3.906 Edge: 0.308 Con: 0.135 Cls: 1.171 Anchor: 0.0182 | Val F1: 0.4151 | 0.9s
  Epoch 376/800 | Total: 3.975 Edge: 0.312 Con: 0.138 Cls: 1.192 Anchor: 0.0181 | 0.8s
  Epoch 377/800 | Total: 3.937 Edge: 0.313 Con: 0.137 Cls: 1.179 Anchor: 0.0177 | 0.8s
  Epoch 378/800 | Total: 3.893 Edge: 0.309 Con: 0.135 Cls: 1.166 Anchor: 0.0171 | 0.8s
  Epoch 379/800 | Total: 3.895 Edge: 0.306 Con: 0.138 Cls: 1.168 Anchor: 0.0178 | 0.8s
  Epoch 380/800 | Total: 3.843 Edge: 0.299 Con: 0.134 Cls: 1.153 Anchor: 0.0178 | Val F1: 0.4208 | 0.9s
  Epoch 381/800 | Total: 3.785 Edge: 0.296 Con: 0.134 Cls: 1.135 Anchor: 0.0183 | 0.8s
  Epoch 382/800 | Total: 3.796 Edge: 0.298 Con: 0.134 Cls: 1.138 Anchor: 0.0177 | 0.8s
  Epoch 383/800 | Total: 3.849 Edge: 0.297 Con: 0.135 Cls: 1.156 Anchor: 0.0181 | 0.8s
  Epoch 384/800 | Total: 3.811 Edge: 0.296 Con: 0.134 Cls: 1.143 Anchor: 0.0177 | 0.9s
  Epoch 385/800 | Total: 3.760 Edge: 0.297 Con: 0.135 Cls: 1.126 Anchor: 0.0171 | Val F1: 0.4249 | 0.9s
  Epoch 386/800 | Total: 3.733 Edge: 0.297 Con: 0.134 Cls: 1.117 Anchor: 0.0177 | 0.8s
  Epoch 387/800 | Total: 3.780 Edge: 0.299 Con: 0.135 Cls: 1.132 Anchor: 0.0182 | 0.8s
  Epoch 388/800 | Total: 3.822 Edge: 0.299 Con: 0.135 Cls: 1.146 Anchor: 0.0177 | 0.8s
  Epoch 389/800 | Total: 3.804 Edge: 0.300 Con: 0.136 Cls: 1.140 Anchor: 0.0177 | 0.8s
  Epoch 390/800 | Total: 3.830 Edge: 0.300 Con: 0.135 Cls: 1.149 Anchor: 0.0176 | Val F1: 0.4199 | 0.9s
  Epoch 391/800 | Total: 3.808 Edge: 0.298 Con: 0.134 Cls: 1.142 Anchor: 0.0178 | 0.8s
  Epoch 392/800 | Total: 3.859 Edge: 0.304 Con: 0.135 Cls: 1.156 Anchor: 0.0184 | 0.8s
  Epoch 393/800 | Total: 3.875 Edge: 0.317 Con: 0.134 Cls: 1.158 Anchor: 0.0175 | 0.8s
  Epoch 394/800 | Total: 3.817 Edge: 0.298 Con: 0.132 Cls: 1.145 Anchor: 0.0171 | 0.8s
  Epoch 395/800 | Total: 3.814 Edge: 0.298 Con: 0.136 Cls: 1.144 Anchor: 0.0172 | Val F1: 0.4163 | 0.9s
  Epoch 396/800 | Total: 3.846 Edge: 0.299 Con: 0.135 Cls: 1.154 Anchor: 0.0177 | 0.8s
  Epoch 397/800 | Total: 3.815 Edge: 0.300 Con: 0.134 Cls: 1.144 Anchor: 0.0172 | 0.8s
  Epoch 398/800 | Total: 3.841 Edge: 0.303 Con: 0.134 Cls: 1.151 Anchor: 0.0177 | 0.8s
  Epoch 399/800 | Total: 3.831 Edge: 0.307 Con: 0.136 Cls: 1.146 Anchor: 0.0178 | 0.8s
  Epoch 400/800 | Total: 3.789 Edge: 0.313 Con: 0.136 Cls: 1.130 Anchor: 0.0180 | Val F1: 0.4263 | 0.9s
  Epoch 401/800 | Total: 3.764 Edge: 0.302 Con: 0.135 Cls: 1.126 Anchor: 0.0174 | 0.8s
  Epoch 402/800 | Total: 3.859 Edge: 0.301 Con: 0.136 Cls: 1.157 Anchor: 0.0180 | 0.8s
  Epoch 403/800 | Total: 3.859 Edge: 0.297 Con: 0.134 Cls: 1.159 Anchor: 0.0176 | 0.8s
  Epoch 404/800 | Total: 3.832 Edge: 0.298 Con: 0.134 Cls: 1.149 Anchor: 0.0177 | 0.8s
  Epoch 405/800 | Total: 3.791 Edge: 0.295 Con: 0.134 Cls: 1.137 Anchor: 0.0176 | Val F1: 0.4095 | 0.8s
  Epoch 406/800 | Total: 3.780 Edge: 0.296 Con: 0.133 Cls: 1.133 Anchor: 0.0175 | 0.8s
  Epoch 407/800 | Total: 3.904 Edge: 0.306 Con: 0.134 Cls: 1.171 Anchor: 0.0173 | 0.8s
  Epoch 408/800 | Total: 3.838 Edge: 0.307 Con: 0.136 Cls: 1.149 Anchor: 0.0176 | 0.8s
  Epoch 409/800 | Total: 3.799 Edge: 0.303 Con: 0.134 Cls: 1.137 Anchor: 0.0178 | 0.8s
  Epoch 410/800 | Total: 3.764 Edge: 0.298 Con: 0.135 Cls: 1.127 Anchor: 0.0173 | Val F1: 0.4202 | 0.8s
  Epoch 411/800 | Total: 3.790 Edge: 0.296 Con: 0.134 Cls: 1.136 Anchor: 0.0179 | 0.8s
  Epoch 412/800 | Total: 3.816 Edge: 0.295 Con: 0.133 Cls: 1.146 Anchor: 0.0172 | 0.8s
  Epoch 413/800 | Total: 3.783 Edge: 0.293 Con: 0.134 Cls: 1.135 Anchor: 0.0175 | 0.8s
  Epoch 414/800 | Total: 3.861 Edge: 0.295 Con: 0.134 Cls: 1.161 Anchor: 0.0172 | 0.8s
  Epoch 415/800 | Total: 3.864 Edge: 0.301 Con: 0.137 Cls: 1.159 Anchor: 0.0180 | Val F1: 0.4144 | 0.8s
  Epoch 416/800 | Total: 3.843 Edge: 0.300 Con: 0.135 Cls: 1.153 Anchor: 0.0177 | 0.8s
  Epoch 417/800 | Total: 3.823 Edge: 0.296 Con: 0.134 Cls: 1.147 Anchor: 0.0180 | 0.8s
  Epoch 418/800 | Total: 3.874 Edge: 0.298 Con: 0.136 Cls: 1.163 Anchor: 0.0179 | 0.8s
  Epoch 419/800 | Total: 3.884 Edge: 0.303 Con: 0.134 Cls: 1.166 Anchor: 0.0176 | 0.8s
  Epoch 420/800 | Total: 3.852 Edge: 0.308 Con: 0.133 Cls: 1.153 Anchor: 0.0183 | Val F1: 0.4159 | 0.8s
  Epoch 421/800 | Total: 3.816 Edge: 0.308 Con: 0.137 Cls: 1.140 Anchor: 0.0183 | 0.8s
  Epoch 422/800 | Total: 3.815 Edge: 0.309 Con: 0.137 Cls: 1.140 Anchor: 0.0182 | 0.8s
  Epoch 423/800 | Total: 3.767 Edge: 0.299 Con: 0.136 Cls: 1.127 Anchor: 0.0176 | 0.8s
  Epoch 424/800 | Total: 3.775 Edge: 0.297 Con: 0.134 Cls: 1.131 Anchor: 0.0177 | 0.8s
  Epoch 425/800 | Total: 3.801 Edge: 0.295 Con: 0.135 Cls: 1.140 Anchor: 0.0181 | Val F1: 0.4147 | 0.8s
  Epoch 426/800 | Total: 3.783 Edge: 0.292 Con: 0.135 Cls: 1.136 Anchor: 0.0172 | 0.8s
  Epoch 427/800 | Total: 3.970 Edge: 0.303 Con: 0.137 Cls: 1.193 Anchor: 0.0175 | 0.8s
  Epoch 428/800 | Total: 4.580 Edge: 0.347 Con: 0.142 Cls: 1.381 Anchor: 0.0188 | 0.8s
  Epoch 429/800 | Total: 4.350 Edge: 0.384 Con: 0.147 Cls: 1.291 Anchor: 0.0191 | 0.8s
  Epoch 430/800 | Total: 4.072 Edge: 0.335 Con: 0.140 Cls: 1.216 Anchor: 0.0185 | Val F1: 0.3773 | 0.8s
  Epoch 431/800 | Total: 3.975 Edge: 0.323 Con: 0.138 Cls: 1.188 Anchor: 0.0182 | 0.8s
  Epoch 432/800 | Total: 3.956 Edge: 0.314 Con: 0.137 Cls: 1.185 Anchor: 0.0180 | 0.8s
  Epoch 433/800 | Total: 3.905 Edge: 0.312 Con: 0.137 Cls: 1.169 Anchor: 0.0178 | 0.8s
  Epoch 434/800 | Total: 3.902 Edge: 0.312 Con: 0.137 Cls: 1.168 Anchor: 0.0172 | 0.8s
  Epoch 435/800 | Total: 3.878 Edge: 0.308 Con: 0.135 Cls: 1.161 Anchor: 0.0183 | Val F1: 0.4219 | 0.8s
  Epoch 436/800 | Total: 3.818 Edge: 0.304 Con: 0.136 Cls: 1.143 Anchor: 0.0182 | 0.8s
  Epoch 437/800 | Total: 3.842 Edge: 0.300 Con: 0.135 Cls: 1.152 Anchor: 0.0180 | 0.8s
  Epoch 438/800 | Total: 4.028 Edge: 0.313 Con: 0.141 Cls: 1.209 Anchor: 0.0183 | 0.8s
  Epoch 439/800 | Total: 3.878 Edge: 0.306 Con: 0.137 Cls: 1.162 Anchor: 0.0180 | 0.8s
  Epoch 440/800 | Total: 3.800 Edge: 0.297 Con: 0.136 Cls: 1.139 Anchor: 0.0179 | Val F1: 0.4253 | 0.8s
  Epoch 441/800 | Total: 3.774 Edge: 0.301 Con: 0.137 Cls: 1.129 Anchor: 0.0178 | 0.8s
  Epoch 442/800 | Total: 3.788 Edge: 0.296 Con: 0.136 Cls: 1.135 Anchor: 0.0183 | 0.8s
  Epoch 443/800 | Total: 3.812 Edge: 0.299 Con: 0.136 Cls: 1.142 Anchor: 0.0183 | 0.8s
  Epoch 444/800 | Total: 3.818 Edge: 0.298 Con: 0.136 Cls: 1.145 Anchor: 0.0182 | 0.8s
  Epoch 445/800 | Total: 3.794 Edge: 0.297 Con: 0.135 Cls: 1.137 Anchor: 0.0180 | Val F1: 0.4134 | 0.8s
  Epoch 446/800 | Total: 3.779 Edge: 0.299 Con: 0.135 Cls: 1.132 Anchor: 0.0172 | 0.8s
  Epoch 447/800 | Total: 3.809 Edge: 0.305 Con: 0.135 Cls: 1.140 Anchor: 0.0177 | 0.8s
  Epoch 448/800 | Total: 3.768 Edge: 0.319 Con: 0.136 Cls: 1.121 Anchor: 0.0173 | 0.8s
  Epoch 449/800 | Total: 3.766 Edge: 0.307 Con: 0.135 Cls: 1.125 Anchor: 0.0176 | 0.8s
  Epoch 450/800 | Total: 3.748 Edge: 0.297 Con: 0.134 Cls: 1.122 Anchor: 0.0170 | Val F1: 0.4241 | 0.8s
  Epoch 451/800 | Total: 3.764 Edge: 0.296 Con: 0.135 Cls: 1.128 Anchor: 0.0173 | 0.8s
  Epoch 452/800 | Total: 3.702 Edge: 0.291 Con: 0.135 Cls: 1.109 Anchor: 0.0166 | 0.8s
  Epoch 453/800 | Total: 3.757 Edge: 0.294 Con: 0.134 Cls: 1.127 Anchor: 0.0169 | 0.8s
  Epoch 454/800 | Total: 3.743 Edge: 0.291 Con: 0.134 Cls: 1.123 Anchor: 0.0169 | 0.8s
  Epoch 455/800 | Total: 3.845 Edge: 0.294 Con: 0.135 Cls: 1.155 Anchor: 0.0184 | Val F1: 0.4140 | 0.8s
  Epoch 456/800 | Total: 3.839 Edge: 0.294 Con: 0.135 Cls: 1.153 Anchor: 0.0190 | 0.8s
  Epoch 457/800 | Total: 3.752 Edge: 0.291 Con: 0.135 Cls: 1.125 Anchor: 0.0188 | 0.8s
  Epoch 458/800 | Total: 3.724 Edge: 0.294 Con: 0.136 Cls: 1.115 Anchor: 0.0181 | 0.8s
  Epoch 459/800 | Total: 3.761 Edge: 0.295 Con: 0.136 Cls: 1.126 Anchor: 0.0185 | 0.8s
  Epoch 460/800 | Total: 3.752 Edge: 0.295 Con: 0.136 Cls: 1.124 Anchor: 0.0183 | Val F1: 0.4207 | 0.8s
  Epoch 461/800 | Total: 3.743 Edge: 0.294 Con: 0.135 Cls: 1.121 Anchor: 0.0184 | 0.8s
  Epoch 462/800 | Total: 3.728 Edge: 0.294 Con: 0.135 Cls: 1.116 Anchor: 0.0176 | 0.8s
  Epoch 463/800 | Total: 3.702 Edge: 0.292 Con: 0.134 Cls: 1.109 Anchor: 0.0176 | 0.8s
  Epoch 464/800 | Total: 3.763 Edge: 0.292 Con: 0.137 Cls: 1.128 Anchor: 0.0175 | 0.8s
  Epoch 465/800 | Total: 3.764 Edge: 0.290 Con: 0.135 Cls: 1.129 Anchor: 0.0178 | Val F1: 0.4237 | 0.8s
  Epoch 466/800 | Total: 3.813 Edge: 0.299 Con: 0.135 Cls: 1.143 Anchor: 0.0181 | 0.8s
  Epoch 467/800 | Total: 3.905 Edge: 0.311 Con: 0.135 Cls: 1.169 Anchor: 0.0183 | 0.8s
  Epoch 468/800 | Total: 3.836 Edge: 0.317 Con: 0.137 Cls: 1.144 Anchor: 0.0176 | 0.8s
  Epoch 469/800 | Total: 3.860 Edge: 0.313 Con: 0.135 Cls: 1.154 Anchor: 0.0176 | 0.8s
  Epoch 470/800 | Total: 3.891 Edge: 0.311 Con: 0.136 Cls: 1.165 Anchor: 0.0179 | Val F1: 0.4058 | 0.8s
  Epoch 471/800 | Total: 3.783 Edge: 0.299 Con: 0.134 Cls: 1.133 Anchor: 0.0177 | 0.8s
  Epoch 472/800 | Total: 3.759 Edge: 0.296 Con: 0.135 Cls: 1.126 Anchor: 0.0175 | 0.8s
  Epoch 473/800 | Total: 3.853 Edge: 0.294 Con: 0.135 Cls: 1.158 Anchor: 0.0178 | 0.8s
  Epoch 474/800 | Total: 3.886 Edge: 0.296 Con: 0.135 Cls: 1.169 Anchor: 0.0173 | 0.8s
  Epoch 475/800 | Total: 3.839 Edge: 0.298 Con: 0.137 Cls: 1.152 Anchor: 0.0179 | Val F1: 0.4134 | 0.9s
  Epoch 476/800 | Total: 3.789 Edge: 0.303 Con: 0.134 Cls: 1.134 Anchor: 0.0175 | 0.8s
  Epoch 477/800 | Total: 3.761 Edge: 0.306 Con: 0.134 Cls: 1.124 Anchor: 0.0173 | 0.8s
  Epoch 478/800 | Total: 3.731 Edge: 0.293 Con: 0.134 Cls: 1.118 Anchor: 0.0172 | 0.8s
  Epoch 479/800 | Total: 3.742 Edge: 0.297 Con: 0.136 Cls: 1.120 Anchor: 0.0176 | 0.8s
  Epoch 480/800 | Total: 3.797 Edge: 0.301 Con: 0.134 Cls: 1.137 Anchor: 0.0174 | Val F1: 0.4213 | 0.8s
  Epoch 481/800 | Total: 3.773 Edge: 0.303 Con: 0.136 Cls: 1.128 Anchor: 0.0174 | 0.8s
  Epoch 482/800 | Total: 3.870 Edge: 0.301 Con: 0.136 Cls: 1.161 Anchor: 0.0171 | 0.8s
  Epoch 483/800 | Total: 3.790 Edge: 0.298 Con: 0.136 Cls: 1.136 Anchor: 0.0175 | 0.8s
  Epoch 484/800 | Total: 3.769 Edge: 0.294 Con: 0.135 Cls: 1.130 Anchor: 0.0178 | 0.8s
  Epoch 485/800 | Total: 3.963 Edge: 0.303 Con: 0.137 Cls: 1.191 Anchor: 0.0175 | Val F1: 0.3859 | 0.9s
  Epoch 486/800 | Total: 3.851 Edge: 0.302 Con: 0.135 Cls: 1.155 Anchor: 0.0170 | 0.8s
  Epoch 487/800 | Total: 3.801 Edge: 0.304 Con: 0.134 Cls: 1.137 Anchor: 0.0174 | 0.8s
  Epoch 488/800 | Total: 3.724 Edge: 0.295 Con: 0.134 Cls: 1.115 Anchor: 0.0173 | 0.8s
  Epoch 489/800 | Total: 3.701 Edge: 0.292 Con: 0.135 Cls: 1.108 Anchor: 0.0170 | 0.8s
  Epoch 490/800 | Total: 3.687 Edge: 0.288 Con: 0.135 Cls: 1.105 Anchor: 0.0169 | Val F1: 0.4263 | 0.8s
  Epoch 491/800 | Total: 3.733 Edge: 0.292 Con: 0.135 Cls: 1.119 Anchor: 0.0168 | 0.8s
  Epoch 492/800 | Total: 3.761 Edge: 0.298 Con: 0.134 Cls: 1.127 Anchor: 0.0169 | 0.8s
  Epoch 493/800 | Total: 3.729 Edge: 0.296 Con: 0.134 Cls: 1.116 Anchor: 0.0166 | 0.8s
  Epoch 494/800 | Total: 3.743 Edge: 0.302 Con: 0.133 Cls: 1.119 Anchor: 0.0173 | 0.8s
  Epoch 495/800 | Total: 3.713 Edge: 0.292 Con: 0.134 Cls: 1.112 Anchor: 0.0178 | Val F1: 0.4242 | 0.8s
  Epoch 496/800 | Total: 3.691 Edge: 0.293 Con: 0.134 Cls: 1.105 Anchor: 0.0171 | 0.8s
  Epoch 497/800 | Total: 3.824 Edge: 0.298 Con: 0.136 Cls: 1.147 Anchor: 0.0177 | 0.8s
  Epoch 498/800 | Total: 4.000 Edge: 0.316 Con: 0.137 Cls: 1.199 Anchor: 0.0176 | 0.8s
  Epoch 499/800 | Total: 3.832 Edge: 0.313 Con: 0.137 Cls: 1.144 Anchor: 0.0173 | 0.8s
  Epoch 500/800 | Total: 3.837 Edge: 0.303 Con: 0.136 Cls: 1.149 Anchor: 0.0181 | Val F1: 0.4186 | 0.8s
  Early stopping at epoch 500
  Best Val F1: 0.4263 | Test F1: 0.4273
  Total training time: 459.8s (7.7 min)

======================================================================
  Val  Macro-F1: 0.4263
  Test Macro-F1: 0.4273
  Test Accuracy: 0.6520
  Time: 461.4s
======================================================================

  Results saved to: results/NESS_ogbn-arxiv_MCAR_0.8_20260724_011656
