/home/erfan/MATE/venv/lib/python3.13/site-packages/outdated/__init__.py:36: UserWarning: pkg_resources is deprecated as an API. See https://setuptools.pypa.io/en/latest/pkg_resources.html. The pkg_resources package is slated for removal as early as 2025-11-30. Refrain from using this package or pin to Setuptools<81.
  from pkg_resources import parse_version
/home/erfan/MATE/ogbn_benchmarks/data_loader.py:96: UserWarning: Sparse invariant checks are implicitly disabled. Memory errors (e.g. SEGFAULT) will occur when operating on a sparse tensor which violates the invariants, but checks incur performance overhead. To silence this warning, explicitly opt in or out. See `torch.sparse.check_sparse_tensor_invariants.__doc__` for guidance.  (Triggered internally at /pytorch/aten/src/ATen/Context.cpp:760.)
  adj = torch.sparse_coo_tensor(edge_index, vals, (num_nodes, num_nodes)).coalesce()
======================================================================
  NESS | ogbn-arxiv | MCAR @ 90% | lr=0.001
======================================================================
[1/3] Loading ogbn-arxiv...
  169,343 nodes | 128 dims | 40 classes
[2/3] Simulating MCAR missingness...
Simulating MCAR missingness at 90% rate...
  MCAR: Uniform random selection
  Observable: 16,935 (10.0%)
  Masked: 152,408 (90.0%)
  Observable: 16,935 | Val: 76,204 | Test: 76,204
[3/3] Running NESS...
  Prefilling missing nodes via Feature Propagation (40 iters)...
  Partitioning graph into 20 clusters (cache_device=cpu)...
  Cached 20 clusters
  Training NESS for up to 800 epochs (patience=20)...
  Epoch 1/800 | Total: 4.717 Edge: 0.658 Con: 0.532 Cls: 3.500 Anchor: 0.0276 | 1.6s
  Epoch 2/800 | Total: 4.115 Edge: 0.599 Con: 0.367 Cls: 3.122 Anchor: 0.0273 | 1.1s
  Epoch 3/800 | Total: 3.905 Edge: 0.562 Con: 0.315 Cls: 3.004 Anchor: 0.0236 | 1.0s
  Epoch 4/800 | Total: 3.778 Edge: 0.552 Con: 0.290 Cls: 2.913 Anchor: 0.0223 | 1.2s
  Epoch 5/800 | Total: 3.744 Edge: 0.552 Con: 0.280 Cls: 2.889 Anchor: 0.0225 | Val F1: 0.0300 | 1.2s
  Epoch 6/800 | Total: 3.594 Edge: 0.559 Con: 0.272 Cls: 2.741 Anchor: 0.0224 | 0.9s
  Epoch 7/800 | Total: 3.417 Edge: 0.531 Con: 0.259 Cls: 2.604 Anchor: 0.0234 | 0.9s
  Epoch 8/800 | Total: 3.296 Edge: 0.529 Con: 0.247 Cls: 2.495 Anchor: 0.0251 | 0.8s
  Epoch 9/800 | Total: 3.163 Edge: 0.521 Con: 0.239 Cls: 2.380 Anchor: 0.0225 | 1.1s
  Epoch 10/800 | Total: 3.052 Edge: 0.492 Con: 0.231 Cls: 2.307 Anchor: 0.0223 | Val F1: 0.0751 | 1.1s
  Epoch 11/800 | Total: 2.975 Edge: 0.493 Con: 0.224 Cls: 2.235 Anchor: 0.0224 | 1.2s
  Epoch 12/800 | Total: 2.948 Edge: 0.502 Con: 0.219 Cls: 2.205 Anchor: 0.0222 | 1.0s
  Epoch 13/800 | Total: 3.050 Edge: 0.510 Con: 0.216 Cls: 2.299 Anchor: 0.0254 | 0.9s
  Epoch 14/800 | Total: 2.849 Edge: 0.478 Con: 0.208 Cls: 2.139 Anchor: 0.0237 | 0.9s
  Epoch 15/800 | Total: 2.769 Edge: 0.468 Con: 0.206 Cls: 2.073 Anchor: 0.0219 | Val F1: 0.1118 | 0.9s
  Epoch 16/800 | Total: 2.748 Edge: 0.469 Con: 0.204 Cls: 2.055 Anchor: 0.0210 | 1.0s
  Epoch 17/800 | Total: 2.708 Edge: 0.462 Con: 0.202 Cls: 2.022 Anchor: 0.0212 | 0.9s
  Epoch 18/800 | Total: 2.669 Edge: 0.456 Con: 0.198 Cls: 1.994 Anchor: 0.0209 | 1.1s
  Epoch 19/800 | Total: 2.837 Edge: 0.464 Con: 0.202 Cls: 2.150 Anchor: 0.0208 | 1.0s
  Epoch 20/800 | Total: 2.720 Edge: 0.475 Con: 0.197 Cls: 2.027 Anchor: 0.0217 | Val F1: 0.1407 | 1.0s
  Epoch 21/800 | Total: 2.644 Edge: 0.456 Con: 0.196 Cls: 1.972 Anchor: 0.0208 | 1.0s
  Epoch 22/800 | Total: 2.602 Edge: 0.457 Con: 0.198 Cls: 1.926 Anchor: 0.0208 | 1.1s
  Epoch 23/800 | Total: 2.624 Edge: 0.451 Con: 0.194 Cls: 1.959 Anchor: 0.0201 | 1.0s
  Epoch 24/800 | Total: 2.592 Edge: 0.455 Con: 0.194 Cls: 1.922 Anchor: 0.0211 | 1.0s
  Epoch 25/800 | Total: 2.586 Edge: 0.448 Con: 0.193 Cls: 1.924 Anchor: 0.0202 | Val F1: 0.1627 | 0.9s
  Epoch 26/800 | Total: 2.564 Edge: 0.449 Con: 0.190 Cls: 1.905 Anchor: 0.0202 | 0.9s
  Epoch 27/800 | Total: 2.535 Edge: 0.441 Con: 0.192 Cls: 1.882 Anchor: 0.0206 | 1.1s
  Epoch 28/800 | Total: 2.512 Edge: 0.437 Con: 0.190 Cls: 1.865 Anchor: 0.0203 | 1.1s
  Epoch 29/800 | Total: 2.545 Edge: 0.448 Con: 0.191 Cls: 1.887 Anchor: 0.0201 | 1.0s
  Epoch 30/800 | Total: 2.495 Edge: 0.441 Con: 0.189 Cls: 1.844 Anchor: 0.0204 | Val F1: 0.1827 | 1.0s
  Epoch 31/800 | Total: 2.466 Edge: 0.436 Con: 0.188 Cls: 1.821 Anchor: 0.0199 | 1.1s
  Epoch 32/800 | Total: 2.428 Edge: 0.432 Con: 0.187 Cls: 1.789 Anchor: 0.0205 | 1.0s
  Epoch 33/800 | Total: 2.427 Edge: 0.427 Con: 0.187 Cls: 1.793 Anchor: 0.0205 | 1.0s
  Epoch 34/800 | Total: 2.413 Edge: 0.424 Con: 0.186 Cls: 1.783 Anchor: 0.0205 | 0.9s
  Epoch 35/800 | Total: 2.379 Edge: 0.421 Con: 0.185 Cls: 1.753 Anchor: 0.0206 | Val F1: 0.1897 | 1.1s
  Epoch 36/800 | Total: 2.389 Edge: 0.420 Con: 0.184 Cls: 1.764 Anchor: 0.0208 | 0.9s
  Epoch 37/800 | Total: 2.414 Edge: 0.421 Con: 0.185 Cls: 1.789 Anchor: 0.0206 | 0.9s
  Epoch 38/800 | Total: 2.334 Edge: 0.417 Con: 0.183 Cls: 1.714 Anchor: 0.0204 | 1.0s
  Epoch 39/800 | Total: 2.350 Edge: 0.425 Con: 0.182 Cls: 1.722 Anchor: 0.0206 | 0.9s
  Epoch 40/800 | Total: 2.349 Edge: 0.421 Con: 0.182 Cls: 1.726 Anchor: 0.0200 | Val F1: 0.2209 | 1.1s
  Epoch 41/800 | Total: 2.294 Edge: 0.416 Con: 0.179 Cls: 1.679 Anchor: 0.0198 | 0.9s
  Epoch 42/800 | Total: 2.313 Edge: 0.418 Con: 0.180 Cls: 1.696 Anchor: 0.0198 | 0.8s
  Epoch 43/800 | Total: 2.306 Edge: 0.417 Con: 0.180 Cls: 1.688 Anchor: 0.0206 | 1.0s
  Epoch 44/800 | Total: 2.291 Edge: 0.410 Con: 0.177 Cls: 1.684 Anchor: 0.0197 | 1.0s
  Epoch 45/800 | Total: 2.316 Edge: 0.417 Con: 0.179 Cls: 1.699 Anchor: 0.0201 | Val F1: 0.2063 | 2.2s
  Epoch 46/800 | Total: 2.441 Edge: 0.419 Con: 0.176 Cls: 1.826 Anchor: 0.0200 | 1.8s
  Epoch 47/800 | Total: 2.323 Edge: 0.417 Con: 0.178 Cls: 1.707 Anchor: 0.0199 | 1.7s
  Epoch 48/800 | Total: 2.276 Edge: 0.413 Con: 0.175 Cls: 1.668 Anchor: 0.0204 | 1.7s
  Epoch 49/800 | Total: 2.247 Edge: 0.404 Con: 0.179 Cls: 1.645 Anchor: 0.0194 | 1.7s
  Epoch 50/800 | Total: 2.257 Edge: 0.410 Con: 0.175 Cls: 1.652 Anchor: 0.0198 | Val F1: 0.2153 | 2.6s
  Epoch 51/800 | Total: 2.230 Edge: 0.400 Con: 0.175 Cls: 1.635 Anchor: 0.0197 | 1.8s
  Epoch 52/800 | Total: 2.239 Edge: 0.401 Con: 0.174 Cls: 1.644 Anchor: 0.0197 | 1.7s
  Epoch 53/800 | Total: 2.245 Edge: 0.399 Con: 0.176 Cls: 1.650 Anchor: 0.0197 | 1.7s
  Epoch 54/800 | Total: 2.226 Edge: 0.401 Con: 0.173 Cls: 1.633 Anchor: 0.0194 | 1.8s
  Epoch 55/800 | Total: 2.246 Edge: 0.405 Con: 0.175 Cls: 1.646 Anchor: 0.0209 | Val F1: 0.2208 | 2.5s
  Epoch 56/800 | Total: 2.250 Edge: 0.404 Con: 0.173 Cls: 1.653 Anchor: 0.0199 | 1.8s
  Epoch 57/800 | Total: 2.220 Edge: 0.397 Con: 0.173 Cls: 1.630 Anchor: 0.0196 | 1.8s
  Epoch 58/800 | Total: 2.202 Edge: 0.395 Con: 0.173 Cls: 1.613 Anchor: 0.0199 | 1.8s
  Epoch 59/800 | Total: 2.274 Edge: 0.398 Con: 0.172 Cls: 1.684 Anchor: 0.0195 | 1.7s
  Epoch 60/800 | Total: 2.221 Edge: 0.400 Con: 0.173 Cls: 1.628 Anchor: 0.0193 | Val F1: 0.2208 | 2.5s
  Epoch 61/800 | Total: 2.216 Edge: 0.399 Con: 0.172 Cls: 1.626 Anchor: 0.0193 | 1.8s
  Epoch 62/800 | Total: 2.180 Edge: 0.394 Con: 0.173 Cls: 1.594 Anchor: 0.0194 | 1.7s
  Epoch 63/800 | Total: 2.200 Edge: 0.391 Con: 0.172 Cls: 1.617 Anchor: 0.0191 | 1.7s
  Epoch 64/800 | Total: 2.156 Edge: 0.390 Con: 0.170 Cls: 1.576 Anchor: 0.0195 | 1.7s
  Epoch 65/800 | Total: 2.187 Edge: 0.393 Con: 0.170 Cls: 1.603 Anchor: 0.0203 | Val F1: 0.2337 | 2.6s
  Epoch 66/800 | Total: 2.204 Edge: 0.399 Con: 0.170 Cls: 1.614 Anchor: 0.0199 | 1.8s
  Epoch 67/800 | Total: 2.275 Edge: 0.399 Con: 0.173 Cls: 1.682 Anchor: 0.0206 | 1.7s
  Epoch 68/800 | Total: 2.173 Edge: 0.404 Con: 0.169 Cls: 1.579 Anchor: 0.0212 | 1.8s
  Epoch 69/800 | Total: 2.149 Edge: 0.391 Con: 0.172 Cls: 1.566 Anchor: 0.0200 | 1.7s
  Epoch 70/800 | Total: 2.139 Edge: 0.393 Con: 0.169 Cls: 1.557 Anchor: 0.0195 | Val F1: 0.2458 | 2.5s
  Epoch 71/800 | Total: 2.135 Edge: 0.398 Con: 0.170 Cls: 1.548 Anchor: 0.0193 | 1.7s
  Epoch 72/800 | Total: 2.201 Edge: 0.393 Con: 0.171 Cls: 1.616 Anchor: 0.0202 | 1.7s
  Epoch 73/800 | Total: 2.201 Edge: 0.398 Con: 0.170 Cls: 1.611 Anchor: 0.0219 | 1.7s
  Epoch 74/800 | Total: 2.233 Edge: 0.400 Con: 0.169 Cls: 1.644 Anchor: 0.0198 | 1.7s
  Epoch 75/800 | Total: 2.199 Edge: 0.396 Con: 0.168 Cls: 1.614 Anchor: 0.0204 | Val F1: 0.2231 | 2.7s
  Epoch 76/800 | Total: 2.197 Edge: 0.396 Con: 0.168 Cls: 1.614 Anchor: 0.0200 | 1.7s
  Epoch 77/800 | Total: 2.169 Edge: 0.389 Con: 0.169 Cls: 1.591 Anchor: 0.0201 | 1.8s
  Epoch 78/800 | Total: 2.174 Edge: 0.390 Con: 0.168 Cls: 1.596 Anchor: 0.0197 | 1.8s
  Epoch 79/800 | Total: 2.182 Edge: 0.400 Con: 0.170 Cls: 1.592 Anchor: 0.0203 | 1.7s
  Epoch 80/800 | Total: 2.149 Edge: 0.393 Con: 0.168 Cls: 1.570 Anchor: 0.0188 | Val F1: 0.2188 | 2.6s
  Epoch 81/800 | Total: 2.163 Edge: 0.391 Con: 0.168 Cls: 1.586 Anchor: 0.0186 | 1.8s
  Epoch 82/800 | Total: 2.121 Edge: 0.386 Con: 0.169 Cls: 1.547 Anchor: 0.0187 | 1.7s
  Epoch 83/800 | Total: 2.193 Edge: 0.385 Con: 0.169 Cls: 1.620 Anchor: 0.0186 | 1.7s
  Epoch 84/800 | Total: 2.292 Edge: 0.391 Con: 0.169 Cls: 1.714 Anchor: 0.0185 | 1.7s
  Epoch 85/800 | Total: 2.184 Edge: 0.389 Con: 0.167 Cls: 1.608 Anchor: 0.0195 | Val F1: 0.2232 | 2.6s
  Epoch 86/800 | Total: 2.142 Edge: 0.384 Con: 0.170 Cls: 1.569 Anchor: 0.0192 | 1.8s
  Epoch 87/800 | Total: 2.115 Edge: 0.382 Con: 0.167 Cls: 1.547 Anchor: 0.0191 | 1.7s
  Epoch 88/800 | Total: 2.108 Edge: 0.382 Con: 0.166 Cls: 1.541 Anchor: 0.0191 | 1.8s
  Epoch 89/800 | Total: 2.076 Edge: 0.379 Con: 0.167 Cls: 1.511 Anchor: 0.0193 | 1.7s
  Epoch 90/800 | Total: 2.114 Edge: 0.381 Con: 0.169 Cls: 1.545 Anchor: 0.0191 | Val F1: 0.2526 | 2.6s
  Epoch 91/800 | Total: 2.097 Edge: 0.382 Con: 0.166 Cls: 1.530 Anchor: 0.0187 | 1.7s
  Epoch 92/800 | Total: 2.089 Edge: 0.375 Con: 0.166 Cls: 1.529 Anchor: 0.0185 | 1.8s
  Epoch 93/800 | Total: 2.065 Edge: 0.375 Con: 0.166 Cls: 1.506 Anchor: 0.0182 | 1.8s
  Epoch 94/800 | Total: 2.064 Edge: 0.375 Con: 0.166 Cls: 1.504 Anchor: 0.0189 | 1.7s
  Epoch 95/800 | Total: 2.091 Edge: 0.377 Con: 0.165 Cls: 1.531 Anchor: 0.0183 | Val F1: 0.2545 | 2.4s
  Epoch 96/800 | Total: 2.076 Edge: 0.379 Con: 0.166 Cls: 1.513 Anchor: 0.0184 | 1.8s
  Epoch 97/800 | Total: 2.094 Edge: 0.375 Con: 0.166 Cls: 1.535 Anchor: 0.0182 | 1.7s
  Epoch 98/800 | Total: 2.078 Edge: 0.373 Con: 0.165 Cls: 1.522 Anchor: 0.0183 | 1.7s
  Epoch 99/800 | Total: 2.074 Edge: 0.375 Con: 0.166 Cls: 1.515 Anchor: 0.0187 | 1.7s
  Epoch 100/800 | Total: 2.058 Edge: 0.372 Con: 0.165 Cls: 1.502 Anchor: 0.0190 | Val F1: 0.2573 | 2.5s
  Epoch 101/800 | Total: 2.116 Edge: 0.373 Con: 0.166 Cls: 1.558 Anchor: 0.0185 | 1.7s
  Epoch 102/800 | Total: 2.091 Edge: 0.383 Con: 0.165 Cls: 1.524 Anchor: 0.0190 | 1.7s
  Epoch 103/800 | Total: 2.080 Edge: 0.383 Con: 0.166 Cls: 1.512 Anchor: 0.0189 | 1.8s
  Epoch 104/800 | Total: 2.073 Edge: 0.377 Con: 0.165 Cls: 1.511 Anchor: 0.0190 | 1.7s
  Epoch 105/800 | Total: 2.087 Edge: 0.377 Con: 0.166 Cls: 1.524 Anchor: 0.0193 | Val F1: 0.2478 | 2.8s
  Epoch 106/800 | Total: 2.088 Edge: 0.380 Con: 0.166 Cls: 1.522 Anchor: 0.0199 | 1.8s
  Epoch 107/800 | Total: 2.064 Edge: 0.377 Con: 0.165 Cls: 1.502 Anchor: 0.0196 | 1.7s
  Epoch 108/800 | Total: 2.084 Edge: 0.377 Con: 0.165 Cls: 1.523 Anchor: 0.0192 | 1.8s
  Epoch 109/800 | Total: 2.134 Edge: 0.373 Con: 0.166 Cls: 1.576 Anchor: 0.0192 | 1.8s
  Epoch 110/800 | Total: 2.049 Edge: 0.374 Con: 0.164 Cls: 1.492 Anchor: 0.0190 | Val F1: 0.2676 | 2.5s
  Epoch 111/800 | Total: 2.030 Edge: 0.371 Con: 0.164 Cls: 1.476 Anchor: 0.0188 | 1.8s
  Epoch 112/800 | Total: 2.012 Edge: 0.367 Con: 0.163 Cls: 1.463 Anchor: 0.0187 | 1.7s
  Epoch 113/800 | Total: 2.054 Edge: 0.368 Con: 0.164 Cls: 1.503 Anchor: 0.0187 | 1.8s
  Epoch 114/800 | Total: 2.044 Edge: 0.369 Con: 0.165 Cls: 1.491 Anchor: 0.0186 | 1.8s
  Epoch 115/800 | Total: 2.049 Edge: 0.375 Con: 0.166 Cls: 1.489 Anchor: 0.0188 | Val F1: 0.2639 | 2.6s
  Epoch 116/800 | Total: 2.062 Edge: 0.371 Con: 0.163 Cls: 1.509 Anchor: 0.0187 | 1.8s
  Epoch 117/800 | Total: 2.051 Edge: 0.376 Con: 0.165 Cls: 1.493 Anchor: 0.0181 | 1.8s
  Epoch 118/800 | Total: 2.116 Edge: 0.380 Con: 0.164 Cls: 1.553 Anchor: 0.0190 | 1.7s
  Epoch 119/800 | Total: 2.106 Edge: 0.387 Con: 0.167 Cls: 1.532 Anchor: 0.0192 | 1.8s
  Epoch 120/800 | Total: 2.066 Edge: 0.385 Con: 0.166 Cls: 1.497 Anchor: 0.0189 | Val F1: 0.2677 | 2.6s
  Epoch 121/800 | Total: 2.041 Edge: 0.382 Con: 0.164 Cls: 1.476 Anchor: 0.0187 | 1.8s
  Epoch 122/800 | Total: 2.039 Edge: 0.378 Con: 0.164 Cls: 1.479 Anchor: 0.0187 | 1.7s
  Epoch 123/800 | Total: 2.027 Edge: 0.368 Con: 0.163 Cls: 1.477 Anchor: 0.0193 | 1.7s
  Epoch 124/800 | Total: 2.023 Edge: 0.369 Con: 0.165 Cls: 1.470 Anchor: 0.0184 | 1.7s
  Epoch 125/800 | Total: 2.069 Edge: 0.367 Con: 0.165 Cls: 1.517 Anchor: 0.0188 | Val F1: 0.2654 | 2.4s
  Epoch 126/800 | Total: 2.042 Edge: 0.365 Con: 0.163 Cls: 1.496 Anchor: 0.0183 | 1.4s
  Epoch 127/800 | Total: 2.032 Edge: 0.364 Con: 0.162 Cls: 1.487 Anchor: 0.0186 | 1.3s
  Epoch 128/800 | Total: 2.049 Edge: 0.368 Con: 0.163 Cls: 1.499 Anchor: 0.0190 | 1.3s
  Epoch 129/800 | Total: 2.022 Edge: 0.364 Con: 0.164 Cls: 1.476 Anchor: 0.0182 | 1.3s
  Epoch 130/800 | Total: 2.044 Edge: 0.366 Con: 0.163 Cls: 1.496 Anchor: 0.0194 | Val F1: 0.2653 | 1.7s
  Epoch 131/800 | Total: 2.044 Edge: 0.372 Con: 0.164 Cls: 1.489 Anchor: 0.0192 | 1.2s
  Epoch 132/800 | Total: 2.039 Edge: 0.371 Con: 0.164 Cls: 1.486 Anchor: 0.0188 | 1.2s
  Epoch 133/800 | Total: 2.039 Edge: 0.369 Con: 0.164 Cls: 1.487 Anchor: 0.0190 | 1.1s
  Epoch 134/800 | Total: 2.029 Edge: 0.369 Con: 0.164 Cls: 1.476 Anchor: 0.0196 | 1.4s
  Epoch 135/800 | Total: 2.051 Edge: 0.370 Con: 0.163 Cls: 1.498 Anchor: 0.0195 | Val F1: 0.2487 | 2.0s
  Epoch 136/800 | Total: 2.059 Edge: 0.374 Con: 0.162 Cls: 1.505 Anchor: 0.0181 | 1.6s
  Epoch 137/800 | Total: 2.025 Edge: 0.371 Con: 0.163 Cls: 1.472 Anchor: 0.0186 | 1.6s
  Epoch 138/800 | Total: 2.006 Edge: 0.370 Con: 0.164 Cls: 1.453 Anchor: 0.0188 | 1.5s
  Epoch 139/800 | Total: 2.022 Edge: 0.366 Con: 0.162 Cls: 1.476 Anchor: 0.0184 | 1.5s
  Epoch 140/800 | Total: 2.000 Edge: 0.364 Con: 0.163 Cls: 1.453 Anchor: 0.0188 | Val F1: 0.2674 | 2.3s
  Epoch 141/800 | Total: 1.995 Edge: 0.364 Con: 0.164 Cls: 1.449 Anchor: 0.0193 | 1.6s
  Epoch 142/800 | Total: 2.003 Edge: 0.361 Con: 0.162 Cls: 1.461 Anchor: 0.0194 | 1.5s
  Epoch 143/800 | Total: 2.008 Edge: 0.360 Con: 0.163 Cls: 1.466 Anchor: 0.0190 | 1.4s
  Epoch 144/800 | Total: 1.986 Edge: 0.363 Con: 0.162 Cls: 1.442 Anchor: 0.0189 | 1.4s
  Epoch 145/800 | Total: 2.001 Edge: 0.364 Con: 0.163 Cls: 1.454 Anchor: 0.0190 | Val F1: 0.2731 | 1.5s
  Epoch 146/800 | Total: 2.017 Edge: 0.366 Con: 0.163 Cls: 1.469 Anchor: 0.0191 | 1.1s
  Epoch 147/800 | Total: 1.994 Edge: 0.367 Con: 0.161 Cls: 1.447 Anchor: 0.0189 | 1.2s
  Epoch 148/800 | Total: 2.055 Edge: 0.367 Con: 0.162 Cls: 1.507 Anchor: 0.0187 | 1.0s
  Epoch 149/800 | Total: 2.223 Edge: 0.379 Con: 0.165 Cls: 1.660 Anchor: 0.0195 | 1.2s
  Epoch 150/800 | Total: 2.091 Edge: 0.371 Con: 0.164 Cls: 1.537 Anchor: 0.0190 | Val F1: 0.2579 | 1.5s
  Epoch 151/800 | Total: 2.049 Edge: 0.368 Con: 0.163 Cls: 1.500 Anchor: 0.0185 | 1.3s
  Epoch 152/800 | Total: 2.022 Edge: 0.368 Con: 0.163 Cls: 1.473 Anchor: 0.0185 | 1.3s
  Epoch 153/800 | Total: 2.018 Edge: 0.364 Con: 0.163 Cls: 1.472 Anchor: 0.0187 | 1.5s
  Epoch 154/800 | Total: 2.010 Edge: 0.364 Con: 0.162 Cls: 1.467 Anchor: 0.0179 | 1.4s
  Epoch 155/800 | Total: 1.989 Edge: 0.365 Con: 0.163 Cls: 1.443 Anchor: 0.0187 | Val F1: 0.2650 | 1.6s
  Epoch 156/800 | Total: 1.993 Edge: 0.366 Con: 0.161 Cls: 1.447 Anchor: 0.0191 | 1.3s
  Epoch 157/800 | Total: 2.023 Edge: 0.368 Con: 0.162 Cls: 1.473 Anchor: 0.0186 | 1.1s
  Epoch 158/800 | Total: 1.987 Edge: 0.363 Con: 0.161 Cls: 1.445 Anchor: 0.0182 | 1.2s
  Epoch 159/800 | Total: 2.017 Edge: 0.364 Con: 0.162 Cls: 1.472 Anchor: 0.0187 | 1.3s
  Epoch 160/800 | Total: 1.997 Edge: 0.362 Con: 0.160 Cls: 1.455 Anchor: 0.0197 | Val F1: 0.2644 | 1.8s
  Epoch 161/800 | Total: 2.024 Edge: 0.363 Con: 0.163 Cls: 1.479 Anchor: 0.0190 | 1.4s
  Epoch 162/800 | Total: 1.979 Edge: 0.362 Con: 0.160 Cls: 1.437 Anchor: 0.0199 | 1.4s
  Epoch 163/800 | Total: 1.978 Edge: 0.362 Con: 0.162 Cls: 1.436 Anchor: 0.0190 | 1.3s
  Epoch 164/800 | Total: 2.007 Edge: 0.364 Con: 0.162 Cls: 1.463 Anchor: 0.0185 | 1.5s
  Epoch 165/800 | Total: 2.000 Edge: 0.366 Con: 0.161 Cls: 1.454 Anchor: 0.0183 | Val F1: 0.2891 | 2.2s
  Epoch 166/800 | Total: 2.001 Edge: 0.370 Con: 0.161 Cls: 1.453 Anchor: 0.0181 | 1.8s
  Epoch 167/800 | Total: 1.974 Edge: 0.366 Con: 0.162 Cls: 1.428 Anchor: 0.0183 | 1.6s
  Epoch 168/800 | Total: 1.979 Edge: 0.368 Con: 0.161 Cls: 1.431 Anchor: 0.0183 | 1.4s
  Epoch 169/800 | Total: 1.985 Edge: 0.361 Con: 0.160 Cls: 1.446 Anchor: 0.0185 | 1.4s
  Epoch 170/800 | Total: 1.984 Edge: 0.356 Con: 0.162 Cls: 1.447 Anchor: 0.0194 | Val F1: 0.2756 | 1.7s
  Epoch 171/800 | Total: 1.997 Edge: 0.357 Con: 0.162 Cls: 1.460 Anchor: 0.0189 | 1.4s
  Epoch 172/800 | Total: 2.118 Edge: 0.363 Con: 0.165 Cls: 1.571 Anchor: 0.0194 | 1.3s
  Epoch 173/800 | Total: 2.050 Edge: 0.365 Con: 0.161 Cls: 1.505 Anchor: 0.0189 | 1.2s
  Epoch 174/800 | Total: 1.993 Edge: 0.368 Con: 0.162 Cls: 1.444 Anchor: 0.0186 | 1.1s
  Epoch 175/800 | Total: 2.004 Edge: 0.367 Con: 0.161 Cls: 1.458 Anchor: 0.0186 | Val F1: 0.2681 | 1.1s
  Epoch 176/800 | Total: 1.987 Edge: 0.363 Con: 0.162 Cls: 1.443 Anchor: 0.0189 | 1.1s
  Epoch 177/800 | Total: 1.977 Edge: 0.360 Con: 0.161 Cls: 1.438 Anchor: 0.0187 | 1.3s
  Epoch 178/800 | Total: 2.008 Edge: 0.363 Con: 0.161 Cls: 1.465 Anchor: 0.0188 | 1.3s
  Epoch 179/800 | Total: 2.008 Edge: 0.361 Con: 0.161 Cls: 1.467 Anchor: 0.0190 | 1.6s
  Epoch 180/800 | Total: 2.002 Edge: 0.360 Con: 0.162 Cls: 1.461 Anchor: 0.0194 | Val F1: 0.2733 | 1.7s
  Epoch 181/800 | Total: 1.984 Edge: 0.357 Con: 0.160 Cls: 1.448 Anchor: 0.0192 | 1.1s
  Epoch 182/800 | Total: 1.952 Edge: 0.357 Con: 0.161 Cls: 1.415 Anchor: 0.0195 | 1.3s
  Epoch 183/800 | Total: 1.953 Edge: 0.356 Con: 0.160 Cls: 1.418 Anchor: 0.0195 | 1.3s
  Epoch 184/800 | Total: 1.962 Edge: 0.358 Con: 0.161 Cls: 1.423 Anchor: 0.0193 | 1.1s
  Epoch 185/800 | Total: 1.944 Edge: 0.359 Con: 0.160 Cls: 1.406 Anchor: 0.0191 | Val F1: 0.2820 | 1.8s
  Epoch 186/800 | Total: 1.968 Edge: 0.363 Con: 0.161 Cls: 1.425 Anchor: 0.0190 | 1.5s
  Epoch 187/800 | Total: 1.968 Edge: 0.363 Con: 0.160 Cls: 1.426 Anchor: 0.0193 | 1.5s
  Epoch 188/800 | Total: 2.062 Edge: 0.364 Con: 0.160 Cls: 1.519 Anchor: 0.0188 | 1.6s
  Epoch 189/800 | Total: 2.093 Edge: 0.363 Con: 0.163 Cls: 1.549 Anchor: 0.0188 | 1.5s
  Epoch 190/800 | Total: 2.008 Edge: 0.360 Con: 0.162 Cls: 1.467 Anchor: 0.0189 | Val F1: 0.2815 | 2.4s
  Epoch 191/800 | Total: 1.987 Edge: 0.355 Con: 0.161 Cls: 1.452 Anchor: 0.0186 | 1.7s
  Epoch 192/800 | Total: 1.957 Edge: 0.356 Con: 0.161 Cls: 1.421 Anchor: 0.0190 | 1.5s
  Epoch 193/800 | Total: 1.970 Edge: 0.358 Con: 0.160 Cls: 1.432 Anchor: 0.0193 | 1.4s
  Epoch 194/800 | Total: 1.971 Edge: 0.357 Con: 0.160 Cls: 1.435 Anchor: 0.0185 | 1.5s
  Epoch 195/800 | Total: 1.961 Edge: 0.355 Con: 0.159 Cls: 1.428 Anchor: 0.0190 | Val F1: 0.2868 | 1.7s
  Epoch 196/800 | Total: 1.956 Edge: 0.356 Con: 0.160 Cls: 1.421 Anchor: 0.0190 | 1.2s
  Epoch 197/800 | Total: 1.958 Edge: 0.352 Con: 0.160 Cls: 1.427 Anchor: 0.0189 | 1.2s
  Epoch 198/800 | Total: 1.951 Edge: 0.355 Con: 0.159 Cls: 1.417 Anchor: 0.0194 | 1.0s
  Epoch 199/800 | Total: 1.947 Edge: 0.357 Con: 0.160 Cls: 1.412 Anchor: 0.0184 | 1.2s
  Epoch 200/800 | Total: 1.935 Edge: 0.356 Con: 0.159 Cls: 1.402 Anchor: 0.0183 | Val F1: 0.2874 | 1.3s
  Epoch 201/800 | Total: 1.936 Edge: 0.358 Con: 0.159 Cls: 1.399 Anchor: 0.0189 | 1.3s
  Epoch 202/800 | Total: 1.941 Edge: 0.355 Con: 0.160 Cls: 1.409 Anchor: 0.0179 | 1.3s
  Epoch 203/800 | Total: 1.956 Edge: 0.354 Con: 0.160 Cls: 1.424 Anchor: 0.0183 | 1.5s
  Epoch 204/800 | Total: 1.975 Edge: 0.356 Con: 0.161 Cls: 1.439 Anchor: 0.0185 | 1.4s
  Epoch 205/800 | Total: 1.944 Edge: 0.351 Con: 0.160 Cls: 1.415 Anchor: 0.0182 | Val F1: 0.2993 | 1.6s
  Epoch 206/800 | Total: 1.972 Edge: 0.355 Con: 0.159 Cls: 1.440 Anchor: 0.0183 | 1.1s
  Epoch 207/800 | Total: 2.001 Edge: 0.354 Con: 0.159 Cls: 1.470 Anchor: 0.0176 | 1.1s
  Epoch 208/800 | Total: 1.934 Edge: 0.352 Con: 0.159 Cls: 1.405 Anchor: 0.0180 | 1.2s
  Epoch 209/800 | Total: 1.939 Edge: 0.355 Con: 0.160 Cls: 1.405 Anchor: 0.0185 | 1.3s
  Epoch 210/800 | Total: 1.946 Edge: 0.355 Con: 0.160 Cls: 1.412 Anchor: 0.0185 | Val F1: 0.3034 | 1.3s
  Epoch 211/800 | Total: 1.963 Edge: 0.353 Con: 0.159 Cls: 1.432 Anchor: 0.0188 | 1.4s
  Epoch 212/800 | Total: 1.972 Edge: 0.360 Con: 0.159 Cls: 1.434 Anchor: 0.0185 | 1.4s
  Epoch 213/800 | Total: 2.018 Edge: 0.364 Con: 0.159 Cls: 1.476 Anchor: 0.0188 | 1.5s
  Epoch 214/800 | Total: 2.006 Edge: 0.367 Con: 0.158 Cls: 1.461 Anchor: 0.0190 | 1.6s
  Epoch 215/800 | Total: 1.947 Edge: 0.360 Con: 0.161 Cls: 1.408 Anchor: 0.0176 | Val F1: 0.2935 | 1.9s
  Epoch 216/800 | Total: 1.939 Edge: 0.353 Con: 0.158 Cls: 1.409 Anchor: 0.0178 | 1.4s
  Epoch 217/800 | Total: 1.945 Edge: 0.353 Con: 0.160 Cls: 1.414 Anchor: 0.0182 | 1.6s
  Epoch 218/800 | Total: 1.987 Edge: 0.358 Con: 0.160 Cls: 1.450 Anchor: 0.0179 | 1.7s
  Epoch 219/800 | Total: 1.961 Edge: 0.357 Con: 0.158 Cls: 1.428 Anchor: 0.0175 | 1.6s
  Epoch 220/800 | Total: 1.941 Edge: 0.352 Con: 0.159 Cls: 1.412 Anchor: 0.0182 | Val F1: 0.2887 | 2.0s
  Epoch 221/800 | Total: 1.929 Edge: 0.353 Con: 0.160 Cls: 1.399 Anchor: 0.0181 | 1.3s
  Epoch 222/800 | Total: 1.952 Edge: 0.356 Con: 0.160 Cls: 1.418 Anchor: 0.0178 | 1.3s
  Epoch 223/800 | Total: 1.983 Edge: 0.355 Con: 0.159 Cls: 1.450 Anchor: 0.0183 | 1.1s
  Epoch 224/800 | Total: 1.986 Edge: 0.356 Con: 0.157 Cls: 1.455 Anchor: 0.0182 | 1.0s
  Epoch 225/800 | Total: 1.935 Edge: 0.354 Con: 0.157 Cls: 1.405 Anchor: 0.0184 | Val F1: 0.2952 | 1.5s
  Epoch 226/800 | Total: 1.916 Edge: 0.357 Con: 0.159 Cls: 1.382 Anchor: 0.0179 | 1.3s
  Epoch 227/800 | Total: 1.954 Edge: 0.362 Con: 0.159 Cls: 1.416 Anchor: 0.0177 | 1.1s
  Epoch 228/800 | Total: 1.935 Edge: 0.358 Con: 0.159 Cls: 1.399 Anchor: 0.0181 | 1.4s
  Epoch 229/800 | Total: 1.910 Edge: 0.350 Con: 0.159 Cls: 1.382 Anchor: 0.0179 | 1.2s
  Epoch 230/800 | Total: 1.932 Edge: 0.350 Con: 0.159 Cls: 1.405 Anchor: 0.0183 | Val F1: 0.3069 | 1.3s
  Epoch 231/800 | Total: 1.920 Edge: 0.352 Con: 0.159 Cls: 1.390 Anchor: 0.0183 | 1.4s
  Epoch 232/800 | Total: 1.936 Edge: 0.352 Con: 0.158 Cls: 1.408 Anchor: 0.0179 | 1.2s
  Epoch 233/800 | Total: 1.929 Edge: 0.353 Con: 0.158 Cls: 1.399 Anchor: 0.0183 | 1.3s
  Epoch 234/800 | Total: 2.059 Edge: 0.351 Con: 0.160 Cls: 1.531 Anchor: 0.0180 | 1.3s
  Epoch 235/800 | Total: 2.160 Edge: 0.370 Con: 0.163 Cls: 1.609 Anchor: 0.0185 | Val F1: 0.2393 | 1.8s
  Epoch 236/800 | Total: 2.008 Edge: 0.364 Con: 0.161 Cls: 1.465 Anchor: 0.0183 | 1.4s
  Epoch 237/800 | Total: 1.966 Edge: 0.359 Con: 0.160 Cls: 1.430 Anchor: 0.0177 | 1.5s
  Epoch 238/800 | Total: 1.932 Edge: 0.354 Con: 0.159 Cls: 1.401 Anchor: 0.0176 | 1.6s
  Epoch 239/800 | Total: 1.986 Edge: 0.355 Con: 0.160 Cls: 1.454 Anchor: 0.0174 | 1.3s
  Epoch 240/800 | Total: 1.934 Edge: 0.353 Con: 0.157 Cls: 1.406 Anchor: 0.0181 | Val F1: 0.2923 | 2.0s
  Epoch 241/800 | Total: 1.948 Edge: 0.348 Con: 0.159 Cls: 1.422 Anchor: 0.0189 | 1.5s
  Epoch 242/800 | Total: 1.921 Edge: 0.352 Con: 0.158 Cls: 1.393 Anchor: 0.0188 | 1.7s
  Epoch 243/800 | Total: 1.931 Edge: 0.347 Con: 0.157 Cls: 1.409 Anchor: 0.0179 | 1.8s
  Epoch 244/800 | Total: 1.930 Edge: 0.347 Con: 0.158 Cls: 1.407 Anchor: 0.0179 | 1.6s
  Epoch 245/800 | Total: 2.034 Edge: 0.360 Con: 0.160 Cls: 1.496 Anchor: 0.0180 | Val F1: 0.2902 | 2.0s
  Epoch 246/800 | Total: 2.028 Edge: 0.361 Con: 0.161 Cls: 1.487 Anchor: 0.0186 | 1.4s
  Epoch 247/800 | Total: 1.930 Edge: 0.349 Con: 0.160 Cls: 1.403 Anchor: 0.0180 | 1.2s
  Epoch 248/800 | Total: 1.915 Edge: 0.350 Con: 0.159 Cls: 1.388 Anchor: 0.0182 | 1.1s
  Epoch 249/800 | Total: 1.896 Edge: 0.351 Con: 0.159 Cls: 1.368 Anchor: 0.0181 | 1.1s
  Epoch 250/800 | Total: 1.909 Edge: 0.354 Con: 0.159 Cls: 1.377 Anchor: 0.0191 | Val F1: 0.3142 | 1.3s
  Epoch 251/800 | Total: 1.913 Edge: 0.352 Con: 0.158 Cls: 1.384 Anchor: 0.0186 | 1.0s
  Epoch 252/800 | Total: 1.908 Edge: 0.356 Con: 0.158 Cls: 1.376 Anchor: 0.0186 | 1.2s
  Epoch 253/800 | Total: 1.944 Edge: 0.358 Con: 0.159 Cls: 1.408 Anchor: 0.0191 | 1.2s
  Epoch 254/800 | Total: 1.912 Edge: 0.353 Con: 0.158 Cls: 1.382 Anchor: 0.0187 | 1.4s
  Epoch 255/800 | Total: 1.920 Edge: 0.351 Con: 0.157 Cls: 1.395 Anchor: 0.0186 | Val F1: 0.2990 | 1.7s
  Epoch 256/800 | Total: 1.943 Edge: 0.349 Con: 0.157 Cls: 1.419 Anchor: 0.0183 | 1.4s
  Epoch 257/800 | Total: 1.913 Edge: 0.346 Con: 0.158 Cls: 1.391 Anchor: 0.0181 | 1.4s
  Epoch 258/800 | Total: 1.918 Edge: 0.348 Con: 0.158 Cls: 1.394 Anchor: 0.0178 | 1.2s
  Epoch 259/800 | Total: 1.939 Edge: 0.351 Con: 0.158 Cls: 1.411 Anchor: 0.0185 | 1.2s
  Epoch 260/800 | Total: 1.906 Edge: 0.350 Con: 0.158 Cls: 1.380 Anchor: 0.0189 | Val F1: 0.3116 | 1.7s
  Epoch 261/800 | Total: 1.900 Edge: 0.348 Con: 0.158 Cls: 1.375 Anchor: 0.0192 | 1.3s
  Epoch 262/800 | Total: 1.936 Edge: 0.349 Con: 0.157 Cls: 1.410 Anchor: 0.0188 | 1.5s
  Epoch 263/800 | Total: 1.929 Edge: 0.351 Con: 0.158 Cls: 1.400 Anchor: 0.0192 | 1.5s
  Epoch 264/800 | Total: 1.943 Edge: 0.350 Con: 0.158 Cls: 1.416 Anchor: 0.0189 | 1.5s
  Epoch 265/800 | Total: 1.937 Edge: 0.350 Con: 0.156 Cls: 1.411 Anchor: 0.0184 | Val F1: 0.3105 | 1.8s
  Epoch 266/800 | Total: 1.923 Edge: 0.349 Con: 0.159 Cls: 1.397 Anchor: 0.0184 | 1.6s
  Epoch 267/800 | Total: 1.910 Edge: 0.354 Con: 0.158 Cls: 1.379 Anchor: 0.0186 | 1.3s
  Epoch 268/800 | Total: 1.905 Edge: 0.352 Con: 0.157 Cls: 1.378 Anchor: 0.0186 | 1.7s
  Epoch 269/800 | Total: 1.885 Edge: 0.346 Con: 0.157 Cls: 1.364 Anchor: 0.0181 | 1.6s
  Epoch 270/800 | Total: 1.895 Edge: 0.346 Con: 0.157 Cls: 1.373 Anchor: 0.0182 | Val F1: 0.3019 | 1.9s
  Epoch 271/800 | Total: 1.895 Edge: 0.345 Con: 0.158 Cls: 1.375 Anchor: 0.0181 | 1.6s
  Epoch 272/800 | Total: 1.919 Edge: 0.345 Con: 0.157 Cls: 1.398 Anchor: 0.0186 | 1.3s
  Epoch 273/800 | Total: 1.902 Edge: 0.346 Con: 0.158 Cls: 1.381 Anchor: 0.0178 | 1.3s
  Epoch 274/800 | Total: 1.935 Edge: 0.351 Con: 0.158 Cls: 1.407 Anchor: 0.0187 | 1.2s
  Epoch 275/800 | Total: 1.960 Edge: 0.354 Con: 0.158 Cls: 1.429 Anchor: 0.0186 | Val F1: 0.3145 | 1.3s
  Epoch 276/800 | Total: 1.936 Edge: 0.356 Con: 0.158 Cls: 1.404 Anchor: 0.0183 | 1.3s
  Epoch 277/800 | Total: 1.919 Edge: 0.350 Con: 0.156 Cls: 1.395 Anchor: 0.0187 | 1.0s
  Epoch 278/800 | Total: 1.908 Edge: 0.346 Con: 0.158 Cls: 1.386 Anchor: 0.0184 | 1.1s
  Epoch 279/800 | Total: 1.948 Edge: 0.347 Con: 0.158 Cls: 1.424 Anchor: 0.0186 | 1.4s
  Epoch 280/800 | Total: 1.940 Edge: 0.352 Con: 0.160 Cls: 1.410 Anchor: 0.0180 | Val F1: 0.3011 | 1.1s
  Epoch 281/800 | Total: 1.901 Edge: 0.349 Con: 0.157 Cls: 1.376 Anchor: 0.0187 | 1.1s
  Epoch 282/800 | Total: 1.909 Edge: 0.345 Con: 0.158 Cls: 1.388 Anchor: 0.0185 | 1.0s
  Epoch 283/800 | Total: 1.898 Edge: 0.347 Con: 0.159 Cls: 1.374 Anchor: 0.0183 | 1.0s
  Epoch 284/800 | Total: 1.895 Edge: 0.344 Con: 0.156 Cls: 1.377 Anchor: 0.0185 | 1.0s
  Epoch 285/800 | Total: 1.914 Edge: 0.347 Con: 0.157 Cls: 1.391 Anchor: 0.0192 | Val F1: 0.2732 | 1.2s
  Epoch 286/800 | Total: 2.059 Edge: 0.356 Con: 0.159 Cls: 1.525 Anchor: 0.0185 | 1.0s
  Epoch 287/800 | Total: 2.019 Edge: 0.361 Con: 0.160 Cls: 1.479 Anchor: 0.0188 | 0.9s
  Epoch 288/800 | Total: 2.022 Edge: 0.371 Con: 0.158 Cls: 1.474 Anchor: 0.0186 | 1.2s
  Epoch 289/800 | Total: 1.959 Edge: 0.362 Con: 0.159 Cls: 1.419 Anchor: 0.0189 | 1.1s
  Epoch 290/800 | Total: 1.939 Edge: 0.362 Con: 0.158 Cls: 1.401 Anchor: 0.0178 | Val F1: 0.3016 | 1.3s
  Epoch 291/800 | Total: 1.893 Edge: 0.348 Con: 0.157 Cls: 1.369 Anchor: 0.0182 | 1.0s
  Epoch 292/800 | Total: 1.896 Edge: 0.346 Con: 0.158 Cls: 1.374 Anchor: 0.0184 | 1.1s
  Epoch 293/800 | Total: 1.907 Edge: 0.347 Con: 0.158 Cls: 1.384 Anchor: 0.0181 | 0.9s
  Epoch 294/800 | Total: 1.947 Edge: 0.351 Con: 0.157 Cls: 1.420 Anchor: 0.0186 | 1.0s
  Epoch 295/800 | Total: 1.941 Edge: 0.353 Con: 0.159 Cls: 1.411 Anchor: 0.0178 | Val F1: 0.3003 | 1.1s
  Epoch 296/800 | Total: 1.910 Edge: 0.351 Con: 0.157 Cls: 1.384 Anchor: 0.0181 | 1.0s
  Epoch 297/800 | Total: 1.896 Edge: 0.349 Con: 0.157 Cls: 1.372 Anchor: 0.0182 | 1.0s
  Epoch 298/800 | Total: 1.892 Edge: 0.352 Con: 0.157 Cls: 1.365 Anchor: 0.0178 | 0.9s
  Epoch 299/800 | Total: 1.930 Edge: 0.349 Con: 0.156 Cls: 1.407 Anchor: 0.0176 | 1.0s
  Epoch 300/800 | Total: 1.939 Edge: 0.349 Con: 0.157 Cls: 1.415 Anchor: 0.0187 | Val F1: 0.2841 | 1.0s
  Epoch 301/800 | Total: 1.915 Edge: 0.349 Con: 0.157 Cls: 1.391 Anchor: 0.0184 | 1.0s
  Epoch 302/800 | Total: 1.949 Edge: 0.351 Con: 0.158 Cls: 1.422 Anchor: 0.0183 | 1.0s
  Epoch 303/800 | Total: 1.940 Edge: 0.351 Con: 0.157 Cls: 1.413 Anchor: 0.0187 | 0.9s
  Epoch 304/800 | Total: 1.904 Edge: 0.345 Con: 0.156 Cls: 1.384 Anchor: 0.0182 | 1.0s
  Epoch 305/800 | Total: 1.916 Edge: 0.352 Con: 0.156 Cls: 1.389 Anchor: 0.0185 | Val F1: 0.3289 | 1.1s
  Epoch 306/800 | Total: 1.886 Edge: 0.348 Con: 0.156 Cls: 1.364 Anchor: 0.0185 | 1.0s
  Epoch 307/800 | Total: 1.880 Edge: 0.346 Con: 0.156 Cls: 1.360 Anchor: 0.0183 | 0.9s
  Epoch 308/800 | Total: 1.902 Edge: 0.346 Con: 0.157 Cls: 1.380 Anchor: 0.0186 | 1.1s
  Epoch 309/800 | Total: 1.889 Edge: 0.341 Con: 0.156 Cls: 1.373 Anchor: 0.0185 | 1.2s
  Epoch 310/800 | Total: 2.004 Edge: 0.344 Con: 0.158 Cls: 1.483 Anchor: 0.0185 | Val F1: 0.3089 | 1.3s
  Epoch 311/800 | Total: 1.954 Edge: 0.352 Con: 0.159 Cls: 1.424 Anchor: 0.0187 | 1.0s
  Epoch 312/800 | Total: 1.981 Edge: 0.359 Con: 0.159 Cls: 1.444 Anchor: 0.0188 | 1.1s
  Epoch 313/800 | Total: 1.904 Edge: 0.347 Con: 0.157 Cls: 1.382 Anchor: 0.0183 | 1.1s
  Epoch 314/800 | Total: 1.926 Edge: 0.348 Con: 0.158 Cls: 1.402 Anchor: 0.0185 | 1.2s
  Epoch 315/800 | Total: 1.894 Edge: 0.344 Con: 0.156 Cls: 1.376 Anchor: 0.0180 | Val F1: 0.2998 | 1.1s
  Epoch 316/800 | Total: 1.963 Edge: 0.354 Con: 0.158 Cls: 1.433 Anchor: 0.0176 | 1.0s
  Epoch 317/800 | Total: 1.916 Edge: 0.348 Con: 0.157 Cls: 1.393 Anchor: 0.0182 | 1.1s
  Epoch 318/800 | Total: 1.894 Edge: 0.348 Con: 0.157 Cls: 1.372 Anchor: 0.0180 | 1.2s
  Epoch 319/800 | Total: 1.888 Edge: 0.345 Con: 0.157 Cls: 1.368 Anchor: 0.0179 | 1.0s
  Epoch 320/800 | Total: 1.900 Edge: 0.345 Con: 0.157 Cls: 1.379 Anchor: 0.0183 | Val F1: 0.3060 | 1.5s
  Epoch 321/800 | Total: 1.899 Edge: 0.345 Con: 0.156 Cls: 1.380 Anchor: 0.0183 | 1.0s
  Epoch 322/800 | Total: 1.902 Edge: 0.345 Con: 0.156 Cls: 1.383 Anchor: 0.0177 | 1.2s
  Epoch 323/800 | Total: 1.889 Edge: 0.345 Con: 0.155 Cls: 1.371 Anchor: 0.0175 | 1.2s
  Epoch 324/800 | Total: 2.061 Edge: 0.349 Con: 0.158 Cls: 1.536 Anchor: 0.0176 | 1.3s
  Epoch 325/800 | Total: 1.977 Edge: 0.350 Con: 0.160 Cls: 1.448 Anchor: 0.0182 | Val F1: 0.3080 | 1.9s
  Epoch 326/800 | Total: 1.956 Edge: 0.352 Con: 0.157 Cls: 1.429 Anchor: 0.0181 | 1.6s
  Epoch 327/800 | Total: 1.932 Edge: 0.359 Con: 0.157 Cls: 1.398 Anchor: 0.0184 | 1.2s
  Epoch 328/800 | Total: 1.937 Edge: 0.354 Con: 0.158 Cls: 1.407 Anchor: 0.0181 | 1.0s
  Epoch 329/800 | Total: 1.874 Edge: 0.351 Con: 0.156 Cls: 1.350 Anchor: 0.0179 | 1.1s
  Epoch 330/800 | Total: 1.882 Edge: 0.351 Con: 0.156 Cls: 1.357 Anchor: 0.0184 | Val F1: 0.3150 | 1.2s
  Epoch 331/800 | Total: 1.888 Edge: 0.344 Con: 0.157 Cls: 1.369 Anchor: 0.0184 | 1.1s
  Epoch 332/800 | Total: 1.878 Edge: 0.343 Con: 0.156 Cls: 1.361 Anchor: 0.0178 | 1.0s
  Epoch 333/800 | Total: 1.871 Edge: 0.341 Con: 0.156 Cls: 1.357 Anchor: 0.0180 | 1.0s
  Epoch 334/800 | Total: 1.881 Edge: 0.343 Con: 0.156 Cls: 1.364 Anchor: 0.0180 | 1.0s
  Epoch 335/800 | Total: 1.913 Edge: 0.351 Con: 0.157 Cls: 1.386 Anchor: 0.0183 | Val F1: 0.3007 | 1.5s
  Epoch 336/800 | Total: 1.889 Edge: 0.348 Con: 0.157 Cls: 1.365 Anchor: 0.0181 | 0.9s
  Epoch 337/800 | Total: 1.865 Edge: 0.343 Con: 0.154 Cls: 1.349 Anchor: 0.0186 | 0.9s
  Epoch 338/800 | Total: 1.874 Edge: 0.343 Con: 0.156 Cls: 1.357 Anchor: 0.0185 | 0.9s
  Epoch 339/800 | Total: 1.932 Edge: 0.344 Con: 0.156 Cls: 1.413 Anchor: 0.0182 | 0.9s
  Epoch 340/800 | Total: 1.905 Edge: 0.346 Con: 0.157 Cls: 1.383 Anchor: 0.0189 | Val F1: 0.3105 | 1.1s
  Epoch 341/800 | Total: 1.871 Edge: 0.342 Con: 0.155 Cls: 1.356 Anchor: 0.0183 | 0.9s
  Epoch 342/800 | Total: 1.914 Edge: 0.343 Con: 0.157 Cls: 1.396 Anchor: 0.0185 | 1.0s
  Epoch 343/800 | Total: 1.893 Edge: 0.342 Con: 0.155 Cls: 1.378 Anchor: 0.0184 | 0.9s
  Epoch 344/800 | Total: 1.877 Edge: 0.342 Con: 0.156 Cls: 1.362 Anchor: 0.0178 | 0.9s
  Epoch 345/800 | Total: 1.868 Edge: 0.344 Con: 0.155 Cls: 1.350 Anchor: 0.0186 | Val F1: 0.2996 | 1.1s
  Epoch 346/800 | Total: 1.873 Edge: 0.342 Con: 0.156 Cls: 1.356 Anchor: 0.0184 | 0.9s
  Epoch 347/800 | Total: 1.872 Edge: 0.342 Con: 0.156 Cls: 1.356 Anchor: 0.0177 | 1.1s
  Epoch 348/800 | Total: 1.887 Edge: 0.341 Con: 0.156 Cls: 1.372 Anchor: 0.0179 | 0.9s
  Epoch 349/800 | Total: 1.871 Edge: 0.341 Con: 0.156 Cls: 1.355 Anchor: 0.0179 | 0.9s
  Epoch 350/800 | Total: 1.886 Edge: 0.347 Con: 0.156 Cls: 1.364 Anchor: 0.0187 | Val F1: 0.3154 | 0.9s
  Epoch 351/800 | Total: 1.890 Edge: 0.345 Con: 0.155 Cls: 1.371 Anchor: 0.0186 | 1.1s
  Epoch 352/800 | Total: 1.939 Edge: 0.346 Con: 0.157 Cls: 1.418 Anchor: 0.0184 | 0.9s
  Epoch 353/800 | Total: 1.922 Edge: 0.346 Con: 0.157 Cls: 1.400 Anchor: 0.0187 | 0.9s
  Epoch 354/800 | Total: 1.882 Edge: 0.343 Con: 0.156 Cls: 1.364 Anchor: 0.0188 | 0.9s
  Epoch 355/800 | Total: 1.874 Edge: 0.344 Con: 0.156 Cls: 1.355 Anchor: 0.0184 | Val F1: 0.3145 | 1.1s
  Epoch 356/800 | Total: 1.958 Edge: 0.355 Con: 0.157 Cls: 1.428 Anchor: 0.0180 | 1.1s
  Epoch 357/800 | Total: 1.953 Edge: 0.349 Con: 0.158 Cls: 1.428 Anchor: 0.0181 | 0.9s
  Epoch 358/800 | Total: 1.935 Edge: 0.343 Con: 0.156 Cls: 1.418 Anchor: 0.0180 | 0.9s
  Epoch 359/800 | Total: 1.894 Edge: 0.343 Con: 0.157 Cls: 1.375 Anchor: 0.0189 | 1.0s
  Epoch 360/800 | Total: 1.904 Edge: 0.347 Con: 0.156 Cls: 1.382 Anchor: 0.0195 | Val F1: 0.3027 | 0.9s
  Epoch 361/800 | Total: 1.916 Edge: 0.346 Con: 0.156 Cls: 1.394 Anchor: 0.0195 | 0.9s
  Epoch 362/800 | Total: 1.874 Edge: 0.345 Con: 0.156 Cls: 1.353 Anchor: 0.0202 | 1.1s
  Epoch 363/800 | Total: 1.877 Edge: 0.341 Con: 0.155 Cls: 1.361 Anchor: 0.0192 | 0.9s
  Epoch 364/800 | Total: 1.889 Edge: 0.340 Con: 0.155 Cls: 1.375 Anchor: 0.0187 | 1.1s
  Epoch 365/800 | Total: 1.903 Edge: 0.347 Con: 0.156 Cls: 1.382 Anchor: 0.0181 | Val F1: 0.3144 | 1.0s
  Epoch 366/800 | Total: 1.899 Edge: 0.342 Con: 0.156 Cls: 1.383 Anchor: 0.0177 | 0.9s
  Epoch 367/800 | Total: 1.878 Edge: 0.347 Con: 0.156 Cls: 1.358 Anchor: 0.0179 | 1.0s
  Epoch 368/800 | Total: 1.860 Edge: 0.346 Con: 0.155 Cls: 1.342 Anchor: 0.0174 | 1.2s
  Epoch 369/800 | Total: 1.886 Edge: 0.348 Con: 0.155 Cls: 1.366 Anchor: 0.0174 | 1.1s
  Epoch 370/800 | Total: 1.867 Edge: 0.346 Con: 0.155 Cls: 1.348 Anchor: 0.0187 | Val F1: 0.3195 | 1.2s
  Epoch 371/800 | Total: 1.879 Edge: 0.352 Con: 0.156 Cls: 1.353 Anchor: 0.0182 | 1.0s
  Epoch 372/800 | Total: 1.870 Edge: 0.342 Con: 0.155 Cls: 1.356 Anchor: 0.0178 | 1.0s
  Epoch 373/800 | Total: 1.919 Edge: 0.343 Con: 0.155 Cls: 1.402 Anchor: 0.0184 | 1.0s
  Epoch 374/800 | Total: 1.915 Edge: 0.347 Con: 0.157 Cls: 1.393 Anchor: 0.0185 | 1.2s
  Epoch 375/800 | Total: 1.898 Edge: 0.346 Con: 0.156 Cls: 1.378 Anchor: 0.0180 | Val F1: 0.3162 | 1.0s
  Epoch 376/800 | Total: 1.855 Edge: 0.342 Con: 0.156 Cls: 1.340 Anchor: 0.0177 | 1.1s
  Epoch 377/800 | Total: 1.868 Edge: 0.338 Con: 0.156 Cls: 1.356 Anchor: 0.0179 | 1.2s
  Epoch 378/800 | Total: 1.889 Edge: 0.344 Con: 0.155 Cls: 1.372 Anchor: 0.0179 | 0.9s
  Epoch 379/800 | Total: 1.864 Edge: 0.343 Con: 0.156 Cls: 1.348 Anchor: 0.0175 | 1.0s
  Epoch 380/800 | Total: 1.870 Edge: 0.343 Con: 0.155 Cls: 1.355 Anchor: 0.0180 | Val F1: 0.3266 | 1.0s
  Epoch 381/800 | Total: 1.872 Edge: 0.341 Con: 0.155 Cls: 1.358 Anchor: 0.0178 | 1.0s
  Epoch 382/800 | Total: 1.861 Edge: 0.340 Con: 0.155 Cls: 1.348 Anchor: 0.0179 | 1.0s
  Epoch 383/800 | Total: 1.877 Edge: 0.342 Con: 0.155 Cls: 1.362 Anchor: 0.0180 | 1.2s
  Epoch 384/800 | Total: 1.849 Edge: 0.339 Con: 0.156 Cls: 1.335 Anchor: 0.0181 | 0.9s
  Epoch 385/800 | Total: 1.875 Edge: 0.344 Con: 0.156 Cls: 1.357 Anchor: 0.0175 | Val F1: 0.3317 | 1.2s
  Epoch 386/800 | Total: 1.912 Edge: 0.345 Con: 0.156 Cls: 1.394 Anchor: 0.0175 | 1.0s
  Epoch 387/800 | Total: 1.897 Edge: 0.345 Con: 0.157 Cls: 1.379 Anchor: 0.0174 | 1.0s
  Epoch 388/800 | Total: 1.913 Edge: 0.347 Con: 0.155 Cls: 1.392 Anchor: 0.0181 | 0.9s
  Epoch 389/800 | Total: 1.877 Edge: 0.345 Con: 0.157 Cls: 1.358 Anchor: 0.0182 | 1.0s
  Epoch 390/800 | Total: 1.873 Edge: 0.343 Con: 0.154 Cls: 1.357 Anchor: 0.0191 | Val F1: 0.3249 | 1.1s
  Epoch 391/800 | Total: 1.859 Edge: 0.341 Con: 0.156 Cls: 1.345 Anchor: 0.0185 | 1.0s
  Epoch 392/800 | Total: 1.871 Edge: 0.338 Con: 0.155 Cls: 1.360 Anchor: 0.0182 | 0.9s
  Epoch 393/800 | Total: 1.874 Edge: 0.342 Con: 0.156 Cls: 1.358 Anchor: 0.0185 | 1.2s
  Epoch 394/800 | Total: 1.851 Edge: 0.340 Con: 0.156 Cls: 1.338 Anchor: 0.0180 | 0.9s
  Epoch 395/800 | Total: 1.851 Edge: 0.339 Con: 0.155 Cls: 1.339 Anchor: 0.0183 | Val F1: 0.3273 | 1.4s
  Epoch 396/800 | Total: 1.856 Edge: 0.338 Con: 0.156 Cls: 1.343 Anchor: 0.0187 | 1.1s
  Epoch 397/800 | Total: 1.882 Edge: 0.340 Con: 0.156 Cls: 1.367 Anchor: 0.0179 | 1.1s
  Epoch 398/800 | Total: 1.884 Edge: 0.340 Con: 0.156 Cls: 1.369 Anchor: 0.0186 | 1.0s
  Epoch 399/800 | Total: 1.891 Edge: 0.341 Con: 0.155 Cls: 1.377 Anchor: 0.0182 | 1.2s
  Epoch 400/800 | Total: 1.862 Edge: 0.341 Con: 0.156 Cls: 1.347 Anchor: 0.0183 | Val F1: 0.3184 | 1.4s
  Epoch 401/800 | Total: 1.864 Edge: 0.340 Con: 0.154 Cls: 1.351 Anchor: 0.0179 | 1.2s
  Epoch 402/800 | Total: 1.869 Edge: 0.341 Con: 0.155 Cls: 1.355 Anchor: 0.0181 | 1.2s
  Epoch 403/800 | Total: 1.890 Edge: 0.341 Con: 0.154 Cls: 1.378 Anchor: 0.0178 | 1.2s
  Epoch 404/800 | Total: 1.888 Edge: 0.345 Con: 0.156 Cls: 1.368 Anchor: 0.0182 | 1.2s
  Epoch 405/800 | Total: 1.865 Edge: 0.341 Con: 0.155 Cls: 1.351 Anchor: 0.0181 | Val F1: 0.3142 | 1.1s
  Epoch 406/800 | Total: 1.864 Edge: 0.343 Con: 0.156 Cls: 1.347 Anchor: 0.0178 | 1.2s
  Epoch 407/800 | Total: 1.871 Edge: 0.342 Con: 0.155 Cls: 1.355 Anchor: 0.0181 | 1.2s
  Epoch 408/800 | Total: 1.867 Edge: 0.339 Con: 0.154 Cls: 1.356 Anchor: 0.0185 | 1.2s
  Epoch 409/800 | Total: 1.900 Edge: 0.349 Con: 0.155 Cls: 1.377 Anchor: 0.0184 | 1.5s
  Epoch 410/800 | Total: 1.861 Edge: 0.346 Con: 0.155 Cls: 1.341 Anchor: 0.0184 | Val F1: 0.3096 | 1.9s
  Epoch 411/800 | Total: 1.857 Edge: 0.348 Con: 0.157 Cls: 1.334 Anchor: 0.0180 | 1.1s
  Epoch 412/800 | Total: 1.862 Edge: 0.344 Con: 0.155 Cls: 1.345 Anchor: 0.0173 | 1.0s
  Epoch 413/800 | Total: 1.836 Edge: 0.342 Con: 0.155 Cls: 1.322 Anchor: 0.0176 | 1.0s
  Epoch 414/800 | Total: 1.849 Edge: 0.337 Con: 0.155 Cls: 1.340 Anchor: 0.0174 | 1.2s
  Epoch 415/800 | Total: 1.856 Edge: 0.337 Con: 0.153 Cls: 1.349 Anchor: 0.0171 | Val F1: 0.3270 | 1.1s
  Epoch 416/800 | Total: 1.861 Edge: 0.337 Con: 0.155 Cls: 1.352 Anchor: 0.0167 | 1.0s
  Epoch 417/800 | Total: 1.841 Edge: 0.336 Con: 0.153 Cls: 1.335 Anchor: 0.0172 | 1.2s
  Epoch 418/800 | Total: 1.868 Edge: 0.345 Con: 0.154 Cls: 1.351 Anchor: 0.0172 | 1.0s
  Epoch 419/800 | Total: 1.892 Edge: 0.347 Con: 0.156 Cls: 1.371 Anchor: 0.0169 | 1.2s
  Epoch 420/800 | Total: 1.902 Edge: 0.346 Con: 0.155 Cls: 1.381 Anchor: 0.0189 | Val F1: 0.3181 | 1.3s
  Epoch 421/800 | Total: 1.921 Edge: 0.346 Con: 0.155 Cls: 1.400 Anchor: 0.0187 | 0.9s
  Epoch 422/800 | Total: 1.879 Edge: 0.344 Con: 0.155 Cls: 1.363 Anchor: 0.0177 | 0.9s
  Epoch 423/800 | Total: 1.868 Edge: 0.349 Con: 0.155 Cls: 1.346 Anchor: 0.0182 | 0.9s
  Epoch 424/800 | Total: 1.867 Edge: 0.342 Con: 0.155 Cls: 1.352 Anchor: 0.0180 | 1.0s
  Epoch 425/800 | Total: 1.904 Edge: 0.349 Con: 0.155 Cls: 1.382 Anchor: 0.0181 | Val F1: 0.3103 | 1.0s
  Epoch 426/800 | Total: 1.932 Edge: 0.343 Con: 0.156 Cls: 1.414 Anchor: 0.0186 | 1.0s
  Epoch 427/800 | Total: 1.912 Edge: 0.342 Con: 0.156 Cls: 1.395 Anchor: 0.0181 | 0.9s
  Epoch 428/800 | Total: 1.884 Edge: 0.345 Con: 0.157 Cls: 1.364 Anchor: 0.0182 | 0.9s
  Epoch 429/800 | Total: 1.864 Edge: 0.338 Con: 0.156 Cls: 1.351 Anchor: 0.0181 | 1.0s
  Epoch 430/800 | Total: 1.858 Edge: 0.337 Con: 0.155 Cls: 1.348 Anchor: 0.0180 | Val F1: 0.3478 | 0.9s
  Epoch 431/800 | Total: 1.870 Edge: 0.340 Con: 0.155 Cls: 1.358 Anchor: 0.0182 | 0.9s
  Epoch 432/800 | Total: 1.849 Edge: 0.340 Con: 0.156 Cls: 1.335 Anchor: 0.0182 | 1.1s
  Epoch 433/800 | Total: 1.879 Edge: 0.341 Con: 0.155 Cls: 1.364 Anchor: 0.0183 | 0.9s
  Epoch 434/800 | Total: 1.876 Edge: 0.346 Con: 0.154 Cls: 1.357 Anchor: 0.0180 | 1.1s
  Epoch 435/800 | Total: 1.906 Edge: 0.351 Con: 0.154 Cls: 1.383 Anchor: 0.0186 | Val F1: 0.3250 | 0.9s
  Epoch 436/800 | Total: 1.925 Edge: 0.341 Con: 0.154 Cls: 1.411 Anchor: 0.0185 | 0.9s
  Epoch 437/800 | Total: 1.885 Edge: 0.343 Con: 0.154 Cls: 1.369 Anchor: 0.0181 | 1.1s
  Epoch 438/800 | Total: 1.877 Edge: 0.340 Con: 0.154 Cls: 1.365 Anchor: 0.0181 | 0.9s
  Epoch 439/800 | Total: 1.899 Edge: 0.340 Con: 0.155 Cls: 1.386 Anchor: 0.0178 | 1.0s
  Epoch 440/800 | Total: 1.947 Edge: 0.346 Con: 0.156 Cls: 1.426 Anchor: 0.0188 | Val F1: 0.3079 | 1.0s
  Epoch 441/800 | Total: 1.874 Edge: 0.340 Con: 0.155 Cls: 1.361 Anchor: 0.0185 | 0.9s
  Epoch 442/800 | Total: 1.868 Edge: 0.338 Con: 0.156 Cls: 1.355 Anchor: 0.0185 | 1.1s
  Epoch 443/800 | Total: 1.891 Edge: 0.339 Con: 0.155 Cls: 1.379 Anchor: 0.0183 | 0.9s
  Epoch 444/800 | Total: 1.892 Edge: 0.346 Con: 0.155 Cls: 1.372 Anchor: 0.0187 | 1.1s
  Epoch 445/800 | Total: 1.860 Edge: 0.340 Con: 0.154 Cls: 1.348 Anchor: 0.0177 | Val F1: 0.3313 | 1.0s
  Epoch 446/800 | Total: 1.861 Edge: 0.340 Con: 0.155 Cls: 1.348 Anchor: 0.0177 | 0.9s
  Epoch 447/800 | Total: 1.917 Edge: 0.343 Con: 0.156 Cls: 1.401 Anchor: 0.0173 | 1.0s
  Epoch 448/800 | Total: 1.866 Edge: 0.342 Con: 0.155 Cls: 1.352 Anchor: 0.0176 | 0.9s
  Epoch 449/800 | Total: 1.866 Edge: 0.343 Con: 0.154 Cls: 1.351 Anchor: 0.0177 | 0.9s
  Epoch 450/800 | Total: 1.850 Edge: 0.339 Con: 0.154 Cls: 1.339 Anchor: 0.0183 | Val F1: 0.3206 | 1.1s
  Epoch 451/800 | Total: 1.855 Edge: 0.340 Con: 0.154 Cls: 1.342 Anchor: 0.0182 | 0.9s
  Epoch 452/800 | Total: 1.861 Edge: 0.339 Con: 0.154 Cls: 1.349 Anchor: 0.0182 | 0.9s
  Epoch 453/800 | Total: 1.854 Edge: 0.338 Con: 0.153 Cls: 1.344 Anchor: 0.0187 | 1.1s
  Epoch 454/800 | Total: 1.882 Edge: 0.337 Con: 0.155 Cls: 1.372 Anchor: 0.0185 | 0.9s
  Epoch 455/800 | Total: 1.910 Edge: 0.340 Con: 0.154 Cls: 1.398 Anchor: 0.0181 | Val F1: 0.3106 | 1.0s
  Epoch 456/800 | Total: 1.878 Edge: 0.341 Con: 0.155 Cls: 1.364 Anchor: 0.0183 | 0.9s
  Epoch 457/800 | Total: 1.876 Edge: 0.340 Con: 0.155 Cls: 1.363 Anchor: 0.0179 | 1.0s
  Epoch 458/800 | Total: 1.846 Edge: 0.337 Con: 0.155 Cls: 1.336 Anchor: 0.0179 | 1.1s
  Epoch 459/800 | Total: 1.839 Edge: 0.338 Con: 0.153 Cls: 1.331 Anchor: 0.0173 | 1.2s
  Epoch 460/800 | Total: 1.833 Edge: 0.336 Con: 0.153 Cls: 1.326 Anchor: 0.0178 | Val F1: 0.3376 | 1.2s
  Epoch 461/800 | Total: 1.853 Edge: 0.337 Con: 0.154 Cls: 1.344 Anchor: 0.0182 | 1.1s
  Epoch 462/800 | Total: 1.850 Edge: 0.337 Con: 0.155 Cls: 1.340 Anchor: 0.0183 | 1.2s
  Epoch 463/800 | Total: 1.837 Edge: 0.335 Con: 0.154 Cls: 1.330 Anchor: 0.0181 | 0.9s
  Epoch 464/800 | Total: 1.865 Edge: 0.337 Con: 0.153 Cls: 1.356 Anchor: 0.0180 | 1.0s
  Epoch 465/800 | Total: 1.858 Edge: 0.338 Con: 0.154 Cls: 1.348 Anchor: 0.0175 | Val F1: 0.3254 | 1.1s
  Epoch 466/800 | Total: 1.853 Edge: 0.337 Con: 0.154 Cls: 1.344 Anchor: 0.0177 | 1.0s
  Epoch 467/800 | Total: 1.849 Edge: 0.335 Con: 0.155 Cls: 1.341 Anchor: 0.0183 | 1.0s
  Epoch 468/800 | Total: 1.856 Edge: 0.337 Con: 0.154 Cls: 1.347 Anchor: 0.0183 | 1.0s
  Epoch 469/800 | Total: 1.853 Edge: 0.341 Con: 0.153 Cls: 1.340 Anchor: 0.0190 | 0.8s
  Epoch 470/800 | Total: 1.858 Edge: 0.342 Con: 0.155 Cls: 1.343 Anchor: 0.0184 | Val F1: 0.3238 | 1.1s
  Epoch 471/800 | Total: 1.834 Edge: 0.339 Con: 0.154 Cls: 1.323 Anchor: 0.0183 | 1.1s
  Epoch 472/800 | Total: 1.837 Edge: 0.338 Con: 0.155 Cls: 1.325 Anchor: 0.0177 | 1.1s
  Epoch 473/800 | Total: 1.838 Edge: 0.340 Con: 0.154 Cls: 1.327 Anchor: 0.0180 | 1.1s
  Epoch 474/800 | Total: 1.862 Edge: 0.338 Con: 0.154 Cls: 1.353 Anchor: 0.0182 | 1.0s
  Epoch 475/800 | Total: 1.853 Edge: 0.338 Con: 0.154 Cls: 1.343 Anchor: 0.0186 | Val F1: 0.3198 | 0.9s
  Epoch 476/800 | Total: 1.852 Edge: 0.338 Con: 0.155 Cls: 1.341 Anchor: 0.0187 | 1.1s
  Epoch 477/800 | Total: 1.833 Edge: 0.336 Con: 0.152 Cls: 1.327 Anchor: 0.0183 | 0.9s
  Epoch 478/800 | Total: 1.844 Edge: 0.338 Con: 0.154 Cls: 1.334 Anchor: 0.0181 | 1.0s
  Epoch 479/800 | Total: 1.824 Edge: 0.333 Con: 0.154 Cls: 1.319 Anchor: 0.0181 | 1.1s
  Epoch 480/800 | Total: 1.836 Edge: 0.332 Con: 0.155 Cls: 1.330 Anchor: 0.0188 | Val F1: 0.3341 | 1.1s
  Epoch 481/800 | Total: 1.840 Edge: 0.336 Con: 0.154 Cls: 1.331 Anchor: 0.0187 | 0.9s
  Epoch 482/800 | Total: 1.849 Edge: 0.336 Con: 0.155 Cls: 1.340 Anchor: 0.0185 | 1.0s
  Epoch 483/800 | Total: 1.838 Edge: 0.339 Con: 0.155 Cls: 1.325 Anchor: 0.0189 | 0.9s
  Epoch 484/800 | Total: 1.838 Edge: 0.342 Con: 0.154 Cls: 1.324 Anchor: 0.0189 | 1.1s
  Epoch 485/800 | Total: 1.954 Edge: 0.340 Con: 0.154 Cls: 1.442 Anchor: 0.0187 | Val F1: 0.3299 | 1.0s
  Epoch 486/800 | Total: 1.878 Edge: 0.342 Con: 0.156 Cls: 1.362 Anchor: 0.0183 | 1.1s
  Epoch 487/800 | Total: 1.873 Edge: 0.340 Con: 0.155 Cls: 1.361 Anchor: 0.0177 | 1.2s
  Epoch 488/800 | Total: 1.888 Edge: 0.340 Con: 0.156 Cls: 1.374 Anchor: 0.0183 | 1.0s
  Epoch 489/800 | Total: 1.945 Edge: 0.343 Con: 0.156 Cls: 1.427 Anchor: 0.0181 | 1.1s
  Epoch 490/800 | Total: 1.941 Edge: 0.352 Con: 0.157 Cls: 1.413 Anchor: 0.0190 | Val F1: 0.3289 | 1.5s
  Epoch 491/800 | Total: 1.882 Edge: 0.346 Con: 0.155 Cls: 1.363 Anchor: 0.0186 | 1.0s
  Epoch 492/800 | Total: 1.869 Edge: 0.340 Con: 0.156 Cls: 1.354 Anchor: 0.0185 | 1.1s
  Epoch 493/800 | Total: 1.862 Edge: 0.339 Con: 0.155 Cls: 1.348 Anchor: 0.0189 | 1.1s
  Epoch 494/800 | Total: 1.847 Edge: 0.340 Con: 0.155 Cls: 1.334 Anchor: 0.0181 | 1.2s
  Epoch 495/800 | Total: 1.829 Edge: 0.338 Con: 0.154 Cls: 1.319 Anchor: 0.0179 | Val F1: 0.3334 | 1.3s
  Epoch 496/800 | Total: 1.828 Edge: 0.337 Con: 0.154 Cls: 1.319 Anchor: 0.0182 | 1.2s
  Epoch 497/800 | Total: 1.837 Edge: 0.339 Con: 0.154 Cls: 1.327 Anchor: 0.0181 | 1.2s
  Epoch 498/800 | Total: 1.836 Edge: 0.339 Con: 0.155 Cls: 1.324 Anchor: 0.0184 | 1.2s
  Epoch 499/800 | Total: 1.828 Edge: 0.336 Con: 0.154 Cls: 1.321 Anchor: 0.0181 | 1.0s
  Epoch 500/800 | Total: 1.855 Edge: 0.335 Con: 0.154 Cls: 1.348 Anchor: 0.0178 | Val F1: 0.3380 | 1.7s
  Epoch 501/800 | Total: 1.862 Edge: 0.337 Con: 0.155 Cls: 1.352 Anchor: 0.0179 | 1.4s
  Epoch 502/800 | Total: 1.876 Edge: 0.341 Con: 0.155 Cls: 1.363 Anchor: 0.0174 | 1.4s
  Epoch 503/800 | Total: 1.856 Edge: 0.340 Con: 0.154 Cls: 1.344 Anchor: 0.0177 | 1.3s
  Epoch 504/800 | Total: 1.852 Edge: 0.338 Con: 0.154 Cls: 1.342 Anchor: 0.0180 | 1.1s
  Epoch 505/800 | Total: 1.872 Edge: 0.338 Con: 0.154 Cls: 1.362 Anchor: 0.0183 | Val F1: 0.3331 | 1.2s
  Epoch 506/800 | Total: 1.858 Edge: 0.344 Con: 0.154 Cls: 1.342 Anchor: 0.0178 | 1.0s
  Epoch 507/800 | Total: 1.857 Edge: 0.348 Con: 0.154 Cls: 1.339 Anchor: 0.0173 | 1.1s
  Epoch 508/800 | Total: 1.851 Edge: 0.339 Con: 0.154 Cls: 1.339 Anchor: 0.0181 | 1.0s
  Epoch 509/800 | Total: 1.828 Edge: 0.339 Con: 0.154 Cls: 1.317 Anchor: 0.0185 | 1.0s
  Epoch 510/800 | Total: 1.826 Edge: 0.337 Con: 0.155 Cls: 1.316 Anchor: 0.0181 | Val F1: 0.3353 | 1.2s
  Epoch 511/800 | Total: 1.846 Edge: 0.337 Con: 0.154 Cls: 1.337 Anchor: 0.0189 | 1.0s
  Epoch 512/800 | Total: 1.842 Edge: 0.334 Con: 0.153 Cls: 1.337 Anchor: 0.0182 | 1.1s
  Epoch 513/800 | Total: 1.835 Edge: 0.334 Con: 0.155 Cls: 1.329 Anchor: 0.0178 | 1.1s
  Epoch 514/800 | Total: 1.867 Edge: 0.336 Con: 0.154 Cls: 1.359 Anchor: 0.0179 | 0.9s
  Epoch 515/800 | Total: 1.903 Edge: 0.341 Con: 0.155 Cls: 1.389 Anchor: 0.0182 | Val F1: 0.3204 | 0.9s
  Epoch 516/800 | Total: 1.875 Edge: 0.351 Con: 0.156 Cls: 1.351 Anchor: 0.0181 | 0.9s
  Epoch 517/800 | Total: 1.863 Edge: 0.340 Con: 0.154 Cls: 1.351 Anchor: 0.0183 | 0.9s
  Epoch 518/800 | Total: 1.877 Edge: 0.343 Con: 0.156 Cls: 1.360 Anchor: 0.0187 | 0.9s
  Epoch 519/800 | Total: 1.825 Edge: 0.336 Con: 0.153 Cls: 1.317 Anchor: 0.0181 | 0.9s
  Epoch 520/800 | Total: 1.824 Edge: 0.337 Con: 0.155 Cls: 1.314 Anchor: 0.0181 | Val F1: 0.3400 | 1.1s
  Epoch 521/800 | Total: 1.815 Edge: 0.335 Con: 0.153 Cls: 1.309 Anchor: 0.0179 | 0.9s
  Epoch 522/800 | Total: 1.830 Edge: 0.332 Con: 0.154 Cls: 1.325 Anchor: 0.0185 | 1.1s
  Epoch 523/800 | Total: 1.815 Edge: 0.334 Con: 0.152 Cls: 1.312 Anchor: 0.0184 | 0.9s
  Epoch 524/800 | Total: 1.828 Edge: 0.336 Con: 0.155 Cls: 1.319 Anchor: 0.0183 | 1.0s
  Epoch 525/800 | Total: 1.912 Edge: 0.344 Con: 0.154 Cls: 1.396 Anchor: 0.0187 | Val F1: 0.3229 | 1.0s
  Epoch 526/800 | Total: 1.959 Edge: 0.351 Con: 0.155 Cls: 1.435 Anchor: 0.0185 | 0.9s
  Epoch 527/800 | Total: 1.898 Edge: 0.348 Con: 0.157 Cls: 1.374 Anchor: 0.0189 | 1.1s
  Epoch 528/800 | Total: 1.858 Edge: 0.343 Con: 0.156 Cls: 1.340 Anchor: 0.0182 | 1.0s
  Epoch 529/800 | Total: 1.848 Edge: 0.339 Con: 0.156 Cls: 1.336 Anchor: 0.0182 | 0.9s
  Epoch 530/800 | Total: 1.844 Edge: 0.335 Con: 0.154 Cls: 1.337 Anchor: 0.0182 | Val F1: 0.3294 | 1.0s
  Early stopping at epoch 530
  Best Val F1: 0.3478 | Test F1: 0.3481
  Total training time: 758.1s (12.6 min)

======================================================================
  Val  Macro-F1: 0.3478
  Test Macro-F1: 0.3481
  Test Accuracy: 0.6085
  Time: 759.9s
======================================================================

  Results saved to: results/NESS_ogbn-arxiv_MCAR_0.9_20260723_155415
