/home/erfan/MATE/venv/lib/python3.13/site-packages/outdated/__init__.py:36: UserWarning: pkg_resources is deprecated as an API. See https://setuptools.pypa.io/en/latest/pkg_resources.html. The pkg_resources package is slated for removal as early as 2025-11-30. Refrain from using this package or pin to Setuptools<81.
  from pkg_resources import parse_version
/home/erfan/MATE/ogbn_benchmarks/data_loader.py:96: UserWarning: Sparse invariant checks are implicitly disabled. Memory errors (e.g. SEGFAULT) will occur when operating on a sparse tensor which violates the invariants, but checks incur performance overhead. To silence this warning, explicitly opt in or out. See `torch.sparse.check_sparse_tensor_invariants.__doc__` for guidance.  (Triggered internally at /pytorch/aten/src/ATen/Context.cpp:760.)
  adj = torch.sparse_coo_tensor(edge_index, vals, (num_nodes, num_nodes)).coalesce()
======================================================================
  NESS | ogbn-arxiv | MCAR @ 95% | lr=0.001
======================================================================
[1/3] Loading ogbn-arxiv...
  169,343 nodes | 128 dims | 40 classes
[2/3] Simulating MCAR missingness...
Simulating MCAR missingness at 95% rate...
  MCAR: Uniform random selection
  Observable: 8,468 (5.0%)
  Masked: 160,875 (95.0%)
  Observable: 8,468 | Val: 80,437 | Test: 80,438
[3/3] Running NESS...
  Prefilling missing nodes via Feature Propagation (40 iters)...
  Computing neighbor label-histogram target (2-hop, observable labels)...
  Partitioning graph into 20 clusters (cache_device=cpu)...
  Cached 20 clusters
  Training NESS for up to 800 epochs (patience=20)...
  Epoch 1/800 | Total: 8.438 Edge: 0.671 Con: 0.571 Cls: 3.518 Hist: 2.9889 Path: 0.6893 | 11.7s
  Epoch 2/800 | Total: 7.357 Edge: 0.608 Con: 0.396 Cls: 3.108 Hist: 2.5739 Path: 0.6708 | 1.9s
  Epoch 3/800 | Total: 7.047 Edge: 0.583 Con: 0.350 Cls: 3.015 Hist: 2.4407 Path: 0.6590 | 2.2s
  Epoch 4/800 | Total: 6.868 Edge: 0.562 Con: 0.320 Cls: 2.957 Hist: 2.3737 Path: 0.6560 | 2.0s
  Epoch 5/800 | Total: 6.647 Edge: 0.554 Con: 0.306 Cls: 2.863 Hist: 2.2649 Path: 0.6586 | Val F1: 0.0202 | 1.9s
  Epoch 6/800 | Total: 6.465 Edge: 0.559 Con: 0.290 Cls: 2.772 Hist: 2.1738 Path: 0.6697 | 2.4s
  Epoch 7/800 | Total: 6.158 Edge: 0.560 Con: 0.279 Cls: 2.617 Hist: 2.0440 Path: 0.6575 | 2.1s
  Epoch 8/800 | Total: 5.962 Edge: 0.540 Con: 0.265 Cls: 2.538 Hist: 1.9710 Path: 0.6483 | 2.0s
  Epoch 9/800 | Total: 5.738 Edge: 0.522 Con: 0.253 Cls: 2.430 Hist: 1.8973 Path: 0.6355 | 1.7s
  Epoch 10/800 | Total: 5.585 Edge: 0.505 Con: 0.244 Cls: 2.377 Hist: 1.8396 Path: 0.6186 | Val F1: 0.0815 | 1.5s
  Epoch 11/800 | Total: 5.405 Edge: 0.505 Con: 0.240 Cls: 2.270 Hist: 1.7708 Path: 0.6186 | 1.4s
  Epoch 12/800 | Total: 5.280 Edge: 0.485 Con: 0.233 Cls: 2.233 Hist: 1.7190 Path: 0.6104 | 1.6s
  Epoch 13/800 | Total: 5.199 Edge: 0.476 Con: 0.229 Cls: 2.197 Hist: 1.6986 Path: 0.5980 | 1.5s
  Epoch 14/800 | Total: 5.178 Edge: 0.496 Con: 0.224 Cls: 2.172 Hist: 1.6715 Path: 0.6138 | 1.3s
  Epoch 15/800 | Total: 5.126 Edge: 0.490 Con: 0.226 Cls: 2.146 Hist: 1.6631 Path: 0.6009 | Val F1: 0.1200 | 1.7s
  Epoch 16/800 | Total: 5.098 Edge: 0.474 Con: 0.224 Cls: 2.152 Hist: 1.6502 Path: 0.5975 | 1.4s
  Epoch 17/800 | Total: 5.105 Edge: 0.472 Con: 0.223 Cls: 2.148 Hist: 1.6714 Path: 0.5920 | 1.7s
  Epoch 18/800 | Total: 4.995 Edge: 0.468 Con: 0.218 Cls: 2.110 Hist: 1.6136 Path: 0.5848 | 1.6s
  Epoch 19/800 | Total: 4.926 Edge: 0.465 Con: 0.219 Cls: 2.082 Hist: 1.5706 Path: 0.5898 | 1.5s
  Epoch 20/800 | Total: 4.837 Edge: 0.463 Con: 0.216 Cls: 2.017 Hist: 1.5490 Path: 0.5920 | Val F1: 0.1109 | 1.7s
  Epoch 21/800 | Total: 4.851 Edge: 0.452 Con: 0.214 Cls: 2.053 Hist: 1.5632 Path: 0.5683 | 1.7s
  Epoch 22/800 | Total: 4.761 Edge: 0.461 Con: 0.214 Cls: 1.992 Hist: 1.5263 Path: 0.5682 | 1.9s
  Epoch 23/800 | Total: 4.749 Edge: 0.446 Con: 0.212 Cls: 2.003 Hist: 1.5339 Path: 0.5537 | 2.2s
  Epoch 24/800 | Total: 4.611 Edge: 0.451 Con: 0.213 Cls: 1.925 Hist: 1.4654 Path: 0.5567 | 1.7s
  Epoch 25/800 | Total: 4.624 Edge: 0.443 Con: 0.214 Cls: 1.939 Hist: 1.4800 Path: 0.5491 | Val F1: 0.1543 | 2.0s
  Epoch 26/800 | Total: 4.674 Edge: 0.435 Con: 0.209 Cls: 1.979 Hist: 1.4999 Path: 0.5511 | 1.9s
  Epoch 27/800 | Total: 4.555 Edge: 0.434 Con: 0.208 Cls: 1.914 Hist: 1.4560 Path: 0.5441 | 2.3s
  Epoch 28/800 | Total: 4.549 Edge: 0.435 Con: 0.208 Cls: 1.922 Hist: 1.4466 Path: 0.5368 | 1.9s
  Epoch 29/800 | Total: 4.485 Edge: 0.429 Con: 0.205 Cls: 1.894 Hist: 1.4302 Path: 0.5274 | 2.0s
  Epoch 30/800 | Total: 4.484 Edge: 0.429 Con: 0.206 Cls: 1.883 Hist: 1.4263 Path: 0.5393 | Val F1: 0.1737 | 1.9s
  Epoch 31/800 | Total: 4.416 Edge: 0.424 Con: 0.206 Cls: 1.855 Hist: 1.4015 Path: 0.5300 | 1.3s
  Epoch 32/800 | Total: 4.394 Edge: 0.421 Con: 0.205 Cls: 1.840 Hist: 1.4015 Path: 0.5262 | 1.2s
  Epoch 33/800 | Total: 4.391 Edge: 0.438 Con: 0.206 Cls: 1.817 Hist: 1.3927 Path: 0.5376 | 1.4s
  Epoch 34/800 | Total: 4.372 Edge: 0.433 Con: 0.206 Cls: 1.814 Hist: 1.3870 Path: 0.5321 | 1.3s
  Epoch 35/800 | Total: 4.424 Edge: 0.429 Con: 0.203 Cls: 1.849 Hist: 1.4133 Path: 0.5293 | Val F1: 0.1891 | 1.4s
  Epoch 36/800 | Total: 4.305 Edge: 0.420 Con: 0.204 Cls: 1.790 Hist: 1.3671 Path: 0.5241 | 1.7s
  Epoch 37/800 | Total: 4.284 Edge: 0.423 Con: 0.204 Cls: 1.781 Hist: 1.3527 Path: 0.5234 | 1.8s
  Epoch 38/800 | Total: 4.222 Edge: 0.420 Con: 0.202 Cls: 1.753 Hist: 1.3318 Path: 0.5166 | 1.8s
  Epoch 39/800 | Total: 4.221 Edge: 0.424 Con: 0.200 Cls: 1.751 Hist: 1.3363 Path: 0.5101 | 1.7s
  Epoch 40/800 | Total: 4.435 Edge: 0.420 Con: 0.204 Cls: 1.870 Hist: 1.4255 Path: 0.5153 | Val F1: 0.2098 | 1.7s
  Epoch 41/800 | Total: 4.228 Edge: 0.428 Con: 0.200 Cls: 1.765 Hist: 1.3328 Path: 0.5035 | 1.7s
  Epoch 42/800 | Total: 4.213 Edge: 0.423 Con: 0.200 Cls: 1.748 Hist: 1.3289 Path: 0.5130 | 1.5s
  Epoch 43/800 | Total: 4.135 Edge: 0.409 Con: 0.200 Cls: 1.720 Hist: 1.3055 Path: 0.5007 | 1.7s
  Epoch 44/800 | Total: 4.200 Edge: 0.409 Con: 0.198 Cls: 1.753 Hist: 1.3351 Path: 0.5037 | 1.9s
  Epoch 45/800 | Total: 4.092 Edge: 0.412 Con: 0.199 Cls: 1.685 Hist: 1.2894 Path: 0.5063 | Val F1: 0.2100 | 2.0s
  Epoch 46/800 | Total: 4.130 Edge: 0.406 Con: 0.201 Cls: 1.725 Hist: 1.3009 Path: 0.4968 | 2.1s
  Epoch 47/800 | Total: 4.146 Edge: 0.404 Con: 0.202 Cls: 1.729 Hist: 1.3145 Path: 0.4972 | 1.8s
  Epoch 48/800 | Total: 4.078 Edge: 0.405 Con: 0.201 Cls: 1.683 Hist: 1.2850 Path: 0.5036 | 2.3s
  Epoch 49/800 | Total: 4.143 Edge: 0.406 Con: 0.198 Cls: 1.726 Hist: 1.3156 Path: 0.4971 | 2.1s
  Epoch 50/800 | Total: 4.115 Edge: 0.410 Con: 0.199 Cls: 1.716 Hist: 1.2935 Path: 0.4963 | Val F1: 0.2199 | 2.0s
  Epoch 51/800 | Total: 4.064 Edge: 0.402 Con: 0.200 Cls: 1.685 Hist: 1.2852 Path: 0.4916 | 1.8s
  Epoch 52/800 | Total: 4.039 Edge: 0.401 Con: 0.200 Cls: 1.668 Hist: 1.2788 Path: 0.4902 | 1.4s
  Epoch 53/800 | Total: 4.042 Edge: 0.404 Con: 0.200 Cls: 1.674 Hist: 1.2785 Path: 0.4849 | 1.5s
  Epoch 54/800 | Total: 4.042 Edge: 0.404 Con: 0.198 Cls: 1.673 Hist: 1.2809 Path: 0.4867 | 1.4s
  Epoch 55/800 | Total: 4.034 Edge: 0.402 Con: 0.199 Cls: 1.668 Hist: 1.2744 Path: 0.4905 | Val F1: 0.2164 | 1.7s
  Epoch 56/800 | Total: 4.014 Edge: 0.405 Con: 0.195 Cls: 1.660 Hist: 1.2713 Path: 0.4821 | 1.4s
  Epoch 57/800 | Total: 3.988 Edge: 0.402 Con: 0.199 Cls: 1.649 Hist: 1.2533 Path: 0.4843 | 1.4s
  Epoch 58/800 | Total: 4.031 Edge: 0.402 Con: 0.197 Cls: 1.676 Hist: 1.2705 Path: 0.4851 | 1.3s
  Epoch 59/800 | Total: 4.002 Edge: 0.398 Con: 0.197 Cls: 1.658 Hist: 1.2666 Path: 0.4820 | 1.2s
  Epoch 60/800 | Total: 3.937 Edge: 0.404 Con: 0.198 Cls: 1.610 Hist: 1.2344 Path: 0.4905 | Val F1: 0.2318 | 1.2s
  Epoch 61/800 | Total: 4.024 Edge: 0.411 Con: 0.195 Cls: 1.664 Hist: 1.2577 Path: 0.4964 | 1.3s
  Epoch 62/800 | Total: 3.993 Edge: 0.412 Con: 0.197 Cls: 1.635 Hist: 1.2455 Path: 0.5040 | 1.1s
  Epoch 63/800 | Total: 3.964 Edge: 0.400 Con: 0.196 Cls: 1.627 Hist: 1.2544 Path: 0.4865 | 1.2s
  Epoch 64/800 | Total: 3.951 Edge: 0.395 Con: 0.195 Cls: 1.639 Hist: 1.2412 Path: 0.4806 | 1.1s
  Epoch 65/800 | Total: 3.934 Edge: 0.392 Con: 0.193 Cls: 1.624 Hist: 1.2478 Path: 0.4774 | Val F1: 0.2314 | 1.4s
  Epoch 66/800 | Total: 3.917 Edge: 0.395 Con: 0.195 Cls: 1.616 Hist: 1.2360 Path: 0.4741 | 1.4s
  Epoch 67/800 | Total: 3.966 Edge: 0.390 Con: 0.197 Cls: 1.654 Hist: 1.2577 Path: 0.4671 | 1.0s
  Epoch 68/800 | Total: 3.897 Edge: 0.393 Con: 0.196 Cls: 1.612 Hist: 1.2235 Path: 0.4719 | 1.3s
  Epoch 69/800 | Total: 3.880 Edge: 0.395 Con: 0.195 Cls: 1.595 Hist: 1.2204 Path: 0.4756 | 1.1s
  Epoch 70/800 | Total: 3.885 Edge: 0.395 Con: 0.194 Cls: 1.598 Hist: 1.2267 Path: 0.4715 | Val F1: 0.2342 | 1.2s
  Epoch 71/800 | Total: 3.910 Edge: 0.391 Con: 0.193 Cls: 1.620 Hist: 1.2380 Path: 0.4673 | 1.2s
  Epoch 72/800 | Total: 4.035 Edge: 0.394 Con: 0.197 Cls: 1.691 Hist: 1.2794 Path: 0.4748 | 1.2s
  Epoch 73/800 | Total: 3.879 Edge: 0.391 Con: 0.194 Cls: 1.610 Hist: 1.2145 Path: 0.4697 | 1.2s
  Epoch 74/800 | Total: 3.960 Edge: 0.405 Con: 0.195 Cls: 1.637 Hist: 1.2453 Path: 0.4783 | 1.2s
  Epoch 75/800 | Total: 3.982 Edge: 0.399 Con: 0.192 Cls: 1.655 Hist: 1.2575 Path: 0.4781 | Val F1: 0.2362 | 1.1s
  Epoch 76/800 | Total: 3.878 Edge: 0.393 Con: 0.194 Cls: 1.598 Hist: 1.2226 Path: 0.4702 | 1.2s
  Epoch 77/800 | Total: 3.814 Edge: 0.390 Con: 0.194 Cls: 1.571 Hist: 1.1968 Path: 0.4622 | 1.2s
  Epoch 78/800 | Total: 4.003 Edge: 0.389 Con: 0.194 Cls: 1.679 Hist: 1.2747 Path: 0.4673 | 1.2s
  Epoch 79/800 | Total: 3.852 Edge: 0.387 Con: 0.193 Cls: 1.591 Hist: 1.2142 Path: 0.4667 | 1.1s
  Epoch 80/800 | Total: 3.771 Edge: 0.385 Con: 0.190 Cls: 1.542 Hist: 1.1831 Path: 0.4705 | Val F1: 0.2427 | 1.2s
  Epoch 81/800 | Total: 3.894 Edge: 0.384 Con: 0.194 Cls: 1.620 Hist: 1.2332 Path: 0.4634 | 1.0s
  Epoch 82/800 | Total: 3.806 Edge: 0.386 Con: 0.193 Cls: 1.566 Hist: 1.1913 Path: 0.4698 | 1.2s
  Epoch 83/800 | Total: 3.774 Edge: 0.384 Con: 0.193 Cls: 1.547 Hist: 1.1830 Path: 0.4659 | 1.5s
  Epoch 84/800 | Total: 3.776 Edge: 0.381 Con: 0.192 Cls: 1.553 Hist: 1.1888 Path: 0.4610 | 1.3s
  Epoch 85/800 | Total: 3.735 Edge: 0.382 Con: 0.194 Cls: 1.531 Hist: 1.1680 Path: 0.4598 | Val F1: 0.2311 | 1.2s
  Epoch 86/800 | Total: 3.810 Edge: 0.383 Con: 0.192 Cls: 1.578 Hist: 1.1976 Path: 0.4594 | 1.3s
  Epoch 87/800 | Total: 3.775 Edge: 0.381 Con: 0.192 Cls: 1.555 Hist: 1.1906 Path: 0.4561 | 1.4s
  Epoch 88/800 | Total: 3.743 Edge: 0.381 Con: 0.194 Cls: 1.538 Hist: 1.1735 Path: 0.4576 | 1.2s
  Epoch 89/800 | Total: 3.764 Edge: 0.380 Con: 0.191 Cls: 1.556 Hist: 1.1846 Path: 0.4531 | 1.4s
  Epoch 90/800 | Total: 3.799 Edge: 0.381 Con: 0.193 Cls: 1.573 Hist: 1.1938 Path: 0.4590 | Val F1: 0.2470 | 1.2s
  Epoch 91/800 | Total: 3.764 Edge: 0.381 Con: 0.191 Cls: 1.555 Hist: 1.1822 Path: 0.4544 | 1.3s
  Epoch 92/800 | Total: 3.766 Edge: 0.384 Con: 0.191 Cls: 1.551 Hist: 1.1822 Path: 0.4574 | 1.5s
  Epoch 93/800 | Total: 3.713 Edge: 0.382 Con: 0.193 Cls: 1.522 Hist: 1.1630 Path: 0.4530 | 1.5s
  Epoch 94/800 | Total: 3.747 Edge: 0.381 Con: 0.191 Cls: 1.555 Hist: 1.1703 Path: 0.4497 | 1.2s
  Epoch 95/800 | Total: 3.753 Edge: 0.381 Con: 0.192 Cls: 1.547 Hist: 1.1800 Path: 0.4535 | Val F1: 0.2582 | 1.6s
  Epoch 96/800 | Total: 3.775 Edge: 0.382 Con: 0.191 Cls: 1.557 Hist: 1.1880 Path: 0.4558 | 1.8s
  Epoch 97/800 | Total: 3.717 Edge: 0.379 Con: 0.190 Cls: 1.530 Hist: 1.1648 Path: 0.4535 | 2.1s
  Epoch 98/800 | Total: 3.719 Edge: 0.377 Con: 0.190 Cls: 1.529 Hist: 1.1693 Path: 0.4529 | 1.7s
  Epoch 99/800 | Total: 3.791 Edge: 0.382 Con: 0.191 Cls: 1.573 Hist: 1.1923 Path: 0.4523 | 1.3s
  Epoch 100/800 | Total: 3.744 Edge: 0.379 Con: 0.190 Cls: 1.542 Hist: 1.1758 Path: 0.4572 | Val F1: 0.2427 | 1.4s
  Epoch 101/800 | Total: 3.837 Edge: 0.384 Con: 0.189 Cls: 1.593 Hist: 1.2061 Path: 0.4657 | 1.4s
  Epoch 102/800 | Total: 3.749 Edge: 0.379 Con: 0.191 Cls: 1.550 Hist: 1.1774 Path: 0.4512 | 1.2s
  Epoch 103/800 | Total: 3.694 Edge: 0.376 Con: 0.190 Cls: 1.523 Hist: 1.1575 Path: 0.4475 | 1.3s
  Epoch 104/800 | Total: 3.740 Edge: 0.375 Con: 0.192 Cls: 1.552 Hist: 1.1745 Path: 0.4462 | 1.3s
  Epoch 105/800 | Total: 3.746 Edge: 0.379 Con: 0.190 Cls: 1.548 Hist: 1.1767 Path: 0.4520 | Val F1: 0.2392 | 1.5s
  Epoch 106/800 | Total: 3.784 Edge: 0.389 Con: 0.189 Cls: 1.566 Hist: 1.1796 Path: 0.4612 | 1.1s
  Epoch 107/800 | Total: 3.674 Edge: 0.382 Con: 0.188 Cls: 1.501 Hist: 1.1517 Path: 0.4508 | 1.1s
  Epoch 108/800 | Total: 3.676 Edge: 0.387 Con: 0.190 Cls: 1.500 Hist: 1.1443 Path: 0.4546 | 1.0s
  Epoch 109/800 | Total: 3.677 Edge: 0.380 Con: 0.190 Cls: 1.507 Hist: 1.1552 Path: 0.4452 | 1.2s
  Epoch 110/800 | Total: 3.722 Edge: 0.374 Con: 0.188 Cls: 1.541 Hist: 1.1723 Path: 0.4465 | Val F1: 0.2407 | 1.1s
  Epoch 111/800 | Total: 3.679 Edge: 0.377 Con: 0.190 Cls: 1.504 Hist: 1.1553 Path: 0.4519 | 1.2s
  Epoch 112/800 | Total: 3.673 Edge: 0.379 Con: 0.190 Cls: 1.503 Hist: 1.1501 Path: 0.4512 | 1.0s
  Epoch 113/800 | Total: 3.643 Edge: 0.379 Con: 0.189 Cls: 1.487 Hist: 1.1344 Path: 0.4533 | 1.0s
  Epoch 114/800 | Total: 3.662 Edge: 0.382 Con: 0.190 Cls: 1.491 Hist: 1.1442 Path: 0.4549 | 1.2s
  Epoch 115/800 | Total: 3.704 Edge: 0.383 Con: 0.189 Cls: 1.522 Hist: 1.1542 Path: 0.4555 | Val F1: 0.2515 | 1.0s
  Epoch 116/800 | Total: 3.658 Edge: 0.379 Con: 0.187 Cls: 1.501 Hist: 1.1356 Path: 0.4551 | 1.1s
  Epoch 117/800 | Total: 3.644 Edge: 0.377 Con: 0.188 Cls: 1.499 Hist: 1.1328 Path: 0.4465 | 1.1s
  Epoch 118/800 | Total: 3.659 Edge: 0.373 Con: 0.187 Cls: 1.500 Hist: 1.1486 Path: 0.4493 | 1.1s
  Epoch 119/800 | Total: 3.636 Edge: 0.371 Con: 0.187 Cls: 1.487 Hist: 1.1461 Path: 0.4442 | 1.1s
  Epoch 120/800 | Total: 3.603 Edge: 0.370 Con: 0.186 Cls: 1.479 Hist: 1.1284 Path: 0.4387 | Val F1: 0.2486 | 1.2s
  Epoch 121/800 | Total: 3.694 Edge: 0.370 Con: 0.189 Cls: 1.543 Hist: 1.1564 Path: 0.4366 | 1.0s
  Epoch 122/800 | Total: 3.602 Edge: 0.370 Con: 0.187 Cls: 1.475 Hist: 1.1314 Path: 0.4380 | 1.0s
  Epoch 123/800 | Total: 3.676 Edge: 0.373 Con: 0.187 Cls: 1.522 Hist: 1.1536 Path: 0.4406 | 1.2s
  Epoch 124/800 | Total: 3.734 Edge: 0.374 Con: 0.187 Cls: 1.548 Hist: 1.1807 Path: 0.4439 | 1.2s
  Epoch 125/800 | Total: 3.693 Edge: 0.373 Con: 0.188 Cls: 1.521 Hist: 1.1631 Path: 0.4477 | Val F1: 0.2470 | 1.0s
  Epoch 126/800 | Total: 3.611 Edge: 0.370 Con: 0.187 Cls: 1.474 Hist: 1.1322 Path: 0.4472 | 1.1s
  Epoch 127/800 | Total: 3.645 Edge: 0.368 Con: 0.188 Cls: 1.505 Hist: 1.1461 Path: 0.4382 | 1.1s
  Epoch 128/800 | Total: 3.556 Edge: 0.371 Con: 0.187 Cls: 1.447 Hist: 1.1085 Path: 0.4421 | 1.2s
  Epoch 129/800 | Total: 3.648 Edge: 0.371 Con: 0.185 Cls: 1.508 Hist: 1.1433 Path: 0.4407 | 1.2s
  Epoch 130/800 | Total: 3.610 Edge: 0.368 Con: 0.188 Cls: 1.480 Hist: 1.1341 Path: 0.4395 | Val F1: 0.2734 | 1.0s
  Epoch 131/800 | Total: 3.612 Edge: 0.370 Con: 0.188 Cls: 1.487 Hist: 1.1276 Path: 0.4400 | 1.1s
  Epoch 132/800 | Total: 3.621 Edge: 0.371 Con: 0.187 Cls: 1.488 Hist: 1.1319 Path: 0.4427 | 1.2s
  Epoch 133/800 | Total: 3.598 Edge: 0.373 Con: 0.188 Cls: 1.474 Hist: 1.1242 Path: 0.4379 | 1.2s
  Epoch 134/800 | Total: 3.641 Edge: 0.370 Con: 0.187 Cls: 1.499 Hist: 1.1472 Path: 0.4379 | 1.3s
  Epoch 135/800 | Total: 3.658 Edge: 0.370 Con: 0.184 Cls: 1.506 Hist: 1.1520 Path: 0.4458 | Val F1: 0.2594 | 1.2s
  Epoch 136/800 | Total: 3.613 Edge: 0.372 Con: 0.189 Cls: 1.486 Hist: 1.1192 Path: 0.4470 | 1.4s
  Epoch 137/800 | Total: 3.622 Edge: 0.370 Con: 0.185 Cls: 1.480 Hist: 1.1419 Path: 0.4458 | 1.2s
  Epoch 138/800 | Total: 3.610 Edge: 0.373 Con: 0.185 Cls: 1.479 Hist: 1.1326 Path: 0.4403 | 1.4s
  Epoch 139/800 | Total: 3.537 Edge: 0.368 Con: 0.187 Cls: 1.451 Hist: 1.0960 Path: 0.4353 | 1.3s
  Epoch 140/800 | Total: 3.560 Edge: 0.367 Con: 0.186 Cls: 1.452 Hist: 1.1209 Path: 0.4339 | Val F1: 0.2758 | 1.1s
  Epoch 141/800 | Total: 3.572 Edge: 0.366 Con: 0.186 Cls: 1.465 Hist: 1.1189 Path: 0.4365 | 1.3s
  Epoch 142/800 | Total: 3.640 Edge: 0.364 Con: 0.184 Cls: 1.505 Hist: 1.1518 Path: 0.4344 | 1.2s
  Epoch 143/800 | Total: 3.573 Edge: 0.366 Con: 0.186 Cls: 1.472 Hist: 1.1183 Path: 0.4302 | 1.2s
  Epoch 144/800 | Total: 3.544 Edge: 0.365 Con: 0.187 Cls: 1.451 Hist: 1.1082 Path: 0.4327 | 1.0s
  Epoch 145/800 | Total: 3.515 Edge: 0.365 Con: 0.185 Cls: 1.435 Hist: 1.0957 Path: 0.4347 | Val F1: 0.2609 | 1.2s
  Epoch 146/800 | Total: 3.543 Edge: 0.364 Con: 0.186 Cls: 1.452 Hist: 1.1082 Path: 0.4326 | 1.3s
  Epoch 147/800 | Total: 3.600 Edge: 0.368 Con: 0.185 Cls: 1.476 Hist: 1.1308 Path: 0.4402 | 1.2s
  Epoch 148/800 | Total: 3.577 Edge: 0.368 Con: 0.185 Cls: 1.463 Hist: 1.1167 Path: 0.4450 | 1.2s
  Epoch 149/800 | Total: 3.546 Edge: 0.371 Con: 0.187 Cls: 1.439 Hist: 1.0948 Path: 0.4547 | 1.0s
  Epoch 150/800 | Total: 3.720 Edge: 0.370 Con: 0.186 Cls: 1.549 Hist: 1.1594 Path: 0.4550 | Val F1: 0.2661 | 1.2s
  Epoch 151/800 | Total: 3.668 Edge: 0.372 Con: 0.185 Cls: 1.501 Hist: 1.1538 Path: 0.4553 | 1.1s
  Epoch 152/800 | Total: 3.568 Edge: 0.365 Con: 0.184 Cls: 1.460 Hist: 1.1150 Path: 0.4437 | 1.2s
  Epoch 153/800 | Total: 3.580 Edge: 0.365 Con: 0.185 Cls: 1.477 Hist: 1.1214 Path: 0.4320 | 1.2s
  Epoch 154/800 | Total: 3.581 Edge: 0.365 Con: 0.183 Cls: 1.480 Hist: 1.1246 Path: 0.4286 | 1.2s
  Epoch 155/800 | Total: 3.558 Edge: 0.363 Con: 0.183 Cls: 1.468 Hist: 1.1163 Path: 0.4265 | Val F1: 0.2676 | 1.1s
  Epoch 156/800 | Total: 3.576 Edge: 0.367 Con: 0.186 Cls: 1.468 Hist: 1.1232 Path: 0.4309 | 1.2s
  Epoch 157/800 | Total: 3.522 Edge: 0.365 Con: 0.185 Cls: 1.437 Hist: 1.1053 Path: 0.4300 | 1.4s
  Epoch 158/800 | Total: 3.550 Edge: 0.365 Con: 0.183 Cls: 1.454 Hist: 1.1177 Path: 0.4300 | 1.3s
  Epoch 159/800 | Total: 3.561 Edge: 0.368 Con: 0.185 Cls: 1.463 Hist: 1.1138 Path: 0.4309 | 1.4s
  Epoch 160/800 | Total: 3.568 Edge: 0.367 Con: 0.184 Cls: 1.459 Hist: 1.1210 Path: 0.4369 | Val F1: 0.2456 | 1.2s
  Epoch 161/800 | Total: 3.605 Edge: 0.367 Con: 0.184 Cls: 1.492 Hist: 1.1326 Path: 0.4287 | 1.5s
  Epoch 162/800 | Total: 3.539 Edge: 0.363 Con: 0.183 Cls: 1.454 Hist: 1.1149 Path: 0.4243 | 1.3s
  Epoch 163/800 | Total: 3.500 Edge: 0.365 Con: 0.183 Cls: 1.428 Hist: 1.0901 Path: 0.4340 | 1.4s
  Epoch 164/800 | Total: 3.510 Edge: 0.365 Con: 0.183 Cls: 1.436 Hist: 1.0967 Path: 0.4299 | 1.5s
  Epoch 165/800 | Total: 3.550 Edge: 0.364 Con: 0.185 Cls: 1.454 Hist: 1.1104 Path: 0.4365 | Val F1: 0.2849 | 1.4s
  Epoch 166/800 | Total: 3.514 Edge: 0.363 Con: 0.183 Cls: 1.443 Hist: 1.0928 Path: 0.4327 | 1.3s
  Epoch 167/800 | Total: 3.714 Edge: 0.361 Con: 0.183 Cls: 1.560 Hist: 1.1809 Path: 0.4291 | 1.4s
  Epoch 168/800 | Total: 3.641 Edge: 0.365 Con: 0.186 Cls: 1.510 Hist: 1.1453 Path: 0.4352 | 1.4s
  Epoch 169/800 | Total: 3.609 Edge: 0.367 Con: 0.184 Cls: 1.480 Hist: 1.1369 Path: 0.4409 | 1.6s
  Epoch 170/800 | Total: 3.514 Edge: 0.361 Con: 0.183 Cls: 1.434 Hist: 1.1049 Path: 0.4309 | Val F1: 0.2775 | 1.8s
  Epoch 171/800 | Total: 3.518 Edge: 0.359 Con: 0.184 Cls: 1.448 Hist: 1.0995 Path: 0.4270 | 1.8s
  Epoch 172/800 | Total: 3.501 Edge: 0.360 Con: 0.182 Cls: 1.424 Hist: 1.0981 Path: 0.4358 | 1.2s
  Epoch 173/800 | Total: 3.539 Edge: 0.364 Con: 0.185 Cls: 1.443 Hist: 1.1062 Path: 0.4395 | 1.3s
  Epoch 174/800 | Total: 3.483 Edge: 0.366 Con: 0.183 Cls: 1.410 Hist: 1.0832 Path: 0.4400 | 1.3s
  Epoch 175/800 | Total: 3.527 Edge: 0.363 Con: 0.183 Cls: 1.443 Hist: 1.1036 Path: 0.4343 | Val F1: 0.2868 | 1.2s
  Epoch 176/800 | Total: 3.483 Edge: 0.362 Con: 0.185 Cls: 1.416 Hist: 1.0884 Path: 0.4318 | 1.3s
  Epoch 177/800 | Total: 3.558 Edge: 0.369 Con: 0.184 Cls: 1.460 Hist: 1.1081 Path: 0.4364 | 1.3s
  Epoch 178/800 | Total: 3.498 Edge: 0.371 Con: 0.183 Cls: 1.424 Hist: 1.0839 Path: 0.4356 | 1.3s
  Epoch 179/800 | Total: 3.466 Edge: 0.364 Con: 0.181 Cls: 1.408 Hist: 1.0829 Path: 0.4292 | 1.4s
  Epoch 180/800 | Total: 3.490 Edge: 0.359 Con: 0.183 Cls: 1.425 Hist: 1.0970 Path: 0.4259 | Val F1: 0.2800 | 1.1s
  Epoch 181/800 | Total: 3.449 Edge: 0.364 Con: 0.186 Cls: 1.401 Hist: 1.0679 Path: 0.4309 | 1.1s
  Epoch 182/800 | Total: 3.609 Edge: 0.363 Con: 0.182 Cls: 1.492 Hist: 1.1353 Path: 0.4363 | 1.2s
  Epoch 183/800 | Total: 3.676 Edge: 0.374 Con: 0.184 Cls: 1.516 Hist: 1.1580 Path: 0.4440 | 1.1s
  Epoch 184/800 | Total: 3.590 Edge: 0.373 Con: 0.182 Cls: 1.467 Hist: 1.1289 Path: 0.4391 | 1.1s
  Epoch 185/800 | Total: 3.537 Edge: 0.366 Con: 0.183 Cls: 1.442 Hist: 1.1087 Path: 0.4365 | Val F1: 0.2939 | 1.3s
  Epoch 186/800 | Total: 3.495 Edge: 0.360 Con: 0.183 Cls: 1.432 Hist: 1.0934 Path: 0.4265 | 1.1s
  Epoch 187/800 | Total: 3.480 Edge: 0.361 Con: 0.183 Cls: 1.418 Hist: 1.0876 Path: 0.4297 | 1.2s
  Epoch 188/800 | Total: 3.524 Edge: 0.357 Con: 0.181 Cls: 1.450 Hist: 1.1114 Path: 0.4247 | 1.1s
  Epoch 189/800 | Total: 3.512 Edge: 0.357 Con: 0.184 Cls: 1.447 Hist: 1.0961 Path: 0.4288 | 1.2s
  Epoch 190/800 | Total: 3.522 Edge: 0.357 Con: 0.182 Cls: 1.450 Hist: 1.1074 Path: 0.4261 | Val F1: 0.2799 | 1.1s
  Epoch 191/800 | Total: 3.482 Edge: 0.357 Con: 0.183 Cls: 1.428 Hist: 1.0926 Path: 0.4214 | 1.1s
  Epoch 192/800 | Total: 3.506 Edge: 0.357 Con: 0.182 Cls: 1.441 Hist: 1.1002 Path: 0.4255 | 1.0s
  Epoch 193/800 | Total: 3.512 Edge: 0.359 Con: 0.183 Cls: 1.436 Hist: 1.1076 Path: 0.4279 | 1.1s
  Epoch 194/800 | Total: 3.520 Edge: 0.364 Con: 0.181 Cls: 1.439 Hist: 1.0988 Path: 0.4367 | 1.2s
  Epoch 195/800 | Total: 3.412 Edge: 0.358 Con: 0.184 Cls: 1.386 Hist: 1.0598 Path: 0.4249 | Val F1: 0.2932 | 1.1s
  Epoch 196/800 | Total: 3.409 Edge: 0.359 Con: 0.181 Cls: 1.380 Hist: 1.0633 Path: 0.4255 | 1.0s
  Epoch 197/800 | Total: 3.394 Edge: 0.355 Con: 0.182 Cls: 1.377 Hist: 1.0588 Path: 0.4212 | 1.1s
  Epoch 198/800 | Total: 3.462 Edge: 0.356 Con: 0.182 Cls: 1.417 Hist: 1.0830 Path: 0.4236 | 1.3s
  Epoch 199/800 | Total: 3.464 Edge: 0.359 Con: 0.183 Cls: 1.416 Hist: 1.0781 Path: 0.4290 | 1.1s
  Epoch 200/800 | Total: 3.425 Edge: 0.354 Con: 0.183 Cls: 1.401 Hist: 1.0667 Path: 0.4201 | Val F1: 0.2827 | 1.2s
  Epoch 201/800 | Total: 3.423 Edge: 0.355 Con: 0.181 Cls: 1.396 Hist: 1.0757 Path: 0.4150 | 1.2s
  Epoch 202/800 | Total: 3.526 Edge: 0.364 Con: 0.182 Cls: 1.446 Hist: 1.1056 Path: 0.4288 | 1.2s
  Epoch 203/800 | Total: 3.523 Edge: 0.377 Con: 0.183 Cls: 1.429 Hist: 1.0899 Path: 0.4431 | 1.1s
  Epoch 204/800 | Total: 3.531 Edge: 0.370 Con: 0.182 Cls: 1.444 Hist: 1.0988 Path: 0.4367 | 1.0s
  Epoch 205/800 | Total: 3.607 Edge: 0.367 Con: 0.182 Cls: 1.494 Hist: 1.1258 Path: 0.4385 | Val F1: 0.2748 | 1.2s
  Epoch 206/800 | Total: 3.506 Edge: 0.365 Con: 0.182 Cls: 1.436 Hist: 1.0870 Path: 0.4361 | 1.1s
  Epoch 207/800 | Total: 3.453 Edge: 0.358 Con: 0.181 Cls: 1.409 Hist: 1.0790 Path: 0.4266 | 1.1s
  Epoch 208/800 | Total: 3.392 Edge: 0.356 Con: 0.182 Cls: 1.380 Hist: 1.0523 Path: 0.4222 | 1.2s
  Epoch 209/800 | Total: 3.409 Edge: 0.353 Con: 0.182 Cls: 1.388 Hist: 1.0680 Path: 0.4180 | 1.1s
  Epoch 210/800 | Total: 3.382 Edge: 0.353 Con: 0.183 Cls: 1.375 Hist: 1.0544 Path: 0.4167 | Val F1: 0.2883 | 1.1s
  Epoch 211/800 | Total: 3.439 Edge: 0.354 Con: 0.182 Cls: 1.416 Hist: 1.0687 Path: 0.4182 | 1.2s
  Epoch 212/800 | Total: 3.461 Edge: 0.357 Con: 0.183 Cls: 1.418 Hist: 1.0820 Path: 0.4217 | 1.3s
  Epoch 213/800 | Total: 3.474 Edge: 0.357 Con: 0.181 Cls: 1.423 Hist: 1.0902 Path: 0.4233 | 1.4s
  Epoch 214/800 | Total: 3.453 Edge: 0.357 Con: 0.182 Cls: 1.414 Hist: 1.0784 Path: 0.4215 | 1.4s
  Epoch 215/800 | Total: 3.452 Edge: 0.358 Con: 0.183 Cls: 1.405 Hist: 1.0797 Path: 0.4258 | Val F1: 0.2994 | 1.2s
  Epoch 216/800 | Total: 3.496 Edge: 0.361 Con: 0.183 Cls: 1.439 Hist: 1.0897 Path: 0.4241 | 1.2s
  Epoch 217/800 | Total: 3.446 Edge: 0.359 Con: 0.180 Cls: 1.410 Hist: 1.0774 Path: 0.4204 | 1.2s
  Epoch 218/800 | Total: 3.446 Edge: 0.354 Con: 0.180 Cls: 1.406 Hist: 1.0904 Path: 0.4160 | 1.2s
  Epoch 219/800 | Total: 3.420 Edge: 0.355 Con: 0.182 Cls: 1.402 Hist: 1.0662 Path: 0.4148 | 1.2s
  Epoch 220/800 | Total: 3.383 Edge: 0.354 Con: 0.180 Cls: 1.373 Hist: 1.0557 Path: 0.4198 | Val F1: 0.2870 | 1.1s
  Epoch 221/800 | Total: 3.374 Edge: 0.355 Con: 0.181 Cls: 1.366 Hist: 1.0503 Path: 0.4220 | 1.1s
  Epoch 222/800 | Total: 3.407 Edge: 0.355 Con: 0.180 Cls: 1.390 Hist: 1.0610 Path: 0.4223 | 1.2s
  Epoch 223/800 | Total: 3.451 Edge: 0.365 Con: 0.183 Cls: 1.399 Hist: 1.0740 Path: 0.4304 | 1.2s
  Epoch 224/800 | Total: 3.455 Edge: 0.366 Con: 0.181 Cls: 1.401 Hist: 1.0670 Path: 0.4398 | 1.2s
  Epoch 225/800 | Total: 3.379 Edge: 0.356 Con: 0.180 Cls: 1.367 Hist: 1.0512 Path: 0.4247 | Val F1: 0.2744 | 1.2s
  Epoch 226/800 | Total: 3.386 Edge: 0.356 Con: 0.182 Cls: 1.375 Hist: 1.0548 Path: 0.4177 | 1.1s
  Epoch 227/800 | Total: 3.572 Edge: 0.358 Con: 0.183 Cls: 1.481 Hist: 1.1290 Path: 0.4208 | 1.3s
  Epoch 228/800 | Total: 3.489 Edge: 0.355 Con: 0.181 Cls: 1.447 Hist: 1.0828 Path: 0.4235 | 1.2s
  Epoch 229/800 | Total: 3.489 Edge: 0.355 Con: 0.180 Cls: 1.427 Hist: 1.0957 Path: 0.4305 | 1.2s
  Epoch 230/800 | Total: 3.438 Edge: 0.357 Con: 0.180 Cls: 1.401 Hist: 1.0684 Path: 0.4307 | Val F1: 0.2924 | 1.4s
  Epoch 231/800 | Total: 3.416 Edge: 0.356 Con: 0.181 Cls: 1.388 Hist: 1.0633 Path: 0.4270 | 1.2s
  Epoch 232/800 | Total: 3.370 Edge: 0.351 Con: 0.180 Cls: 1.375 Hist: 1.0467 Path: 0.4179 | 1.2s
  Epoch 233/800 | Total: 3.384 Edge: 0.353 Con: 0.181 Cls: 1.376 Hist: 1.0609 Path: 0.4134 | 1.1s
  Epoch 234/800 | Total: 3.342 Edge: 0.352 Con: 0.182 Cls: 1.356 Hist: 1.0363 Path: 0.4155 | 1.2s
  Epoch 235/800 | Total: 3.358 Edge: 0.353 Con: 0.182 Cls: 1.356 Hist: 1.0511 Path: 0.4152 | Val F1: 0.3003 | 1.2s
  Epoch 236/800 | Total: 3.385 Edge: 0.357 Con: 0.179 Cls: 1.369 Hist: 1.0623 Path: 0.4173 | 1.4s
  Epoch 237/800 | Total: 3.400 Edge: 0.363 Con: 0.181 Cls: 1.380 Hist: 1.0518 Path: 0.4236 | 1.4s
  Epoch 238/800 | Total: 3.403 Edge: 0.360 Con: 0.180 Cls: 1.386 Hist: 1.0615 Path: 0.4152 | 1.3s
  Epoch 239/800 | Total: 3.369 Edge: 0.360 Con: 0.180 Cls: 1.367 Hist: 1.0465 Path: 0.4149 | 1.4s
  Epoch 240/800 | Total: 3.394 Edge: 0.357 Con: 0.181 Cls: 1.392 Hist: 1.0488 Path: 0.4159 | Val F1: 0.3050 | 1.4s
  Epoch 241/800 | Total: 3.406 Edge: 0.353 Con: 0.182 Cls: 1.385 Hist: 1.0691 Path: 0.4162 | 1.4s
  Epoch 242/800 | Total: 3.399 Edge: 0.352 Con: 0.181 Cls: 1.387 Hist: 1.0592 Path: 0.4198 | 1.4s
  Epoch 243/800 | Total: 3.404 Edge: 0.356 Con: 0.180 Cls: 1.382 Hist: 1.0596 Path: 0.4257 | 1.3s
  Epoch 244/800 | Total: 3.523 Edge: 0.359 Con: 0.179 Cls: 1.460 Hist: 1.0986 Path: 0.4276 | 1.3s
  Epoch 245/800 | Total: 3.475 Edge: 0.359 Con: 0.182 Cls: 1.430 Hist: 1.0828 Path: 0.4222 | Val F1: 0.2887 | 1.7s
  Epoch 246/800 | Total: 3.432 Edge: 0.361 Con: 0.182 Cls: 1.401 Hist: 1.0647 Path: 0.4235 | 1.4s
  Epoch 247/800 | Total: 3.422 Edge: 0.360 Con: 0.181 Cls: 1.394 Hist: 1.0660 Path: 0.4216 | 1.5s
  Epoch 248/800 | Total: 3.395 Edge: 0.358 Con: 0.180 Cls: 1.376 Hist: 1.0557 Path: 0.4249 | 1.5s
  Epoch 249/800 | Total: 3.404 Edge: 0.353 Con: 0.180 Cls: 1.384 Hist: 1.0617 Path: 0.4249 | 1.2s
  Epoch 250/800 | Total: 3.495 Edge: 0.353 Con: 0.182 Cls: 1.443 Hist: 1.0979 Path: 0.4200 | Val F1: 0.2756 | 1.9s
  Epoch 251/800 | Total: 3.457 Edge: 0.357 Con: 0.181 Cls: 1.409 Hist: 1.0812 Path: 0.4293 | 1.5s
  Epoch 252/800 | Total: 3.443 Edge: 0.356 Con: 0.180 Cls: 1.402 Hist: 1.0803 Path: 0.4241 | 1.2s
  Epoch 253/800 | Total: 3.410 Edge: 0.355 Con: 0.181 Cls: 1.388 Hist: 1.0654 Path: 0.4199 | 1.3s
  Epoch 254/800 | Total: 3.389 Edge: 0.356 Con: 0.180 Cls: 1.376 Hist: 1.0555 Path: 0.4211 | 1.2s
  Epoch 255/800 | Total: 3.345 Edge: 0.353 Con: 0.179 Cls: 1.353 Hist: 1.0453 Path: 0.4135 | Val F1: 0.3028 | 1.2s
  Epoch 256/800 | Total: 3.343 Edge: 0.354 Con: 0.181 Cls: 1.351 Hist: 1.0384 Path: 0.4186 | 1.3s
  Epoch 257/800 | Total: 3.382 Edge: 0.354 Con: 0.181 Cls: 1.373 Hist: 1.0532 Path: 0.4207 | 1.3s
  Epoch 258/800 | Total: 3.389 Edge: 0.353 Con: 0.181 Cls: 1.374 Hist: 1.0570 Path: 0.4236 | 1.2s
  Epoch 259/800 | Total: 3.394 Edge: 0.356 Con: 0.179 Cls: 1.380 Hist: 1.0532 Path: 0.4258 | 1.4s
  Epoch 260/800 | Total: 3.419 Edge: 0.359 Con: 0.180 Cls: 1.386 Hist: 1.0586 Path: 0.4344 | Val F1: 0.3159 | 1.2s
  Epoch 261/800 | Total: 3.386 Edge: 0.359 Con: 0.180 Cls: 1.370 Hist: 1.0534 Path: 0.4238 | 1.1s
  Epoch 262/800 | Total: 3.386 Edge: 0.361 Con: 0.181 Cls: 1.374 Hist: 1.0491 Path: 0.4213 | 1.1s
  Epoch 263/800 | Total: 3.396 Edge: 0.354 Con: 0.181 Cls: 1.383 Hist: 1.0548 Path: 0.4226 | 1.1s
  Epoch 264/800 | Total: 3.373 Edge: 0.352 Con: 0.181 Cls: 1.375 Hist: 1.0493 Path: 0.4151 | 1.1s
  Epoch 265/800 | Total: 3.382 Edge: 0.350 Con: 0.181 Cls: 1.382 Hist: 1.0534 Path: 0.4151 | Val F1: 0.2906 | 1.3s
  Epoch 266/800 | Total: 3.380 Edge: 0.351 Con: 0.182 Cls: 1.384 Hist: 1.0519 Path: 0.4120 | 1.1s
  Epoch 267/800 | Total: 3.435 Edge: 0.352 Con: 0.180 Cls: 1.414 Hist: 1.0761 Path: 0.4132 | 1.2s
  Epoch 268/800 | Total: 3.402 Edge: 0.353 Con: 0.183 Cls: 1.391 Hist: 1.0606 Path: 0.4150 | 1.1s
  Epoch 269/800 | Total: 3.301 Edge: 0.349 Con: 0.180 Cls: 1.336 Hist: 1.0249 Path: 0.4109 | 1.2s
  Epoch 270/800 | Total: 3.302 Edge: 0.349 Con: 0.182 Cls: 1.335 Hist: 1.0236 Path: 0.4121 | Val F1: 0.2993 | 1.1s
  Epoch 271/800 | Total: 3.344 Edge: 0.349 Con: 0.181 Cls: 1.362 Hist: 1.0426 Path: 0.4090 | 1.2s
  Epoch 272/800 | Total: 3.325 Edge: 0.350 Con: 0.180 Cls: 1.352 Hist: 1.0308 Path: 0.4132 | 1.0s
  Epoch 273/800 | Total: 3.331 Edge: 0.348 Con: 0.180 Cls: 1.353 Hist: 1.0407 Path: 0.4093 | 1.2s
  Epoch 274/800 | Total: 3.292 Edge: 0.355 Con: 0.180 Cls: 1.318 Hist: 1.0233 Path: 0.4160 | 1.0s
  Epoch 275/800 | Total: 3.294 Edge: 0.349 Con: 0.181 Cls: 1.328 Hist: 1.0250 Path: 0.4107 | Val F1: 0.3045 | 1.1s
  Epoch 276/800 | Total: 3.351 Edge: 0.352 Con: 0.181 Cls: 1.356 Hist: 1.0448 Path: 0.4179 | 1.2s
  Epoch 277/800 | Total: 3.304 Edge: 0.349 Con: 0.179 Cls: 1.335 Hist: 1.0239 Path: 0.4177 | 1.2s
  Epoch 278/800 | Total: 3.379 Edge: 0.350 Con: 0.178 Cls: 1.383 Hist: 1.0534 Path: 0.4149 | 1.1s
  Epoch 279/800 | Total: 3.348 Edge: 0.351 Con: 0.180 Cls: 1.360 Hist: 1.0407 Path: 0.4159 | 1.0s
  Epoch 280/800 | Total: 3.340 Edge: 0.352 Con: 0.179 Cls: 1.355 Hist: 1.0346 Path: 0.4203 | Val F1: 0.2876 | 1.0s
  Epoch 281/800 | Total: 3.335 Edge: 0.352 Con: 0.178 Cls: 1.355 Hist: 1.0334 Path: 0.4164 | 1.0s
  Epoch 282/800 | Total: 3.347 Edge: 0.350 Con: 0.180 Cls: 1.364 Hist: 1.0389 Path: 0.4135 | 1.1s
  Epoch 283/800 | Total: 3.378 Edge: 0.358 Con: 0.179 Cls: 1.380 Hist: 1.0464 Path: 0.4142 | 1.3s
  Epoch 284/800 | Total: 3.472 Edge: 0.361 Con: 0.180 Cls: 1.425 Hist: 1.0829 Path: 0.4223 | 1.1s
  Epoch 285/800 | Total: 3.470 Edge: 0.358 Con: 0.180 Cls: 1.423 Hist: 1.0846 Path: 0.4238 | Val F1: 0.2994 | 1.2s
  Epoch 286/800 | Total: 3.338 Edge: 0.352 Con: 0.180 Cls: 1.351 Hist: 1.0367 Path: 0.4189 | 1.0s
  Epoch 287/800 | Total: 3.434 Edge: 0.352 Con: 0.180 Cls: 1.401 Hist: 1.0769 Path: 0.4240 | 1.2s
  Epoch 288/800 | Total: 3.394 Edge: 0.350 Con: 0.181 Cls: 1.389 Hist: 1.0587 Path: 0.4149 | 1.1s
  Epoch 289/800 | Total: 3.327 Edge: 0.350 Con: 0.180 Cls: 1.346 Hist: 1.0365 Path: 0.4135 | 1.2s
  Epoch 290/800 | Total: 3.326 Edge: 0.348 Con: 0.178 Cls: 1.352 Hist: 1.0400 Path: 0.4081 | Val F1: 0.3089 | 1.1s
  Epoch 291/800 | Total: 3.299 Edge: 0.349 Con: 0.180 Cls: 1.339 Hist: 1.0258 Path: 0.4061 | 1.2s
  Epoch 292/800 | Total: 3.288 Edge: 0.349 Con: 0.179 Cls: 1.334 Hist: 1.0158 Path: 0.4092 | 1.2s
  Epoch 293/800 | Total: 3.352 Edge: 0.349 Con: 0.179 Cls: 1.368 Hist: 1.0470 Path: 0.4098 | 1.2s
  Epoch 294/800 | Total: 3.301 Edge: 0.348 Con: 0.177 Cls: 1.340 Hist: 1.0257 Path: 0.4101 | 1.4s
  Epoch 295/800 | Total: 3.266 Edge: 0.349 Con: 0.179 Cls: 1.314 Hist: 1.0130 Path: 0.4107 | Val F1: 0.3148 | 1.2s
  Epoch 296/800 | Total: 3.295 Edge: 0.348 Con: 0.181 Cls: 1.329 Hist: 1.0264 Path: 0.4102 | 1.2s
  Epoch 297/800 | Total: 3.285 Edge: 0.347 Con: 0.179 Cls: 1.334 Hist: 1.0188 Path: 0.4067 | 1.2s
  Epoch 298/800 | Total: 3.317 Edge: 0.346 Con: 0.180 Cls: 1.347 Hist: 1.0382 Path: 0.4061 | 1.2s
  Epoch 299/800 | Total: 3.378 Edge: 0.350 Con: 0.181 Cls: 1.383 Hist: 1.0536 Path: 0.4108 | 1.2s
  Epoch 300/800 | Total: 3.321 Edge: 0.350 Con: 0.181 Cls: 1.341 Hist: 1.0322 Path: 0.4161 | Val F1: 0.3010 | 1.2s
  Epoch 301/800 | Total: 3.309 Edge: 0.352 Con: 0.179 Cls: 1.334 Hist: 1.0223 Path: 0.4210 | 1.2s
  Epoch 302/800 | Total: 3.354 Edge: 0.350 Con: 0.178 Cls: 1.362 Hist: 1.0502 Path: 0.4140 | 1.2s
  Epoch 303/800 | Total: 3.289 Edge: 0.350 Con: 0.179 Cls: 1.325 Hist: 1.0218 Path: 0.4133 | 1.2s
  Epoch 304/800 | Total: 3.397 Edge: 0.349 Con: 0.180 Cls: 1.393 Hist: 1.0607 Path: 0.4133 | 1.2s
  Epoch 305/800 | Total: 3.294 Edge: 0.350 Con: 0.179 Cls: 1.336 Hist: 1.0181 Path: 0.4107 | Val F1: 0.3070 | 1.0s
  Epoch 306/800 | Total: 3.269 Edge: 0.349 Con: 0.180 Cls: 1.320 Hist: 1.0120 Path: 0.4076 | 1.0s
  Epoch 307/800 | Total: 3.298 Edge: 0.349 Con: 0.178 Cls: 1.330 Hist: 1.0325 Path: 0.4076 | 1.2s
  Epoch 308/800 | Total: 3.281 Edge: 0.352 Con: 0.181 Cls: 1.320 Hist: 1.0146 Path: 0.4127 | 1.2s
  Epoch 309/800 | Total: 3.285 Edge: 0.350 Con: 0.179 Cls: 1.324 Hist: 1.0161 Path: 0.4166 | 1.0s
  Epoch 310/800 | Total: 3.305 Edge: 0.349 Con: 0.180 Cls: 1.340 Hist: 1.0253 Path: 0.4108 | Val F1: 0.3144 | 1.2s
  Epoch 311/800 | Total: 3.314 Edge: 0.348 Con: 0.178 Cls: 1.342 Hist: 1.0341 Path: 0.4115 | 1.2s
  Epoch 312/800 | Total: 3.319 Edge: 0.347 Con: 0.180 Cls: 1.350 Hist: 1.0358 Path: 0.4054 | 1.3s
  Epoch 313/800 | Total: 3.297 Edge: 0.351 Con: 0.180 Cls: 1.328 Hist: 1.0286 Path: 0.4087 | 1.2s
  Epoch 314/800 | Total: 3.274 Edge: 0.349 Con: 0.179 Cls: 1.322 Hist: 1.0183 Path: 0.4057 | 1.2s
  Epoch 315/800 | Total: 3.326 Edge: 0.347 Con: 0.180 Cls: 1.347 Hist: 1.0390 Path: 0.4135 | Val F1: 0.2954 | 1.1s
  Epoch 316/800 | Total: 3.319 Edge: 0.348 Con: 0.179 Cls: 1.347 Hist: 1.0262 Path: 0.4197 | 1.1s
  Epoch 317/800 | Total: 3.351 Edge: 0.347 Con: 0.179 Cls: 1.372 Hist: 1.0416 Path: 0.4107 | 1.2s
  Epoch 318/800 | Total: 3.283 Edge: 0.346 Con: 0.180 Cls: 1.327 Hist: 1.0156 Path: 0.4135 | 1.2s
  Epoch 319/800 | Total: 3.314 Edge: 0.343 Con: 0.178 Cls: 1.355 Hist: 1.0272 Path: 0.4108 | 1.4s
  Epoch 320/800 | Total: 3.271 Edge: 0.345 Con: 0.180 Cls: 1.323 Hist: 1.0178 Path: 0.4065 | Val F1: 0.2927 | 1.2s
  Epoch 321/800 | Total: 3.335 Edge: 0.345 Con: 0.179 Cls: 1.363 Hist: 1.0347 Path: 0.4119 | 1.4s
  Epoch 322/800 | Total: 3.363 Edge: 0.345 Con: 0.180 Cls: 1.379 Hist: 1.0504 Path: 0.4093 | 1.4s
  Epoch 323/800 | Total: 3.404 Edge: 0.350 Con: 0.179 Cls: 1.393 Hist: 1.0643 Path: 0.4174 | 1.2s
  Epoch 324/800 | Total: 3.498 Edge: 0.351 Con: 0.179 Cls: 1.449 Hist: 1.0977 Path: 0.4207 | 1.4s
  Epoch 325/800 | Total: 3.296 Edge: 0.353 Con: 0.179 Cls: 1.330 Hist: 1.0190 Path: 0.4144 | Val F1: 0.3107 | 1.4s
  Epoch 326/800 | Total: 3.304 Edge: 0.359 Con: 0.179 Cls: 1.328 Hist: 1.0192 Path: 0.4199 | 1.2s
  Epoch 327/800 | Total: 3.318 Edge: 0.353 Con: 0.179 Cls: 1.349 Hist: 1.0281 Path: 0.4092 | 1.2s
  Epoch 328/800 | Total: 3.264 Edge: 0.347 Con: 0.177 Cls: 1.319 Hist: 1.0162 Path: 0.4052 | 1.6s
  Epoch 329/800 | Total: 3.260 Edge: 0.346 Con: 0.179 Cls: 1.317 Hist: 1.0143 Path: 0.4040 | 1.4s
  Epoch 330/800 | Total: 3.272 Edge: 0.346 Con: 0.179 Cls: 1.328 Hist: 1.0144 Path: 0.4044 | Val F1: 0.3115 | 1.5s
  Epoch 331/800 | Total: 3.264 Edge: 0.345 Con: 0.179 Cls: 1.318 Hist: 1.0127 Path: 0.4097 | 1.4s
  Epoch 332/800 | Total: 3.263 Edge: 0.346 Con: 0.179 Cls: 1.318 Hist: 1.0070 Path: 0.4133 | 2.0s
  Epoch 333/800 | Total: 3.267 Edge: 0.346 Con: 0.178 Cls: 1.320 Hist: 1.0128 Path: 0.4093 | 2.0s
  Epoch 334/800 | Total: 3.256 Edge: 0.349 Con: 0.178 Cls: 1.308 Hist: 1.0076 Path: 0.4138 | 1.5s
  Epoch 335/800 | Total: 3.231 Edge: 0.349 Con: 0.178 Cls: 1.300 Hist: 0.9920 Path: 0.4115 | Val F1: 0.3186 | 1.4s
  Epoch 336/800 | Total: 3.232 Edge: 0.344 Con: 0.179 Cls: 1.305 Hist: 1.0008 Path: 0.4036 | 1.2s
  Epoch 337/800 | Total: 3.228 Edge: 0.344 Con: 0.179 Cls: 1.301 Hist: 0.9998 Path: 0.4037 | 1.1s
  Epoch 338/800 | Total: 3.265 Edge: 0.345 Con: 0.180 Cls: 1.321 Hist: 1.0137 Path: 0.4057 | 1.4s
  Epoch 339/800 | Total: 3.254 Edge: 0.348 Con: 0.178 Cls: 1.314 Hist: 1.0116 Path: 0.4036 | 1.8s
  Epoch 340/800 | Total: 3.243 Edge: 0.345 Con: 0.180 Cls: 1.312 Hist: 1.0045 Path: 0.4022 | Val F1: 0.3008 | 1.8s
  Epoch 341/800 | Total: 3.317 Edge: 0.347 Con: 0.180 Cls: 1.350 Hist: 1.0367 Path: 0.4035 | 1.5s
  Epoch 342/800 | Total: 3.357 Edge: 0.354 Con: 0.179 Cls: 1.372 Hist: 1.0423 Path: 0.4096 | 1.8s
  Epoch 343/800 | Total: 3.282 Edge: 0.351 Con: 0.180 Cls: 1.331 Hist: 1.0120 Path: 0.4082 | 1.7s
  Epoch 344/800 | Total: 3.271 Edge: 0.349 Con: 0.178 Cls: 1.317 Hist: 1.0210 Path: 0.4059 | 1.7s
  Epoch 345/800 | Total: 3.279 Edge: 0.348 Con: 0.179 Cls: 1.321 Hist: 1.0221 Path: 0.4079 | Val F1: 0.3039 | 1.4s
  Epoch 346/800 | Total: 3.272 Edge: 0.346 Con: 0.178 Cls: 1.324 Hist: 1.0124 Path: 0.4123 | 1.1s
  Epoch 347/800 | Total: 3.261 Edge: 0.348 Con: 0.179 Cls: 1.312 Hist: 1.0109 Path: 0.4111 | 1.1s
  Epoch 348/800 | Total: 3.324 Edge: 0.355 Con: 0.179 Cls: 1.342 Hist: 1.0303 Path: 0.4186 | 1.0s
  Epoch 349/800 | Total: 3.283 Edge: 0.349 Con: 0.179 Cls: 1.330 Hist: 1.0161 Path: 0.4088 | 1.2s
  Epoch 350/800 | Total: 3.260 Edge: 0.350 Con: 0.179 Cls: 1.309 Hist: 1.0092 Path: 0.4130 | Val F1: 0.2912 | 1.1s
  Epoch 351/800 | Total: 3.269 Edge: 0.344 Con: 0.178 Cls: 1.324 Hist: 1.0184 Path: 0.4047 | 1.2s
  Epoch 352/800 | Total: 3.267 Edge: 0.343 Con: 0.180 Cls: 1.322 Hist: 1.0145 Path: 0.4073 | 1.1s
  Epoch 353/800 | Total: 3.255 Edge: 0.342 Con: 0.179 Cls: 1.316 Hist: 1.0107 Path: 0.4078 | 1.0s
  Epoch 354/800 | Total: 3.255 Edge: 0.343 Con: 0.179 Cls: 1.314 Hist: 1.0066 Path: 0.4119 | 1.2s
  Epoch 355/800 | Total: 3.295 Edge: 0.347 Con: 0.179 Cls: 1.340 Hist: 1.0183 Path: 0.4112 | Val F1: 0.3156 | 1.2s
  Epoch 356/800 | Total: 3.238 Edge: 0.346 Con: 0.176 Cls: 1.307 Hist: 1.0014 Path: 0.4072 | 1.1s
  Epoch 357/800 | Total: 3.246 Edge: 0.348 Con: 0.180 Cls: 1.306 Hist: 1.0020 Path: 0.4101 | 1.2s
  Epoch 358/800 | Total: 3.223 Edge: 0.344 Con: 0.178 Cls: 1.295 Hist: 0.9974 Path: 0.4074 | 1.1s
  Epoch 359/800 | Total: 3.336 Edge: 0.348 Con: 0.181 Cls: 1.357 Hist: 1.0372 Path: 0.4134 | 1.1s
  Epoch 360/800 | Total: 3.338 Edge: 0.347 Con: 0.179 Cls: 1.365 Hist: 1.0381 Path: 0.4087 | Val F1: 0.2977 | 1.1s
  Epoch 361/800 | Total: 3.302 Edge: 0.347 Con: 0.181 Cls: 1.341 Hist: 1.0230 Path: 0.4109 | 1.2s
  Epoch 362/800 | Total: 3.248 Edge: 0.349 Con: 0.178 Cls: 1.305 Hist: 1.0003 Path: 0.4156 | 1.0s
  Epoch 363/800 | Total: 3.362 Edge: 0.355 Con: 0.180 Cls: 1.366 Hist: 1.0472 Path: 0.4149 | 1.0s
  Epoch 364/800 | Total: 3.378 Edge: 0.350 Con: 0.177 Cls: 1.378 Hist: 1.0555 Path: 0.4181 | 1.3s
  Epoch 365/800 | Total: 3.365 Edge: 0.355 Con: 0.182 Cls: 1.362 Hist: 1.0410 Path: 0.4255 | Val F1: 0.2917 | 1.0s
  Epoch 366/800 | Total: 3.301 Edge: 0.349 Con: 0.177 Cls: 1.330 Hist: 1.0200 Path: 0.4254 | 1.1s
  Epoch 367/800 | Total: 3.303 Edge: 0.348 Con: 0.177 Cls: 1.331 Hist: 1.0275 Path: 0.4192 | 1.0s
  Epoch 368/800 | Total: 3.268 Edge: 0.345 Con: 0.179 Cls: 1.330 Hist: 1.0080 Path: 0.4061 | 1.1s
  Epoch 369/800 | Total: 3.247 Edge: 0.345 Con: 0.179 Cls: 1.307 Hist: 1.0096 Path: 0.4063 | 1.3s
  Epoch 370/800 | Total: 3.226 Edge: 0.344 Con: 0.178 Cls: 1.298 Hist: 1.0053 Path: 0.4018 | Val F1: 0.3160 | 1.1s
  Epoch 371/800 | Total: 3.210 Edge: 0.343 Con: 0.178 Cls: 1.299 Hist: 0.9882 Path: 0.4018 | 1.2s
  Epoch 372/800 | Total: 3.238 Edge: 0.345 Con: 0.181 Cls: 1.312 Hist: 0.9958 Path: 0.4041 | 1.2s
  Epoch 373/800 | Total: 3.242 Edge: 0.349 Con: 0.178 Cls: 1.307 Hist: 1.0020 Path: 0.4067 | 1.2s
  Epoch 374/800 | Total: 3.242 Edge: 0.350 Con: 0.179 Cls: 1.304 Hist: 0.9977 Path: 0.4110 | 1.4s
  Epoch 375/800 | Total: 3.322 Edge: 0.351 Con: 0.179 Cls: 1.345 Hist: 1.0310 Path: 0.4172 | Val F1: 0.3005 | 1.2s
  Epoch 376/800 | Total: 3.251 Edge: 0.348 Con: 0.179 Cls: 1.310 Hist: 1.0012 Path: 0.4124 | 1.2s
  Epoch 377/800 | Total: 3.222 Edge: 0.345 Con: 0.178 Cls: 1.301 Hist: 0.9932 Path: 0.4042 | 1.2s
  Epoch 378/800 | Total: 3.255 Edge: 0.343 Con: 0.178 Cls: 1.311 Hist: 1.0148 Path: 0.4066 | 1.2s
  Epoch 379/800 | Total: 3.216 Edge: 0.347 Con: 0.179 Cls: 1.288 Hist: 0.9968 Path: 0.4044 | 1.2s
  Epoch 380/800 | Total: 3.243 Edge: 0.347 Con: 0.179 Cls: 1.303 Hist: 1.0117 Path: 0.4024 | Val F1: 0.3087 | 1.2s
  Epoch 381/800 | Total: 3.192 Edge: 0.343 Con: 0.179 Cls: 1.280 Hist: 0.9893 Path: 0.4011 | 1.2s
  Epoch 382/800 | Total: 3.291 Edge: 0.342 Con: 0.178 Cls: 1.334 Hist: 1.0272 Path: 0.4093 | 1.2s
  Epoch 383/800 | Total: 3.364 Edge: 0.347 Con: 0.182 Cls: 1.378 Hist: 1.0436 Path: 0.4125 | 1.2s
  Epoch 384/800 | Total: 3.256 Edge: 0.345 Con: 0.179 Cls: 1.315 Hist: 1.0078 Path: 0.4095 | 1.4s
  Epoch 385/800 | Total: 3.239 Edge: 0.344 Con: 0.177 Cls: 1.311 Hist: 0.9986 Path: 0.4076 | Val F1: 0.3128 | 1.1s
  Epoch 386/800 | Total: 3.260 Edge: 0.346 Con: 0.179 Cls: 1.322 Hist: 1.0057 Path: 0.4074 | 1.3s
  Epoch 387/800 | Total: 3.264 Edge: 0.346 Con: 0.178 Cls: 1.322 Hist: 1.0104 Path: 0.4073 | 1.1s
  Epoch 388/800 | Total: 3.225 Edge: 0.353 Con: 0.178 Cls: 1.293 Hist: 0.9953 Path: 0.4052 | 1.3s
  Epoch 389/800 | Total: 3.271 Edge: 0.348 Con: 0.179 Cls: 1.327 Hist: 1.0095 Path: 0.4068 | 1.2s
  Epoch 390/800 | Total: 3.213 Edge: 0.347 Con: 0.178 Cls: 1.288 Hist: 0.9936 Path: 0.4067 | Val F1: 0.3183 | 1.2s
  Epoch 391/800 | Total: 3.238 Edge: 0.346 Con: 0.177 Cls: 1.313 Hist: 1.0025 Path: 0.3997 | 1.0s
  Epoch 392/800 | Total: 3.225 Edge: 0.344 Con: 0.178 Cls: 1.298 Hist: 1.0023 Path: 0.4020 | 1.2s
  Epoch 393/800 | Total: 3.213 Edge: 0.345 Con: 0.179 Cls: 1.292 Hist: 0.9976 Path: 0.3991 | 1.1s
  Epoch 394/800 | Total: 3.232 Edge: 0.346 Con: 0.180 Cls: 1.303 Hist: 1.0001 Path: 0.4030 | 1.2s
  Epoch 395/800 | Total: 3.226 Edge: 0.346 Con: 0.178 Cls: 1.300 Hist: 0.9974 Path: 0.4050 | Val F1: 0.3169 | 1.2s
  Epoch 396/800 | Total: 3.217 Edge: 0.342 Con: 0.177 Cls: 1.298 Hist: 0.9998 Path: 0.3995 | 1.4s
  Epoch 397/800 | Total: 3.220 Edge: 0.342 Con: 0.178 Cls: 1.297 Hist: 1.0008 Path: 0.4022 | 1.2s
  Epoch 398/800 | Total: 3.239 Edge: 0.343 Con: 0.179 Cls: 1.312 Hist: 1.0055 Path: 0.3995 | 1.3s
  Epoch 399/800 | Total: 3.188 Edge: 0.343 Con: 0.178 Cls: 1.280 Hist: 0.9894 Path: 0.3977 | 1.3s
  Epoch 400/800 | Total: 3.213 Edge: 0.342 Con: 0.178 Cls: 1.297 Hist: 0.9934 Path: 0.4030 | Val F1: 0.3268 | 1.3s
  Epoch 401/800 | Total: 3.225 Edge: 0.344 Con: 0.177 Cls: 1.300 Hist: 0.9933 Path: 0.4108 | 1.3s
  Epoch 402/800 | Total: 3.240 Edge: 0.348 Con: 0.179 Cls: 1.296 Hist: 1.0012 Path: 0.4152 | 1.2s
  Epoch 403/800 | Total: 3.259 Edge: 0.351 Con: 0.178 Cls: 1.312 Hist: 1.0030 Path: 0.4148 | 1.4s
  Epoch 404/800 | Total: 3.285 Edge: 0.346 Con: 0.178 Cls: 1.328 Hist: 1.0200 Path: 0.4120 | 1.2s
  Epoch 405/800 | Total: 3.242 Edge: 0.345 Con: 0.178 Cls: 1.306 Hist: 1.0066 Path: 0.4068 | Val F1: 0.3113 | 1.5s
  Epoch 406/800 | Total: 3.251 Edge: 0.344 Con: 0.177 Cls: 1.317 Hist: 1.0105 Path: 0.4027 | 1.4s
  Epoch 407/800 | Total: 3.247 Edge: 0.346 Con: 0.177 Cls: 1.309 Hist: 1.0077 Path: 0.4076 | 1.5s
  Epoch 408/800 | Total: 3.232 Edge: 0.342 Con: 0.179 Cls: 1.303 Hist: 1.0097 Path: 0.3979 | 1.4s
  Epoch 409/800 | Total: 3.174 Edge: 0.341 Con: 0.179 Cls: 1.274 Hist: 0.9825 Path: 0.3972 | 1.4s
  Epoch 410/800 | Total: 3.191 Edge: 0.344 Con: 0.178 Cls: 1.282 Hist: 0.9887 Path: 0.3976 | Val F1: 0.3209 | 1.6s
  Epoch 411/800 | Total: 3.204 Edge: 0.340 Con: 0.178 Cls: 1.299 Hist: 0.9903 Path: 0.3969 | 1.9s
  Epoch 412/800 | Total: 3.267 Edge: 0.342 Con: 0.178 Cls: 1.329 Hist: 1.0171 Path: 0.4013 | 1.7s
  Epoch 413/800 | Total: 3.241 Edge: 0.344 Con: 0.178 Cls: 1.317 Hist: 1.0011 Path: 0.4008 | 1.3s
  Epoch 414/800 | Total: 3.263 Edge: 0.345 Con: 0.176 Cls: 1.331 Hist: 1.0113 Path: 0.3988 | 1.5s
  Epoch 415/800 | Total: 3.321 Edge: 0.353 Con: 0.179 Cls: 1.354 Hist: 1.0223 Path: 0.4125 | Val F1: 0.3015 | 1.2s
  Epoch 416/800 | Total: 3.293 Edge: 0.358 Con: 0.178 Cls: 1.329 Hist: 1.0149 Path: 0.4127 | 1.4s
  Epoch 417/800 | Total: 3.245 Edge: 0.346 Con: 0.179 Cls: 1.309 Hist: 0.9985 Path: 0.4124 | 1.2s
  Epoch 418/800 | Total: 3.212 Edge: 0.345 Con: 0.177 Cls: 1.291 Hist: 0.9910 Path: 0.4086 | 1.2s
  Epoch 419/800 | Total: 3.247 Edge: 0.339 Con: 0.178 Cls: 1.312 Hist: 1.0133 Path: 0.4039 | 1.2s
  Epoch 420/800 | Total: 3.289 Edge: 0.343 Con: 0.177 Cls: 1.347 Hist: 1.0197 Path: 0.4024 | Val F1: 0.2920 | 1.3s
  Epoch 421/800 | Total: 3.230 Edge: 0.342 Con: 0.177 Cls: 1.307 Hist: 1.0024 Path: 0.4007 | 1.1s
  Epoch 422/800 | Total: 3.273 Edge: 0.345 Con: 0.178 Cls: 1.327 Hist: 1.0134 Path: 0.4090 | 1.2s
  Epoch 423/800 | Total: 3.263 Edge: 0.343 Con: 0.178 Cls: 1.320 Hist: 1.0174 Path: 0.4044 | 1.1s
  Epoch 424/800 | Total: 3.227 Edge: 0.344 Con: 0.176 Cls: 1.299 Hist: 1.0001 Path: 0.4082 | 1.0s
  Epoch 425/800 | Total: 3.208 Edge: 0.342 Con: 0.177 Cls: 1.290 Hist: 1.0014 Path: 0.3984 | Val F1: 0.3146 | 1.0s
  Epoch 426/800 | Total: 3.198 Edge: 0.341 Con: 0.179 Cls: 1.290 Hist: 0.9888 Path: 0.3997 | 1.1s
  Epoch 427/800 | Total: 3.167 Edge: 0.340 Con: 0.177 Cls: 1.270 Hist: 0.9810 Path: 0.3992 | 1.2s
  Epoch 428/800 | Total: 3.202 Edge: 0.341 Con: 0.179 Cls: 1.291 Hist: 0.9887 Path: 0.4022 | 1.1s
  Epoch 429/800 | Total: 3.198 Edge: 0.342 Con: 0.176 Cls: 1.292 Hist: 0.9802 Path: 0.4071 | 1.0s
  Epoch 430/800 | Total: 3.209 Edge: 0.346 Con: 0.178 Cls: 1.288 Hist: 0.9868 Path: 0.4104 | Val F1: 0.3205 | 1.3s
  Epoch 431/800 | Total: 3.193 Edge: 0.347 Con: 0.177 Cls: 1.273 Hist: 0.9883 Path: 0.4080 | 1.2s
  Epoch 432/800 | Total: 3.196 Edge: 0.343 Con: 0.178 Cls: 1.288 Hist: 0.9859 Path: 0.4014 | 1.1s
  Epoch 433/800 | Total: 3.170 Edge: 0.341 Con: 0.178 Cls: 1.271 Hist: 0.9799 Path: 0.4010 | 1.0s
  Epoch 434/800 | Total: 3.167 Edge: 0.343 Con: 0.178 Cls: 1.263 Hist: 0.9733 Path: 0.4087 | 1.2s
  Epoch 435/800 | Total: 3.191 Edge: 0.341 Con: 0.177 Cls: 1.282 Hist: 0.9855 Path: 0.4053 | Val F1: 0.3220 | 1.0s
  Epoch 436/800 | Total: 3.186 Edge: 0.341 Con: 0.177 Cls: 1.280 Hist: 0.9837 Path: 0.4045 | 1.2s
  Epoch 437/800 | Total: 3.235 Edge: 0.343 Con: 0.179 Cls: 1.306 Hist: 0.9992 Path: 0.4077 | 1.2s
  Epoch 438/800 | Total: 3.176 Edge: 0.343 Con: 0.176 Cls: 1.268 Hist: 0.9858 Path: 0.4042 | 1.0s
  Epoch 439/800 | Total: 3.190 Edge: 0.342 Con: 0.178 Cls: 1.286 Hist: 0.9823 Path: 0.4025 | 1.2s
  Epoch 440/800 | Total: 3.257 Edge: 0.345 Con: 0.178 Cls: 1.318 Hist: 1.0110 Path: 0.4051 | Val F1: 0.3046 | 1.0s
  Epoch 441/800 | Total: 3.239 Edge: 0.348 Con: 0.179 Cls: 1.303 Hist: 1.0000 Path: 0.4080 | 1.1s
  Epoch 442/800 | Total: 3.234 Edge: 0.348 Con: 0.178 Cls: 1.303 Hist: 0.9948 Path: 0.4106 | 1.1s
  Epoch 443/800 | Total: 3.244 Edge: 0.344 Con: 0.178 Cls: 1.311 Hist: 1.0044 Path: 0.4063 | 1.0s
  Epoch 444/800 | Total: 3.198 Edge: 0.343 Con: 0.177 Cls: 1.287 Hist: 0.9841 Path: 0.4059 | 1.2s
  Epoch 445/800 | Total: 3.255 Edge: 0.350 Con: 0.179 Cls: 1.305 Hist: 1.0090 Path: 0.4125 | Val F1: 0.3067 | 1.2s
  Epoch 446/800 | Total: 3.251 Edge: 0.354 Con: 0.178 Cls: 1.298 Hist: 1.0023 Path: 0.4178 | 1.1s
  Epoch 447/800 | Total: 3.287 Edge: 0.350 Con: 0.179 Cls: 1.325 Hist: 1.0110 Path: 0.4222 | 1.3s
  Epoch 448/800 | Total: 3.255 Edge: 0.348 Con: 0.179 Cls: 1.316 Hist: 1.0039 Path: 0.4074 | 1.0s
  Epoch 449/800 | Total: 3.198 Edge: 0.347 Con: 0.178 Cls: 1.290 Hist: 0.9822 Path: 0.4005 | 1.4s
  Epoch 450/800 | Total: 3.196 Edge: 0.343 Con: 0.178 Cls: 1.284 Hist: 0.9914 Path: 0.3995 | Val F1: 0.3055 | 1.0s
  Epoch 451/800 | Total: 3.214 Edge: 0.342 Con: 0.177 Cls: 1.293 Hist: 1.0008 Path: 0.4008 | 1.2s
  Epoch 452/800 | Total: 3.187 Edge: 0.341 Con: 0.176 Cls: 1.277 Hist: 0.9878 Path: 0.4047 | 1.3s
  Epoch 453/800 | Total: 3.173 Edge: 0.340 Con: 0.178 Cls: 1.274 Hist: 0.9809 Path: 0.4005 | 1.1s
  Epoch 454/800 | Total: 3.229 Edge: 0.341 Con: 0.177 Cls: 1.307 Hist: 1.0010 Path: 0.4032 | 1.2s
  Epoch 455/800 | Total: 3.197 Edge: 0.339 Con: 0.177 Cls: 1.288 Hist: 0.9906 Path: 0.4015 | Val F1: 0.3329 | 1.2s
  Epoch 456/800 | Total: 3.194 Edge: 0.343 Con: 0.178 Cls: 1.284 Hist: 0.9862 Path: 0.4038 | 1.2s
  Epoch 457/800 | Total: 3.186 Edge: 0.347 Con: 0.177 Cls: 1.275 Hist: 0.9809 Path: 0.4068 | 1.4s
  Epoch 458/800 | Total: 3.193 Edge: 0.346 Con: 0.179 Cls: 1.278 Hist: 0.9843 Path: 0.4070 | 1.2s
  Epoch 459/800 | Total: 3.162 Edge: 0.342 Con: 0.177 Cls: 1.269 Hist: 0.9749 Path: 0.3998 | 1.2s
  Epoch 460/800 | Total: 3.172 Edge: 0.341 Con: 0.178 Cls: 1.272 Hist: 0.9798 Path: 0.4015 | Val F1: 0.3188 | 1.1s
  Epoch 461/800 | Total: 3.164 Edge: 0.342 Con: 0.177 Cls: 1.267 Hist: 0.9760 Path: 0.4017 | 1.3s
  Epoch 462/800 | Total: 3.159 Edge: 0.341 Con: 0.177 Cls: 1.267 Hist: 0.9757 Path: 0.3989 | 1.2s
  Epoch 463/800 | Total: 3.179 Edge: 0.342 Con: 0.178 Cls: 1.272 Hist: 0.9897 Path: 0.3980 | 1.2s
  Epoch 464/800 | Total: 3.200 Edge: 0.340 Con: 0.178 Cls: 1.288 Hist: 0.9914 Path: 0.4028 | 1.3s
  Epoch 465/800 | Total: 3.207 Edge: 0.345 Con: 0.177 Cls: 1.289 Hist: 0.9890 Path: 0.4082 | Val F1: 0.3045 | 1.2s
  Epoch 466/800 | Total: 3.171 Edge: 0.348 Con: 0.177 Cls: 1.259 Hist: 0.9750 Path: 0.4128 | 1.2s
  Epoch 467/800 | Total: 3.191 Edge: 0.347 Con: 0.177 Cls: 1.276 Hist: 0.9913 Path: 0.3998 | 1.2s
  Epoch 468/800 | Total: 3.222 Edge: 0.344 Con: 0.177 Cls: 1.304 Hist: 0.9967 Path: 0.3995 | 1.2s
  Epoch 469/800 | Total: 3.316 Edge: 0.347 Con: 0.179 Cls: 1.346 Hist: 1.0298 Path: 0.4145 | 1.2s
  Epoch 470/800 | Total: 3.328 Edge: 0.346 Con: 0.179 Cls: 1.356 Hist: 1.0391 Path: 0.4074 | Val F1: 0.2598 | 1.1s
  Epoch 471/800 | Total: 3.337 Edge: 0.357 Con: 0.179 Cls: 1.350 Hist: 1.0269 Path: 0.4237 | 1.0s
  Epoch 472/800 | Total: 3.282 Edge: 0.354 Con: 0.177 Cls: 1.319 Hist: 1.0143 Path: 0.4179 | 1.2s
  Epoch 473/800 | Total: 3.198 Edge: 0.345 Con: 0.176 Cls: 1.281 Hist: 0.9868 Path: 0.4098 | 1.2s
  Epoch 474/800 | Total: 3.132 Edge: 0.340 Con: 0.176 Cls: 1.252 Hist: 0.9659 Path: 0.3984 | 1.2s
  Epoch 475/800 | Total: 3.142 Edge: 0.341 Con: 0.177 Cls: 1.250 Hist: 0.9703 Path: 0.4032 | Val F1: 0.3184 | 1.4s
  Epoch 476/800 | Total: 3.152 Edge: 0.339 Con: 0.177 Cls: 1.263 Hist: 0.9745 Path: 0.3977 | 1.2s
  Epoch 477/800 | Total: 3.134 Edge: 0.343 Con: 0.178 Cls: 1.245 Hist: 0.9676 Path: 0.4010 | 1.3s
  Epoch 478/800 | Total: 3.194 Edge: 0.340 Con: 0.179 Cls: 1.287 Hist: 0.9884 Path: 0.3991 | 1.2s
  Epoch 479/800 | Total: 3.273 Edge: 0.345 Con: 0.179 Cls: 1.321 Hist: 1.0243 Path: 0.4034 | 1.4s
  Epoch 480/800 | Total: 3.237 Edge: 0.343 Con: 0.176 Cls: 1.305 Hist: 1.0093 Path: 0.4046 | Val F1: 0.3178 | 1.4s
  Epoch 481/800 | Total: 3.209 Edge: 0.344 Con: 0.177 Cls: 1.295 Hist: 0.9894 Path: 0.4042 | 1.3s
  Epoch 482/800 | Total: 3.239 Edge: 0.343 Con: 0.177 Cls: 1.312 Hist: 1.0017 Path: 0.4053 | 1.3s
  Epoch 483/800 | Total: 3.180 Edge: 0.344 Con: 0.176 Cls: 1.274 Hist: 0.9838 Path: 0.4023 | 1.6s
  Epoch 484/800 | Total: 3.207 Edge: 0.341 Con: 0.179 Cls: 1.297 Hist: 0.9913 Path: 0.3984 | 1.3s
  Epoch 485/800 | Total: 3.190 Edge: 0.340 Con: 0.177 Cls: 1.290 Hist: 0.9861 Path: 0.3967 | Val F1: 0.3146 | 1.4s
  Epoch 486/800 | Total: 3.178 Edge: 0.339 Con: 0.177 Cls: 1.279 Hist: 0.9845 Path: 0.3982 | 1.3s
  Epoch 487/800 | Total: 3.178 Edge: 0.337 Con: 0.176 Cls: 1.279 Hist: 0.9877 Path: 0.3983 | 1.4s
  Epoch 488/800 | Total: 3.169 Edge: 0.338 Con: 0.177 Cls: 1.282 Hist: 0.9750 Path: 0.3962 | 1.4s
  Epoch 489/800 | Total: 3.194 Edge: 0.339 Con: 0.177 Cls: 1.282 Hist: 0.9967 Path: 0.3998 | 2.0s
  Epoch 490/800 | Total: 3.187 Edge: 0.342 Con: 0.177 Cls: 1.276 Hist: 0.9864 Path: 0.4054 | Val F1: 0.3137 | 2.0s
  Epoch 491/800 | Total: 3.441 Edge: 0.344 Con: 0.177 Cls: 1.440 Hist: 1.0712 Path: 0.4081 | 1.4s
  Epoch 492/800 | Total: 3.708 Edge: 0.384 Con: 0.185 Cls: 1.494 Hist: 1.1503 Path: 0.4946 | 1.2s
  Epoch 493/800 | Total: 3.523 Edge: 0.361 Con: 0.179 Cls: 1.444 Hist: 1.0966 Path: 0.4421 | 1.4s
  Epoch 494/800 | Total: 3.297 Edge: 0.362 Con: 0.178 Cls: 1.323 Hist: 1.0074 Path: 0.4263 | 1.2s
  Epoch 495/800 | Total: 3.224 Edge: 0.349 Con: 0.178 Cls: 1.290 Hist: 0.9817 Path: 0.4250 | Val F1: 0.3051 | 1.4s
  Epoch 496/800 | Total: 3.162 Edge: 0.346 Con: 0.179 Cls: 1.259 Hist: 0.9676 Path: 0.4113 | 1.3s
  Epoch 497/800 | Total: 3.169 Edge: 0.342 Con: 0.178 Cls: 1.271 Hist: 0.9713 Path: 0.4070 | 1.2s
  Epoch 498/800 | Total: 3.136 Edge: 0.342 Con: 0.177 Cls: 1.253 Hist: 0.9624 Path: 0.4015 | 1.4s
  Epoch 499/800 | Total: 3.206 Edge: 0.346 Con: 0.178 Cls: 1.294 Hist: 0.9834 Path: 0.4047 | 1.1s
  Epoch 500/800 | Total: 3.182 Edge: 0.342 Con: 0.177 Cls: 1.278 Hist: 0.9812 Path: 0.4030 | Val F1: 0.3180 | 1.3s
  Epoch 501/800 | Total: 3.206 Edge: 0.343 Con: 0.177 Cls: 1.285 Hist: 0.9962 Path: 0.4055 | 1.1s
  Epoch 502/800 | Total: 3.178 Edge: 0.338 Con: 0.177 Cls: 1.276 Hist: 0.9911 Path: 0.3963 | 1.1s
  Epoch 503/800 | Total: 3.210 Edge: 0.337 Con: 0.177 Cls: 1.300 Hist: 0.9967 Path: 0.3987 | 1.2s
  Epoch 504/800 | Total: 3.283 Edge: 0.342 Con: 0.180 Cls: 1.337 Hist: 1.0241 Path: 0.4003 | 1.0s
  Epoch 505/800 | Total: 3.219 Edge: 0.342 Con: 0.179 Cls: 1.299 Hist: 0.9906 Path: 0.4082 | Val F1: 0.3003 | 1.1s
  Epoch 506/800 | Total: 3.197 Edge: 0.342 Con: 0.178 Cls: 1.286 Hist: 0.9818 Path: 0.4086 | 1.2s
  Epoch 507/800 | Total: 3.169 Edge: 0.346 Con: 0.180 Cls: 1.266 Hist: 0.9700 Path: 0.4071 | 1.1s
  Epoch 508/800 | Total: 3.188 Edge: 0.344 Con: 0.178 Cls: 1.279 Hist: 0.9787 Path: 0.4074 | 1.2s
  Epoch 509/800 | Total: 3.143 Edge: 0.343 Con: 0.177 Cls: 1.251 Hist: 0.9678 Path: 0.4039 | 1.1s
  Epoch 510/800 | Total: 3.263 Edge: 0.341 Con: 0.179 Cls: 1.322 Hist: 1.0194 Path: 0.4014 | Val F1: 0.2937 | 1.1s
  Epoch 511/800 | Total: 3.182 Edge: 0.344 Con: 0.177 Cls: 1.277 Hist: 0.9803 Path: 0.4033 | 1.1s
  Epoch 512/800 | Total: 3.131 Edge: 0.339 Con: 0.177 Cls: 1.250 Hist: 0.9624 Path: 0.4017 | 1.1s
  Epoch 513/800 | Total: 3.163 Edge: 0.337 Con: 0.177 Cls: 1.273 Hist: 0.9814 Path: 0.3957 | 1.2s
  Epoch 514/800 | Total: 3.131 Edge: 0.338 Con: 0.177 Cls: 1.254 Hist: 0.9651 Path: 0.3968 | 1.1s
  Epoch 515/800 | Total: 3.106 Edge: 0.338 Con: 0.178 Cls: 1.241 Hist: 0.9538 Path: 0.3946 | Val F1: 0.3158 | 1.0s
  Epoch 516/800 | Total: 3.112 Edge: 0.340 Con: 0.177 Cls: 1.241 Hist: 0.9626 Path: 0.3915 | 1.0s
  Epoch 517/800 | Total: 3.129 Edge: 0.339 Con: 0.177 Cls: 1.254 Hist: 0.9676 Path: 0.3912 | 1.2s
  Epoch 518/800 | Total: 3.118 Edge: 0.342 Con: 0.178 Cls: 1.243 Hist: 0.9589 Path: 0.3959 | 1.2s
  Epoch 519/800 | Total: 3.137 Edge: 0.345 Con: 0.178 Cls: 1.251 Hist: 0.9676 Path: 0.3960 | 1.1s
  Epoch 520/800 | Total: 3.152 Edge: 0.345 Con: 0.177 Cls: 1.259 Hist: 0.9764 Path: 0.3947 | Val F1: 0.3080 | 1.0s
  Epoch 521/800 | Total: 3.165 Edge: 0.338 Con: 0.177 Cls: 1.278 Hist: 0.9798 Path: 0.3914 | 1.3s
  Epoch 522/800 | Total: 3.163 Edge: 0.339 Con: 0.178 Cls: 1.278 Hist: 0.9726 Path: 0.3953 | 1.1s
  Epoch 523/800 | Total: 3.146 Edge: 0.337 Con: 0.177 Cls: 1.265 Hist: 0.9707 Path: 0.3958 | 1.2s
  Epoch 524/800 | Total: 3.121 Edge: 0.337 Con: 0.176 Cls: 1.242 Hist: 0.9684 Path: 0.3971 | 1.1s
  Epoch 525/800 | Total: 3.111 Edge: 0.338 Con: 0.178 Cls: 1.242 Hist: 0.9602 Path: 0.3943 | Val F1: 0.3162 | 1.2s
  Epoch 526/800 | Total: 3.147 Edge: 0.338 Con: 0.177 Cls: 1.261 Hist: 0.9729 Path: 0.3987 | 1.1s
  Epoch 527/800 | Total: 3.204 Edge: 0.339 Con: 0.177 Cls: 1.289 Hist: 0.9998 Path: 0.3997 | 1.1s
  Epoch 528/800 | Total: 3.139 Edge: 0.342 Con: 0.176 Cls: 1.260 Hist: 0.9595 Path: 0.4010 | 1.3s
  Epoch 529/800 | Total: 3.136 Edge: 0.341 Con: 0.177 Cls: 1.254 Hist: 0.9711 Path: 0.3929 | 1.0s
  Epoch 530/800 | Total: 3.175 Edge: 0.343 Con: 0.177 Cls: 1.275 Hist: 0.9826 Path: 0.3973 | Val F1: 0.3168 | 1.2s
  Epoch 531/800 | Total: 3.132 Edge: 0.349 Con: 0.179 Cls: 1.238 Hist: 0.9599 Path: 0.4056 | 1.4s
  Epoch 532/800 | Total: 3.211 Edge: 0.343 Con: 0.175 Cls: 1.299 Hist: 0.9897 Path: 0.4049 | 1.3s
  Epoch 533/800 | Total: 3.177 Edge: 0.346 Con: 0.177 Cls: 1.275 Hist: 0.9717 Path: 0.4069 | 1.1s
  Epoch 534/800 | Total: 3.138 Edge: 0.340 Con: 0.176 Cls: 1.253 Hist: 0.9647 Path: 0.4039 | 1.1s
  Epoch 535/800 | Total: 3.156 Edge: 0.340 Con: 0.178 Cls: 1.267 Hist: 0.9715 Path: 0.4003 | Val F1: 0.3177 | 1.1s
  Epoch 536/800 | Total: 3.185 Edge: 0.340 Con: 0.176 Cls: 1.283 Hist: 0.9848 Path: 0.4002 | 1.2s
  Epoch 537/800 | Total: 3.138 Edge: 0.339 Con: 0.176 Cls: 1.256 Hist: 0.9674 Path: 0.4001 | 1.1s
  Epoch 538/800 | Total: 3.145 Edge: 0.337 Con: 0.178 Cls: 1.263 Hist: 0.9745 Path: 0.3934 | 1.1s
  Epoch 539/800 | Total: 3.166 Edge: 0.340 Con: 0.178 Cls: 1.266 Hist: 0.9802 Path: 0.4017 | 1.2s
  Epoch 540/800 | Total: 3.149 Edge: 0.339 Con: 0.177 Cls: 1.266 Hist: 0.9730 Path: 0.3943 | Val F1: 0.3111 | 1.1s
  Epoch 541/800 | Total: 3.079 Edge: 0.337 Con: 0.177 Cls: 1.228 Hist: 0.9447 Path: 0.3920 | 1.0s
  Epoch 542/800 | Total: 3.098 Edge: 0.342 Con: 0.177 Cls: 1.237 Hist: 0.9444 Path: 0.3976 | 1.1s
  Epoch 543/800 | Total: 3.128 Edge: 0.340 Con: 0.177 Cls: 1.243 Hist: 0.9695 Path: 0.3985 | 1.4s
  Epoch 544/800 | Total: 3.176 Edge: 0.338 Con: 0.177 Cls: 1.277 Hist: 0.9815 Path: 0.4017 | 1.1s
  Epoch 545/800 | Total: 3.199 Edge: 0.345 Con: 0.177 Cls: 1.286 Hist: 0.9908 Path: 0.4008 | Val F1: 0.3146 | 1.2s
  Epoch 546/800 | Total: 3.166 Edge: 0.343 Con: 0.176 Cls: 1.269 Hist: 0.9786 Path: 0.3993 | 1.2s
  Epoch 547/800 | Total: 3.197 Edge: 0.343 Con: 0.178 Cls: 1.288 Hist: 0.9884 Path: 0.4002 | 1.1s
  Epoch 548/800 | Total: 3.212 Edge: 0.343 Con: 0.178 Cls: 1.284 Hist: 1.0041 Path: 0.4029 | 1.2s
  Epoch 549/800 | Total: 3.204 Edge: 0.347 Con: 0.180 Cls: 1.288 Hist: 0.9836 Path: 0.4049 | 1.1s
  Epoch 550/800 | Total: 3.255 Edge: 0.342 Con: 0.179 Cls: 1.324 Hist: 1.0070 Path: 0.4032 | Val F1: 0.3217 | 1.3s
  Epoch 551/800 | Total: 3.212 Edge: 0.338 Con: 0.177 Cls: 1.299 Hist: 0.9935 Path: 0.4041 | 1.1s
  Epoch 552/800 | Total: 3.127 Edge: 0.338 Con: 0.177 Cls: 1.250 Hist: 0.9596 Path: 0.4019 | 1.0s
  Epoch 553/800 | Total: 3.157 Edge: 0.339 Con: 0.177 Cls: 1.266 Hist: 0.9802 Path: 0.3952 | 1.1s
  Epoch 554/800 | Total: 3.125 Edge: 0.339 Con: 0.178 Cls: 1.255 Hist: 0.9572 Path: 0.3957 | 1.0s
  Epoch 555/800 | Total: 3.118 Edge: 0.338 Con: 0.177 Cls: 1.251 Hist: 0.9591 Path: 0.3917 | Val F1: 0.3116 | 1.2s
  Early stopping at epoch 555
  Best Val F1: 0.3329 | Test F1: 0.3321
  Total training time: 801.7s (13.4 min)

======================================================================
  Val  Macro-F1: 0.3329
  Test Macro-F1: 0.3321
  Test Accuracy: 0.5811
  Time: 803.9s
======================================================================

  Results saved to: results/NESS_ogbn-arxiv_MCAR_0.95_20260723_163812
