/home/erfan/MATE/venv/lib/python3.13/site-packages/outdated/__init__.py:36: UserWarning: pkg_resources is deprecated as an API. See https://setuptools.pypa.io/en/latest/pkg_resources.html. The pkg_resources package is slated for removal as early as 2025-11-30. Refrain from using this package or pin to Setuptools<81.
  from pkg_resources import parse_version
/home/erfan/MATE/ogbn_benchmarks/data_loader.py:96: UserWarning: Sparse invariant checks are implicitly disabled. Memory errors (e.g. SEGFAULT) will occur when operating on a sparse tensor which violates the invariants, but checks incur performance overhead. To silence this warning, explicitly opt in or out. See `torch.sparse.check_sparse_tensor_invariants.__doc__` for guidance.  (Triggered internally at /pytorch/aten/src/ATen/Context.cpp:760.)
  adj = torch.sparse_coo_tensor(edge_index, vals, (num_nodes, num_nodes)).coalesce()
======================================================================
  NESS | ogbn-arxiv | MCAR @ 90% | lr=0.001
======================================================================
[1/3] Loading ogbn-arxiv...
  169,343 nodes | 128 dims | 40 classes
[2/3] Simulating MCAR missingness...
Simulating MCAR missingness at 90% rate...
  MCAR: Uniform random selection
  Observable: 16,935 (10.0%)
  Masked: 152,408 (90.0%)
  Observable: 16,935 | Val: 76,204 | Test: 76,204
[3/3] Running NESS...
  Prefilling missing nodes via Feature Propagation (40 iters)...
  Computing neighbor label-histogram target (2-hop, observable labels)...
  Partitioning graph into 20 clusters (cache_device=cpu)...
  Cached 20 clusters
  Training NESS for up to 800 epochs (patience=20)...
  Epoch 1/800 | Total: 8.347 Edge: 0.670 Con: 0.602 Cls: 3.515 Hist: 2.8707 Path: 0.6893 | 11.2s
  Epoch 2/800 | Total: 7.266 Edge: 0.610 Con: 0.422 Cls: 3.102 Hist: 2.4548 Path: 0.6760 | 1.2s
  Epoch 3/800 | Total: 6.940 Edge: 0.594 Con: 0.368 Cls: 3.001 Hist: 2.3075 Path: 0.6703 | 1.1s
  Epoch 4/800 | Total: 6.708 Edge: 0.573 Con: 0.332 Cls: 2.921 Hist: 2.2186 Path: 0.6641 | 1.2s
  Epoch 5/800 | Total: 6.440 Edge: 0.570 Con: 0.312 Cls: 2.812 Hist: 2.0849 Path: 0.6612 | Val F1: 0.0261 | 1.1s
  Epoch 6/800 | Total: 6.185 Edge: 0.567 Con: 0.290 Cls: 2.688 Hist: 1.9784 Path: 0.6620 | 1.2s
  Epoch 7/800 | Total: 5.930 Edge: 0.580 Con: 0.274 Cls: 2.550 Hist: 1.8674 Path: 0.6586 | 1.2s
  Epoch 8/800 | Total: 5.714 Edge: 0.556 Con: 0.259 Cls: 2.459 Hist: 1.7852 Path: 0.6545 | 1.2s
  Epoch 9/800 | Total: 5.495 Edge: 0.529 Con: 0.247 Cls: 2.354 Hist: 1.7168 Path: 0.6484 | 1.4s
  Epoch 10/800 | Total: 5.371 Edge: 0.511 Con: 0.240 Cls: 2.321 Hist: 1.6800 Path: 0.6197 | Val F1: 0.0871 | 1.1s
  Epoch 11/800 | Total: 5.185 Edge: 0.510 Con: 0.236 Cls: 2.212 Hist: 1.6083 Path: 0.6187 | 1.2s
  Epoch 12/800 | Total: 5.087 Edge: 0.499 Con: 0.230 Cls: 2.180 Hist: 1.5651 Path: 0.6131 | 1.3s
  Epoch 13/800 | Total: 5.003 Edge: 0.489 Con: 0.227 Cls: 2.140 Hist: 1.5468 Path: 0.6001 | 1.1s
  Epoch 14/800 | Total: 4.954 Edge: 0.499 Con: 0.222 Cls: 2.110 Hist: 1.5125 Path: 0.6113 | 1.3s
  Epoch 15/800 | Total: 4.882 Edge: 0.489 Con: 0.222 Cls: 2.073 Hist: 1.4975 Path: 0.6007 | Val F1: 0.1385 | 1.2s
  Epoch 16/800 | Total: 4.838 Edge: 0.477 Con: 0.222 Cls: 2.058 Hist: 1.4734 Path: 0.6079 | 1.8s
  Epoch 17/800 | Total: 4.858 Edge: 0.482 Con: 0.220 Cls: 2.051 Hist: 1.5078 Path: 0.5978 | 1.9s
  Epoch 18/800 | Total: 4.773 Edge: 0.487 Con: 0.217 Cls: 2.033 Hist: 1.4505 Path: 0.5849 | 1.8s
  Epoch 19/800 | Total: 4.669 Edge: 0.473 Con: 0.216 Cls: 1.988 Hist: 1.4059 Path: 0.5868 | 1.6s
  Epoch 20/800 | Total: 4.607 Edge: 0.466 Con: 0.213 Cls: 1.947 Hist: 1.4067 Path: 0.5749 | Val F1: 0.1324 | 1.6s
  Epoch 21/800 | Total: 4.587 Edge: 0.456 Con: 0.213 Cls: 1.957 Hist: 1.3928 Path: 0.5674 | 1.3s
  Epoch 22/800 | Total: 4.513 Edge: 0.468 Con: 0.211 Cls: 1.903 Hist: 1.3652 Path: 0.5656 | 1.2s
  Epoch 23/800 | Total: 4.500 Edge: 0.455 Con: 0.210 Cls: 1.916 Hist: 1.3609 Path: 0.5584 | 1.0s
  Epoch 24/800 | Total: 4.361 Edge: 0.456 Con: 0.211 Cls: 1.841 Hist: 1.3011 Path: 0.5529 | 1.2s
  Epoch 25/800 | Total: 4.388 Edge: 0.448 Con: 0.209 Cls: 1.851 Hist: 1.3225 Path: 0.5580 | Val F1: 0.1674 | 1.2s
  Epoch 26/800 | Total: 4.398 Edge: 0.444 Con: 0.206 Cls: 1.874 Hist: 1.3113 Path: 0.5626 | 1.2s
  Epoch 27/800 | Total: 4.345 Edge: 0.443 Con: 0.204 Cls: 1.839 Hist: 1.3061 Path: 0.5526 | 1.2s
  Epoch 28/800 | Total: 4.308 Edge: 0.438 Con: 0.205 Cls: 1.833 Hist: 1.2913 Path: 0.5410 | 1.2s
  Epoch 29/800 | Total: 4.256 Edge: 0.436 Con: 0.202 Cls: 1.807 Hist: 1.2758 Path: 0.5352 | 1.0s
  Epoch 30/800 | Total: 4.242 Edge: 0.439 Con: 0.204 Cls: 1.786 Hist: 1.2734 Path: 0.5402 | Val F1: 0.1964 | 1.2s
  Epoch 31/800 | Total: 4.173 Edge: 0.428 Con: 0.203 Cls: 1.765 Hist: 1.2492 Path: 0.5270 | 1.1s
  Epoch 32/800 | Total: 4.159 Edge: 0.436 Con: 0.203 Cls: 1.742 Hist: 1.2392 Path: 0.5382 | 1.2s
  Epoch 33/800 | Total: 4.148 Edge: 0.437 Con: 0.203 Cls: 1.734 Hist: 1.2326 Path: 0.5417 | 1.4s
  Epoch 34/800 | Total: 4.070 Edge: 0.428 Con: 0.203 Cls: 1.701 Hist: 1.2118 Path: 0.5263 | 1.2s
  Epoch 35/800 | Total: 4.118 Edge: 0.426 Con: 0.199 Cls: 1.734 Hist: 1.2403 Path: 0.5189 | Val F1: 0.2093 | 1.4s
  Epoch 36/800 | Total: 4.087 Edge: 0.428 Con: 0.202 Cls: 1.710 Hist: 1.2230 Path: 0.5240 | 1.4s
  Epoch 37/800 | Total: 4.048 Edge: 0.432 Con: 0.200 Cls: 1.690 Hist: 1.2015 Path: 0.5244 | 1.2s
  Epoch 38/800 | Total: 4.000 Edge: 0.428 Con: 0.199 Cls: 1.667 Hist: 1.1824 Path: 0.5245 | 1.4s
  Epoch 39/800 | Total: 3.997 Edge: 0.426 Con: 0.198 Cls: 1.668 Hist: 1.1910 Path: 0.5141 | 1.5s
  Epoch 40/800 | Total: 4.182 Edge: 0.427 Con: 0.201 Cls: 1.782 Hist: 1.2529 Path: 0.5186 | Val F1: 0.2182 | 1.2s
  Epoch 41/800 | Total: 4.031 Edge: 0.443 Con: 0.198 Cls: 1.682 Hist: 1.1963 Path: 0.5127 | 1.3s
  Epoch 42/800 | Total: 4.014 Edge: 0.447 Con: 0.197 Cls: 1.664 Hist: 1.1784 Path: 0.5269 | 1.6s
  Epoch 43/800 | Total: 3.928 Edge: 0.418 Con: 0.199 Cls: 1.637 Hist: 1.1679 Path: 0.5063 | 1.2s
  Epoch 44/800 | Total: 3.953 Edge: 0.415 Con: 0.195 Cls: 1.662 Hist: 1.1780 Path: 0.5022 | 1.5s
  Epoch 45/800 | Total: 3.871 Edge: 0.415 Con: 0.197 Cls: 1.611 Hist: 1.1479 Path: 0.5003 | Val F1: 0.2289 | 1.5s
  Epoch 46/800 | Total: 3.895 Edge: 0.409 Con: 0.198 Cls: 1.632 Hist: 1.1578 Path: 0.4990 | 1.7s
  Epoch 47/800 | Total: 3.894 Edge: 0.410 Con: 0.199 Cls: 1.631 Hist: 1.1591 Path: 0.4956 | 2.0s
  Epoch 48/800 | Total: 3.860 Edge: 0.410 Con: 0.197 Cls: 1.611 Hist: 1.1469 Path: 0.4956 | 1.9s
  Epoch 49/800 | Total: 3.896 Edge: 0.410 Con: 0.194 Cls: 1.634 Hist: 1.1644 Path: 0.4938 | 1.3s
  Epoch 50/800 | Total: 3.835 Edge: 0.410 Con: 0.195 Cls: 1.604 Hist: 1.1321 Path: 0.4940 | Val F1: 0.2405 | 1.4s
  Epoch 51/800 | Total: 3.824 Edge: 0.401 Con: 0.196 Cls: 1.602 Hist: 1.1369 Path: 0.4871 | 1.4s
  Epoch 52/800 | Total: 3.802 Edge: 0.401 Con: 0.196 Cls: 1.588 Hist: 1.1317 Path: 0.4846 | 1.4s
  Epoch 53/800 | Total: 3.822 Edge: 0.406 Con: 0.196 Cls: 1.600 Hist: 1.1364 Path: 0.4841 | 1.3s
  Epoch 54/800 | Total: 3.823 Edge: 0.403 Con: 0.193 Cls: 1.597 Hist: 1.1413 Path: 0.4886 | 1.2s
  Epoch 55/800 | Total: 3.776 Edge: 0.400 Con: 0.195 Cls: 1.576 Hist: 1.1136 Path: 0.4924 | Val F1: 0.2346 | 1.5s
  Epoch 56/800 | Total: 3.784 Edge: 0.402 Con: 0.191 Cls: 1.577 Hist: 1.1285 Path: 0.4848 | 1.0s
  Epoch 57/800 | Total: 3.737 Edge: 0.400 Con: 0.195 Cls: 1.554 Hist: 1.1022 Path: 0.4857 | 1.3s
  Epoch 58/800 | Total: 3.775 Edge: 0.398 Con: 0.191 Cls: 1.582 Hist: 1.1211 Path: 0.4819 | 1.0s
  Epoch 59/800 | Total: 3.785 Edge: 0.400 Con: 0.191 Cls: 1.578 Hist: 1.1205 Path: 0.4965 | 1.1s
  Epoch 60/800 | Total: 3.735 Edge: 0.401 Con: 0.192 Cls: 1.543 Hist: 1.1019 Path: 0.4973 | Val F1: 0.2487 | 1.1s
  Epoch 61/800 | Total: 3.757 Edge: 0.399 Con: 0.190 Cls: 1.569 Hist: 1.1140 Path: 0.4854 | 1.2s
  Epoch 62/800 | Total: 3.728 Edge: 0.398 Con: 0.192 Cls: 1.555 Hist: 1.1063 Path: 0.4764 | 1.1s
  Epoch 63/800 | Total: 3.699 Edge: 0.395 Con: 0.190 Cls: 1.543 Hist: 1.0973 Path: 0.4729 | 1.0s
  Epoch 64/800 | Total: 3.718 Edge: 0.392 Con: 0.191 Cls: 1.560 Hist: 1.1051 Path: 0.4701 | 1.1s
  Epoch 65/800 | Total: 3.704 Edge: 0.396 Con: 0.188 Cls: 1.545 Hist: 1.1005 Path: 0.4746 | Val F1: 0.2631 | 1.3s
  Epoch 66/800 | Total: 3.733 Edge: 0.404 Con: 0.190 Cls: 1.548 Hist: 1.1084 Path: 0.4820 | 1.1s
  Epoch 67/800 | Total: 3.768 Edge: 0.402 Con: 0.190 Cls: 1.573 Hist: 1.1164 Path: 0.4864 | 1.2s
  Epoch 68/800 | Total: 3.701 Edge: 0.400 Con: 0.190 Cls: 1.540 Hist: 1.0930 Path: 0.4783 | 1.0s
  Epoch 69/800 | Total: 3.687 Edge: 0.401 Con: 0.189 Cls: 1.527 Hist: 1.0932 Path: 0.4763 | 1.1s
  Epoch 70/800 | Total: 3.674 Edge: 0.405 Con: 0.188 Cls: 1.519 Hist: 1.0846 Path: 0.4763 | Val F1: 0.2596 | 1.2s
  Epoch 71/800 | Total: 3.677 Edge: 0.391 Con: 0.188 Cls: 1.537 Hist: 1.0942 Path: 0.4671 | 1.2s
  Epoch 72/800 | Total: 3.697 Edge: 0.388 Con: 0.190 Cls: 1.548 Hist: 1.1035 Path: 0.4671 | 1.0s
  Epoch 73/800 | Total: 3.635 Edge: 0.387 Con: 0.188 Cls: 1.510 Hist: 1.0777 Path: 0.4720 | 1.2s
  Epoch 74/800 | Total: 3.684 Edge: 0.390 Con: 0.188 Cls: 1.537 Hist: 1.0932 Path: 0.4760 | 1.1s
  Epoch 75/800 | Total: 3.669 Edge: 0.388 Con: 0.186 Cls: 1.541 Hist: 1.0882 Path: 0.4650 | Val F1: 0.2673 | 1.1s
  Epoch 76/800 | Total: 3.627 Edge: 0.383 Con: 0.189 Cls: 1.519 Hist: 1.0807 Path: 0.4560 | 1.1s
  Epoch 77/800 | Total: 3.635 Edge: 0.385 Con: 0.189 Cls: 1.525 Hist: 1.0755 Path: 0.4608 | 1.2s
  Epoch 78/800 | Total: 3.740 Edge: 0.387 Con: 0.188 Cls: 1.579 Hist: 1.1256 Path: 0.4604 | 1.1s
  Epoch 79/800 | Total: 3.639 Edge: 0.381 Con: 0.187 Cls: 1.527 Hist: 1.0917 Path: 0.4532 | 1.0s
  Epoch 80/800 | Total: 3.559 Edge: 0.379 Con: 0.185 Cls: 1.485 Hist: 1.0569 Path: 0.4534 | Val F1: 0.2657 | 1.2s
  Epoch 81/800 | Total: 3.673 Edge: 0.381 Con: 0.187 Cls: 1.549 Hist: 1.1001 Path: 0.4556 | 1.2s
  Epoch 82/800 | Total: 3.597 Edge: 0.382 Con: 0.187 Cls: 1.505 Hist: 1.0691 Path: 0.4539 | 1.1s
  Epoch 83/800 | Total: 3.597 Edge: 0.389 Con: 0.188 Cls: 1.494 Hist: 1.0648 Path: 0.4618 | 1.1s
  Epoch 84/800 | Total: 3.574 Edge: 0.380 Con: 0.186 Cls: 1.487 Hist: 1.0629 Path: 0.4579 | 1.0s
  Epoch 85/800 | Total: 3.537 Edge: 0.379 Con: 0.187 Cls: 1.473 Hist: 1.0474 Path: 0.4501 | Val F1: 0.2630 | 1.2s
  Epoch 86/800 | Total: 3.575 Edge: 0.377 Con: 0.187 Cls: 1.499 Hist: 1.0629 Path: 0.4505 | 1.2s
  Epoch 87/800 | Total: 3.580 Edge: 0.378 Con: 0.185 Cls: 1.498 Hist: 1.0682 Path: 0.4511 | 1.2s
  Epoch 88/800 | Total: 3.551 Edge: 0.379 Con: 0.188 Cls: 1.480 Hist: 1.0509 Path: 0.4539 | 1.3s
  Epoch 89/800 | Total: 3.557 Edge: 0.375 Con: 0.185 Cls: 1.489 Hist: 1.0645 Path: 0.4432 | 1.2s
  Epoch 90/800 | Total: 3.569 Edge: 0.374 Con: 0.186 Cls: 1.500 Hist: 1.0633 Path: 0.4460 | Val F1: 0.2754 | 1.4s
  Epoch 91/800 | Total: 3.592 Edge: 0.376 Con: 0.184 Cls: 1.514 Hist: 1.0697 Path: 0.4478 | 1.2s
  Epoch 92/800 | Total: 3.571 Edge: 0.380 Con: 0.185 Cls: 1.498 Hist: 1.0614 Path: 0.4473 | 1.2s
  Epoch 93/800 | Total: 3.538 Edge: 0.377 Con: 0.186 Cls: 1.477 Hist: 1.0507 Path: 0.4466 | 1.2s
  Epoch 94/800 | Total: 3.523 Edge: 0.373 Con: 0.184 Cls: 1.480 Hist: 1.0431 Path: 0.4428 | 1.2s
  Epoch 95/800 | Total: 3.559 Edge: 0.372 Con: 0.186 Cls: 1.497 Hist: 1.0665 Path: 0.4384 | Val F1: 0.2802 | 1.2s
  Epoch 96/800 | Total: 3.574 Edge: 0.372 Con: 0.184 Cls: 1.503 Hist: 1.0703 Path: 0.4451 | 1.2s
  Epoch 97/800 | Total: 3.526 Edge: 0.370 Con: 0.183 Cls: 1.481 Hist: 1.0483 Path: 0.4440 | 1.4s
  Epoch 98/800 | Total: 3.534 Edge: 0.371 Con: 0.183 Cls: 1.481 Hist: 1.0555 Path: 0.4431 | 1.1s
  Epoch 99/800 | Total: 3.542 Edge: 0.373 Con: 0.184 Cls: 1.489 Hist: 1.0559 Path: 0.4401 | 1.2s
  Epoch 100/800 | Total: 3.514 Edge: 0.371 Con: 0.184 Cls: 1.473 Hist: 1.0470 Path: 0.4398 | Val F1: 0.2704 | 1.3s
  Epoch 101/800 | Total: 3.529 Edge: 0.369 Con: 0.182 Cls: 1.480 Hist: 1.0532 Path: 0.4448 | 1.1s
  Epoch 102/800 | Total: 3.506 Edge: 0.372 Con: 0.182 Cls: 1.469 Hist: 1.0423 Path: 0.4411 | 1.3s
  Epoch 103/800 | Total: 3.504 Edge: 0.372 Con: 0.183 Cls: 1.470 Hist: 1.0386 Path: 0.4400 | 1.0s
  Epoch 104/800 | Total: 3.525 Edge: 0.373 Con: 0.184 Cls: 1.478 Hist: 1.0460 Path: 0.4435 | 1.2s
  Epoch 105/800 | Total: 3.531 Edge: 0.376 Con: 0.182 Cls: 1.477 Hist: 1.0525 Path: 0.4432 | Val F1: 0.2770 | 1.2s
  Epoch 106/800 | Total: 3.617 Edge: 0.395 Con: 0.182 Cls: 1.517 Hist: 1.0669 Path: 0.4562 | 1.2s
  Epoch 107/800 | Total: 3.513 Edge: 0.380 Con: 0.182 Cls: 1.460 Hist: 1.0397 Path: 0.4504 | 1.1s
  Epoch 108/800 | Total: 3.455 Edge: 0.380 Con: 0.183 Cls: 1.435 Hist: 1.0182 Path: 0.4393 | 1.2s
  Epoch 109/800 | Total: 3.468 Edge: 0.372 Con: 0.183 Cls: 1.447 Hist: 1.0359 Path: 0.4293 | 1.1s
  Epoch 110/800 | Total: 3.485 Edge: 0.366 Con: 0.182 Cls: 1.466 Hist: 1.0402 Path: 0.4310 | Val F1: 0.2742 | 1.3s
  Epoch 111/800 | Total: 3.473 Edge: 0.371 Con: 0.183 Cls: 1.451 Hist: 1.0308 Path: 0.4374 | 1.2s
  Epoch 112/800 | Total: 3.449 Edge: 0.376 Con: 0.183 Cls: 1.428 Hist: 1.0224 Path: 0.4395 | 1.4s
  Epoch 113/800 | Total: 3.456 Edge: 0.371 Con: 0.183 Cls: 1.438 Hist: 1.0280 Path: 0.4369 | 1.2s
  Epoch 114/800 | Total: 3.448 Edge: 0.368 Con: 0.182 Cls: 1.432 Hist: 1.0260 Path: 0.4407 | 1.3s
  Epoch 115/800 | Total: 3.463 Edge: 0.371 Con: 0.182 Cls: 1.439 Hist: 1.0254 Path: 0.4460 | Val F1: 0.2928 | 1.3s
  Epoch 116/800 | Total: 3.426 Edge: 0.366 Con: 0.179 Cls: 1.428 Hist: 1.0148 Path: 0.4378 | 1.4s
  Epoch 117/800 | Total: 3.455 Edge: 0.370 Con: 0.181 Cls: 1.443 Hist: 1.0277 Path: 0.4330 | 1.3s
  Epoch 118/800 | Total: 3.417 Edge: 0.368 Con: 0.181 Cls: 1.421 Hist: 1.0169 Path: 0.4307 | 1.3s
  Epoch 119/800 | Total: 3.443 Edge: 0.366 Con: 0.182 Cls: 1.435 Hist: 1.0307 Path: 0.4296 | 1.4s
  Epoch 120/800 | Total: 3.455 Edge: 0.366 Con: 0.179 Cls: 1.449 Hist: 1.0279 Path: 0.4328 | Val F1: 0.2748 | 1.2s
  Epoch 121/800 | Total: 3.477 Edge: 0.365 Con: 0.182 Cls: 1.467 Hist: 1.0345 Path: 0.4277 | 1.5s
  Epoch 122/800 | Total: 3.405 Edge: 0.363 Con: 0.182 Cls: 1.417 Hist: 1.0135 Path: 0.4301 | 1.4s
  Epoch 123/800 | Total: 3.456 Edge: 0.365 Con: 0.180 Cls: 1.447 Hist: 1.0302 Path: 0.4335 | 1.5s
  Epoch 124/800 | Total: 3.543 Edge: 0.372 Con: 0.180 Cls: 1.499 Hist: 1.0526 Path: 0.4383 | 1.4s
  Epoch 125/800 | Total: 3.498 Edge: 0.366 Con: 0.180 Cls: 1.464 Hist: 1.0486 Path: 0.4387 | Val F1: 0.2873 | 1.4s
  Epoch 126/800 | Total: 3.418 Edge: 0.361 Con: 0.180 Cls: 1.427 Hist: 1.0141 Path: 0.4362 | 2.1s
  Epoch 127/800 | Total: 3.478 Edge: 0.362 Con: 0.181 Cls: 1.469 Hist: 1.0345 Path: 0.4303 | 2.0s
  Epoch 128/800 | Total: 3.400 Edge: 0.367 Con: 0.180 Cls: 1.411 Hist: 1.0064 Path: 0.4346 | 1.4s
  Epoch 129/800 | Total: 3.447 Edge: 0.362 Con: 0.178 Cls: 1.448 Hist: 1.0293 Path: 0.4299 | 1.4s
  Epoch 130/800 | Total: 3.450 Edge: 0.363 Con: 0.181 Cls: 1.446 Hist: 1.0264 Path: 0.4337 | Val F1: 0.2980 | 1.4s
  Epoch 131/800 | Total: 3.451 Edge: 0.361 Con: 0.180 Cls: 1.446 Hist: 1.0307 Path: 0.4331 | 1.3s
  Epoch 132/800 | Total: 3.444 Edge: 0.367 Con: 0.181 Cls: 1.436 Hist: 1.0254 Path: 0.4346 | 1.4s
  Epoch 133/800 | Total: 3.406 Edge: 0.367 Con: 0.181 Cls: 1.420 Hist: 1.0101 Path: 0.4284 | 1.2s
  Epoch 134/800 | Total: 3.432 Edge: 0.359 Con: 0.179 Cls: 1.440 Hist: 1.0312 Path: 0.4231 | 1.4s
  Epoch 135/800 | Total: 3.461 Edge: 0.362 Con: 0.177 Cls: 1.459 Hist: 1.0368 Path: 0.4258 | Val F1: 0.2914 | 1.2s
  Epoch 136/800 | Total: 3.445 Edge: 0.365 Con: 0.181 Cls: 1.447 Hist: 1.0199 Path: 0.4322 | 1.2s
  Epoch 137/800 | Total: 3.423 Edge: 0.364 Con: 0.177 Cls: 1.431 Hist: 1.0219 Path: 0.4288 | 1.0s
  Epoch 138/800 | Total: 3.407 Edge: 0.363 Con: 0.178 Cls: 1.423 Hist: 1.0136 Path: 0.4297 | 1.2s
  Epoch 139/800 | Total: 3.373 Edge: 0.361 Con: 0.180 Cls: 1.408 Hist: 0.9927 Path: 0.4306 | 1.1s
  Epoch 140/800 | Total: 3.388 Edge: 0.361 Con: 0.179 Cls: 1.410 Hist: 1.0088 Path: 0.4285 | Val F1: 0.3042 | 1.0s
  Epoch 141/800 | Total: 3.394 Edge: 0.356 Con: 0.178 Cls: 1.420 Hist: 1.0135 Path: 0.4259 | 1.3s
  Epoch 142/800 | Total: 3.497 Edge: 0.358 Con: 0.178 Cls: 1.482 Hist: 1.0469 Path: 0.4320 | 1.1s
  Epoch 143/800 | Total: 3.389 Edge: 0.358 Con: 0.179 Cls: 1.416 Hist: 1.0083 Path: 0.4282 | 1.2s
  Epoch 144/800 | Total: 3.374 Edge: 0.359 Con: 0.179 Cls: 1.411 Hist: 0.9990 Path: 0.4256 | 1.1s
  Epoch 145/800 | Total: 3.340 Edge: 0.359 Con: 0.177 Cls: 1.390 Hist: 0.9909 Path: 0.4239 | Val F1: 0.2949 | 1.0s
  Epoch 146/800 | Total: 3.372 Edge: 0.358 Con: 0.178 Cls: 1.408 Hist: 1.0063 Path: 0.4216 | 1.2s
  Epoch 147/800 | Total: 3.413 Edge: 0.365 Con: 0.178 Cls: 1.423 Hist: 1.0181 Path: 0.4293 | 1.2s
  Epoch 148/800 | Total: 3.406 Edge: 0.366 Con: 0.178 Cls: 1.420 Hist: 1.0132 Path: 0.4294 | 1.1s
  Epoch 149/800 | Total: 3.359 Edge: 0.368 Con: 0.178 Cls: 1.390 Hist: 0.9913 Path: 0.4307 | 1.1s
  Epoch 150/800 | Total: 3.418 Edge: 0.367 Con: 0.179 Cls: 1.428 Hist: 1.0139 Path: 0.4310 | Val F1: 0.2938 | 1.2s
  Epoch 151/800 | Total: 3.426 Edge: 0.366 Con: 0.178 Cls: 1.425 Hist: 1.0188 Path: 0.4382 | 1.1s
  Epoch 152/800 | Total: 3.400 Edge: 0.363 Con: 0.177 Cls: 1.416 Hist: 1.0113 Path: 0.4339 | 1.2s
  Epoch 153/800 | Total: 3.424 Edge: 0.358 Con: 0.177 Cls: 1.443 Hist: 1.0222 Path: 0.4239 | 1.2s
  Epoch 154/800 | Total: 3.497 Edge: 0.361 Con: 0.178 Cls: 1.490 Hist: 1.0394 Path: 0.4293 | 1.1s
  Epoch 155/800 | Total: 3.442 Edge: 0.361 Con: 0.177 Cls: 1.451 Hist: 1.0279 Path: 0.4258 | Val F1: 0.2784 | 1.2s
  Epoch 156/800 | Total: 3.429 Edge: 0.363 Con: 0.178 Cls: 1.438 Hist: 1.0228 Path: 0.4286 | 1.2s
  Epoch 157/800 | Total: 3.387 Edge: 0.360 Con: 0.178 Cls: 1.414 Hist: 1.0141 Path: 0.4202 | 1.1s
  Epoch 158/800 | Total: 3.375 Edge: 0.359 Con: 0.177 Cls: 1.411 Hist: 1.0097 Path: 0.4189 | 1.1s
  Epoch 159/800 | Total: 3.340 Edge: 0.357 Con: 0.178 Cls: 1.392 Hist: 0.9944 Path: 0.4182 | 1.0s
  Epoch 160/800 | Total: 3.372 Edge: 0.355 Con: 0.177 Cls: 1.413 Hist: 1.0086 Path: 0.4195 | Val F1: 0.2811 | 1.2s
  Epoch 161/800 | Total: 3.376 Edge: 0.354 Con: 0.177 Cls: 1.425 Hist: 1.0084 Path: 0.4131 | 1.2s
  Epoch 162/800 | Total: 3.384 Edge: 0.355 Con: 0.176 Cls: 1.420 Hist: 1.0181 Path: 0.4156 | 1.1s
  Epoch 163/800 | Total: 3.338 Edge: 0.355 Con: 0.176 Cls: 1.394 Hist: 0.9927 Path: 0.4197 | 1.1s
  Epoch 164/800 | Total: 3.358 Edge: 0.356 Con: 0.176 Cls: 1.407 Hist: 1.0012 Path: 0.4172 | 1.2s
  Epoch 165/800 | Total: 3.365 Edge: 0.357 Con: 0.178 Cls: 1.406 Hist: 1.0008 Path: 0.4233 | Val F1: 0.3109 | 1.0s
  Epoch 166/800 | Total: 3.352 Edge: 0.357 Con: 0.176 Cls: 1.403 Hist: 0.9971 Path: 0.4193 | 1.2s
  Epoch 167/800 | Total: 3.522 Edge: 0.354 Con: 0.176 Cls: 1.512 Hist: 1.0619 Path: 0.4173 | 1.2s
  Epoch 168/800 | Total: 3.556 Edge: 0.362 Con: 0.180 Cls: 1.513 Hist: 1.0726 Path: 0.4287 | 1.2s
  Epoch 169/800 | Total: 3.458 Edge: 0.362 Con: 0.176 Cls: 1.453 Hist: 1.0408 Path: 0.4256 | 1.3s
  Epoch 170/800 | Total: 3.379 Edge: 0.354 Con: 0.175 Cls: 1.422 Hist: 1.0082 Path: 0.4208 | Val F1: 0.2975 | 1.2s
  Epoch 171/800 | Total: 3.353 Edge: 0.355 Con: 0.176 Cls: 1.404 Hist: 1.0007 Path: 0.4169 | 1.1s
  Epoch 172/800 | Total: 3.352 Edge: 0.354 Con: 0.175 Cls: 1.402 Hist: 1.0014 Path: 0.4197 | 1.3s
  Epoch 173/800 | Total: 3.366 Edge: 0.355 Con: 0.178 Cls: 1.408 Hist: 1.0075 Path: 0.4173 | 1.2s
  Epoch 174/800 | Total: 3.300 Edge: 0.357 Con: 0.175 Cls: 1.372 Hist: 0.9822 Path: 0.4133 | 1.3s
  Epoch 175/800 | Total: 3.328 Edge: 0.355 Con: 0.176 Cls: 1.390 Hist: 0.9953 Path: 0.4108 | Val F1: 0.3259 | 1.2s
  Epoch 176/800 | Total: 3.312 Edge: 0.354 Con: 0.176 Cls: 1.385 Hist: 0.9865 Path: 0.4109 | 1.2s
  Epoch 177/800 | Total: 3.333 Edge: 0.358 Con: 0.177 Cls: 1.394 Hist: 0.9934 Path: 0.4099 | 1.3s
  Epoch 178/800 | Total: 3.312 Edge: 0.366 Con: 0.175 Cls: 1.377 Hist: 0.9776 Path: 0.4171 | 1.2s
  Epoch 179/800 | Total: 3.325 Edge: 0.360 Con: 0.175 Cls: 1.383 Hist: 0.9857 Path: 0.4204 | 1.1s
  Epoch 180/800 | Total: 3.310 Edge: 0.352 Con: 0.175 Cls: 1.382 Hist: 0.9901 Path: 0.4104 | Val F1: 0.3143 | 1.2s
  Epoch 181/800 | Total: 3.281 Edge: 0.354 Con: 0.178 Cls: 1.361 Hist: 0.9721 Path: 0.4147 | 1.0s
  Epoch 182/800 | Total: 3.420 Edge: 0.356 Con: 0.175 Cls: 1.435 Hist: 1.0259 Path: 0.4282 | 1.2s
  Epoch 183/800 | Total: 3.415 Edge: 0.361 Con: 0.175 Cls: 1.426 Hist: 1.0184 Path: 0.4333 | 1.2s
  Epoch 184/800 | Total: 3.356 Edge: 0.361 Con: 0.175 Cls: 1.392 Hist: 0.9945 Path: 0.4334 | 1.2s
  Epoch 185/800 | Total: 3.343 Edge: 0.361 Con: 0.177 Cls: 1.386 Hist: 0.9892 Path: 0.4296 | Val F1: 0.3192 | 1.2s
  Epoch 186/800 | Total: 3.311 Edge: 0.355 Con: 0.174 Cls: 1.375 Hist: 0.9841 Path: 0.4215 | 1.2s
  Epoch 187/800 | Total: 3.318 Edge: 0.356 Con: 0.174 Cls: 1.378 Hist: 0.9863 Path: 0.4235 | 1.2s
  Epoch 188/800 | Total: 3.347 Edge: 0.352 Con: 0.174 Cls: 1.402 Hist: 1.0031 Path: 0.4173 | 1.0s
  Epoch 189/800 | Total: 3.342 Edge: 0.350 Con: 0.176 Cls: 1.407 Hist: 0.9971 Path: 0.4115 | 1.2s
  Epoch 190/800 | Total: 3.355 Edge: 0.353 Con: 0.175 Cls: 1.414 Hist: 1.0037 Path: 0.4093 | Val F1: 0.3244 | 1.2s
  Epoch 191/800 | Total: 3.335 Edge: 0.351 Con: 0.176 Cls: 1.401 Hist: 0.9961 Path: 0.4105 | 1.4s
  Epoch 192/800 | Total: 3.327 Edge: 0.348 Con: 0.175 Cls: 1.400 Hist: 0.9939 Path: 0.4101 | 1.4s
  Epoch 193/800 | Total: 3.323 Edge: 0.348 Con: 0.175 Cls: 1.396 Hist: 0.9929 Path: 0.4109 | 1.2s
  Epoch 194/800 | Total: 3.374 Edge: 0.354 Con: 0.174 Cls: 1.421 Hist: 1.0075 Path: 0.4180 | 1.2s
  Epoch 195/800 | Total: 3.266 Edge: 0.350 Con: 0.175 Cls: 1.364 Hist: 0.9713 Path: 0.4059 | Val F1: 0.3263 | 1.4s
  Epoch 196/800 | Total: 3.256 Edge: 0.348 Con: 0.173 Cls: 1.355 Hist: 0.9727 Path: 0.4064 | 1.4s
  Epoch 197/800 | Total: 3.247 Edge: 0.347 Con: 0.174 Cls: 1.352 Hist: 0.9669 Path: 0.4076 | 1.2s
  Epoch 198/800 | Total: 3.288 Edge: 0.351 Con: 0.174 Cls: 1.370 Hist: 0.9795 Path: 0.4133 | 1.3s
  Epoch 199/800 | Total: 3.302 Edge: 0.353 Con: 0.175 Cls: 1.381 Hist: 0.9819 Path: 0.4116 | 1.2s
  Epoch 200/800 | Total: 3.286 Edge: 0.351 Con: 0.176 Cls: 1.370 Hist: 0.9748 Path: 0.4149 | Val F1: 0.3200 | 1.5s
  Epoch 201/800 | Total: 3.282 Edge: 0.356 Con: 0.174 Cls: 1.362 Hist: 0.9723 Path: 0.4170 | 1.4s
  Epoch 202/800 | Total: 3.379 Edge: 0.356 Con: 0.174 Cls: 1.418 Hist: 1.0125 Path: 0.4190 | 1.3s
  Epoch 203/800 | Total: 3.369 Edge: 0.361 Con: 0.177 Cls: 1.401 Hist: 1.0043 Path: 0.4261 | 1.3s
  Epoch 204/800 | Total: 3.308 Edge: 0.358 Con: 0.174 Cls: 1.374 Hist: 0.9805 Path: 0.4218 | 1.3s
  Epoch 205/800 | Total: 3.357 Edge: 0.352 Con: 0.175 Cls: 1.410 Hist: 0.9978 Path: 0.4232 | Val F1: 0.3245 | 1.4s
  Epoch 206/800 | Total: 3.343 Edge: 0.353 Con: 0.174 Cls: 1.402 Hist: 0.9945 Path: 0.4184 | 2.0s
  Epoch 207/800 | Total: 3.287 Edge: 0.348 Con: 0.174 Cls: 1.373 Hist: 0.9810 Path: 0.4102 | 2.0s
  Epoch 208/800 | Total: 3.251 Edge: 0.349 Con: 0.175 Cls: 1.354 Hist: 0.9661 Path: 0.4078 | 1.5s
  Epoch 209/800 | Total: 3.263 Edge: 0.345 Con: 0.175 Cls: 1.365 Hist: 0.9737 Path: 0.4042 | 1.3s
  Epoch 210/800 | Total: 3.251 Edge: 0.344 Con: 0.176 Cls: 1.361 Hist: 0.9676 Path: 0.4019 | Val F1: 0.3289 | 1.3s
  Epoch 211/800 | Total: 3.264 Edge: 0.345 Con: 0.174 Cls: 1.372 Hist: 0.9707 Path: 0.4016 | 1.2s
  Epoch 212/800 | Total: 3.314 Edge: 0.348 Con: 0.177 Cls: 1.395 Hist: 0.9887 Path: 0.4055 | 1.2s
  Epoch 213/800 | Total: 3.314 Edge: 0.348 Con: 0.173 Cls: 1.394 Hist: 0.9931 Path: 0.4071 | 1.5s
  Epoch 214/800 | Total: 3.292 Edge: 0.349 Con: 0.176 Cls: 1.376 Hist: 0.9816 Path: 0.4090 | 1.2s
  Epoch 215/800 | Total: 3.303 Edge: 0.354 Con: 0.174 Cls: 1.382 Hist: 0.9801 Path: 0.4125 | Val F1: 0.3377 | 1.4s
  Epoch 216/800 | Total: 3.316 Edge: 0.350 Con: 0.174 Cls: 1.387 Hist: 0.9930 Path: 0.4114 | 1.2s
  Epoch 217/800 | Total: 3.269 Edge: 0.349 Con: 0.172 Cls: 1.368 Hist: 0.9731 Path: 0.4077 | 1.2s
  Epoch 218/800 | Total: 3.305 Edge: 0.349 Con: 0.172 Cls: 1.387 Hist: 0.9892 Path: 0.4082 | 1.1s
  Epoch 219/800 | Total: 3.266 Edge: 0.349 Con: 0.175 Cls: 1.369 Hist: 0.9735 Path: 0.3998 | 1.1s
  Epoch 220/800 | Total: 3.250 Edge: 0.350 Con: 0.172 Cls: 1.350 Hist: 0.9691 Path: 0.4085 | Val F1: 0.3290 | 1.1s
  Epoch 221/800 | Total: 3.235 Edge: 0.349 Con: 0.174 Cls: 1.345 Hist: 0.9610 Path: 0.4060 | 1.1s
  Epoch 222/800 | Total: 3.221 Edge: 0.344 Con: 0.172 Cls: 1.346 Hist: 0.9594 Path: 0.3992 | 1.0s
  Epoch 223/800 | Total: 3.258 Edge: 0.347 Con: 0.175 Cls: 1.359 Hist: 0.9720 Path: 0.4060 | 1.1s
  Epoch 224/800 | Total: 3.256 Edge: 0.349 Con: 0.173 Cls: 1.356 Hist: 0.9646 Path: 0.4133 | 1.2s
  Epoch 225/800 | Total: 3.237 Edge: 0.348 Con: 0.174 Cls: 1.341 Hist: 0.9648 Path: 0.4094 | Val F1: 0.3335 | 1.1s
  Epoch 226/800 | Total: 3.239 Edge: 0.345 Con: 0.175 Cls: 1.350 Hist: 0.9654 Path: 0.4026 | 1.1s
  Epoch 227/800 | Total: 3.315 Edge: 0.347 Con: 0.174 Cls: 1.393 Hist: 0.9916 Path: 0.4084 | 1.0s
  Epoch 228/800 | Total: 3.436 Edge: 0.347 Con: 0.173 Cls: 1.466 Hist: 1.0355 Path: 0.4143 | 1.1s
  Epoch 229/800 | Total: 3.334 Edge: 0.353 Con: 0.174 Cls: 1.384 Hist: 0.9901 Path: 0.4322 | 1.2s
  Epoch 230/800 | Total: 3.332 Edge: 0.360 Con: 0.172 Cls: 1.385 Hist: 0.9794 Path: 0.4356 | Val F1: 0.3240 | 1.1s
  Epoch 231/800 | Total: 3.279 Edge: 0.353 Con: 0.173 Cls: 1.369 Hist: 0.9716 Path: 0.4120 | 1.2s
  Epoch 232/800 | Total: 3.228 Edge: 0.344 Con: 0.173 Cls: 1.349 Hist: 0.9585 Path: 0.4037 | 1.0s
  Epoch 233/800 | Total: 3.240 Edge: 0.344 Con: 0.174 Cls: 1.351 Hist: 0.9704 Path: 0.4002 | 1.0s
  Epoch 234/800 | Total: 3.199 Edge: 0.343 Con: 0.176 Cls: 1.330 Hist: 0.9489 Path: 0.4016 | 1.1s
  Epoch 235/800 | Total: 3.230 Edge: 0.345 Con: 0.175 Cls: 1.349 Hist: 0.9613 Path: 0.4000 | Val F1: 0.3334 | 1.3s
  Epoch 236/800 | Total: 3.255 Edge: 0.343 Con: 0.173 Cls: 1.360 Hist: 0.9797 Path: 0.3994 | 1.1s
  Epoch 237/800 | Total: 3.248 Edge: 0.347 Con: 0.172 Cls: 1.359 Hist: 0.9670 Path: 0.4034 | 1.1s
  Epoch 238/800 | Total: 3.238 Edge: 0.346 Con: 0.173 Cls: 1.356 Hist: 0.9664 Path: 0.3974 | 1.1s
  Epoch 239/800 | Total: 3.222 Edge: 0.348 Con: 0.173 Cls: 1.344 Hist: 0.9606 Path: 0.3963 | 1.2s
  Epoch 240/800 | Total: 3.244 Edge: 0.348 Con: 0.173 Cls: 1.364 Hist: 0.9624 Path: 0.3973 | Val F1: 0.3455 | 1.1s
  Epoch 241/800 | Total: 3.289 Edge: 0.345 Con: 0.174 Cls: 1.380 Hist: 0.9880 Path: 0.4019 | 1.2s
  Epoch 242/800 | Total: 3.281 Edge: 0.346 Con: 0.174 Cls: 1.377 Hist: 0.9758 Path: 0.4085 | 1.1s
  Epoch 243/800 | Total: 3.326 Edge: 0.351 Con: 0.174 Cls: 1.398 Hist: 0.9932 Path: 0.4111 | 1.2s
  Epoch 244/800 | Total: 3.396 Edge: 0.354 Con: 0.172 Cls: 1.428 Hist: 1.0188 Path: 0.4231 | 1.1s
  Epoch 245/800 | Total: 3.338 Edge: 0.350 Con: 0.173 Cls: 1.405 Hist: 0.9950 Path: 0.4146 | Val F1: 0.3187 | 1.0s
  Epoch 246/800 | Total: 3.334 Edge: 0.350 Con: 0.173 Cls: 1.407 Hist: 0.9943 Path: 0.4095 | 1.1s
  Epoch 247/800 | Total: 3.281 Edge: 0.354 Con: 0.173 Cls: 1.368 Hist: 0.9738 Path: 0.4119 | 1.2s
  Epoch 248/800 | Total: 3.255 Edge: 0.353 Con: 0.172 Cls: 1.354 Hist: 0.9623 Path: 0.4139 | 1.1s
  Epoch 249/800 | Total: 3.276 Edge: 0.349 Con: 0.172 Cls: 1.368 Hist: 0.9757 Path: 0.4121 | 1.2s
  Epoch 250/800 | Total: 3.339 Edge: 0.349 Con: 0.174 Cls: 1.408 Hist: 0.9977 Path: 0.4099 | Val F1: 0.3224 | 1.3s
  Epoch 251/800 | Total: 3.270 Edge: 0.350 Con: 0.173 Cls: 1.364 Hist: 0.9734 Path: 0.4092 | 1.0s
  Epoch 252/800 | Total: 3.274 Edge: 0.350 Con: 0.173 Cls: 1.365 Hist: 0.9720 Path: 0.4140 | 1.1s
  Epoch 253/800 | Total: 3.282 Edge: 0.348 Con: 0.174 Cls: 1.366 Hist: 0.9819 Path: 0.4113 | 1.2s
  Epoch 254/800 | Total: 3.237 Edge: 0.345 Con: 0.172 Cls: 1.351 Hist: 0.9690 Path: 0.3999 | 1.1s
  Epoch 255/800 | Total: 3.211 Edge: 0.346 Con: 0.172 Cls: 1.338 Hist: 0.9586 Path: 0.3970 | Val F1: 0.3418 | 1.1s
  Epoch 256/800 | Total: 3.209 Edge: 0.343 Con: 0.173 Cls: 1.336 Hist: 0.9571 Path: 0.4002 | 1.2s
  Epoch 257/800 | Total: 3.223 Edge: 0.343 Con: 0.173 Cls: 1.348 Hist: 0.9599 Path: 0.3995 | 1.2s
  Epoch 258/800 | Total: 3.202 Edge: 0.344 Con: 0.173 Cls: 1.329 Hist: 0.9553 Path: 0.4007 | 1.4s
  Epoch 259/800 | Total: 3.211 Edge: 0.342 Con: 0.171 Cls: 1.338 Hist: 0.9568 Path: 0.4025 | 1.2s
  Epoch 260/800 | Total: 3.252 Edge: 0.345 Con: 0.172 Cls: 1.356 Hist: 0.9660 Path: 0.4126 | Val F1: 0.3542 | 1.2s
  Epoch 261/800 | Total: 3.252 Edge: 0.344 Con: 0.173 Cls: 1.361 Hist: 0.9719 Path: 0.4027 | 1.0s
  Epoch 262/800 | Total: 3.269 Edge: 0.350 Con: 0.174 Cls: 1.365 Hist: 0.9713 Path: 0.4088 | 1.1s
  Epoch 263/800 | Total: 3.271 Edge: 0.349 Con: 0.174 Cls: 1.365 Hist: 0.9762 Path: 0.4070 | 1.0s
  Epoch 264/800 | Total: 3.210 Edge: 0.344 Con: 0.173 Cls: 1.337 Hist: 0.9564 Path: 0.3996 | 1.0s
  Epoch 265/800 | Total: 3.251 Edge: 0.342 Con: 0.173 Cls: 1.361 Hist: 0.9705 Path: 0.4043 | Val F1: 0.3204 | 1.3s
  Epoch 266/800 | Total: 3.229 Edge: 0.346 Con: 0.173 Cls: 1.345 Hist: 0.9586 Path: 0.4061 | 1.2s
  Epoch 267/800 | Total: 3.219 Edge: 0.340 Con: 0.172 Cls: 1.349 Hist: 0.9602 Path: 0.3988 | 1.1s
  Epoch 268/800 | Total: 3.277 Edge: 0.343 Con: 0.174 Cls: 1.377 Hist: 0.9803 Path: 0.4028 | 1.4s
  Epoch 269/800 | Total: 3.192 Edge: 0.341 Con: 0.172 Cls: 1.330 Hist: 0.9517 Path: 0.3973 | 1.4s
  Epoch 270/800 | Total: 3.178 Edge: 0.342 Con: 0.174 Cls: 1.320 Hist: 0.9453 Path: 0.3960 | Val F1: 0.3379 | 1.3s
  Epoch 271/800 | Total: 3.209 Edge: 0.341 Con: 0.174 Cls: 1.342 Hist: 0.9593 Path: 0.3935 | 1.3s
  Epoch 272/800 | Total: 3.190 Edge: 0.340 Con: 0.171 Cls: 1.332 Hist: 0.9529 Path: 0.3939 | 1.2s
  Epoch 273/800 | Total: 3.183 Edge: 0.336 Con: 0.172 Cls: 1.327 Hist: 0.9535 Path: 0.3939 | 1.2s
  Epoch 274/800 | Total: 3.154 Edge: 0.339 Con: 0.172 Cls: 1.307 Hist: 0.9449 Path: 0.3920 | 1.1s
  Epoch 275/800 | Total: 3.148 Edge: 0.338 Con: 0.173 Cls: 1.308 Hist: 0.9346 Path: 0.3942 | Val F1: 0.3444 | 1.2s
  Epoch 276/800 | Total: 3.205 Edge: 0.341 Con: 0.173 Cls: 1.333 Hist: 0.9555 Path: 0.4024 | 1.2s
  Epoch 277/800 | Total: 3.163 Edge: 0.342 Con: 0.171 Cls: 1.315 Hist: 0.9412 Path: 0.3952 | 1.2s
  Epoch 278/800 | Total: 3.220 Edge: 0.345 Con: 0.171 Cls: 1.344 Hist: 0.9600 Path: 0.4008 | 1.2s
  Epoch 279/800 | Total: 3.205 Edge: 0.342 Con: 0.171 Cls: 1.340 Hist: 0.9531 Path: 0.3986 | 1.5s
  Epoch 280/800 | Total: 3.198 Edge: 0.343 Con: 0.171 Cls: 1.332 Hist: 0.9497 Path: 0.4033 | Val F1: 0.3354 | 1.2s
  Epoch 281/800 | Total: 3.191 Edge: 0.342 Con: 0.171 Cls: 1.333 Hist: 0.9436 Path: 0.4008 | 1.4s
  Epoch 282/800 | Total: 3.192 Edge: 0.341 Con: 0.172 Cls: 1.332 Hist: 0.9482 Path: 0.3990 | 1.1s
  Epoch 283/800 | Total: 3.270 Edge: 0.347 Con: 0.172 Cls: 1.377 Hist: 0.9655 Path: 0.4093 | 1.3s
  Epoch 284/800 | Total: 3.426 Edge: 0.357 Con: 0.173 Cls: 1.455 Hist: 1.0212 Path: 0.4192 | 1.3s
  Epoch 285/800 | Total: 3.370 Edge: 0.351 Con: 0.172 Cls: 1.429 Hist: 1.0109 Path: 0.4073 | Val F1: 0.3386 | 1.0s
  Epoch 286/800 | Total: 3.239 Edge: 0.346 Con: 0.172 Cls: 1.349 Hist: 0.9669 Path: 0.4052 | 1.2s
  Epoch 287/800 | Total: 3.291 Edge: 0.349 Con: 0.173 Cls: 1.371 Hist: 0.9832 Path: 0.4147 | 1.2s
  Epoch 288/800 | Total: 3.231 Edge: 0.342 Con: 0.173 Cls: 1.346 Hist: 0.9674 Path: 0.4021 | 1.2s
  Epoch 289/800 | Total: 3.197 Edge: 0.341 Con: 0.172 Cls: 1.333 Hist: 0.9508 Path: 0.3991 | 1.3s
  Epoch 290/800 | Total: 3.186 Edge: 0.339 Con: 0.170 Cls: 1.332 Hist: 0.9536 Path: 0.3918 | Val F1: 0.3390 | 1.1s
  Epoch 291/800 | Total: 3.194 Edge: 0.340 Con: 0.171 Cls: 1.335 Hist: 0.9541 Path: 0.3940 | 1.1s
  Epoch 292/800 | Total: 3.168 Edge: 0.339 Con: 0.172 Cls: 1.322 Hist: 0.9417 Path: 0.3922 | 1.1s
  Epoch 293/800 | Total: 3.273 Edge: 0.338 Con: 0.171 Cls: 1.384 Hist: 0.9850 Path: 0.3942 | 1.2s
  Epoch 294/800 | Total: 3.182 Edge: 0.339 Con: 0.169 Cls: 1.330 Hist: 0.9493 Path: 0.3953 | 1.0s
  Epoch 295/800 | Total: 3.179 Edge: 0.340 Con: 0.171 Cls: 1.318 Hist: 0.9462 Path: 0.4030 | Val F1: 0.3441 | 1.1s
  Epoch 296/800 | Total: 3.183 Edge: 0.342 Con: 0.172 Cls: 1.317 Hist: 0.9441 Path: 0.4079 | 1.2s
  Epoch 297/800 | Total: 3.148 Edge: 0.339 Con: 0.171 Cls: 1.307 Hist: 0.9346 Path: 0.3962 | 1.1s
  Epoch 298/800 | Total: 3.186 Edge: 0.341 Con: 0.172 Cls: 1.326 Hist: 0.9476 Path: 0.3994 | 1.1s
  Epoch 299/800 | Total: 3.193 Edge: 0.340 Con: 0.173 Cls: 1.331 Hist: 0.9498 Path: 0.3995 | 1.3s
  Epoch 300/800 | Total: 3.204 Edge: 0.342 Con: 0.173 Cls: 1.332 Hist: 0.9529 Path: 0.4044 | Val F1: 0.3396 | 1.2s
  Epoch 301/800 | Total: 3.188 Edge: 0.345 Con: 0.171 Cls: 1.323 Hist: 0.9470 Path: 0.4020 | 1.1s
  Epoch 302/800 | Total: 3.196 Edge: 0.338 Con: 0.171 Cls: 1.337 Hist: 0.9568 Path: 0.3933 | 1.2s
  Epoch 303/800 | Total: 3.169 Edge: 0.341 Con: 0.171 Cls: 1.321 Hist: 0.9434 Path: 0.3921 | 1.1s
  Epoch 304/800 | Total: 3.294 Edge: 0.341 Con: 0.172 Cls: 1.399 Hist: 0.9867 Path: 0.3959 | 1.1s
  Epoch 305/800 | Total: 3.190 Edge: 0.341 Con: 0.172 Cls: 1.332 Hist: 0.9510 Path: 0.3938 | Val F1: 0.3414 | 1.3s
  Epoch 306/800 | Total: 3.164 Edge: 0.342 Con: 0.173 Cls: 1.319 Hist: 0.9377 Path: 0.3931 | 1.4s
  Epoch 307/800 | Total: 3.185 Edge: 0.340 Con: 0.171 Cls: 1.328 Hist: 0.9514 Path: 0.3938 | 1.2s
  Epoch 308/800 | Total: 3.179 Edge: 0.338 Con: 0.172 Cls: 1.327 Hist: 0.9504 Path: 0.3917 | 1.4s
  Epoch 309/800 | Total: 3.162 Edge: 0.337 Con: 0.172 Cls: 1.320 Hist: 0.9421 Path: 0.3907 | 1.1s
  Epoch 310/800 | Total: 3.168 Edge: 0.337 Con: 0.172 Cls: 1.321 Hist: 0.9436 Path: 0.3940 | Val F1: 0.3522 | 1.1s
  Epoch 311/800 | Total: 3.163 Edge: 0.339 Con: 0.170 Cls: 1.316 Hist: 0.9442 Path: 0.3938 | 1.1s
  Epoch 312/800 | Total: 3.166 Edge: 0.338 Con: 0.172 Cls: 1.325 Hist: 0.9412 Path: 0.3889 | 1.4s
  Epoch 313/800 | Total: 3.188 Edge: 0.343 Con: 0.171 Cls: 1.327 Hist: 0.9523 Path: 0.3948 | 1.4s
  Epoch 314/800 | Total: 3.190 Edge: 0.343 Con: 0.171 Cls: 1.329 Hist: 0.9514 Path: 0.3964 | 1.2s
  Epoch 315/800 | Total: 3.198 Edge: 0.342 Con: 0.171 Cls: 1.327 Hist: 0.9512 Path: 0.4061 | Val F1: 0.3359 | 1.2s
  Epoch 316/800 | Total: 3.190 Edge: 0.340 Con: 0.171 Cls: 1.329 Hist: 0.9477 Path: 0.4029 | 1.1s
  Epoch 317/800 | Total: 3.219 Edge: 0.338 Con: 0.171 Cls: 1.351 Hist: 0.9611 Path: 0.3985 | 1.2s
  Epoch 318/800 | Total: 3.206 Edge: 0.336 Con: 0.171 Cls: 1.347 Hist: 0.9568 Path: 0.3943 | 1.1s
  Epoch 319/800 | Total: 3.208 Edge: 0.335 Con: 0.170 Cls: 1.352 Hist: 0.9544 Path: 0.3970 | 1.1s
  Epoch 320/800 | Total: 3.184 Edge: 0.338 Con: 0.170 Cls: 1.335 Hist: 0.9453 Path: 0.3956 | Val F1: 0.3348 | 1.2s
  Epoch 321/800 | Total: 3.239 Edge: 0.339 Con: 0.171 Cls: 1.361 Hist: 0.9687 Path: 0.4001 | 1.2s
  Epoch 322/800 | Total: 3.266 Edge: 0.339 Con: 0.173 Cls: 1.378 Hist: 0.9761 Path: 0.4003 | 1.1s
  Epoch 323/800 | Total: 3.213 Edge: 0.343 Con: 0.171 Cls: 1.337 Hist: 0.9603 Path: 0.4011 | 1.0s
  Epoch 324/800 | Total: 3.288 Edge: 0.348 Con: 0.170 Cls: 1.381 Hist: 0.9842 Path: 0.4045 | 1.1s
  Epoch 325/800 | Total: 3.187 Edge: 0.349 Con: 0.170 Cls: 1.323 Hist: 0.9411 Path: 0.4023 | Val F1: 0.3465 | 1.4s
  Epoch 326/800 | Total: 3.254 Edge: 0.349 Con: 0.169 Cls: 1.357 Hist: 0.9684 Path: 0.4104 | 1.2s
  Epoch 327/800 | Total: 3.254 Edge: 0.345 Con: 0.170 Cls: 1.366 Hist: 0.9704 Path: 0.4020 | 1.5s
  Epoch 328/800 | Total: 3.173 Edge: 0.339 Con: 0.170 Cls: 1.322 Hist: 0.9446 Path: 0.3979 | 1.1s
  Epoch 329/800 | Total: 3.179 Edge: 0.339 Con: 0.171 Cls: 1.328 Hist: 0.9434 Path: 0.3968 | 1.3s
  Epoch 330/800 | Total: 3.202 Edge: 0.337 Con: 0.171 Cls: 1.347 Hist: 0.9562 Path: 0.3906 | Val F1: 0.3515 | 1.2s
  Epoch 331/800 | Total: 3.244 Edge: 0.337 Con: 0.172 Cls: 1.368 Hist: 0.9687 Path: 0.3978 | 1.2s
  Epoch 332/800 | Total: 3.217 Edge: 0.339 Con: 0.170 Cls: 1.347 Hist: 0.9613 Path: 0.3992 | 1.1s
  Epoch 333/800 | Total: 3.221 Edge: 0.337 Con: 0.171 Cls: 1.349 Hist: 0.9644 Path: 0.4005 | 1.3s
  Epoch 334/800 | Total: 3.159 Edge: 0.337 Con: 0.170 Cls: 1.314 Hist: 0.9459 Path: 0.3928 | 1.1s
  Epoch 335/800 | Total: 3.143 Edge: 0.335 Con: 0.170 Cls: 1.311 Hist: 0.9344 Path: 0.3931 | Val F1: 0.3485 | 1.3s
  Epoch 336/800 | Total: 3.164 Edge: 0.335 Con: 0.171 Cls: 1.323 Hist: 0.9404 Path: 0.3945 | 1.3s
  Epoch 337/800 | Total: 3.148 Edge: 0.335 Con: 0.170 Cls: 1.310 Hist: 0.9380 Path: 0.3943 | 1.1s
  Epoch 338/800 | Total: 3.153 Edge: 0.335 Con: 0.171 Cls: 1.313 Hist: 0.9391 Path: 0.3943 | 1.1s
  Epoch 339/800 | Total: 3.125 Edge: 0.336 Con: 0.169 Cls: 1.295 Hist: 0.9342 Path: 0.3908 | 1.3s
  Epoch 340/800 | Total: 3.142 Edge: 0.335 Con: 0.171 Cls: 1.310 Hist: 0.9354 Path: 0.3902 | Val F1: 0.3351 | 1.2s
  Epoch 341/800 | Total: 3.182 Edge: 0.336 Con: 0.171 Cls: 1.331 Hist: 0.9528 Path: 0.3907 | 1.3s
  Epoch 342/800 | Total: 3.214 Edge: 0.338 Con: 0.170 Cls: 1.345 Hist: 0.9598 Path: 0.4004 | 1.2s
  Epoch 343/800 | Total: 3.158 Edge: 0.340 Con: 0.171 Cls: 1.313 Hist: 0.9319 Path: 0.4017 | 1.5s
  Epoch 344/800 | Total: 3.181 Edge: 0.342 Con: 0.170 Cls: 1.317 Hist: 0.9506 Path: 0.4019 | 1.4s
  Epoch 345/800 | Total: 3.187 Edge: 0.341 Con: 0.171 Cls: 1.326 Hist: 0.9484 Path: 0.4002 | Val F1: 0.3403 | 1.3s
  Epoch 346/800 | Total: 3.159 Edge: 0.337 Con: 0.170 Cls: 1.320 Hist: 0.9366 Path: 0.3958 | 1.2s
  Epoch 347/800 | Total: 3.150 Edge: 0.337 Con: 0.171 Cls: 1.312 Hist: 0.9414 Path: 0.3881 | 1.2s
  Epoch 348/800 | Total: 3.181 Edge: 0.343 Con: 0.170 Cls: 1.327 Hist: 0.9501 Path: 0.3914 | 1.1s
  Epoch 349/800 | Total: 3.194 Edge: 0.343 Con: 0.172 Cls: 1.328 Hist: 0.9508 Path: 0.4007 | 1.1s
  Epoch 350/800 | Total: 3.173 Edge: 0.341 Con: 0.170 Cls: 1.316 Hist: 0.9434 Path: 0.4016 | Val F1: 0.3372 | 1.1s
  Epoch 351/800 | Total: 3.167 Edge: 0.334 Con: 0.168 Cls: 1.324 Hist: 0.9463 Path: 0.3940 | 1.0s
  Epoch 352/800 | Total: 3.150 Edge: 0.335 Con: 0.172 Cls: 1.310 Hist: 0.9380 Path: 0.3951 | 1.1s
  Epoch 353/800 | Total: 3.146 Edge: 0.333 Con: 0.171 Cls: 1.314 Hist: 0.9335 Path: 0.3944 | 1.1s
  Epoch 354/800 | Total: 3.132 Edge: 0.334 Con: 0.170 Cls: 1.306 Hist: 0.9281 Path: 0.3936 | 1.2s
  Epoch 355/800 | Total: 3.157 Edge: 0.335 Con: 0.170 Cls: 1.319 Hist: 0.9416 Path: 0.3916 | Val F1: 0.3511 | 1.2s
  Epoch 356/800 | Total: 3.154 Edge: 0.334 Con: 0.169 Cls: 1.319 Hist: 0.9391 Path: 0.3930 | 1.3s
  Epoch 357/800 | Total: 3.130 Edge: 0.336 Con: 0.171 Cls: 1.303 Hist: 0.9291 Path: 0.3914 | 1.3s
  Epoch 358/800 | Total: 3.129 Edge: 0.336 Con: 0.169 Cls: 1.302 Hist: 0.9311 Path: 0.3909 | 1.2s
  Epoch 359/800 | Total: 3.208 Edge: 0.339 Con: 0.172 Cls: 1.343 Hist: 0.9576 Path: 0.3959 | 1.2s
  Epoch 360/800 | Total: 3.199 Edge: 0.338 Con: 0.171 Cls: 1.341 Hist: 0.9583 Path: 0.3904 | Val F1: 0.3367 | 1.2s
  Early stopping at epoch 360
  Best Val F1: 0.3542 | Test F1: 0.3552
  Total training time: 499.6s (8.3 min)

======================================================================
  Val  Macro-F1: 0.3542
  Test Macro-F1: 0.3552
  Test Accuracy: 0.6097
  Time: 501.6s
======================================================================

  Results saved to: results/NESS_ogbn-arxiv_MCAR_0.9_20260723_160658
