/home/erfan/MATE/venv/lib/python3.13/site-packages/outdated/__init__.py:36: UserWarning: pkg_resources is deprecated as an API. See https://setuptools.pypa.io/en/latest/pkg_resources.html. The pkg_resources package is slated for removal as early as 2025-11-30. Refrain from using this package or pin to Setuptools<81.
  from pkg_resources import parse_version
/home/erfan/MATE/ogbn_benchmarks/data_loader.py:96: UserWarning: Sparse invariant checks are implicitly disabled. Memory errors (e.g. SEGFAULT) will occur when operating on a sparse tensor which violates the invariants, but checks incur performance overhead. To silence this warning, explicitly opt in or out. See `torch.sparse.check_sparse_tensor_invariants.__doc__` for guidance.  (Triggered internally at /pytorch/aten/src/ATen/Context.cpp:760.)
  adj = torch.sparse_coo_tensor(edge_index, vals, (num_nodes, num_nodes)).coalesce()
======================================================================
  NESS | ogbn-arxiv | MCAR @ 90% | lr=0.001
======================================================================
[1/3] Loading ogbn-arxiv...
  169,343 nodes | 128 dims | 40 classes
[2/3] Simulating MCAR missingness...
Simulating MCAR missingness at 90% rate...
  MCAR: Uniform random selection
  Observable: 16,935 (10.0%)
  Masked: 152,408 (90.0%)
  Observable: 16,935 | Val: 76,204 | Test: 76,204
[3/3] Running NESS...
  Prefilling missing nodes via Feature Propagation (40 iters)...
  Partitioning graph into 20 clusters (cache_device=cpu)...
  Cached 20 clusters
  Training NESS for up to 800 epochs (patience=20)...
  Epoch 1/800 | Total: 4.695 Edge: 0.661 Con: 0.531 Cls: 3.502 | 1.3s
  Epoch 2/800 | Total: 4.089 Edge: 0.609 Con: 0.367 Cls: 3.113 | 0.9s
  Epoch 3/800 | Total: 3.925 Edge: 0.582 Con: 0.318 Cls: 3.025 | 0.9s
  Epoch 4/800 | Total: 3.782 Edge: 0.558 Con: 0.294 Cls: 2.930 | 0.9s
  Epoch 5/800 | Total: 3.692 Edge: 0.548 Con: 0.281 Cls: 2.863 | Val F1: 0.0312 | 0.9s
  Epoch 6/800 | Total: 3.552 Edge: 0.538 Con: 0.271 Cls: 2.743 | 0.8s
  Epoch 7/800 | Total: 3.392 Edge: 0.542 Con: 0.259 Cls: 2.591 | 0.9s
  Epoch 8/800 | Total: 3.276 Edge: 0.534 Con: 0.250 Cls: 2.492 | 0.9s
  Epoch 9/800 | Total: 3.178 Edge: 0.517 Con: 0.240 Cls: 2.421 | 0.9s
  Epoch 10/800 | Total: 3.095 Edge: 0.530 Con: 0.231 Cls: 2.334 | Val F1: 0.0758 | 0.9s
  Epoch 11/800 | Total: 2.951 Edge: 0.501 Con: 0.225 Cls: 2.225 | 1.0s
  Epoch 12/800 | Total: 2.968 Edge: 0.500 Con: 0.221 Cls: 2.247 | 0.9s
  Epoch 13/800 | Total: 2.935 Edge: 0.498 Con: 0.212 Cls: 2.224 | 0.9s
  Epoch 14/800 | Total: 2.798 Edge: 0.482 Con: 0.207 Cls: 2.109 | 0.8s
  Epoch 15/800 | Total: 2.793 Edge: 0.470 Con: 0.206 Cls: 2.118 | Val F1: 0.1013 | 0.9s
  Epoch 16/800 | Total: 2.782 Edge: 0.468 Con: 0.204 Cls: 2.110 | 0.9s
  Epoch 17/800 | Total: 2.800 Edge: 0.482 Con: 0.204 Cls: 2.113 | 0.9s
  Epoch 18/800 | Total: 2.699 Edge: 0.467 Con: 0.199 Cls: 2.033 | 1.0s
  Epoch 19/800 | Total: 2.667 Edge: 0.463 Con: 0.197 Cls: 2.007 | 0.8s
  Epoch 20/800 | Total: 2.705 Edge: 0.462 Con: 0.195 Cls: 2.048 | Val F1: 0.1300 | 0.9s
  Epoch 21/800 | Total: 2.637 Edge: 0.455 Con: 0.195 Cls: 1.986 | 0.9s
  Epoch 22/800 | Total: 2.665 Edge: 0.456 Con: 0.194 Cls: 2.015 | 0.9s
  Epoch 23/800 | Total: 2.653 Edge: 0.461 Con: 0.193 Cls: 1.999 | 0.9s
  Epoch 24/800 | Total: 2.637 Edge: 0.453 Con: 0.193 Cls: 1.991 | 0.9s
  Epoch 25/800 | Total: 2.593 Edge: 0.450 Con: 0.192 Cls: 1.952 | Val F1: 0.1699 | 0.9s
  Epoch 26/800 | Total: 2.547 Edge: 0.445 Con: 0.191 Cls: 1.911 | 1.0s
  Epoch 27/800 | Total: 2.504 Edge: 0.441 Con: 0.191 Cls: 1.872 | 1.0s
  Epoch 28/800 | Total: 2.486 Edge: 0.436 Con: 0.189 Cls: 1.860 | 0.9s
  Epoch 29/800 | Total: 2.477 Edge: 0.445 Con: 0.189 Cls: 1.843 | 1.0s
  Epoch 30/800 | Total: 2.510 Edge: 0.447 Con: 0.187 Cls: 1.876 | Val F1: 0.1852 | 0.9s
  Epoch 31/800 | Total: 2.525 Edge: 0.443 Con: 0.191 Cls: 1.891 | 0.8s
  Epoch 32/800 | Total: 2.541 Edge: 0.433 Con: 0.190 Cls: 1.918 | 0.9s
  Epoch 33/800 | Total: 2.501 Edge: 0.431 Con: 0.186 Cls: 1.884 | 0.9s
  Epoch 34/800 | Total: 2.426 Edge: 0.428 Con: 0.186 Cls: 1.812 | 1.0s
  Epoch 35/800 | Total: 2.431 Edge: 0.433 Con: 0.184 Cls: 1.814 | Val F1: 0.1865 | 1.0s
  Epoch 36/800 | Total: 2.368 Edge: 0.429 Con: 0.186 Cls: 1.753 | 0.9s
  Epoch 37/800 | Total: 2.352 Edge: 0.421 Con: 0.182 Cls: 1.748 | 0.9s
  Epoch 38/800 | Total: 2.445 Edge: 0.430 Con: 0.186 Cls: 1.829 | 0.9s
  Epoch 39/800 | Total: 2.444 Edge: 0.429 Con: 0.184 Cls: 1.831 | 0.9s
  Epoch 40/800 | Total: 2.349 Edge: 0.421 Con: 0.183 Cls: 1.745 | Val F1: 0.1981 | 0.9s
  Epoch 41/800 | Total: 2.340 Edge: 0.422 Con: 0.183 Cls: 1.735 | 0.9s
  Epoch 42/800 | Total: 2.298 Edge: 0.420 Con: 0.180 Cls: 1.698 | 1.0s
  Epoch 43/800 | Total: 2.294 Edge: 0.416 Con: 0.179 Cls: 1.699 | 1.0s
  Epoch 44/800 | Total: 2.263 Edge: 0.412 Con: 0.178 Cls: 1.673 | 0.8s
  Epoch 45/800 | Total: 2.270 Edge: 0.411 Con: 0.179 Cls: 1.680 | Val F1: 0.2199 | 0.8s
  Epoch 46/800 | Total: 2.263 Edge: 0.408 Con: 0.178 Cls: 1.677 | 1.0s
  Epoch 47/800 | Total: 2.271 Edge: 0.413 Con: 0.178 Cls: 1.681 | 1.0s
  Epoch 48/800 | Total: 2.241 Edge: 0.407 Con: 0.177 Cls: 1.657 | 1.0s
  Epoch 49/800 | Total: 2.243 Edge: 0.406 Con: 0.175 Cls: 1.662 | 1.0s
  Epoch 50/800 | Total: 2.249 Edge: 0.411 Con: 0.177 Cls: 1.661 | Val F1: 0.2221 | 0.9s
  Epoch 51/800 | Total: 2.277 Edge: 0.419 Con: 0.176 Cls: 1.683 | 1.0s
  Epoch 52/800 | Total: 2.240 Edge: 0.419 Con: 0.175 Cls: 1.646 | 1.0s
  Epoch 53/800 | Total: 2.211 Edge: 0.405 Con: 0.176 Cls: 1.631 | 1.0s
  Epoch 54/800 | Total: 2.255 Edge: 0.401 Con: 0.172 Cls: 1.682 | 0.9s
  Epoch 55/800 | Total: 2.215 Edge: 0.416 Con: 0.173 Cls: 1.626 | Val F1: 0.2282 | 1.0s
  Epoch 56/800 | Total: 2.221 Edge: 0.419 Con: 0.174 Cls: 1.628 | 0.9s
  Epoch 57/800 | Total: 2.177 Edge: 0.400 Con: 0.174 Cls: 1.603 | 0.9s
  Epoch 58/800 | Total: 2.205 Edge: 0.403 Con: 0.172 Cls: 1.629 | 1.0s
  Epoch 59/800 | Total: 2.262 Edge: 0.408 Con: 0.173 Cls: 1.681 | 1.0s
  Epoch 60/800 | Total: 2.205 Edge: 0.403 Con: 0.175 Cls: 1.626 | Val F1: 0.2244 | 1.0s
  Epoch 61/800 | Total: 2.171 Edge: 0.399 Con: 0.173 Cls: 1.600 | 0.9s
  Epoch 62/800 | Total: 2.192 Edge: 0.395 Con: 0.172 Cls: 1.624 | 1.0s
  Epoch 63/800 | Total: 2.190 Edge: 0.394 Con: 0.170 Cls: 1.625 | 0.9s
  Epoch 64/800 | Total: 2.197 Edge: 0.393 Con: 0.172 Cls: 1.631 | 1.0s
  Epoch 65/800 | Total: 2.166 Edge: 0.396 Con: 0.172 Cls: 1.598 | Val F1: 0.2327 | 1.0s
  Epoch 66/800 | Total: 2.153 Edge: 0.396 Con: 0.171 Cls: 1.586 | 0.9s
  Epoch 67/800 | Total: 2.172 Edge: 0.393 Con: 0.169 Cls: 1.610 | 0.9s
  Epoch 68/800 | Total: 2.136 Edge: 0.387 Con: 0.170 Cls: 1.580 | 0.9s
  Epoch 69/800 | Total: 2.160 Edge: 0.388 Con: 0.171 Cls: 1.601 | 1.0s
  Epoch 70/800 | Total: 2.132 Edge: 0.389 Con: 0.171 Cls: 1.573 | Val F1: 0.2352 | 0.9s
  Epoch 71/800 | Total: 2.140 Edge: 0.387 Con: 0.170 Cls: 1.584 | 0.9s
  Epoch 72/800 | Total: 2.137 Edge: 0.391 Con: 0.170 Cls: 1.577 | 0.9s
  Epoch 73/800 | Total: 2.143 Edge: 0.389 Con: 0.168 Cls: 1.586 | 0.9s
  Epoch 74/800 | Total: 2.104 Edge: 0.384 Con: 0.168 Cls: 1.552 | 1.0s
  Epoch 75/800 | Total: 2.146 Edge: 0.386 Con: 0.167 Cls: 1.592 | Val F1: 0.2402 | 1.1s
  Epoch 76/800 | Total: 2.129 Edge: 0.389 Con: 0.168 Cls: 1.572 | 0.9s
  Epoch 77/800 | Total: 2.116 Edge: 0.385 Con: 0.167 Cls: 1.564 | 1.1s
  Epoch 78/800 | Total: 2.116 Edge: 0.385 Con: 0.168 Cls: 1.564 | 0.9s
  Epoch 79/800 | Total: 2.144 Edge: 0.385 Con: 0.168 Cls: 1.590 | 0.9s
  Epoch 80/800 | Total: 2.249 Edge: 0.391 Con: 0.170 Cls: 1.689 | Val F1: 0.2133 | 0.9s
  Epoch 81/800 | Total: 2.293 Edge: 0.403 Con: 0.171 Cls: 1.720 | 1.1s
  Epoch 82/800 | Total: 2.169 Edge: 0.394 Con: 0.168 Cls: 1.607 | 1.0s
  Epoch 83/800 | Total: 2.102 Edge: 0.391 Con: 0.167 Cls: 1.544 | 0.9s
  Epoch 84/800 | Total: 2.140 Edge: 0.389 Con: 0.168 Cls: 1.583 | 1.0s
  Epoch 85/800 | Total: 2.132 Edge: 0.385 Con: 0.167 Cls: 1.580 | Val F1: 0.2447 | 1.0s
  Epoch 86/800 | Total: 2.087 Edge: 0.383 Con: 0.167 Cls: 1.538 | 1.0s
  Epoch 87/800 | Total: 2.087 Edge: 0.388 Con: 0.167 Cls: 1.533 | 1.1s
  Epoch 88/800 | Total: 2.115 Edge: 0.387 Con: 0.166 Cls: 1.562 | 1.0s
  Epoch 89/800 | Total: 2.114 Edge: 0.390 Con: 0.166 Cls: 1.559 | 0.9s
  Epoch 90/800 | Total: 2.085 Edge: 0.389 Con: 0.166 Cls: 1.530 | Val F1: 0.2430 | 0.9s
  Epoch 91/800 | Total: 2.116 Edge: 0.384 Con: 0.166 Cls: 1.566 | 0.9s
  Epoch 92/800 | Total: 2.097 Edge: 0.382 Con: 0.166 Cls: 1.549 | 0.9s
  Epoch 93/800 | Total: 2.073 Edge: 0.376 Con: 0.166 Cls: 1.532 | 1.0s
  Epoch 94/800 | Total: 2.094 Edge: 0.379 Con: 0.166 Cls: 1.549 | 0.9s
  Epoch 95/800 | Total: 2.092 Edge: 0.383 Con: 0.166 Cls: 1.544 | Val F1: 0.2464 | 0.8s
  Epoch 96/800 | Total: 2.071 Edge: 0.378 Con: 0.166 Cls: 1.527 | 0.9s
  Epoch 97/800 | Total: 2.070 Edge: 0.376 Con: 0.166 Cls: 1.528 | 0.9s
  Epoch 98/800 | Total: 2.065 Edge: 0.376 Con: 0.164 Cls: 1.526 | 0.9s
  Epoch 99/800 | Total: 2.054 Edge: 0.383 Con: 0.164 Cls: 1.507 | 1.0s
  Epoch 100/800 | Total: 2.118 Edge: 0.405 Con: 0.166 Cls: 1.547 | Val F1: 0.2370 | 1.0s
  Epoch 101/800 | Total: 2.065 Edge: 0.393 Con: 0.166 Cls: 1.507 | 0.9s
  Epoch 102/800 | Total: 2.083 Edge: 0.379 Con: 0.164 Cls: 1.540 | 1.0s
  Epoch 103/800 | Total: 2.050 Edge: 0.379 Con: 0.166 Cls: 1.505 | 0.9s
  Epoch 104/800 | Total: 2.086 Edge: 0.380 Con: 0.168 Cls: 1.538 | 0.9s
  Epoch 105/800 | Total: 2.044 Edge: 0.378 Con: 0.164 Cls: 1.501 | Val F1: 0.2648 | 0.9s
  Epoch 106/800 | Total: 2.045 Edge: 0.376 Con: 0.165 Cls: 1.504 | 1.0s
  Epoch 107/800 | Total: 2.044 Edge: 0.372 Con: 0.164 Cls: 1.508 | 0.8s
  Epoch 108/800 | Total: 2.044 Edge: 0.373 Con: 0.163 Cls: 1.508 | 0.9s
  Epoch 109/800 | Total: 2.050 Edge: 0.369 Con: 0.165 Cls: 1.516 | 0.9s
  Epoch 110/800 | Total: 2.066 Edge: 0.375 Con: 0.164 Cls: 1.528 | Val F1: 0.2690 | 1.0s
  Epoch 111/800 | Total: 2.044 Edge: 0.376 Con: 0.164 Cls: 1.504 | 0.9s
  Epoch 112/800 | Total: 2.026 Edge: 0.374 Con: 0.164 Cls: 1.488 | 0.9s
  Epoch 113/800 | Total: 2.009 Edge: 0.375 Con: 0.165 Cls: 1.470 | 0.9s
  Epoch 114/800 | Total: 2.039 Edge: 0.377 Con: 0.165 Cls: 1.498 | 0.8s
  Epoch 115/800 | Total: 2.058 Edge: 0.375 Con: 0.163 Cls: 1.521 | Val F1: 0.2599 | 1.0s
  Epoch 116/800 | Total: 2.025 Edge: 0.373 Con: 0.164 Cls: 1.488 | 1.1s
  Epoch 117/800 | Total: 2.067 Edge: 0.375 Con: 0.165 Cls: 1.527 | 1.0s
  Epoch 118/800 | Total: 2.076 Edge: 0.373 Con: 0.165 Cls: 1.538 | 0.9s
  Epoch 119/800 | Total: 2.030 Edge: 0.376 Con: 0.162 Cls: 1.491 | 1.0s
  Epoch 120/800 | Total: 2.033 Edge: 0.375 Con: 0.163 Cls: 1.495 | Val F1: 0.2638 | 0.9s
  Epoch 121/800 | Total: 2.024 Edge: 0.371 Con: 0.164 Cls: 1.489 | 0.9s
  Epoch 122/800 | Total: 2.028 Edge: 0.372 Con: 0.164 Cls: 1.493 | 1.0s
  Epoch 123/800 | Total: 2.025 Edge: 0.369 Con: 0.163 Cls: 1.492 | 1.2s
  Epoch 124/800 | Total: 2.011 Edge: 0.369 Con: 0.164 Cls: 1.478 | 0.9s
  Epoch 125/800 | Total: 1.993 Edge: 0.366 Con: 0.164 Cls: 1.463 | Val F1: 0.2669 | 0.9s
  Epoch 126/800 | Total: 1.991 Edge: 0.367 Con: 0.163 Cls: 1.460 | 0.9s
  Epoch 127/800 | Total: 2.213 Edge: 0.376 Con: 0.167 Cls: 1.670 | 1.1s
  Epoch 128/800 | Total: 2.293 Edge: 0.387 Con: 0.168 Cls: 1.738 | 1.0s
  Epoch 129/800 | Total: 2.080 Edge: 0.376 Con: 0.163 Cls: 1.541 | 1.0s
  Epoch 130/800 | Total: 2.038 Edge: 0.373 Con: 0.164 Cls: 1.501 | Val F1: 0.2665 | 0.9s
  Epoch 131/800 | Total: 2.034 Edge: 0.370 Con: 0.163 Cls: 1.500 | 0.9s
  Epoch 132/800 | Total: 2.052 Edge: 0.371 Con: 0.164 Cls: 1.517 | 1.0s
  Epoch 133/800 | Total: 2.011 Edge: 0.369 Con: 0.164 Cls: 1.478 | 1.0s
  Epoch 134/800 | Total: 1.996 Edge: 0.365 Con: 0.163 Cls: 1.469 | 1.1s
  Epoch 135/800 | Total: 1.999 Edge: 0.365 Con: 0.163 Cls: 1.470 | Val F1: 0.2740 | 1.0s
  Epoch 136/800 | Total: 1.991 Edge: 0.365 Con: 0.163 Cls: 1.463 | 0.9s
  Epoch 137/800 | Total: 1.966 Edge: 0.365 Con: 0.162 Cls: 1.439 | 0.9s
  Epoch 138/800 | Total: 1.996 Edge: 0.362 Con: 0.164 Cls: 1.469 | 0.9s
  Epoch 139/800 | Total: 1.992 Edge: 0.365 Con: 0.161 Cls: 1.466 | 1.0s
  Epoch 140/800 | Total: 1.991 Edge: 0.369 Con: 0.161 Cls: 1.461 | Val F1: 0.2655 | 0.9s
  Epoch 141/800 | Total: 1.986 Edge: 0.362 Con: 0.160 Cls: 1.464 | 1.0s
  Epoch 142/800 | Total: 1.973 Edge: 0.363 Con: 0.162 Cls: 1.448 | 1.0s
  Epoch 143/800 | Total: 1.983 Edge: 0.363 Con: 0.161 Cls: 1.459 | 0.9s
  Epoch 144/800 | Total: 2.021 Edge: 0.364 Con: 0.161 Cls: 1.496 | 0.9s
  Epoch 145/800 | Total: 1.980 Edge: 0.361 Con: 0.162 Cls: 1.457 | Val F1: 0.2776 | 0.8s
  Epoch 146/800 | Total: 1.944 Edge: 0.361 Con: 0.161 Cls: 1.422 | 1.2s
  Epoch 147/800 | Total: 1.964 Edge: 0.363 Con: 0.162 Cls: 1.439 | 1.0s
  Epoch 148/800 | Total: 2.021 Edge: 0.363 Con: 0.163 Cls: 1.495 | 1.0s
  Epoch 149/800 | Total: 2.015 Edge: 0.366 Con: 0.162 Cls: 1.488 | 0.9s
  Epoch 150/800 | Total: 2.020 Edge: 0.369 Con: 0.164 Cls: 1.487 | Val F1: 0.2709 | 0.9s
  Epoch 151/800 | Total: 1.975 Edge: 0.368 Con: 0.160 Cls: 1.446 | 1.0s
  Epoch 152/800 | Total: 1.973 Edge: 0.367 Con: 0.162 Cls: 1.444 | 0.9s
  Epoch 153/800 | Total: 1.996 Edge: 0.370 Con: 0.162 Cls: 1.465 | 0.9s
  Epoch 154/800 | Total: 1.990 Edge: 0.362 Con: 0.160 Cls: 1.467 | 0.9s
  Epoch 155/800 | Total: 1.988 Edge: 0.363 Con: 0.161 Cls: 1.463 | Val F1: 0.2799 | 1.0s
  Epoch 156/800 | Total: 1.986 Edge: 0.365 Con: 0.162 Cls: 1.459 | 0.9s
  Epoch 157/800 | Total: 1.989 Edge: 0.364 Con: 0.162 Cls: 1.463 | 0.9s
  Epoch 158/800 | Total: 2.000 Edge: 0.360 Con: 0.162 Cls: 1.478 | 1.0s
  Epoch 159/800 | Total: 1.996 Edge: 0.361 Con: 0.160 Cls: 1.474 | 0.9s
  Epoch 160/800 | Total: 1.986 Edge: 0.360 Con: 0.161 Cls: 1.466 | Val F1: 0.2801 | 0.9s
  Epoch 161/800 | Total: 2.072 Edge: 0.369 Con: 0.161 Cls: 1.542 | 0.9s
  Epoch 162/800 | Total: 2.077 Edge: 0.376 Con: 0.162 Cls: 1.540 | 1.0s
  Epoch 163/800 | Total: 2.041 Edge: 0.377 Con: 0.162 Cls: 1.502 | 1.0s
  Epoch 164/800 | Total: 2.002 Edge: 0.369 Con: 0.162 Cls: 1.471 | 0.9s
  Epoch 165/800 | Total: 1.963 Edge: 0.369 Con: 0.161 Cls: 1.434 | Val F1: 0.2807 | 0.9s
  Epoch 166/800 | Total: 1.984 Edge: 0.361 Con: 0.161 Cls: 1.462 | 0.9s
  Epoch 167/800 | Total: 2.002 Edge: 0.358 Con: 0.159 Cls: 1.484 | 1.0s
  Epoch 168/800 | Total: 1.985 Edge: 0.368 Con: 0.160 Cls: 1.456 | 1.1s
  Epoch 169/800 | Total: 1.965 Edge: 0.365 Con: 0.160 Cls: 1.440 | 1.0s
  Epoch 170/800 | Total: 1.958 Edge: 0.361 Con: 0.160 Cls: 1.438 | Val F1: 0.2840 | 1.0s
  Epoch 171/800 | Total: 1.970 Edge: 0.361 Con: 0.160 Cls: 1.450 | 0.9s
  Epoch 172/800 | Total: 1.970 Edge: 0.360 Con: 0.160 Cls: 1.450 | 1.0s
  Epoch 173/800 | Total: 2.012 Edge: 0.363 Con: 0.161 Cls: 1.489 | 1.0s
  Epoch 174/800 | Total: 1.960 Edge: 0.364 Con: 0.161 Cls: 1.434 | 1.0s
  Epoch 175/800 | Total: 1.936 Edge: 0.359 Con: 0.159 Cls: 1.417 | Val F1: 0.2988 | 1.0s
  Epoch 176/800 | Total: 1.932 Edge: 0.361 Con: 0.161 Cls: 1.411 | 0.8s
  Epoch 177/800 | Total: 1.956 Edge: 0.365 Con: 0.160 Cls: 1.431 | 1.0s
  Epoch 178/800 | Total: 1.944 Edge: 0.362 Con: 0.159 Cls: 1.422 | 1.0s
  Epoch 179/800 | Total: 1.947 Edge: 0.361 Con: 0.159 Cls: 1.427 | 0.9s
  Epoch 180/800 | Total: 1.928 Edge: 0.360 Con: 0.159 Cls: 1.409 | Val F1: 0.2796 | 0.9s
  Epoch 181/800 | Total: 1.960 Edge: 0.360 Con: 0.159 Cls: 1.441 | 1.1s
  Epoch 182/800 | Total: 1.968 Edge: 0.358 Con: 0.162 Cls: 1.448 | 1.0s
  Epoch 183/800 | Total: 1.952 Edge: 0.356 Con: 0.160 Cls: 1.435 | 0.9s
  Epoch 184/800 | Total: 1.966 Edge: 0.359 Con: 0.161 Cls: 1.446 | 0.9s
  Epoch 185/800 | Total: 1.983 Edge: 0.363 Con: 0.160 Cls: 1.460 | Val F1: 0.2686 | 0.9s
  Epoch 186/800 | Total: 1.941 Edge: 0.360 Con: 0.159 Cls: 1.423 | 0.9s
  Epoch 187/800 | Total: 1.937 Edge: 0.356 Con: 0.159 Cls: 1.422 | 0.9s
  Epoch 188/800 | Total: 1.944 Edge: 0.360 Con: 0.159 Cls: 1.426 | 0.9s
  Epoch 189/800 | Total: 1.951 Edge: 0.366 Con: 0.159 Cls: 1.426 | 1.1s
  Epoch 190/800 | Total: 1.939 Edge: 0.363 Con: 0.159 Cls: 1.417 | Val F1: 0.2889 | 0.9s
  Epoch 191/800 | Total: 1.943 Edge: 0.359 Con: 0.159 Cls: 1.424 | 1.0s
  Epoch 192/800 | Total: 1.938 Edge: 0.357 Con: 0.161 Cls: 1.420 | 1.0s
  Epoch 193/800 | Total: 1.942 Edge: 0.356 Con: 0.158 Cls: 1.427 | 0.9s
  Epoch 194/800 | Total: 2.111 Edge: 0.365 Con: 0.160 Cls: 1.586 | 0.9s
  Epoch 195/800 | Total: 2.186 Edge: 0.373 Con: 0.164 Cls: 1.649 | Val F1: 0.2411 | 1.0s
  Epoch 196/800 | Total: 2.001 Edge: 0.364 Con: 0.160 Cls: 1.477 | 0.9s
  Epoch 197/800 | Total: 1.969 Edge: 0.364 Con: 0.160 Cls: 1.445 | 0.9s
  Epoch 198/800 | Total: 1.954 Edge: 0.364 Con: 0.159 Cls: 1.431 | 1.0s
  Epoch 199/800 | Total: 1.986 Edge: 0.360 Con: 0.158 Cls: 1.467 | 0.8s
  Epoch 200/800 | Total: 1.942 Edge: 0.358 Con: 0.159 Cls: 1.425 | Val F1: 0.2845 | 1.0s
  Epoch 201/800 | Total: 1.960 Edge: 0.360 Con: 0.160 Cls: 1.441 | 0.9s
  Epoch 202/800 | Total: 1.966 Edge: 0.358 Con: 0.160 Cls: 1.448 | 0.8s
  Epoch 203/800 | Total: 1.924 Edge: 0.358 Con: 0.159 Cls: 1.407 | 0.9s
  Epoch 204/800 | Total: 1.958 Edge: 0.356 Con: 0.160 Cls: 1.442 | 0.9s
  Epoch 205/800 | Total: 1.961 Edge: 0.358 Con: 0.159 Cls: 1.444 | Val F1: 0.2782 | 0.9s
  Epoch 206/800 | Total: 1.971 Edge: 0.359 Con: 0.159 Cls: 1.453 | 0.9s
  Epoch 207/800 | Total: 1.940 Edge: 0.360 Con: 0.157 Cls: 1.422 | 1.0s
  Epoch 208/800 | Total: 1.933 Edge: 0.359 Con: 0.158 Cls: 1.416 | 0.9s
  Epoch 209/800 | Total: 1.940 Edge: 0.359 Con: 0.160 Cls: 1.421 | 1.0s
  Epoch 210/800 | Total: 1.926 Edge: 0.360 Con: 0.159 Cls: 1.408 | Val F1: 0.2949 | 0.9s
  Epoch 211/800 | Total: 1.948 Edge: 0.356 Con: 0.159 Cls: 1.433 | 1.0s
  Epoch 212/800 | Total: 1.967 Edge: 0.359 Con: 0.159 Cls: 1.449 | 0.9s
  Epoch 213/800 | Total: 1.912 Edge: 0.353 Con: 0.159 Cls: 1.400 | 0.9s
  Epoch 214/800 | Total: 1.915 Edge: 0.353 Con: 0.159 Cls: 1.404 | 0.9s
  Epoch 215/800 | Total: 1.949 Edge: 0.355 Con: 0.159 Cls: 1.435 | Val F1: 0.2993 | 0.9s
  Epoch 216/800 | Total: 1.931 Edge: 0.358 Con: 0.158 Cls: 1.415 | 0.9s
  Epoch 217/800 | Total: 1.977 Edge: 0.360 Con: 0.157 Cls: 1.459 | 1.0s
  Epoch 218/800 | Total: 1.955 Edge: 0.357 Con: 0.158 Cls: 1.440 | 1.0s
  Epoch 219/800 | Total: 1.938 Edge: 0.356 Con: 0.159 Cls: 1.423 | 1.0s
  Epoch 220/800 | Total: 1.943 Edge: 0.353 Con: 0.158 Cls: 1.432 | Val F1: 0.2856 | 1.1s
  Epoch 221/800 | Total: 1.910 Edge: 0.351 Con: 0.158 Cls: 1.401 | 1.0s
  Epoch 222/800 | Total: 1.913 Edge: 0.353 Con: 0.159 Cls: 1.402 | 0.9s
  Epoch 223/800 | Total: 1.910 Edge: 0.353 Con: 0.158 Cls: 1.400 | 0.9s
  Epoch 224/800 | Total: 1.907 Edge: 0.351 Con: 0.159 Cls: 1.397 | 0.9s
  Epoch 225/800 | Total: 1.900 Edge: 0.351 Con: 0.157 Cls: 1.392 | Val F1: 0.3011 | 0.9s
  Epoch 226/800 | Total: 1.922 Edge: 0.358 Con: 0.159 Cls: 1.405 | 1.1s
  Epoch 227/800 | Total: 1.966 Edge: 0.364 Con: 0.158 Cls: 1.443 | 0.9s
  Epoch 228/800 | Total: 1.968 Edge: 0.362 Con: 0.158 Cls: 1.449 | 0.9s
  Epoch 229/800 | Total: 1.931 Edge: 0.360 Con: 0.158 Cls: 1.414 | 1.0s
  Epoch 230/800 | Total: 1.918 Edge: 0.353 Con: 0.158 Cls: 1.406 | Val F1: 0.3094 | 1.1s
  Epoch 231/800 | Total: 1.942 Edge: 0.354 Con: 0.160 Cls: 1.428 | 1.0s
  Epoch 232/800 | Total: 1.951 Edge: 0.357 Con: 0.158 Cls: 1.436 | 1.0s
  Epoch 233/800 | Total: 1.914 Edge: 0.357 Con: 0.157 Cls: 1.400 | 1.0s
  Epoch 234/800 | Total: 1.921 Edge: 0.355 Con: 0.156 Cls: 1.409 | 0.8s
  Epoch 235/800 | Total: 1.978 Edge: 0.360 Con: 0.157 Cls: 1.461 | Val F1: 0.2929 | 0.9s
  Epoch 236/800 | Total: 1.932 Edge: 0.364 Con: 0.158 Cls: 1.410 | 0.9s
  Epoch 237/800 | Total: 1.938 Edge: 0.357 Con: 0.157 Cls: 1.424 | 1.0s
  Epoch 238/800 | Total: 2.000 Edge: 0.352 Con: 0.159 Cls: 1.489 | 0.9s
  Epoch 239/800 | Total: 2.043 Edge: 0.360 Con: 0.160 Cls: 1.523 | 1.0s
  Epoch 240/800 | Total: 2.004 Edge: 0.359 Con: 0.159 Cls: 1.485 | Val F1: 0.2780 | 0.8s
  Epoch 241/800 | Total: 1.943 Edge: 0.360 Con: 0.158 Cls: 1.425 | 0.9s
  Epoch 242/800 | Total: 1.901 Edge: 0.356 Con: 0.156 Cls: 1.388 | 0.9s
  Epoch 243/800 | Total: 1.898 Edge: 0.352 Con: 0.157 Cls: 1.389 | 1.0s
  Epoch 244/800 | Total: 1.916 Edge: 0.353 Con: 0.160 Cls: 1.402 | 1.0s
  Epoch 245/800 | Total: 1.913 Edge: 0.354 Con: 0.157 Cls: 1.402 | Val F1: 0.3042 | 0.9s
  Epoch 246/800 | Total: 1.901 Edge: 0.351 Con: 0.158 Cls: 1.392 | 1.0s
  Epoch 247/800 | Total: 1.897 Edge: 0.351 Con: 0.158 Cls: 1.388 | 1.0s
  Epoch 248/800 | Total: 1.908 Edge: 0.349 Con: 0.157 Cls: 1.401 | 1.0s
  Epoch 249/800 | Total: 1.890 Edge: 0.347 Con: 0.158 Cls: 1.384 | 0.9s
  Epoch 250/800 | Total: 1.904 Edge: 0.348 Con: 0.157 Cls: 1.400 | Val F1: 0.2946 | 1.0s
  Epoch 251/800 | Total: 1.899 Edge: 0.347 Con: 0.157 Cls: 1.394 | 0.9s
  Epoch 252/800 | Total: 1.941 Edge: 0.350 Con: 0.157 Cls: 1.434 | 1.0s
  Epoch 253/800 | Total: 1.910 Edge: 0.349 Con: 0.156 Cls: 1.405 | 0.9s
  Epoch 254/800 | Total: 1.880 Edge: 0.348 Con: 0.157 Cls: 1.375 | 1.0s
  Epoch 255/800 | Total: 1.885 Edge: 0.349 Con: 0.157 Cls: 1.379 | Val F1: 0.2995 | 1.1s
  Epoch 256/800 | Total: 1.922 Edge: 0.353 Con: 0.156 Cls: 1.413 | 0.9s
  Epoch 257/800 | Total: 1.915 Edge: 0.355 Con: 0.156 Cls: 1.404 | 0.9s
  Epoch 258/800 | Total: 1.939 Edge: 0.353 Con: 0.158 Cls: 1.427 | 0.9s
  Epoch 259/800 | Total: 1.896 Edge: 0.357 Con: 0.158 Cls: 1.380 | 0.9s
  Epoch 260/800 | Total: 1.898 Edge: 0.351 Con: 0.157 Cls: 1.391 | Val F1: 0.3061 | 0.9s
  Epoch 261/800 | Total: 1.942 Edge: 0.354 Con: 0.157 Cls: 1.430 | 1.0s
  Epoch 262/800 | Total: 1.909 Edge: 0.351 Con: 0.157 Cls: 1.402 | 0.9s
  Epoch 263/800 | Total: 1.916 Edge: 0.353 Con: 0.157 Cls: 1.406 | 1.0s
  Epoch 264/800 | Total: 1.899 Edge: 0.354 Con: 0.155 Cls: 1.390 | 0.9s
  Epoch 265/800 | Total: 1.946 Edge: 0.352 Con: 0.157 Cls: 1.436 | Val F1: 0.3079 | 1.0s
  Epoch 266/800 | Total: 1.931 Edge: 0.357 Con: 0.158 Cls: 1.416 | 1.0s
  Epoch 267/800 | Total: 1.918 Edge: 0.352 Con: 0.156 Cls: 1.409 | 0.8s
  Epoch 268/800 | Total: 1.908 Edge: 0.351 Con: 0.157 Cls: 1.400 | 0.9s
  Epoch 269/800 | Total: 1.892 Edge: 0.351 Con: 0.157 Cls: 1.385 | 0.9s
  Epoch 270/800 | Total: 1.887 Edge: 0.349 Con: 0.156 Cls: 1.382 | Val F1: 0.3012 | 0.9s
  Epoch 271/800 | Total: 1.881 Edge: 0.347 Con: 0.156 Cls: 1.378 | 0.9s
  Epoch 272/800 | Total: 1.857 Edge: 0.345 Con: 0.157 Cls: 1.355 | 0.9s
  Epoch 273/800 | Total: 1.941 Edge: 0.349 Con: 0.157 Cls: 1.435 | 1.2s
  Epoch 274/800 | Total: 2.055 Edge: 0.357 Con: 0.158 Cls: 1.540 | 1.0s
  Epoch 275/800 | Total: 1.975 Edge: 0.361 Con: 0.160 Cls: 1.455 | Val F1: 0.3062 | 0.9s
  Epoch 276/800 | Total: 1.922 Edge: 0.360 Con: 0.156 Cls: 1.405 | 0.9s
  Epoch 277/800 | Total: 1.930 Edge: 0.367 Con: 0.158 Cls: 1.406 | 1.0s
  Epoch 278/800 | Total: 1.932 Edge: 0.358 Con: 0.156 Cls: 1.417 | 0.9s
  Epoch 279/800 | Total: 1.972 Edge: 0.354 Con: 0.156 Cls: 1.463 | 0.8s
  Epoch 280/800 | Total: 1.908 Edge: 0.350 Con: 0.158 Cls: 1.401 | Val F1: 0.2985 | 0.9s
  Epoch 281/800 | Total: 1.930 Edge: 0.350 Con: 0.157 Cls: 1.423 | 1.0s
  Epoch 282/800 | Total: 1.903 Edge: 0.347 Con: 0.158 Cls: 1.398 | 1.1s
  Epoch 283/800 | Total: 1.921 Edge: 0.347 Con: 0.157 Cls: 1.418 | 1.1s
  Epoch 284/800 | Total: 1.893 Edge: 0.348 Con: 0.158 Cls: 1.387 | 1.0s
  Epoch 285/800 | Total: 1.892 Edge: 0.348 Con: 0.156 Cls: 1.389 | Val F1: 0.2971 | 0.8s
  Epoch 286/800 | Total: 1.896 Edge: 0.347 Con: 0.156 Cls: 1.393 | 0.9s
  Epoch 287/800 | Total: 1.875 Edge: 0.349 Con: 0.156 Cls: 1.371 | 0.9s
  Epoch 288/800 | Total: 1.892 Edge: 0.353 Con: 0.156 Cls: 1.382 | 0.9s
  Epoch 289/800 | Total: 1.894 Edge: 0.353 Con: 0.157 Cls: 1.384 | 1.1s
  Epoch 290/800 | Total: 1.890 Edge: 0.352 Con: 0.156 Cls: 1.383 | Val F1: 0.3149 | 0.9s
  Epoch 291/800 | Total: 1.893 Edge: 0.349 Con: 0.157 Cls: 1.386 | 0.9s
  Epoch 292/800 | Total: 1.917 Edge: 0.346 Con: 0.158 Cls: 1.413 | 1.0s
  Epoch 293/800 | Total: 1.925 Edge: 0.348 Con: 0.156 Cls: 1.421 | 0.8s
  Epoch 294/800 | Total: 1.892 Edge: 0.345 Con: 0.157 Cls: 1.389 | 1.1s
  Epoch 295/800 | Total: 1.893 Edge: 0.349 Con: 0.157 Cls: 1.387 | Val F1: 0.3191 | 0.9s
  Epoch 296/800 | Total: 1.874 Edge: 0.347 Con: 0.157 Cls: 1.370 | 0.9s
  Epoch 297/800 | Total: 1.896 Edge: 0.349 Con: 0.156 Cls: 1.391 | 0.8s
  Epoch 298/800 | Total: 1.892 Edge: 0.345 Con: 0.156 Cls: 1.391 | 0.9s
  Epoch 299/800 | Total: 1.867 Edge: 0.347 Con: 0.155 Cls: 1.365 | 0.9s
  Epoch 300/800 | Total: 1.889 Edge: 0.349 Con: 0.154 Cls: 1.386 | Val F1: 0.3126 | 0.9s
  Epoch 301/800 | Total: 1.864 Edge: 0.350 Con: 0.155 Cls: 1.359 | 0.9s
  Epoch 302/800 | Total: 1.883 Edge: 0.353 Con: 0.156 Cls: 1.374 | 0.9s
  Epoch 303/800 | Total: 1.947 Edge: 0.353 Con: 0.157 Cls: 1.437 | 1.1s
  Epoch 304/800 | Total: 1.971 Edge: 0.362 Con: 0.157 Cls: 1.452 | 1.0s
  Epoch 305/800 | Total: 1.900 Edge: 0.353 Con: 0.158 Cls: 1.390 | Val F1: 0.3140 | 1.0s
  Epoch 306/800 | Total: 1.883 Edge: 0.353 Con: 0.156 Cls: 1.374 | 1.1s
  Epoch 307/800 | Total: 1.879 Edge: 0.348 Con: 0.156 Cls: 1.375 | 0.9s
  Epoch 308/800 | Total: 1.920 Edge: 0.348 Con: 0.157 Cls: 1.415 | 0.9s
  Epoch 309/800 | Total: 1.888 Edge: 0.347 Con: 0.156 Cls: 1.386 | 1.0s
  Epoch 310/800 | Total: 1.876 Edge: 0.345 Con: 0.155 Cls: 1.376 | Val F1: 0.2996 | 1.0s
  Epoch 311/800 | Total: 1.892 Edge: 0.345 Con: 0.156 Cls: 1.390 | 1.0s
  Epoch 312/800 | Total: 1.878 Edge: 0.346 Con: 0.155 Cls: 1.377 | 1.0s
  Epoch 313/800 | Total: 1.933 Edge: 0.361 Con: 0.158 Cls: 1.414 | 1.0s
  Epoch 314/800 | Total: 1.936 Edge: 0.362 Con: 0.156 Cls: 1.418 | 1.0s
  Epoch 315/800 | Total: 1.887 Edge: 0.355 Con: 0.156 Cls: 1.377 | Val F1: 0.3084 | 1.0s
  Epoch 316/800 | Total: 1.869 Edge: 0.345 Con: 0.155 Cls: 1.368 | 1.0s
  Epoch 317/800 | Total: 1.857 Edge: 0.346 Con: 0.155 Cls: 1.356 | 1.0s
  Epoch 318/800 | Total: 1.855 Edge: 0.342 Con: 0.156 Cls: 1.357 | 0.9s
  Epoch 319/800 | Total: 1.860 Edge: 0.341 Con: 0.156 Cls: 1.363 | 1.0s
  Epoch 320/800 | Total: 1.875 Edge: 0.345 Con: 0.155 Cls: 1.374 | Val F1: 0.3162 | 0.9s
  Epoch 321/800 | Total: 1.881 Edge: 0.347 Con: 0.157 Cls: 1.377 | 0.9s
  Epoch 322/800 | Total: 1.866 Edge: 0.351 Con: 0.156 Cls: 1.358 | 0.9s
  Epoch 323/800 | Total: 1.923 Edge: 0.348 Con: 0.156 Cls: 1.419 | 0.8s
  Epoch 324/800 | Total: 1.872 Edge: 0.344 Con: 0.156 Cls: 1.372 | 0.9s
  Epoch 325/800 | Total: 1.864 Edge: 0.346 Con: 0.156 Cls: 1.363 | Val F1: 0.3143 | 0.9s
  Epoch 326/800 | Total: 1.886 Edge: 0.347 Con: 0.155 Cls: 1.383 | 0.9s
  Epoch 327/800 | Total: 1.876 Edge: 0.348 Con: 0.156 Cls: 1.373 | 0.9s
  Epoch 328/800 | Total: 1.864 Edge: 0.345 Con: 0.156 Cls: 1.363 | 1.0s
  Epoch 329/800 | Total: 1.867 Edge: 0.343 Con: 0.155 Cls: 1.369 | 1.0s
  Epoch 330/800 | Total: 1.954 Edge: 0.351 Con: 0.156 Cls: 1.447 | Val F1: 0.2970 | 1.0s
  Epoch 331/800 | Total: 1.972 Edge: 0.355 Con: 0.157 Cls: 1.461 | 1.0s
  Epoch 332/800 | Total: 1.901 Edge: 0.361 Con: 0.157 Cls: 1.384 | 1.1s
  Epoch 333/800 | Total: 1.918 Edge: 0.358 Con: 0.158 Cls: 1.402 | 1.0s
  Epoch 334/800 | Total: 1.920 Edge: 0.355 Con: 0.156 Cls: 1.409 | 0.9s
  Epoch 335/800 | Total: 1.898 Edge: 0.348 Con: 0.155 Cls: 1.395 | Val F1: 0.3098 | 0.9s
  Epoch 336/800 | Total: 1.849 Edge: 0.342 Con: 0.155 Cls: 1.351 | 0.9s
  Epoch 337/800 | Total: 1.882 Edge: 0.345 Con: 0.156 Cls: 1.381 | 0.9s
  Epoch 338/800 | Total: 1.878 Edge: 0.344 Con: 0.156 Cls: 1.378 | 0.9s
  Epoch 339/800 | Total: 1.850 Edge: 0.345 Con: 0.154 Cls: 1.350 | 0.9s
  Epoch 340/800 | Total: 1.863 Edge: 0.344 Con: 0.155 Cls: 1.363 | Val F1: 0.3138 | 0.9s
  Epoch 341/800 | Total: 1.876 Edge: 0.343 Con: 0.156 Cls: 1.377 | 0.9s
  Epoch 342/800 | Total: 1.906 Edge: 0.346 Con: 0.156 Cls: 1.404 | 1.0s
  Epoch 343/800 | Total: 1.870 Edge: 0.346 Con: 0.156 Cls: 1.368 | 0.9s
  Epoch 344/800 | Total: 1.875 Edge: 0.347 Con: 0.155 Cls: 1.374 | 1.1s
  Epoch 345/800 | Total: 1.850 Edge: 0.342 Con: 0.154 Cls: 1.354 | Val F1: 0.3222 | 0.9s
  Epoch 346/800 | Total: 1.847 Edge: 0.340 Con: 0.156 Cls: 1.351 | 0.9s
  Epoch 347/800 | Total: 1.853 Edge: 0.343 Con: 0.155 Cls: 1.355 | 0.9s
  Epoch 348/800 | Total: 1.871 Edge: 0.342 Con: 0.155 Cls: 1.374 | 0.9s
  Epoch 349/800 | Total: 1.874 Edge: 0.344 Con: 0.155 Cls: 1.375 | 1.0s
  Epoch 350/800 | Total: 1.879 Edge: 0.350 Con: 0.156 Cls: 1.373 | Val F1: 0.3149 | 0.9s
  Epoch 351/800 | Total: 1.898 Edge: 0.349 Con: 0.155 Cls: 1.394 | 1.1s
  Epoch 352/800 | Total: 1.873 Edge: 0.351 Con: 0.157 Cls: 1.366 | 1.0s
  Epoch 353/800 | Total: 1.847 Edge: 0.345 Con: 0.155 Cls: 1.348 | 0.8s
  Epoch 354/800 | Total: 1.870 Edge: 0.345 Con: 0.156 Cls: 1.369 | 0.9s
  Epoch 355/800 | Total: 1.840 Edge: 0.343 Con: 0.155 Cls: 1.343 | Val F1: 0.3211 | 0.8s
  Epoch 356/800 | Total: 1.876 Edge: 0.345 Con: 0.155 Cls: 1.377 | 0.9s
  Epoch 357/800 | Total: 1.868 Edge: 0.347 Con: 0.154 Cls: 1.366 | 1.0s
  Epoch 358/800 | Total: 1.848 Edge: 0.340 Con: 0.154 Cls: 1.353 | 0.9s
  Epoch 359/800 | Total: 1.858 Edge: 0.340 Con: 0.154 Cls: 1.364 | 1.0s
  Epoch 360/800 | Total: 1.865 Edge: 0.341 Con: 0.155 Cls: 1.368 | Val F1: 0.3140 | 0.9s
  Epoch 361/800 | Total: 1.888 Edge: 0.343 Con: 0.156 Cls: 1.390 | 1.0s
  Epoch 362/800 | Total: 1.904 Edge: 0.343 Con: 0.155 Cls: 1.407 | 0.9s
  Epoch 363/800 | Total: 1.860 Edge: 0.342 Con: 0.154 Cls: 1.363 | 1.0s
  Epoch 364/800 | Total: 1.860 Edge: 0.345 Con: 0.155 Cls: 1.360 | 0.9s
  Epoch 365/800 | Total: 1.853 Edge: 0.341 Con: 0.155 Cls: 1.358 | Val F1: 0.3103 | 0.9s
  Epoch 366/800 | Total: 1.870 Edge: 0.341 Con: 0.155 Cls: 1.374 | 0.9s
  Epoch 367/800 | Total: 1.859 Edge: 0.342 Con: 0.155 Cls: 1.361 | 0.9s
  Epoch 368/800 | Total: 1.877 Edge: 0.340 Con: 0.154 Cls: 1.383 | 1.0s
  Epoch 369/800 | Total: 1.857 Edge: 0.344 Con: 0.155 Cls: 1.358 | 1.0s
  Epoch 370/800 | Total: 1.843 Edge: 0.342 Con: 0.155 Cls: 1.346 | Val F1: 0.2937 | 0.9s
  Epoch 371/800 | Total: 1.866 Edge: 0.340 Con: 0.154 Cls: 1.372 | 1.0s
  Epoch 372/800 | Total: 1.863 Edge: 0.342 Con: 0.155 Cls: 1.366 | 1.1s
  Epoch 373/800 | Total: 1.852 Edge: 0.342 Con: 0.155 Cls: 1.355 | 0.9s
  Epoch 374/800 | Total: 1.836 Edge: 0.348 Con: 0.155 Cls: 1.333 | 0.9s
  Epoch 375/800 | Total: 1.839 Edge: 0.342 Con: 0.154 Cls: 1.343 | Val F1: 0.3206 | 0.9s
  Epoch 376/800 | Total: 1.858 Edge: 0.342 Con: 0.154 Cls: 1.362 | 1.0s
  Epoch 377/800 | Total: 1.850 Edge: 0.342 Con: 0.155 Cls: 1.353 | 1.1s
  Epoch 378/800 | Total: 1.923 Edge: 0.342 Con: 0.156 Cls: 1.426 | 1.0s
  Epoch 379/800 | Total: 1.891 Edge: 0.340 Con: 0.154 Cls: 1.396 | 1.0s
  Epoch 380/800 | Total: 1.853 Edge: 0.347 Con: 0.156 Cls: 1.350 | Val F1: 0.3166 | 0.8s
  Epoch 381/800 | Total: 1.835 Edge: 0.350 Con: 0.154 Cls: 1.330 | 1.2s
  Epoch 382/800 | Total: 1.839 Edge: 0.351 Con: 0.154 Cls: 1.333 | 1.0s
  Epoch 383/800 | Total: 1.887 Edge: 0.346 Con: 0.156 Cls: 1.384 | 1.0s
  Epoch 384/800 | Total: 1.877 Edge: 0.341 Con: 0.155 Cls: 1.380 | 0.9s
  Epoch 385/800 | Total: 1.879 Edge: 0.344 Con: 0.155 Cls: 1.381 | Val F1: 0.3128 | 1.0s
  Epoch 386/800 | Total: 1.879 Edge: 0.344 Con: 0.155 Cls: 1.381 | 0.8s
  Epoch 387/800 | Total: 1.862 Edge: 0.341 Con: 0.156 Cls: 1.365 | 0.9s
  Epoch 388/800 | Total: 1.846 Edge: 0.339 Con: 0.154 Cls: 1.352 | 0.9s
  Epoch 389/800 | Total: 1.841 Edge: 0.337 Con: 0.154 Cls: 1.350 | 0.9s
  Epoch 390/800 | Total: 1.856 Edge: 0.338 Con: 0.154 Cls: 1.364 | Val F1: 0.3207 | 0.9s
  Epoch 391/800 | Total: 1.857 Edge: 0.343 Con: 0.155 Cls: 1.359 | 0.9s
  Epoch 392/800 | Total: 1.905 Edge: 0.349 Con: 0.156 Cls: 1.400 | 0.8s
  Epoch 393/800 | Total: 1.897 Edge: 0.350 Con: 0.155 Cls: 1.393 | 0.9s
  Epoch 394/800 | Total: 1.869 Edge: 0.351 Con: 0.156 Cls: 1.362 | 0.9s
  Epoch 395/800 | Total: 1.875 Edge: 0.352 Con: 0.153 Cls: 1.369 | Val F1: 0.2916 | 1.0s
  Epoch 396/800 | Total: 1.884 Edge: 0.351 Con: 0.154 Cls: 1.379 | 1.0s
  Epoch 397/800 | Total: 1.859 Edge: 0.341 Con: 0.153 Cls: 1.365 | 1.0s
  Epoch 398/800 | Total: 1.830 Edge: 0.347 Con: 0.153 Cls: 1.330 | 0.9s
  Epoch 399/800 | Total: 1.844 Edge: 0.345 Con: 0.155 Cls: 1.343 | 0.8s
  Epoch 400/800 | Total: 1.885 Edge: 0.342 Con: 0.154 Cls: 1.388 | Val F1: 0.3177 | 0.9s
  Epoch 401/800 | Total: 1.857 Edge: 0.341 Con: 0.155 Cls: 1.361 | 0.9s
  Epoch 402/800 | Total: 1.870 Edge: 0.339 Con: 0.155 Cls: 1.376 | 0.9s
  Epoch 403/800 | Total: 1.842 Edge: 0.343 Con: 0.155 Cls: 1.344 | 0.9s
  Epoch 404/800 | Total: 1.841 Edge: 0.343 Con: 0.155 Cls: 1.342 | 1.0s
  Epoch 405/800 | Total: 1.862 Edge: 0.342 Con: 0.154 Cls: 1.365 | Val F1: 0.3193 | 0.9s
  Epoch 406/800 | Total: 1.863 Edge: 0.342 Con: 0.155 Cls: 1.366 | 1.0s
  Epoch 407/800 | Total: 1.846 Edge: 0.342 Con: 0.155 Cls: 1.349 | 0.9s
  Epoch 408/800 | Total: 1.848 Edge: 0.346 Con: 0.154 Cls: 1.349 | 1.0s
  Epoch 409/800 | Total: 1.877 Edge: 0.341 Con: 0.154 Cls: 1.382 | 0.9s
  Epoch 410/800 | Total: 1.868 Edge: 0.342 Con: 0.155 Cls: 1.371 | Val F1: 0.3192 | 0.9s
  Epoch 411/800 | Total: 1.831 Edge: 0.342 Con: 0.154 Cls: 1.335 | 1.0s
  Epoch 412/800 | Total: 1.839 Edge: 0.346 Con: 0.154 Cls: 1.339 | 0.9s
  Epoch 413/800 | Total: 1.883 Edge: 0.346 Con: 0.154 Cls: 1.383 | 1.1s
  Epoch 414/800 | Total: 1.889 Edge: 0.344 Con: 0.154 Cls: 1.391 | 1.0s
  Epoch 415/800 | Total: 1.847 Edge: 0.344 Con: 0.153 Cls: 1.349 | Val F1: 0.3282 | 1.1s
  Epoch 416/800 | Total: 1.847 Edge: 0.346 Con: 0.155 Cls: 1.346 | 0.9s
  Epoch 417/800 | Total: 1.849 Edge: 0.342 Con: 0.154 Cls: 1.352 | 0.8s
  Epoch 418/800 | Total: 1.832 Edge: 0.341 Con: 0.154 Cls: 1.336 | 0.9s
  Epoch 419/800 | Total: 1.837 Edge: 0.338 Con: 0.155 Cls: 1.345 | 0.9s
  Epoch 420/800 | Total: 1.854 Edge: 0.340 Con: 0.154 Cls: 1.359 | Val F1: 0.3109 | 1.0s
  Epoch 421/800 | Total: 1.855 Edge: 0.343 Con: 0.157 Cls: 1.356 | 0.9s
  Epoch 422/800 | Total: 1.822 Edge: 0.338 Con: 0.155 Cls: 1.328 | 0.9s
  Epoch 423/800 | Total: 1.842 Edge: 0.339 Con: 0.155 Cls: 1.349 | 0.9s
  Epoch 424/800 | Total: 1.858 Edge: 0.340 Con: 0.155 Cls: 1.363 | 1.0s
  Epoch 425/800 | Total: 1.894 Edge: 0.343 Con: 0.155 Cls: 1.396 | Val F1: 0.2944 | 1.0s
  Epoch 426/800 | Total: 1.996 Edge: 0.355 Con: 0.156 Cls: 1.485 | 1.1s
  Epoch 427/800 | Total: 1.904 Edge: 0.357 Con: 0.155 Cls: 1.391 | 0.9s
  Epoch 428/800 | Total: 1.899 Edge: 0.365 Con: 0.155 Cls: 1.379 | 1.0s
  Epoch 429/800 | Total: 1.874 Edge: 0.365 Con: 0.155 Cls: 1.354 | 1.0s
  Epoch 430/800 | Total: 1.840 Edge: 0.351 Con: 0.154 Cls: 1.335 | Val F1: 0.3315 | 1.0s
  Epoch 431/800 | Total: 1.834 Edge: 0.343 Con: 0.155 Cls: 1.336 | 0.9s
  Epoch 432/800 | Total: 1.838 Edge: 0.341 Con: 0.153 Cls: 1.343 | 0.8s
  Epoch 433/800 | Total: 1.836 Edge: 0.340 Con: 0.154 Cls: 1.342 | 0.9s
  Epoch 434/800 | Total: 1.830 Edge: 0.338 Con: 0.155 Cls: 1.337 | 0.9s
  Epoch 435/800 | Total: 1.846 Edge: 0.337 Con: 0.154 Cls: 1.355 | Val F1: 0.3359 | 0.9s
  Epoch 436/800 | Total: 1.831 Edge: 0.337 Con: 0.154 Cls: 1.340 | 1.1s
  Epoch 437/800 | Total: 1.820 Edge: 0.336 Con: 0.154 Cls: 1.330 | 1.1s
  Epoch 438/800 | Total: 1.825 Edge: 0.338 Con: 0.155 Cls: 1.332 | 1.0s
  Epoch 439/800 | Total: 1.833 Edge: 0.341 Con: 0.155 Cls: 1.338 | 0.9s
  Epoch 440/800 | Total: 1.833 Edge: 0.342 Con: 0.155 Cls: 1.337 | Val F1: 0.3388 | 0.9s
  Epoch 441/800 | Total: 1.829 Edge: 0.340 Con: 0.155 Cls: 1.335 | 0.9s
  Epoch 442/800 | Total: 1.853 Edge: 0.342 Con: 0.155 Cls: 1.357 | 1.0s
  Epoch 443/800 | Total: 1.855 Edge: 0.339 Con: 0.154 Cls: 1.362 | 0.9s
  Epoch 444/800 | Total: 2.005 Edge: 0.343 Con: 0.156 Cls: 1.506 | 1.0s
  Epoch 445/800 | Total: 1.924 Edge: 0.351 Con: 0.158 Cls: 1.416 | Val F1: 0.3133 | 0.8s
  Epoch 446/800 | Total: 1.857 Edge: 0.347 Con: 0.157 Cls: 1.354 | 0.9s
  Epoch 447/800 | Total: 1.842 Edge: 0.342 Con: 0.153 Cls: 1.347 | 0.9s
  Epoch 448/800 | Total: 1.856 Edge: 0.341 Con: 0.155 Cls: 1.361 | 0.9s
  Epoch 449/800 | Total: 1.841 Edge: 0.343 Con: 0.155 Cls: 1.343 | 0.8s
  Epoch 450/800 | Total: 1.853 Edge: 0.346 Con: 0.155 Cls: 1.352 | Val F1: 0.3174 | 0.8s
  Epoch 451/800 | Total: 1.859 Edge: 0.344 Con: 0.153 Cls: 1.362 | 0.9s
  Epoch 452/800 | Total: 1.838 Edge: 0.344 Con: 0.154 Cls: 1.339 | 0.9s
  Epoch 453/800 | Total: 1.868 Edge: 0.340 Con: 0.155 Cls: 1.373 | 0.9s
  Epoch 454/800 | Total: 1.888 Edge: 0.345 Con: 0.155 Cls: 1.388 | 0.9s
  Epoch 455/800 | Total: 1.858 Edge: 0.350 Con: 0.154 Cls: 1.353 | Val F1: 0.3060 | 1.0s
  Epoch 456/800 | Total: 1.861 Edge: 0.345 Con: 0.155 Cls: 1.362 | 0.9s
  Epoch 457/800 | Total: 1.957 Edge: 0.346 Con: 0.156 Cls: 1.456 | 1.0s
  Epoch 458/800 | Total: 1.890 Edge: 0.348 Con: 0.155 Cls: 1.387 | 1.0s
  Epoch 459/800 | Total: 1.869 Edge: 0.348 Con: 0.158 Cls: 1.364 | 0.9s
  Epoch 460/800 | Total: 1.834 Edge: 0.341 Con: 0.155 Cls: 1.339 | Val F1: 0.3307 | 1.0s
  Epoch 461/800 | Total: 1.822 Edge: 0.339 Con: 0.154 Cls: 1.329 | 1.0s
  Epoch 462/800 | Total: 1.839 Edge: 0.339 Con: 0.154 Cls: 1.346 | 1.1s
  Epoch 463/800 | Total: 1.868 Edge: 0.341 Con: 0.155 Cls: 1.372 | 1.0s
  Epoch 464/800 | Total: 1.872 Edge: 0.340 Con: 0.155 Cls: 1.377 | 1.0s
  Epoch 465/800 | Total: 1.828 Edge: 0.338 Con: 0.153 Cls: 1.337 | Val F1: 0.3110 | 0.9s
  Epoch 466/800 | Total: 1.867 Edge: 0.341 Con: 0.154 Cls: 1.373 | 0.9s
  Epoch 467/800 | Total: 1.836 Edge: 0.347 Con: 0.154 Cls: 1.335 | 0.9s
  Epoch 468/800 | Total: 1.881 Edge: 0.346 Con: 0.154 Cls: 1.381 | 0.9s
  Epoch 469/800 | Total: 1.852 Edge: 0.347 Con: 0.155 Cls: 1.350 | 0.9s
  Epoch 470/800 | Total: 1.830 Edge: 0.341 Con: 0.153 Cls: 1.336 | Val F1: 0.3178 | 0.9s
  Epoch 471/800 | Total: 1.825 Edge: 0.339 Con: 0.154 Cls: 1.332 | 0.9s
  Epoch 472/800 | Total: 1.815 Edge: 0.336 Con: 0.154 Cls: 1.325 | 0.9s
  Epoch 473/800 | Total: 1.820 Edge: 0.336 Con: 0.153 Cls: 1.331 | 0.9s
  Epoch 474/800 | Total: 1.836 Edge: 0.340 Con: 0.156 Cls: 1.341 | 0.9s
  Epoch 475/800 | Total: 1.831 Edge: 0.337 Con: 0.155 Cls: 1.339 | Val F1: 0.3393 | 0.8s
  Epoch 476/800 | Total: 1.821 Edge: 0.339 Con: 0.153 Cls: 1.328 | 1.0s
  Epoch 477/800 | Total: 1.845 Edge: 0.338 Con: 0.152 Cls: 1.355 | 1.0s
  Epoch 478/800 | Total: 1.838 Edge: 0.339 Con: 0.153 Cls: 1.347 | 0.9s
  Epoch 479/800 | Total: 1.827 Edge: 0.337 Con: 0.153 Cls: 1.337 | 0.9s
  Epoch 480/800 | Total: 1.841 Edge: 0.336 Con: 0.153 Cls: 1.351 | Val F1: 0.3317 | 1.0s
  Epoch 481/800 | Total: 1.840 Edge: 0.338 Con: 0.153 Cls: 1.350 | 0.8s
  Epoch 482/800 | Total: 1.826 Edge: 0.337 Con: 0.153 Cls: 1.336 | 0.9s
  Epoch 483/800 | Total: 1.833 Edge: 0.341 Con: 0.153 Cls: 1.339 | 1.0s
  Epoch 484/800 | Total: 1.925 Edge: 0.352 Con: 0.154 Cls: 1.419 | 0.9s
  Epoch 485/800 | Total: 1.885 Edge: 0.349 Con: 0.155 Cls: 1.382 | Val F1: 0.3025 | 0.9s
  Epoch 486/800 | Total: 1.862 Edge: 0.338 Con: 0.154 Cls: 1.370 | 1.0s
  Epoch 487/800 | Total: 1.833 Edge: 0.341 Con: 0.155 Cls: 1.337 | 0.8s
  Epoch 488/800 | Total: 2.044 Edge: 0.345 Con: 0.156 Cls: 1.543 | 0.8s
  Epoch 489/800 | Total: 2.118 Edge: 0.362 Con: 0.160 Cls: 1.596 | 0.8s
  Epoch 490/800 | Total: 1.964 Edge: 0.352 Con: 0.157 Cls: 1.454 | Val F1: 0.3167 | 1.0s
  Epoch 491/800 | Total: 1.886 Edge: 0.349 Con: 0.155 Cls: 1.382 | 0.9s
  Epoch 492/800 | Total: 1.898 Edge: 0.352 Con: 0.155 Cls: 1.391 | 0.9s
  Epoch 493/800 | Total: 1.866 Edge: 0.346 Con: 0.156 Cls: 1.364 | 0.8s
  Epoch 494/800 | Total: 1.862 Edge: 0.344 Con: 0.156 Cls: 1.362 | 0.8s
  Epoch 495/800 | Total: 1.848 Edge: 0.343 Con: 0.154 Cls: 1.351 | Val F1: 0.3128 | 0.9s
  Epoch 496/800 | Total: 1.829 Edge: 0.345 Con: 0.154 Cls: 1.330 | 1.0s
  Epoch 497/800 | Total: 1.837 Edge: 0.344 Con: 0.154 Cls: 1.339 | 0.9s
  Epoch 498/800 | Total: 1.820 Edge: 0.340 Con: 0.154 Cls: 1.325 | 1.0s
  Epoch 499/800 | Total: 1.816 Edge: 0.338 Con: 0.153 Cls: 1.326 | 0.9s
  Epoch 500/800 | Total: 1.806 Edge: 0.336 Con: 0.153 Cls: 1.318 | Val F1: 0.3324 | 0.9s
  Epoch 501/800 | Total: 1.807 Edge: 0.335 Con: 0.154 Cls: 1.317 | 1.0s
  Epoch 502/800 | Total: 1.816 Edge: 0.338 Con: 0.153 Cls: 1.324 | 0.9s
  Epoch 503/800 | Total: 1.818 Edge: 0.338 Con: 0.154 Cls: 1.326 | 0.9s
  Epoch 504/800 | Total: 1.821 Edge: 0.338 Con: 0.152 Cls: 1.330 | 0.9s
  Epoch 505/800 | Total: 1.826 Edge: 0.337 Con: 0.153 Cls: 1.336 | Val F1: 0.3300 | 0.9s
  Epoch 506/800 | Total: 1.858 Edge: 0.340 Con: 0.154 Cls: 1.364 | 0.8s
  Epoch 507/800 | Total: 1.883 Edge: 0.340 Con: 0.154 Cls: 1.388 | 0.8s
  Epoch 508/800 | Total: 1.883 Edge: 0.345 Con: 0.154 Cls: 1.383 | 0.9s
  Epoch 509/800 | Total: 1.849 Edge: 0.346 Con: 0.153 Cls: 1.350 | 1.0s
  Epoch 510/800 | Total: 1.820 Edge: 0.340 Con: 0.152 Cls: 1.328 | Val F1: 0.3292 | 0.9s
  Epoch 511/800 | Total: 1.807 Edge: 0.338 Con: 0.154 Cls: 1.316 | 1.0s
  Epoch 512/800 | Total: 1.810 Edge: 0.338 Con: 0.153 Cls: 1.319 | 1.3s
  Epoch 513/800 | Total: 1.816 Edge: 0.337 Con: 0.153 Cls: 1.326 | 1.5s
  Epoch 514/800 | Total: 1.808 Edge: 0.335 Con: 0.154 Cls: 1.319 | 1.4s
  Epoch 515/800 | Total: 1.815 Edge: 0.334 Con: 0.153 Cls: 1.328 | Val F1: 0.3321 | 1.4s
  Epoch 516/800 | Total: 1.831 Edge: 0.336 Con: 0.153 Cls: 1.341 | 1.4s
  Epoch 517/800 | Total: 1.818 Edge: 0.336 Con: 0.153 Cls: 1.328 | 1.4s
  Epoch 518/800 | Total: 1.854 Edge: 0.345 Con: 0.154 Cls: 1.356 | 1.8s
  Epoch 519/800 | Total: 1.825 Edge: 0.346 Con: 0.153 Cls: 1.326 | 0.9s
  Epoch 520/800 | Total: 1.821 Edge: 0.337 Con: 0.154 Cls: 1.330 | Val F1: 0.3263 | 0.9s
  Epoch 521/800 | Total: 1.809 Edge: 0.336 Con: 0.154 Cls: 1.319 | 0.9s
  Epoch 522/800 | Total: 1.817 Edge: 0.339 Con: 0.155 Cls: 1.323 | 1.0s
  Epoch 523/800 | Total: 1.902 Edge: 0.340 Con: 0.153 Cls: 1.409 | 1.0s
  Epoch 524/800 | Total: 1.919 Edge: 0.346 Con: 0.157 Cls: 1.415 | 0.9s
  Epoch 525/800 | Total: 1.906 Edge: 0.354 Con: 0.155 Cls: 1.398 | Val F1: 0.3275 | 1.0s
  Epoch 526/800 | Total: 1.844 Edge: 0.342 Con: 0.153 Cls: 1.349 | 1.0s
  Epoch 527/800 | Total: 1.834 Edge: 0.340 Con: 0.154 Cls: 1.341 | 1.1s
  Epoch 528/800 | Total: 1.853 Edge: 0.341 Con: 0.153 Cls: 1.359 | 0.9s
  Epoch 529/800 | Total: 1.886 Edge: 0.342 Con: 0.153 Cls: 1.391 | 1.0s
  Epoch 530/800 | Total: 1.846 Edge: 0.341 Con: 0.153 Cls: 1.352 | Val F1: 0.3271 | 1.0s
  Epoch 531/800 | Total: 1.824 Edge: 0.338 Con: 0.153 Cls: 1.334 | 1.0s
  Epoch 532/800 | Total: 1.813 Edge: 0.337 Con: 0.153 Cls: 1.322 | 0.9s
  Epoch 533/800 | Total: 1.811 Edge: 0.335 Con: 0.153 Cls: 1.322 | 1.0s
  Epoch 534/800 | Total: 1.797 Edge: 0.334 Con: 0.153 Cls: 1.311 | 0.8s
  Epoch 535/800 | Total: 1.802 Edge: 0.335 Con: 0.152 Cls: 1.315 | Val F1: 0.3390 | 0.8s
  Epoch 536/800 | Total: 1.811 Edge: 0.336 Con: 0.153 Cls: 1.322 | 1.2s
  Epoch 537/800 | Total: 1.827 Edge: 0.338 Con: 0.154 Cls: 1.335 | 0.9s
  Epoch 538/800 | Total: 1.846 Edge: 0.339 Con: 0.155 Cls: 1.353 | 1.0s
  Epoch 539/800 | Total: 1.877 Edge: 0.349 Con: 0.153 Cls: 1.375 | 0.9s
  Epoch 540/800 | Total: 1.885 Edge: 0.347 Con: 0.155 Cls: 1.382 | Val F1: 0.3231 | 1.0s
  Epoch 541/800 | Total: 1.837 Edge: 0.340 Con: 0.153 Cls: 1.344 | 0.8s
  Epoch 542/800 | Total: 1.825 Edge: 0.342 Con: 0.152 Cls: 1.331 | 0.9s
  Epoch 543/800 | Total: 1.802 Edge: 0.334 Con: 0.153 Cls: 1.315 | 0.9s
  Epoch 544/800 | Total: 1.848 Edge: 0.337 Con: 0.153 Cls: 1.358 | 0.9s
  Epoch 545/800 | Total: 1.833 Edge: 0.339 Con: 0.154 Cls: 1.340 | Val F1: 0.3280 | 1.0s
  Epoch 546/800 | Total: 1.820 Edge: 0.337 Con: 0.152 Cls: 1.331 | 0.9s
  Epoch 547/800 | Total: 1.836 Edge: 0.337 Con: 0.153 Cls: 1.345 | 1.0s
  Epoch 548/800 | Total: 1.808 Edge: 0.337 Con: 0.152 Cls: 1.319 | 0.9s
  Epoch 549/800 | Total: 1.818 Edge: 0.334 Con: 0.153 Cls: 1.331 | 0.9s
  Epoch 550/800 | Total: 1.818 Edge: 0.335 Con: 0.154 Cls: 1.329 | Val F1: 0.3202 | 0.9s
  Epoch 551/800 | Total: 1.823 Edge: 0.337 Con: 0.153 Cls: 1.333 | 1.0s
  Epoch 552/800 | Total: 1.877 Edge: 0.345 Con: 0.155 Cls: 1.377 | 0.9s
  Epoch 553/800 | Total: 1.842 Edge: 0.341 Con: 0.154 Cls: 1.347 | 0.9s
  Epoch 554/800 | Total: 1.843 Edge: 0.336 Con: 0.153 Cls: 1.354 | 1.0s
  Epoch 555/800 | Total: 1.820 Edge: 0.338 Con: 0.153 Cls: 1.329 | Val F1: 0.3341 | 1.0s
  Epoch 556/800 | Total: 1.809 Edge: 0.337 Con: 0.152 Cls: 1.320 | 1.0s
  Epoch 557/800 | Total: 1.811 Edge: 0.335 Con: 0.153 Cls: 1.323 | 1.0s
  Epoch 558/800 | Total: 1.796 Edge: 0.334 Con: 0.153 Cls: 1.309 | 1.1s
  Epoch 559/800 | Total: 1.832 Edge: 0.334 Con: 0.152 Cls: 1.347 | 1.0s
  Epoch 560/800 | Total: 1.834 Edge: 0.337 Con: 0.153 Cls: 1.345 | Val F1: 0.3344 | 0.8s
  Epoch 561/800 | Total: 1.842 Edge: 0.339 Con: 0.153 Cls: 1.350 | 0.9s
  Epoch 562/800 | Total: 1.858 Edge: 0.339 Con: 0.154 Cls: 1.365 | 0.9s
  Epoch 563/800 | Total: 1.872 Edge: 0.343 Con: 0.154 Cls: 1.375 | 0.9s
  Epoch 564/800 | Total: 1.846 Edge: 0.342 Con: 0.153 Cls: 1.351 | 1.1s
  Epoch 565/800 | Total: 1.837 Edge: 0.341 Con: 0.153 Cls: 1.343 | Val F1: 0.3225 | 0.9s
  Epoch 566/800 | Total: 1.795 Edge: 0.336 Con: 0.152 Cls: 1.307 | 0.9s
  Epoch 567/800 | Total: 1.790 Edge: 0.337 Con: 0.153 Cls: 1.300 | 0.9s
  Epoch 568/800 | Total: 1.803 Edge: 0.335 Con: 0.152 Cls: 1.315 | 0.9s
  Epoch 569/800 | Total: 1.809 Edge: 0.335 Con: 0.152 Cls: 1.322 | 1.0s
  Epoch 570/800 | Total: 1.802 Edge: 0.337 Con: 0.153 Cls: 1.313 | Val F1: 0.3331 | 0.9s
  Epoch 571/800 | Total: 1.809 Edge: 0.338 Con: 0.152 Cls: 1.320 | 0.9s
  Epoch 572/800 | Total: 1.794 Edge: 0.335 Con: 0.153 Cls: 1.306 | 0.9s
  Epoch 573/800 | Total: 1.818 Edge: 0.333 Con: 0.151 Cls: 1.334 | 0.9s
  Epoch 574/800 | Total: 1.796 Edge: 0.334 Con: 0.152 Cls: 1.310 | 0.9s
  Epoch 575/800 | Total: 1.797 Edge: 0.332 Con: 0.153 Cls: 1.311 | Val F1: 0.3259 | 1.0s
  Early stopping at epoch 575
  Best Val F1: 0.3393 | Test F1: 0.3390
  Total training time: 617.5s (10.3 min)

======================================================================
  Val  Macro-F1: 0.3393
  Test Macro-F1: 0.3390
  Test Accuracy: 0.5998
  Time: 619.3s
======================================================================

  Results saved to: results/NESS_ogbn-arxiv_MCAR_0.9_20260723_154352
