/home/erfan/MATE/venv/lib/python3.13/site-packages/outdated/__init__.py:36: UserWarning: pkg_resources is deprecated as an API. See https://setuptools.pypa.io/en/latest/pkg_resources.html. The pkg_resources package is slated for removal as early as 2025-11-30. Refrain from using this package or pin to Setuptools<81.
  from pkg_resources import parse_version
/home/erfan/MATE/ogbn_benchmarks/data_loader.py:96: UserWarning: Sparse invariant checks are implicitly disabled. Memory errors (e.g. SEGFAULT) will occur when operating on a sparse tensor which violates the invariants, but checks incur performance overhead. To silence this warning, explicitly opt in or out. See `torch.sparse.check_sparse_tensor_invariants.__doc__` for guidance.  (Triggered internally at /pytorch/aten/src/ATen/Context.cpp:760.)
  adj = torch.sparse_coo_tensor(edge_index, vals, (num_nodes, num_nodes)).coalesce()
======================================================================
  NESS | ogbn-arxiv | MCAR @ 80% | lr=0.001
======================================================================
[1/3] Loading ogbn-arxiv...
  169,343 nodes | 128 dims | 40 classes
[2/3] Simulating MCAR missingness...
Simulating MCAR missingness at 80% rate...
  MCAR: Uniform random selection
  Observable: 33,869 (20.0%)
  Masked: 135,474 (80.0%)
  Observable: 33,869 | Val: 67,737 | Test: 67,737
[3/3] Running NESS...
  single_view=True -> forcing w_con=0 (contrastive is trivial with one view)
  Prefilling missing nodes via Feature Propagation (40 iters)...
  Computing neighbor label-histogram target (2-hop, observable labels)...
  Partitioning graph into 20 clusters (cache_device=gpu)...
  Cached 20 clusters
  Training NESS for up to 800 epochs (patience=20)...
  Epoch 1/800 | Total: 14.761 Edge: 0.694 Con: 0.192 Cls: 3.526 Hist: 2.7884 Path: 0.7010 | 9.9s
  Epoch 2/800 | Total: 13.135 Edge: 0.675 Con: 0.289 Cls: 3.122 Hist: 2.4075 Path: 0.6861 | 0.9s
  Epoch 3/800 | Total: 12.572 Edge: 0.643 Con: 0.264 Cls: 2.995 Hist: 2.2619 Path: 0.6826 | 0.9s
  Epoch 4/800 | Total: 12.108 Edge: 0.638 Con: 0.186 Cls: 2.881 Hist: 2.1452 Path: 0.6828 | 0.9s
  Epoch 5/800 | Total: 11.586 Edge: 0.642 Con: 0.194 Cls: 2.752 Hist: 2.0061 Path: 0.6829 | Val F1: 0.0494 | 0.9s
  Epoch 6/800 | Total: 11.488 Edge: 0.635 Con: 0.198 Cls: 2.745 Hist: 1.9486 Path: 0.6705 | 0.9s
  Epoch 7/800 | Total: 10.732 Edge: 0.624 Con: 0.200 Cls: 2.552 Hist: 1.7924 Path: 0.6599 | 0.9s
  Epoch 8/800 | Total: 10.262 Edge: 0.589 Con: 0.176 Cls: 2.446 Hist: 1.6992 Path: 0.6351 | 1.0s
  Epoch 9/800 | Total: 10.057 Edge: 0.591 Con: 0.172 Cls: 2.395 Hist: 1.6216 Path: 0.6604 | 0.9s
  Epoch 10/800 | Total: 9.841 Edge: 0.584 Con: 0.162 Cls: 2.317 Hist: 1.6538 Path: 0.6526 | Val F1: 0.0890 | 0.9s
  Epoch 11/800 | Total: 9.493 Edge: 0.573 Con: 0.158 Cls: 2.251 Hist: 1.5393 Path: 0.6290 | 0.9s
  Epoch 12/800 | Total: 9.146 Edge: 0.549 Con: 0.149 Cls: 2.165 Hist: 1.4857 Path: 0.6170 | 0.9s
  Epoch 13/800 | Total: 8.901 Edge: 0.531 Con: 0.144 Cls: 2.109 Hist: 1.4368 Path: 0.6049 | 0.9s
  Epoch 14/800 | Total: 8.586 Edge: 0.536 Con: 0.138 Cls: 2.026 Hist: 1.3637 Path: 0.6101 | 0.9s
  Epoch 15/800 | Total: 9.142 Edge: 0.523 Con: 0.140 Cls: 2.173 Hist: 1.4914 Path: 0.6086 | Val F1: 0.1536 | 0.9s
  Epoch 16/800 | Total: 8.503 Edge: 0.516 Con: 0.134 Cls: 2.010 Hist: 1.3464 Path: 0.6101 | 0.9s
  Epoch 17/800 | Total: 8.231 Edge: 0.492 Con: 0.132 Cls: 1.946 Hist: 1.3134 Path: 0.5858 | 0.9s
  Epoch 18/800 | Total: 8.275 Edge: 0.485 Con: 0.124 Cls: 1.964 Hist: 1.3239 Path: 0.5727 | 0.9s
  Epoch 19/800 | Total: 8.609 Edge: 0.514 Con: 0.126 Cls: 2.027 Hist: 1.4130 Path: 0.6020 | 0.9s
  Epoch 20/800 | Total: 8.152 Edge: 0.498 Con: 0.121 Cls: 1.920 Hist: 1.3041 Path: 0.5886 | Val F1: 0.1686 | 0.9s
  Epoch 21/800 | Total: 7.939 Edge: 0.486 Con: 0.117 Cls: 1.880 Hist: 1.2471 Path: 0.5676 | 0.9s
  Epoch 22/800 | Total: 7.794 Edge: 0.481 Con: 0.109 Cls: 1.840 Hist: 1.2360 Path: 0.5584 | 0.9s
  Epoch 23/800 | Total: 7.917 Edge: 0.481 Con: 0.110 Cls: 1.871 Hist: 1.2591 Path: 0.5637 | 0.9s
  Epoch 24/800 | Total: 7.909 Edge: 0.478 Con: 0.105 Cls: 1.864 Hist: 1.2617 Path: 0.5780 | 0.9s
  Epoch 25/800 | Total: 7.651 Edge: 0.467 Con: 0.100 Cls: 1.806 Hist: 1.2057 Path: 0.5612 | Val F1: 0.1997 | 0.9s
  Epoch 26/800 | Total: 7.582 Edge: 0.467 Con: 0.100 Cls: 1.783 Hist: 1.1970 Path: 0.5686 | 0.9s
  Epoch 27/800 | Total: 7.501 Edge: 0.464 Con: 0.097 Cls: 1.767 Hist: 1.1722 Path: 0.5637 | 0.9s
  Epoch 28/800 | Total: 7.554 Edge: 0.446 Con: 0.098 Cls: 1.791 Hist: 1.1939 Path: 0.5394 | 0.9s
  Epoch 29/800 | Total: 7.455 Edge: 0.441 Con: 0.094 Cls: 1.768 Hist: 1.1738 Path: 0.5369 | 0.9s
  Epoch 30/800 | Total: 7.531 Edge: 0.455 Con: 0.096 Cls: 1.780 Hist: 1.1865 Path: 0.5493 | Val F1: 0.1883 | 0.9s
  Epoch 31/800 | Total: 7.788 Edge: 0.478 Con: 0.093 Cls: 1.840 Hist: 1.2287 Path: 0.5612 | 0.9s
  Epoch 32/800 | Total: 7.674 Edge: 0.485 Con: 0.092 Cls: 1.801 Hist: 1.2162 Path: 0.5707 | 0.9s
  Epoch 33/800 | Total: 7.355 Edge: 0.478 Con: 0.088 Cls: 1.723 Hist: 1.1474 Path: 0.5598 | 0.9s
  Epoch 34/800 | Total: 7.125 Edge: 0.443 Con: 0.088 Cls: 1.677 Hist: 1.1183 Path: 0.5324 | 0.9s
  Epoch 35/800 | Total: 7.038 Edge: 0.438 Con: 0.084 Cls: 1.662 Hist: 1.0927 Path: 0.5215 | Val F1: 0.2373 | 0.9s
  Epoch 36/800 | Total: 6.996 Edge: 0.431 Con: 0.082 Cls: 1.648 Hist: 1.0937 Path: 0.5257 | 0.9s
  Epoch 37/800 | Total: 6.957 Edge: 0.420 Con: 0.082 Cls: 1.645 Hist: 1.0925 Path: 0.5096 | 0.9s
  Epoch 38/800 | Total: 6.977 Edge: 0.422 Con: 0.081 Cls: 1.647 Hist: 1.0942 Path: 0.5195 | 0.9s
  Epoch 39/800 | Total: 6.929 Edge: 0.437 Con: 0.080 Cls: 1.624 Hist: 1.0791 Path: 0.5399 | 0.9s
  Epoch 40/800 | Total: 6.989 Edge: 0.438 Con: 0.079 Cls: 1.642 Hist: 1.0931 Path: 0.5329 | Val F1: 0.2463 | 0.9s
  Epoch 41/800 | Total: 6.863 Edge: 0.419 Con: 0.079 Cls: 1.615 Hist: 1.0745 Path: 0.5239 | 0.9s
  Epoch 42/800 | Total: 6.849 Edge: 0.414 Con: 0.078 Cls: 1.617 Hist: 1.0742 Path: 0.5090 | 0.9s
  Epoch 43/800 | Total: 7.070 Edge: 0.426 Con: 0.077 Cls: 1.668 Hist: 1.1091 Path: 0.5319 | 0.9s
  Epoch 44/800 | Total: 7.153 Edge: 0.433 Con: 0.080 Cls: 1.694 Hist: 1.1174 Path: 0.5216 | 0.9s
  Epoch 45/800 | Total: 7.043 Edge: 0.423 Con: 0.080 Cls: 1.670 Hist: 1.1003 Path: 0.5099 | Val F1: 0.2518 | 0.9s
  Epoch 46/800 | Total: 6.820 Edge: 0.414 Con: 0.077 Cls: 1.612 Hist: 1.0674 Path: 0.5038 | 0.9s
  Epoch 47/800 | Total: 6.797 Edge: 0.407 Con: 0.075 Cls: 1.605 Hist: 1.0766 Path: 0.4976 | 0.9s
  Epoch 48/800 | Total: 6.905 Edge: 0.451 Con: 0.075 Cls: 1.620 Hist: 1.0705 Path: 0.5240 | 0.9s
  Epoch 49/800 | Total: 6.801 Edge: 0.442 Con: 0.074 Cls: 1.591 Hist: 1.0645 Path: 0.5224 | 0.9s
  Epoch 50/800 | Total: 6.655 Edge: 0.431 Con: 0.074 Cls: 1.558 Hist: 1.0299 Path: 0.5213 | Val F1: 0.2788 | 0.9s
  Epoch 51/800 | Total: 6.571 Edge: 0.408 Con: 0.073 Cls: 1.549 Hist: 1.0237 Path: 0.4940 | 0.9s
  Epoch 52/800 | Total: 6.673 Edge: 0.405 Con: 0.071 Cls: 1.575 Hist: 1.0446 Path: 0.4977 | 0.9s
  Epoch 53/800 | Total: 6.523 Edge: 0.407 Con: 0.071 Cls: 1.535 Hist: 1.0181 Path: 0.4939 | 0.9s
  Epoch 54/800 | Total: 6.567 Edge: 0.413 Con: 0.071 Cls: 1.544 Hist: 1.0221 Path: 0.5000 | 0.9s
  Epoch 55/800 | Total: 6.563 Edge: 0.403 Con: 0.070 Cls: 1.552 Hist: 1.0084 Path: 0.4952 | Val F1: 0.2849 | 0.9s
  Epoch 56/800 | Total: 6.615 Edge: 0.397 Con: 0.068 Cls: 1.567 Hist: 1.0277 Path: 0.4886 | 0.9s
  Epoch 57/800 | Total: 6.944 Edge: 0.399 Con: 0.067 Cls: 1.647 Hist: 1.1038 Path: 0.4981 | 0.9s
  Epoch 58/800 | Total: 6.698 Edge: 0.404 Con: 0.069 Cls: 1.582 Hist: 1.0545 Path: 0.4947 | 0.9s
  Epoch 59/800 | Total: 6.508 Edge: 0.398 Con: 0.070 Cls: 1.538 Hist: 1.0135 Path: 0.4845 | 0.9s
  Epoch 60/800 | Total: 6.448 Edge: 0.390 Con: 0.069 Cls: 1.523 Hist: 1.0069 Path: 0.4807 | Val F1: 0.3096 | 0.9s
  Epoch 61/800 | Total: 6.392 Edge: 0.383 Con: 0.068 Cls: 1.513 Hist: 0.9950 Path: 0.4743 | 0.9s
  Epoch 62/800 | Total: 6.374 Edge: 0.380 Con: 0.066 Cls: 1.511 Hist: 0.9924 Path: 0.4703 | 0.9s
  Epoch 63/800 | Total: 6.402 Edge: 0.388 Con: 0.067 Cls: 1.515 Hist: 0.9977 Path: 0.4721 | 0.9s
  Epoch 64/800 | Total: 6.409 Edge: 0.394 Con: 0.065 Cls: 1.512 Hist: 1.0009 Path: 0.4773 | 0.9s
  Epoch 65/800 | Total: 6.525 Edge: 0.391 Con: 0.065 Cls: 1.545 Hist: 1.0246 Path: 0.4743 | Val F1: 0.3023 | 0.9s
  Epoch 66/800 | Total: 6.388 Edge: 0.391 Con: 0.066 Cls: 1.508 Hist: 0.9942 Path: 0.4767 | 0.9s
  Epoch 67/800 | Total: 6.395 Edge: 0.384 Con: 0.065 Cls: 1.512 Hist: 1.0030 Path: 0.4730 | 0.9s
  Epoch 68/800 | Total: 6.435 Edge: 0.381 Con: 0.065 Cls: 1.523 Hist: 1.0112 Path: 0.4732 | 0.9s
  Epoch 69/800 | Total: 6.279 Edge: 0.379 Con: 0.063 Cls: 1.485 Hist: 0.9794 Path: 0.4653 | 0.9s
  Epoch 70/800 | Total: 6.280 Edge: 0.372 Con: 0.064 Cls: 1.488 Hist: 0.9794 Path: 0.4644 | Val F1: 0.3308 | 0.9s
  Epoch 71/800 | Total: 6.259 Edge: 0.370 Con: 0.063 Cls: 1.483 Hist: 0.9742 Path: 0.4668 | 0.9s
  Epoch 72/800 | Total: 6.391 Edge: 0.387 Con: 0.064 Cls: 1.508 Hist: 0.9967 Path: 0.4839 | 0.9s
  Epoch 73/800 | Total: 6.339 Edge: 0.384 Con: 0.063 Cls: 1.497 Hist: 0.9879 Path: 0.4751 | 0.9s
  Epoch 74/800 | Total: 6.348 Edge: 0.381 Con: 0.062 Cls: 1.502 Hist: 0.9865 Path: 0.4733 | 0.9s
  Epoch 75/800 | Total: 6.469 Edge: 0.390 Con: 0.062 Cls: 1.527 Hist: 1.0143 Path: 0.4835 | Val F1: 0.3082 | 0.9s
  Epoch 76/800 | Total: 6.284 Edge: 0.369 Con: 0.061 Cls: 1.491 Hist: 0.9816 Path: 0.4589 | 0.9s
  Epoch 77/800 | Total: 6.285 Edge: 0.368 Con: 0.062 Cls: 1.492 Hist: 0.9822 Path: 0.4583 | 0.9s
  Epoch 78/800 | Total: 6.317 Edge: 0.370 Con: 0.061 Cls: 1.501 Hist: 0.9836 Path: 0.4597 | 0.9s
  Epoch 79/800 | Total: 6.233 Edge: 0.369 Con: 0.060 Cls: 1.477 Hist: 0.9760 Path: 0.4555 | 0.9s
  Epoch 80/800 | Total: 6.317 Edge: 0.374 Con: 0.061 Cls: 1.501 Hist: 0.9816 Path: 0.4583 | Val F1: 0.3375 | 0.9s
  Epoch 81/800 | Total: 6.244 Edge: 0.376 Con: 0.060 Cls: 1.478 Hist: 0.9715 Path: 0.4625 | 0.9s
  Epoch 82/800 | Total: 6.245 Edge: 0.371 Con: 0.060 Cls: 1.482 Hist: 0.9749 Path: 0.4537 | 0.9s
  Epoch 83/800 | Total: 6.545 Edge: 0.389 Con: 0.062 Cls: 1.557 Hist: 1.0141 Path: 0.4706 | 0.9s
  Epoch 84/800 | Total: 6.548 Edge: 0.376 Con: 0.061 Cls: 1.562 Hist: 1.0106 Path: 0.4749 | 0.9s
  Epoch 85/800 | Total: 6.395 Edge: 0.378 Con: 0.060 Cls: 1.515 Hist: 1.0004 Path: 0.4721 | Val F1: 0.3270 | 0.9s
  Epoch 86/800 | Total: 6.216 Edge: 0.366 Con: 0.059 Cls: 1.472 Hist: 0.9743 Path: 0.4595 | 0.9s
  Epoch 87/800 | Total: 6.323 Edge: 0.373 Con: 0.060 Cls: 1.496 Hist: 0.9895 Path: 0.4729 | 0.9s
  Epoch 88/800 | Total: 6.277 Edge: 0.371 Con: 0.060 Cls: 1.486 Hist: 0.9818 Path: 0.4659 | 0.9s
  Epoch 89/800 | Total: 6.312 Edge: 0.377 Con: 0.060 Cls: 1.494 Hist: 0.9898 Path: 0.4638 | 0.9s
  Epoch 90/800 | Total: 6.363 Edge: 0.388 Con: 0.059 Cls: 1.498 Hist: 0.9979 Path: 0.4833 | Val F1: 0.3171 | 0.9s
  Epoch 91/800 | Total: 6.448 Edge: 0.394 Con: 0.058 Cls: 1.523 Hist: 1.0067 Path: 0.4793 | 0.9s
  Epoch 92/800 | Total: 6.231 Edge: 0.376 Con: 0.058 Cls: 1.475 Hist: 0.9674 Path: 0.4620 | 0.9s
  Epoch 93/800 | Total: 6.140 Edge: 0.365 Con: 0.057 Cls: 1.455 Hist: 0.9507 Path: 0.4584 | 0.9s
  Epoch 94/800 | Total: 6.086 Edge: 0.357 Con: 0.057 Cls: 1.443 Hist: 0.9505 Path: 0.4491 | 0.9s
  Epoch 95/800 | Total: 6.069 Edge: 0.358 Con: 0.057 Cls: 1.439 Hist: 0.9453 Path: 0.4479 | Val F1: 0.3256 | 0.9s
  Epoch 96/800 | Total: 6.098 Edge: 0.356 Con: 0.055 Cls: 1.450 Hist: 0.9462 Path: 0.4458 | 0.9s
  Epoch 97/800 | Total: 5.999 Edge: 0.349 Con: 0.055 Cls: 1.426 Hist: 0.9321 Path: 0.4381 | 0.9s
  Epoch 98/800 | Total: 5.955 Edge: 0.349 Con: 0.055 Cls: 1.416 Hist: 0.9222 Path: 0.4356 | 0.9s
  Epoch 99/800 | Total: 6.038 Edge: 0.356 Con: 0.055 Cls: 1.433 Hist: 0.9416 Path: 0.4423 | 0.9s
  Epoch 100/800 | Total: 6.011 Edge: 0.355 Con: 0.055 Cls: 1.424 Hist: 0.9325 Path: 0.4508 | Val F1: 0.3542 | 0.9s
  Epoch 101/800 | Total: 6.053 Edge: 0.360 Con: 0.055 Cls: 1.436 Hist: 0.9343 Path: 0.4513 | 0.9s
  Epoch 102/800 | Total: 5.992 Edge: 0.350 Con: 0.054 Cls: 1.422 Hist: 0.9371 Path: 0.4375 | 0.9s
  Epoch 103/800 | Total: 6.025 Edge: 0.349 Con: 0.054 Cls: 1.433 Hist: 0.9386 Path: 0.4393 | 0.9s
  Epoch 104/800 | Total: 6.070 Edge: 0.352 Con: 0.053 Cls: 1.444 Hist: 0.9489 Path: 0.4375 | 0.9s
  Epoch 105/800 | Total: 6.070 Edge: 0.356 Con: 0.053 Cls: 1.441 Hist: 0.9516 Path: 0.4385 | Val F1: 0.3265 | 0.9s
  Epoch 106/800 | Total: 6.138 Edge: 0.363 Con: 0.054 Cls: 1.458 Hist: 0.9590 Path: 0.4415 | 0.9s
  Epoch 107/800 | Total: 6.093 Edge: 0.362 Con: 0.054 Cls: 1.446 Hist: 0.9426 Path: 0.4508 | 0.9s
  Epoch 108/800 | Total: 6.112 Edge: 0.366 Con: 0.053 Cls: 1.445 Hist: 0.9503 Path: 0.4619 | 0.9s
  Epoch 109/800 | Total: 6.117 Edge: 0.358 Con: 0.053 Cls: 1.450 Hist: 0.9571 Path: 0.4534 | 0.9s
  Epoch 110/800 | Total: 6.022 Edge: 0.361 Con: 0.053 Cls: 1.428 Hist: 0.9304 Path: 0.4480 | Val F1: 0.3473 | 0.9s
  Epoch 111/800 | Total: 5.924 Edge: 0.347 Con: 0.052 Cls: 1.408 Hist: 0.9197 Path: 0.4343 | 0.9s
  Epoch 112/800 | Total: 5.963 Edge: 0.356 Con: 0.052 Cls: 1.412 Hist: 0.9260 Path: 0.4446 | 0.9s
  Epoch 113/800 | Total: 6.203 Edge: 0.367 Con: 0.053 Cls: 1.475 Hist: 0.9620 Path: 0.4491 | 0.9s
  Epoch 114/800 | Total: 6.067 Edge: 0.359 Con: 0.051 Cls: 1.441 Hist: 0.9401 Path: 0.4448 | 0.9s
  Epoch 115/800 | Total: 6.079 Edge: 0.357 Con: 0.052 Cls: 1.444 Hist: 0.9487 Path: 0.4415 | Val F1: 0.3342 | 0.9s
  Epoch 116/800 | Total: 6.001 Edge: 0.348 Con: 0.051 Cls: 1.426 Hist: 0.9383 Path: 0.4348 | 0.9s
  Epoch 117/800 | Total: 5.938 Edge: 0.345 Con: 0.051 Cls: 1.412 Hist: 0.9250 Path: 0.4333 | 0.9s
  Epoch 118/800 | Total: 5.951 Edge: 0.352 Con: 0.052 Cls: 1.410 Hist: 0.9233 Path: 0.4469 | 0.9s
  Epoch 119/800 | Total: 5.944 Edge: 0.354 Con: 0.051 Cls: 1.408 Hist: 0.9193 Path: 0.4457 | 0.9s
  Epoch 120/800 | Total: 5.856 Edge: 0.349 Con: 0.050 Cls: 1.388 Hist: 0.9061 Path: 0.4370 | Val F1: 0.3689 | 0.9s
  Epoch 121/800 | Total: 5.959 Edge: 0.345 Con: 0.050 Cls: 1.419 Hist: 0.9273 Path: 0.4305 | 0.9s
  Epoch 122/800 | Total: 6.070 Edge: 0.345 Con: 0.050 Cls: 1.446 Hist: 0.9460 Path: 0.4420 | 0.9s
  Epoch 123/800 | Total: 6.039 Edge: 0.352 Con: 0.051 Cls: 1.435 Hist: 0.9386 Path: 0.4442 | 0.9s
  Epoch 124/800 | Total: 6.058 Edge: 0.364 Con: 0.050 Cls: 1.435 Hist: 0.9355 Path: 0.4536 | 0.9s
  Epoch 125/800 | Total: 6.035 Edge: 0.352 Con: 0.051 Cls: 1.431 Hist: 0.9504 Path: 0.4412 | Val F1: 0.3636 | 0.9s
  Epoch 126/800 | Total: 5.817 Edge: 0.339 Con: 0.050 Cls: 1.384 Hist: 0.9001 Path: 0.4271 | 0.9s
  Epoch 127/800 | Total: 5.806 Edge: 0.337 Con: 0.049 Cls: 1.381 Hist: 0.8984 Path: 0.4265 | 0.9s
  Epoch 128/800 | Total: 5.874 Edge: 0.342 Con: 0.049 Cls: 1.400 Hist: 0.9093 Path: 0.4236 | 0.9s
  Epoch 129/800 | Total: 5.944 Edge: 0.346 Con: 0.048 Cls: 1.414 Hist: 0.9237 Path: 0.4322 | 0.9s
  Epoch 130/800 | Total: 5.850 Edge: 0.342 Con: 0.049 Cls: 1.391 Hist: 0.9053 Path: 0.4318 | Val F1: 0.3690 | 0.9s
  Epoch 131/800 | Total: 5.807 Edge: 0.334 Con: 0.048 Cls: 1.382 Hist: 0.9028 Path: 0.4248 | 0.9s
  Epoch 132/800 | Total: 5.826 Edge: 0.341 Con: 0.048 Cls: 1.383 Hist: 0.9049 Path: 0.4316 | 0.9s
  Epoch 133/800 | Total: 5.950 Edge: 0.344 Con: 0.049 Cls: 1.417 Hist: 0.9229 Path: 0.4316 | 0.9s
  Epoch 134/800 | Total: 5.934 Edge: 0.342 Con: 0.048 Cls: 1.412 Hist: 0.9213 Path: 0.4331 | 0.9s
  Epoch 135/800 | Total: 5.883 Edge: 0.340 Con: 0.048 Cls: 1.400 Hist: 0.9146 Path: 0.4290 | Val F1: 0.3661 | 0.9s
  Epoch 136/800 | Total: 5.943 Edge: 0.347 Con: 0.049 Cls: 1.410 Hist: 0.9203 Path: 0.4451 | 0.9s
  Epoch 137/800 | Total: 5.983 Edge: 0.344 Con: 0.049 Cls: 1.422 Hist: 0.9299 Path: 0.4429 | 0.9s
  Epoch 138/800 | Total: 5.915 Edge: 0.344 Con: 0.049 Cls: 1.406 Hist: 0.9174 Path: 0.4360 | 0.9s
  Epoch 139/800 | Total: 5.891 Edge: 0.340 Con: 0.048 Cls: 1.404 Hist: 0.9165 Path: 0.4226 | 0.9s
  Epoch 140/800 | Total: 5.857 Edge: 0.340 Con: 0.048 Cls: 1.393 Hist: 0.9107 Path: 0.4272 | Val F1: 0.3575 | 0.9s
  Epoch 141/800 | Total: 5.929 Edge: 0.345 Con: 0.048 Cls: 1.412 Hist: 0.9180 Path: 0.4310 | 0.9s
  Epoch 142/800 | Total: 5.903 Edge: 0.341 Con: 0.047 Cls: 1.407 Hist: 0.9113 Path: 0.4291 | 0.9s
  Epoch 143/800 | Total: 5.757 Edge: 0.332 Con: 0.047 Cls: 1.370 Hist: 0.8952 Path: 0.4193 | 0.9s
  Epoch 144/800 | Total: 5.747 Edge: 0.330 Con: 0.046 Cls: 1.368 Hist: 0.8945 Path: 0.4176 | 0.9s
  Epoch 145/800 | Total: 5.759 Edge: 0.333 Con: 0.047 Cls: 1.370 Hist: 0.8923 Path: 0.4237 | Val F1: 0.3613 | 0.9s
  Epoch 146/800 | Total: 5.955 Edge: 0.346 Con: 0.048 Cls: 1.414 Hist: 0.9341 Path: 0.4324 | 1.0s
  Epoch 147/800 | Total: 5.992 Edge: 0.352 Con: 0.047 Cls: 1.420 Hist: 0.9420 Path: 0.4375 | 0.9s
  Epoch 148/800 | Total: 5.961 Edge: 0.351 Con: 0.047 Cls: 1.414 Hist: 0.9324 Path: 0.4352 | 0.9s
  Epoch 149/800 | Total: 6.022 Edge: 0.346 Con: 0.046 Cls: 1.430 Hist: 0.9455 Path: 0.4399 | 0.9s
  Epoch 150/800 | Total: 5.830 Edge: 0.335 Con: 0.046 Cls: 1.387 Hist: 0.9029 Path: 0.4307 | Val F1: 0.3752 | 0.9s
  Epoch 151/800 | Total: 5.707 Edge: 0.332 Con: 0.046 Cls: 1.356 Hist: 0.8833 Path: 0.4246 | 0.9s
  Epoch 152/800 | Total: 5.826 Edge: 0.332 Con: 0.046 Cls: 1.387 Hist: 0.9120 Path: 0.4213 | 0.9s
  Epoch 153/800 | Total: 5.868 Edge: 0.336 Con: 0.047 Cls: 1.396 Hist: 0.9138 Path: 0.4297 | 0.9s
  Epoch 154/800 | Total: 5.828 Edge: 0.339 Con: 0.047 Cls: 1.385 Hist: 0.8976 Path: 0.4366 | 0.9s
  Epoch 155/800 | Total: 5.762 Edge: 0.339 Con: 0.046 Cls: 1.368 Hist: 0.8876 Path: 0.4318 | Val F1: 0.3739 | 0.9s
  Epoch 156/800 | Total: 5.729 Edge: 0.332 Con: 0.045 Cls: 1.361 Hist: 0.8871 Path: 0.4274 | 0.9s
  Epoch 157/800 | Total: 5.739 Edge: 0.330 Con: 0.045 Cls: 1.370 Hist: 0.8837 Path: 0.4165 | 0.9s
  Epoch 158/800 | Total: 5.720 Edge: 0.332 Con: 0.045 Cls: 1.361 Hist: 0.8843 Path: 0.4205 | 0.9s
  Epoch 159/800 | Total: 5.703 Edge: 0.331 Con: 0.045 Cls: 1.357 Hist: 0.8793 Path: 0.4223 | 0.9s
  Epoch 160/800 | Total: 5.815 Edge: 0.331 Con: 0.045 Cls: 1.386 Hist: 0.9012 Path: 0.4249 | Val F1: 0.3682 | 0.9s
  Epoch 161/800 | Total: 5.806 Edge: 0.327 Con: 0.045 Cls: 1.387 Hist: 0.9017 Path: 0.4165 | 0.9s
  Epoch 162/800 | Total: 5.766 Edge: 0.323 Con: 0.045 Cls: 1.377 Hist: 0.8965 Path: 0.4156 | 0.9s
  Epoch 163/800 | Total: 5.863 Edge: 0.339 Con: 0.046 Cls: 1.397 Hist: 0.9088 Path: 0.4236 | 0.9s
  Epoch 164/800 | Total: 6.205 Edge: 0.344 Con: 0.045 Cls: 1.484 Hist: 0.9708 Path: 0.4375 | 0.9s
  Epoch 165/800 | Total: 6.551 Edge: 0.365 Con: 0.046 Cls: 1.566 Hist: 1.0281 Path: 0.4617 | Val F1: 0.3224 | 0.9s
  Epoch 166/800 | Total: 6.134 Edge: 0.366 Con: 0.048 Cls: 1.452 Hist: 0.9484 Path: 0.4621 | 0.9s
  Epoch 167/800 | Total: 5.967 Edge: 0.343 Con: 0.045 Cls: 1.415 Hist: 0.9422 Path: 0.4369 | 0.9s
  Epoch 168/800 | Total: 5.816 Edge: 0.344 Con: 0.045 Cls: 1.381 Hist: 0.8938 Path: 0.4354 | 0.9s
  Epoch 169/800 | Total: 5.723 Edge: 0.333 Con: 0.044 Cls: 1.363 Hist: 0.8804 Path: 0.4204 | 0.9s
  Epoch 170/800 | Total: 5.645 Edge: 0.321 Con: 0.044 Cls: 1.348 Hist: 0.8706 Path: 0.4088 | Val F1: 0.3861 | 0.9s
  Epoch 171/800 | Total: 5.687 Edge: 0.326 Con: 0.043 Cls: 1.358 Hist: 0.8749 Path: 0.4135 | 0.9s
  Epoch 172/800 | Total: 5.737 Edge: 0.324 Con: 0.043 Cls: 1.371 Hist: 0.8836 Path: 0.4177 | 0.9s
  Epoch 173/800 | Total: 5.724 Edge: 0.324 Con: 0.044 Cls: 1.366 Hist: 0.8838 Path: 0.4180 | 0.9s
  Epoch 174/800 | Total: 5.658 Edge: 0.326 Con: 0.043 Cls: 1.348 Hist: 0.8748 Path: 0.4142 | 0.9s
  Epoch 175/800 | Total: 5.727 Edge: 0.334 Con: 0.043 Cls: 1.363 Hist: 0.8853 Path: 0.4193 | Val F1: 0.3816 | 0.9s
  Epoch 176/800 | Total: 5.646 Edge: 0.332 Con: 0.043 Cls: 1.342 Hist: 0.8719 Path: 0.4165 | 0.9s
  Epoch 177/800 | Total: 5.730 Edge: 0.329 Con: 0.042 Cls: 1.366 Hist: 0.8864 Path: 0.4165 | 0.9s
  Epoch 178/800 | Total: 5.651 Edge: 0.329 Con: 0.043 Cls: 1.347 Hist: 0.8724 Path: 0.4085 | 0.9s
  Epoch 179/800 | Total: 5.720 Edge: 0.327 Con: 0.043 Cls: 1.365 Hist: 0.8806 Path: 0.4181 | 0.9s
  Epoch 180/800 | Total: 5.694 Edge: 0.319 Con: 0.042 Cls: 1.360 Hist: 0.8867 Path: 0.4081 | Val F1: 0.3769 | 0.9s
  Epoch 181/800 | Total: 5.586 Edge: 0.319 Con: 0.043 Cls: 1.332 Hist: 0.8650 Path: 0.4070 | 0.9s
  Epoch 182/800 | Total: 5.614 Edge: 0.317 Con: 0.042 Cls: 1.340 Hist: 0.8712 Path: 0.4059 | 0.9s
  Epoch 183/800 | Total: 5.689 Edge: 0.324 Con: 0.042 Cls: 1.356 Hist: 0.8825 Path: 0.4149 | 0.9s
  Epoch 184/800 | Total: 5.670 Edge: 0.328 Con: 0.042 Cls: 1.349 Hist: 0.8761 Path: 0.4185 | 0.9s
  Epoch 185/800 | Total: 5.685 Edge: 0.330 Con: 0.043 Cls: 1.350 Hist: 0.8768 Path: 0.4277 | Val F1: 0.3753 | 0.9s
  Epoch 186/800 | Total: 5.725 Edge: 0.327 Con: 0.043 Cls: 1.362 Hist: 0.8875 Path: 0.4249 | 0.9s
  Epoch 187/800 | Total: 5.769 Edge: 0.331 Con: 0.043 Cls: 1.374 Hist: 0.8942 Path: 0.4229 | 0.9s
  Epoch 188/800 | Total: 5.859 Edge: 0.326 Con: 0.042 Cls: 1.401 Hist: 0.9110 Path: 0.4190 | 0.9s
  Epoch 189/800 | Total: 5.850 Edge: 0.337 Con: 0.043 Cls: 1.391 Hist: 0.9147 Path: 0.4245 | 0.9s
  Epoch 190/800 | Total: 6.042 Edge: 0.339 Con: 0.043 Cls: 1.449 Hist: 0.9328 Path: 0.4240 | Val F1: 0.3593 | 0.9s
  Epoch 191/800 | Total: 6.192 Edge: 0.343 Con: 0.042 Cls: 1.480 Hist: 0.9728 Path: 0.4349 | 0.9s
  Epoch 192/800 | Total: 5.859 Edge: 0.333 Con: 0.042 Cls: 1.394 Hist: 0.9140 Path: 0.4293 | 0.9s
  Epoch 193/800 | Total: 5.674 Edge: 0.329 Con: 0.042 Cls: 1.348 Hist: 0.8797 Path: 0.4220 | 0.9s
  Epoch 194/800 | Total: 5.643 Edge: 0.330 Con: 0.042 Cls: 1.342 Hist: 0.8739 Path: 0.4137 | 0.9s
  Epoch 195/800 | Total: 5.704 Edge: 0.338 Con: 0.042 Cls: 1.357 Hist: 0.8803 Path: 0.4153 | Val F1: 0.3709 | 0.9s
  Epoch 196/800 | Total: 5.612 Edge: 0.322 Con: 0.041 Cls: 1.338 Hist: 0.8639 Path: 0.4126 | 0.9s
  Epoch 197/800 | Total: 5.652 Edge: 0.319 Con: 0.041 Cls: 1.348 Hist: 0.8774 Path: 0.4107 | 0.9s
  Epoch 198/800 | Total: 5.572 Edge: 0.315 Con: 0.041 Cls: 1.329 Hist: 0.8615 Path: 0.4070 | 0.9s
  Epoch 199/800 | Total: 5.558 Edge: 0.317 Con: 0.041 Cls: 1.324 Hist: 0.8607 Path: 0.4080 | 0.9s
  Epoch 200/800 | Total: 5.604 Edge: 0.325 Con: 0.040 Cls: 1.335 Hist: 0.8599 Path: 0.4146 | Val F1: 0.3910 | 0.9s
  Epoch 201/800 | Total: 5.553 Edge: 0.319 Con: 0.040 Cls: 1.323 Hist: 0.8592 Path: 0.4073 | 0.9s
  Epoch 202/800 | Total: 5.610 Edge: 0.315 Con: 0.040 Cls: 1.340 Hist: 0.8692 Path: 0.4060 | 0.9s
  Epoch 203/800 | Total: 5.585 Edge: 0.316 Con: 0.041 Cls: 1.331 Hist: 0.8655 Path: 0.4091 | 0.9s
  Epoch 204/800 | Total: 5.587 Edge: 0.315 Con: 0.040 Cls: 1.334 Hist: 0.8645 Path: 0.4073 | 0.9s
  Epoch 205/800 | Total: 5.616 Edge: 0.320 Con: 0.041 Cls: 1.341 Hist: 0.8668 Path: 0.4074 | Val F1: 0.3881 | 0.9s
  Epoch 206/800 | Total: 5.691 Edge: 0.322 Con: 0.041 Cls: 1.360 Hist: 0.8781 Path: 0.4105 | 0.9s
  Epoch 207/800 | Total: 5.833 Edge: 0.329 Con: 0.040 Cls: 1.392 Hist: 0.9046 Path: 0.4219 | 0.9s
  Epoch 208/800 | Total: 5.748 Edge: 0.323 Con: 0.040 Cls: 1.372 Hist: 0.8938 Path: 0.4152 | 0.9s
  Epoch 209/800 | Total: 5.607 Edge: 0.317 Con: 0.039 Cls: 1.338 Hist: 0.8668 Path: 0.4100 | 0.9s
  Epoch 210/800 | Total: 5.591 Edge: 0.320 Con: 0.040 Cls: 1.332 Hist: 0.8660 Path: 0.4104 | Val F1: 0.3894 | 0.9s
  Epoch 211/800 | Total: 5.653 Edge: 0.326 Con: 0.040 Cls: 1.347 Hist: 0.8747 Path: 0.4103 | 0.9s
  Epoch 212/800 | Total: 5.596 Edge: 0.316 Con: 0.040 Cls: 1.337 Hist: 0.8630 Path: 0.4051 | 0.9s
  Epoch 213/800 | Total: 5.608 Edge: 0.327 Con: 0.040 Cls: 1.335 Hist: 0.8655 Path: 0.4115 | 0.9s
  Epoch 214/800 | Total: 5.596 Edge: 0.325 Con: 0.040 Cls: 1.333 Hist: 0.8603 Path: 0.4128 | 0.9s
  Epoch 215/800 | Total: 5.509 Edge: 0.316 Con: 0.039 Cls: 1.313 Hist: 0.8519 Path: 0.4026 | Val F1: 0.4004 | 0.9s
  Epoch 216/800 | Total: 5.604 Edge: 0.317 Con: 0.039 Cls: 1.339 Hist: 0.8654 Path: 0.4061 | 0.9s
  Epoch 217/800 | Total: 5.590 Edge: 0.316 Con: 0.040 Cls: 1.334 Hist: 0.8625 Path: 0.4109 | 0.9s
  Epoch 218/800 | Total: 5.590 Edge: 0.316 Con: 0.039 Cls: 1.332 Hist: 0.8669 Path: 0.4098 | 0.9s
  Epoch 219/800 | Total: 5.607 Edge: 0.316 Con: 0.040 Cls: 1.339 Hist: 0.8662 Path: 0.4092 | 0.9s
  Epoch 220/800 | Total: 5.642 Edge: 0.317 Con: 0.040 Cls: 1.348 Hist: 0.8731 Path: 0.4084 | Val F1: 0.3995 | 0.9s
  Epoch 221/800 | Total: 5.522 Edge: 0.309 Con: 0.040 Cls: 1.319 Hist: 0.8546 Path: 0.4012 | 0.9s
  Epoch 222/800 | Total: 5.558 Edge: 0.309 Con: 0.039 Cls: 1.331 Hist: 0.8569 Path: 0.3994 | 0.9s
  Epoch 223/800 | Total: 5.645 Edge: 0.313 Con: 0.039 Cls: 1.352 Hist: 0.8751 Path: 0.3989 | 0.9s
  Epoch 224/800 | Total: 5.515 Edge: 0.314 Con: 0.039 Cls: 1.316 Hist: 0.8526 Path: 0.4006 | 0.9s
  Epoch 225/800 | Total: 5.545 Edge: 0.311 Con: 0.039 Cls: 1.326 Hist: 0.8524 Path: 0.4019 | Val F1: 0.3960 | 0.9s
  Epoch 226/800 | Total: 5.604 Edge: 0.313 Con: 0.039 Cls: 1.339 Hist: 0.8684 Path: 0.4058 | 0.9s
  Epoch 227/800 | Total: 5.608 Edge: 0.320 Con: 0.040 Cls: 1.337 Hist: 0.8667 Path: 0.4101 | 0.9s
  Epoch 228/800 | Total: 5.606 Edge: 0.319 Con: 0.040 Cls: 1.338 Hist: 0.8629 Path: 0.4103 | 0.9s
  Epoch 229/800 | Total: 5.526 Edge: 0.320 Con: 0.039 Cls: 1.313 Hist: 0.8585 Path: 0.4100 | 0.9s
  Epoch 230/800 | Total: 5.504 Edge: 0.310 Con: 0.039 Cls: 1.313 Hist: 0.8509 Path: 0.4047 | Val F1: 0.4019 | 0.9s
  Epoch 231/800 | Total: 5.538 Edge: 0.315 Con: 0.039 Cls: 1.320 Hist: 0.8540 Path: 0.4101 | 0.9s
  Epoch 232/800 | Total: 5.506 Edge: 0.312 Con: 0.039 Cls: 1.315 Hist: 0.8484 Path: 0.4008 | 0.9s
  Epoch 233/800 | Total: 5.475 Edge: 0.309 Con: 0.039 Cls: 1.308 Hist: 0.8426 Path: 0.4009 | 0.9s
  Epoch 234/800 | Total: 5.527 Edge: 0.308 Con: 0.038 Cls: 1.322 Hist: 0.8553 Path: 0.3967 | 0.9s
  Epoch 235/800 | Total: 5.507 Edge: 0.310 Con: 0.038 Cls: 1.315 Hist: 0.8546 Path: 0.3973 | Val F1: 0.3871 | 0.9s
  Epoch 236/800 | Total: 5.573 Edge: 0.310 Con: 0.038 Cls: 1.334 Hist: 0.8602 Path: 0.4019 | 0.9s
  Epoch 237/800 | Total: 5.589 Edge: 0.320 Con: 0.040 Cls: 1.334 Hist: 0.8615 Path: 0.4062 | 0.9s
  Epoch 238/800 | Total: 5.572 Edge: 0.323 Con: 0.039 Cls: 1.327 Hist: 0.8591 Path: 0.4109 | 0.9s
  Epoch 239/800 | Total: 5.610 Edge: 0.316 Con: 0.039 Cls: 1.337 Hist: 0.8760 Path: 0.4066 | 0.9s
  Epoch 240/800 | Total: 5.616 Edge: 0.317 Con: 0.039 Cls: 1.340 Hist: 0.8724 Path: 0.4059 | Val F1: 0.3942 | 0.9s
  Epoch 241/800 | Total: 5.785 Edge: 0.319 Con: 0.039 Cls: 1.386 Hist: 0.8976 Path: 0.4085 | 0.9s
  Epoch 242/800 | Total: 5.695 Edge: 0.332 Con: 0.040 Cls: 1.354 Hist: 0.8851 Path: 0.4170 | 0.9s
  Epoch 243/800 | Total: 5.601 Edge: 0.320 Con: 0.039 Cls: 1.332 Hist: 0.8736 Path: 0.4098 | 0.9s
  Epoch 244/800 | Total: 5.435 Edge: 0.311 Con: 0.038 Cls: 1.294 Hist: 0.8371 Path: 0.4037 | 0.9s
  Epoch 245/800 | Total: 5.507 Edge: 0.307 Con: 0.038 Cls: 1.314 Hist: 0.8565 Path: 0.4003 | Val F1: 0.3949 | 0.9s
  Epoch 246/800 | Total: 5.545 Edge: 0.317 Con: 0.039 Cls: 1.322 Hist: 0.8527 Path: 0.4095 | 0.9s
  Epoch 247/800 | Total: 5.631 Edge: 0.322 Con: 0.039 Cls: 1.343 Hist: 0.8668 Path: 0.4124 | 0.9s
  Epoch 248/800 | Total: 5.586 Edge: 0.325 Con: 0.038 Cls: 1.329 Hist: 0.8637 Path: 0.4116 | 0.9s
  Epoch 249/800 | Total: 5.615 Edge: 0.328 Con: 0.039 Cls: 1.334 Hist: 0.8645 Path: 0.4207 | 0.9s
  Epoch 250/800 | Total: 5.527 Edge: 0.313 Con: 0.038 Cls: 1.318 Hist: 0.8560 Path: 0.4039 | Val F1: 0.3950 | 0.9s
  Epoch 251/800 | Total: 5.481 Edge: 0.306 Con: 0.037 Cls: 1.309 Hist: 0.8499 Path: 0.3972 | 0.9s
  Epoch 252/800 | Total: 5.564 Edge: 0.310 Con: 0.038 Cls: 1.329 Hist: 0.8629 Path: 0.4028 | 0.9s
  Epoch 253/800 | Total: 5.537 Edge: 0.315 Con: 0.038 Cls: 1.319 Hist: 0.8581 Path: 0.4077 | 0.9s
  Epoch 254/800 | Total: 5.627 Edge: 0.318 Con: 0.038 Cls: 1.341 Hist: 0.8759 Path: 0.4082 | 0.9s
  Epoch 255/800 | Total: 5.563 Edge: 0.321 Con: 0.038 Cls: 1.327 Hist: 0.8585 Path: 0.4017 | Val F1: 0.3917 | 0.9s
  Epoch 256/800 | Total: 5.465 Edge: 0.322 Con: 0.037 Cls: 1.298 Hist: 0.8454 Path: 0.4028 | 0.9s
  Epoch 257/800 | Total: 5.501 Edge: 0.312 Con: 0.038 Cls: 1.310 Hist: 0.8499 Path: 0.4085 | 0.9s
  Epoch 258/800 | Total: 5.463 Edge: 0.307 Con: 0.037 Cls: 1.303 Hist: 0.8469 Path: 0.4005 | 0.9s
  Epoch 259/800 | Total: 5.531 Edge: 0.306 Con: 0.038 Cls: 1.323 Hist: 0.8576 Path: 0.3969 | 0.9s
  Epoch 260/800 | Total: 5.468 Edge: 0.307 Con: 0.037 Cls: 1.306 Hist: 0.8466 Path: 0.3962 | Val F1: 0.3973 | 0.9s
  Epoch 261/800 | Total: 5.999 Edge: 0.313 Con: 0.038 Cls: 1.445 Hist: 0.9375 Path: 0.4131 | 0.9s
  Epoch 262/800 | Total: 6.627 Edge: 0.347 Con: 0.041 Cls: 1.597 Hist: 1.0273 Path: 0.4609 | 0.9s
  Epoch 263/800 | Total: 6.219 Edge: 0.354 Con: 0.039 Cls: 1.481 Hist: 0.9670 Path: 0.4554 | 0.9s
  Epoch 264/800 | Total: 5.998 Edge: 0.339 Con: 0.038 Cls: 1.428 Hist: 0.9437 Path: 0.4319 | 0.9s
  Epoch 265/800 | Total: 5.708 Edge: 0.322 Con: 0.038 Cls: 1.362 Hist: 0.8855 Path: 0.4140 | Val F1: 0.3716 | 0.9s
  Epoch 266/800 | Total: 5.652 Edge: 0.322 Con: 0.037 Cls: 1.347 Hist: 0.8771 Path: 0.4128 | 0.9s
  Epoch 267/800 | Total: 5.545 Edge: 0.315 Con: 0.037 Cls: 1.323 Hist: 0.8549 Path: 0.4079 | 0.9s
  Epoch 268/800 | Total: 5.480 Edge: 0.306 Con: 0.037 Cls: 1.310 Hist: 0.8474 Path: 0.3970 | 0.9s
  Epoch 269/800 | Total: 5.405 Edge: 0.303 Con: 0.036 Cls: 1.291 Hist: 0.8343 Path: 0.3933 | 0.9s
  Epoch 270/800 | Total: 5.417 Edge: 0.304 Con: 0.037 Cls: 1.293 Hist: 0.8380 Path: 0.3952 | Val F1: 0.4061 | 0.9s
  Epoch 271/800 | Total: 5.471 Edge: 0.304 Con: 0.036 Cls: 1.311 Hist: 0.8409 Path: 0.3930 | 0.9s
  Epoch 272/800 | Total: 5.539 Edge: 0.311 Con: 0.037 Cls: 1.324 Hist: 0.8562 Path: 0.4004 | 0.9s
  Epoch 273/800 | Total: 5.512 Edge: 0.311 Con: 0.037 Cls: 1.316 Hist: 0.8476 Path: 0.4066 | 0.9s
  Epoch 274/800 | Total: 5.474 Edge: 0.310 Con: 0.037 Cls: 1.307 Hist: 0.8395 Path: 0.4052 | 0.9s
  Epoch 275/800 | Total: 5.414 Edge: 0.304 Con: 0.036 Cls: 1.293 Hist: 0.8400 Path: 0.3921 | Val F1: 0.3986 | 0.9s
  Epoch 276/800 | Total: 5.411 Edge: 0.306 Con: 0.036 Cls: 1.293 Hist: 0.8327 Path: 0.3938 | 0.9s
  Epoch 277/800 | Total: 5.439 Edge: 0.307 Con: 0.036 Cls: 1.299 Hist: 0.8373 Path: 0.3966 | 0.9s
  Epoch 278/800 | Total: 5.447 Edge: 0.304 Con: 0.036 Cls: 1.302 Hist: 0.8430 Path: 0.3950 | 0.9s
  Epoch 279/800 | Total: 5.404 Edge: 0.303 Con: 0.036 Cls: 1.292 Hist: 0.8337 Path: 0.3925 | 0.9s
  Epoch 280/800 | Total: 5.512 Edge: 0.303 Con: 0.036 Cls: 1.320 Hist: 0.8532 Path: 0.3944 | Val F1: 0.3904 | 0.9s
  Epoch 281/800 | Total: 5.505 Edge: 0.308 Con: 0.037 Cls: 1.319 Hist: 0.8452 Path: 0.3946 | 0.9s
  Epoch 282/800 | Total: 5.496 Edge: 0.306 Con: 0.036 Cls: 1.313 Hist: 0.8548 Path: 0.3962 | 0.9s
  Epoch 283/800 | Total: 5.546 Edge: 0.310 Con: 0.036 Cls: 1.324 Hist: 0.8611 Path: 0.4027 | 0.9s
  Epoch 284/800 | Total: 5.537 Edge: 0.314 Con: 0.036 Cls: 1.320 Hist: 0.8630 Path: 0.3997 | 0.9s
  Epoch 285/800 | Total: 5.540 Edge: 0.317 Con: 0.036 Cls: 1.318 Hist: 0.8556 Path: 0.4136 | Val F1: 0.3972 | 0.9s
  Epoch 286/800 | Total: 5.455 Edge: 0.321 Con: 0.036 Cls: 1.299 Hist: 0.8326 Path: 0.4044 | 0.9s
  Epoch 287/800 | Total: 5.494 Edge: 0.307 Con: 0.035 Cls: 1.312 Hist: 0.8550 Path: 0.3979 | 0.9s
  Epoch 288/800 | Total: 5.393 Edge: 0.299 Con: 0.035 Cls: 1.290 Hist: 0.8356 Path: 0.3898 | 0.9s
  Epoch 289/800 | Total: 5.498 Edge: 0.305 Con: 0.035 Cls: 1.315 Hist: 0.8523 Path: 0.3950 | 0.9s
  Epoch 290/800 | Total: 5.520 Edge: 0.311 Con: 0.036 Cls: 1.318 Hist: 0.8535 Path: 0.4020 | Val F1: 0.3984 | 0.9s
  Epoch 291/800 | Total: 5.405 Edge: 0.305 Con: 0.036 Cls: 1.290 Hist: 0.8361 Path: 0.3924 | 0.9s
  Epoch 292/800 | Total: 5.435 Edge: 0.305 Con: 0.036 Cls: 1.300 Hist: 0.8368 Path: 0.3939 | 0.9s
  Epoch 293/800 | Total: 5.363 Edge: 0.299 Con: 0.036 Cls: 1.282 Hist: 0.8296 Path: 0.3879 | 0.9s
  Epoch 294/800 | Total: 5.355 Edge: 0.297 Con: 0.036 Cls: 1.281 Hist: 0.8294 Path: 0.3852 | 0.9s
  Epoch 295/800 | Total: 5.330 Edge: 0.295 Con: 0.035 Cls: 1.274 Hist: 0.8257 Path: 0.3868 | Val F1: 0.4045 | 0.9s
  Epoch 296/800 | Total: 5.360 Edge: 0.296 Con: 0.036 Cls: 1.283 Hist: 0.8260 Path: 0.3888 | 0.9s
  Epoch 297/800 | Total: 5.398 Edge: 0.301 Con: 0.036 Cls: 1.289 Hist: 0.8331 Path: 0.3972 | 0.9s
  Epoch 298/800 | Total: 5.396 Edge: 0.300 Con: 0.036 Cls: 1.289 Hist: 0.8395 Path: 0.3906 | 0.9s
  Epoch 299/800 | Total: 5.432 Edge: 0.303 Con: 0.036 Cls: 1.300 Hist: 0.8392 Path: 0.3900 | 0.9s
  Epoch 300/800 | Total: 5.444 Edge: 0.312 Con: 0.035 Cls: 1.299 Hist: 0.8410 Path: 0.3930 | Val F1: 0.3968 | 0.9s
  Epoch 301/800 | Total: 5.328 Edge: 0.309 Con: 0.036 Cls: 1.267 Hist: 0.8188 Path: 0.3980 | 0.9s
  Epoch 302/800 | Total: 5.419 Edge: 0.310 Con: 0.035 Cls: 1.293 Hist: 0.8346 Path: 0.3960 | 0.9s
  Epoch 303/800 | Total: 5.582 Edge: 0.311 Con: 0.035 Cls: 1.338 Hist: 0.8589 Path: 0.3993 | 0.9s
  Epoch 304/800 | Total: 5.536 Edge: 0.318 Con: 0.036 Cls: 1.321 Hist: 0.8545 Path: 0.3995 | 0.9s
  Epoch 305/800 | Total: 5.486 Edge: 0.313 Con: 0.036 Cls: 1.311 Hist: 0.8426 Path: 0.3965 | Val F1: 0.3937 | 0.9s
  Epoch 306/800 | Total: 5.485 Edge: 0.315 Con: 0.037 Cls: 1.309 Hist: 0.8429 Path: 0.3998 | 0.9s
  Epoch 307/800 | Total: 5.348 Edge: 0.304 Con: 0.036 Cls: 1.275 Hist: 0.8234 Path: 0.3953 | 0.9s
  Epoch 308/800 | Total: 5.400 Edge: 0.302 Con: 0.035 Cls: 1.292 Hist: 0.8337 Path: 0.3888 | 0.9s
  Epoch 309/800 | Total: 5.344 Edge: 0.298 Con: 0.035 Cls: 1.278 Hist: 0.8277 Path: 0.3851 | 0.9s
  Epoch 310/800 | Total: 5.379 Edge: 0.296 Con: 0.035 Cls: 1.289 Hist: 0.8312 Path: 0.3843 | Val F1: 0.4026 | 0.9s
  Epoch 311/800 | Total: 5.352 Edge: 0.297 Con: 0.035 Cls: 1.279 Hist: 0.8287 Path: 0.3881 | 0.9s
  Epoch 312/800 | Total: 5.376 Edge: 0.294 Con: 0.036 Cls: 1.288 Hist: 0.8334 Path: 0.3838 | 0.9s
  Epoch 313/800 | Total: 5.418 Edge: 0.296 Con: 0.035 Cls: 1.298 Hist: 0.8402 Path: 0.3867 | 0.9s
  Epoch 314/800 | Total: 5.409 Edge: 0.305 Con: 0.035 Cls: 1.294 Hist: 0.8315 Path: 0.3911 | 0.9s
  Epoch 315/800 | Total: 5.455 Edge: 0.305 Con: 0.036 Cls: 1.307 Hist: 0.8371 Path: 0.3920 | Val F1: 0.4016 | 0.9s
  Epoch 316/800 | Total: 5.495 Edge: 0.310 Con: 0.036 Cls: 1.312 Hist: 0.8481 Path: 0.4019 | 0.9s
  Epoch 317/800 | Total: 5.493 Edge: 0.310 Con: 0.036 Cls: 1.310 Hist: 0.8484 Path: 0.4042 | 0.9s
  Epoch 318/800 | Total: 5.511 Edge: 0.319 Con: 0.036 Cls: 1.312 Hist: 0.8469 Path: 0.4085 | 0.9s
  Epoch 319/800 | Total: 5.512 Edge: 0.324 Con: 0.036 Cls: 1.311 Hist: 0.8484 Path: 0.4078 | 0.9s
  Epoch 320/800 | Total: 5.527 Edge: 0.317 Con: 0.036 Cls: 1.318 Hist: 0.8577 Path: 0.3992 | Val F1: 0.3935 | 0.9s
  Epoch 321/800 | Total: 5.533 Edge: 0.315 Con: 0.035 Cls: 1.321 Hist: 0.8599 Path: 0.3967 | 0.9s
  Epoch 322/800 | Total: 5.300 Edge: 0.304 Con: 0.035 Cls: 1.263 Hist: 0.8166 Path: 0.3896 | 0.9s
  Epoch 323/800 | Total: 5.311 Edge: 0.299 Con: 0.035 Cls: 1.267 Hist: 0.8202 Path: 0.3891 | 0.9s
  Epoch 324/800 | Total: 5.366 Edge: 0.298 Con: 0.034 Cls: 1.284 Hist: 0.8258 Path: 0.3912 | 0.9s
  Epoch 325/800 | Total: 5.366 Edge: 0.298 Con: 0.035 Cls: 1.283 Hist: 0.8292 Path: 0.3880 | Val F1: 0.4050 | 0.9s
  Epoch 326/800 | Total: 5.381 Edge: 0.297 Con: 0.034 Cls: 1.288 Hist: 0.8355 Path: 0.3848 | 0.9s
  Epoch 327/800 | Total: 5.350 Edge: 0.295 Con: 0.035 Cls: 1.282 Hist: 0.8259 Path: 0.3841 | 0.9s
  Epoch 328/800 | Total: 5.405 Edge: 0.304 Con: 0.035 Cls: 1.293 Hist: 0.8307 Path: 0.3917 | 0.9s
  Epoch 329/800 | Total: 5.331 Edge: 0.298 Con: 0.034 Cls: 1.275 Hist: 0.8231 Path: 0.3845 | 0.9s
  Epoch 330/800 | Total: 5.410 Edge: 0.299 Con: 0.034 Cls: 1.295 Hist: 0.8374 Path: 0.3890 | Val F1: 0.4081 | 0.9s
  Epoch 331/800 | Total: 5.467 Edge: 0.305 Con: 0.034 Cls: 1.308 Hist: 0.8436 Path: 0.3938 | 0.9s
  Epoch 332/800 | Total: 5.421 Edge: 0.304 Con: 0.035 Cls: 1.295 Hist: 0.8424 Path: 0.3905 | 0.9s
  Epoch 333/800 | Total: 5.404 Edge: 0.305 Con: 0.035 Cls: 1.292 Hist: 0.8305 Path: 0.3929 | 0.9s
  Epoch 334/800 | Total: 5.407 Edge: 0.302 Con: 0.035 Cls: 1.294 Hist: 0.8362 Path: 0.3867 | 0.9s
  Epoch 335/800 | Total: 5.428 Edge: 0.303 Con: 0.035 Cls: 1.298 Hist: 0.8387 Path: 0.3913 | Val F1: 0.4059 | 0.9s
  Epoch 336/800 | Total: 5.418 Edge: 0.300 Con: 0.034 Cls: 1.297 Hist: 0.8413 Path: 0.3859 | 0.9s
  Epoch 337/800 | Total: 5.543 Edge: 0.304 Con: 0.034 Cls: 1.328 Hist: 0.8632 Path: 0.3931 | 0.9s
  Epoch 338/800 | Total: 5.380 Edge: 0.300 Con: 0.034 Cls: 1.284 Hist: 0.8410 Path: 0.3874 | 0.9s
  Epoch 339/800 | Total: 5.383 Edge: 0.299 Con: 0.034 Cls: 1.287 Hist: 0.8321 Path: 0.3900 | 0.9s
  Epoch 340/800 | Total: 6.004 Edge: 0.313 Con: 0.035 Cls: 1.445 Hist: 0.9395 Path: 0.4160 | Val F1: 0.3764 | 0.9s
  Epoch 341/800 | Total: 5.784 Edge: 0.320 Con: 0.036 Cls: 1.383 Hist: 0.8978 Path: 0.4170 | 0.9s
  Epoch 342/800 | Total: 5.772 Edge: 0.324 Con: 0.035 Cls: 1.378 Hist: 0.8925 Path: 0.4225 | 0.9s
  Epoch 343/800 | Total: 5.579 Edge: 0.313 Con: 0.035 Cls: 1.330 Hist: 0.8679 Path: 0.4092 | 0.9s
  Epoch 344/800 | Total: 5.506 Edge: 0.304 Con: 0.035 Cls: 1.313 Hist: 0.8674 Path: 0.3967 | 1.0s
  Epoch 345/800 | Total: 5.372 Edge: 0.304 Con: 0.035 Cls: 1.283 Hist: 0.8303 Path: 0.3899 | Val F1: 0.4021 | 1.0s
  Epoch 346/800 | Total: 5.347 Edge: 0.298 Con: 0.034 Cls: 1.281 Hist: 0.8240 Path: 0.3827 | 0.9s
  Epoch 347/800 | Total: 5.312 Edge: 0.298 Con: 0.034 Cls: 1.270 Hist: 0.8200 Path: 0.3849 | 0.9s
  Epoch 348/800 | Total: 5.369 Edge: 0.306 Con: 0.034 Cls: 1.282 Hist: 0.8302 Path: 0.3882 | 0.9s
  Epoch 349/800 | Total: 5.332 Edge: 0.305 Con: 0.034 Cls: 1.271 Hist: 0.8245 Path: 0.3900 | 0.9s
  Epoch 350/800 | Total: 5.315 Edge: 0.299 Con: 0.034 Cls: 1.268 Hist: 0.8231 Path: 0.3902 | Val F1: 0.4107 | 0.9s
  Epoch 351/800 | Total: 5.284 Edge: 0.299 Con: 0.033 Cls: 1.261 Hist: 0.8137 Path: 0.3892 | 0.9s
  Epoch 352/800 | Total: 5.308 Edge: 0.299 Con: 0.034 Cls: 1.268 Hist: 0.8250 Path: 0.3806 | 0.9s
  Epoch 353/800 | Total: 5.376 Edge: 0.297 Con: 0.033 Cls: 1.288 Hist: 0.8304 Path: 0.3841 | 0.9s
  Epoch 354/800 | Total: 5.367 Edge: 0.295 Con: 0.033 Cls: 1.286 Hist: 0.8328 Path: 0.3818 | 0.9s
  Epoch 355/800 | Total: 5.396 Edge: 0.297 Con: 0.033 Cls: 1.291 Hist: 0.8390 Path: 0.3861 | Val F1: 0.4090 | 0.9s
  Epoch 356/800 | Total: 5.333 Edge: 0.294 Con: 0.034 Cls: 1.275 Hist: 0.8286 Path: 0.3847 | 0.9s
  Epoch 357/800 | Total: 5.319 Edge: 0.296 Con: 0.034 Cls: 1.271 Hist: 0.8222 Path: 0.3893 | 0.9s
  Epoch 358/800 | Total: 5.385 Edge: 0.296 Con: 0.034 Cls: 1.291 Hist: 0.8306 Path: 0.3835 | 0.9s
  Epoch 359/800 | Total: 5.368 Edge: 0.298 Con: 0.033 Cls: 1.284 Hist: 0.8268 Path: 0.3902 | 0.9s
  Epoch 360/800 | Total: 5.272 Edge: 0.293 Con: 0.033 Cls: 1.260 Hist: 0.8161 Path: 0.3821 | Val F1: 0.4040 | 0.9s
  Epoch 361/800 | Total: 5.358 Edge: 0.299 Con: 0.033 Cls: 1.282 Hist: 0.8320 Path: 0.3816 | 0.9s
  Epoch 362/800 | Total: 5.263 Edge: 0.291 Con: 0.033 Cls: 1.258 Hist: 0.8147 Path: 0.3820 | 0.9s
  Epoch 363/800 | Total: 5.241 Edge: 0.287 Con: 0.033 Cls: 1.255 Hist: 0.8108 Path: 0.3770 | 0.9s
  Epoch 364/800 | Total: 5.231 Edge: 0.289 Con: 0.033 Cls: 1.252 Hist: 0.8084 Path: 0.3787 | 0.9s
  Epoch 365/800 | Total: 5.239 Edge: 0.290 Con: 0.033 Cls: 1.255 Hist: 0.8091 Path: 0.3757 | Val F1: 0.4084 | 0.9s
  Epoch 366/800 | Total: 5.316 Edge: 0.292 Con: 0.033 Cls: 1.274 Hist: 0.8219 Path: 0.3812 | 0.9s
  Epoch 367/800 | Total: 5.282 Edge: 0.295 Con: 0.033 Cls: 1.263 Hist: 0.8132 Path: 0.3837 | 0.9s
  Epoch 368/800 | Total: 5.425 Edge: 0.297 Con: 0.033 Cls: 1.301 Hist: 0.8389 Path: 0.3842 | 0.9s
  Epoch 369/800 | Total: 5.405 Edge: 0.297 Con: 0.033 Cls: 1.293 Hist: 0.8422 Path: 0.3865 | 0.9s
  Epoch 370/800 | Total: 5.355 Edge: 0.307 Con: 0.034 Cls: 1.274 Hist: 0.8280 Path: 0.3982 | Val F1: 0.4045 | 0.9s
  Epoch 371/800 | Total: 5.448 Edge: 0.307 Con: 0.034 Cls: 1.302 Hist: 0.8393 Path: 0.3951 | 0.9s
  Epoch 372/800 | Total: 5.579 Edge: 0.311 Con: 0.034 Cls: 1.336 Hist: 0.8647 Path: 0.3966 | 0.9s
  Epoch 373/800 | Total: 5.535 Edge: 0.304 Con: 0.034 Cls: 1.325 Hist: 0.8605 Path: 0.3953 | 0.9s
  Epoch 374/800 | Total: 5.502 Edge: 0.307 Con: 0.034 Cls: 1.312 Hist: 0.8591 Path: 0.3997 | 0.9s
  Epoch 375/800 | Total: 5.448 Edge: 0.305 Con: 0.034 Cls: 1.300 Hist: 0.8494 Path: 0.3934 | Val F1: 0.4106 | 0.9s
  Epoch 376/800 | Total: 5.377 Edge: 0.299 Con: 0.034 Cls: 1.285 Hist: 0.8314 Path: 0.3902 | 0.9s
  Epoch 377/800 | Total: 5.408 Edge: 0.297 Con: 0.033 Cls: 1.298 Hist: 0.8323 Path: 0.3849 | 0.9s
  Epoch 378/800 | Total: 5.340 Edge: 0.297 Con: 0.033 Cls: 1.276 Hist: 0.8308 Path: 0.3836 | 0.9s
  Epoch 379/800 | Total: 5.277 Edge: 0.298 Con: 0.033 Cls: 1.260 Hist: 0.8128 Path: 0.3851 | 0.9s
  Epoch 380/800 | Total: 5.275 Edge: 0.293 Con: 0.033 Cls: 1.263 Hist: 0.8121 Path: 0.3814 | Val F1: 0.4051 | 0.9s
  Epoch 381/800 | Total: 5.311 Edge: 0.295 Con: 0.033 Cls: 1.272 Hist: 0.8178 Path: 0.3827 | 0.9s
  Epoch 382/800 | Total: 5.257 Edge: 0.299 Con: 0.033 Cls: 1.255 Hist: 0.8103 Path: 0.3834 | 0.9s
  Epoch 383/800 | Total: 5.287 Edge: 0.302 Con: 0.033 Cls: 1.260 Hist: 0.8176 Path: 0.3855 | 0.9s
  Epoch 384/800 | Total: 5.269 Edge: 0.295 Con: 0.033 Cls: 1.260 Hist: 0.8102 Path: 0.3819 | 0.9s
  Epoch 385/800 | Total: 5.287 Edge: 0.302 Con: 0.033 Cls: 1.261 Hist: 0.8157 Path: 0.3862 | Val F1: 0.4118 | 0.9s
  Epoch 386/800 | Total: 5.234 Edge: 0.293 Con: 0.033 Cls: 1.248 Hist: 0.8122 Path: 0.3836 | 0.9s
  Epoch 387/800 | Total: 5.232 Edge: 0.293 Con: 0.033 Cls: 1.248 Hist: 0.8125 Path: 0.3818 | 0.9s
  Epoch 388/800 | Total: 5.284 Edge: 0.291 Con: 0.033 Cls: 1.263 Hist: 0.8212 Path: 0.3809 | 0.9s
  Epoch 389/800 | Total: 5.472 Edge: 0.299 Con: 0.034 Cls: 1.314 Hist: 0.8473 Path: 0.3851 | 0.9s
  Epoch 390/800 | Total: 5.499 Edge: 0.322 Con: 0.035 Cls: 1.308 Hist: 0.8517 Path: 0.4001 | Val F1: 0.3949 | 0.9s
  Epoch 391/800 | Total: 5.422 Edge: 0.308 Con: 0.034 Cls: 1.293 Hist: 0.8426 Path: 0.3921 | 0.9s
  Epoch 392/800 | Total: 5.363 Edge: 0.302 Con: 0.033 Cls: 1.282 Hist: 0.8307 Path: 0.3861 | 0.9s
  Epoch 393/800 | Total: 6.209 Edge: 0.334 Con: 0.035 Cls: 1.502 Hist: 0.9366 Path: 0.4329 | 0.9s
  Epoch 394/800 | Total: 5.986 Edge: 0.346 Con: 0.035 Cls: 1.426 Hist: 0.9115 Path: 0.4507 | 0.9s
  Epoch 395/800 | Total: 5.522 Edge: 0.324 Con: 0.035 Cls: 1.309 Hist: 0.8538 Path: 0.4156 | Val F1: 0.3985 | 0.9s
  Epoch 396/800 | Total: 5.401 Edge: 0.315 Con: 0.033 Cls: 1.282 Hist: 0.8318 Path: 0.4088 | 0.9s
  Epoch 397/800 | Total: 5.308 Edge: 0.301 Con: 0.033 Cls: 1.264 Hist: 0.8220 Path: 0.3912 | 0.9s
  Epoch 398/800 | Total: 5.395 Edge: 0.295 Con: 0.033 Cls: 1.294 Hist: 0.8349 Path: 0.3831 | 0.9s
  Epoch 399/800 | Total: 5.530 Edge: 0.300 Con: 0.032 Cls: 1.329 Hist: 0.8529 Path: 0.3908 | 0.9s
  Epoch 400/800 | Total: 5.566 Edge: 0.314 Con: 0.034 Cls: 1.330 Hist: 0.8599 Path: 0.4018 | Val F1: 0.3898 | 0.9s
  Epoch 401/800 | Total: 5.407 Edge: 0.302 Con: 0.033 Cls: 1.291 Hist: 0.8386 Path: 0.3945 | 0.9s
  Epoch 402/800 | Total: 5.372 Edge: 0.301 Con: 0.033 Cls: 1.283 Hist: 0.8317 Path: 0.3882 | 1.0s
  Epoch 403/800 | Total: 5.305 Edge: 0.304 Con: 0.033 Cls: 1.263 Hist: 0.8239 Path: 0.3871 | 1.0s
  Epoch 404/800 | Total: 5.309 Edge: 0.294 Con: 0.032 Cls: 1.271 Hist: 0.8224 Path: 0.3783 | 0.9s
  Epoch 405/800 | Total: 5.282 Edge: 0.292 Con: 0.032 Cls: 1.264 Hist: 0.8223 Path: 0.3774 | Val F1: 0.4103 | 0.9s
  Epoch 406/800 | Total: 5.238 Edge: 0.292 Con: 0.033 Cls: 1.252 Hist: 0.8081 Path: 0.3801 | 0.9s
  Epoch 407/800 | Total: 5.342 Edge: 0.295 Con: 0.033 Cls: 1.279 Hist: 0.8288 Path: 0.3804 | 0.9s
  Epoch 408/800 | Total: 5.280 Edge: 0.293 Con: 0.032 Cls: 1.262 Hist: 0.8181 Path: 0.3818 | 0.9s
  Epoch 409/800 | Total: 5.255 Edge: 0.293 Con: 0.032 Cls: 1.257 Hist: 0.8143 Path: 0.3754 | 0.9s
  Epoch 410/800 | Total: 5.257 Edge: 0.290 Con: 0.032 Cls: 1.259 Hist: 0.8158 Path: 0.3752 | Val F1: 0.4200 | 0.9s
  Epoch 411/800 | Total: 5.276 Edge: 0.292 Con: 0.032 Cls: 1.262 Hist: 0.8209 Path: 0.3765 | 0.9s
  Epoch 412/800 | Total: 5.271 Edge: 0.293 Con: 0.032 Cls: 1.259 Hist: 0.8212 Path: 0.3802 | 0.9s
  Epoch 413/800 | Total: 5.258 Edge: 0.292 Con: 0.032 Cls: 1.257 Hist: 0.8139 Path: 0.3795 | 0.9s
  Epoch 414/800 | Total: 5.234 Edge: 0.288 Con: 0.032 Cls: 1.251 Hist: 0.8129 Path: 0.3787 | 0.9s
  Epoch 415/800 | Total: 5.211 Edge: 0.287 Con: 0.032 Cls: 1.247 Hist: 0.8068 Path: 0.3755 | Val F1: 0.4113 | 0.9s
  Epoch 416/800 | Total: 5.236 Edge: 0.290 Con: 0.033 Cls: 1.253 Hist: 0.8091 Path: 0.3762 | 0.9s
  Epoch 417/800 | Total: 5.269 Edge: 0.289 Con: 0.033 Cls: 1.261 Hist: 0.8155 Path: 0.3803 | 0.9s
  Epoch 418/800 | Total: 5.226 Edge: 0.287 Con: 0.033 Cls: 1.252 Hist: 0.8073 Path: 0.3769 | 0.9s
  Epoch 419/800 | Total: 5.244 Edge: 0.289 Con: 0.033 Cls: 1.254 Hist: 0.8174 Path: 0.3768 | 0.9s
  Epoch 420/800 | Total: 5.211 Edge: 0.289 Con: 0.032 Cls: 1.245 Hist: 0.8069 Path: 0.3794 | Val F1: 0.4169 | 0.9s
  Epoch 421/800 | Total: 5.226 Edge: 0.296 Con: 0.032 Cls: 1.245 Hist: 0.8089 Path: 0.3859 | 0.9s
  Epoch 422/800 | Total: 5.265 Edge: 0.294 Con: 0.032 Cls: 1.258 Hist: 0.8109 Path: 0.3861 | 0.9s
  Epoch 423/800 | Total: 5.202 Edge: 0.295 Con: 0.032 Cls: 1.241 Hist: 0.8034 Path: 0.3813 | 0.9s
  Epoch 424/800 | Total: 5.226 Edge: 0.298 Con: 0.032 Cls: 1.247 Hist: 0.8052 Path: 0.3826 | 0.9s
  Epoch 425/800 | Total: 5.240 Edge: 0.298 Con: 0.032 Cls: 1.251 Hist: 0.8126 Path: 0.3770 | Val F1: 0.4143 | 0.9s
  Epoch 426/800 | Total: 5.292 Edge: 0.295 Con: 0.032 Cls: 1.266 Hist: 0.8226 Path: 0.3765 | 0.9s
  Epoch 427/800 | Total: 5.248 Edge: 0.290 Con: 0.032 Cls: 1.256 Hist: 0.8149 Path: 0.3759 | 0.9s
  Epoch 428/800 | Total: 5.249 Edge: 0.288 Con: 0.032 Cls: 1.257 Hist: 0.8117 Path: 0.3781 | 0.9s
  Epoch 429/800 | Total: 5.269 Edge: 0.287 Con: 0.032 Cls: 1.265 Hist: 0.8112 Path: 0.3741 | 0.9s
  Epoch 430/800 | Total: 5.349 Edge: 0.287 Con: 0.032 Cls: 1.283 Hist: 0.8376 Path: 0.3748 | Val F1: 0.4089 | 0.9s
  Epoch 431/800 | Total: 5.292 Edge: 0.291 Con: 0.032 Cls: 1.267 Hist: 0.8222 Path: 0.3769 | 0.9s
  Epoch 432/800 | Total: 5.311 Edge: 0.297 Con: 0.032 Cls: 1.270 Hist: 0.8226 Path: 0.3801 | 0.9s
  Epoch 433/800 | Total: 5.317 Edge: 0.296 Con: 0.031 Cls: 1.272 Hist: 0.8252 Path: 0.3798 | 0.9s
  Epoch 434/800 | Total: 5.243 Edge: 0.292 Con: 0.032 Cls: 1.253 Hist: 0.8156 Path: 0.3764 | 0.9s
  Epoch 435/800 | Total: 5.240 Edge: 0.289 Con: 0.032 Cls: 1.252 Hist: 0.8153 Path: 0.3785 | Val F1: 0.4150 | 0.9s
  Epoch 436/800 | Total: 5.289 Edge: 0.290 Con: 0.031 Cls: 1.268 Hist: 0.8205 Path: 0.3741 | 0.9s
  Epoch 437/800 | Total: 5.224 Edge: 0.292 Con: 0.032 Cls: 1.249 Hist: 0.8117 Path: 0.3753 | 0.9s
  Epoch 438/800 | Total: 5.234 Edge: 0.295 Con: 0.032 Cls: 1.251 Hist: 0.8060 Path: 0.3802 | 0.9s
  Epoch 439/800 | Total: 5.334 Edge: 0.292 Con: 0.032 Cls: 1.278 Hist: 0.8320 Path: 0.3758 | 0.9s
  Epoch 440/800 | Total: 5.259 Edge: 0.291 Con: 0.032 Cls: 1.256 Hist: 0.8221 Path: 0.3770 | Val F1: 0.4153 | 0.9s
  Epoch 441/800 | Total: 5.246 Edge: 0.290 Con: 0.032 Cls: 1.255 Hist: 0.8124 Path: 0.3792 | 0.9s
  Epoch 442/800 | Total: 5.301 Edge: 0.289 Con: 0.032 Cls: 1.269 Hist: 0.8299 Path: 0.3754 | 0.9s
  Epoch 443/800 | Total: 5.248 Edge: 0.289 Con: 0.032 Cls: 1.258 Hist: 0.8134 Path: 0.3728 | 0.9s
  Epoch 444/800 | Total: 5.249 Edge: 0.295 Con: 0.031 Cls: 1.255 Hist: 0.8144 Path: 0.3750 | 0.9s
  Epoch 445/800 | Total: 5.391 Edge: 0.310 Con: 0.032 Cls: 1.285 Hist: 0.8351 Path: 0.3918 | Val F1: 0.4127 | 0.9s
  Epoch 446/800 | Total: 5.311 Edge: 0.300 Con: 0.032 Cls: 1.267 Hist: 0.8271 Path: 0.3819 | 0.9s
  Epoch 447/800 | Total: 5.284 Edge: 0.290 Con: 0.032 Cls: 1.268 Hist: 0.8141 Path: 0.3770 | 0.9s
  Epoch 448/800 | Total: 5.444 Edge: 0.301 Con: 0.032 Cls: 1.303 Hist: 0.8426 Path: 0.3925 | 0.9s
  Epoch 449/800 | Total: 5.522 Edge: 0.303 Con: 0.032 Cls: 1.324 Hist: 0.8556 Path: 0.3916 | 0.9s
  Epoch 450/800 | Total: 5.434 Edge: 0.306 Con: 0.033 Cls: 1.300 Hist: 0.8374 Path: 0.3899 | Val F1: 0.3804 | 0.9s
  Epoch 451/800 | Total: 5.508 Edge: 0.309 Con: 0.032 Cls: 1.314 Hist: 0.8576 Path: 0.3988 | 0.9s
  Epoch 452/800 | Total: 5.529 Edge: 0.312 Con: 0.033 Cls: 1.319 Hist: 0.8627 Path: 0.3987 | 0.9s
  Epoch 453/800 | Total: 5.450 Edge: 0.313 Con: 0.033 Cls: 1.297 Hist: 0.8451 Path: 0.4004 | 0.9s
  Epoch 454/800 | Total: 5.271 Edge: 0.298 Con: 0.032 Cls: 1.258 Hist: 0.8143 Path: 0.3832 | 0.9s
  Epoch 455/800 | Total: 5.237 Edge: 0.296 Con: 0.032 Cls: 1.250 Hist: 0.8105 Path: 0.3815 | Val F1: 0.4128 | 0.9s
  Epoch 456/800 | Total: 5.215 Edge: 0.290 Con: 0.032 Cls: 1.247 Hist: 0.8087 Path: 0.3765 | 0.9s
  Epoch 457/800 | Total: 5.198 Edge: 0.285 Con: 0.032 Cls: 1.246 Hist: 0.8020 Path: 0.3718 | 0.9s
  Epoch 458/800 | Total: 5.192 Edge: 0.288 Con: 0.031 Cls: 1.241 Hist: 0.8044 Path: 0.3776 | 0.9s
  Epoch 459/800 | Total: 5.269 Edge: 0.292 Con: 0.031 Cls: 1.261 Hist: 0.8170 Path: 0.3780 | 0.9s
  Epoch 460/800 | Total: 5.670 Edge: 0.297 Con: 0.031 Cls: 1.371 Hist: 0.8763 Path: 0.3842 | Val F1: 0.3932 | 0.9s
  Epoch 461/800 | Total: 5.513 Edge: 0.301 Con: 0.032 Cls: 1.323 Hist: 0.8545 Path: 0.3899 | 0.9s
  Epoch 462/800 | Total: 5.298 Edge: 0.293 Con: 0.032 Cls: 1.269 Hist: 0.8189 Path: 0.3788 | 0.9s
  Epoch 463/800 | Total: 5.267 Edge: 0.289 Con: 0.032 Cls: 1.261 Hist: 0.8162 Path: 0.3793 | 0.9s
  Epoch 464/800 | Total: 5.271 Edge: 0.289 Con: 0.031 Cls: 1.263 Hist: 0.8143 Path: 0.3788 | 0.9s
  Epoch 465/800 | Total: 5.275 Edge: 0.289 Con: 0.031 Cls: 1.264 Hist: 0.8182 Path: 0.3762 | Val F1: 0.4149 | 0.9s
  Epoch 466/800 | Total: 5.198 Edge: 0.289 Con: 0.031 Cls: 1.242 Hist: 0.8056 Path: 0.3771 | 0.9s
  Epoch 467/800 | Total: 5.162 Edge: 0.288 Con: 0.031 Cls: 1.233 Hist: 0.8006 Path: 0.3755 | 0.9s
  Epoch 468/800 | Total: 5.167 Edge: 0.284 Con: 0.031 Cls: 1.236 Hist: 0.7998 Path: 0.3754 | 0.9s
  Epoch 469/800 | Total: 5.281 Edge: 0.293 Con: 0.031 Cls: 1.264 Hist: 0.8145 Path: 0.3824 | 0.9s
  Epoch 470/800 | Total: 5.253 Edge: 0.291 Con: 0.032 Cls: 1.258 Hist: 0.8101 Path: 0.3791 | Val F1: 0.4194 | 0.9s
  Epoch 471/800 | Total: 5.233 Edge: 0.287 Con: 0.031 Cls: 1.252 Hist: 0.8170 Path: 0.3744 | 0.9s
  Epoch 472/800 | Total: 5.252 Edge: 0.291 Con: 0.032 Cls: 1.258 Hist: 0.8114 Path: 0.3748 | 0.9s
  Epoch 473/800 | Total: 5.250 Edge: 0.292 Con: 0.031 Cls: 1.257 Hist: 0.8135 Path: 0.3747 | 0.9s
  Epoch 474/800 | Total: 5.228 Edge: 0.289 Con: 0.031 Cls: 1.252 Hist: 0.8073 Path: 0.3753 | 0.9s
  Epoch 475/800 | Total: 5.197 Edge: 0.292 Con: 0.031 Cls: 1.240 Hist: 0.8106 Path: 0.3747 | Val F1: 0.4208 | 0.9s
  Epoch 476/800 | Total: 5.118 Edge: 0.288 Con: 0.031 Cls: 1.221 Hist: 0.7927 Path: 0.3741 | 0.9s
  Epoch 477/800 | Total: 5.157 Edge: 0.288 Con: 0.031 Cls: 1.231 Hist: 0.8019 Path: 0.3744 | 0.9s
  Epoch 478/800 | Total: 5.159 Edge: 0.286 Con: 0.030 Cls: 1.235 Hist: 0.7991 Path: 0.3689 | 0.9s
  Epoch 479/800 | Total: 5.143 Edge: 0.285 Con: 0.031 Cls: 1.231 Hist: 0.7981 Path: 0.3672 | 0.9s
  Epoch 480/800 | Total: 5.233 Edge: 0.288 Con: 0.031 Cls: 1.254 Hist: 0.8118 Path: 0.3727 | Val F1: 0.4149 | 0.9s
  Epoch 481/800 | Total: 5.209 Edge: 0.287 Con: 0.031 Cls: 1.248 Hist: 0.8071 Path: 0.3710 | 0.9s
  Epoch 482/800 | Total: 5.220 Edge: 0.285 Con: 0.031 Cls: 1.251 Hist: 0.8104 Path: 0.3726 | 0.9s
  Epoch 483/800 | Total: 5.219 Edge: 0.285 Con: 0.031 Cls: 1.250 Hist: 0.8100 Path: 0.3753 | 0.9s
  Epoch 484/800 | Total: 5.206 Edge: 0.287 Con: 0.031 Cls: 1.246 Hist: 0.8069 Path: 0.3728 | 0.9s
  Epoch 485/800 | Total: 5.248 Edge: 0.297 Con: 0.032 Cls: 1.252 Hist: 0.8120 Path: 0.3811 | Val F1: 0.4100 | 0.9s
  Epoch 486/800 | Total: 5.326 Edge: 0.295 Con: 0.031 Cls: 1.275 Hist: 0.8276 Path: 0.3803 | 0.9s
  Epoch 487/800 | Total: 5.255 Edge: 0.292 Con: 0.031 Cls: 1.256 Hist: 0.8159 Path: 0.3780 | 0.9s
  Epoch 488/800 | Total: 5.293 Edge: 0.294 Con: 0.031 Cls: 1.265 Hist: 0.8210 Path: 0.3821 | 0.9s
  Epoch 489/800 | Total: 5.347 Edge: 0.295 Con: 0.032 Cls: 1.278 Hist: 0.8337 Path: 0.3830 | 0.9s
  Epoch 490/800 | Total: 5.273 Edge: 0.293 Con: 0.032 Cls: 1.260 Hist: 0.8177 Path: 0.3817 | Val F1: 0.4132 | 0.9s
  Epoch 491/800 | Total: 5.246 Edge: 0.295 Con: 0.031 Cls: 1.252 Hist: 0.8138 Path: 0.3796 | 0.9s
  Epoch 492/800 | Total: 5.171 Edge: 0.292 Con: 0.031 Cls: 1.232 Hist: 0.8054 Path: 0.3770 | 0.9s
  Epoch 493/800 | Total: 5.163 Edge: 0.285 Con: 0.031 Cls: 1.236 Hist: 0.8012 Path: 0.3695 | 0.9s
  Epoch 494/800 | Total: 5.234 Edge: 0.289 Con: 0.031 Cls: 1.252 Hist: 0.8124 Path: 0.3760 | 0.9s
  Epoch 495/800 | Total: 5.179 Edge: 0.287 Con: 0.031 Cls: 1.240 Hist: 0.8010 Path: 0.3701 | Val F1: 0.4198 | 0.9s
  Epoch 496/800 | Total: 5.237 Edge: 0.289 Con: 0.032 Cls: 1.254 Hist: 0.8124 Path: 0.3738 | 0.9s
  Epoch 497/800 | Total: 5.198 Edge: 0.291 Con: 0.031 Cls: 1.242 Hist: 0.8056 Path: 0.3771 | 0.9s
  Epoch 498/800 | Total: 5.250 Edge: 0.288 Con: 0.031 Cls: 1.257 Hist: 0.8131 Path: 0.3758 | 0.9s
  Epoch 499/800 | Total: 5.254 Edge: 0.289 Con: 0.032 Cls: 1.259 Hist: 0.8169 Path: 0.3731 | 0.9s
  Epoch 500/800 | Total: 5.327 Edge: 0.291 Con: 0.031 Cls: 1.280 Hist: 0.8223 Path: 0.3739 | Val F1: 0.4095 | 0.9s
  Epoch 501/800 | Total: 5.387 Edge: 0.294 Con: 0.031 Cls: 1.293 Hist: 0.8360 Path: 0.3769 | 0.9s
  Epoch 502/800 | Total: 5.309 Edge: 0.296 Con: 0.031 Cls: 1.270 Hist: 0.8202 Path: 0.3836 | 0.9s
  Epoch 503/800 | Total: 5.314 Edge: 0.293 Con: 0.031 Cls: 1.272 Hist: 0.8226 Path: 0.3813 | 0.9s
  Epoch 504/800 | Total: 5.221 Edge: 0.288 Con: 0.031 Cls: 1.248 Hist: 0.8087 Path: 0.3799 | 0.9s
  Epoch 505/800 | Total: 5.273 Edge: 0.292 Con: 0.031 Cls: 1.262 Hist: 0.8165 Path: 0.3771 | Val F1: 0.4103 | 0.9s
  Epoch 506/800 | Total: 5.265 Edge: 0.297 Con: 0.031 Cls: 1.259 Hist: 0.8142 Path: 0.3783 | 0.9s
  Epoch 507/800 | Total: 5.475 Edge: 0.300 Con: 0.031 Cls: 1.315 Hist: 0.8432 Path: 0.3849 | 0.9s
  Epoch 508/800 | Total: 5.334 Edge: 0.301 Con: 0.032 Cls: 1.272 Hist: 0.8284 Path: 0.3883 | 0.9s
  Epoch 509/800 | Total: 5.348 Edge: 0.296 Con: 0.031 Cls: 1.279 Hist: 0.8337 Path: 0.3806 | 0.9s
  Epoch 510/800 | Total: 5.216 Edge: 0.292 Con: 0.031 Cls: 1.247 Hist: 0.8092 Path: 0.3743 | Val F1: 0.4207 | 0.9s
  Epoch 511/800 | Total: 5.154 Edge: 0.287 Con: 0.031 Cls: 1.232 Hist: 0.7989 Path: 0.3706 | 0.9s
  Epoch 512/800 | Total: 5.264 Edge: 0.290 Con: 0.031 Cls: 1.260 Hist: 0.8156 Path: 0.3773 | 0.9s
  Epoch 513/800 | Total: 5.327 Edge: 0.294 Con: 0.031 Cls: 1.275 Hist: 0.8296 Path: 0.3794 | 0.9s
  Epoch 514/800 | Total: 5.141 Edge: 0.286 Con: 0.031 Cls: 1.227 Hist: 0.7961 Path: 0.3760 | 0.9s
  Epoch 515/800 | Total: 5.138 Edge: 0.283 Con: 0.030 Cls: 1.230 Hist: 0.7978 Path: 0.3689 | Val F1: 0.4208 | 0.9s
  Epoch 516/800 | Total: 5.134 Edge: 0.280 Con: 0.030 Cls: 1.230 Hist: 0.7941 Path: 0.3713 | 0.9s
  Epoch 517/800 | Total: 5.131 Edge: 0.278 Con: 0.030 Cls: 1.229 Hist: 0.7976 Path: 0.3680 | 0.9s
  Epoch 518/800 | Total: 5.163 Edge: 0.281 Con: 0.030 Cls: 1.237 Hist: 0.8045 Path: 0.3678 | 0.9s
  Epoch 519/800 | Total: 5.139 Edge: 0.285 Con: 0.031 Cls: 1.228 Hist: 0.7968 Path: 0.3717 | 0.9s
  Epoch 520/800 | Total: 5.272 Edge: 0.290 Con: 0.031 Cls: 1.262 Hist: 0.8186 Path: 0.3786 | Val F1: 0.4124 | 0.9s
  Epoch 521/800 | Total: 5.243 Edge: 0.289 Con: 0.031 Cls: 1.256 Hist: 0.8112 Path: 0.3745 | 0.9s
  Epoch 522/800 | Total: 5.174 Edge: 0.291 Con: 0.031 Cls: 1.235 Hist: 0.8008 Path: 0.3776 | 0.9s
  Epoch 523/800 | Total: 5.233 Edge: 0.294 Con: 0.031 Cls: 1.250 Hist: 0.8098 Path: 0.3777 | 0.9s
  Epoch 524/800 | Total: 5.305 Edge: 0.299 Con: 0.030 Cls: 1.266 Hist: 0.8247 Path: 0.3840 | 0.9s
  Epoch 525/800 | Total: 5.250 Edge: 0.299 Con: 0.031 Cls: 1.252 Hist: 0.8140 Path: 0.3792 | Val F1: 0.4151 | 0.9s
  Epoch 526/800 | Total: 5.386 Edge: 0.294 Con: 0.030 Cls: 1.292 Hist: 0.8367 Path: 0.3791 | 0.9s
  Epoch 527/800 | Total: 5.305 Edge: 0.293 Con: 0.031 Cls: 1.268 Hist: 0.8267 Path: 0.3810 | 0.9s
  Epoch 528/800 | Total: 5.268 Edge: 0.295 Con: 0.030 Cls: 1.257 Hist: 0.8222 Path: 0.3801 | 0.9s
  Epoch 529/800 | Total: 5.200 Edge: 0.290 Con: 0.031 Cls: 1.241 Hist: 0.8107 Path: 0.3775 | 0.9s
  Epoch 530/800 | Total: 5.232 Edge: 0.288 Con: 0.030 Cls: 1.254 Hist: 0.8078 Path: 0.3730 | Val F1: 0.4163 | 0.9s
  Epoch 531/800 | Total: 5.229 Edge: 0.284 Con: 0.030 Cls: 1.254 Hist: 0.8133 Path: 0.3691 | 0.9s
  Epoch 532/800 | Total: 5.311 Edge: 0.291 Con: 0.030 Cls: 1.274 Hist: 0.8189 Path: 0.3782 | 0.9s
  Epoch 533/800 | Total: 5.187 Edge: 0.295 Con: 0.031 Cls: 1.238 Hist: 0.8025 Path: 0.3750 | 0.9s
  Epoch 534/800 | Total: 5.170 Edge: 0.282 Con: 0.030 Cls: 1.239 Hist: 0.8036 Path: 0.3678 | 0.9s
  Epoch 535/800 | Total: 5.093 Edge: 0.282 Con: 0.030 Cls: 1.219 Hist: 0.7869 Path: 0.3680 | Val F1: 0.4247 | 0.9s
  Epoch 536/800 | Total: 5.073 Edge: 0.283 Con: 0.030 Cls: 1.211 Hist: 0.7875 Path: 0.3700 | 0.9s
  Epoch 537/800 | Total: 5.150 Edge: 0.282 Con: 0.030 Cls: 1.234 Hist: 0.8022 Path: 0.3643 | 0.9s
  Epoch 538/800 | Total: 5.143 Edge: 0.282 Con: 0.030 Cls: 1.230 Hist: 0.8006 Path: 0.3702 | 0.9s
  Epoch 539/800 | Total: 5.224 Edge: 0.284 Con: 0.030 Cls: 1.253 Hist: 0.8101 Path: 0.3706 | 0.9s
  Epoch 540/800 | Total: 5.144 Edge: 0.282 Con: 0.030 Cls: 1.231 Hist: 0.8010 Path: 0.3690 | Val F1: 0.4216 | 0.9s
  Epoch 541/800 | Total: 5.093 Edge: 0.279 Con: 0.030 Cls: 1.219 Hist: 0.7929 Path: 0.3654 | 0.9s
  Epoch 542/800 | Total: 5.100 Edge: 0.281 Con: 0.031 Cls: 1.221 Hist: 0.7894 Path: 0.3663 | 0.9s
  Epoch 543/800 | Total: 5.165 Edge: 0.285 Con: 0.030 Cls: 1.235 Hist: 0.8020 Path: 0.3721 | 0.9s
  Epoch 544/800 | Total: 5.211 Edge: 0.285 Con: 0.030 Cls: 1.247 Hist: 0.8151 Path: 0.3707 | 0.9s
  Epoch 545/800 | Total: 5.178 Edge: 0.284 Con: 0.030 Cls: 1.238 Hist: 0.8029 Path: 0.3754 | Val F1: 0.4133 | 0.9s
  Epoch 546/800 | Total: 5.223 Edge: 0.292 Con: 0.030 Cls: 1.248 Hist: 0.8103 Path: 0.3756 | 0.9s
  Epoch 547/800 | Total: 5.226 Edge: 0.287 Con: 0.031 Cls: 1.252 Hist: 0.8127 Path: 0.3694 | 0.9s
  Epoch 548/800 | Total: 5.179 Edge: 0.290 Con: 0.030 Cls: 1.238 Hist: 0.8031 Path: 0.3736 | 0.9s
  Epoch 549/800 | Total: 5.248 Edge: 0.287 Con: 0.030 Cls: 1.256 Hist: 0.8143 Path: 0.3781 | 0.9s
  Epoch 550/800 | Total: 5.226 Edge: 0.288 Con: 0.030 Cls: 1.249 Hist: 0.8105 Path: 0.3787 | Val F1: 0.4150 | 0.9s
  Epoch 551/800 | Total: 5.215 Edge: 0.285 Con: 0.031 Cls: 1.249 Hist: 0.8082 Path: 0.3740 | 0.9s
  Epoch 552/800 | Total: 5.135 Edge: 0.286 Con: 0.031 Cls: 1.227 Hist: 0.7971 Path: 0.3719 | 0.9s
  Epoch 553/800 | Total: 5.190 Edge: 0.285 Con: 0.030 Cls: 1.243 Hist: 0.8065 Path: 0.3712 | 0.9s
  Epoch 554/800 | Total: 5.279 Edge: 0.291 Con: 0.030 Cls: 1.263 Hist: 0.8226 Path: 0.3772 | 0.9s
  Epoch 555/800 | Total: 5.324 Edge: 0.286 Con: 0.030 Cls: 1.280 Hist: 0.8261 Path: 0.3728 | Val F1: 0.4037 | 0.9s
  Epoch 556/800 | Total: 5.304 Edge: 0.288 Con: 0.031 Cls: 1.269 Hist: 0.8222 Path: 0.3873 | 0.9s
  Epoch 557/800 | Total: 5.239 Edge: 0.291 Con: 0.030 Cls: 1.251 Hist: 0.8059 Path: 0.3889 | 0.9s
  Epoch 558/800 | Total: 5.212 Edge: 0.289 Con: 0.031 Cls: 1.243 Hist: 0.8157 Path: 0.3776 | 0.9s
  Epoch 559/800 | Total: 5.167 Edge: 0.293 Con: 0.030 Cls: 1.233 Hist: 0.7983 Path: 0.3780 | 0.9s
  Epoch 560/800 | Total: 5.152 Edge: 0.286 Con: 0.031 Cls: 1.230 Hist: 0.8037 Path: 0.3732 | Val F1: 0.4168 | 0.9s
  Epoch 561/800 | Total: 5.249 Edge: 0.286 Con: 0.030 Cls: 1.259 Hist: 0.8144 Path: 0.3729 | 0.9s
  Epoch 562/800 | Total: 5.178 Edge: 0.284 Con: 0.030 Cls: 1.239 Hist: 0.8049 Path: 0.3712 | 0.9s
  Epoch 563/800 | Total: 5.225 Edge: 0.283 Con: 0.030 Cls: 1.254 Hist: 0.8113 Path: 0.3705 | 0.9s
  Epoch 564/800 | Total: 5.189 Edge: 0.282 Con: 0.030 Cls: 1.243 Hist: 0.8052 Path: 0.3731 | 0.9s
  Epoch 565/800 | Total: 5.235 Edge: 0.287 Con: 0.030 Cls: 1.254 Hist: 0.8097 Path: 0.3755 | Val F1: 0.4089 | 0.9s
  Epoch 566/800 | Total: 5.152 Edge: 0.290 Con: 0.030 Cls: 1.232 Hist: 0.7911 Path: 0.3750 | 0.9s
  Epoch 567/800 | Total: 5.179 Edge: 0.288 Con: 0.030 Cls: 1.238 Hist: 0.8053 Path: 0.3724 | 0.9s
  Epoch 568/800 | Total: 5.136 Edge: 0.285 Con: 0.030 Cls: 1.226 Hist: 0.8005 Path: 0.3712 | 0.9s
  Epoch 569/800 | Total: 5.098 Edge: 0.282 Con: 0.030 Cls: 1.219 Hist: 0.7917 Path: 0.3665 | 0.9s
  Epoch 570/800 | Total: 5.175 Edge: 0.284 Con: 0.030 Cls: 1.239 Hist: 0.8030 Path: 0.3708 | Val F1: 0.4184 | 0.9s
  Epoch 571/800 | Total: 5.233 Edge: 0.288 Con: 0.030 Cls: 1.251 Hist: 0.8182 Path: 0.3747 | 0.9s
  Epoch 572/800 | Total: 5.202 Edge: 0.298 Con: 0.030 Cls: 1.238 Hist: 0.8089 Path: 0.3827 | 0.9s
  Epoch 573/800 | Total: 5.208 Edge: 0.308 Con: 0.030 Cls: 1.237 Hist: 0.8047 Path: 0.3834 | 0.9s
  Epoch 574/800 | Total: 5.214 Edge: 0.296 Con: 0.031 Cls: 1.242 Hist: 0.8129 Path: 0.3786 | 0.9s
  Epoch 575/800 | Total: 5.155 Edge: 0.289 Con: 0.030 Cls: 1.230 Hist: 0.8000 Path: 0.3755 | Val F1: 0.4199 | 0.9s
  Epoch 576/800 | Total: 5.184 Edge: 0.287 Con: 0.030 Cls: 1.238 Hist: 0.8068 Path: 0.3760 | 0.9s
  Epoch 577/800 | Total: 5.158 Edge: 0.284 Con: 0.030 Cls: 1.233 Hist: 0.8010 Path: 0.3727 | 0.9s
  Epoch 578/800 | Total: 5.359 Edge: 0.287 Con: 0.030 Cls: 1.287 Hist: 0.8338 Path: 0.3785 | 0.9s
  Epoch 579/800 | Total: 5.582 Edge: 0.294 Con: 0.030 Cls: 1.346 Hist: 0.8674 Path: 0.3841 | 0.9s
  Epoch 580/800 | Total: 5.363 Edge: 0.306 Con: 0.032 Cls: 1.275 Hist: 0.8360 Path: 0.3957 | Val F1: 0.4183 | 0.9s
  Epoch 581/800 | Total: 5.240 Edge: 0.296 Con: 0.031 Cls: 1.249 Hist: 0.8176 Path: 0.3780 | 0.9s
  Epoch 582/800 | Total: 5.140 Edge: 0.288 Con: 0.030 Cls: 1.226 Hist: 0.8015 Path: 0.3738 | 0.9s
  Epoch 583/800 | Total: 5.174 Edge: 0.284 Con: 0.030 Cls: 1.239 Hist: 0.8015 Path: 0.3714 | 0.9s
  Epoch 584/800 | Total: 5.130 Edge: 0.289 Con: 0.030 Cls: 1.223 Hist: 0.7950 Path: 0.3762 | 0.9s
  Epoch 585/800 | Total: 5.138 Edge: 0.285 Con: 0.030 Cls: 1.230 Hist: 0.7927 Path: 0.3707 | Val F1: 0.4119 | 0.9s
  Epoch 586/800 | Total: 5.259 Edge: 0.294 Con: 0.031 Cls: 1.258 Hist: 0.8132 Path: 0.3768 | 0.9s
  Epoch 587/800 | Total: 5.245 Edge: 0.287 Con: 0.031 Cls: 1.255 Hist: 0.8192 Path: 0.3729 | 0.9s
  Epoch 588/800 | Total: 5.147 Edge: 0.284 Con: 0.030 Cls: 1.231 Hist: 0.7977 Path: 0.3725 | 0.9s
  Epoch 589/800 | Total: 5.160 Edge: 0.283 Con: 0.030 Cls: 1.235 Hist: 0.8030 Path: 0.3683 | 0.9s
  Epoch 590/800 | Total: 5.126 Edge: 0.284 Con: 0.030 Cls: 1.226 Hist: 0.7973 Path: 0.3672 | Val F1: 0.4267 | 0.9s
  Epoch 591/800 | Total: 5.107 Edge: 0.287 Con: 0.030 Cls: 1.220 Hist: 0.7896 Path: 0.3692 | 0.9s
  Epoch 592/800 | Total: 5.126 Edge: 0.285 Con: 0.030 Cls: 1.227 Hist: 0.7924 Path: 0.3687 | 0.9s
  Epoch 593/800 | Total: 5.112 Edge: 0.284 Con: 0.030 Cls: 1.224 Hist: 0.7912 Path: 0.3647 | 0.9s
  Epoch 594/800 | Total: 5.146 Edge: 0.280 Con: 0.030 Cls: 1.233 Hist: 0.7962 Path: 0.3692 | 0.9s
  Epoch 595/800 | Total: 5.197 Edge: 0.288 Con: 0.030 Cls: 1.245 Hist: 0.8052 Path: 0.3696 | Val F1: 0.4258 | 0.9s
  Epoch 596/800 | Total: 5.265 Edge: 0.287 Con: 0.030 Cls: 1.263 Hist: 0.8158 Path: 0.3723 | 0.9s
  Epoch 597/800 | Total: 5.591 Edge: 0.293 Con: 0.030 Cls: 1.352 Hist: 0.8600 Path: 0.3824 | 0.9s
  Epoch 598/800 | Total: 5.412 Edge: 0.297 Con: 0.031 Cls: 1.299 Hist: 0.8358 Path: 0.3829 | 0.9s
  Epoch 599/800 | Total: 5.337 Edge: 0.295 Con: 0.030 Cls: 1.276 Hist: 0.8275 Path: 0.3863 | 0.9s
  Epoch 600/800 | Total: 5.233 Edge: 0.297 Con: 0.030 Cls: 1.248 Hist: 0.8063 Path: 0.3863 | Val F1: 0.4179 | 0.9s
  Epoch 601/800 | Total: 5.195 Edge: 0.300 Con: 0.030 Cls: 1.235 Hist: 0.8021 Path: 0.3881 | 0.9s
  Epoch 602/800 | Total: 5.138 Edge: 0.287 Con: 0.030 Cls: 1.226 Hist: 0.7997 Path: 0.3738 | 0.9s
  Epoch 603/800 | Total: 5.116 Edge: 0.284 Con: 0.030 Cls: 1.224 Hist: 0.7918 Path: 0.3700 | 0.9s
  Epoch 604/800 | Total: 5.106 Edge: 0.279 Con: 0.030 Cls: 1.223 Hist: 0.7892 Path: 0.3689 | 0.9s
  Epoch 605/800 | Total: 5.113 Edge: 0.276 Con: 0.030 Cls: 1.225 Hist: 0.7982 Path: 0.3647 | Val F1: 0.4319 | 0.9s
  Epoch 606/800 | Total: 5.067 Edge: 0.275 Con: 0.029 Cls: 1.213 Hist: 0.7869 Path: 0.3661 | 0.9s
  Epoch 607/800 | Total: 5.069 Edge: 0.274 Con: 0.029 Cls: 1.214 Hist: 0.7917 Path: 0.3631 | 0.9s
  Epoch 608/800 | Total: 5.050 Edge: 0.275 Con: 0.029 Cls: 1.209 Hist: 0.7847 Path: 0.3624 | 0.9s
  Epoch 609/800 | Total: 5.090 Edge: 0.279 Con: 0.029 Cls: 1.217 Hist: 0.7935 Path: 0.3656 | 0.9s
  Epoch 610/800 | Total: 5.120 Edge: 0.278 Con: 0.029 Cls: 1.228 Hist: 0.7934 Path: 0.3665 | Val F1: 0.4310 | 0.9s
  Epoch 611/800 | Total: 5.109 Edge: 0.281 Con: 0.029 Cls: 1.220 Hist: 0.7954 Path: 0.3713 | 0.9s
  Epoch 612/800 | Total: 5.110 Edge: 0.282 Con: 0.029 Cls: 1.222 Hist: 0.7889 Path: 0.3714 | 0.9s
  Epoch 613/800 | Total: 5.071 Edge: 0.278 Con: 0.029 Cls: 1.214 Hist: 0.7897 Path: 0.3623 | 0.9s
  Epoch 614/800 | Total: 5.089 Edge: 0.279 Con: 0.029 Cls: 1.219 Hist: 0.7899 Path: 0.3634 | 0.9s
  Epoch 615/800 | Total: 5.088 Edge: 0.281 Con: 0.029 Cls: 1.219 Hist: 0.7865 Path: 0.3644 | Val F1: 0.4258 | 0.9s
  Epoch 616/800 | Total: 5.160 Edge: 0.281 Con: 0.029 Cls: 1.237 Hist: 0.7994 Path: 0.3691 | 0.9s
  Epoch 617/800 | Total: 5.079 Edge: 0.282 Con: 0.030 Cls: 1.215 Hist: 0.7857 Path: 0.3656 | 0.9s
  Epoch 618/800 | Total: 5.132 Edge: 0.283 Con: 0.029 Cls: 1.229 Hist: 0.7968 Path: 0.3642 | 0.9s
  Epoch 619/800 | Total: 5.075 Edge: 0.284 Con: 0.030 Cls: 1.212 Hist: 0.7886 Path: 0.3660 | 0.9s
  Epoch 620/800 | Total: 5.088 Edge: 0.287 Con: 0.029 Cls: 1.214 Hist: 0.7914 Path: 0.3666 | Val F1: 0.4316 | 0.9s
  Epoch 621/800 | Total: 5.172 Edge: 0.287 Con: 0.030 Cls: 1.237 Hist: 0.8012 Path: 0.3728 | 0.9s
  Epoch 622/800 | Total: 5.140 Edge: 0.279 Con: 0.029 Cls: 1.229 Hist: 0.8010 Path: 0.3715 | 0.9s
  Epoch 623/800 | Total: 5.080 Edge: 0.276 Con: 0.029 Cls: 1.215 Hist: 0.7894 Path: 0.3695 | 0.9s
  Epoch 624/800 | Total: 5.109 Edge: 0.274 Con: 0.029 Cls: 1.225 Hist: 0.7923 Path: 0.3671 | 0.9s
  Epoch 625/800 | Total: 5.094 Edge: 0.276 Con: 0.029 Cls: 1.220 Hist: 0.7938 Path: 0.3637 | Val F1: 0.4300 | 0.9s
  Epoch 626/800 | Total: 5.170 Edge: 0.278 Con: 0.029 Cls: 1.240 Hist: 0.8040 Path: 0.3677 | 0.9s
  Epoch 627/800 | Total: 5.200 Edge: 0.282 Con: 0.029 Cls: 1.247 Hist: 0.8099 Path: 0.3665 | 0.9s
  Epoch 628/800 | Total: 5.211 Edge: 0.291 Con: 0.029 Cls: 1.243 Hist: 0.8144 Path: 0.3752 | 0.9s
  Epoch 629/800 | Total: 5.187 Edge: 0.289 Con: 0.029 Cls: 1.239 Hist: 0.8049 Path: 0.3759 | 0.9s
  Epoch 630/800 | Total: 5.130 Edge: 0.284 Con: 0.030 Cls: 1.226 Hist: 0.7934 Path: 0.3741 | Val F1: 0.4215 | 0.9s
  Epoch 631/800 | Total: 5.278 Edge: 0.288 Con: 0.030 Cls: 1.264 Hist: 0.8242 Path: 0.3730 | 0.9s
  Epoch 632/800 | Total: 5.291 Edge: 0.293 Con: 0.030 Cls: 1.266 Hist: 0.8254 Path: 0.3760 | 0.9s
  Epoch 633/800 | Total: 5.380 Edge: 0.290 Con: 0.031 Cls: 1.289 Hist: 0.8422 Path: 0.3788 | 0.9s
  Epoch 634/800 | Total: 5.305 Edge: 0.297 Con: 0.030 Cls: 1.267 Hist: 0.8268 Path: 0.3807 | 0.9s
  Epoch 635/800 | Total: 5.248 Edge: 0.296 Con: 0.030 Cls: 1.252 Hist: 0.8117 Path: 0.3840 | Val F1: 0.4230 | 0.9s
  Epoch 636/800 | Total: 5.135 Edge: 0.301 Con: 0.029 Cls: 1.218 Hist: 0.7928 Path: 0.3855 | 0.9s
  Epoch 637/800 | Total: 5.205 Edge: 0.286 Con: 0.029 Cls: 1.246 Hist: 0.8053 Path: 0.3745 | 0.9s
  Epoch 638/800 | Total: 5.086 Edge: 0.282 Con: 0.030 Cls: 1.215 Hist: 0.7901 Path: 0.3688 | 0.9s
  Epoch 639/800 | Total: 5.060 Edge: 0.276 Con: 0.029 Cls: 1.212 Hist: 0.7864 Path: 0.3620 | 0.9s
  Epoch 640/800 | Total: 5.039 Edge: 0.275 Con: 0.029 Cls: 1.206 Hist: 0.7835 Path: 0.3629 | Val F1: 0.4233 | 0.9s
  Epoch 641/800 | Total: 5.021 Edge: 0.277 Con: 0.029 Cls: 1.202 Hist: 0.7788 Path: 0.3612 | 0.9s
  Epoch 642/800 | Total: 5.042 Edge: 0.278 Con: 0.029 Cls: 1.208 Hist: 0.7819 Path: 0.3578 | 0.9s
  Epoch 643/800 | Total: 5.039 Edge: 0.280 Con: 0.029 Cls: 1.204 Hist: 0.7819 Path: 0.3649 | 0.9s
  Epoch 644/800 | Total: 5.095 Edge: 0.280 Con: 0.029 Cls: 1.219 Hist: 0.7918 Path: 0.3657 | 0.9s
  Epoch 645/800 | Total: 5.068 Edge: 0.278 Con: 0.029 Cls: 1.214 Hist: 0.7855 Path: 0.3630 | Val F1: 0.4296 | 0.9s
  Epoch 646/800 | Total: 5.085 Edge: 0.281 Con: 0.029 Cls: 1.217 Hist: 0.7862 Path: 0.3663 | 0.9s
  Epoch 647/800 | Total: 5.171 Edge: 0.282 Con: 0.029 Cls: 1.239 Hist: 0.8018 Path: 0.3709 | 0.9s
  Epoch 648/800 | Total: 5.257 Edge: 0.285 Con: 0.029 Cls: 1.261 Hist: 0.8181 Path: 0.3708 | 0.9s
  Epoch 649/800 | Total: 5.412 Edge: 0.290 Con: 0.029 Cls: 1.301 Hist: 0.8428 Path: 0.3759 | 0.9s
  Epoch 650/800 | Total: 5.225 Edge: 0.285 Con: 0.030 Cls: 1.253 Hist: 0.8086 Path: 0.3720 | Val F1: 0.4221 | 0.9s
  Epoch 651/800 | Total: 5.208 Edge: 0.284 Con: 0.029 Cls: 1.246 Hist: 0.8091 Path: 0.3774 | 0.9s
  Epoch 652/800 | Total: 5.084 Edge: 0.278 Con: 0.029 Cls: 1.218 Hist: 0.7863 Path: 0.3650 | 0.9s
  Epoch 653/800 | Total: 5.166 Edge: 0.289 Con: 0.029 Cls: 1.234 Hist: 0.8000 Path: 0.3764 | 0.9s
  Epoch 654/800 | Total: 5.100 Edge: 0.286 Con: 0.029 Cls: 1.216 Hist: 0.7944 Path: 0.3707 | 0.9s
  Epoch 655/800 | Total: 5.167 Edge: 0.285 Con: 0.029 Cls: 1.238 Hist: 0.7995 Path: 0.3696 | Val F1: 0.4157 | 0.9s
  Epoch 656/800 | Total: 5.141 Edge: 0.283 Con: 0.029 Cls: 1.228 Hist: 0.8020 Path: 0.3720 | 0.9s
  Epoch 657/800 | Total: 5.150 Edge: 0.284 Con: 0.029 Cls: 1.232 Hist: 0.7976 Path: 0.3717 | 0.9s
  Epoch 658/800 | Total: 5.119 Edge: 0.284 Con: 0.029 Cls: 1.222 Hist: 0.7966 Path: 0.3719 | 0.9s
  Epoch 659/800 | Total: 5.217 Edge: 0.286 Con: 0.030 Cls: 1.248 Hist: 0.8077 Path: 0.3791 | 0.9s
  Epoch 660/800 | Total: 5.132 Edge: 0.289 Con: 0.030 Cls: 1.225 Hist: 0.7947 Path: 0.3735 | Val F1: 0.4294 | 0.9s
  Epoch 661/800 | Total: 5.137 Edge: 0.287 Con: 0.029 Cls: 1.227 Hist: 0.7995 Path: 0.3700 | 0.9s
  Epoch 662/800 | Total: 5.054 Edge: 0.282 Con: 0.029 Cls: 1.206 Hist: 0.7847 Path: 0.3689 | 0.9s
  Epoch 663/800 | Total: 5.071 Edge: 0.287 Con: 0.029 Cls: 1.211 Hist: 0.7816 Path: 0.3678 | 0.9s
  Epoch 664/800 | Total: 5.063 Edge: 0.277 Con: 0.029 Cls: 1.213 Hist: 0.7861 Path: 0.3618 | 0.9s
  Epoch 665/800 | Total: 5.026 Edge: 0.275 Con: 0.029 Cls: 1.202 Hist: 0.7829 Path: 0.3613 | Val F1: 0.4314 | 0.9s
  Epoch 666/800 | Total: 5.084 Edge: 0.277 Con: 0.029 Cls: 1.216 Hist: 0.7947 Path: 0.3628 | 0.9s
  Epoch 667/800 | Total: 5.157 Edge: 0.278 Con: 0.029 Cls: 1.236 Hist: 0.8022 Path: 0.3672 | 0.9s
  Epoch 668/800 | Total: 5.208 Edge: 0.279 Con: 0.029 Cls: 1.247 Hist: 0.8203 Path: 0.3684 | 0.9s
  Epoch 669/800 | Total: 5.158 Edge: 0.285 Con: 0.029 Cls: 1.232 Hist: 0.8024 Path: 0.3759 | 0.9s
  Epoch 670/800 | Total: 5.148 Edge: 0.285 Con: 0.029 Cls: 1.232 Hist: 0.7989 Path: 0.3689 | Val F1: 0.4163 | 0.9s
  Epoch 671/800 | Total: 5.257 Edge: 0.282 Con: 0.029 Cls: 1.261 Hist: 0.8247 Path: 0.3679 | 0.9s
  Epoch 672/800 | Total: 5.274 Edge: 0.285 Con: 0.030 Cls: 1.265 Hist: 0.8220 Path: 0.3723 | 0.9s
  Epoch 673/800 | Total: 5.232 Edge: 0.285 Con: 0.029 Cls: 1.251 Hist: 0.8190 Path: 0.3742 | 0.9s
  Epoch 674/800 | Total: 5.390 Edge: 0.293 Con: 0.030 Cls: 1.292 Hist: 0.8397 Path: 0.3816 | 0.9s
  Epoch 675/800 | Total: 5.561 Edge: 0.319 Con: 0.031 Cls: 1.323 Hist: 0.8758 Path: 0.3973 | Val F1: 0.4085 | 0.9s
  Epoch 676/800 | Total: 5.372 Edge: 0.305 Con: 0.030 Cls: 1.276 Hist: 0.8385 Path: 0.3993 | 0.9s
  Epoch 677/800 | Total: 5.321 Edge: 0.305 Con: 0.030 Cls: 1.264 Hist: 0.8269 Path: 0.3977 | 0.9s
  Epoch 678/800 | Total: 5.224 Edge: 0.296 Con: 0.029 Cls: 1.244 Hist: 0.8130 Path: 0.3816 | 0.9s
  Epoch 679/800 | Total: 5.216 Edge: 0.289 Con: 0.029 Cls: 1.248 Hist: 0.8116 Path: 0.3716 | 0.9s
  Epoch 680/800 | Total: 5.119 Edge: 0.285 Con: 0.030 Cls: 1.224 Hist: 0.7930 Path: 0.3691 | Val F1: 0.4283 | 0.9s
  Epoch 681/800 | Total: 5.115 Edge: 0.282 Con: 0.029 Cls: 1.222 Hist: 0.7974 Path: 0.3689 | 0.9s
  Epoch 682/800 | Total: 5.056 Edge: 0.277 Con: 0.029 Cls: 1.210 Hist: 0.7852 Path: 0.3637 | 0.9s
  Epoch 683/800 | Total: 5.070 Edge: 0.281 Con: 0.029 Cls: 1.212 Hist: 0.7848 Path: 0.3664 | 0.9s
  Epoch 684/800 | Total: 5.071 Edge: 0.278 Con: 0.029 Cls: 1.214 Hist: 0.7846 Path: 0.3652 | 0.9s
  Epoch 685/800 | Total: 5.066 Edge: 0.276 Con: 0.029 Cls: 1.213 Hist: 0.7886 Path: 0.3619 | Val F1: 0.4283 | 0.9s
  Epoch 686/800 | Total: 5.041 Edge: 0.275 Con: 0.029 Cls: 1.207 Hist: 0.7824 Path: 0.3626 | 0.9s
  Epoch 687/800 | Total: 5.068 Edge: 0.274 Con: 0.029 Cls: 1.215 Hist: 0.7872 Path: 0.3616 | 0.9s
  Epoch 688/800 | Total: 5.108 Edge: 0.280 Con: 0.029 Cls: 1.224 Hist: 0.7925 Path: 0.3652 | 0.9s
  Epoch 689/800 | Total: 5.106 Edge: 0.279 Con: 0.029 Cls: 1.222 Hist: 0.7965 Path: 0.3658 | 0.9s
  Epoch 690/800 | Total: 5.112 Edge: 0.278 Con: 0.029 Cls: 1.224 Hist: 0.7957 Path: 0.3653 | Val F1: 0.4277 | 0.9s
  Epoch 691/800 | Total: 5.064 Edge: 0.282 Con: 0.029 Cls: 1.209 Hist: 0.7873 Path: 0.3672 | 0.9s
  Epoch 692/800 | Total: 5.131 Edge: 0.280 Con: 0.029 Cls: 1.229 Hist: 0.7978 Path: 0.3659 | 0.9s
  Epoch 693/800 | Total: 5.285 Edge: 0.283 Con: 0.029 Cls: 1.271 Hist: 0.8195 Path: 0.3708 | 0.9s
  Epoch 694/800 | Total: 5.240 Edge: 0.292 Con: 0.030 Cls: 1.255 Hist: 0.8088 Path: 0.3760 | 0.9s
  Epoch 695/800 | Total: 5.310 Edge: 0.293 Con: 0.029 Cls: 1.270 Hist: 0.8227 Path: 0.3839 | Val F1: 0.4044 | 0.9s
  Epoch 696/800 | Total: 5.434 Edge: 0.299 Con: 0.030 Cls: 1.301 Hist: 0.8472 Path: 0.3853 | 0.9s
  Epoch 697/800 | Total: 5.153 Edge: 0.287 Con: 0.029 Cls: 1.231 Hist: 0.8029 Path: 0.3715 | 0.9s
  Epoch 698/800 | Total: 5.142 Edge: 0.279 Con: 0.029 Cls: 1.231 Hist: 0.8037 Path: 0.3660 | 0.9s
  Epoch 699/800 | Total: 5.117 Edge: 0.285 Con: 0.029 Cls: 1.222 Hist: 0.7962 Path: 0.3702 | 0.9s
  Epoch 700/800 | Total: 5.121 Edge: 0.284 Con: 0.029 Cls: 1.224 Hist: 0.7945 Path: 0.3696 | Val F1: 0.4297 | 0.9s
  Epoch 701/800 | Total: 5.099 Edge: 0.284 Con: 0.028 Cls: 1.219 Hist: 0.7926 Path: 0.3668 | 0.9s
  Epoch 702/800 | Total: 5.034 Edge: 0.284 Con: 0.029 Cls: 1.200 Hist: 0.7839 Path: 0.3676 | 0.9s
  Epoch 703/800 | Total: 5.112 Edge: 0.299 Con: 0.028 Cls: 1.215 Hist: 0.7862 Path: 0.3834 | 0.9s
  Epoch 704/800 | Total: 5.084 Edge: 0.285 Con: 0.028 Cls: 1.212 Hist: 0.7934 Path: 0.3687 | 0.9s
  Epoch 705/800 | Total: 5.153 Edge: 0.287 Con: 0.028 Cls: 1.232 Hist: 0.8003 Path: 0.3716 | Val F1: 0.4219 | 0.9s
  Early stopping at epoch 705
  Best Val F1: 0.4319 | Test F1: 0.4349
  Total training time: 721.5s (12.0 min)

======================================================================
  Val  Macro-F1: 0.4319
  Test Macro-F1: 0.4349
  Test Accuracy: 0.6596
  Time: 723.4s
======================================================================

  Results saved to: results/NESS_ogbn-arxiv_MCAR_0.8_20260724_110759
