/home/erfan/MATE/venv/lib/python3.13/site-packages/outdated/__init__.py:36: UserWarning: pkg_resources is deprecated as an API. See https://setuptools.pypa.io/en/latest/pkg_resources.html. The pkg_resources package is slated for removal as early as 2025-11-30. Refrain from using this package or pin to Setuptools<81.
  from pkg_resources import parse_version
/home/erfan/MATE/ogbn_benchmarks/data_loader.py:96: UserWarning: Sparse invariant checks are implicitly disabled. Memory errors (e.g. SEGFAULT) will occur when operating on a sparse tensor which violates the invariants, but checks incur performance overhead. To silence this warning, explicitly opt in or out. See `torch.sparse.check_sparse_tensor_invariants.__doc__` for guidance.  (Triggered internally at /pytorch/aten/src/ATen/Context.cpp:760.)
  adj = torch.sparse_coo_tensor(edge_index, vals, (num_nodes, num_nodes)).coalesce()
======================================================================
  NESS | ogbn-arxiv | MCAR @ 90% | lr=0.001
======================================================================
[1/3] Loading ogbn-arxiv...
  169,343 nodes | 128 dims | 40 classes
[2/3] Simulating MCAR missingness...
Simulating MCAR missingness at 90% rate...
  MCAR: Uniform random selection
  Observable: 16,935 (10.0%)
  Masked: 152,408 (90.0%)
  Observable: 16,935 | Val: 76,204 | Test: 76,204
[3/3] Running NESS...
  Prefilling missing nodes via Feature Propagation (40 iters)...
  Computing neighbor label-histogram target (2-hop, observable labels)...
  Partitioning graph into 20 clusters (cache_device=gpu)...
  Cached 20 clusters
  Training NESS for up to 800 epochs (patience=20)...
  Epoch 1/800 | Total: 15.063 Edge: 0.692 Con: 0.565 Cls: 3.497 Hist: 2.8950 Path: 0.7020 | 9.9s
  Epoch 2/800 | Total: 13.299 Edge: 0.654 Con: 0.450 Cls: 3.079 Hist: 2.4958 Path: 0.6878 | 0.9s
  Epoch 3/800 | Total: 12.747 Edge: 0.622 Con: 0.373 Cls: 2.964 Hist: 2.3675 Path: 0.6787 | 0.9s
  Epoch 4/800 | Total: 12.262 Edge: 0.634 Con: 0.315 Cls: 2.853 Hist: 2.2284 Path: 0.6833 | 0.9s
  Epoch 5/800 | Total: 11.383 Edge: 0.625 Con: 0.291 Cls: 2.632 Hist: 2.0348 Path: 0.6829 | Val F1: 0.0251 | 0.9s
  Epoch 6/800 | Total: 11.577 Edge: 0.638 Con: 0.272 Cls: 2.689 Hist: 2.0650 Path: 0.6705 | 0.9s
  Epoch 7/800 | Total: 11.005 Edge: 0.619 Con: 0.274 Cls: 2.549 Hist: 1.9412 Path: 0.6608 | 0.9s
  Epoch 8/800 | Total: 10.560 Edge: 0.588 Con: 0.255 Cls: 2.459 Hist: 1.8166 Path: 0.6513 | 0.9s
  Epoch 9/800 | Total: 10.076 Edge: 0.584 Con: 0.241 Cls: 2.333 Hist: 1.7298 Path: 0.6428 | 0.9s
  Epoch 10/800 | Total: 9.703 Edge: 0.567 Con: 0.232 Cls: 2.252 Hist: 1.6389 Path: 0.6253 | Val F1: 0.0708 | 0.9s
  Epoch 11/800 | Total: 9.300 Edge: 0.542 Con: 0.224 Cls: 2.158 Hist: 1.5654 Path: 0.6057 | 0.9s
  Epoch 12/800 | Total: 9.185 Edge: 0.530 Con: 0.218 Cls: 2.124 Hist: 1.5479 Path: 0.6244 | 0.9s
  Epoch 13/800 | Total: 9.288 Edge: 0.522 Con: 0.214 Cls: 2.156 Hist: 1.5764 Path: 0.6146 | 0.9s
  Epoch 14/800 | Total: 9.396 Edge: 0.523 Con: 0.214 Cls: 2.185 Hist: 1.6022 Path: 0.6088 | 0.9s
  Epoch 15/800 | Total: 9.318 Edge: 0.520 Con: 0.208 Cls: 2.165 Hist: 1.5960 Path: 0.6052 | Val F1: 0.1061 | 0.9s
  Epoch 16/800 | Total: 9.085 Edge: 0.516 Con: 0.210 Cls: 2.112 Hist: 1.5439 Path: 0.5843 | 0.9s
  Epoch 17/800 | Total: 8.447 Edge: 0.487 Con: 0.198 Cls: 1.953 Hist: 1.4188 Path: 0.5831 | 0.9s
  Epoch 18/800 | Total: 8.324 Edge: 0.476 Con: 0.195 Cls: 1.926 Hist: 1.3969 Path: 0.5747 | 0.9s
  Epoch 19/800 | Total: 8.188 Edge: 0.468 Con: 0.197 Cls: 1.892 Hist: 1.3703 Path: 0.5760 | 0.9s
  Epoch 20/800 | Total: 8.307 Edge: 0.474 Con: 0.192 Cls: 1.922 Hist: 1.4020 Path: 0.5691 | Val F1: 0.1499 | 0.9s
  Epoch 21/800 | Total: 8.030 Edge: 0.492 Con: 0.194 Cls: 1.843 Hist: 1.3426 Path: 0.5698 | 0.9s
  Epoch 22/800 | Total: 7.972 Edge: 0.466 Con: 0.189 Cls: 1.841 Hist: 1.3407 Path: 0.5479 | 0.9s
  Epoch 23/800 | Total: 7.812 Edge: 0.456 Con: 0.186 Cls: 1.804 Hist: 1.3010 Path: 0.5497 | 0.9s
  Epoch 24/800 | Total: 8.366 Edge: 0.459 Con: 0.189 Cls: 1.955 Hist: 1.3943 Path: 0.5527 | 0.9s
  Epoch 25/800 | Total: 7.951 Edge: 0.473 Con: 0.188 Cls: 1.840 Hist: 1.3056 Path: 0.5577 | Val F1: 0.1704 | 0.9s
  Epoch 26/800 | Total: 7.723 Edge: 0.461 Con: 0.186 Cls: 1.782 Hist: 1.2778 Path: 0.5440 | 0.9s
  Epoch 27/800 | Total: 7.622 Edge: 0.453 Con: 0.184 Cls: 1.751 Hist: 1.2599 Path: 0.5643 | 0.9s
  Epoch 28/800 | Total: 7.451 Edge: 0.452 Con: 0.178 Cls: 1.715 Hist: 1.2335 Path: 0.5331 | 0.9s
  Epoch 29/800 | Total: 7.385 Edge: 0.436 Con: 0.177 Cls: 1.706 Hist: 1.2195 Path: 0.5222 | 0.9s
  Epoch 30/800 | Total: 7.385 Edge: 0.434 Con: 0.174 Cls: 1.707 Hist: 1.2267 Path: 0.5163 | Val F1: 0.1954 | 0.9s
  Epoch 31/800 | Total: 7.660 Edge: 0.433 Con: 0.177 Cls: 1.774 Hist: 1.2853 Path: 0.5305 | 0.9s
  Epoch 32/800 | Total: 7.575 Edge: 0.446 Con: 0.175 Cls: 1.745 Hist: 1.2553 Path: 0.5516 | 0.9s
  Epoch 33/800 | Total: 7.251 Edge: 0.455 Con: 0.173 Cls: 1.658 Hist: 1.1966 Path: 0.5389 | 0.9s
  Epoch 34/800 | Total: 7.176 Edge: 0.431 Con: 0.173 Cls: 1.649 Hist: 1.1883 Path: 0.5239 | 1.0s
  Epoch 35/800 | Total: 7.192 Edge: 0.423 Con: 0.172 Cls: 1.653 Hist: 1.1897 Path: 0.5348 | Val F1: 0.2187 | 1.0s
  Epoch 36/800 | Total: 7.915 Edge: 0.457 Con: 0.178 Cls: 1.842 Hist: 1.3204 Path: 0.5218 | 1.0s
  Epoch 37/800 | Total: 7.916 Edge: 0.501 Con: 0.179 Cls: 1.814 Hist: 1.3268 Path: 0.5583 | 1.0s
  Epoch 38/800 | Total: 7.561 Edge: 0.453 Con: 0.178 Cls: 1.741 Hist: 1.2620 Path: 0.5334 | 1.0s
  Epoch 39/800 | Total: 7.125 Edge: 0.440 Con: 0.172 Cls: 1.636 Hist: 1.1793 Path: 0.5104 | 0.9s
  Epoch 40/800 | Total: 7.051 Edge: 0.426 Con: 0.171 Cls: 1.622 Hist: 1.1701 Path: 0.5045 | Val F1: 0.2205 | 0.9s
  Epoch 41/800 | Total: 6.900 Edge: 0.424 Con: 0.169 Cls: 1.589 Hist: 1.1263 Path: 0.4984 | 0.9s
  Epoch 42/800 | Total: 7.005 Edge: 0.420 Con: 0.171 Cls: 1.617 Hist: 1.1524 Path: 0.4941 | 0.9s
  Epoch 43/800 | Total: 6.900 Edge: 0.412 Con: 0.169 Cls: 1.596 Hist: 1.1335 Path: 0.4814 | 0.9s
  Epoch 44/800 | Total: 6.825 Edge: 0.413 Con: 0.168 Cls: 1.575 Hist: 1.1153 Path: 0.4880 | 0.9s
  Epoch 45/800 | Total: 6.854 Edge: 0.416 Con: 0.168 Cls: 1.571 Hist: 1.1240 Path: 0.5182 | Val F1: 0.2324 | 0.9s
  Epoch 46/800 | Total: 6.839 Edge: 0.425 Con: 0.166 Cls: 1.565 Hist: 1.1160 Path: 0.5204 | 0.9s
  Epoch 47/800 | Total: 6.723 Edge: 0.422 Con: 0.167 Cls: 1.536 Hist: 1.0936 Path: 0.5169 | 0.9s
  Epoch 48/800 | Total: 6.588 Edge: 0.414 Con: 0.167 Cls: 1.509 Hist: 1.0738 Path: 0.4899 | 0.9s
  Epoch 49/800 | Total: 6.626 Edge: 0.404 Con: 0.167 Cls: 1.526 Hist: 1.0755 Path: 0.4841 | 0.9s
  Epoch 50/800 | Total: 6.549 Edge: 0.405 Con: 0.167 Cls: 1.503 Hist: 1.0696 Path: 0.4834 | Val F1: 0.2417 | 0.9s
  Epoch 51/800 | Total: 6.612 Edge: 0.403 Con: 0.169 Cls: 1.521 Hist: 1.0777 Path: 0.4828 | 0.9s
  Epoch 52/800 | Total: 6.830 Edge: 0.416 Con: 0.170 Cls: 1.571 Hist: 1.1146 Path: 0.5010 | 0.9s
  Epoch 53/800 | Total: 6.698 Edge: 0.408 Con: 0.165 Cls: 1.543 Hist: 1.0899 Path: 0.4879 | 0.9s
  Epoch 54/800 | Total: 6.600 Edge: 0.421 Con: 0.165 Cls: 1.507 Hist: 1.0775 Path: 0.4979 | 1.0s
  Epoch 55/800 | Total: 6.639 Edge: 0.405 Con: 0.168 Cls: 1.523 Hist: 1.0972 Path: 0.4829 | Val F1: 0.2579 | 0.9s
  Epoch 56/800 | Total: 6.523 Edge: 0.399 Con: 0.163 Cls: 1.499 Hist: 1.0660 Path: 0.4783 | 0.9s
  Epoch 57/800 | Total: 6.531 Edge: 0.404 Con: 0.165 Cls: 1.499 Hist: 1.0700 Path: 0.4764 | 0.9s
  Epoch 58/800 | Total: 6.421 Edge: 0.406 Con: 0.163 Cls: 1.469 Hist: 1.0449 Path: 0.4805 | 0.9s
  Epoch 59/800 | Total: 6.453 Edge: 0.400 Con: 0.163 Cls: 1.477 Hist: 1.0592 Path: 0.4809 | 0.9s
  Epoch 60/800 | Total: 6.541 Edge: 0.401 Con: 0.163 Cls: 1.505 Hist: 1.0664 Path: 0.4754 | Val F1: 0.2322 | 0.9s
  Epoch 61/800 | Total: 6.550 Edge: 0.401 Con: 0.167 Cls: 1.505 Hist: 1.0743 Path: 0.4775 | 0.9s
  Epoch 62/800 | Total: 6.412 Edge: 0.416 Con: 0.164 Cls: 1.460 Hist: 1.0409 Path: 0.4919 | 0.9s
  Epoch 63/800 | Total: 6.341 Edge: 0.406 Con: 0.163 Cls: 1.447 Hist: 1.0288 Path: 0.4844 | 0.9s
  Epoch 64/800 | Total: 6.287 Edge: 0.396 Con: 0.163 Cls: 1.436 Hist: 1.0259 Path: 0.4762 | 0.9s
  Epoch 65/800 | Total: 6.297 Edge: 0.385 Con: 0.161 Cls: 1.448 Hist: 1.0224 Path: 0.4648 | Val F1: 0.2567 | 1.0s
  Epoch 66/800 | Total: 6.223 Edge: 0.389 Con: 0.164 Cls: 1.424 Hist: 1.0171 Path: 0.4635 | 0.9s
  Epoch 67/800 | Total: 6.230 Edge: 0.388 Con: 0.162 Cls: 1.428 Hist: 1.0161 Path: 0.4613 | 0.9s
  Epoch 68/800 | Total: 6.218 Edge: 0.383 Con: 0.161 Cls: 1.428 Hist: 1.0139 Path: 0.4545 | 0.9s
  Epoch 69/800 | Total: 6.600 Edge: 0.398 Con: 0.164 Cls: 1.522 Hist: 1.0860 Path: 0.4671 | 1.0s
  Epoch 70/800 | Total: 6.613 Edge: 0.399 Con: 0.164 Cls: 1.525 Hist: 1.0837 Path: 0.4724 | Val F1: 0.2636 | 0.9s
  Epoch 71/800 | Total: 6.502 Edge: 0.390 Con: 0.162 Cls: 1.503 Hist: 1.0592 Path: 0.4618 | 0.9s
  Epoch 72/800 | Total: 6.569 Edge: 0.389 Con: 0.160 Cls: 1.517 Hist: 1.0854 Path: 0.4631 | 0.9s
  Epoch 73/800 | Total: 6.246 Edge: 0.383 Con: 0.160 Cls: 1.437 Hist: 1.0185 Path: 0.4519 | 0.9s
  Epoch 74/800 | Total: 6.334 Edge: 0.410 Con: 0.164 Cls: 1.443 Hist: 1.0362 Path: 0.4759 | 0.9s
  Epoch 75/800 | Total: 6.324 Edge: 0.387 Con: 0.157 Cls: 1.452 Hist: 1.0434 Path: 0.4585 | Val F1: 0.2868 | 0.9s
  Epoch 76/800 | Total: 6.084 Edge: 0.377 Con: 0.160 Cls: 1.395 Hist: 0.9942 Path: 0.4479 | 0.9s
  Epoch 77/800 | Total: 6.190 Edge: 0.380 Con: 0.161 Cls: 1.422 Hist: 1.0123 Path: 0.4507 | 0.9s
  Epoch 78/800 | Total: 6.493 Edge: 0.386 Con: 0.161 Cls: 1.495 Hist: 1.0782 Path: 0.4622 | 0.9s
  Epoch 79/800 | Total: 6.362 Edge: 0.388 Con: 0.166 Cls: 1.462 Hist: 1.0368 Path: 0.4703 | 0.9s
  Epoch 80/800 | Total: 6.203 Edge: 0.380 Con: 0.160 Cls: 1.421 Hist: 1.0195 Path: 0.4598 | Val F1: 0.2777 | 0.9s
  Epoch 81/800 | Total: 6.203 Edge: 0.377 Con: 0.162 Cls: 1.423 Hist: 1.0152 Path: 0.4594 | 0.9s
  Epoch 82/800 | Total: 6.148 Edge: 0.376 Con: 0.160 Cls: 1.407 Hist: 1.0171 Path: 0.4539 | 0.9s
  Epoch 83/800 | Total: 6.099 Edge: 0.370 Con: 0.161 Cls: 1.400 Hist: 0.9975 Path: 0.4497 | 0.9s
  Epoch 84/800 | Total: 6.039 Edge: 0.379 Con: 0.159 Cls: 1.380 Hist: 0.9923 Path: 0.4489 | 0.9s
  Epoch 85/800 | Total: 6.140 Edge: 0.383 Con: 0.159 Cls: 1.409 Hist: 1.0023 Path: 0.4482 | Val F1: 0.2631 | 0.9s
  Epoch 86/800 | Total: 6.049 Edge: 0.398 Con: 0.161 Cls: 1.373 Hist: 0.9818 Path: 0.4686 | 0.9s
  Epoch 87/800 | Total: 6.100 Edge: 0.393 Con: 0.161 Cls: 1.391 Hist: 0.9978 Path: 0.4557 | 0.9s
  Epoch 88/800 | Total: 6.234 Edge: 0.382 Con: 0.158 Cls: 1.434 Hist: 1.0248 Path: 0.4481 | 0.9s
  Epoch 89/800 | Total: 6.096 Edge: 0.375 Con: 0.162 Cls: 1.398 Hist: 0.9999 Path: 0.4458 | 0.9s
  Epoch 90/800 | Total: 5.980 Edge: 0.366 Con: 0.159 Cls: 1.372 Hist: 0.9741 Path: 0.4426 | Val F1: 0.2840 | 0.9s
  Epoch 91/800 | Total: 6.121 Edge: 0.376 Con: 0.160 Cls: 1.406 Hist: 0.9928 Path: 0.4544 | 0.9s
  Epoch 92/800 | Total: 6.205 Edge: 0.375 Con: 0.158 Cls: 1.432 Hist: 1.0070 Path: 0.4489 | 0.9s
  Epoch 93/800 | Total: 6.046 Edge: 0.375 Con: 0.160 Cls: 1.388 Hist: 0.9877 Path: 0.4397 | 0.9s
  Epoch 94/800 | Total: 6.015 Edge: 0.371 Con: 0.158 Cls: 1.379 Hist: 0.9891 Path: 0.4395 | 0.9s
  Epoch 95/800 | Total: 6.256 Edge: 0.367 Con: 0.159 Cls: 1.447 Hist: 1.0304 Path: 0.4378 | Val F1: 0.2906 | 0.9s
  Epoch 96/800 | Total: 6.164 Edge: 0.371 Con: 0.160 Cls: 1.424 Hist: 1.0068 Path: 0.4353 | 0.9s
  Epoch 97/800 | Total: 5.997 Edge: 0.379 Con: 0.160 Cls: 1.376 Hist: 0.9715 Path: 0.4393 | 0.9s
  Epoch 98/800 | Total: 6.073 Edge: 0.372 Con: 0.160 Cls: 1.394 Hist: 0.9882 Path: 0.4512 | 0.9s
  Epoch 99/800 | Total: 5.878 Edge: 0.364 Con: 0.158 Cls: 1.349 Hist: 0.9581 Path: 0.4304 | 0.9s
  Epoch 100/800 | Total: 5.858 Edge: 0.363 Con: 0.160 Cls: 1.343 Hist: 0.9560 Path: 0.4287 | Val F1: 0.3121 | 0.9s
  Epoch 101/800 | Total: 5.772 Edge: 0.358 Con: 0.160 Cls: 1.323 Hist: 0.9413 Path: 0.4221 | 0.9s
  Epoch 102/800 | Total: 5.733 Edge: 0.356 Con: 0.158 Cls: 1.313 Hist: 0.9416 Path: 0.4177 | 0.9s
  Epoch 103/800 | Total: 5.860 Edge: 0.357 Con: 0.159 Cls: 1.347 Hist: 0.9631 Path: 0.4183 | 0.9s
  Epoch 104/800 | Total: 5.794 Edge: 0.355 Con: 0.159 Cls: 1.329 Hist: 0.9530 Path: 0.4190 | 0.9s
  Epoch 105/800 | Total: 5.767 Edge: 0.351 Con: 0.157 Cls: 1.327 Hist: 0.9420 Path: 0.4147 | Val F1: 0.2939 | 0.9s
  Epoch 106/800 | Total: 5.944 Edge: 0.359 Con: 0.157 Cls: 1.373 Hist: 0.9623 Path: 0.4270 | 0.9s
  Epoch 107/800 | Total: 6.143 Edge: 0.364 Con: 0.159 Cls: 1.416 Hist: 1.0114 Path: 0.4399 | 0.9s
  Epoch 108/800 | Total: 5.918 Edge: 0.372 Con: 0.159 Cls: 1.356 Hist: 0.9681 Path: 0.4306 | 0.9s
  Epoch 109/800 | Total: 5.886 Edge: 0.371 Con: 0.159 Cls: 1.349 Hist: 0.9658 Path: 0.4229 | 0.9s
  Epoch 110/800 | Total: 5.756 Edge: 0.365 Con: 0.156 Cls: 1.316 Hist: 0.9418 Path: 0.4235 | Val F1: 0.3080 | 0.9s
  Epoch 111/800 | Total: 5.757 Edge: 0.352 Con: 0.157 Cls: 1.324 Hist: 0.9375 Path: 0.4177 | 0.9s
  Epoch 112/800 | Total: 5.821 Edge: 0.357 Con: 0.158 Cls: 1.336 Hist: 0.9556 Path: 0.4204 | 0.9s
  Epoch 113/800 | Total: 5.888 Edge: 0.354 Con: 0.157 Cls: 1.358 Hist: 0.9587 Path: 0.4221 | 0.9s
  Epoch 114/800 | Total: 5.839 Edge: 0.352 Con: 0.157 Cls: 1.345 Hist: 0.9572 Path: 0.4173 | 0.9s
  Epoch 115/800 | Total: 5.880 Edge: 0.359 Con: 0.162 Cls: 1.355 Hist: 0.9621 Path: 0.4126 | Val F1: 0.3062 | 0.9s
  Epoch 116/800 | Total: 6.038 Edge: 0.357 Con: 0.158 Cls: 1.398 Hist: 0.9877 Path: 0.4212 | 0.9s
  Epoch 117/800 | Total: 6.076 Edge: 0.367 Con: 0.160 Cls: 1.396 Hist: 1.0068 Path: 0.4333 | 0.9s
  Epoch 118/800 | Total: 5.906 Edge: 0.358 Con: 0.158 Cls: 1.358 Hist: 0.9734 Path: 0.4222 | 0.9s
  Epoch 119/800 | Total: 5.695 Edge: 0.352 Con: 0.158 Cls: 1.303 Hist: 0.9396 Path: 0.4163 | 0.9s
  Epoch 120/800 | Total: 5.795 Edge: 0.354 Con: 0.156 Cls: 1.328 Hist: 0.9547 Path: 0.4244 | Val F1: 0.3211 | 0.9s
  Epoch 121/800 | Total: 5.860 Edge: 0.355 Con: 0.159 Cls: 1.345 Hist: 0.9608 Path: 0.4303 | 0.9s
  Epoch 122/800 | Total: 5.817 Edge: 0.349 Con: 0.155 Cls: 1.342 Hist: 0.9555 Path: 0.4094 | 1.0s
  Epoch 123/800 | Total: 5.627 Edge: 0.350 Con: 0.156 Cls: 1.290 Hist: 0.9183 Path: 0.4114 | 0.9s
  Epoch 124/800 | Total: 5.643 Edge: 0.345 Con: 0.152 Cls: 1.297 Hist: 0.9303 Path: 0.3995 | 0.9s
  Epoch 125/800 | Total: 5.558 Edge: 0.342 Con: 0.157 Cls: 1.276 Hist: 0.9118 Path: 0.3976 | Val F1: 0.3372 | 0.9s
  Epoch 126/800 | Total: 5.560 Edge: 0.339 Con: 0.157 Cls: 1.278 Hist: 0.9085 Path: 0.3987 | 0.9s
  Epoch 127/800 | Total: 5.507 Edge: 0.342 Con: 0.156 Cls: 1.264 Hist: 0.8908 Path: 0.4036 | 0.9s
  Epoch 128/800 | Total: 5.570 Edge: 0.346 Con: 0.156 Cls: 1.274 Hist: 0.9058 Path: 0.4173 | 0.9s
  Epoch 129/800 | Total: 5.668 Edge: 0.347 Con: 0.158 Cls: 1.302 Hist: 0.9192 Path: 0.4173 | 0.9s
  Epoch 130/800 | Total: 5.728 Edge: 0.346 Con: 0.158 Cls: 1.318 Hist: 0.9274 Path: 0.4214 | Val F1: 0.3204 | 0.9s
  Epoch 131/800 | Total: 5.745 Edge: 0.354 Con: 0.158 Cls: 1.316 Hist: 0.9394 Path: 0.4252 | 0.9s
  Epoch 132/800 | Total: 6.013 Edge: 0.363 Con: 0.160 Cls: 1.387 Hist: 0.9768 Path: 0.4321 | 0.9s
  Epoch 133/800 | Total: 5.868 Edge: 0.364 Con: 0.157 Cls: 1.342 Hist: 0.9644 Path: 0.4356 | 0.9s
  Epoch 134/800 | Total: 5.695 Edge: 0.356 Con: 0.156 Cls: 1.304 Hist: 0.9259 Path: 0.4228 | 0.9s
  Epoch 135/800 | Total: 5.684 Edge: 0.358 Con: 0.154 Cls: 1.302 Hist: 0.9259 Path: 0.4164 | Val F1: 0.3235 | 0.9s
  Epoch 136/800 | Total: 5.593 Edge: 0.352 Con: 0.158 Cls: 1.282 Hist: 0.9089 Path: 0.4083 | 0.9s
  Epoch 137/800 | Total: 5.491 Edge: 0.344 Con: 0.156 Cls: 1.257 Hist: 0.8959 Path: 0.4018 | 0.9s
  Epoch 138/800 | Total: 5.468 Edge: 0.337 Con: 0.157 Cls: 1.256 Hist: 0.8878 Path: 0.3960 | 0.9s
  Epoch 139/800 | Total: 5.555 Edge: 0.335 Con: 0.157 Cls: 1.277 Hist: 0.9104 Path: 0.3996 | 0.9s
  Epoch 140/800 | Total: 5.469 Edge: 0.336 Con: 0.156 Cls: 1.254 Hist: 0.8925 Path: 0.4013 | Val F1: 0.3315 | 0.9s
  Epoch 141/800 | Total: 5.484 Edge: 0.336 Con: 0.156 Cls: 1.257 Hist: 0.9015 Path: 0.3964 | 0.9s
  Epoch 142/800 | Total: 5.620 Edge: 0.340 Con: 0.157 Cls: 1.291 Hist: 0.9291 Path: 0.3983 | 0.9s
  Epoch 143/800 | Total: 5.507 Edge: 0.349 Con: 0.156 Cls: 1.257 Hist: 0.8934 Path: 0.4153 | 0.9s
  Epoch 144/800 | Total: 5.493 Edge: 0.349 Con: 0.156 Cls: 1.256 Hist: 0.8893 Path: 0.4085 | 0.9s
  Epoch 145/800 | Total: 5.504 Edge: 0.338 Con: 0.157 Cls: 1.259 Hist: 0.9013 Path: 0.4080 | Val F1: 0.3426 | 0.9s
  Epoch 146/800 | Total: 5.525 Edge: 0.337 Con: 0.155 Cls: 1.270 Hist: 0.9006 Path: 0.4010 | 0.9s
  Epoch 147/800 | Total: 5.613 Edge: 0.343 Con: 0.156 Cls: 1.289 Hist: 0.9198 Path: 0.4057 | 0.9s
  Epoch 148/800 | Total: 5.557 Edge: 0.345 Con: 0.156 Cls: 1.271 Hist: 0.9111 Path: 0.4098 | 0.9s
  Epoch 149/800 | Total: 5.541 Edge: 0.342 Con: 0.156 Cls: 1.270 Hist: 0.9044 Path: 0.4053 | 1.0s
  Epoch 150/800 | Total: 5.482 Edge: 0.336 Con: 0.155 Cls: 1.260 Hist: 0.8964 Path: 0.3919 | Val F1: 0.3353 | 0.9s
  Epoch 151/800 | Total: 5.397 Edge: 0.334 Con: 0.155 Cls: 1.239 Hist: 0.8783 Path: 0.3903 | 0.9s
  Epoch 152/800 | Total: 5.376 Edge: 0.341 Con: 0.159 Cls: 1.229 Hist: 0.8727 Path: 0.3955 | 0.9s
  Epoch 153/800 | Total: 5.443 Edge: 0.344 Con: 0.157 Cls: 1.243 Hist: 0.8856 Path: 0.4052 | 0.9s
  Epoch 154/800 | Total: 5.543 Edge: 0.349 Con: 0.159 Cls: 1.265 Hist: 0.9032 Path: 0.4156 | 1.0s
  Epoch 155/800 | Total: 5.613 Edge: 0.344 Con: 0.157 Cls: 1.290 Hist: 0.9146 Path: 0.4077 | Val F1: 0.3212 | 0.9s
  Epoch 156/800 | Total: 5.932 Edge: 0.355 Con: 0.158 Cls: 1.373 Hist: 0.9546 Path: 0.4247 | 0.9s
  Epoch 157/800 | Total: 5.615 Edge: 0.352 Con: 0.155 Cls: 1.286 Hist: 0.9134 Path: 0.4155 | 0.9s
  Epoch 158/800 | Total: 5.499 Edge: 0.345 Con: 0.157 Cls: 1.258 Hist: 0.8956 Path: 0.4067 | 0.9s
  Epoch 159/800 | Total: 5.487 Edge: 0.344 Con: 0.155 Cls: 1.255 Hist: 0.8933 Path: 0.4066 | 0.9s
  Epoch 160/800 | Total: 5.480 Edge: 0.339 Con: 0.156 Cls: 1.257 Hist: 0.8928 Path: 0.4013 | Val F1: 0.3464 | 0.9s
  Epoch 161/800 | Total: 5.448 Edge: 0.344 Con: 0.156 Cls: 1.247 Hist: 0.8903 Path: 0.3952 | 0.9s
  Epoch 162/800 | Total: 5.343 Edge: 0.337 Con: 0.157 Cls: 1.222 Hist: 0.8739 Path: 0.3866 | 0.9s
  Epoch 163/800 | Total: 5.320 Edge: 0.328 Con: 0.155 Cls: 1.221 Hist: 0.8663 Path: 0.3854 | 0.9s
  Epoch 164/800 | Total: 5.273 Edge: 0.327 Con: 0.155 Cls: 1.208 Hist: 0.8631 Path: 0.3820 | 0.9s
  Epoch 165/800 | Total: 5.298 Edge: 0.328 Con: 0.157 Cls: 1.213 Hist: 0.8672 Path: 0.3841 | Val F1: 0.3533 | 1.0s
  Epoch 166/800 | Total: 5.310 Edge: 0.327 Con: 0.154 Cls: 1.215 Hist: 0.8738 Path: 0.3867 | 1.0s
  Epoch 167/800 | Total: 5.488 Edge: 0.345 Con: 0.158 Cls: 1.256 Hist: 0.8907 Path: 0.4050 | 1.0s
  Epoch 168/800 | Total: 5.395 Edge: 0.335 Con: 0.157 Cls: 1.234 Hist: 0.8819 Path: 0.3975 | 1.0s
  Epoch 169/800 | Total: 5.356 Edge: 0.328 Con: 0.157 Cls: 1.229 Hist: 0.8718 Path: 0.3917 | 1.0s
  Epoch 170/800 | Total: 5.398 Edge: 0.330 Con: 0.156 Cls: 1.240 Hist: 0.8769 Path: 0.3934 | Val F1: 0.3403 | 1.0s
  Epoch 171/800 | Total: 5.360 Edge: 0.332 Con: 0.156 Cls: 1.226 Hist: 0.8753 Path: 0.3958 | 1.0s
  Epoch 172/800 | Total: 5.322 Edge: 0.330 Con: 0.154 Cls: 1.217 Hist: 0.8660 Path: 0.3976 | 1.0s
  Epoch 173/800 | Total: 5.440 Edge: 0.332 Con: 0.155 Cls: 1.248 Hist: 0.8816 Path: 0.4029 | 1.0s
  Epoch 174/800 | Total: 5.351 Edge: 0.342 Con: 0.157 Cls: 1.216 Hist: 0.8695 Path: 0.4134 | 1.0s
  Epoch 175/800 | Total: 5.375 Edge: 0.339 Con: 0.159 Cls: 1.226 Hist: 0.8777 Path: 0.4018 | Val F1: 0.3560 | 0.9s
  Epoch 176/800 | Total: 5.496 Edge: 0.340 Con: 0.157 Cls: 1.255 Hist: 0.9047 Path: 0.4069 | 0.9s
  Epoch 177/800 | Total: 5.651 Edge: 0.337 Con: 0.156 Cls: 1.297 Hist: 0.9411 Path: 0.4053 | 1.0s
  Epoch 178/800 | Total: 5.640 Edge: 0.344 Con: 0.159 Cls: 1.296 Hist: 0.9182 Path: 0.4104 | 0.9s
  Epoch 179/800 | Total: 5.501 Edge: 0.336 Con: 0.157 Cls: 1.257 Hist: 0.8986 Path: 0.4156 | 1.0s
  Epoch 180/800 | Total: 5.393 Edge: 0.344 Con: 0.155 Cls: 1.224 Hist: 0.8799 Path: 0.4181 | Val F1: 0.3539 | 1.0s
  Epoch 181/800 | Total: 5.545 Edge: 0.339 Con: 0.156 Cls: 1.273 Hist: 0.9029 Path: 0.4067 | 0.9s
  Epoch 182/800 | Total: 5.443 Edge: 0.343 Con: 0.155 Cls: 1.244 Hist: 0.8882 Path: 0.4019 | 1.0s
  Epoch 183/800 | Total: 5.299 Edge: 0.346 Con: 0.156 Cls: 1.204 Hist: 0.8633 Path: 0.3993 | 0.9s
  Epoch 184/800 | Total: 5.401 Edge: 0.330 Con: 0.157 Cls: 1.243 Hist: 0.8747 Path: 0.3890 | 0.9s
  Epoch 185/800 | Total: 5.606 Edge: 0.334 Con: 0.160 Cls: 1.292 Hist: 0.9142 Path: 0.4018 | Val F1: 0.3428 | 1.0s
  Epoch 186/800 | Total: 5.323 Edge: 0.330 Con: 0.156 Cls: 1.218 Hist: 0.8693 Path: 0.3921 | 0.9s
  Epoch 187/800 | Total: 5.308 Edge: 0.329 Con: 0.156 Cls: 1.214 Hist: 0.8719 Path: 0.3873 | 0.9s
  Epoch 188/800 | Total: 5.340 Edge: 0.331 Con: 0.156 Cls: 1.226 Hist: 0.8642 Path: 0.3872 | 1.0s
  Epoch 189/800 | Total: 5.416 Edge: 0.337 Con: 0.159 Cls: 1.239 Hist: 0.8830 Path: 0.3981 | 1.0s
  Epoch 190/800 | Total: 5.436 Edge: 0.334 Con: 0.156 Cls: 1.245 Hist: 0.8957 Path: 0.3939 | Val F1: 0.3623 | 0.9s
  Epoch 191/800 | Total: 5.373 Edge: 0.329 Con: 0.156 Cls: 1.232 Hist: 0.8780 Path: 0.3936 | 1.0s
  Epoch 192/800 | Total: 5.393 Edge: 0.329 Con: 0.157 Cls: 1.238 Hist: 0.8764 Path: 0.3956 | 0.9s
  Epoch 193/800 | Total: 5.380 Edge: 0.329 Con: 0.154 Cls: 1.234 Hist: 0.8797 Path: 0.3914 | 1.0s
  Epoch 194/800 | Total: 5.373 Edge: 0.333 Con: 0.156 Cls: 1.230 Hist: 0.8761 Path: 0.3977 | 1.0s
  Epoch 195/800 | Total: 5.266 Edge: 0.332 Con: 0.158 Cls: 1.200 Hist: 0.8570 Path: 0.3972 | Val F1: 0.3620 | 0.9s
  Epoch 196/800 | Total: 5.278 Edge: 0.328 Con: 0.158 Cls: 1.210 Hist: 0.8581 Path: 0.3827 | 1.0s
  Epoch 197/800 | Total: 5.153 Edge: 0.321 Con: 0.156 Cls: 1.177 Hist: 0.8421 Path: 0.3820 | 1.0s
  Epoch 198/800 | Total: 5.167 Edge: 0.316 Con: 0.156 Cls: 1.184 Hist: 0.8429 Path: 0.3768 | 1.0s
  Epoch 199/800 | Total: 5.142 Edge: 0.318 Con: 0.158 Cls: 1.176 Hist: 0.8412 Path: 0.3765 | 0.9s
  Epoch 200/800 | Total: 5.226 Edge: 0.320 Con: 0.153 Cls: 1.197 Hist: 0.8589 Path: 0.3806 | Val F1: 0.3430 | 0.9s
  Epoch 201/800 | Total: 5.356 Edge: 0.320 Con: 0.157 Cls: 1.234 Hist: 0.8761 Path: 0.3792 | 1.0s
  Epoch 202/800 | Total: 5.294 Edge: 0.330 Con: 0.156 Cls: 1.210 Hist: 0.8678 Path: 0.3866 | 0.9s
  Epoch 203/800 | Total: 5.312 Edge: 0.328 Con: 0.155 Cls: 1.214 Hist: 0.8750 Path: 0.3883 | 1.0s
  Epoch 204/800 | Total: 5.279 Edge: 0.321 Con: 0.155 Cls: 1.209 Hist: 0.8648 Path: 0.3886 | 1.0s
  Epoch 205/800 | Total: 5.394 Edge: 0.326 Con: 0.155 Cls: 1.239 Hist: 0.8803 Path: 0.3931 | Val F1: 0.3606 | 1.0s
  Epoch 206/800 | Total: 5.338 Edge: 0.337 Con: 0.155 Cls: 1.218 Hist: 0.8712 Path: 0.3987 | 1.0s
  Epoch 207/800 | Total: 5.261 Edge: 0.330 Con: 0.159 Cls: 1.203 Hist: 0.8554 Path: 0.3867 | 0.9s
  Epoch 208/800 | Total: 5.216 Edge: 0.332 Con: 0.157 Cls: 1.190 Hist: 0.8454 Path: 0.3889 | 1.0s
  Epoch 209/800 | Total: 5.448 Edge: 0.337 Con: 0.156 Cls: 1.247 Hist: 0.8953 Path: 0.3978 | 1.0s
  Epoch 210/800 | Total: 6.025 Edge: 0.354 Con: 0.157 Cls: 1.398 Hist: 0.9802 Path: 0.4199 | Val F1: 0.3391 | 0.9s
  Epoch 211/800 | Total: 5.686 Edge: 0.370 Con: 0.162 Cls: 1.280 Hist: 0.9292 Path: 0.4660 | 1.0s
  Epoch 212/800 | Total: 5.464 Edge: 0.350 Con: 0.159 Cls: 1.238 Hist: 0.8913 Path: 0.4290 | 0.9s
  Epoch 213/800 | Total: 5.352 Edge: 0.332 Con: 0.156 Cls: 1.224 Hist: 0.8732 Path: 0.3978 | 1.0s
  Epoch 214/800 | Total: 5.222 Edge: 0.331 Con: 0.156 Cls: 1.193 Hist: 0.8492 Path: 0.3854 | 0.9s
  Epoch 215/800 | Total: 5.255 Edge: 0.323 Con: 0.155 Cls: 1.204 Hist: 0.8630 Path: 0.3801 | Val F1: 0.3698 | 0.9s
  Epoch 216/800 | Total: 5.247 Edge: 0.325 Con: 0.158 Cls: 1.199 Hist: 0.8638 Path: 0.3829 | 1.0s
  Epoch 217/800 | Total: 5.254 Edge: 0.325 Con: 0.157 Cls: 1.202 Hist: 0.8578 Path: 0.3872 | 0.9s
  Epoch 218/800 | Total: 5.424 Edge: 0.342 Con: 0.158 Cls: 1.239 Hist: 0.8781 Path: 0.4088 | 1.0s
  Epoch 219/800 | Total: 5.328 Edge: 0.337 Con: 0.155 Cls: 1.216 Hist: 0.8683 Path: 0.3991 | 0.9s
  Epoch 220/800 | Total: 5.286 Edge: 0.326 Con: 0.155 Cls: 1.210 Hist: 0.8634 Path: 0.3889 | Val F1: 0.3724 | 1.0s
  Epoch 221/800 | Total: 5.129 Edge: 0.320 Con: 0.155 Cls: 1.171 Hist: 0.8397 Path: 0.3786 | 1.0s
  Epoch 222/800 | Total: 5.224 Edge: 0.322 Con: 0.157 Cls: 1.195 Hist: 0.8575 Path: 0.3802 | 1.0s
  Epoch 223/800 | Total: 5.182 Edge: 0.321 Con: 0.152 Cls: 1.187 Hist: 0.8454 Path: 0.3787 | 1.0s
  Epoch 224/800 | Total: 5.088 Edge: 0.315 Con: 0.155 Cls: 1.163 Hist: 0.8333 Path: 0.3743 | 0.9s
  Epoch 225/800 | Total: 5.148 Edge: 0.315 Con: 0.155 Cls: 1.180 Hist: 0.8380 Path: 0.3771 | Val F1: 0.3767 | 0.9s
  Epoch 226/800 | Total: 5.115 Edge: 0.316 Con: 0.155 Cls: 1.170 Hist: 0.8367 Path: 0.3738 | 1.0s
  Epoch 227/800 | Total: 5.061 Edge: 0.315 Con: 0.157 Cls: 1.156 Hist: 0.8270 Path: 0.3735 | 0.9s
  Epoch 228/800 | Total: 5.075 Edge: 0.312 Con: 0.155 Cls: 1.161 Hist: 0.8294 Path: 0.3722 | 0.9s
  Epoch 229/800 | Total: 5.106 Edge: 0.317 Con: 0.156 Cls: 1.168 Hist: 0.8360 Path: 0.3725 | 1.0s
  Epoch 230/800 | Total: 5.153 Edge: 0.319 Con: 0.156 Cls: 1.182 Hist: 0.8407 Path: 0.3695 | Val F1: 0.3761 | 1.0s
  Epoch 231/800 | Total: 5.113 Edge: 0.319 Con: 0.157 Cls: 1.169 Hist: 0.8358 Path: 0.3730 | 1.0s
  Epoch 232/800 | Total: 5.068 Edge: 0.318 Con: 0.158 Cls: 1.157 Hist: 0.8238 Path: 0.3750 | 1.0s
  Epoch 233/800 | Total: 5.149 Edge: 0.321 Con: 0.157 Cls: 1.177 Hist: 0.8441 Path: 0.3731 | 1.0s
  Epoch 234/800 | Total: 5.208 Edge: 0.321 Con: 0.156 Cls: 1.195 Hist: 0.8468 Path: 0.3771 | 0.9s
  Epoch 235/800 | Total: 5.218 Edge: 0.321 Con: 0.157 Cls: 1.194 Hist: 0.8556 Path: 0.3805 | Val F1: 0.3685 | 0.9s
  Epoch 236/800 | Total: 5.235 Edge: 0.328 Con: 0.156 Cls: 1.195 Hist: 0.8555 Path: 0.3875 | 1.0s
  Epoch 237/800 | Total: 5.184 Edge: 0.328 Con: 0.156 Cls: 1.183 Hist: 0.8383 Path: 0.3913 | 1.0s
  Epoch 238/800 | Total: 5.081 Edge: 0.322 Con: 0.156 Cls: 1.158 Hist: 0.8306 Path: 0.3753 | 0.9s
  Epoch 239/800 | Total: 5.113 Edge: 0.318 Con: 0.156 Cls: 1.171 Hist: 0.8303 Path: 0.3752 | 1.0s
  Epoch 240/800 | Total: 5.101 Edge: 0.315 Con: 0.155 Cls: 1.167 Hist: 0.8371 Path: 0.3707 | Val F1: 0.3744 | 1.0s
  Epoch 241/800 | Total: 5.057 Edge: 0.315 Con: 0.157 Cls: 1.154 Hist: 0.8320 Path: 0.3693 | 0.9s
  Epoch 242/800 | Total: 5.048 Edge: 0.314 Con: 0.156 Cls: 1.155 Hist: 0.8262 Path: 0.3656 | 1.0s
  Epoch 243/800 | Total: 4.999 Edge: 0.311 Con: 0.155 Cls: 1.142 Hist: 0.8176 Path: 0.3669 | 0.9s
  Epoch 244/800 | Total: 5.020 Edge: 0.313 Con: 0.157 Cls: 1.147 Hist: 0.8183 Path: 0.3685 | 1.0s
  Epoch 245/800 | Total: 5.238 Edge: 0.319 Con: 0.159 Cls: 1.204 Hist: 0.8450 Path: 0.3811 | Val F1: 0.3693 | 1.0s
  Epoch 246/800 | Total: 5.500 Edge: 0.321 Con: 0.158 Cls: 1.271 Hist: 0.9000 Path: 0.3870 | 1.0s
  Epoch 247/800 | Total: 5.486 Edge: 0.321 Con: 0.161 Cls: 1.265 Hist: 0.9006 Path: 0.3887 | 1.0s
  Epoch 248/800 | Total: 5.265 Edge: 0.326 Con: 0.156 Cls: 1.206 Hist: 0.8592 Path: 0.3853 | 1.0s
  Epoch 249/800 | Total: 5.379 Edge: 0.334 Con: 0.158 Cls: 1.233 Hist: 0.8780 Path: 0.3903 | 1.0s
  Epoch 250/800 | Total: 5.253 Edge: 0.321 Con: 0.155 Cls: 1.204 Hist: 0.8605 Path: 0.3837 | Val F1: 0.3825 | 1.0s
  Epoch 251/800 | Total: 5.089 Edge: 0.319 Con: 0.155 Cls: 1.163 Hist: 0.8318 Path: 0.3731 | 1.0s
  Epoch 252/800 | Total: 5.020 Edge: 0.317 Con: 0.157 Cls: 1.147 Hist: 0.8173 Path: 0.3673 | 0.9s
  Epoch 253/800 | Total: 5.050 Edge: 0.318 Con: 0.155 Cls: 1.152 Hist: 0.8189 Path: 0.3782 | 0.9s
  Epoch 254/800 | Total: 5.088 Edge: 0.325 Con: 0.156 Cls: 1.160 Hist: 0.8208 Path: 0.3853 | 1.0s
  Epoch 255/800 | Total: 5.056 Edge: 0.317 Con: 0.154 Cls: 1.154 Hist: 0.8256 Path: 0.3751 | Val F1: 0.3696 | 1.0s
  Epoch 256/800 | Total: 5.099 Edge: 0.316 Con: 0.157 Cls: 1.165 Hist: 0.8368 Path: 0.3731 | 0.9s
  Epoch 257/800 | Total: 5.108 Edge: 0.315 Con: 0.157 Cls: 1.169 Hist: 0.8357 Path: 0.3720 | 1.0s
  Epoch 258/800 | Total: 4.982 Edge: 0.313 Con: 0.156 Cls: 1.134 Hist: 0.8189 Path: 0.3702 | 0.9s
  Epoch 259/800 | Total: 4.896 Edge: 0.315 Con: 0.156 Cls: 1.112 Hist: 0.7991 Path: 0.3687 | 1.0s
  Epoch 260/800 | Total: 4.909 Edge: 0.316 Con: 0.156 Cls: 1.114 Hist: 0.8034 Path: 0.3702 | Val F1: 0.3808 | 0.9s
  Epoch 261/800 | Total: 4.977 Edge: 0.309 Con: 0.155 Cls: 1.135 Hist: 0.8181 Path: 0.3671 | 1.0s
  Epoch 262/800 | Total: 5.111 Edge: 0.312 Con: 0.158 Cls: 1.173 Hist: 0.8341 Path: 0.3651 | 1.0s
  Epoch 263/800 | Total: 5.094 Edge: 0.318 Con: 0.156 Cls: 1.162 Hist: 0.8297 Path: 0.3834 | 0.9s
  Epoch 264/800 | Total: 5.061 Edge: 0.312 Con: 0.156 Cls: 1.156 Hist: 0.8300 Path: 0.3740 | 0.9s
  Epoch 265/800 | Total: 4.950 Edge: 0.310 Con: 0.156 Cls: 1.128 Hist: 0.8021 Path: 0.3745 | Val F1: 0.3929 | 1.0s
  Epoch 266/800 | Total: 4.979 Edge: 0.316 Con: 0.156 Cls: 1.134 Hist: 0.8126 Path: 0.3705 | 1.0s
  Epoch 267/800 | Total: 4.969 Edge: 0.314 Con: 0.156 Cls: 1.132 Hist: 0.8152 Path: 0.3660 | 0.9s
  Epoch 268/800 | Total: 5.221 Edge: 0.324 Con: 0.155 Cls: 1.196 Hist: 0.8547 Path: 0.3776 | 1.0s
  Epoch 269/800 | Total: 5.199 Edge: 0.326 Con: 0.159 Cls: 1.186 Hist: 0.8515 Path: 0.3848 | 0.9s
  Epoch 270/800 | Total: 5.254 Edge: 0.325 Con: 0.155 Cls: 1.200 Hist: 0.8527 Path: 0.3982 | Val F1: 0.3826 | 0.9s
  Epoch 271/800 | Total: 5.123 Edge: 0.329 Con: 0.160 Cls: 1.163 Hist: 0.8309 Path: 0.3948 | 0.9s
  Epoch 272/800 | Total: 5.173 Edge: 0.326 Con: 0.158 Cls: 1.181 Hist: 0.8364 Path: 0.3882 | 0.9s
  Epoch 273/800 | Total: 5.146 Edge: 0.325 Con: 0.154 Cls: 1.172 Hist: 0.8431 Path: 0.3857 | 1.0s
  Epoch 274/800 | Total: 5.097 Edge: 0.319 Con: 0.156 Cls: 1.164 Hist: 0.8356 Path: 0.3709 | 0.9s
  Epoch 275/800 | Total: 5.043 Edge: 0.318 Con: 0.157 Cls: 1.151 Hist: 0.8239 Path: 0.3687 | Val F1: 0.3895 | 1.0s
  Epoch 276/800 | Total: 5.104 Edge: 0.323 Con: 0.157 Cls: 1.164 Hist: 0.8330 Path: 0.3764 | 1.0s
  Epoch 277/800 | Total: 4.978 Edge: 0.315 Con: 0.156 Cls: 1.134 Hist: 0.8140 Path: 0.3685 | 1.0s
  Epoch 278/800 | Total: 4.922 Edge: 0.309 Con: 0.154 Cls: 1.121 Hist: 0.8051 Path: 0.3678 | 0.9s
  Epoch 279/800 | Total: 4.913 Edge: 0.311 Con: 0.157 Cls: 1.118 Hist: 0.8015 Path: 0.3683 | 0.9s
  Epoch 280/800 | Total: 4.943 Edge: 0.315 Con: 0.157 Cls: 1.125 Hist: 0.7990 Path: 0.3746 | Val F1: 0.3901 | 0.9s
  Epoch 281/800 | Total: 4.980 Edge: 0.308 Con: 0.157 Cls: 1.137 Hist: 0.8199 Path: 0.3619 | 0.9s
  Epoch 282/800 | Total: 4.871 Edge: 0.304 Con: 0.154 Cls: 1.111 Hist: 0.7960 Path: 0.3600 | 1.0s
  Epoch 283/800 | Total: 4.908 Edge: 0.306 Con: 0.156 Cls: 1.120 Hist: 0.8041 Path: 0.3607 | 0.9s
  Epoch 284/800 | Total: 4.889 Edge: 0.306 Con: 0.156 Cls: 1.117 Hist: 0.7979 Path: 0.3576 | 1.0s
  Epoch 285/800 | Total: 4.871 Edge: 0.307 Con: 0.155 Cls: 1.110 Hist: 0.7937 Path: 0.3632 | Val F1: 0.3986 | 1.0s
  Epoch 286/800 | Total: 4.897 Edge: 0.305 Con: 0.155 Cls: 1.116 Hist: 0.8039 Path: 0.3638 | 0.9s
  Epoch 287/800 | Total: 5.006 Edge: 0.307 Con: 0.156 Cls: 1.145 Hist: 0.8180 Path: 0.3672 | 1.0s
  Epoch 288/800 | Total: 5.012 Edge: 0.307 Con: 0.156 Cls: 1.146 Hist: 0.8174 Path: 0.3723 | 0.9s
  Epoch 289/800 | Total: 4.936 Edge: 0.310 Con: 0.155 Cls: 1.124 Hist: 0.8054 Path: 0.3699 | 0.9s
  Epoch 290/800 | Total: 4.898 Edge: 0.306 Con: 0.154 Cls: 1.118 Hist: 0.8006 Path: 0.3606 | Val F1: 0.3897 | 0.9s
  Epoch 291/800 | Total: 5.007 Edge: 0.309 Con: 0.155 Cls: 1.146 Hist: 0.8161 Path: 0.3664 | 0.9s
  Epoch 292/800 | Total: 4.951 Edge: 0.309 Con: 0.156 Cls: 1.130 Hist: 0.8092 Path: 0.3644 | 0.9s
  Epoch 293/800 | Total: 4.952 Edge: 0.306 Con: 0.155 Cls: 1.132 Hist: 0.8114 Path: 0.3608 | 0.9s
  Epoch 294/800 | Total: 4.947 Edge: 0.311 Con: 0.154 Cls: 1.127 Hist: 0.8074 Path: 0.3703 | 0.9s
  Epoch 295/800 | Total: 4.913 Edge: 0.320 Con: 0.155 Cls: 1.113 Hist: 0.8026 Path: 0.3732 | Val F1: 0.3966 | 1.0s
  Epoch 296/800 | Total: 4.903 Edge: 0.321 Con: 0.154 Cls: 1.110 Hist: 0.7988 Path: 0.3745 | 1.0s
  Epoch 297/800 | Total: 4.925 Edge: 0.309 Con: 0.157 Cls: 1.122 Hist: 0.8025 Path: 0.3685 | 0.9s
  Epoch 298/800 | Total: 4.867 Edge: 0.309 Con: 0.154 Cls: 1.106 Hist: 0.7996 Path: 0.3637 | 0.9s
  Epoch 299/800 | Total: 4.936 Edge: 0.307 Con: 0.157 Cls: 1.127 Hist: 0.8046 Path: 0.3644 | 1.0s
  Epoch 300/800 | Total: 4.962 Edge: 0.309 Con: 0.155 Cls: 1.129 Hist: 0.8120 Path: 0.3758 | Val F1: 0.4006 | 0.9s
  Epoch 301/800 | Total: 4.950 Edge: 0.312 Con: 0.155 Cls: 1.129 Hist: 0.8057 Path: 0.3685 | 0.9s
  Epoch 302/800 | Total: 4.951 Edge: 0.310 Con: 0.154 Cls: 1.127 Hist: 0.8109 Path: 0.3719 | 1.0s
  Epoch 303/800 | Total: 5.190 Edge: 0.315 Con: 0.155 Cls: 1.190 Hist: 0.8524 Path: 0.3766 | 1.0s
  Epoch 304/800 | Total: 4.995 Edge: 0.312 Con: 0.156 Cls: 1.136 Hist: 0.8138 Path: 0.3823 | 0.9s
  Epoch 305/800 | Total: 5.118 Edge: 0.319 Con: 0.158 Cls: 1.162 Hist: 0.8420 Path: 0.3912 | Val F1: 0.3635 | 0.9s
  Epoch 306/800 | Total: 5.150 Edge: 0.324 Con: 0.159 Cls: 1.173 Hist: 0.8402 Path: 0.3882 | 0.9s
  Epoch 307/800 | Total: 5.026 Edge: 0.317 Con: 0.156 Cls: 1.144 Hist: 0.8208 Path: 0.3786 | 0.9s
  Epoch 308/800 | Total: 5.255 Edge: 0.330 Con: 0.156 Cls: 1.199 Hist: 0.8610 Path: 0.3892 | 0.9s
  Epoch 309/800 | Total: 5.081 Edge: 0.329 Con: 0.155 Cls: 1.153 Hist: 0.8238 Path: 0.3922 | 1.0s
  Epoch 310/800 | Total: 5.103 Edge: 0.327 Con: 0.156 Cls: 1.161 Hist: 0.8269 Path: 0.3872 | Val F1: 0.3890 | 1.0s
  Epoch 311/800 | Total: 5.095 Edge: 0.320 Con: 0.155 Cls: 1.165 Hist: 0.8335 Path: 0.3699 | 0.9s
  Epoch 312/800 | Total: 4.999 Edge: 0.312 Con: 0.157 Cls: 1.139 Hist: 0.8249 Path: 0.3663 | 0.9s
  Epoch 313/800 | Total: 5.015 Edge: 0.316 Con: 0.156 Cls: 1.145 Hist: 0.8215 Path: 0.3646 | 0.9s
  Epoch 314/800 | Total: 5.104 Edge: 0.320 Con: 0.159 Cls: 1.166 Hist: 0.8348 Path: 0.3733 | 0.9s
  Epoch 315/800 | Total: 5.065 Edge: 0.314 Con: 0.156 Cls: 1.155 Hist: 0.8316 Path: 0.3762 | Val F1: 0.3701 | 0.9s
  Epoch 316/800 | Total: 5.042 Edge: 0.319 Con: 0.157 Cls: 1.145 Hist: 0.8258 Path: 0.3847 | 0.9s
  Epoch 317/800 | Total: 5.362 Edge: 0.329 Con: 0.163 Cls: 1.224 Hist: 0.8824 Path: 0.3962 | 0.9s
  Epoch 318/800 | Total: 5.105 Edge: 0.323 Con: 0.157 Cls: 1.162 Hist: 0.8362 Path: 0.3830 | 0.9s
  Epoch 319/800 | Total: 4.954 Edge: 0.314 Con: 0.153 Cls: 1.128 Hist: 0.8093 Path: 0.3712 | 0.9s
  Epoch 320/800 | Total: 4.884 Edge: 0.309 Con: 0.154 Cls: 1.110 Hist: 0.7979 Path: 0.3704 | Val F1: 0.3919 | 0.9s
  Epoch 321/800 | Total: 4.888 Edge: 0.307 Con: 0.151 Cls: 1.114 Hist: 0.7960 Path: 0.3690 | 0.9s
  Epoch 322/800 | Total: 5.012 Edge: 0.309 Con: 0.154 Cls: 1.144 Hist: 0.8250 Path: 0.3689 | 0.9s
  Epoch 323/800 | Total: 4.946 Edge: 0.306 Con: 0.154 Cls: 1.130 Hist: 0.8132 Path: 0.3614 | 0.9s
  Epoch 324/800 | Total: 4.886 Edge: 0.307 Con: 0.154 Cls: 1.114 Hist: 0.8035 Path: 0.3567 | 0.9s
  Epoch 325/800 | Total: 4.886 Edge: 0.305 Con: 0.154 Cls: 1.114 Hist: 0.8050 Path: 0.3573 | Val F1: 0.3804 | 0.9s
  Epoch 326/800 | Total: 4.813 Edge: 0.301 Con: 0.152 Cls: 1.096 Hist: 0.7913 Path: 0.3553 | 0.9s
  Epoch 327/800 | Total: 4.822 Edge: 0.306 Con: 0.155 Cls: 1.098 Hist: 0.7880 Path: 0.3569 | 0.9s
  Epoch 328/800 | Total: 4.786 Edge: 0.305 Con: 0.154 Cls: 1.087 Hist: 0.7887 Path: 0.3560 | 1.0s
  Epoch 329/800 | Total: 4.802 Edge: 0.311 Con: 0.154 Cls: 1.089 Hist: 0.7835 Path: 0.3618 | 1.0s
  Epoch 330/800 | Total: 4.773 Edge: 0.310 Con: 0.156 Cls: 1.080 Hist: 0.7777 Path: 0.3669 | Val F1: 0.3984 | 1.0s
  Epoch 331/800 | Total: 4.806 Edge: 0.312 Con: 0.156 Cls: 1.090 Hist: 0.7843 Path: 0.3632 | 1.0s
  Epoch 332/800 | Total: 4.846 Edge: 0.312 Con: 0.156 Cls: 1.101 Hist: 0.7901 Path: 0.3632 | 1.0s
  Epoch 333/800 | Total: 4.894 Edge: 0.311 Con: 0.158 Cls: 1.111 Hist: 0.8032 Path: 0.3667 | 1.0s
  Epoch 334/800 | Total: 4.989 Edge: 0.312 Con: 0.158 Cls: 1.136 Hist: 0.8189 Path: 0.3709 | 1.0s
  Epoch 335/800 | Total: 5.226 Edge: 0.316 Con: 0.156 Cls: 1.201 Hist: 0.8483 Path: 0.3822 | Val F1: 0.3889 | 0.9s
  Epoch 336/800 | Total: 5.000 Edge: 0.313 Con: 0.155 Cls: 1.138 Hist: 0.8222 Path: 0.3745 | 0.9s
  Epoch 337/800 | Total: 4.847 Edge: 0.308 Con: 0.157 Cls: 1.099 Hist: 0.7949 Path: 0.3675 | 1.0s
  Epoch 338/800 | Total: 4.830 Edge: 0.308 Con: 0.154 Cls: 1.095 Hist: 0.7934 Path: 0.3659 | 0.9s
  Epoch 339/800 | Total: 4.825 Edge: 0.307 Con: 0.154 Cls: 1.096 Hist: 0.7933 Path: 0.3593 | 0.9s
  Epoch 340/800 | Total: 4.773 Edge: 0.306 Con: 0.155 Cls: 1.084 Hist: 0.7827 Path: 0.3548 | Val F1: 0.3858 | 0.9s
  Epoch 341/800 | Total: 4.832 Edge: 0.314 Con: 0.154 Cls: 1.099 Hist: 0.7864 Path: 0.3590 | 0.9s
  Epoch 342/800 | Total: 4.882 Edge: 0.311 Con: 0.156 Cls: 1.110 Hist: 0.7961 Path: 0.3661 | 0.9s
  Epoch 343/800 | Total: 4.828 Edge: 0.312 Con: 0.157 Cls: 1.097 Hist: 0.7888 Path: 0.3589 | 0.9s
  Epoch 344/800 | Total: 4.747 Edge: 0.303 Con: 0.154 Cls: 1.079 Hist: 0.7728 Path: 0.3576 | 0.9s
  Epoch 345/800 | Total: 4.745 Edge: 0.299 Con: 0.154 Cls: 1.079 Hist: 0.7767 Path: 0.3565 | Val F1: 0.3956 | 0.9s
  Epoch 346/800 | Total: 4.733 Edge: 0.299 Con: 0.155 Cls: 1.075 Hist: 0.7688 Path: 0.3613 | 0.9s
  Epoch 347/800 | Total: 4.856 Edge: 0.306 Con: 0.155 Cls: 1.106 Hist: 0.7847 Path: 0.3704 | 0.9s
  Epoch 348/800 | Total: 4.953 Edge: 0.307 Con: 0.155 Cls: 1.132 Hist: 0.8035 Path: 0.3688 | 0.9s
  Epoch 349/800 | Total: 4.860 Edge: 0.311 Con: 0.156 Cls: 1.098 Hist: 0.7992 Path: 0.3779 | 1.0s
  Epoch 350/800 | Total: 4.806 Edge: 0.303 Con: 0.155 Cls: 1.093 Hist: 0.7862 Path: 0.3589 | Val F1: 0.4017 | 0.9s
  Epoch 351/800 | Total: 4.751 Edge: 0.302 Con: 0.155 Cls: 1.079 Hist: 0.7785 Path: 0.3573 | 1.0s
  Epoch 352/800 | Total: 4.753 Edge: 0.303 Con: 0.154 Cls: 1.081 Hist: 0.7770 Path: 0.3537 | 0.9s
  Epoch 353/800 | Total: 4.822 Edge: 0.303 Con: 0.156 Cls: 1.097 Hist: 0.7891 Path: 0.3609 | 1.0s
  Epoch 354/800 | Total: 4.771 Edge: 0.304 Con: 0.154 Cls: 1.084 Hist: 0.7794 Path: 0.3582 | 0.9s
  Epoch 355/800 | Total: 4.895 Edge: 0.307 Con: 0.157 Cls: 1.115 Hist: 0.8064 Path: 0.3573 | Val F1: 0.3776 | 1.0s
  Epoch 356/800 | Total: 5.000 Edge: 0.314 Con: 0.156 Cls: 1.138 Hist: 0.8288 Path: 0.3672 | 1.0s
  Epoch 357/800 | Total: 4.962 Edge: 0.315 Con: 0.156 Cls: 1.127 Hist: 0.8155 Path: 0.3728 | 1.0s
  Epoch 358/800 | Total: 4.817 Edge: 0.309 Con: 0.154 Cls: 1.090 Hist: 0.7911 Path: 0.3701 | 0.9s
  Epoch 359/800 | Total: 4.972 Edge: 0.305 Con: 0.156 Cls: 1.134 Hist: 0.8235 Path: 0.3627 | 1.0s
  Epoch 360/800 | Total: 4.997 Edge: 0.312 Con: 0.155 Cls: 1.142 Hist: 0.8140 Path: 0.3664 | Val F1: 0.3820 | 1.0s
  Epoch 361/800 | Total: 4.830 Edge: 0.309 Con: 0.155 Cls: 1.097 Hist: 0.7927 Path: 0.3593 | 1.0s
  Epoch 362/800 | Total: 4.862 Edge: 0.307 Con: 0.157 Cls: 1.106 Hist: 0.7991 Path: 0.3603 | 0.9s
  Epoch 363/800 | Total: 4.848 Edge: 0.304 Con: 0.156 Cls: 1.104 Hist: 0.7934 Path: 0.3593 | 1.0s
  Epoch 364/800 | Total: 4.835 Edge: 0.303 Con: 0.155 Cls: 1.102 Hist: 0.7912 Path: 0.3581 | 0.9s
  Epoch 365/800 | Total: 4.797 Edge: 0.306 Con: 0.154 Cls: 1.087 Hist: 0.7832 Path: 0.3680 | Val F1: 0.4014 | 0.9s
  Epoch 366/800 | Total: 4.777 Edge: 0.298 Con: 0.154 Cls: 1.088 Hist: 0.7802 Path: 0.3573 | 0.9s
  Epoch 367/800 | Total: 4.713 Edge: 0.300 Con: 0.154 Cls: 1.068 Hist: 0.7772 Path: 0.3553 | 0.9s
  Epoch 368/800 | Total: 4.647 Edge: 0.297 Con: 0.153 Cls: 1.053 Hist: 0.7625 Path: 0.3510 | 0.9s
  Epoch 369/800 | Total: 4.748 Edge: 0.301 Con: 0.155 Cls: 1.076 Hist: 0.7822 Path: 0.3583 | 0.9s
  Epoch 370/800 | Total: 4.826 Edge: 0.309 Con: 0.156 Cls: 1.093 Hist: 0.7901 Path: 0.3710 | Val F1: 0.3905 | 0.9s
  Epoch 371/800 | Total: 4.864 Edge: 0.306 Con: 0.153 Cls: 1.104 Hist: 0.8036 Path: 0.3667 | 0.9s
  Epoch 372/800 | Total: 4.961 Edge: 0.304 Con: 0.156 Cls: 1.134 Hist: 0.8160 Path: 0.3615 | 0.9s
  Epoch 373/800 | Total: 4.924 Edge: 0.308 Con: 0.156 Cls: 1.120 Hist: 0.8139 Path: 0.3654 | 0.9s
  Epoch 374/800 | Total: 4.801 Edge: 0.304 Con: 0.155 Cls: 1.089 Hist: 0.7948 Path: 0.3586 | 1.0s
  Epoch 375/800 | Total: 4.759 Edge: 0.303 Con: 0.155 Cls: 1.079 Hist: 0.7761 Path: 0.3642 | Val F1: 0.3853 | 1.0s
  Epoch 376/800 | Total: 4.775 Edge: 0.316 Con: 0.154 Cls: 1.080 Hist: 0.7765 Path: 0.3648 | 0.9s
  Epoch 377/800 | Total: 4.732 Edge: 0.313 Con: 0.155 Cls: 1.069 Hist: 0.7740 Path: 0.3612 | 1.0s
  Epoch 378/800 | Total: 4.765 Edge: 0.310 Con: 0.155 Cls: 1.079 Hist: 0.7806 Path: 0.3586 | 1.0s
  Epoch 379/800 | Total: 5.193 Edge: 0.310 Con: 0.155 Cls: 1.196 Hist: 0.8559 Path: 0.3615 | 0.9s
  Epoch 380/800 | Total: 5.132 Edge: 0.315 Con: 0.157 Cls: 1.173 Hist: 0.8397 Path: 0.3788 | Val F1: 0.3791 | 1.0s
  Epoch 381/800 | Total: 4.901 Edge: 0.313 Con: 0.154 Cls: 1.109 Hist: 0.7996 Path: 0.3833 | 0.9s
  Epoch 382/800 | Total: 4.864 Edge: 0.311 Con: 0.155 Cls: 1.101 Hist: 0.7970 Path: 0.3762 | 1.0s
  Epoch 383/800 | Total: 4.789 Edge: 0.308 Con: 0.153 Cls: 1.086 Hist: 0.7817 Path: 0.3650 | 0.9s
  Epoch 384/800 | Total: 4.993 Edge: 0.309 Con: 0.156 Cls: 1.138 Hist: 0.8214 Path: 0.3708 | 1.0s
  Epoch 385/800 | Total: 5.289 Edge: 0.318 Con: 0.157 Cls: 1.219 Hist: 0.8592 Path: 0.3760 | Val F1: 0.3780 | 0.9s
  Epoch 386/800 | Total: 4.967 Edge: 0.311 Con: 0.155 Cls: 1.134 Hist: 0.8091 Path: 0.3682 | 1.0s
  Epoch 387/800 | Total: 4.745 Edge: 0.306 Con: 0.156 Cls: 1.075 Hist: 0.7749 Path: 0.3620 | 1.0s
  Epoch 388/800 | Total: 4.842 Edge: 0.311 Con: 0.158 Cls: 1.099 Hist: 0.7911 Path: 0.3636 | 0.9s
  Epoch 389/800 | Total: 4.717 Edge: 0.304 Con: 0.156 Cls: 1.068 Hist: 0.7733 Path: 0.3571 | 1.0s
  Epoch 390/800 | Total: 4.679 Edge: 0.299 Con: 0.154 Cls: 1.061 Hist: 0.7684 Path: 0.3528 | Val F1: 0.4069 | 0.9s
  Epoch 391/800 | Total: 4.640 Edge: 0.298 Con: 0.154 Cls: 1.051 Hist: 0.7625 Path: 0.3509 | 1.0s
  Epoch 392/800 | Total: 4.619 Edge: 0.297 Con: 0.153 Cls: 1.045 Hist: 0.7606 Path: 0.3494 | 1.0s
  Epoch 393/800 | Total: 4.640 Edge: 0.298 Con: 0.153 Cls: 1.051 Hist: 0.7648 Path: 0.3471 | 0.9s
  Epoch 394/800 | Total: 4.600 Edge: 0.300 Con: 0.155 Cls: 1.038 Hist: 0.7585 Path: 0.3515 | 1.0s
  Epoch 395/800 | Total: 4.668 Edge: 0.299 Con: 0.155 Cls: 1.060 Hist: 0.7609 Path: 0.3523 | Val F1: 0.4072 | 1.0s
  Epoch 396/800 | Total: 4.623 Edge: 0.298 Con: 0.155 Cls: 1.044 Hist: 0.7595 Path: 0.3552 | 0.9s
  Epoch 397/800 | Total: 4.689 Edge: 0.296 Con: 0.155 Cls: 1.065 Hist: 0.7697 Path: 0.3495 | 0.9s
  Epoch 398/800 | Total: 4.640 Edge: 0.299 Con: 0.156 Cls: 1.049 Hist: 0.7671 Path: 0.3497 | 0.9s
  Epoch 399/800 | Total: 4.618 Edge: 0.299 Con: 0.156 Cls: 1.044 Hist: 0.7607 Path: 0.3487 | 0.9s
  Epoch 400/800 | Total: 4.838 Edge: 0.309 Con: 0.155 Cls: 1.099 Hist: 0.7878 Path: 0.3655 | Val F1: 0.3910 | 0.9s
  Epoch 401/800 | Total: 4.757 Edge: 0.310 Con: 0.157 Cls: 1.077 Hist: 0.7734 Path: 0.3643 | 0.9s
  Epoch 402/800 | Total: 4.696 Edge: 0.305 Con: 0.155 Cls: 1.061 Hist: 0.7732 Path: 0.3585 | 0.9s
  Epoch 403/800 | Total: 4.722 Edge: 0.304 Con: 0.155 Cls: 1.070 Hist: 0.7693 Path: 0.3618 | 0.9s
  Epoch 404/800 | Total: 4.734 Edge: 0.310 Con: 0.154 Cls: 1.068 Hist: 0.7724 Path: 0.3713 | 0.9s
  Epoch 405/800 | Total: 4.860 Edge: 0.303 Con: 0.155 Cls: 1.105 Hist: 0.8050 Path: 0.3584 | Val F1: 0.3904 | 0.9s
  Epoch 406/800 | Total: 4.810 Edge: 0.303 Con: 0.153 Cls: 1.094 Hist: 0.7872 Path: 0.3605 | 0.9s
  Epoch 407/800 | Total: 4.894 Edge: 0.307 Con: 0.155 Cls: 1.114 Hist: 0.8025 Path: 0.3657 | 0.9s
  Epoch 408/800 | Total: 5.442 Edge: 0.323 Con: 0.160 Cls: 1.259 Hist: 0.8687 Path: 0.3947 | 1.0s
  Epoch 409/800 | Total: 5.464 Edge: 0.335 Con: 0.159 Cls: 1.252 Hist: 0.8869 Path: 0.4059 | 1.0s
  Epoch 410/800 | Total: 5.295 Edge: 0.360 Con: 0.160 Cls: 1.189 Hist: 0.8625 Path: 0.4247 | Val F1: 0.3712 | 0.9s
  Epoch 411/800 | Total: 4.962 Edge: 0.340 Con: 0.160 Cls: 1.113 Hist: 0.8075 Path: 0.3943 | 1.0s
  Epoch 412/800 | Total: 4.777 Edge: 0.320 Con: 0.158 Cls: 1.070 Hist: 0.7831 Path: 0.3838 | 0.9s
  Epoch 413/800 | Total: 4.765 Edge: 0.311 Con: 0.158 Cls: 1.076 Hist: 0.7805 Path: 0.3648 | 1.0s
  Epoch 414/800 | Total: 4.776 Edge: 0.305 Con: 0.155 Cls: 1.079 Hist: 0.7921 Path: 0.3632 | 0.9s
  Epoch 415/800 | Total: 4.665 Edge: 0.303 Con: 0.155 Cls: 1.052 Hist: 0.7703 Path: 0.3571 | Val F1: 0.4026 | 1.0s
  Epoch 416/800 | Total: 4.639 Edge: 0.300 Con: 0.156 Cls: 1.049 Hist: 0.7646 Path: 0.3502 | 0.9s
  Epoch 417/800 | Total: 4.590 Edge: 0.298 Con: 0.156 Cls: 1.035 Hist: 0.7566 Path: 0.3508 | 0.9s
  Epoch 418/800 | Total: 4.661 Edge: 0.297 Con: 0.156 Cls: 1.056 Hist: 0.7663 Path: 0.3506 | 0.9s
  Epoch 419/800 | Total: 4.621 Edge: 0.298 Con: 0.156 Cls: 1.046 Hist: 0.7620 Path: 0.3456 | 0.9s
  Epoch 420/800 | Total: 4.539 Edge: 0.295 Con: 0.152 Cls: 1.026 Hist: 0.7484 Path: 0.3417 | Val F1: 0.4105 | 1.0s
  Epoch 421/800 | Total: 4.601 Edge: 0.298 Con: 0.156 Cls: 1.039 Hist: 0.7606 Path: 0.3473 | 1.0s
  Epoch 422/800 | Total: 4.654 Edge: 0.298 Con: 0.154 Cls: 1.053 Hist: 0.7717 Path: 0.3482 | 0.9s
  Epoch 423/800 | Total: 4.736 Edge: 0.300 Con: 0.155 Cls: 1.076 Hist: 0.7787 Path: 0.3508 | 0.9s
  Epoch 424/800 | Total: 4.700 Edge: 0.305 Con: 0.154 Cls: 1.061 Hist: 0.7721 Path: 0.3642 | 0.9s
  Epoch 425/800 | Total: 4.646 Edge: 0.299 Con: 0.156 Cls: 1.050 Hist: 0.7682 Path: 0.3521 | Val F1: 0.4082 | 0.9s
  Epoch 426/800 | Total: 4.687 Edge: 0.295 Con: 0.154 Cls: 1.063 Hist: 0.7787 Path: 0.3472 | 0.9s
  Epoch 427/800 | Total: 4.663 Edge: 0.297 Con: 0.155 Cls: 1.056 Hist: 0.7661 Path: 0.3533 | 0.9s
  Epoch 428/800 | Total: 4.592 Edge: 0.294 Con: 0.155 Cls: 1.039 Hist: 0.7564 Path: 0.3468 | 0.9s
  Epoch 429/800 | Total: 4.636 Edge: 0.293 Con: 0.154 Cls: 1.055 Hist: 0.7603 Path: 0.3423 | 0.9s
  Epoch 430/800 | Total: 4.558 Edge: 0.298 Con: 0.155 Cls: 1.029 Hist: 0.7475 Path: 0.3472 | Val F1: 0.3962 | 0.9s
  Epoch 431/800 | Total: 4.571 Edge: 0.298 Con: 0.154 Cls: 1.030 Hist: 0.7533 Path: 0.3528 | 0.9s
  Epoch 432/800 | Total: 4.560 Edge: 0.298 Con: 0.155 Cls: 1.028 Hist: 0.7476 Path: 0.3543 | 0.9s
  Epoch 433/800 | Total: 4.606 Edge: 0.298 Con: 0.153 Cls: 1.040 Hist: 0.7579 Path: 0.3528 | 0.9s
  Epoch 434/800 | Total: 4.531 Edge: 0.297 Con: 0.155 Cls: 1.021 Hist: 0.7457 Path: 0.3471 | 0.9s
  Epoch 435/800 | Total: 4.611 Edge: 0.300 Con: 0.155 Cls: 1.040 Hist: 0.7616 Path: 0.3531 | Val F1: 0.3987 | 0.9s
  Epoch 436/800 | Total: 4.585 Edge: 0.300 Con: 0.153 Cls: 1.032 Hist: 0.7586 Path: 0.3553 | 1.0s
  Epoch 437/800 | Total: 4.765 Edge: 0.303 Con: 0.157 Cls: 1.082 Hist: 0.7808 Path: 0.3580 | 0.9s
  Epoch 438/800 | Total: 4.833 Edge: 0.300 Con: 0.153 Cls: 1.102 Hist: 0.7921 Path: 0.3593 | 0.9s
  Epoch 439/800 | Total: 4.854 Edge: 0.301 Con: 0.152 Cls: 1.104 Hist: 0.7978 Path: 0.3660 | 1.0s
  Epoch 440/800 | Total: 4.797 Edge: 0.308 Con: 0.155 Cls: 1.080 Hist: 0.7912 Path: 0.3800 | Val F1: 0.4000 | 0.9s
  Epoch 441/800 | Total: 4.709 Edge: 0.304 Con: 0.154 Cls: 1.063 Hist: 0.7694 Path: 0.3690 | 0.9s
  Epoch 442/800 | Total: 4.783 Edge: 0.309 Con: 0.154 Cls: 1.081 Hist: 0.7903 Path: 0.3632 | 0.9s
  Epoch 443/800 | Total: 4.636 Edge: 0.305 Con: 0.152 Cls: 1.042 Hist: 0.7640 Path: 0.3658 | 1.0s
  Epoch 444/800 | Total: 4.583 Edge: 0.296 Con: 0.155 Cls: 1.032 Hist: 0.7557 Path: 0.3582 | 0.9s
  Epoch 445/800 | Total: 4.665 Edge: 0.298 Con: 0.155 Cls: 1.055 Hist: 0.7681 Path: 0.3556 | Val F1: 0.3981 | 1.0s
  Epoch 446/800 | Total: 4.665 Edge: 0.302 Con: 0.154 Cls: 1.053 Hist: 0.7662 Path: 0.3593 | 1.0s
  Epoch 447/800 | Total: 4.663 Edge: 0.301 Con: 0.154 Cls: 1.053 Hist: 0.7681 Path: 0.3573 | 1.0s
  Epoch 448/800 | Total: 4.621 Edge: 0.299 Con: 0.154 Cls: 1.043 Hist: 0.7598 Path: 0.3557 | 1.0s
  Epoch 449/800 | Total: 4.664 Edge: 0.300 Con: 0.154 Cls: 1.054 Hist: 0.7709 Path: 0.3543 | 1.0s
  Epoch 450/800 | Total: 4.604 Edge: 0.301 Con: 0.155 Cls: 1.037 Hist: 0.7633 Path: 0.3517 | Val F1: 0.3984 | 1.0s
  Epoch 451/800 | Total: 4.614 Edge: 0.298 Con: 0.155 Cls: 1.041 Hist: 0.7629 Path: 0.3522 | 1.0s
  Epoch 452/800 | Total: 4.586 Edge: 0.297 Con: 0.153 Cls: 1.035 Hist: 0.7568 Path: 0.3496 | 1.0s
  Epoch 453/800 | Total: 4.568 Edge: 0.298 Con: 0.157 Cls: 1.031 Hist: 0.7509 Path: 0.3485 | 1.0s
  Epoch 454/800 | Total: 4.628 Edge: 0.302 Con: 0.154 Cls: 1.045 Hist: 0.7615 Path: 0.3527 | 1.0s
  Epoch 455/800 | Total: 4.672 Edge: 0.305 Con: 0.155 Cls: 1.055 Hist: 0.7680 Path: 0.3574 | Val F1: 0.3915 | 1.0s
  Epoch 456/800 | Total: 4.701 Edge: 0.307 Con: 0.153 Cls: 1.058 Hist: 0.7766 Path: 0.3662 | 1.0s
  Epoch 457/800 | Total: 4.802 Edge: 0.306 Con: 0.153 Cls: 1.085 Hist: 0.7921 Path: 0.3722 | 1.0s
  Epoch 458/800 | Total: 4.726 Edge: 0.299 Con: 0.155 Cls: 1.067 Hist: 0.7856 Path: 0.3613 | 1.0s
  Epoch 459/800 | Total: 4.648 Edge: 0.298 Con: 0.157 Cls: 1.048 Hist: 0.7726 Path: 0.3551 | 1.0s
  Epoch 460/800 | Total: 4.645 Edge: 0.298 Con: 0.155 Cls: 1.047 Hist: 0.7694 Path: 0.3588 | Val F1: 0.4071 | 1.0s
  Epoch 461/800 | Total: 4.587 Edge: 0.294 Con: 0.154 Cls: 1.037 Hist: 0.7581 Path: 0.3466 | 1.0s
  Epoch 462/800 | Total: 4.574 Edge: 0.294 Con: 0.156 Cls: 1.030 Hist: 0.7587 Path: 0.3534 | 1.0s
  Epoch 463/800 | Total: 4.705 Edge: 0.299 Con: 0.153 Cls: 1.068 Hist: 0.7730 Path: 0.3510 | 1.0s
  Epoch 464/800 | Total: 4.676 Edge: 0.298 Con: 0.154 Cls: 1.060 Hist: 0.7643 Path: 0.3561 | 1.0s
  Epoch 465/800 | Total: 4.669 Edge: 0.297 Con: 0.154 Cls: 1.055 Hist: 0.7735 Path: 0.3569 | Val F1: 0.4182 | 1.0s
  Epoch 466/800 | Total: 4.560 Edge: 0.299 Con: 0.154 Cls: 1.026 Hist: 0.7529 Path: 0.3518 | 0.9s
  Epoch 467/800 | Total: 4.566 Edge: 0.294 Con: 0.155 Cls: 1.030 Hist: 0.7558 Path: 0.3497 | 0.9s
  Epoch 468/800 | Total: 4.549 Edge: 0.293 Con: 0.155 Cls: 1.025 Hist: 0.7563 Path: 0.3475 | 1.0s
  Epoch 469/800 | Total: 5.153 Edge: 0.312 Con: 0.160 Cls: 1.181 Hist: 0.8445 Path: 0.3733 | 0.9s
  Epoch 470/800 | Total: 4.959 Edge: 0.315 Con: 0.156 Cls: 1.123 Hist: 0.8137 Path: 0.3824 | Val F1: 0.4045 | 0.9s
  Epoch 471/800 | Total: 4.719 Edge: 0.312 Con: 0.155 Cls: 1.061 Hist: 0.7740 Path: 0.3718 | 0.9s
  Epoch 472/800 | Total: 4.648 Edge: 0.305 Con: 0.156 Cls: 1.046 Hist: 0.7624 Path: 0.3658 | 1.0s
  Epoch 473/800 | Total: 4.671 Edge: 0.309 Con: 0.155 Cls: 1.051 Hist: 0.7644 Path: 0.3673 | 0.9s
  Epoch 474/800 | Total: 4.731 Edge: 0.302 Con: 0.156 Cls: 1.069 Hist: 0.7816 Path: 0.3619 | 0.9s
  Epoch 475/800 | Total: 4.677 Edge: 0.296 Con: 0.153 Cls: 1.058 Hist: 0.7743 Path: 0.3548 | Val F1: 0.4083 | 0.9s
  Epoch 476/800 | Total: 4.513 Edge: 0.294 Con: 0.154 Cls: 1.016 Hist: 0.7455 Path: 0.3480 | 0.9s
  Epoch 477/800 | Total: 4.456 Edge: 0.292 Con: 0.154 Cls: 1.001 Hist: 0.7383 Path: 0.3458 | 1.0s
  Epoch 478/800 | Total: 4.508 Edge: 0.299 Con: 0.155 Cls: 1.011 Hist: 0.7486 Path: 0.3481 | 1.0s
  Epoch 479/800 | Total: 4.533 Edge: 0.301 Con: 0.153 Cls: 1.020 Hist: 0.7472 Path: 0.3485 | 1.0s
  Epoch 480/800 | Total: 4.530 Edge: 0.295 Con: 0.154 Cls: 1.019 Hist: 0.7498 Path: 0.3511 | Val F1: 0.4130 | 1.0s
  Epoch 481/800 | Total: 4.564 Edge: 0.295 Con: 0.153 Cls: 1.030 Hist: 0.7518 Path: 0.3511 | 1.0s
  Epoch 482/800 | Total: 4.584 Edge: 0.296 Con: 0.157 Cls: 1.033 Hist: 0.7579 Path: 0.3526 | 1.0s
  Epoch 483/800 | Total: 4.712 Edge: 0.296 Con: 0.154 Cls: 1.070 Hist: 0.7780 Path: 0.3506 | 0.9s
  Epoch 484/800 | Total: 4.766 Edge: 0.304 Con: 0.156 Cls: 1.080 Hist: 0.7882 Path: 0.3572 | 0.9s
  Epoch 485/800 | Total: 4.810 Edge: 0.305 Con: 0.157 Cls: 1.090 Hist: 0.7957 Path: 0.3623 | Val F1: 0.3884 | 0.9s
  Epoch 486/800 | Total: 4.685 Edge: 0.300 Con: 0.155 Cls: 1.060 Hist: 0.7710 Path: 0.3560 | 0.9s
  Epoch 487/800 | Total: 4.592 Edge: 0.303 Con: 0.155 Cls: 1.031 Hist: 0.7624 Path: 0.3564 | 1.0s
  Epoch 488/800 | Total: 4.593 Edge: 0.309 Con: 0.154 Cls: 1.030 Hist: 0.7508 Path: 0.3658 | 0.9s
  Epoch 489/800 | Total: 4.548 Edge: 0.303 Con: 0.156 Cls: 1.023 Hist: 0.7484 Path: 0.3503 | 0.9s
  Epoch 490/800 | Total: 4.543 Edge: 0.299 Con: 0.156 Cls: 1.023 Hist: 0.7500 Path: 0.3476 | Val F1: 0.4024 | 0.9s
  Epoch 491/800 | Total: 4.617 Edge: 0.297 Con: 0.157 Cls: 1.040 Hist: 0.7689 Path: 0.3528 | 0.9s
  Epoch 492/800 | Total: 4.621 Edge: 0.295 Con: 0.157 Cls: 1.045 Hist: 0.7620 Path: 0.3500 | 0.9s
  Epoch 493/800 | Total: 4.567 Edge: 0.295 Con: 0.155 Cls: 1.032 Hist: 0.7527 Path: 0.3469 | 0.9s
  Epoch 494/800 | Total: 4.633 Edge: 0.299 Con: 0.154 Cls: 1.046 Hist: 0.7633 Path: 0.3575 | 0.9s
  Epoch 495/800 | Total: 4.706 Edge: 0.304 Con: 0.154 Cls: 1.062 Hist: 0.7736 Path: 0.3647 | Val F1: 0.3988 | 0.9s
  Epoch 496/800 | Total: 4.616 Edge: 0.303 Con: 0.153 Cls: 1.038 Hist: 0.7632 Path: 0.3606 | 0.9s
  Epoch 497/800 | Total: 4.498 Edge: 0.299 Con: 0.155 Cls: 1.007 Hist: 0.7425 Path: 0.3583 | 0.9s
  Epoch 498/800 | Total: 4.445 Edge: 0.297 Con: 0.155 Cls: 0.996 Hist: 0.7326 Path: 0.3506 | 0.9s
  Epoch 499/800 | Total: 4.515 Edge: 0.296 Con: 0.154 Cls: 1.015 Hist: 0.7443 Path: 0.3539 | 0.9s
  Epoch 500/800 | Total: 4.669 Edge: 0.304 Con: 0.158 Cls: 1.052 Hist: 0.7661 Path: 0.3644 | Val F1: 0.4140 | 0.9s
  Epoch 501/800 | Total: 4.547 Edge: 0.294 Con: 0.157 Cls: 1.025 Hist: 0.7513 Path: 0.3475 | 0.9s
  Epoch 502/800 | Total: 5.056 Edge: 0.307 Con: 0.158 Cls: 1.158 Hist: 0.8353 Path: 0.3612 | 0.9s
  Epoch 503/800 | Total: 5.028 Edge: 0.314 Con: 0.158 Cls: 1.142 Hist: 0.8284 Path: 0.3787 | 0.9s
  Epoch 504/800 | Total: 4.735 Edge: 0.311 Con: 0.157 Cls: 1.064 Hist: 0.7812 Path: 0.3730 | 0.9s
  Epoch 505/800 | Total: 4.594 Edge: 0.302 Con: 0.157 Cls: 1.029 Hist: 0.7652 Path: 0.3605 | Val F1: 0.4039 | 0.9s
  Epoch 506/800 | Total: 4.482 Edge: 0.296 Con: 0.156 Cls: 1.005 Hist: 0.7481 Path: 0.3460 | 0.9s
  Epoch 507/800 | Total: 4.463 Edge: 0.292 Con: 0.155 Cls: 1.005 Hist: 0.7389 Path: 0.3394 | 0.9s
  Epoch 508/800 | Total: 4.483 Edge: 0.291 Con: 0.157 Cls: 1.010 Hist: 0.7406 Path: 0.3439 | 0.9s
  Epoch 509/800 | Total: 4.538 Edge: 0.292 Con: 0.156 Cls: 1.024 Hist: 0.7522 Path: 0.3416 | 0.9s
  Epoch 510/800 | Total: 4.451 Edge: 0.291 Con: 0.156 Cls: 0.998 Hist: 0.7425 Path: 0.3446 | Val F1: 0.4152 | 0.9s
  Epoch 511/800 | Total: 4.485 Edge: 0.291 Con: 0.155 Cls: 1.011 Hist: 0.7423 Path: 0.3402 | 0.9s
  Epoch 512/800 | Total: 4.512 Edge: 0.290 Con: 0.157 Cls: 1.019 Hist: 0.7419 Path: 0.3437 | 0.9s
  Epoch 513/800 | Total: 4.578 Edge: 0.294 Con: 0.155 Cls: 1.031 Hist: 0.7646 Path: 0.3476 | 1.0s
  Epoch 514/800 | Total: 4.721 Edge: 0.299 Con: 0.156 Cls: 1.069 Hist: 0.7865 Path: 0.3501 | 0.9s
  Epoch 515/800 | Total: 4.655 Edge: 0.300 Con: 0.156 Cls: 1.049 Hist: 0.7714 Path: 0.3590 | Val F1: 0.3981 | 0.9s
  Epoch 516/800 | Total: 4.650 Edge: 0.303 Con: 0.155 Cls: 1.047 Hist: 0.7758 Path: 0.3529 | 0.9s
  Epoch 517/800 | Total: 4.529 Edge: 0.299 Con: 0.155 Cls: 1.017 Hist: 0.7529 Path: 0.3477 | 0.9s
  Epoch 518/800 | Total: 4.484 Edge: 0.293 Con: 0.155 Cls: 1.007 Hist: 0.7455 Path: 0.3481 | 0.9s
  Epoch 519/800 | Total: 4.460 Edge: 0.293 Con: 0.157 Cls: 1.002 Hist: 0.7397 Path: 0.3434 | 1.0s
  Epoch 520/800 | Total: 4.564 Edge: 0.304 Con: 0.157 Cls: 1.029 Hist: 0.7436 Path: 0.3510 | Val F1: 0.4131 | 1.0s
  Epoch 521/800 | Total: 4.700 Edge: 0.305 Con: 0.158 Cls: 1.061 Hist: 0.7727 Path: 0.3607 | 1.0s
  Epoch 522/800 | Total: 4.586 Edge: 0.296 Con: 0.159 Cls: 1.032 Hist: 0.7596 Path: 0.3565 | 0.9s
  Epoch 523/800 | Total: 4.525 Edge: 0.294 Con: 0.153 Cls: 1.018 Hist: 0.7529 Path: 0.3464 | 0.9s
  Epoch 524/800 | Total: 4.500 Edge: 0.292 Con: 0.157 Cls: 1.013 Hist: 0.7472 Path: 0.3449 | 0.9s
  Epoch 525/800 | Total: 4.561 Edge: 0.296 Con: 0.155 Cls: 1.029 Hist: 0.7526 Path: 0.3490 | Val F1: 0.4048 | 0.9s
  Epoch 526/800 | Total: 4.474 Edge: 0.295 Con: 0.155 Cls: 1.004 Hist: 0.7424 Path: 0.3484 | 0.9s
  Epoch 527/800 | Total: 4.492 Edge: 0.294 Con: 0.156 Cls: 1.008 Hist: 0.7436 Path: 0.3527 | 0.9s
  Epoch 528/800 | Total: 4.490 Edge: 0.293 Con: 0.156 Cls: 1.007 Hist: 0.7444 Path: 0.3517 | 0.9s
  Epoch 529/800 | Total: 4.479 Edge: 0.297 Con: 0.155 Cls: 1.002 Hist: 0.7364 Path: 0.3613 | 0.9s
  Epoch 530/800 | Total: 4.445 Edge: 0.297 Con: 0.155 Cls: 0.996 Hist: 0.7309 Path: 0.3523 | Val F1: 0.4130 | 0.9s
  Epoch 531/800 | Total: 4.495 Edge: 0.295 Con: 0.156 Cls: 1.009 Hist: 0.7475 Path: 0.3477 | 0.9s
  Epoch 532/800 | Total: 4.492 Edge: 0.299 Con: 0.155 Cls: 1.006 Hist: 0.7446 Path: 0.3541 | 0.9s
  Epoch 533/800 | Total: 4.534 Edge: 0.296 Con: 0.154 Cls: 1.018 Hist: 0.7556 Path: 0.3509 | 0.9s
  Epoch 534/800 | Total: 4.552 Edge: 0.300 Con: 0.156 Cls: 1.023 Hist: 0.7505 Path: 0.3549 | 0.9s
  Epoch 535/800 | Total: 4.518 Edge: 0.306 Con: 0.154 Cls: 1.012 Hist: 0.7440 Path: 0.3533 | Val F1: 0.4035 | 1.0s
  Epoch 536/800 | Total: 4.463 Edge: 0.301 Con: 0.154 Cls: 0.997 Hist: 0.7396 Path: 0.3543 | 1.0s
  Epoch 537/800 | Total: 4.444 Edge: 0.299 Con: 0.155 Cls: 0.993 Hist: 0.7422 Path: 0.3456 | 1.0s
  Epoch 538/800 | Total: 4.471 Edge: 0.296 Con: 0.155 Cls: 1.002 Hist: 0.7425 Path: 0.3491 | 0.9s
  Epoch 539/800 | Total: 4.457 Edge: 0.293 Con: 0.156 Cls: 1.000 Hist: 0.7411 Path: 0.3434 | 1.0s
  Epoch 540/800 | Total: 4.385 Edge: 0.291 Con: 0.156 Cls: 0.981 Hist: 0.7310 Path: 0.3437 | Val F1: 0.4129 | 1.0s
  Epoch 541/800 | Total: 4.402 Edge: 0.286 Con: 0.154 Cls: 0.988 Hist: 0.7324 Path: 0.3409 | 1.0s
  Epoch 542/800 | Total: 4.474 Edge: 0.288 Con: 0.157 Cls: 1.007 Hist: 0.7441 Path: 0.3416 | 0.9s
  Epoch 543/800 | Total: 4.436 Edge: 0.290 Con: 0.156 Cls: 0.997 Hist: 0.7371 Path: 0.3399 | 0.9s
  Epoch 544/800 | Total: 4.452 Edge: 0.291 Con: 0.154 Cls: 1.001 Hist: 0.7365 Path: 0.3437 | 1.0s
  Epoch 545/800 | Total: 4.424 Edge: 0.289 Con: 0.153 Cls: 0.994 Hist: 0.7331 Path: 0.3429 | Val F1: 0.4115 | 1.0s
  Epoch 546/800 | Total: 4.432 Edge: 0.295 Con: 0.157 Cls: 0.992 Hist: 0.7411 Path: 0.3416 | 0.9s
  Epoch 547/800 | Total: 4.504 Edge: 0.298 Con: 0.155 Cls: 1.014 Hist: 0.7435 Path: 0.3438 | 1.0s
  Epoch 548/800 | Total: 4.446 Edge: 0.298 Con: 0.153 Cls: 0.993 Hist: 0.7426 Path: 0.3510 | 0.9s
  Epoch 549/800 | Total: 4.700 Edge: 0.306 Con: 0.157 Cls: 1.057 Hist: 0.7717 Path: 0.3734 | 0.9s
  Epoch 550/800 | Total: 5.355 Edge: 0.333 Con: 0.162 Cls: 1.231 Hist: 0.8489 Path: 0.3993 | Val F1: 0.3622 | 0.9s
  Epoch 551/800 | Total: 5.030 Edge: 0.325 Con: 0.164 Cls: 1.131 Hist: 0.8372 Path: 0.3922 | 1.0s
  Epoch 552/800 | Total: 4.794 Edge: 0.309 Con: 0.159 Cls: 1.078 Hist: 0.7980 Path: 0.3747 | 0.9s
  Epoch 553/800 | Total: 4.761 Edge: 0.305 Con: 0.160 Cls: 1.071 Hist: 0.7984 Path: 0.3659 | 0.9s
  Epoch 554/800 | Total: 4.790 Edge: 0.304 Con: 0.157 Cls: 1.079 Hist: 0.8038 Path: 0.3656 | 0.9s
  Epoch 555/800 | Total: 4.639 Edge: 0.299 Con: 0.155 Cls: 1.047 Hist: 0.7671 Path: 0.3557 | Val F1: 0.4120 | 0.9s
  Epoch 556/800 | Total: 4.482 Edge: 0.297 Con: 0.154 Cls: 1.001 Hist: 0.7439 Path: 0.3604 | 0.9s
  Epoch 557/800 | Total: 4.533 Edge: 0.298 Con: 0.157 Cls: 1.017 Hist: 0.7498 Path: 0.3557 | 0.9s
  Epoch 558/800 | Total: 4.511 Edge: 0.294 Con: 0.156 Cls: 1.015 Hist: 0.7460 Path: 0.3481 | 0.9s
  Epoch 559/800 | Total: 4.519 Edge: 0.294 Con: 0.156 Cls: 1.016 Hist: 0.7504 Path: 0.3488 | 1.0s
  Epoch 560/800 | Total: 4.463 Edge: 0.294 Con: 0.155 Cls: 1.002 Hist: 0.7395 Path: 0.3465 | Val F1: 0.4074 | 0.9s
  Epoch 561/800 | Total: 4.505 Edge: 0.293 Con: 0.156 Cls: 1.014 Hist: 0.7469 Path: 0.3436 | 1.0s
  Epoch 562/800 | Total: 4.444 Edge: 0.290 Con: 0.156 Cls: 0.999 Hist: 0.7367 Path: 0.3432 | 0.9s
  Epoch 563/800 | Total: 4.444 Edge: 0.291 Con: 0.155 Cls: 0.999 Hist: 0.7371 Path: 0.3418 | 1.0s
  Epoch 564/800 | Total: 4.528 Edge: 0.291 Con: 0.156 Cls: 1.023 Hist: 0.7448 Path: 0.3462 | 0.9s
  Epoch 565/800 | Total: 4.617 Edge: 0.295 Con: 0.156 Cls: 1.043 Hist: 0.7659 Path: 0.3501 | Val F1: 0.4063 | 0.9s
  Early stopping at epoch 565
  Best Val F1: 0.4182 | Test F1: 0.4176
  Total training time: 607.6s (10.1 min)

======================================================================
  Val  Macro-F1: 0.4182
  Test Macro-F1: 0.4176
  Test Accuracy: 0.6387
  Time: 609.6s
======================================================================

  Results saved to: results/NESS_ogbn-arxiv_MCAR_0.9_20260724_112006
