/home/erfan/MATE/ogbn_benchmarks/../src/utils.py:183: UserWarning: torch.sparse.SparseTensor(indices, values, shape, *, device=) is deprecated.  Please use torch.sparse_coo_tensor(indices, values, shape, dtype=, device=). (Triggered internally at /pytorch/torch/csrc/utils/tensor_new.cpp:654.)
  adj_norm = torch.sparse.FloatTensor(indices_norm, values_norm, torch.Size(adj_norm.shape))
/home/erfan/MATE/ogbn_benchmarks/FP.py:56: UserWarning: Sparse invariant checks are implicitly disabled. Memory errors (e.g. SEGFAULT) will occur when operating on a sparse tensor which violates the invariants, but checks incur performance overhead. To silence this warning, explicitly opt in or out. See `torch.sparse.check_sparse_tensor_invariants.__doc__` for guidance.  (Triggered internally at /pytorch/aten/src/ATen/Context.cpp:760.)
  A = torch.sparse_coo_tensor(idx, val, (num_nodes, num_nodes)).coalesce().to(device)
======================================================================
  NESS | cora | MCAR @ 80%
======================================================================
[1/3] Loading cora...
loading dataset: cora
  2,708 nodes | 1433 dims | 7 classes
[2/3] Simulating MCAR missingness...
Simulating MCAR missingness at 80% rate...
  MCAR: Uniform random selection
  Observable: 542 (20.0%)
  Masked: 2,166 (80.0%)
  Observable: 542 | Val: 1,083 | Test: 1,083
[3/3] Running NESS...
  Prefilling missing nodes via Feature Propagation (40 iters)...
  Computing SSL targets (neighborhood stats + centroid, 2-hop)...
✓ Using FAST vectorized SSL computation (torch_scatter available)
  Computing 2-hop neighborhood targets (FAST vectorized)...
    ✓ k-hop targets computed (318 nodes had no observable within 2 hops)
  Small graph: full-batch (single cluster)
  Training NESS for up to 400 epochs (patience=20)...
  Epoch 1/400 | Total: 3.062 Edge: 0.694 Con: 0.418 Cls: 1.937 Recon: 0.0129 | 0.4s
  Epoch 2/400 | Total: 3.012 Edge: 0.693 Con: 0.380 Cls: 1.926 Recon: 0.0125 | 0.0s
  Epoch 3/400 | Total: 2.963 Edge: 0.693 Con: 0.342 Cls: 1.915 Recon: 0.0127 | 0.0s
  Epoch 4/400 | Total: 2.909 Edge: 0.692 Con: 0.303 Cls: 1.901 Recon: 0.0126 | 0.0s
  Epoch 5/400 | Total: 2.860 Edge: 0.691 Con: 0.272 Cls: 1.883 Recon: 0.0132 | Val F1: 0.0860 | 0.0s
  Epoch 6/400 | Total: 2.814 Edge: 0.690 Con: 0.246 Cls: 1.865 Recon: 0.0128 | 0.0s
  Epoch 7/400 | Total: 2.768 Edge: 0.689 Con: 0.226 Cls: 1.840 Recon: 0.0126 | 0.0s
  Epoch 8/400 | Total: 2.715 Edge: 0.687 Con: 0.192 Cls: 1.823 Recon: 0.0130 | 0.0s
  Epoch 9/400 | Total: 2.670 Edge: 0.685 Con: 0.176 Cls: 1.796 Recon: 0.0126 | 0.0s
  Epoch 10/400 | Total: 2.615 Edge: 0.682 Con: 0.158 Cls: 1.762 Recon: 0.0127 | Val F1: 0.2675 | 0.0s
  Epoch 11/400 | Total: 2.554 Edge: 0.680 Con: 0.142 Cls: 1.720 Recon: 0.0127 | 0.0s
  Epoch 12/400 | Total: 2.511 Edge: 0.675 Con: 0.142 Cls: 1.681 Recon: 0.0125 | 0.0s
  Epoch 13/400 | Total: 2.451 Edge: 0.671 Con: 0.129 Cls: 1.638 Recon: 0.0125 | 0.0s
  Epoch 14/400 | Total: 2.384 Edge: 0.666 Con: 0.122 Cls: 1.584 Recon: 0.0122 | 0.0s
  Epoch 15/400 | Total: 2.319 Edge: 0.660 Con: 0.118 Cls: 1.528 Recon: 0.0124 | Val F1: 0.3790 | 0.0s
  Epoch 16/400 | Total: 2.249 Edge: 0.653 Con: 0.112 Cls: 1.472 Recon: 0.0124 | 0.0s
  Epoch 17/400 | Total: 2.172 Edge: 0.646 Con: 0.112 Cls: 1.401 Recon: 0.0123 | 0.0s
  Epoch 18/400 | Total: 2.102 Edge: 0.640 Con: 0.108 Cls: 1.342 Recon: 0.0123 | 0.0s
  Epoch 19/400 | Total: 2.029 Edge: 0.632 Con: 0.106 Cls: 1.279 Recon: 0.0119 | 0.0s
  Epoch 20/400 | Total: 1.956 Edge: 0.624 Con: 0.107 Cls: 1.213 Recon: 0.0124 | Val F1: 0.5029 | 0.0s
  Epoch 21/400 | Total: 1.859 Edge: 0.616 Con: 0.104 Cls: 1.126 Recon: 0.0121 | 0.0s
  Epoch 22/400 | Total: 1.801 Edge: 0.609 Con: 0.105 Cls: 1.075 Recon: 0.0120 | 0.0s
  Epoch 23/400 | Total: 1.712 Edge: 0.600 Con: 0.105 Cls: 0.995 Recon: 0.0120 | 0.0s
  Epoch 24/400 | Total: 1.636 Edge: 0.599 Con: 0.104 Cls: 0.921 Recon: 0.0121 | 0.0s
  Epoch 25/400 | Total: 1.571 Edge: 0.589 Con: 0.104 Cls: 0.867 Recon: 0.0120 | Val F1: 0.7209 | 0.0s
  Epoch 26/400 | Total: 1.513 Edge: 0.584 Con: 0.104 Cls: 0.812 Recon: 0.0121 | 0.0s
  Epoch 27/400 | Total: 1.451 Edge: 0.579 Con: 0.102 Cls: 0.758 Recon: 0.0120 | 0.0s
  Epoch 28/400 | Total: 1.393 Edge: 0.577 Con: 0.102 Cls: 0.702 Recon: 0.0116 | 0.0s
  Epoch 29/400 | Total: 1.331 Edge: 0.573 Con: 0.101 Cls: 0.644 Recon: 0.0120 | 0.0s
  Epoch 30/400 | Total: 1.264 Edge: 0.570 Con: 0.100 Cls: 0.583 Recon: 0.0117 | Val F1: 0.7577 | 0.0s
  Epoch 31/400 | Total: 1.200 Edge: 0.565 Con: 0.100 Cls: 0.524 Recon: 0.0118 | 0.0s
  Epoch 32/400 | Total: 1.175 Edge: 0.556 Con: 0.098 Cls: 0.509 Recon: 0.0117 | 0.0s
  Epoch 33/400 | Total: 1.110 Edge: 0.552 Con: 0.098 Cls: 0.449 Recon: 0.0119 | 0.0s
  Epoch 34/400 | Total: 1.091 Edge: 0.549 Con: 0.098 Cls: 0.432 Recon: 0.0115 | 0.0s
  Epoch 35/400 | Total: 1.042 Edge: 0.539 Con: 0.097 Cls: 0.394 Recon: 0.0120 | Val F1: 0.8027 | 0.0s
  Epoch 36/400 | Total: 0.975 Edge: 0.528 Con: 0.096 Cls: 0.339 Recon: 0.0118 | 0.0s
  Epoch 37/400 | Total: 0.940 Edge: 0.523 Con: 0.096 Cls: 0.309 Recon: 0.0117 | 0.0s
  Epoch 38/400 | Total: 0.925 Edge: 0.514 Con: 0.095 Cls: 0.304 Recon: 0.0116 | 0.0s
  Epoch 39/400 | Total: 0.892 Edge: 0.506 Con: 0.093 Cls: 0.280 Recon: 0.0119 | 0.0s
  Epoch 40/400 | Total: 0.879 Edge: 0.501 Con: 0.093 Cls: 0.273 Recon: 0.0117 | Val F1: 0.8106 | 0.0s
  Epoch 41/400 | Total: 0.855 Edge: 0.500 Con: 0.092 Cls: 0.252 Recon: 0.0119 | 0.0s
  Epoch 42/400 | Total: 0.830 Edge: 0.487 Con: 0.092 Cls: 0.240 Recon: 0.0119 | 0.0s
  Epoch 43/400 | Total: 0.815 Edge: 0.485 Con: 0.091 Cls: 0.227 Recon: 0.0118 | 0.0s
  Epoch 44/400 | Total: 0.763 Edge: 0.474 Con: 0.091 Cls: 0.187 Recon: 0.0113 | 0.0s
  Epoch 45/400 | Total: 0.787 Edge: 0.474 Con: 0.090 Cls: 0.211 Recon: 0.0114 | Val F1: 0.8130 | 0.0s
  Epoch 46/400 | Total: 0.740 Edge: 0.464 Con: 0.089 Cls: 0.175 Recon: 0.0115 | 0.0s
  Epoch 47/400 | Total: 0.730 Edge: 0.462 Con: 0.088 Cls: 0.168 Recon: 0.0116 | 0.0s
  Epoch 48/400 | Total: 0.720 Edge: 0.455 Con: 0.088 Cls: 0.166 Recon: 0.0113 | 0.0s
  Epoch 49/400 | Total: 0.687 Edge: 0.449 Con: 0.088 Cls: 0.139 Recon: 0.0117 | 0.0s
  Epoch 50/400 | Total: 0.715 Edge: 0.441 Con: 0.088 Cls: 0.174 Recon: 0.0118 | Val F1: 0.8111 | 0.0s
  Epoch 51/400 | Total: 0.657 Edge: 0.434 Con: 0.087 Cls: 0.124 Recon: 0.0116 | 0.0s
  Epoch 52/400 | Total: 0.645 Edge: 0.431 Con: 0.087 Cls: 0.116 Recon: 0.0116 | 0.0s
  Epoch 53/400 | Total: 0.662 Edge: 0.422 Con: 0.086 Cls: 0.143 Recon: 0.0116 | 0.0s
  Epoch 54/400 | Total: 0.654 Edge: 0.411 Con: 0.085 Cls: 0.145 Recon: 0.0118 | 0.0s
  Epoch 55/400 | Total: 0.602 Edge: 0.405 Con: 0.086 Cls: 0.100 Recon: 0.0117 | Val F1: 0.8132 | 0.0s
  Epoch 56/400 | Total: 0.604 Edge: 0.397 Con: 0.084 Cls: 0.110 Recon: 0.0117 | 0.0s
  Epoch 57/400 | Total: 0.599 Edge: 0.397 Con: 0.084 Cls: 0.106 Recon: 0.0116 | 0.0s
  Epoch 58/400 | Total: 0.599 Edge: 0.398 Con: 0.084 Cls: 0.105 Recon: 0.0116 | 0.0s
  Epoch 59/400 | Total: 0.589 Edge: 0.393 Con: 0.084 Cls: 0.101 Recon: 0.0115 | 0.0s
  Epoch 60/400 | Total: 0.570 Edge: 0.387 Con: 0.083 Cls: 0.088 Recon: 0.0116 | Val F1: 0.8130 | 0.0s
  Epoch 61/400 | Total: 0.599 Edge: 0.384 Con: 0.084 Cls: 0.120 Recon: 0.0115 | 0.0s
  Epoch 62/400 | Total: 0.572 Edge: 0.378 Con: 0.083 Cls: 0.099 Recon: 0.0114 | 0.0s
  Epoch 63/400 | Total: 0.571 Edge: 0.374 Con: 0.082 Cls: 0.103 Recon: 0.0116 | 0.0s
  Epoch 64/400 | Total: 0.565 Edge: 0.374 Con: 0.082 Cls: 0.097 Recon: 0.0114 | 0.0s
  Epoch 65/400 | Total: 0.556 Edge: 0.371 Con: 0.082 Cls: 0.091 Recon: 0.0115 | Val F1: 0.8176 | 0.0s
  Epoch 66/400 | Total: 0.563 Edge: 0.371 Con: 0.082 Cls: 0.099 Recon: 0.0115 | 0.0s
  Epoch 67/400 | Total: 0.538 Edge: 0.366 Con: 0.081 Cls: 0.078 Recon: 0.0118 | 0.0s
  Epoch 68/400 | Total: 0.557 Edge: 0.358 Con: 0.082 Cls: 0.106 Recon: 0.0115 | 0.0s
  Epoch 69/400 | Total: 0.513 Edge: 0.352 Con: 0.082 Cls: 0.068 Recon: 0.0114 | 0.0s
  Epoch 70/400 | Total: 0.517 Edge: 0.353 Con: 0.080 Cls: 0.073 Recon: 0.0115 | Val F1: 0.8139 | 0.0s
  Epoch 71/400 | Total: 0.511 Edge: 0.348 Con: 0.080 Cls: 0.071 Recon: 0.0115 | 0.0s
  Epoch 72/400 | Total: 0.499 Edge: 0.343 Con: 0.080 Cls: 0.065 Recon: 0.0117 | 0.0s
  Epoch 73/400 | Total: 0.527 Edge: 0.344 Con: 0.080 Cls: 0.091 Recon: 0.0117 | 0.0s
  Epoch 74/400 | Total: 0.509 Edge: 0.345 Con: 0.080 Cls: 0.073 Recon: 0.0118 | 0.0s
  Epoch 75/400 | Total: 0.505 Edge: 0.341 Con: 0.080 Cls: 0.073 Recon: 0.0116 | Val F1: 0.8165 | 0.0s
  Epoch 76/400 | Total: 0.503 Edge: 0.338 Con: 0.080 Cls: 0.073 Recon: 0.0117 | 0.0s
  Epoch 77/400 | Total: 0.484 Edge: 0.334 Con: 0.079 Cls: 0.059 Recon: 0.0115 | 0.0s
  Epoch 78/400 | Total: 0.493 Edge: 0.331 Con: 0.079 Cls: 0.070 Recon: 0.0116 | 0.0s
  Epoch 79/400 | Total: 0.484 Edge: 0.324 Con: 0.078 Cls: 0.071 Recon: 0.0115 | 0.0s
  Epoch 80/400 | Total: 0.487 Edge: 0.329 Con: 0.078 Cls: 0.068 Recon: 0.0114 | Val F1: 0.8183 | 0.0s
  Epoch 81/400 | Total: 0.496 Edge: 0.329 Con: 0.079 Cls: 0.076 Recon: 0.0115 | 0.0s
  Epoch 82/400 | Total: 0.483 Edge: 0.325 Con: 0.078 Cls: 0.068 Recon: 0.0116 | 0.0s
  Epoch 83/400 | Total: 0.498 Edge: 0.321 Con: 0.077 Cls: 0.089 Recon: 0.0115 | 0.0s
  Epoch 84/400 | Total: 0.485 Edge: 0.321 Con: 0.077 Cls: 0.075 Recon: 0.0118 | 0.0s
  Epoch 85/400 | Total: 0.460 Edge: 0.322 Con: 0.076 Cls: 0.051 Recon: 0.0113 | Val F1: 0.8120 | 0.0s
  Epoch 86/400 | Total: 0.485 Edge: 0.317 Con: 0.078 Cls: 0.079 Recon: 0.0115 | 0.0s
  Epoch 87/400 | Total: 0.478 Edge: 0.316 Con: 0.077 Cls: 0.074 Recon: 0.0115 | 0.0s
  Epoch 88/400 | Total: 0.457 Edge: 0.307 Con: 0.077 Cls: 0.062 Recon: 0.0114 | 0.0s
  Epoch 89/400 | Total: 0.452 Edge: 0.305 Con: 0.077 Cls: 0.059 Recon: 0.0115 | 0.0s
  Epoch 90/400 | Total: 0.470 Edge: 0.312 Con: 0.077 Cls: 0.070 Recon: 0.0118 | Val F1: 0.8192 | 0.0s
  Epoch 91/400 | Total: 0.481 Edge: 0.313 Con: 0.076 Cls: 0.080 Recon: 0.0115 | 0.0s
  Epoch 92/400 | Total: 0.473 Edge: 0.309 Con: 0.076 Cls: 0.077 Recon: 0.0113 | 0.0s
  Epoch 93/400 | Total: 0.465 Edge: 0.299 Con: 0.076 Cls: 0.079 Recon: 0.0114 | 0.0s
  Epoch 94/400 | Total: 0.495 Edge: 0.311 Con: 0.075 Cls: 0.097 Recon: 0.0116 | 0.0s
  Epoch 95/400 | Total: 0.456 Edge: 0.300 Con: 0.076 Cls: 0.068 Recon: 0.0115 | Val F1: 0.8129 | 0.0s
  Epoch 96/400 | Total: 0.444 Edge: 0.301 Con: 0.075 Cls: 0.056 Recon: 0.0115 | 0.0s
  Epoch 97/400 | Total: 0.466 Edge: 0.296 Con: 0.076 Cls: 0.082 Recon: 0.0112 | 0.0s
  Epoch 98/400 | Total: 0.441 Edge: 0.301 Con: 0.075 Cls: 0.054 Recon: 0.0115 | 0.0s
  Epoch 99/400 | Total: 0.445 Edge: 0.295 Con: 0.074 Cls: 0.065 Recon: 0.0116 | 0.0s
  Epoch 100/400 | Total: 0.429 Edge: 0.286 Con: 0.075 Cls: 0.057 Recon: 0.0114 | Val F1: 0.8173 | 0.0s
  Epoch 101/400 | Total: 0.437 Edge: 0.297 Con: 0.075 Cls: 0.054 Recon: 0.0114 | 0.0s
  Epoch 102/400 | Total: 0.441 Edge: 0.292 Con: 0.075 Cls: 0.062 Recon: 0.0118 | 0.0s
  Epoch 103/400 | Total: 0.423 Edge: 0.287 Con: 0.075 Cls: 0.050 Recon: 0.0113 | 0.0s
  Epoch 104/400 | Total: 0.443 Edge: 0.291 Con: 0.074 Cls: 0.066 Recon: 0.0117 | 0.0s
  Epoch 105/400 | Total: 0.458 Edge: 0.291 Con: 0.075 Cls: 0.080 Recon: 0.0114 | Val F1: 0.8173 | 0.0s
  Epoch 106/400 | Total: 0.434 Edge: 0.284 Con: 0.073 Cls: 0.064 Recon: 0.0119 | 0.0s
  Epoch 107/400 | Total: 0.424 Edge: 0.288 Con: 0.074 Cls: 0.049 Recon: 0.0117 | 0.0s
  Epoch 108/400 | Total: 0.438 Edge: 0.295 Con: 0.074 Cls: 0.058 Recon: 0.0117 | 0.0s
  Epoch 109/400 | Total: 0.424 Edge: 0.280 Con: 0.073 Cls: 0.059 Recon: 0.0114 | 0.0s
  Epoch 110/400 | Total: 0.414 Edge: 0.275 Con: 0.073 Cls: 0.055 Recon: 0.0114 | Val F1: 0.8126 | 0.0s
  Epoch 111/400 | Total: 0.422 Edge: 0.276 Con: 0.074 Cls: 0.060 Recon: 0.0115 | 0.0s
  Epoch 112/400 | Total: 0.423 Edge: 0.279 Con: 0.073 Cls: 0.059 Recon: 0.0113 | 0.0s
  Epoch 113/400 | Total: 0.428 Edge: 0.272 Con: 0.073 Cls: 0.070 Recon: 0.0116 | 0.0s
  Epoch 114/400 | Total: 0.432 Edge: 0.281 Con: 0.073 Cls: 0.067 Recon: 0.0111 | 0.0s
  Epoch 115/400 | Total: 0.420 Edge: 0.273 Con: 0.072 Cls: 0.064 Recon: 0.0113 | Val F1: 0.8126 | 0.0s
  Epoch 116/400 | Total: 0.416 Edge: 0.280 Con: 0.072 Cls: 0.052 Recon: 0.0115 | 0.0s
  Epoch 117/400 | Total: 0.421 Edge: 0.275 Con: 0.072 Cls: 0.062 Recon: 0.0116 | 0.0s
  Epoch 118/400 | Total: 0.422 Edge: 0.274 Con: 0.072 Cls: 0.065 Recon: 0.0113 | 0.0s
  Epoch 119/400 | Total: 0.423 Edge: 0.272 Con: 0.072 Cls: 0.068 Recon: 0.0117 | 0.0s
  Epoch 120/400 | Total: 0.399 Edge: 0.270 Con: 0.072 Cls: 0.044 Recon: 0.0117 | Val F1: 0.8122 | 0.0s
  Epoch 121/400 | Total: 0.427 Edge: 0.274 Con: 0.072 Cls: 0.069 Recon: 0.0115 | 0.0s
  Epoch 122/400 | Total: 0.417 Edge: 0.268 Con: 0.071 Cls: 0.066 Recon: 0.0115 | 0.0s
  Epoch 123/400 | Total: 0.406 Edge: 0.269 Con: 0.071 Cls: 0.055 Recon: 0.0112 | 0.0s
  Epoch 124/400 | Total: 0.410 Edge: 0.273 Con: 0.072 Cls: 0.054 Recon: 0.0115 | 0.0s
  Epoch 125/400 | Total: 0.395 Edge: 0.272 Con: 0.072 Cls: 0.040 Recon: 0.0115 | Val F1: 0.8162 | 0.0s
  Epoch 126/400 | Total: 0.408 Edge: 0.268 Con: 0.072 Cls: 0.057 Recon: 0.0116 | 0.0s
  Epoch 127/400 | Total: 0.399 Edge: 0.267 Con: 0.071 Cls: 0.048 Recon: 0.0117 | 0.0s
  Epoch 128/400 | Total: 0.398 Edge: 0.267 Con: 0.070 Cls: 0.050 Recon: 0.0115 | 0.0s
  Epoch 129/400 | Total: 0.415 Edge: 0.269 Con: 0.071 Cls: 0.063 Recon: 0.0115 | 0.0s
  Epoch 130/400 | Total: 0.409 Edge: 0.263 Con: 0.071 Cls: 0.063 Recon: 0.0115 | Val F1: 0.8207 | 0.0s
  Epoch 131/400 | Total: 0.423 Edge: 0.276 Con: 0.071 Cls: 0.064 Recon: 0.0116 | 0.0s
  Epoch 132/400 | Total: 0.390 Edge: 0.263 Con: 0.071 Cls: 0.045 Recon: 0.0113 | 0.0s
  Epoch 133/400 | Total: 0.396 Edge: 0.258 Con: 0.070 Cls: 0.056 Recon: 0.0117 | 0.0s
  Epoch 134/400 | Total: 0.410 Edge: 0.267 Con: 0.070 Cls: 0.061 Recon: 0.0117 | 0.0s
  Epoch 135/400 | Total: 0.396 Edge: 0.257 Con: 0.069 Cls: 0.058 Recon: 0.0116 | Val F1: 0.8172 | 0.0s
  Epoch 136/400 | Total: 0.401 Edge: 0.265 Con: 0.071 Cls: 0.054 Recon: 0.0114 | 0.0s
  Epoch 137/400 | Total: 0.398 Edge: 0.257 Con: 0.071 Cls: 0.059 Recon: 0.0115 | 0.0s
  Epoch 138/400 | Total: 0.414 Edge: 0.263 Con: 0.069 Cls: 0.071 Recon: 0.0114 | 0.0s
  Epoch 139/400 | Total: 0.376 Edge: 0.255 Con: 0.069 Cls: 0.040 Recon: 0.0117 | 0.0s
  Epoch 140/400 | Total: 0.364 Edge: 0.254 Con: 0.069 Cls: 0.030 Recon: 0.0115 | Val F1: 0.8168 | 0.0s
  Epoch 141/400 | Total: 0.405 Edge: 0.260 Con: 0.069 Cls: 0.064 Recon: 0.0118 | 0.0s
  Epoch 142/400 | Total: 0.400 Edge: 0.254 Con: 0.069 Cls: 0.065 Recon: 0.0115 | 0.0s
  Epoch 143/400 | Total: 0.396 Edge: 0.257 Con: 0.070 Cls: 0.058 Recon: 0.0114 | 0.0s
  Epoch 144/400 | Total: 0.386 Edge: 0.256 Con: 0.070 Cls: 0.048 Recon: 0.0117 | 0.0s
  Epoch 145/400 | Total: 0.390 Edge: 0.251 Con: 0.070 Cls: 0.058 Recon: 0.0115 | Val F1: 0.8146 | 0.0s
  Epoch 146/400 | Total: 0.383 Edge: 0.253 Con: 0.069 Cls: 0.051 Recon: 0.0114 | 0.0s
  Epoch 147/400 | Total: 0.412 Edge: 0.260 Con: 0.068 Cls: 0.073 Recon: 0.0115 | 0.0s
  Epoch 148/400 | Total: 0.381 Edge: 0.255 Con: 0.069 Cls: 0.046 Recon: 0.0114 | 0.0s
  Epoch 149/400 | Total: 0.401 Edge: 0.255 Con: 0.069 Cls: 0.066 Recon: 0.0114 | 0.0s
  Epoch 150/400 | Total: 0.391 Edge: 0.248 Con: 0.068 Cls: 0.063 Recon: 0.0118 | Val F1: 0.8151 | 0.0s
  Epoch 151/400 | Total: 0.404 Edge: 0.258 Con: 0.069 Cls: 0.064 Recon: 0.0118 | 0.0s
  Epoch 152/400 | Total: 0.394 Edge: 0.249 Con: 0.069 Cls: 0.063 Recon: 0.0117 | 0.0s
  Epoch 153/400 | Total: 0.418 Edge: 0.260 Con: 0.068 Cls: 0.078 Recon: 0.0113 | 0.0s
  Epoch 154/400 | Total: 0.391 Edge: 0.240 Con: 0.068 Cls: 0.071 Recon: 0.0114 | 0.0s
  Epoch 155/400 | Total: 0.392 Edge: 0.251 Con: 0.068 Cls: 0.062 Recon: 0.0118 | Val F1: 0.8137 | 0.0s
  Epoch 156/400 | Total: 0.381 Edge: 0.247 Con: 0.067 Cls: 0.055 Recon: 0.0117 | 0.0s
  Epoch 157/400 | Total: 0.406 Edge: 0.249 Con: 0.068 Cls: 0.077 Recon: 0.0116 | 0.0s
  Epoch 158/400 | Total: 0.390 Edge: 0.248 Con: 0.068 Cls: 0.063 Recon: 0.0116 | 0.0s
  Epoch 159/400 | Total: 0.384 Edge: 0.241 Con: 0.067 Cls: 0.064 Recon: 0.0117 | 0.0s
  Epoch 160/400 | Total: 0.380 Edge: 0.243 Con: 0.068 Cls: 0.057 Recon: 0.0115 | Val F1: 0.8102 | 0.0s
  Epoch 161/400 | Total: 0.402 Edge: 0.255 Con: 0.067 Cls: 0.068 Recon: 0.0116 | 0.0s
  Epoch 162/400 | Total: 0.381 Edge: 0.245 Con: 0.068 Cls: 0.056 Recon: 0.0118 | 0.0s
  Epoch 163/400 | Total: 0.370 Edge: 0.247 Con: 0.067 Cls: 0.045 Recon: 0.0118 | 0.0s
  Epoch 164/400 | Total: 0.371 Edge: 0.242 Con: 0.066 Cls: 0.051 Recon: 0.0118 | 0.0s
  Epoch 165/400 | Total: 0.385 Edge: 0.243 Con: 0.068 Cls: 0.062 Recon: 0.0116 | Val F1: 0.8142 | 0.0s
  Epoch 166/400 | Total: 0.376 Edge: 0.247 Con: 0.068 Cls: 0.051 Recon: 0.0112 | 0.0s
  Epoch 167/400 | Total: 0.373 Edge: 0.244 Con: 0.067 Cls: 0.050 Recon: 0.0114 | 0.0s
  Epoch 168/400 | Total: 0.373 Edge: 0.235 Con: 0.067 Cls: 0.060 Recon: 0.0113 | 0.0s
  Epoch 169/400 | Total: 0.352 Edge: 0.240 Con: 0.067 Cls: 0.035 Recon: 0.0113 | 0.0s
  Epoch 170/400 | Total: 0.378 Edge: 0.247 Con: 0.067 Cls: 0.052 Recon: 0.0114 | Val F1: 0.8088 | 0.0s
  Epoch 171/400 | Total: 0.376 Edge: 0.243 Con: 0.067 Cls: 0.054 Recon: 0.0116 | 0.0s
  Epoch 172/400 | Total: 0.379 Edge: 0.249 Con: 0.066 Cls: 0.052 Recon: 0.0116 | 0.0s
  Epoch 173/400 | Total: 0.380 Edge: 0.245 Con: 0.067 Cls: 0.057 Recon: 0.0114 | 0.0s
  Epoch 174/400 | Total: 0.397 Edge: 0.245 Con: 0.066 Cls: 0.074 Recon: 0.0115 | 0.0s
  Epoch 175/400 | Total: 0.369 Edge: 0.240 Con: 0.067 Cls: 0.050 Recon: 0.0113 | Val F1: 0.8124 | 0.0s
  Epoch 176/400 | Total: 0.376 Edge: 0.243 Con: 0.067 Cls: 0.054 Recon: 0.0115 | 0.0s
  Epoch 177/400 | Total: 0.369 Edge: 0.237 Con: 0.065 Cls: 0.055 Recon: 0.0115 | 0.0s
  Epoch 178/400 | Total: 0.354 Edge: 0.231 Con: 0.067 Cls: 0.044 Recon: 0.0116 | 0.0s
  Epoch 179/400 | Total: 0.380 Edge: 0.240 Con: 0.067 Cls: 0.062 Recon: 0.0114 | 0.0s
  Epoch 180/400 | Total: 0.362 Edge: 0.235 Con: 0.066 Cls: 0.050 Recon: 0.0114 | Val F1: 0.8078 | 0.0s
  Epoch 181/400 | Total: 0.373 Edge: 0.231 Con: 0.066 Cls: 0.064 Recon: 0.0116 | 0.0s
  Epoch 182/400 | Total: 0.366 Edge: 0.235 Con: 0.065 Cls: 0.053 Recon: 0.0116 | 0.0s
  Epoch 183/400 | Total: 0.359 Edge: 0.240 Con: 0.066 Cls: 0.041 Recon: 0.0114 | 0.0s
  Epoch 184/400 | Total: 0.361 Edge: 0.241 Con: 0.066 Cls: 0.043 Recon: 0.0116 | 0.0s
  Epoch 185/400 | Total: 0.354 Edge: 0.233 Con: 0.067 Cls: 0.043 Recon: 0.0116 | Val F1: 0.8084 | 0.0s
  Epoch 186/400 | Total: 0.354 Edge: 0.234 Con: 0.066 Cls: 0.042 Recon: 0.0113 | 0.0s
  Epoch 187/400 | Total: 0.365 Edge: 0.237 Con: 0.067 Cls: 0.049 Recon: 0.0114 | 0.0s
  Epoch 188/400 | Total: 0.348 Edge: 0.228 Con: 0.066 Cls: 0.042 Recon: 0.0116 | 0.0s
  Epoch 189/400 | Total: 0.364 Edge: 0.235 Con: 0.066 Cls: 0.051 Recon: 0.0115 | 0.0s
  Epoch 190/400 | Total: 0.372 Edge: 0.237 Con: 0.065 Cls: 0.059 Recon: 0.0114 | Val F1: 0.8150 | 0.0s
  Epoch 191/400 | Total: 0.370 Edge: 0.235 Con: 0.066 Cls: 0.058 Recon: 0.0117 | 0.0s
  Epoch 192/400 | Total: 0.356 Edge: 0.233 Con: 0.065 Cls: 0.047 Recon: 0.0113 | 0.0s
  Epoch 193/400 | Total: 0.366 Edge: 0.238 Con: 0.065 Cls: 0.052 Recon: 0.0116 | 0.0s
  Epoch 194/400 | Total: 0.355 Edge: 0.227 Con: 0.065 Cls: 0.052 Recon: 0.0117 | 0.0s
  Epoch 195/400 | Total: 0.370 Edge: 0.235 Con: 0.066 Cls: 0.058 Recon: 0.0116 | Val F1: 0.8118 | 0.0s
  Epoch 196/400 | Total: 0.351 Edge: 0.232 Con: 0.064 Cls: 0.044 Recon: 0.0114 | 0.0s
  Epoch 197/400 | Total: 0.343 Edge: 0.233 Con: 0.065 Cls: 0.034 Recon: 0.0117 | 0.0s
  Epoch 198/400 | Total: 0.362 Edge: 0.234 Con: 0.065 Cls: 0.051 Recon: 0.0116 | 0.0s
  Epoch 199/400 | Total: 0.351 Edge: 0.233 Con: 0.064 Cls: 0.041 Recon: 0.0118 | 0.0s
  Epoch 200/400 | Total: 0.363 Edge: 0.232 Con: 0.065 Cls: 0.054 Recon: 0.0117 | Val F1: 0.8069 | 0.0s
  Epoch 201/400 | Total: 0.345 Edge: 0.225 Con: 0.065 Cls: 0.044 Recon: 0.0113 | 0.0s
  Epoch 202/400 | Total: 0.348 Edge: 0.230 Con: 0.065 Cls: 0.042 Recon: 0.0116 | 0.0s
  Epoch 203/400 | Total: 0.356 Edge: 0.226 Con: 0.065 Cls: 0.054 Recon: 0.0115 | 0.0s
  Epoch 204/400 | Total: 0.361 Edge: 0.233 Con: 0.065 Cls: 0.051 Recon: 0.0114 | 0.0s
  Epoch 205/400 | Total: 0.373 Edge: 0.227 Con: 0.065 Cls: 0.069 Recon: 0.0116 | Val F1: 0.8188 | 0.0s
  Epoch 206/400 | Total: 0.355 Edge: 0.227 Con: 0.064 Cls: 0.052 Recon: 0.0118 | 0.0s
  Epoch 207/400 | Total: 0.357 Edge: 0.225 Con: 0.064 Cls: 0.057 Recon: 0.0115 | 0.0s
  Epoch 208/400 | Total: 0.350 Edge: 0.228 Con: 0.064 Cls: 0.047 Recon: 0.0115 | 0.0s
  Epoch 209/400 | Total: 0.360 Edge: 0.233 Con: 0.066 Cls: 0.049 Recon: 0.0113 | 0.0s
  Epoch 210/400 | Total: 0.350 Edge: 0.228 Con: 0.064 Cls: 0.047 Recon: 0.0115 | Val F1: 0.8161 | 0.0s
  Epoch 211/400 | Total: 0.334 Edge: 0.228 Con: 0.064 Cls: 0.031 Recon: 0.0119 | 0.0s
  Epoch 212/400 | Total: 0.339 Edge: 0.222 Con: 0.065 Cls: 0.042 Recon: 0.0114 | 0.0s
  Epoch 213/400 | Total: 0.328 Edge: 0.224 Con: 0.064 Cls: 0.029 Recon: 0.0114 | 0.0s
  Epoch 214/400 | Total: 0.359 Edge: 0.230 Con: 0.064 Cls: 0.054 Recon: 0.0114 | 0.0s
  Epoch 215/400 | Total: 0.343 Edge: 0.221 Con: 0.064 Cls: 0.046 Recon: 0.0114 | Val F1: 0.8068 | 0.0s
  Epoch 216/400 | Total: 0.359 Edge: 0.229 Con: 0.065 Cls: 0.054 Recon: 0.0113 | 0.0s
  Epoch 217/400 | Total: 0.354 Edge: 0.226 Con: 0.064 Cls: 0.052 Recon: 0.0116 | 0.0s
  Epoch 218/400 | Total: 0.350 Edge: 0.225 Con: 0.064 Cls: 0.048 Recon: 0.0119 | 0.0s
  Epoch 219/400 | Total: 0.358 Edge: 0.224 Con: 0.065 Cls: 0.057 Recon: 0.0114 | 0.0s
  Epoch 220/400 | Total: 0.338 Edge: 0.222 Con: 0.064 Cls: 0.039 Recon: 0.0116 | Val F1: 0.8124 | 0.0s
  Epoch 221/400 | Total: 0.348 Edge: 0.232 Con: 0.065 Cls: 0.040 Recon: 0.0118 | 0.0s
  Epoch 222/400 | Total: 0.336 Edge: 0.222 Con: 0.064 Cls: 0.039 Recon: 0.0118 | 0.0s
  Epoch 223/400 | Total: 0.334 Edge: 0.231 Con: 0.065 Cls: 0.026 Recon: 0.0114 | 0.0s
  Epoch 224/400 | Total: 0.342 Edge: 0.226 Con: 0.064 Cls: 0.041 Recon: 0.0117 | 0.0s
  Epoch 225/400 | Total: 0.334 Edge: 0.216 Con: 0.065 Cls: 0.041 Recon: 0.0115 | Val F1: 0.8227 | 0.0s
  Epoch 226/400 | Total: 0.352 Edge: 0.223 Con: 0.064 Cls: 0.053 Recon: 0.0120 | 0.0s
  Epoch 227/400 | Total: 0.350 Edge: 0.222 Con: 0.063 Cls: 0.053 Recon: 0.0116 | 0.0s
  Epoch 228/400 | Total: 0.345 Edge: 0.221 Con: 0.064 Cls: 0.047 Recon: 0.0118 | 0.0s
  Epoch 229/400 | Total: 0.339 Edge: 0.221 Con: 0.063 Cls: 0.044 Recon: 0.0115 | 0.0s
  Epoch 230/400 | Total: 0.325 Edge: 0.215 Con: 0.065 Cls: 0.033 Recon: 0.0118 | Val F1: 0.8101 | 0.0s
  Epoch 231/400 | Total: 0.339 Edge: 0.223 Con: 0.064 Cls: 0.041 Recon: 0.0115 | 0.0s
  Epoch 232/400 | Total: 0.338 Edge: 0.217 Con: 0.063 Cls: 0.046 Recon: 0.0114 | 0.0s
  Epoch 233/400 | Total: 0.355 Edge: 0.213 Con: 0.063 Cls: 0.067 Recon: 0.0115 | 0.0s
  Epoch 234/400 | Total: 0.338 Edge: 0.221 Con: 0.064 Cls: 0.041 Recon: 0.0116 | 0.0s
  Epoch 235/400 | Total: 0.352 Edge: 0.225 Con: 0.064 Cls: 0.052 Recon: 0.0115 | Val F1: 0.8113 | 0.0s
  Epoch 236/400 | Total: 0.341 Edge: 0.216 Con: 0.063 Cls: 0.051 Recon: 0.0115 | 0.0s
  Epoch 237/400 | Total: 0.341 Edge: 0.215 Con: 0.063 Cls: 0.051 Recon: 0.0119 | 0.0s
  Epoch 238/400 | Total: 0.323 Edge: 0.214 Con: 0.063 Cls: 0.034 Recon: 0.0116 | 0.0s
  Epoch 239/400 | Total: 0.346 Edge: 0.224 Con: 0.064 Cls: 0.048 Recon: 0.0113 | 0.0s
  Epoch 240/400 | Total: 0.334 Edge: 0.222 Con: 0.063 Cls: 0.037 Recon: 0.0116 | Val F1: 0.8107 | 0.0s
  Epoch 241/400 | Total: 0.344 Edge: 0.222 Con: 0.063 Cls: 0.048 Recon: 0.0113 | 0.0s
  Epoch 242/400 | Total: 0.352 Edge: 0.220 Con: 0.063 Cls: 0.057 Recon: 0.0115 | 0.0s
  Epoch 243/400 | Total: 0.340 Edge: 0.212 Con: 0.063 Cls: 0.054 Recon: 0.0118 | 0.0s
  Epoch 244/400 | Total: 0.325 Edge: 0.219 Con: 0.063 Cls: 0.032 Recon: 0.0116 | 0.0s
  Epoch 245/400 | Total: 0.334 Edge: 0.214 Con: 0.063 Cls: 0.045 Recon: 0.0117 | Val F1: 0.8056 | 0.0s
  Epoch 246/400 | Total: 0.332 Edge: 0.215 Con: 0.063 Cls: 0.042 Recon: 0.0118 | 0.0s
  Epoch 247/400 | Total: 0.333 Edge: 0.212 Con: 0.063 Cls: 0.047 Recon: 0.0115 | 0.0s
  Epoch 248/400 | Total: 0.329 Edge: 0.215 Con: 0.063 Cls: 0.039 Recon: 0.0116 | 0.0s
  Epoch 249/400 | Total: 0.338 Edge: 0.216 Con: 0.063 Cls: 0.048 Recon: 0.0114 | 0.0s
  Epoch 250/400 | Total: 0.362 Edge: 0.218 Con: 0.062 Cls: 0.069 Recon: 0.0116 | Val F1: 0.8036 | 0.0s
  Epoch 251/400 | Total: 0.339 Edge: 0.216 Con: 0.063 Cls: 0.048 Recon: 0.0117 | 0.0s
  Epoch 252/400 | Total: 0.354 Edge: 0.221 Con: 0.063 Cls: 0.058 Recon: 0.0120 | 0.0s
  Epoch 253/400 | Total: 0.335 Edge: 0.216 Con: 0.063 Cls: 0.043 Recon: 0.0118 | 0.0s
  Epoch 254/400 | Total: 0.332 Edge: 0.218 Con: 0.063 Cls: 0.040 Recon: 0.0116 | 0.0s
  Epoch 255/400 | Total: 0.341 Edge: 0.213 Con: 0.062 Cls: 0.054 Recon: 0.0116 | Val F1: 0.8086 | 0.0s
  Epoch 256/400 | Total: 0.316 Edge: 0.215 Con: 0.062 Cls: 0.027 Recon: 0.0116 | 0.0s
  Epoch 257/400 | Total: 0.346 Edge: 0.214 Con: 0.063 Cls: 0.057 Recon: 0.0116 | 0.0s
  Epoch 258/400 | Total: 0.319 Edge: 0.213 Con: 0.062 Cls: 0.031 Recon: 0.0117 | 0.0s
  Epoch 259/400 | Total: 0.333 Edge: 0.219 Con: 0.063 Cls: 0.039 Recon: 0.0118 | 0.0s
  Epoch 260/400 | Total: 0.358 Edge: 0.225 Con: 0.062 Cls: 0.059 Recon: 0.0117 | Val F1: 0.8041 | 0.0s
  Epoch 261/400 | Total: 0.339 Edge: 0.216 Con: 0.062 Cls: 0.049 Recon: 0.0117 | 0.0s
  Epoch 262/400 | Total: 0.348 Edge: 0.213 Con: 0.062 Cls: 0.062 Recon: 0.0117 | 0.0s
  Epoch 263/400 | Total: 0.349 Edge: 0.213 Con: 0.062 Cls: 0.062 Recon: 0.0114 | 0.0s
  Epoch 264/400 | Total: 0.333 Edge: 0.213 Con: 0.062 Cls: 0.047 Recon: 0.0116 | 0.0s
  Epoch 265/400 | Total: 0.329 Edge: 0.207 Con: 0.062 Cls: 0.048 Recon: 0.0115 | Val F1: 0.8061 | 0.0s
  Epoch 266/400 | Total: 0.316 Edge: 0.207 Con: 0.062 Cls: 0.036 Recon: 0.0114 | 0.0s
  Epoch 267/400 | Total: 0.335 Edge: 0.213 Con: 0.062 Cls: 0.048 Recon: 0.0116 | 0.0s
  Epoch 268/400 | Total: 0.333 Edge: 0.214 Con: 0.061 Cls: 0.047 Recon: 0.0116 | 0.0s
  Epoch 269/400 | Total: 0.327 Edge: 0.211 Con: 0.062 Cls: 0.042 Recon: 0.0119 | 0.0s
  Epoch 270/400 | Total: 0.343 Edge: 0.212 Con: 0.062 Cls: 0.058 Recon: 0.0113 | Val F1: 0.8083 | 0.0s
  Epoch 271/400 | Total: 0.329 Edge: 0.210 Con: 0.062 Cls: 0.045 Recon: 0.0117 | 0.0s
  Epoch 272/400 | Total: 0.334 Edge: 0.216 Con: 0.062 Cls: 0.044 Recon: 0.0115 | 0.0s
  Epoch 273/400 | Total: 0.327 Edge: 0.211 Con: 0.062 Cls: 0.043 Recon: 0.0116 | 0.0s
  Epoch 274/400 | Total: 0.320 Edge: 0.212 Con: 0.062 Cls: 0.035 Recon: 0.0117 | 0.0s
  Epoch 275/400 | Total: 0.345 Edge: 0.211 Con: 0.062 Cls: 0.060 Recon: 0.0113 | Val F1: 0.8060 | 0.0s
  Epoch 276/400 | Total: 0.348 Edge: 0.212 Con: 0.062 Cls: 0.063 Recon: 0.0114 | 0.0s
  Epoch 277/400 | Total: 0.335 Edge: 0.210 Con: 0.062 Cls: 0.051 Recon: 0.0117 | 0.0s
  Epoch 278/400 | Total: 0.333 Edge: 0.214 Con: 0.062 Cls: 0.045 Recon: 0.0116 | 0.0s
  Epoch 279/400 | Total: 0.312 Edge: 0.213 Con: 0.061 Cls: 0.027 Recon: 0.0113 | 0.0s
  Epoch 280/400 | Total: 0.334 Edge: 0.211 Con: 0.062 Cls: 0.049 Recon: 0.0118 | Val F1: 0.8142 | 0.0s
  Epoch 281/400 | Total: 0.346 Edge: 0.212 Con: 0.062 Cls: 0.060 Recon: 0.0115 | 0.0s
  Epoch 282/400 | Total: 0.341 Edge: 0.207 Con: 0.061 Cls: 0.061 Recon: 0.0115 | 0.0s
  Epoch 283/400 | Total: 0.336 Edge: 0.215 Con: 0.062 Cls: 0.048 Recon: 0.0116 | 0.0s
  Epoch 284/400 | Total: 0.320 Edge: 0.203 Con: 0.061 Cls: 0.045 Recon: 0.0113 | 0.0s
  Epoch 285/400 | Total: 0.315 Edge: 0.203 Con: 0.061 Cls: 0.039 Recon: 0.0118 | Val F1: 0.8128 | 0.0s
  Epoch 286/400 | Total: 0.318 Edge: 0.209 Con: 0.061 Cls: 0.036 Recon: 0.0118 | 0.0s
  Epoch 287/400 | Total: 0.327 Edge: 0.214 Con: 0.061 Cls: 0.041 Recon: 0.0113 | 0.0s
  Epoch 288/400 | Total: 0.330 Edge: 0.215 Con: 0.061 Cls: 0.043 Recon: 0.0115 | 0.0s
  Epoch 289/400 | Total: 0.329 Edge: 0.206 Con: 0.061 Cls: 0.050 Recon: 0.0114 | 0.0s
  Epoch 290/400 | Total: 0.317 Edge: 0.214 Con: 0.061 Cls: 0.031 Recon: 0.0113 | Val F1: 0.8031 | 0.0s
  Epoch 291/400 | Total: 0.329 Edge: 0.217 Con: 0.062 Cls: 0.039 Recon: 0.0115 | 0.0s
  Epoch 292/400 | Total: 0.344 Edge: 0.214 Con: 0.061 Cls: 0.056 Recon: 0.0117 | 0.0s
  Epoch 293/400 | Total: 0.310 Edge: 0.207 Con: 0.061 Cls: 0.031 Recon: 0.0114 | 0.0s
  Epoch 294/400 | Total: 0.327 Edge: 0.209 Con: 0.060 Cls: 0.047 Recon: 0.0113 | 0.0s
  Epoch 295/400 | Total: 0.322 Edge: 0.205 Con: 0.061 Cls: 0.044 Recon: 0.0115 | Val F1: 0.8131 | 0.0s
  Epoch 296/400 | Total: 0.322 Edge: 0.209 Con: 0.061 Cls: 0.041 Recon: 0.0116 | 0.0s
  Epoch 297/400 | Total: 0.322 Edge: 0.212 Con: 0.060 Cls: 0.039 Recon: 0.0114 | 0.0s
  Epoch 298/400 | Total: 0.331 Edge: 0.200 Con: 0.060 Cls: 0.059 Recon: 0.0115 | 0.0s
  Epoch 299/400 | Total: 0.317 Edge: 0.207 Con: 0.061 Cls: 0.038 Recon: 0.0118 | 0.0s
  Epoch 300/400 | Total: 0.336 Edge: 0.206 Con: 0.061 Cls: 0.058 Recon: 0.0114 | Val F1: 0.8141 | 0.0s
  Epoch 301/400 | Total: 0.316 Edge: 0.209 Con: 0.061 Cls: 0.034 Recon: 0.0117 | 0.0s
  Epoch 302/400 | Total: 0.321 Edge: 0.202 Con: 0.060 Cls: 0.048 Recon: 0.0116 | 0.0s
  Epoch 303/400 | Total: 0.341 Edge: 0.206 Con: 0.061 Cls: 0.062 Recon: 0.0117 | 0.0s
  Epoch 304/400 | Total: 0.323 Edge: 0.199 Con: 0.060 Cls: 0.052 Recon: 0.0115 | 0.0s
  Epoch 305/400 | Total: 0.324 Edge: 0.199 Con: 0.061 Cls: 0.053 Recon: 0.0114 | Val F1: 0.8068 | 0.0s
  Epoch 306/400 | Total: 0.324 Edge: 0.209 Con: 0.061 Cls: 0.042 Recon: 0.0114 | 0.0s
  Epoch 307/400 | Total: 0.323 Edge: 0.201 Con: 0.060 Cls: 0.050 Recon: 0.0119 | 0.0s
  Epoch 308/400 | Total: 0.316 Edge: 0.197 Con: 0.060 Cls: 0.048 Recon: 0.0115 | 0.0s
  Epoch 309/400 | Total: 0.318 Edge: 0.203 Con: 0.060 Cls: 0.043 Recon: 0.0116 | 0.0s
  Epoch 310/400 | Total: 0.328 Edge: 0.203 Con: 0.060 Cls: 0.054 Recon: 0.0116 | Val F1: 0.8050 | 0.0s
  Epoch 311/400 | Total: 0.324 Edge: 0.207 Con: 0.061 Cls: 0.044 Recon: 0.0117 | 0.0s
  Epoch 312/400 | Total: 0.323 Edge: 0.201 Con: 0.061 Cls: 0.048 Recon: 0.0117 | 0.0s
  Epoch 313/400 | Total: 0.320 Edge: 0.203 Con: 0.061 Cls: 0.045 Recon: 0.0114 | 0.0s
  Epoch 314/400 | Total: 0.320 Edge: 0.206 Con: 0.060 Cls: 0.042 Recon: 0.0116 | 0.0s
  Epoch 315/400 | Total: 0.315 Edge: 0.199 Con: 0.060 Cls: 0.044 Recon: 0.0116 | Val F1: 0.8117 | 0.0s
  Epoch 316/400 | Total: 0.304 Edge: 0.203 Con: 0.061 Cls: 0.029 Recon: 0.0113 | 0.0s
  Epoch 317/400 | Total: 0.313 Edge: 0.203 Con: 0.060 Cls: 0.038 Recon: 0.0116 | 0.0s
  Epoch 318/400 | Total: 0.318 Edge: 0.198 Con: 0.060 Cls: 0.048 Recon: 0.0115 | 0.0s
  Epoch 319/400 | Total: 0.328 Edge: 0.200 Con: 0.060 Cls: 0.056 Recon: 0.0120 | 0.0s
  Epoch 320/400 | Total: 0.310 Edge: 0.202 Con: 0.060 Cls: 0.037 Recon: 0.0115 | Val F1: 0.8078 | 0.0s
  Epoch 321/400 | Total: 0.315 Edge: 0.197 Con: 0.060 Cls: 0.046 Recon: 0.0116 | 0.0s
  Epoch 322/400 | Total: 0.320 Edge: 0.200 Con: 0.060 Cls: 0.049 Recon: 0.0115 | 0.0s
  Epoch 323/400 | Total: 0.323 Edge: 0.197 Con: 0.060 Cls: 0.055 Recon: 0.0116 | 0.0s
  Epoch 324/400 | Total: 0.317 Edge: 0.208 Con: 0.061 Cls: 0.037 Recon: 0.0116 | 0.0s
  Epoch 325/400 | Total: 0.310 Edge: 0.196 Con: 0.060 Cls: 0.043 Recon: 0.0115 | Val F1: 0.8081 | 0.0s
  Early stopping at epoch 325
  Best Val F1: 0.8227 | Test F1: 0.7883
  Total training time: 7.0s (0.1 min)

======================================================================
  Val  Macro-F1: 0.8227
  Test Macro-F1: 0.7883
  Test Accuracy: 0.8052
  Time: 7.1s
======================================================================

  Results saved to: results/NESS_cora_MCAR_0.8_20260721_161838
