/home/erfan/MATE/ogbn_benchmarks/../src/utils.py:183: UserWarning: torch.sparse.SparseTensor(indices, values, shape, *, device=) is deprecated.  Please use torch.sparse_coo_tensor(indices, values, shape, dtype=, device=). (Triggered internally at /pytorch/torch/csrc/utils/tensor_new.cpp:654.)
  adj_norm = torch.sparse.FloatTensor(indices_norm, values_norm, torch.Size(adj_norm.shape))
/home/erfan/MATE/ogbn_benchmarks/FP.py:56: UserWarning: Sparse invariant checks are implicitly disabled. Memory errors (e.g. SEGFAULT) will occur when operating on a sparse tensor which violates the invariants, but checks incur performance overhead. To silence this warning, explicitly opt in or out. See `torch.sparse.check_sparse_tensor_invariants.__doc__` for guidance.  (Triggered internally at /pytorch/aten/src/ATen/Context.cpp:760.)
  A = torch.sparse_coo_tensor(idx, val, (num_nodes, num_nodes)).coalesce().to(device)
======================================================================
  FP | cora | MCAR @ 40%
======================================================================
[1/3] Loading cora...
loading dataset: cora
  2,708 nodes | 1433 dims | 7 classes
[2/3] Simulating MCAR missingness...
Simulating MCAR missingness at 40% rate...
  MCAR: Uniform random selection
  Observable: 1,625 (60.0%)
  Masked: 1,083 (40.0%)
  Observable: 1,625 | Val: 541 | Test: 542
[3/3] Running FP...
  Feature propagation (40 iterations)...
    Propagation done in 0.1s
  Training FP (full-batch) for up to 400 epochs (patience=20)...
  Epoch 5/400 | Loss: 1.7170 | Val F1: 0.1668 | 0.00s
  Epoch 10/400 | Loss: 1.2167 | Val F1: 0.6010 | 0.00s
  Epoch 15/400 | Loss: 0.5754 | Val F1: 0.8287 | 0.00s
  Epoch 20/400 | Loss: 0.3538 | Val F1: 0.8431 | 0.00s
  Epoch 25/400 | Loss: 0.2606 | Val F1: 0.8339 | 0.00s
  Epoch 30/400 | Loss: 0.1792 | Val F1: 0.8335 | 0.00s
  Epoch 35/400 | Loss: 0.1604 | Val F1: 0.8384 | 0.00s
  Epoch 40/400 | Loss: 0.1360 | Val F1: 0.8375 | 0.00s
  Epoch 45/400 | Loss: 0.1124 | Val F1: 0.8361 | 0.00s
  Epoch 50/400 | Loss: 0.0996 | Val F1: 0.8499 | 0.00s
  Epoch 55/400 | Loss: 0.0862 | Val F1: 0.8428 | 0.00s
  Epoch 60/400 | Loss: 0.0770 | Val F1: 0.8443 | 0.00s
  Epoch 65/400 | Loss: 0.0851 | Val F1: 0.8394 | 0.00s
  Epoch 70/400 | Loss: 0.0585 | Val F1: 0.8491 | 0.00s
  Epoch 75/400 | Loss: 0.0712 | Val F1: 0.8371 | 0.00s
  Epoch 80/400 | Loss: 0.0872 | Val F1: 0.8552 | 0.00s
  Epoch 85/400 | Loss: 0.0889 | Val F1: 0.8440 | 0.00s
  Epoch 90/400 | Loss: 0.0649 | Val F1: 0.8370 | 0.00s
  Epoch 95/400 | Loss: 0.0629 | Val F1: 0.8563 | 0.00s
  Epoch 100/400 | Loss: 0.0738 | Val F1: 0.8421 | 0.00s
  Epoch 105/400 | Loss: 0.0697 | Val F1: 0.8507 | 0.00s
  Epoch 110/400 | Loss: 0.0818 | Val F1: 0.8492 | 0.00s
  Epoch 115/400 | Loss: 0.0775 | Val F1: 0.8477 | 0.00s
  Epoch 120/400 | Loss: 0.0596 | Val F1: 0.8450 | 0.00s
  Epoch 125/400 | Loss: 0.0755 | Val F1: 0.8372 | 0.00s
  Epoch 130/400 | Loss: 0.0656 | Val F1: 0.8470 | 0.00s
  Epoch 135/400 | Loss: 0.0579 | Val F1: 0.8470 | 0.00s
  Epoch 140/400 | Loss: 0.0584 | Val F1: 0.8472 | 0.00s
  Epoch 145/400 | Loss: 0.0541 | Val F1: 0.8420 | 0.00s
  Epoch 150/400 | Loss: 0.0750 | Val F1: 0.8587 | 0.00s
  Epoch 155/400 | Loss: 0.0602 | Val F1: 0.8465 | 0.00s
  Epoch 160/400 | Loss: 0.0607 | Val F1: 0.8538 | 0.00s
  Epoch 165/400 | Loss: 0.0593 | Val F1: 0.8493 | 0.00s
  Epoch 170/400 | Loss: 0.0754 | Val F1: 0.8368 | 0.00s
  Epoch 175/400 | Loss: 0.0594 | Val F1: 0.8396 | 0.00s
  Epoch 180/400 | Loss: 0.0489 | Val F1: 0.8561 | 0.00s
  Epoch 185/400 | Loss: 0.0642 | Val F1: 0.8481 | 0.00s
  Epoch 190/400 | Loss: 0.0710 | Val F1: 0.8553 | 0.00s
  Epoch 195/400 | Loss: 0.0761 | Val F1: 0.8582 | 0.00s
  Epoch 200/400 | Loss: 0.0688 | Val F1: 0.8470 | 0.00s
  Epoch 205/400 | Loss: 0.0701 | Val F1: 0.8495 | 0.00s
  Epoch 210/400 | Loss: 0.0734 | Val F1: 0.8407 | 0.00s
  Epoch 215/400 | Loss: 0.0439 | Val F1: 0.8453 | 0.00s
  Epoch 220/400 | Loss: 0.0487 | Val F1: 0.8466 | 0.00s
  Epoch 225/400 | Loss: 0.0629 | Val F1: 0.8452 | 0.00s
  Epoch 230/400 | Loss: 0.0516 | Val F1: 0.8452 | 0.00s
  Epoch 235/400 | Loss: 0.0596 | Val F1: 0.8572 | 0.00s
  Epoch 240/400 | Loss: 0.0802 | Val F1: 0.8507 | 0.00s
  Epoch 245/400 | Loss: 0.0714 | Val F1: 0.8548 | 0.00s
  Epoch 250/400 | Loss: 0.0537 | Val F1: 0.8493 | 0.00s
  Early stopping at epoch 250
  Best Val F1: 0.8587 | Test F1: 0.8533 | Test Acc: 0.8561
  Total training time: 0.7s

======================================================================
  Val  Macro-F1: 0.8587
  Test Macro-F1: 0.8533
  Test Accuracy: 0.8561
  Time: 0.8s
======================================================================

  Results saved to: results/FP_cora_MCAR_0.4_20260721_161757
