/home/erfan/MATE/ogbn_benchmarks/../src/utils.py:183: UserWarning: torch.sparse.SparseTensor(indices, values, shape, *, device=) is deprecated.  Please use torch.sparse_coo_tensor(indices, values, shape, dtype=, device=). (Triggered internally at /pytorch/torch/csrc/utils/tensor_new.cpp:654.)
  adj_norm = torch.sparse.FloatTensor(indices_norm, values_norm, torch.Size(adj_norm.shape))
/home/erfan/MATE/ogbn_benchmarks/FP.py:56: UserWarning: Sparse invariant checks are implicitly disabled. Memory errors (e.g. SEGFAULT) will occur when operating on a sparse tensor which violates the invariants, but checks incur performance overhead. To silence this warning, explicitly opt in or out. See `torch.sparse.check_sparse_tensor_invariants.__doc__` for guidance.  (Triggered internally at /pytorch/aten/src/ATen/Context.cpp:760.)
  A = torch.sparse_coo_tensor(idx, val, (num_nodes, num_nodes)).coalesce().to(device)
======================================================================
  NESS | cora | MCAR @ 40%
======================================================================
[1/3] Loading cora...
loading dataset: cora
  2,708 nodes | 1433 dims | 7 classes
[2/3] Simulating MCAR missingness...
Simulating MCAR missingness at 40% rate...
  MCAR: Uniform random selection
  Observable: 1,625 (60.0%)
  Masked: 1,083 (40.0%)
  Observable: 1,625 | Val: 541 | Test: 542
[3/3] Running NESS...
  Prefilling missing nodes via Feature Propagation (40 iters)...
  Computing SSL targets (neighborhood stats + centroid, 2-hop)...
✓ Using FAST vectorized SSL computation (torch_scatter available)
  Computing 2-hop neighborhood targets (FAST vectorized)...
    ✓ k-hop targets computed (39 nodes had no observable within 2 hops)
  Small graph: full-batch (single cluster)
  Training NESS for up to 400 epochs (patience=20)...
  Epoch 1/400 | Total: 3.151 Edge: 0.694 Con: 0.508 Cls: 1.936 Recon: 0.0131 | 0.4s
  Epoch 2/400 | Total: 3.108 Edge: 0.693 Con: 0.475 Cls: 1.926 Recon: 0.0131 | 0.0s
  Epoch 3/400 | Total: 3.080 Edge: 0.693 Con: 0.460 Cls: 1.914 Recon: 0.0131 | 0.0s
  Epoch 4/400 | Total: 3.042 Edge: 0.693 Con: 0.435 Cls: 1.902 Recon: 0.0129 | 0.0s
  Epoch 5/400 | Total: 3.008 Edge: 0.692 Con: 0.415 Cls: 1.889 Recon: 0.0129 | Val F1: 0.0843 | 0.0s
  Epoch 6/400 | Total: 2.957 Edge: 0.691 Con: 0.380 Cls: 1.872 Recon: 0.0130 | 0.0s
  Epoch 7/400 | Total: 2.910 Edge: 0.690 Con: 0.354 Cls: 1.853 Recon: 0.0128 | 0.0s
  Epoch 8/400 | Total: 2.876 Edge: 0.689 Con: 0.340 Cls: 1.834 Recon: 0.0128 | 0.0s
  Epoch 9/400 | Total: 2.818 Edge: 0.687 Con: 0.311 Cls: 1.806 Recon: 0.0127 | 0.0s
  Epoch 10/400 | Total: 2.775 Edge: 0.686 Con: 0.295 Cls: 1.781 Recon: 0.0128 | Val F1: 0.1818 | 0.0s
  Epoch 11/400 | Total: 2.716 Edge: 0.683 Con: 0.274 Cls: 1.746 Recon: 0.0128 | 0.0s
  Epoch 12/400 | Total: 2.659 Edge: 0.680 Con: 0.256 Cls: 1.710 Recon: 0.0126 | 0.0s
  Epoch 13/400 | Total: 2.593 Edge: 0.677 Con: 0.233 Cls: 1.670 Recon: 0.0125 | 0.0s
  Epoch 14/400 | Total: 2.530 Edge: 0.674 Con: 0.218 Cls: 1.626 Recon: 0.0126 | 0.0s
  Epoch 15/400 | Total: 2.462 Edge: 0.669 Con: 0.205 Cls: 1.575 Recon: 0.0126 | Val F1: 0.3095 | 0.0s
  Epoch 16/400 | Total: 2.414 Edge: 0.665 Con: 0.200 Cls: 1.536 Recon: 0.0125 | 0.0s
  Epoch 17/400 | Total: 2.323 Edge: 0.658 Con: 0.182 Cls: 1.470 Recon: 0.0125 | 0.0s
  Epoch 18/400 | Total: 2.264 Edge: 0.653 Con: 0.176 Cls: 1.422 Recon: 0.0125 | 0.0s
  Epoch 19/400 | Total: 2.204 Edge: 0.645 Con: 0.174 Cls: 1.372 Recon: 0.0124 | 0.0s
  Epoch 20/400 | Total: 2.116 Edge: 0.638 Con: 0.166 Cls: 1.299 Recon: 0.0127 | Val F1: 0.4801 | 0.0s
  Epoch 21/400 | Total: 2.058 Edge: 0.631 Con: 0.164 Cls: 1.251 Recon: 0.0124 | 0.0s
  Epoch 22/400 | Total: 1.984 Edge: 0.625 Con: 0.159 Cls: 1.188 Recon: 0.0125 | 0.0s
  Epoch 23/400 | Total: 1.916 Edge: 0.615 Con: 0.158 Cls: 1.131 Recon: 0.0125 | 0.0s
  Epoch 24/400 | Total: 1.852 Edge: 0.607 Con: 0.155 Cls: 1.077 Recon: 0.0124 | 0.0s
  Epoch 25/400 | Total: 1.789 Edge: 0.600 Con: 0.149 Cls: 1.027 Recon: 0.0123 | Val F1: 0.6026 | 0.0s
  Epoch 26/400 | Total: 1.736 Edge: 0.595 Con: 0.151 Cls: 0.978 Recon: 0.0121 | 0.0s
  Epoch 27/400 | Total: 1.677 Edge: 0.587 Con: 0.148 Cls: 0.929 Recon: 0.0124 | 0.0s
  Epoch 28/400 | Total: 1.622 Edge: 0.586 Con: 0.148 Cls: 0.876 Recon: 0.0122 | 0.0s
  Epoch 29/400 | Total: 1.551 Edge: 0.580 Con: 0.141 Cls: 0.817 Recon: 0.0122 | 0.0s
  Epoch 30/400 | Total: 1.500 Edge: 0.578 Con: 0.141 Cls: 0.769 Recon: 0.0122 | Val F1: 0.7144 | 0.0s
  Epoch 31/400 | Total: 1.467 Edge: 0.574 Con: 0.138 Cls: 0.743 Recon: 0.0121 | 0.0s
  Epoch 32/400 | Total: 1.416 Edge: 0.569 Con: 0.132 Cls: 0.703 Recon: 0.0121 | 0.0s
  Epoch 33/400 | Total: 1.370 Edge: 0.558 Con: 0.132 Cls: 0.668 Recon: 0.0122 | 0.0s
  Epoch 34/400 | Total: 1.331 Edge: 0.553 Con: 0.129 Cls: 0.637 Recon: 0.0120 | 0.0s
  Epoch 35/400 | Total: 1.276 Edge: 0.546 Con: 0.128 Cls: 0.589 Recon: 0.0121 | Val F1: 0.8085 | 0.0s
  Epoch 36/400 | Total: 1.234 Edge: 0.538 Con: 0.126 Cls: 0.557 Recon: 0.0121 | 0.0s
  Epoch 37/400 | Total: 1.195 Edge: 0.532 Con: 0.123 Cls: 0.527 Recon: 0.0122 | 0.0s
  Epoch 38/400 | Total: 1.179 Edge: 0.522 Con: 0.122 Cls: 0.523 Recon: 0.0121 | 0.0s
  Epoch 39/400 | Total: 1.138 Edge: 0.518 Con: 0.122 Cls: 0.486 Recon: 0.0121 | 0.0s
  Epoch 40/400 | Total: 1.111 Edge: 0.506 Con: 0.119 Cls: 0.473 Recon: 0.0121 | Val F1: 0.8355 | 0.0s
  Epoch 41/400 | Total: 1.087 Edge: 0.509 Con: 0.119 Cls: 0.447 Recon: 0.0120 | 0.0s
  Epoch 42/400 | Total: 1.062 Edge: 0.497 Con: 0.116 Cls: 0.436 Recon: 0.0119 | 0.0s
  Epoch 43/400 | Total: 1.012 Edge: 0.494 Con: 0.115 Cls: 0.391 Recon: 0.0120 | 0.0s
  Epoch 44/400 | Total: 0.977 Edge: 0.483 Con: 0.115 Cls: 0.367 Recon: 0.0119 | 0.0s
  Epoch 45/400 | Total: 0.973 Edge: 0.482 Con: 0.114 Cls: 0.365 Recon: 0.0119 | Val F1: 0.8474 | 0.0s
  Epoch 46/400 | Total: 0.946 Edge: 0.470 Con: 0.112 Cls: 0.351 Recon: 0.0119 | 0.0s
  Epoch 47/400 | Total: 0.935 Edge: 0.468 Con: 0.112 Cls: 0.343 Recon: 0.0120 | 0.0s
  Epoch 48/400 | Total: 0.923 Edge: 0.460 Con: 0.110 Cls: 0.341 Recon: 0.0121 | 0.0s
  Epoch 49/400 | Total: 0.888 Edge: 0.455 Con: 0.111 Cls: 0.310 Recon: 0.0121 | 0.0s
  Epoch 50/400 | Total: 0.887 Edge: 0.456 Con: 0.110 Cls: 0.309 Recon: 0.0118 | Val F1: 0.8554 | 0.0s
  Epoch 51/400 | Total: 0.846 Edge: 0.443 Con: 0.109 Cls: 0.282 Recon: 0.0119 | 0.0s
  Epoch 52/400 | Total: 0.841 Edge: 0.437 Con: 0.111 Cls: 0.282 Recon: 0.0120 | 0.0s
  Epoch 53/400 | Total: 0.843 Edge: 0.438 Con: 0.110 Cls: 0.284 Recon: 0.0120 | 0.0s
  Epoch 54/400 | Total: 0.829 Edge: 0.430 Con: 0.109 Cls: 0.278 Recon: 0.0119 | 0.0s
  Epoch 55/400 | Total: 0.817 Edge: 0.425 Con: 0.108 Cls: 0.273 Recon: 0.0119 | Val F1: 0.8488 | 0.0s
  Epoch 56/400 | Total: 0.813 Edge: 0.415 Con: 0.107 Cls: 0.279 Recon: 0.0120 | 0.0s
  Epoch 57/400 | Total: 0.782 Edge: 0.416 Con: 0.109 Cls: 0.245 Recon: 0.0121 | 0.0s
  Epoch 58/400 | Total: 0.788 Edge: 0.416 Con: 0.106 Cls: 0.255 Recon: 0.0119 | 0.0s
  Epoch 59/400 | Total: 0.790 Edge: 0.413 Con: 0.107 Cls: 0.258 Recon: 0.0119 | 0.0s
  Epoch 60/400 | Total: 0.775 Edge: 0.408 Con: 0.106 Cls: 0.249 Recon: 0.0121 | Val F1: 0.8511 | 0.0s
  Epoch 61/400 | Total: 0.782 Edge: 0.410 Con: 0.106 Cls: 0.255 Recon: 0.0117 | 0.0s
  Epoch 62/400 | Total: 0.744 Edge: 0.405 Con: 0.107 Cls: 0.220 Recon: 0.0120 | 0.0s
  Epoch 63/400 | Total: 0.758 Edge: 0.403 Con: 0.105 Cls: 0.238 Recon: 0.0120 | 0.0s
  Epoch 64/400 | Total: 0.731 Edge: 0.395 Con: 0.107 Cls: 0.217 Recon: 0.0120 | 0.0s
  Epoch 65/400 | Total: 0.732 Edge: 0.402 Con: 0.103 Cls: 0.215 Recon: 0.0120 | Val F1: 0.8488 | 0.0s
  Epoch 66/400 | Total: 0.712 Edge: 0.392 Con: 0.105 Cls: 0.203 Recon: 0.0121 | 0.0s
  Epoch 67/400 | Total: 0.731 Edge: 0.393 Con: 0.106 Cls: 0.220 Recon: 0.0118 | 0.0s
  Epoch 68/400 | Total: 0.717 Edge: 0.385 Con: 0.103 Cls: 0.217 Recon: 0.0120 | 0.0s
  Epoch 69/400 | Total: 0.707 Edge: 0.382 Con: 0.104 Cls: 0.209 Recon: 0.0120 | 0.0s
  Epoch 70/400 | Total: 0.698 Edge: 0.384 Con: 0.102 Cls: 0.201 Recon: 0.0119 | Val F1: 0.8458 | 0.0s
  Epoch 71/400 | Total: 0.695 Edge: 0.375 Con: 0.104 Cls: 0.205 Recon: 0.0119 | 0.0s
  Epoch 72/400 | Total: 0.708 Edge: 0.377 Con: 0.105 Cls: 0.214 Recon: 0.0119 | 0.0s
  Epoch 73/400 | Total: 0.688 Edge: 0.379 Con: 0.103 Cls: 0.195 Recon: 0.0119 | 0.0s
  Epoch 74/400 | Total: 0.700 Edge: 0.371 Con: 0.103 Cls: 0.213 Recon: 0.0119 | 0.0s
  Epoch 75/400 | Total: 0.658 Edge: 0.381 Con: 0.102 Cls: 0.163 Recon: 0.0120 | Val F1: 0.8537 | 0.0s
  Epoch 76/400 | Total: 0.672 Edge: 0.375 Con: 0.102 Cls: 0.183 Recon: 0.0119 | 0.0s
  Epoch 77/400 | Total: 0.664 Edge: 0.368 Con: 0.100 Cls: 0.183 Recon: 0.0118 | 0.0s
  Epoch 78/400 | Total: 0.669 Edge: 0.366 Con: 0.103 Cls: 0.188 Recon: 0.0119 | 0.0s
  Epoch 79/400 | Total: 0.634 Edge: 0.363 Con: 0.100 Cls: 0.159 Recon: 0.0118 | 0.0s
  Epoch 80/400 | Total: 0.664 Edge: 0.368 Con: 0.101 Cls: 0.184 Recon: 0.0120 | Val F1: 0.8491 | 0.0s
  Epoch 81/400 | Total: 0.638 Edge: 0.365 Con: 0.102 Cls: 0.160 Recon: 0.0119 | 0.0s
  Epoch 82/400 | Total: 0.658 Edge: 0.366 Con: 0.100 Cls: 0.180 Recon: 0.0119 | 0.0s
  Epoch 83/400 | Total: 0.632 Edge: 0.357 Con: 0.098 Cls: 0.164 Recon: 0.0118 | 0.0s
  Epoch 84/400 | Total: 0.649 Edge: 0.366 Con: 0.099 Cls: 0.171 Recon: 0.0121 | 0.0s
  Epoch 85/400 | Total: 0.632 Edge: 0.366 Con: 0.101 Cls: 0.153 Recon: 0.0122 | Val F1: 0.8500 | 0.0s
  Epoch 86/400 | Total: 0.668 Edge: 0.360 Con: 0.101 Cls: 0.196 Recon: 0.0119 | 0.0s
  Epoch 87/400 | Total: 0.641 Edge: 0.359 Con: 0.100 Cls: 0.171 Recon: 0.0120 | 0.0s
  Epoch 88/400 | Total: 0.621 Edge: 0.356 Con: 0.101 Cls: 0.152 Recon: 0.0119 | 0.0s
  Epoch 89/400 | Total: 0.634 Edge: 0.353 Con: 0.100 Cls: 0.170 Recon: 0.0119 | 0.0s
  Epoch 90/400 | Total: 0.638 Edge: 0.355 Con: 0.100 Cls: 0.171 Recon: 0.0120 | Val F1: 0.8548 | 0.0s
  Epoch 91/400 | Total: 0.632 Edge: 0.350 Con: 0.100 Cls: 0.171 Recon: 0.0118 | 0.0s
  Epoch 92/400 | Total: 0.644 Edge: 0.346 Con: 0.099 Cls: 0.187 Recon: 0.0120 | 0.0s
  Epoch 93/400 | Total: 0.633 Edge: 0.353 Con: 0.100 Cls: 0.168 Recon: 0.0120 | 0.0s
  Epoch 94/400 | Total: 0.615 Edge: 0.354 Con: 0.099 Cls: 0.151 Recon: 0.0117 | 0.0s
  Epoch 95/400 | Total: 0.599 Edge: 0.339 Con: 0.100 Cls: 0.148 Recon: 0.0118 | Val F1: 0.8576 | 0.0s
  Epoch 96/400 | Total: 0.619 Edge: 0.349 Con: 0.101 Cls: 0.157 Recon: 0.0119 | 0.0s
  Epoch 97/400 | Total: 0.625 Edge: 0.348 Con: 0.100 Cls: 0.165 Recon: 0.0118 | 0.0s
  Epoch 98/400 | Total: 0.642 Edge: 0.355 Con: 0.099 Cls: 0.177 Recon: 0.0119 | 0.0s
  Epoch 99/400 | Total: 0.607 Edge: 0.339 Con: 0.099 Cls: 0.157 Recon: 0.0119 | 0.0s
  Epoch 100/400 | Total: 0.601 Edge: 0.337 Con: 0.099 Cls: 0.153 Recon: 0.0121 | Val F1: 0.8501 | 0.0s
  Epoch 101/400 | Total: 0.586 Edge: 0.332 Con: 0.094 Cls: 0.148 Recon: 0.0119 | 0.0s
  Epoch 102/400 | Total: 0.613 Edge: 0.344 Con: 0.098 Cls: 0.160 Recon: 0.0119 | 0.0s
  Epoch 103/400 | Total: 0.596 Edge: 0.339 Con: 0.098 Cls: 0.148 Recon: 0.0118 | 0.0s
  Epoch 104/400 | Total: 0.597 Edge: 0.337 Con: 0.096 Cls: 0.152 Recon: 0.0118 | 0.0s
  Epoch 105/400 | Total: 0.595 Edge: 0.338 Con: 0.096 Cls: 0.149 Recon: 0.0121 | Val F1: 0.8553 | 0.0s
  Epoch 106/400 | Total: 0.599 Edge: 0.337 Con: 0.096 Cls: 0.155 Recon: 0.0118 | 0.0s
  Epoch 107/400 | Total: 0.598 Edge: 0.336 Con: 0.097 Cls: 0.153 Recon: 0.0119 | 0.0s
  Epoch 108/400 | Total: 0.594 Edge: 0.336 Con: 0.097 Cls: 0.150 Recon: 0.0119 | 0.0s
  Epoch 109/400 | Total: 0.602 Edge: 0.333 Con: 0.097 Cls: 0.160 Recon: 0.0120 | 0.0s
  Epoch 110/400 | Total: 0.582 Edge: 0.329 Con: 0.098 Cls: 0.143 Recon: 0.0120 | Val F1: 0.8511 | 0.0s
  Epoch 111/400 | Total: 0.587 Edge: 0.323 Con: 0.098 Cls: 0.154 Recon: 0.0119 | 0.0s
  Epoch 112/400 | Total: 0.576 Edge: 0.325 Con: 0.097 Cls: 0.142 Recon: 0.0118 | 0.0s
  Epoch 113/400 | Total: 0.585 Edge: 0.321 Con: 0.094 Cls: 0.158 Recon: 0.0119 | 0.0s
  Epoch 114/400 | Total: 0.595 Edge: 0.322 Con: 0.093 Cls: 0.168 Recon: 0.0120 | 0.0s
  Epoch 115/400 | Total: 0.583 Edge: 0.327 Con: 0.096 Cls: 0.148 Recon: 0.0119 | Val F1: 0.8492 | 0.0s
  Epoch 116/400 | Total: 0.595 Edge: 0.330 Con: 0.095 Cls: 0.157 Recon: 0.0120 | 0.0s
  Epoch 117/400 | Total: 0.574 Edge: 0.322 Con: 0.097 Cls: 0.144 Recon: 0.0117 | 0.0s
  Epoch 118/400 | Total: 0.577 Edge: 0.324 Con: 0.094 Cls: 0.147 Recon: 0.0119 | 0.0s
  Epoch 119/400 | Total: 0.576 Edge: 0.319 Con: 0.094 Cls: 0.152 Recon: 0.0118 | 0.0s
  Epoch 120/400 | Total: 0.560 Edge: 0.319 Con: 0.097 Cls: 0.132 Recon: 0.0121 | Val F1: 0.8552 | 0.0s
  Epoch 121/400 | Total: 0.554 Edge: 0.320 Con: 0.095 Cls: 0.126 Recon: 0.0118 | 0.0s
  Epoch 122/400 | Total: 0.579 Edge: 0.314 Con: 0.094 Cls: 0.159 Recon: 0.0120 | 0.0s
  Epoch 123/400 | Total: 0.563 Edge: 0.319 Con: 0.094 Cls: 0.138 Recon: 0.0119 | 0.0s
  Epoch 124/400 | Total: 0.574 Edge: 0.315 Con: 0.096 Cls: 0.151 Recon: 0.0119 | 0.0s
  Epoch 125/400 | Total: 0.547 Edge: 0.313 Con: 0.094 Cls: 0.129 Recon: 0.0119 | Val F1: 0.8479 | 0.0s
  Epoch 126/400 | Total: 0.568 Edge: 0.315 Con: 0.093 Cls: 0.148 Recon: 0.0119 | 0.0s
  Epoch 127/400 | Total: 0.564 Edge: 0.317 Con: 0.094 Cls: 0.142 Recon: 0.0119 | 0.0s
  Epoch 128/400 | Total: 0.565 Edge: 0.315 Con: 0.092 Cls: 0.146 Recon: 0.0119 | 0.0s
  Epoch 129/400 | Total: 0.550 Edge: 0.304 Con: 0.093 Cls: 0.142 Recon: 0.0118 | 0.0s
  Epoch 130/400 | Total: 0.550 Edge: 0.305 Con: 0.094 Cls: 0.139 Recon: 0.0119 | Val F1: 0.8442 | 0.0s
  Epoch 131/400 | Total: 0.565 Edge: 0.321 Con: 0.093 Cls: 0.138 Recon: 0.0119 | 0.0s
  Epoch 132/400 | Total: 0.544 Edge: 0.311 Con: 0.094 Cls: 0.127 Recon: 0.0119 | 0.0s
  Epoch 133/400 | Total: 0.552 Edge: 0.305 Con: 0.093 Cls: 0.142 Recon: 0.0117 | 0.0s
  Epoch 134/400 | Total: 0.554 Edge: 0.306 Con: 0.092 Cls: 0.144 Recon: 0.0121 | 0.0s
  Epoch 135/400 | Total: 0.546 Edge: 0.303 Con: 0.094 Cls: 0.137 Recon: 0.0118 | Val F1: 0.8485 | 0.0s
  Epoch 136/400 | Total: 0.571 Edge: 0.311 Con: 0.091 Cls: 0.158 Recon: 0.0119 | 0.0s
  Epoch 137/400 | Total: 0.555 Edge: 0.307 Con: 0.093 Cls: 0.143 Recon: 0.0120 | 0.0s
  Epoch 138/400 | Total: 0.548 Edge: 0.304 Con: 0.091 Cls: 0.141 Recon: 0.0119 | 0.0s
  Epoch 139/400 | Total: 0.539 Edge: 0.301 Con: 0.091 Cls: 0.136 Recon: 0.0117 | 0.0s
  Epoch 140/400 | Total: 0.540 Edge: 0.301 Con: 0.092 Cls: 0.135 Recon: 0.0118 | Val F1: 0.8470 | 0.0s
  Epoch 141/400 | Total: 0.560 Edge: 0.304 Con: 0.092 Cls: 0.152 Recon: 0.0119 | 0.0s
  Epoch 142/400 | Total: 0.540 Edge: 0.297 Con: 0.090 Cls: 0.141 Recon: 0.0120 | 0.0s
  Epoch 143/400 | Total: 0.534 Edge: 0.300 Con: 0.092 Cls: 0.129 Recon: 0.0118 | 0.0s
  Epoch 144/400 | Total: 0.528 Edge: 0.294 Con: 0.093 Cls: 0.130 Recon: 0.0121 | 0.0s
  Epoch 145/400 | Total: 0.530 Edge: 0.299 Con: 0.092 Cls: 0.127 Recon: 0.0119 | Val F1: 0.8499 | 0.0s
  Epoch 146/400 | Total: 0.532 Edge: 0.302 Con: 0.090 Cls: 0.128 Recon: 0.0118 | 0.0s
  Epoch 147/400 | Total: 0.543 Edge: 0.300 Con: 0.091 Cls: 0.140 Recon: 0.0119 | 0.0s
  Epoch 148/400 | Total: 0.531 Edge: 0.296 Con: 0.092 Cls: 0.131 Recon: 0.0119 | 0.0s
  Epoch 149/400 | Total: 0.513 Edge: 0.292 Con: 0.089 Cls: 0.121 Recon: 0.0119 | 0.0s
  Epoch 150/400 | Total: 0.545 Edge: 0.295 Con: 0.092 Cls: 0.147 Recon: 0.0118 | Val F1: 0.8518 | 0.0s
  Epoch 151/400 | Total: 0.544 Edge: 0.299 Con: 0.089 Cls: 0.144 Recon: 0.0120 | 0.0s
  Epoch 152/400 | Total: 0.515 Edge: 0.290 Con: 0.088 Cls: 0.125 Recon: 0.0120 | 0.0s
  Epoch 153/400 | Total: 0.548 Edge: 0.297 Con: 0.091 Cls: 0.148 Recon: 0.0118 | 0.0s
  Epoch 154/400 | Total: 0.513 Edge: 0.282 Con: 0.091 Cls: 0.129 Recon: 0.0118 | 0.0s
  Epoch 155/400 | Total: 0.512 Edge: 0.285 Con: 0.090 Cls: 0.124 Recon: 0.0121 | Val F1: 0.8486 | 0.0s
  Epoch 156/400 | Total: 0.507 Edge: 0.285 Con: 0.088 Cls: 0.122 Recon: 0.0118 | 0.0s
  Epoch 157/400 | Total: 0.525 Edge: 0.295 Con: 0.090 Cls: 0.128 Recon: 0.0120 | 0.0s
  Epoch 158/400 | Total: 0.526 Edge: 0.286 Con: 0.090 Cls: 0.139 Recon: 0.0118 | 0.0s
  Epoch 159/400 | Total: 0.523 Edge: 0.286 Con: 0.091 Cls: 0.135 Recon: 0.0119 | 0.0s
  Epoch 160/400 | Total: 0.526 Edge: 0.291 Con: 0.090 Cls: 0.134 Recon: 0.0117 | Val F1: 0.8481 | 0.0s
  Epoch 161/400 | Total: 0.548 Edge: 0.290 Con: 0.088 Cls: 0.158 Recon: 0.0121 | 0.0s
  Epoch 162/400 | Total: 0.539 Edge: 0.283 Con: 0.090 Cls: 0.153 Recon: 0.0122 | 0.0s
  Epoch 163/400 | Total: 0.525 Edge: 0.287 Con: 0.087 Cls: 0.139 Recon: 0.0121 | 0.0s
  Epoch 164/400 | Total: 0.511 Edge: 0.286 Con: 0.091 Cls: 0.122 Recon: 0.0119 | 0.0s
  Epoch 165/400 | Total: 0.530 Edge: 0.284 Con: 0.090 Cls: 0.144 Recon: 0.0119 | Val F1: 0.8581 | 0.0s
  Epoch 166/400 | Total: 0.527 Edge: 0.291 Con: 0.088 Cls: 0.136 Recon: 0.0119 | 0.0s
  Epoch 167/400 | Total: 0.512 Edge: 0.285 Con: 0.087 Cls: 0.128 Recon: 0.0119 | 0.0s
  Epoch 168/400 | Total: 0.509 Edge: 0.282 Con: 0.087 Cls: 0.128 Recon: 0.0120 | 0.0s
  Epoch 169/400 | Total: 0.503 Edge: 0.276 Con: 0.087 Cls: 0.128 Recon: 0.0120 | 0.0s
  Epoch 170/400 | Total: 0.515 Edge: 0.281 Con: 0.089 Cls: 0.134 Recon: 0.0119 | Val F1: 0.8519 | 0.0s
  Epoch 171/400 | Total: 0.507 Edge: 0.281 Con: 0.089 Cls: 0.126 Recon: 0.0120 | 0.0s
  Epoch 172/400 | Total: 0.527 Edge: 0.286 Con: 0.087 Cls: 0.142 Recon: 0.0120 | 0.0s
  Epoch 173/400 | Total: 0.514 Edge: 0.278 Con: 0.086 Cls: 0.138 Recon: 0.0120 | 0.0s
  Epoch 174/400 | Total: 0.502 Edge: 0.279 Con: 0.088 Cls: 0.123 Recon: 0.0120 | 0.0s
  Epoch 175/400 | Total: 0.500 Edge: 0.278 Con: 0.086 Cls: 0.124 Recon: 0.0120 | Val F1: 0.8474 | 0.0s
  Epoch 176/400 | Total: 0.501 Edge: 0.283 Con: 0.087 Cls: 0.119 Recon: 0.0118 | 0.0s
  Epoch 177/400 | Total: 0.493 Edge: 0.277 Con: 0.088 Cls: 0.116 Recon: 0.0119 | 0.0s
  Epoch 178/400 | Total: 0.507 Edge: 0.272 Con: 0.085 Cls: 0.138 Recon: 0.0119 | 0.0s
  Epoch 179/400 | Total: 0.485 Edge: 0.271 Con: 0.088 Cls: 0.114 Recon: 0.0120 | 0.0s
  Epoch 180/400 | Total: 0.512 Edge: 0.276 Con: 0.088 Cls: 0.136 Recon: 0.0120 | Val F1: 0.8588 | 0.0s
  Epoch 181/400 | Total: 0.488 Edge: 0.272 Con: 0.086 Cls: 0.119 Recon: 0.0118 | 0.0s
  Epoch 182/400 | Total: 0.509 Edge: 0.276 Con: 0.087 Cls: 0.133 Recon: 0.0119 | 0.0s
  Epoch 183/400 | Total: 0.502 Edge: 0.273 Con: 0.086 Cls: 0.131 Recon: 0.0118 | 0.0s
  Epoch 184/400 | Total: 0.494 Edge: 0.276 Con: 0.085 Cls: 0.121 Recon: 0.0119 | 0.0s
  Epoch 185/400 | Total: 0.490 Edge: 0.270 Con: 0.087 Cls: 0.121 Recon: 0.0119 | Val F1: 0.8526 | 0.0s
  Epoch 186/400 | Total: 0.505 Edge: 0.268 Con: 0.087 Cls: 0.138 Recon: 0.0120 | 0.0s
  Epoch 187/400 | Total: 0.509 Edge: 0.273 Con: 0.086 Cls: 0.138 Recon: 0.0119 | 0.0s
  Epoch 188/400 | Total: 0.495 Edge: 0.278 Con: 0.088 Cls: 0.117 Recon: 0.0120 | 0.0s
  Epoch 189/400 | Total: 0.491 Edge: 0.277 Con: 0.087 Cls: 0.115 Recon: 0.0118 | 0.0s
  Epoch 190/400 | Total: 0.497 Edge: 0.275 Con: 0.086 Cls: 0.124 Recon: 0.0120 | Val F1: 0.8474 | 0.0s
  Epoch 191/400 | Total: 0.496 Edge: 0.274 Con: 0.086 Cls: 0.125 Recon: 0.0118 | 0.0s
  Epoch 192/400 | Total: 0.476 Edge: 0.264 Con: 0.085 Cls: 0.114 Recon: 0.0120 | 0.0s
  Epoch 193/400 | Total: 0.501 Edge: 0.277 Con: 0.089 Cls: 0.123 Recon: 0.0120 | 0.0s
  Epoch 194/400 | Total: 0.482 Edge: 0.270 Con: 0.085 Cls: 0.115 Recon: 0.0120 | 0.0s
  Epoch 195/400 | Total: 0.492 Edge: 0.269 Con: 0.086 Cls: 0.125 Recon: 0.0120 | Val F1: 0.8545 | 0.0s
  Epoch 196/400 | Total: 0.486 Edge: 0.272 Con: 0.084 Cls: 0.118 Recon: 0.0119 | 0.0s
  Epoch 197/400 | Total: 0.485 Edge: 0.269 Con: 0.085 Cls: 0.119 Recon: 0.0119 | 0.0s
  Epoch 198/400 | Total: 0.490 Edge: 0.269 Con: 0.086 Cls: 0.123 Recon: 0.0118 | 0.0s
  Epoch 199/400 | Total: 0.482 Edge: 0.268 Con: 0.085 Cls: 0.117 Recon: 0.0120 | 0.0s
  Epoch 200/400 | Total: 0.499 Edge: 0.274 Con: 0.085 Cls: 0.128 Recon: 0.0118 | Val F1: 0.8474 | 0.0s
  Epoch 201/400 | Total: 0.493 Edge: 0.264 Con: 0.084 Cls: 0.133 Recon: 0.0120 | 0.0s
  Epoch 202/400 | Total: 0.478 Edge: 0.267 Con: 0.083 Cls: 0.116 Recon: 0.0121 | 0.0s
  Epoch 203/400 | Total: 0.488 Edge: 0.269 Con: 0.085 Cls: 0.122 Recon: 0.0119 | 0.0s
  Epoch 204/400 | Total: 0.489 Edge: 0.269 Con: 0.084 Cls: 0.125 Recon: 0.0118 | 0.0s
  Epoch 205/400 | Total: 0.491 Edge: 0.270 Con: 0.086 Cls: 0.123 Recon: 0.0118 | Val F1: 0.8533 | 0.0s
  Epoch 206/400 | Total: 0.507 Edge: 0.267 Con: 0.082 Cls: 0.146 Recon: 0.0119 | 0.0s
  Epoch 207/400 | Total: 0.480 Edge: 0.266 Con: 0.083 Cls: 0.118 Recon: 0.0121 | 0.0s
  Epoch 208/400 | Total: 0.501 Edge: 0.264 Con: 0.085 Cls: 0.140 Recon: 0.0118 | 0.0s
  Epoch 209/400 | Total: 0.482 Edge: 0.266 Con: 0.084 Cls: 0.120 Recon: 0.0120 | 0.0s
  Epoch 210/400 | Total: 0.493 Edge: 0.269 Con: 0.082 Cls: 0.130 Recon: 0.0121 | Val F1: 0.8568 | 0.0s
  Epoch 211/400 | Total: 0.476 Edge: 0.265 Con: 0.085 Cls: 0.114 Recon: 0.0118 | 0.0s
  Epoch 212/400 | Total: 0.491 Edge: 0.260 Con: 0.083 Cls: 0.136 Recon: 0.0117 | 0.0s
  Epoch 213/400 | Total: 0.474 Edge: 0.267 Con: 0.083 Cls: 0.112 Recon: 0.0119 | 0.0s
  Epoch 214/400 | Total: 0.483 Edge: 0.262 Con: 0.085 Cls: 0.124 Recon: 0.0120 | 0.0s
  Epoch 215/400 | Total: 0.486 Edge: 0.262 Con: 0.084 Cls: 0.128 Recon: 0.0120 | Val F1: 0.8511 | 0.0s
  Epoch 216/400 | Total: 0.481 Edge: 0.268 Con: 0.084 Cls: 0.117 Recon: 0.0121 | 0.0s
  Epoch 217/400 | Total: 0.484 Edge: 0.261 Con: 0.083 Cls: 0.128 Recon: 0.0119 | 0.0s
  Epoch 218/400 | Total: 0.499 Edge: 0.269 Con: 0.084 Cls: 0.134 Recon: 0.0118 | 0.0s
  Epoch 219/400 | Total: 0.477 Edge: 0.256 Con: 0.084 Cls: 0.126 Recon: 0.0120 | 0.0s
  Epoch 220/400 | Total: 0.480 Edge: 0.265 Con: 0.081 Cls: 0.122 Recon: 0.0119 | Val F1: 0.8568 | 0.0s
  Epoch 221/400 | Total: 0.491 Edge: 0.266 Con: 0.084 Cls: 0.129 Recon: 0.0119 | 0.0s
  Epoch 222/400 | Total: 0.479 Edge: 0.264 Con: 0.083 Cls: 0.120 Recon: 0.0118 | 0.0s
  Epoch 223/400 | Total: 0.471 Edge: 0.263 Con: 0.084 Cls: 0.112 Recon: 0.0118 | 0.0s
  Epoch 224/400 | Total: 0.467 Edge: 0.260 Con: 0.083 Cls: 0.112 Recon: 0.0119 | 0.0s
  Epoch 225/400 | Total: 0.470 Edge: 0.255 Con: 0.082 Cls: 0.121 Recon: 0.0121 | Val F1: 0.8482 | 0.0s
  Epoch 226/400 | Total: 0.478 Edge: 0.257 Con: 0.084 Cls: 0.125 Recon: 0.0119 | 0.0s
  Epoch 227/400 | Total: 0.482 Edge: 0.257 Con: 0.083 Cls: 0.130 Recon: 0.0120 | 0.0s
  Epoch 228/400 | Total: 0.492 Edge: 0.261 Con: 0.084 Cls: 0.135 Recon: 0.0120 | 0.0s
  Epoch 229/400 | Total: 0.468 Edge: 0.256 Con: 0.084 Cls: 0.117 Recon: 0.0118 | 0.0s
  Epoch 230/400 | Total: 0.468 Edge: 0.253 Con: 0.083 Cls: 0.120 Recon: 0.0118 | Val F1: 0.8504 | 0.0s
  Epoch 231/400 | Total: 0.491 Edge: 0.258 Con: 0.083 Cls: 0.137 Recon: 0.0118 | 0.0s
  Epoch 232/400 | Total: 0.459 Edge: 0.249 Con: 0.083 Cls: 0.115 Recon: 0.0118 | 0.0s
  Epoch 233/400 | Total: 0.475 Edge: 0.252 Con: 0.083 Cls: 0.127 Recon: 0.0121 | 0.0s
  Epoch 234/400 | Total: 0.464 Edge: 0.251 Con: 0.080 Cls: 0.120 Recon: 0.0118 | 0.0s
  Epoch 235/400 | Total: 0.473 Edge: 0.256 Con: 0.082 Cls: 0.122 Recon: 0.0119 | Val F1: 0.8531 | 0.0s
  Epoch 236/400 | Total: 0.463 Edge: 0.251 Con: 0.081 Cls: 0.119 Recon: 0.0119 | 0.0s
  Epoch 237/400 | Total: 0.468 Edge: 0.256 Con: 0.082 Cls: 0.118 Recon: 0.0119 | 0.0s
  Epoch 238/400 | Total: 0.475 Edge: 0.250 Con: 0.082 Cls: 0.131 Recon: 0.0119 | 0.0s
  Epoch 239/400 | Total: 0.471 Edge: 0.257 Con: 0.080 Cls: 0.121 Recon: 0.0121 | 0.0s
  Epoch 240/400 | Total: 0.465 Edge: 0.255 Con: 0.082 Cls: 0.116 Recon: 0.0121 | Val F1: 0.8592 | 0.0s
  Epoch 241/400 | Total: 0.485 Edge: 0.264 Con: 0.082 Cls: 0.127 Recon: 0.0119 | 0.0s
  Epoch 242/400 | Total: 0.476 Edge: 0.253 Con: 0.083 Cls: 0.129 Recon: 0.0118 | 0.0s
  Epoch 243/400 | Total: 0.465 Edge: 0.251 Con: 0.080 Cls: 0.122 Recon: 0.0120 | 0.0s
  Epoch 244/400 | Total: 0.480 Edge: 0.254 Con: 0.082 Cls: 0.132 Recon: 0.0119 | 0.0s
  Epoch 245/400 | Total: 0.473 Edge: 0.259 Con: 0.081 Cls: 0.121 Recon: 0.0117 | Val F1: 0.8491 | 0.0s
  Epoch 246/400 | Total: 0.458 Edge: 0.256 Con: 0.083 Cls: 0.108 Recon: 0.0119 | 0.0s
  Epoch 247/400 | Total: 0.460 Edge: 0.249 Con: 0.081 Cls: 0.117 Recon: 0.0121 | 0.0s
  Epoch 248/400 | Total: 0.470 Edge: 0.253 Con: 0.080 Cls: 0.125 Recon: 0.0121 | 0.0s
  Epoch 249/400 | Total: 0.441 Edge: 0.246 Con: 0.080 Cls: 0.102 Recon: 0.0119 | 0.0s
  Epoch 250/400 | Total: 0.478 Edge: 0.255 Con: 0.080 Cls: 0.131 Recon: 0.0118 | Val F1: 0.8587 | 0.0s
  Epoch 251/400 | Total: 0.456 Edge: 0.243 Con: 0.082 Cls: 0.119 Recon: 0.0117 | 0.0s
  Epoch 252/400 | Total: 0.470 Edge: 0.248 Con: 0.081 Cls: 0.129 Recon: 0.0119 | 0.0s
  Epoch 253/400 | Total: 0.467 Edge: 0.257 Con: 0.080 Cls: 0.117 Recon: 0.0120 | 0.0s
  Epoch 254/400 | Total: 0.452 Edge: 0.246 Con: 0.079 Cls: 0.115 Recon: 0.0119 | 0.0s
  Epoch 255/400 | Total: 0.465 Edge: 0.253 Con: 0.080 Cls: 0.120 Recon: 0.0119 | Val F1: 0.8514 | 0.0s
  Epoch 256/400 | Total: 0.462 Edge: 0.240 Con: 0.081 Cls: 0.129 Recon: 0.0118 | 0.0s
  Epoch 257/400 | Total: 0.445 Edge: 0.250 Con: 0.082 Cls: 0.102 Recon: 0.0118 | 0.0s
  Epoch 258/400 | Total: 0.457 Edge: 0.248 Con: 0.081 Cls: 0.115 Recon: 0.0120 | 0.0s
  Epoch 259/400 | Total: 0.463 Edge: 0.250 Con: 0.083 Cls: 0.119 Recon: 0.0119 | 0.0s
  Epoch 260/400 | Total: 0.448 Edge: 0.248 Con: 0.082 Cls: 0.106 Recon: 0.0119 | Val F1: 0.8614 | 0.0s
  Epoch 261/400 | Total: 0.448 Edge: 0.250 Con: 0.081 Cls: 0.105 Recon: 0.0118 | 0.0s
  Epoch 262/400 | Total: 0.466 Edge: 0.249 Con: 0.080 Cls: 0.125 Recon: 0.0120 | 0.0s
  Epoch 263/400 | Total: 0.458 Edge: 0.246 Con: 0.081 Cls: 0.119 Recon: 0.0119 | 0.0s
  Epoch 264/400 | Total: 0.455 Edge: 0.252 Con: 0.082 Cls: 0.109 Recon: 0.0118 | 0.0s
  Epoch 265/400 | Total: 0.457 Edge: 0.243 Con: 0.079 Cls: 0.123 Recon: 0.0119 | Val F1: 0.8498 | 0.0s
  Epoch 266/400 | Total: 0.450 Edge: 0.250 Con: 0.079 Cls: 0.109 Recon: 0.0121 | 0.0s
  Epoch 267/400 | Total: 0.457 Edge: 0.249 Con: 0.078 Cls: 0.118 Recon: 0.0121 | 0.0s
  Epoch 268/400 | Total: 0.442 Edge: 0.243 Con: 0.078 Cls: 0.109 Recon: 0.0119 | 0.0s
  Epoch 269/400 | Total: 0.449 Edge: 0.243 Con: 0.080 Cls: 0.114 Recon: 0.0120 | 0.0s
  Epoch 270/400 | Total: 0.429 Edge: 0.244 Con: 0.079 Cls: 0.095 Recon: 0.0118 | Val F1: 0.8464 | 0.0s
  Epoch 271/400 | Total: 0.444 Edge: 0.242 Con: 0.078 Cls: 0.112 Recon: 0.0119 | 0.0s
  Epoch 272/400 | Total: 0.446 Edge: 0.243 Con: 0.079 Cls: 0.113 Recon: 0.0120 | 0.0s
  Epoch 273/400 | Total: 0.470 Edge: 0.253 Con: 0.079 Cls: 0.127 Recon: 0.0118 | 0.0s
  Epoch 274/400 | Total: 0.451 Edge: 0.248 Con: 0.079 Cls: 0.113 Recon: 0.0118 | 0.0s
  Epoch 275/400 | Total: 0.464 Edge: 0.243 Con: 0.079 Cls: 0.131 Recon: 0.0120 | Val F1: 0.8540 | 0.0s
  Epoch 276/400 | Total: 0.453 Edge: 0.246 Con: 0.080 Cls: 0.116 Recon: 0.0119 | 0.0s
  Epoch 277/400 | Total: 0.456 Edge: 0.243 Con: 0.081 Cls: 0.120 Recon: 0.0118 | 0.0s
  Epoch 278/400 | Total: 0.472 Edge: 0.250 Con: 0.079 Cls: 0.130 Recon: 0.0119 | 0.0s
  Epoch 279/400 | Total: 0.471 Edge: 0.244 Con: 0.079 Cls: 0.136 Recon: 0.0119 | 0.0s
  Epoch 280/400 | Total: 0.459 Edge: 0.245 Con: 0.079 Cls: 0.124 Recon: 0.0118 | Val F1: 0.8592 | 0.0s
  Epoch 281/400 | Total: 0.446 Edge: 0.241 Con: 0.078 Cls: 0.116 Recon: 0.0120 | 0.0s
  Epoch 282/400 | Total: 0.445 Edge: 0.241 Con: 0.079 Cls: 0.114 Recon: 0.0118 | 0.0s
  Epoch 283/400 | Total: 0.433 Edge: 0.237 Con: 0.079 Cls: 0.105 Recon: 0.0120 | 0.0s
  Epoch 284/400 | Total: 0.445 Edge: 0.231 Con: 0.079 Cls: 0.123 Recon: 0.0118 | 0.0s
  Epoch 285/400 | Total: 0.450 Edge: 0.244 Con: 0.079 Cls: 0.115 Recon: 0.0118 | Val F1: 0.8466 | 0.0s
  Epoch 286/400 | Total: 0.433 Edge: 0.239 Con: 0.077 Cls: 0.104 Recon: 0.0122 | 0.0s
  Epoch 287/400 | Total: 0.474 Edge: 0.244 Con: 0.077 Cls: 0.140 Recon: 0.0120 | 0.0s
  Epoch 288/400 | Total: 0.447 Edge: 0.240 Con: 0.080 Cls: 0.116 Recon: 0.0119 | 0.0s
  Epoch 289/400 | Total: 0.457 Edge: 0.242 Con: 0.078 Cls: 0.125 Recon: 0.0118 | 0.0s
  Epoch 290/400 | Total: 0.456 Edge: 0.244 Con: 0.078 Cls: 0.122 Recon: 0.0118 | Val F1: 0.8487 | 0.0s
  Epoch 291/400 | Total: 0.449 Edge: 0.235 Con: 0.077 Cls: 0.124 Recon: 0.0119 | 0.0s
  Epoch 292/400 | Total: 0.452 Edge: 0.242 Con: 0.077 Cls: 0.122 Recon: 0.0119 | 0.0s
  Epoch 293/400 | Total: 0.440 Edge: 0.243 Con: 0.078 Cls: 0.107 Recon: 0.0120 | 0.0s
  Epoch 294/400 | Total: 0.478 Edge: 0.245 Con: 0.079 Cls: 0.142 Recon: 0.0118 | 0.0s
  Epoch 295/400 | Total: 0.435 Edge: 0.234 Con: 0.077 Cls: 0.112 Recon: 0.0120 | Val F1: 0.8527 | 0.0s
  Epoch 296/400 | Total: 0.448 Edge: 0.245 Con: 0.077 Cls: 0.114 Recon: 0.0119 | 0.0s
  Epoch 297/400 | Total: 0.443 Edge: 0.243 Con: 0.078 Cls: 0.110 Recon: 0.0120 | 0.0s
  Epoch 298/400 | Total: 0.455 Edge: 0.237 Con: 0.078 Cls: 0.128 Recon: 0.0119 | 0.0s
  Epoch 299/400 | Total: 0.416 Edge: 0.229 Con: 0.077 Cls: 0.098 Recon: 0.0121 | 0.0s
  Epoch 300/400 | Total: 0.446 Edge: 0.239 Con: 0.079 Cls: 0.116 Recon: 0.0119 | Val F1: 0.8541 | 0.0s
  Epoch 301/400 | Total: 0.454 Edge: 0.241 Con: 0.078 Cls: 0.123 Recon: 0.0120 | 0.0s
  Epoch 302/400 | Total: 0.453 Edge: 0.236 Con: 0.077 Cls: 0.128 Recon: 0.0121 | 0.0s
  Epoch 303/400 | Total: 0.451 Edge: 0.234 Con: 0.077 Cls: 0.128 Recon: 0.0120 | 0.0s
  Epoch 304/400 | Total: 0.453 Edge: 0.239 Con: 0.076 Cls: 0.126 Recon: 0.0119 | 0.0s
  Epoch 305/400 | Total: 0.433 Edge: 0.235 Con: 0.077 Cls: 0.109 Recon: 0.0120 | Val F1: 0.8558 | 0.0s
  Epoch 306/400 | Total: 0.439 Edge: 0.239 Con: 0.077 Cls: 0.112 Recon: 0.0119 | 0.0s
  Epoch 307/400 | Total: 0.440 Edge: 0.231 Con: 0.077 Cls: 0.119 Recon: 0.0119 | 0.0s
  Epoch 308/400 | Total: 0.441 Edge: 0.232 Con: 0.076 Cls: 0.121 Recon: 0.0120 | 0.0s
  Epoch 309/400 | Total: 0.443 Edge: 0.238 Con: 0.078 Cls: 0.115 Recon: 0.0119 | 0.0s
  Epoch 310/400 | Total: 0.448 Edge: 0.232 Con: 0.075 Cls: 0.129 Recon: 0.0119 | Val F1: 0.8537 | 0.0s
  Epoch 311/400 | Total: 0.446 Edge: 0.231 Con: 0.078 Cls: 0.125 Recon: 0.0118 | 0.0s
  Epoch 312/400 | Total: 0.443 Edge: 0.231 Con: 0.078 Cls: 0.121 Recon: 0.0121 | 0.0s
  Epoch 313/400 | Total: 0.444 Edge: 0.237 Con: 0.076 Cls: 0.119 Recon: 0.0120 | 0.0s
  Epoch 314/400 | Total: 0.440 Edge: 0.240 Con: 0.075 Cls: 0.112 Recon: 0.0119 | 0.0s
  Epoch 315/400 | Total: 0.449 Edge: 0.225 Con: 0.079 Cls: 0.133 Recon: 0.0120 | Val F1: 0.8529 | 0.0s
  Epoch 316/400 | Total: 0.441 Edge: 0.237 Con: 0.080 Cls: 0.112 Recon: 0.0119 | 0.0s
  Epoch 317/400 | Total: 0.441 Edge: 0.239 Con: 0.075 Cls: 0.115 Recon: 0.0120 | 0.0s
  Epoch 318/400 | Total: 0.430 Edge: 0.238 Con: 0.077 Cls: 0.102 Recon: 0.0120 | 0.0s
  Epoch 319/400 | Total: 0.452 Edge: 0.230 Con: 0.078 Cls: 0.132 Recon: 0.0118 | 0.0s
  Epoch 320/400 | Total: 0.458 Edge: 0.237 Con: 0.077 Cls: 0.131 Recon: 0.0120 | Val F1: 0.8532 | 0.0s
  Epoch 321/400 | Total: 0.437 Edge: 0.230 Con: 0.077 Cls: 0.118 Recon: 0.0120 | 0.0s
  Epoch 322/400 | Total: 0.430 Edge: 0.229 Con: 0.077 Cls: 0.112 Recon: 0.0120 | 0.0s
  Epoch 323/400 | Total: 0.424 Edge: 0.225 Con: 0.075 Cls: 0.113 Recon: 0.0118 | 0.0s
  Epoch 324/400 | Total: 0.448 Edge: 0.237 Con: 0.079 Cls: 0.121 Recon: 0.0121 | 0.0s
  Epoch 325/400 | Total: 0.428 Edge: 0.233 Con: 0.076 Cls: 0.108 Recon: 0.0118 | Val F1: 0.8523 | 0.0s
  Epoch 326/400 | Total: 0.423 Edge: 0.229 Con: 0.077 Cls: 0.106 Recon: 0.0118 | 0.0s
  Epoch 327/400 | Total: 0.427 Edge: 0.232 Con: 0.078 Cls: 0.105 Recon: 0.0119 | 0.0s
  Epoch 328/400 | Total: 0.428 Edge: 0.230 Con: 0.077 Cls: 0.110 Recon: 0.0118 | 0.0s
  Epoch 329/400 | Total: 0.427 Edge: 0.226 Con: 0.077 Cls: 0.113 Recon: 0.0117 | 0.0s
  Epoch 330/400 | Total: 0.428 Edge: 0.228 Con: 0.075 Cls: 0.113 Recon: 0.0119 | Val F1: 0.8469 | 0.0s
  Epoch 331/400 | Total: 0.447 Edge: 0.232 Con: 0.077 Cls: 0.126 Recon: 0.0119 | 0.0s
  Epoch 332/400 | Total: 0.430 Edge: 0.230 Con: 0.075 Cls: 0.113 Recon: 0.0120 | 0.0s
  Epoch 333/400 | Total: 0.428 Edge: 0.222 Con: 0.074 Cls: 0.120 Recon: 0.0121 | 0.0s
  Epoch 334/400 | Total: 0.426 Edge: 0.232 Con: 0.076 Cls: 0.106 Recon: 0.0120 | 0.0s
  Epoch 335/400 | Total: 0.430 Edge: 0.232 Con: 0.076 Cls: 0.110 Recon: 0.0120 | Val F1: 0.8490 | 0.0s
  Epoch 336/400 | Total: 0.448 Edge: 0.230 Con: 0.077 Cls: 0.129 Recon: 0.0118 | 0.0s
  Epoch 337/400 | Total: 0.437 Edge: 0.226 Con: 0.075 Cls: 0.124 Recon: 0.0121 | 0.0s
  Epoch 338/400 | Total: 0.452 Edge: 0.229 Con: 0.074 Cls: 0.137 Recon: 0.0119 | 0.0s
  Epoch 339/400 | Total: 0.434 Edge: 0.234 Con: 0.074 Cls: 0.113 Recon: 0.0120 | 0.0s
  Epoch 340/400 | Total: 0.448 Edge: 0.237 Con: 0.079 Cls: 0.120 Recon: 0.0120 | Val F1: 0.8533 | 0.0s
  Epoch 341/400 | Total: 0.433 Edge: 0.230 Con: 0.075 Cls: 0.116 Recon: 0.0120 | 0.0s
  Epoch 342/400 | Total: 0.432 Edge: 0.223 Con: 0.075 Cls: 0.122 Recon: 0.0119 | 0.0s
  Epoch 343/400 | Total: 0.428 Edge: 0.227 Con: 0.075 Cls: 0.114 Recon: 0.0118 | 0.0s
  Epoch 344/400 | Total: 0.418 Edge: 0.232 Con: 0.076 Cls: 0.099 Recon: 0.0119 | 0.0s
  Epoch 345/400 | Total: 0.439 Edge: 0.229 Con: 0.077 Cls: 0.121 Recon: 0.0118 | Val F1: 0.8554 | 0.0s
  Epoch 346/400 | Total: 0.408 Edge: 0.222 Con: 0.075 Cls: 0.099 Recon: 0.0118 | 0.0s
  Epoch 347/400 | Total: 0.428 Edge: 0.231 Con: 0.075 Cls: 0.111 Recon: 0.0118 | 0.0s
  Epoch 348/400 | Total: 0.434 Edge: 0.233 Con: 0.075 Cls: 0.114 Recon: 0.0119 | 0.0s
  Epoch 349/400 | Total: 0.423 Edge: 0.222 Con: 0.074 Cls: 0.116 Recon: 0.0120 | 0.0s
  Epoch 350/400 | Total: 0.422 Edge: 0.225 Con: 0.075 Cls: 0.110 Recon: 0.0119 | Val F1: 0.8545 | 0.0s
  Epoch 351/400 | Total: 0.415 Edge: 0.223 Con: 0.074 Cls: 0.106 Recon: 0.0120 | 0.0s
  Epoch 352/400 | Total: 0.430 Edge: 0.231 Con: 0.077 Cls: 0.110 Recon: 0.0119 | 0.0s
  Epoch 353/400 | Total: 0.421 Edge: 0.222 Con: 0.075 Cls: 0.113 Recon: 0.0119 | 0.0s
  Epoch 354/400 | Total: 0.422 Edge: 0.221 Con: 0.073 Cls: 0.116 Recon: 0.0119 | 0.0s
  Epoch 355/400 | Total: 0.416 Edge: 0.226 Con: 0.073 Cls: 0.106 Recon: 0.0119 | Val F1: 0.8587 | 0.0s
  Epoch 356/400 | Total: 0.428 Edge: 0.228 Con: 0.076 Cls: 0.112 Recon: 0.0119 | 0.0s
  Epoch 357/400 | Total: 0.409 Edge: 0.228 Con: 0.075 Cls: 0.094 Recon: 0.0120 | 0.0s
  Epoch 358/400 | Total: 0.423 Edge: 0.222 Con: 0.076 Cls: 0.114 Recon: 0.0119 | 0.0s
  Epoch 359/400 | Total: 0.435 Edge: 0.224 Con: 0.073 Cls: 0.127 Recon: 0.0119 | 0.0s
  Epoch 360/400 | Total: 0.428 Edge: 0.220 Con: 0.074 Cls: 0.122 Recon: 0.0117 | Val F1: 0.8604 | 0.0s
  Early stopping at epoch 360
  Best Val F1: 0.8614 | Test F1: 0.8656
  Total training time: 7.1s (0.1 min)

======================================================================
  Val  Macro-F1: 0.8614
  Test Macro-F1: 0.8656
  Test Accuracy: 0.8690
  Time: 7.2s
======================================================================

  Results saved to: results/NESS_cora_MCAR_0.4_20260721_161812
