/home/erfan/MATE/ogbn_benchmarks/../src/utils.py:183: UserWarning: torch.sparse.SparseTensor(indices, values, shape, *, device=) is deprecated.  Please use torch.sparse_coo_tensor(indices, values, shape, dtype=, device=). (Triggered internally at /pytorch/torch/csrc/utils/tensor_new.cpp:654.)
  adj_norm = torch.sparse.FloatTensor(indices_norm, values_norm, torch.Size(adj_norm.shape))
/home/erfan/MATE/ogbn_benchmarks/FP.py:56: UserWarning: Sparse invariant checks are implicitly disabled. Memory errors (e.g. SEGFAULT) will occur when operating on a sparse tensor which violates the invariants, but checks incur performance overhead. To silence this warning, explicitly opt in or out. See `torch.sparse.check_sparse_tensor_invariants.__doc__` for guidance.  (Triggered internally at /pytorch/aten/src/ATen/Context.cpp:760.)
  A = torch.sparse_coo_tensor(idx, val, (num_nodes, num_nodes)).coalesce().to(device)
======================================================================
  NESS | citeseer | MCAR @ 40%
======================================================================
[1/3] Loading citeseer...
loading dataset: citeseer
  3,327 nodes | 3703 dims | 6 classes
[2/3] Simulating MCAR missingness...
Simulating MCAR missingness at 40% rate...
  MCAR: Uniform random selection
  Observable: 1,997 (60.0%)
  Masked: 1,330 (40.0%)
  Observable: 1,997 | Val: 665 | Test: 665
[3/3] Running NESS...
  Prefilling missing nodes via Feature Propagation (40 iters)...
  Computing SSL targets (neighborhood stats + centroid, 2-hop)...
✓ Using FAST vectorized SSL computation (torch_scatter available)
  Computing 2-hop neighborhood targets (FAST vectorized)...
    ✓ k-hop targets computed (119 nodes had no observable within 2 hops)
  Small graph: full-batch (single cluster)
  Training NESS for up to 400 epochs (patience=20)...
  Epoch 1/400 | Total: 2.976 Edge: 0.694 Con: 0.488 Cls: 1.785 Recon: 0.0094 | 0.4s
  Epoch 2/400 | Total: 2.934 Edge: 0.693 Con: 0.456 Cls: 1.775 Recon: 0.0093 | 0.0s
  Epoch 3/400 | Total: 2.884 Edge: 0.693 Con: 0.420 Cls: 1.763 Recon: 0.0092 | 0.0s
  Epoch 4/400 | Total: 2.825 Edge: 0.692 Con: 0.377 Cls: 1.747 Recon: 0.0091 | 0.0s
  Epoch 5/400 | Total: 2.771 Edge: 0.691 Con: 0.342 Cls: 1.729 Recon: 0.0091 | Val F1: 0.4637 | 0.0s
  Epoch 6/400 | Total: 2.717 Edge: 0.689 Con: 0.308 Cls: 1.711 Recon: 0.0090 | 0.0s
  Epoch 7/400 | Total: 2.646 Edge: 0.686 Con: 0.269 Cls: 1.682 Recon: 0.0090 | 0.0s
  Epoch 8/400 | Total: 2.587 Edge: 0.684 Con: 0.241 Cls: 1.653 Recon: 0.0090 | 0.0s
  Epoch 9/400 | Total: 2.525 Edge: 0.680 Con: 0.222 Cls: 1.614 Recon: 0.0090 | 0.0s
  Epoch 10/400 | Total: 2.460 Edge: 0.674 Con: 0.201 Cls: 1.576 Recon: 0.0090 | Val F1: 0.5251 | 0.0s
  Epoch 11/400 | Total: 2.392 Edge: 0.668 Con: 0.183 Cls: 1.532 Recon: 0.0089 | 0.0s
  Epoch 12/400 | Total: 2.318 Edge: 0.660 Con: 0.173 Cls: 1.476 Recon: 0.0089 | 0.0s
  Epoch 13/400 | Total: 2.243 Edge: 0.651 Con: 0.162 Cls: 1.421 Recon: 0.0089 | 0.0s
  Epoch 14/400 | Total: 2.160 Edge: 0.640 Con: 0.152 Cls: 1.359 Recon: 0.0089 | 0.0s
  Epoch 15/400 | Total: 2.088 Edge: 0.627 Con: 0.149 Cls: 1.303 Recon: 0.0088 | Val F1: 0.5515 | 0.0s
  Epoch 16/400 | Total: 1.989 Edge: 0.613 Con: 0.142 Cls: 1.226 Recon: 0.0088 | 0.0s
  Epoch 17/400 | Total: 1.909 Edge: 0.600 Con: 0.138 Cls: 1.163 Recon: 0.0088 | 0.0s
  Epoch 18/400 | Total: 1.842 Edge: 0.587 Con: 0.137 Cls: 1.109 Recon: 0.0087 | 0.0s
  Epoch 19/400 | Total: 1.765 Edge: 0.573 Con: 0.135 Cls: 1.048 Recon: 0.0088 | 0.0s
  Epoch 20/400 | Total: 1.702 Edge: 0.560 Con: 0.134 Cls: 0.999 Recon: 0.0087 | Val F1: 0.5881 | 0.0s
  Epoch 21/400 | Total: 1.630 Edge: 0.552 Con: 0.133 Cls: 0.937 Recon: 0.0087 | 0.0s
  Epoch 22/400 | Total: 1.578 Edge: 0.545 Con: 0.131 Cls: 0.894 Recon: 0.0087 | 0.0s
  Epoch 23/400 | Total: 1.510 Edge: 0.533 Con: 0.128 Cls: 0.841 Recon: 0.0086 | 0.0s
  Epoch 24/400 | Total: 1.477 Edge: 0.536 Con: 0.127 Cls: 0.806 Recon: 0.0087 | 0.0s
  Epoch 25/400 | Total: 1.439 Edge: 0.536 Con: 0.125 Cls: 0.770 Recon: 0.0087 | Val F1: 0.5938 | 0.0s
  Epoch 26/400 | Total: 1.407 Edge: 0.534 Con: 0.123 Cls: 0.741 Recon: 0.0086 | 0.0s
  Epoch 27/400 | Total: 1.387 Edge: 0.529 Con: 0.121 Cls: 0.728 Recon: 0.0086 | 0.0s
  Epoch 28/400 | Total: 1.316 Edge: 0.514 Con: 0.119 Cls: 0.673 Recon: 0.0086 | 0.0s
  Epoch 29/400 | Total: 1.300 Edge: 0.515 Con: 0.118 Cls: 0.658 Recon: 0.0085 | 0.0s
  Epoch 30/400 | Total: 1.277 Edge: 0.510 Con: 0.116 Cls: 0.642 Recon: 0.0085 | Val F1: 0.5924 | 0.0s
  Epoch 31/400 | Total: 1.219 Edge: 0.489 Con: 0.115 Cls: 0.607 Recon: 0.0085 | 0.0s
  Epoch 32/400 | Total: 1.198 Edge: 0.486 Con: 0.114 Cls: 0.589 Recon: 0.0084 | 0.0s
  Epoch 33/400 | Total: 1.164 Edge: 0.475 Con: 0.113 Cls: 0.567 Recon: 0.0084 | 0.0s
  Epoch 34/400 | Total: 1.142 Edge: 0.473 Con: 0.113 Cls: 0.548 Recon: 0.0084 | 0.0s
  Epoch 35/400 | Total: 1.134 Edge: 0.467 Con: 0.112 Cls: 0.547 Recon: 0.0085 | Val F1: 0.6061 | 0.0s
  Epoch 36/400 | Total: 1.077 Edge: 0.454 Con: 0.111 Cls: 0.504 Recon: 0.0084 | 0.0s
  Epoch 37/400 | Total: 1.059 Edge: 0.456 Con: 0.110 Cls: 0.485 Recon: 0.0084 | 0.0s
  Epoch 38/400 | Total: 1.049 Edge: 0.451 Con: 0.111 Cls: 0.479 Recon: 0.0084 | 0.0s
  Epoch 39/400 | Total: 1.033 Edge: 0.444 Con: 0.109 Cls: 0.471 Recon: 0.0084 | 0.0s
  Epoch 40/400 | Total: 1.010 Edge: 0.440 Con: 0.110 Cls: 0.452 Recon: 0.0084 | Val F1: 0.6583 | 0.0s
  Epoch 41/400 | Total: 0.992 Edge: 0.437 Con: 0.108 Cls: 0.438 Recon: 0.0085 | 0.0s
  Epoch 42/400 | Total: 0.966 Edge: 0.430 Con: 0.107 Cls: 0.420 Recon: 0.0084 | 0.0s
  Epoch 43/400 | Total: 0.944 Edge: 0.426 Con: 0.108 Cls: 0.401 Recon: 0.0084 | 0.0s
  Epoch 44/400 | Total: 0.913 Edge: 0.423 Con: 0.108 Cls: 0.373 Recon: 0.0083 | 0.0s
  Epoch 45/400 | Total: 0.911 Edge: 0.416 Con: 0.106 Cls: 0.380 Recon: 0.0084 | Val F1: 0.6617 | 0.0s
  Epoch 46/400 | Total: 0.881 Edge: 0.416 Con: 0.107 Cls: 0.350 Recon: 0.0085 | 0.0s
  Epoch 47/400 | Total: 0.871 Edge: 0.414 Con: 0.108 Cls: 0.341 Recon: 0.0084 | 0.0s
  Epoch 48/400 | Total: 0.848 Edge: 0.398 Con: 0.107 Cls: 0.335 Recon: 0.0083 | 0.0s
  Epoch 49/400 | Total: 0.822 Edge: 0.392 Con: 0.106 Cls: 0.315 Recon: 0.0084 | 0.0s
  Epoch 50/400 | Total: 0.794 Edge: 0.384 Con: 0.107 Cls: 0.295 Recon: 0.0084 | Val F1: 0.6524 | 0.0s
  Epoch 51/400 | Total: 0.794 Edge: 0.385 Con: 0.107 Cls: 0.294 Recon: 0.0083 | 0.0s
  Epoch 52/400 | Total: 0.787 Edge: 0.373 Con: 0.106 Cls: 0.299 Recon: 0.0083 | 0.0s
  Epoch 53/400 | Total: 0.772 Edge: 0.371 Con: 0.108 Cls: 0.284 Recon: 0.0084 | 0.0s
  Epoch 54/400 | Total: 0.760 Edge: 0.374 Con: 0.106 Cls: 0.271 Recon: 0.0083 | 0.0s
  Epoch 55/400 | Total: 0.750 Edge: 0.365 Con: 0.107 Cls: 0.271 Recon: 0.0083 | Val F1: 0.6490 | 0.0s
  Epoch 56/400 | Total: 0.743 Edge: 0.372 Con: 0.106 Cls: 0.257 Recon: 0.0082 | 0.0s
  Epoch 57/400 | Total: 0.734 Edge: 0.370 Con: 0.107 Cls: 0.250 Recon: 0.0083 | 0.0s
  Epoch 58/400 | Total: 0.725 Edge: 0.355 Con: 0.106 Cls: 0.256 Recon: 0.0083 | 0.0s
  Epoch 59/400 | Total: 0.701 Edge: 0.355 Con: 0.105 Cls: 0.232 Recon: 0.0083 | 0.0s
  Epoch 60/400 | Total: 0.725 Edge: 0.356 Con: 0.105 Cls: 0.256 Recon: 0.0082 | Val F1: 0.6502 | 0.0s
  Epoch 61/400 | Total: 0.695 Edge: 0.350 Con: 0.105 Cls: 0.232 Recon: 0.0083 | 0.0s
  Epoch 62/400 | Total: 0.677 Edge: 0.347 Con: 0.105 Cls: 0.216 Recon: 0.0083 | 0.0s
  Epoch 63/400 | Total: 0.670 Edge: 0.344 Con: 0.104 Cls: 0.215 Recon: 0.0082 | 0.0s
  Epoch 64/400 | Total: 0.661 Edge: 0.341 Con: 0.103 Cls: 0.209 Recon: 0.0082 | 0.0s
  Epoch 65/400 | Total: 0.645 Edge: 0.338 Con: 0.103 Cls: 0.196 Recon: 0.0083 | Val F1: 0.6447 | 0.0s
  Epoch 66/400 | Total: 0.665 Edge: 0.342 Con: 0.103 Cls: 0.212 Recon: 0.0083 | 0.0s
  Epoch 67/400 | Total: 0.645 Edge: 0.337 Con: 0.103 Cls: 0.198 Recon: 0.0082 | 0.0s
  Epoch 68/400 | Total: 0.650 Edge: 0.337 Con: 0.103 Cls: 0.202 Recon: 0.0083 | 0.0s
  Epoch 69/400 | Total: 0.655 Edge: 0.335 Con: 0.103 Cls: 0.209 Recon: 0.0082 | 0.0s
  Epoch 70/400 | Total: 0.621 Edge: 0.326 Con: 0.102 Cls: 0.185 Recon: 0.0083 | Val F1: 0.6505 | 0.0s
  Epoch 71/400 | Total: 0.634 Edge: 0.331 Con: 0.102 Cls: 0.193 Recon: 0.0083 | 0.0s
  Epoch 72/400 | Total: 0.624 Edge: 0.322 Con: 0.101 Cls: 0.193 Recon: 0.0082 | 0.0s
  Epoch 73/400 | Total: 0.632 Edge: 0.322 Con: 0.101 Cls: 0.201 Recon: 0.0082 | 0.0s
  Epoch 74/400 | Total: 0.594 Edge: 0.321 Con: 0.101 Cls: 0.164 Recon: 0.0083 | 0.0s
  Epoch 75/400 | Total: 0.601 Edge: 0.310 Con: 0.101 Cls: 0.182 Recon: 0.0082 | Val F1: 0.6482 | 0.0s
  Epoch 76/400 | Total: 0.601 Edge: 0.316 Con: 0.100 Cls: 0.176 Recon: 0.0083 | 0.0s
  Epoch 77/400 | Total: 0.604 Edge: 0.319 Con: 0.100 Cls: 0.176 Recon: 0.0083 | 0.0s
  Epoch 78/400 | Total: 0.594 Edge: 0.304 Con: 0.099 Cls: 0.183 Recon: 0.0083 | 0.0s
  Epoch 79/400 | Total: 0.584 Edge: 0.308 Con: 0.099 Cls: 0.169 Recon: 0.0082 | 0.0s
  Epoch 80/400 | Total: 0.583 Edge: 0.305 Con: 0.100 Cls: 0.170 Recon: 0.0082 | Val F1: 0.6458 | 0.0s
  Epoch 81/400 | Total: 0.586 Edge: 0.303 Con: 0.099 Cls: 0.176 Recon: 0.0082 | 0.0s
  Epoch 82/400 | Total: 0.582 Edge: 0.309 Con: 0.099 Cls: 0.167 Recon: 0.0083 | 0.0s
  Epoch 83/400 | Total: 0.572 Edge: 0.300 Con: 0.098 Cls: 0.166 Recon: 0.0082 | 0.0s
  Epoch 84/400 | Total: 0.561 Edge: 0.292 Con: 0.098 Cls: 0.162 Recon: 0.0082 | 0.0s
  Epoch 85/400 | Total: 0.580 Edge: 0.292 Con: 0.097 Cls: 0.182 Recon: 0.0082 | Val F1: 0.6496 | 0.0s
  Epoch 86/400 | Total: 0.571 Edge: 0.298 Con: 0.098 Cls: 0.167 Recon: 0.0082 | 0.0s
  Epoch 87/400 | Total: 0.566 Edge: 0.296 Con: 0.097 Cls: 0.165 Recon: 0.0083 | 0.0s
  Epoch 88/400 | Total: 0.565 Edge: 0.292 Con: 0.095 Cls: 0.169 Recon: 0.0082 | 0.0s
  Epoch 89/400 | Total: 0.542 Edge: 0.282 Con: 0.097 Cls: 0.155 Recon: 0.0083 | 0.0s
  Epoch 90/400 | Total: 0.561 Edge: 0.291 Con: 0.096 Cls: 0.166 Recon: 0.0082 | Val F1: 0.6485 | 0.0s
  Epoch 91/400 | Total: 0.544 Edge: 0.280 Con: 0.095 Cls: 0.161 Recon: 0.0082 | 0.0s
  Epoch 92/400 | Total: 0.541 Edge: 0.282 Con: 0.095 Cls: 0.156 Recon: 0.0082 | 0.0s
  Epoch 93/400 | Total: 0.544 Edge: 0.284 Con: 0.093 Cls: 0.158 Recon: 0.0082 | 0.0s
  Epoch 94/400 | Total: 0.538 Edge: 0.278 Con: 0.095 Cls: 0.157 Recon: 0.0082 | 0.0s
  Epoch 95/400 | Total: 0.537 Edge: 0.265 Con: 0.094 Cls: 0.170 Recon: 0.0083 | Val F1: 0.6488 | 0.0s
  Epoch 96/400 | Total: 0.531 Edge: 0.273 Con: 0.092 Cls: 0.157 Recon: 0.0083 | 0.0s
  Epoch 97/400 | Total: 0.513 Edge: 0.266 Con: 0.094 Cls: 0.145 Recon: 0.0082 | 0.0s
  Epoch 98/400 | Total: 0.527 Edge: 0.276 Con: 0.094 Cls: 0.149 Recon: 0.0081 | 0.0s
  Epoch 99/400 | Total: 0.525 Edge: 0.278 Con: 0.093 Cls: 0.145 Recon: 0.0083 | 0.0s
  Epoch 100/400 | Total: 0.527 Edge: 0.270 Con: 0.092 Cls: 0.157 Recon: 0.0082 | Val F1: 0.6483 | 0.0s
  Epoch 101/400 | Total: 0.529 Edge: 0.270 Con: 0.093 Cls: 0.159 Recon: 0.0082 | 0.0s
  Epoch 102/400 | Total: 0.523 Edge: 0.264 Con: 0.093 Cls: 0.158 Recon: 0.0082 | 0.0s
  Epoch 103/400 | Total: 0.529 Edge: 0.271 Con: 0.093 Cls: 0.157 Recon: 0.0082 | 0.0s
  Epoch 104/400 | Total: 0.504 Edge: 0.261 Con: 0.092 Cls: 0.143 Recon: 0.0082 | 0.0s
  Epoch 105/400 | Total: 0.518 Edge: 0.267 Con: 0.091 Cls: 0.152 Recon: 0.0082 | Val F1: 0.6498 | 0.0s
  Epoch 106/400 | Total: 0.513 Edge: 0.262 Con: 0.092 Cls: 0.151 Recon: 0.0082 | 0.0s
  Epoch 107/400 | Total: 0.518 Edge: 0.258 Con: 0.091 Cls: 0.160 Recon: 0.0082 | 0.0s
  Epoch 108/400 | Total: 0.496 Edge: 0.254 Con: 0.089 Cls: 0.145 Recon: 0.0082 | 0.0s
  Epoch 109/400 | Total: 0.499 Edge: 0.256 Con: 0.090 Cls: 0.145 Recon: 0.0082 | 0.0s
  Epoch 110/400 | Total: 0.480 Edge: 0.249 Con: 0.089 Cls: 0.134 Recon: 0.0082 | Val F1: 0.6500 | 0.0s
  Epoch 111/400 | Total: 0.505 Edge: 0.253 Con: 0.089 Cls: 0.155 Recon: 0.0082 | 0.0s
  Epoch 112/400 | Total: 0.496 Edge: 0.253 Con: 0.087 Cls: 0.148 Recon: 0.0082 | 0.0s
  Epoch 113/400 | Total: 0.485 Edge: 0.245 Con: 0.088 Cls: 0.143 Recon: 0.0082 | 0.0s
  Epoch 114/400 | Total: 0.492 Edge: 0.250 Con: 0.088 Cls: 0.145 Recon: 0.0082 | 0.0s
  Epoch 115/400 | Total: 0.485 Edge: 0.245 Con: 0.088 Cls: 0.144 Recon: 0.0082 | Val F1: 0.6483 | 0.0s
  Epoch 116/400 | Total: 0.486 Edge: 0.239 Con: 0.087 Cls: 0.151 Recon: 0.0082 | 0.0s
  Epoch 117/400 | Total: 0.485 Edge: 0.244 Con: 0.086 Cls: 0.147 Recon: 0.0082 | 0.0s
  Epoch 118/400 | Total: 0.489 Edge: 0.247 Con: 0.087 Cls: 0.148 Recon: 0.0082 | 0.0s
  Epoch 119/400 | Total: 0.473 Edge: 0.240 Con: 0.087 Cls: 0.138 Recon: 0.0082 | 0.0s
  Epoch 120/400 | Total: 0.474 Edge: 0.242 Con: 0.085 Cls: 0.138 Recon: 0.0083 | Val F1: 0.6524 | 0.0s
  Epoch 121/400 | Total: 0.482 Edge: 0.245 Con: 0.086 Cls: 0.144 Recon: 0.0082 | 0.0s
  Epoch 122/400 | Total: 0.459 Edge: 0.229 Con: 0.084 Cls: 0.138 Recon: 0.0083 | 0.0s
  Epoch 123/400 | Total: 0.479 Edge: 0.234 Con: 0.087 Cls: 0.151 Recon: 0.0082 | 0.0s
  Epoch 124/400 | Total: 0.475 Edge: 0.230 Con: 0.085 Cls: 0.151 Recon: 0.0083 | 0.0s
  Epoch 125/400 | Total: 0.454 Edge: 0.234 Con: 0.085 Cls: 0.126 Recon: 0.0082 | Val F1: 0.6481 | 0.0s
  Epoch 126/400 | Total: 0.473 Edge: 0.234 Con: 0.084 Cls: 0.146 Recon: 0.0082 | 0.0s
  Epoch 127/400 | Total: 0.448 Edge: 0.225 Con: 0.085 Cls: 0.130 Recon: 0.0082 | 0.0s
  Epoch 128/400 | Total: 0.473 Edge: 0.239 Con: 0.084 Cls: 0.142 Recon: 0.0082 | 0.0s
  Epoch 129/400 | Total: 0.470 Edge: 0.227 Con: 0.084 Cls: 0.151 Recon: 0.0082 | 0.0s
  Epoch 130/400 | Total: 0.473 Edge: 0.223 Con: 0.083 Cls: 0.158 Recon: 0.0082 | Val F1: 0.6422 | 0.0s
  Epoch 131/400 | Total: 0.442 Edge: 0.220 Con: 0.082 Cls: 0.132 Recon: 0.0083 | 0.0s
  Epoch 132/400 | Total: 0.464 Edge: 0.228 Con: 0.083 Cls: 0.145 Recon: 0.0082 | 0.0s
  Epoch 133/400 | Total: 0.466 Edge: 0.229 Con: 0.084 Cls: 0.145 Recon: 0.0082 | 0.0s
  Epoch 134/400 | Total: 0.456 Edge: 0.223 Con: 0.082 Cls: 0.142 Recon: 0.0082 | 0.0s
  Epoch 135/400 | Total: 0.451 Edge: 0.220 Con: 0.082 Cls: 0.141 Recon: 0.0082 | Val F1: 0.6455 | 0.0s
  Epoch 136/400 | Total: 0.458 Edge: 0.218 Con: 0.082 Cls: 0.150 Recon: 0.0083 | 0.0s
  Epoch 137/400 | Total: 0.451 Edge: 0.225 Con: 0.082 Cls: 0.137 Recon: 0.0082 | 0.0s
  Epoch 138/400 | Total: 0.443 Edge: 0.218 Con: 0.081 Cls: 0.135 Recon: 0.0082 | 0.0s
  Epoch 139/400 | Total: 0.448 Edge: 0.219 Con: 0.081 Cls: 0.140 Recon: 0.0081 | 0.0s
  Epoch 140/400 | Total: 0.442 Edge: 0.220 Con: 0.082 Cls: 0.132 Recon: 0.0082 | Val F1: 0.6439 | 0.0s
  Epoch 141/400 | Total: 0.459 Edge: 0.216 Con: 0.081 Cls: 0.153 Recon: 0.0082 | 0.0s
  Epoch 142/400 | Total: 0.432 Edge: 0.208 Con: 0.080 Cls: 0.135 Recon: 0.0082 | 0.0s
  Epoch 143/400 | Total: 0.445 Edge: 0.216 Con: 0.079 Cls: 0.142 Recon: 0.0082 | 0.0s
  Epoch 144/400 | Total: 0.460 Edge: 0.209 Con: 0.080 Cls: 0.163 Recon: 0.0081 | 0.0s
  Epoch 145/400 | Total: 0.441 Edge: 0.211 Con: 0.080 Cls: 0.142 Recon: 0.0082 | Val F1: 0.6485 | 0.0s
  Early stopping at epoch 145
  Best Val F1: 0.6617 | Test F1: 0.7001
  Total training time: 4.7s (0.1 min)

======================================================================
  Val  Macro-F1: 0.6617
  Test Macro-F1: 0.7001
  Test Accuracy: 0.7263
  Time: 5.0s
======================================================================

  Results saved to: results/NESS_citeseer_MCAR_0.4_20260721_161119
