/home/erfan/MATE/ogbn_benchmarks/../src/utils.py:183: UserWarning: torch.sparse.SparseTensor(indices, values, shape, *, device=) is deprecated.  Please use torch.sparse_coo_tensor(indices, values, shape, dtype=, device=). (Triggered internally at /pytorch/torch/csrc/utils/tensor_new.cpp:654.)
  adj_norm = torch.sparse.FloatTensor(indices_norm, values_norm, torch.Size(adj_norm.shape))
======================================================================
  NeighAggre | citeseer | MCAR @ 40%
======================================================================
[1/3] Loading citeseer...
loading dataset: citeseer
  3,327 nodes | 3703 dims | 6 classes
[2/3] Simulating MCAR missingness...
Simulating MCAR missingness at 40% rate...
  MCAR: Uniform random selection
  Observable: 1,997 (60.0%)
  Masked: 1,330 (40.0%)
  Observable: 1,997 | Val: 665 | Test: 665
[3/3] Running NeighAggre...
  NeighAggre done in 0.1s — imputed 1,330 nodes
  Training linear classifier on imputed features...

======================================================================
  Val  Macro-F1: 0.5886
  Test Macro-F1: 0.6582
  Test Accuracy: 0.6752
  Time: 11.1s
======================================================================

  Results saved to: results/NeighAggre_citeseer_MCAR_0.4_20260721_161059
