/home/erfan/MATE/ogbn_benchmarks/../src/utils.py:183: UserWarning: torch.sparse.SparseTensor(indices, values, shape, *, device=) is deprecated.  Please use torch.sparse_coo_tensor(indices, values, shape, dtype=, device=). (Triggered internally at /pytorch/torch/csrc/utils/tensor_new.cpp:654.)
  adj_norm = torch.sparse.FloatTensor(indices_norm, values_norm, torch.Size(adj_norm.shape))
/home/erfan/MATE/ogbn_benchmarks/PaGCN.py:87: UserWarning: Sparse invariant checks are implicitly disabled. Memory errors (e.g. SEGFAULT) will occur when operating on a sparse tensor which violates the invariants, but checks incur performance overhead. To silence this warning, explicitly opt in or out. See `torch.sparse.check_sparse_tensor_invariants.__doc__` for guidance.  (Triggered internally at /pytorch/aten/src/ATen/Context.cpp:760.)
  return torch.sparse_coo_tensor(idx, val, (num_nodes, num_nodes)).coalesce().to(device)
======================================================================
  PaGCN | citeseer | MCAR @ 40%
======================================================================
[1/3] Loading citeseer...
loading dataset: citeseer
  3,327 nodes | 3703 dims | 6 classes
[2/3] Simulating MCAR missingness...
Simulating MCAR missingness at 40% rate...
  MCAR: Uniform random selection
  Observable: 1,997 (60.0%)
  Masked: 1,330 (40.0%)
  Observable: 1,997 | Val: 665 | Test: 665
[3/3] Running PaGCN...
  Training PaGCN (full-batch) for up to 400 epochs (patience=20)...
  Epoch 5/400 | Loss: 0.7436 | Val F1: 0.5849 | 0.00s
  Epoch 10/400 | Loss: 0.3123 | Val F1: 0.6499 | 0.00s
  Epoch 15/400 | Loss: 0.1933 | Val F1: 0.6298 | 0.00s
  Epoch 20/400 | Loss: 0.1449 | Val F1: 0.6313 | 0.00s
  Epoch 25/400 | Loss: 0.1389 | Val F1: 0.6354 | 0.00s
  Epoch 30/400 | Loss: 0.1249 | Val F1: 0.6420 | 0.00s
  Epoch 35/400 | Loss: 0.1104 | Val F1: 0.6464 | 0.00s
  Epoch 40/400 | Loss: 0.1168 | Val F1: 0.6452 | 0.00s
  Epoch 45/400 | Loss: 0.1107 | Val F1: 0.6440 | 0.00s
  Epoch 50/400 | Loss: 0.1142 | Val F1: 0.6426 | 0.00s
  Epoch 55/400 | Loss: 0.1013 | Val F1: 0.6382 | 0.00s
  Epoch 60/400 | Loss: 0.1044 | Val F1: 0.6456 | 0.00s
  Epoch 65/400 | Loss: 0.1104 | Val F1: 0.6459 | 0.00s
  Epoch 70/400 | Loss: 0.0972 | Val F1: 0.6431 | 0.00s
  Epoch 75/400 | Loss: 0.0929 | Val F1: 0.6421 | 0.00s
  Epoch 80/400 | Loss: 0.0918 | Val F1: 0.6293 | 0.00s
  Epoch 85/400 | Loss: 0.0885 | Val F1: 0.6357 | 0.00s
  Epoch 90/400 | Loss: 0.0961 | Val F1: 0.6335 | 0.00s
  Epoch 95/400 | Loss: 0.0966 | Val F1: 0.6454 | 0.00s
  Epoch 100/400 | Loss: 0.0904 | Val F1: 0.6377 | 0.00s
  Epoch 105/400 | Loss: 0.1038 | Val F1: 0.6337 | 0.00s
  Epoch 110/400 | Loss: 0.0919 | Val F1: 0.6353 | 0.00s
  Early stopping at epoch 110
  Best Val F1: 0.6499 | Test F1: 0.6696 | Test Acc: 0.7008
  Total training time: 0.7s

======================================================================
  Val  Macro-F1: 0.6499
  Test Macro-F1: 0.6696
  Test Accuracy: 0.7008
  Time: 0.7s
======================================================================

  Results saved to: results/PaGCN_citeseer_MCAR_0.4_20260721_161108
