/home/erfan/MATE/venv/lib/python3.13/site-packages/outdated/__init__.py:36: UserWarning: pkg_resources is deprecated as an API. See https://setuptools.pypa.io/en/latest/pkg_resources.html. The pkg_resources package is slated for removal as early as 2025-11-30. Refrain from using this package or pin to Setuptools<81.
  from pkg_resources import parse_version
/home/erfan/MATE/ogbn_benchmarks/data_loader.py:96: UserWarning: Sparse invariant checks are implicitly disabled. Memory errors (e.g. SEGFAULT) will occur when operating on a sparse tensor which violates the invariants, but checks incur performance overhead. To silence this warning, explicitly opt in or out. See `torch.sparse.check_sparse_tensor_invariants.__doc__` for guidance.  (Triggered internally at /pytorch/aten/src/ATen/Context.cpp:760.)
  adj = torch.sparse_coo_tensor(edge_index, vals, (num_nodes, num_nodes)).coalesce()
======================================================================
  NESS | ogbn-arxiv | MCAR @ 80% | lr=0.001
======================================================================
[1/3] Loading ogbn-arxiv...
  169,343 nodes | 128 dims | 40 classes
[2/3] Simulating MCAR missingness...
Simulating MCAR missingness at 80% rate...
  MCAR: Uniform random selection
  Observable: 33,869 (20.0%)
  Masked: 135,474 (80.0%)
  Observable: 33,869 | Val: 67,737 | Test: 67,737
[3/3] Running NESS...
  Prefilling missing nodes via Feature Propagation (40 iters)...
  Computing neighbor label-histogram target (2-hop, observable labels)...
  Partitioning graph into 20 clusters (cache_device=gpu)...
  Cached 20 clusters
  Training NESS for up to 800 epochs (patience=20)...
  Epoch 1/800 | Total: 8.315 Edge: 0.677 Con: 0.651 Cls: 3.530 Hist: 2.7666 Path: 0.6903 | 10.6s
  Epoch 2/800 | Total: 7.189 Edge: 0.628 Con: 0.467 Cls: 3.116 Hist: 2.3005 Path: 0.6773 | 1.1s
  Epoch 3/800 | Total: 6.893 Edge: 0.596 Con: 0.396 Cls: 3.009 Hist: 2.2205 Path: 0.6715 | 1.0s
  Epoch 4/800 | Total: 6.676 Edge: 0.592 Con: 0.357 Cls: 2.946 Hist: 2.1105 Path: 0.6714 | 1.0s
  Epoch 5/800 | Total: 6.520 Edge: 0.591 Con: 0.329 Cls: 2.888 Hist: 2.0394 Path: 0.6717 | Val F1: 0.0305 | 1.0s
  Epoch 6/800 | Total: 6.280 Edge: 0.586 Con: 0.305 Cls: 2.791 Hist: 1.9332 Path: 0.6644 | 0.9s
  Epoch 7/800 | Total: 5.983 Edge: 0.589 Con: 0.293 Cls: 2.631 Hist: 1.8051 Path: 0.6646 | 1.1s
  Epoch 8/800 | Total: 5.682 Edge: 0.581 Con: 0.283 Cls: 2.480 Hist: 1.6871 Path: 0.6514 | 0.9s
  Epoch 9/800 | Total: 5.430 Edge: 0.558 Con: 0.269 Cls: 2.369 Hist: 1.5944 Path: 0.6402 | 1.0s
  Epoch 10/800 | Total: 5.243 Edge: 0.557 Con: 0.260 Cls: 2.262 Hist: 1.5306 Path: 0.6334 | Val F1: 0.1194 | 0.9s
  Epoch 11/800 | Total: 5.091 Edge: 0.535 Con: 0.250 Cls: 2.187 Hist: 1.4858 Path: 0.6321 | 0.9s
  Epoch 12/800 | Total: 5.052 Edge: 0.522 Con: 0.248 Cls: 2.191 Hist: 1.4823 Path: 0.6097 | 0.9s
  Epoch 13/800 | Total: 5.073 Edge: 0.530 Con: 0.245 Cls: 2.197 Hist: 1.4854 Path: 0.6164 | 1.4s
  Epoch 14/800 | Total: 4.997 Edge: 0.515 Con: 0.239 Cls: 2.171 Hist: 1.4704 Path: 0.6015 | 1.0s
  Epoch 15/800 | Total: 4.782 Edge: 0.515 Con: 0.236 Cls: 2.048 Hist: 1.3824 Path: 0.6001 | Val F1: 0.1203 | 1.2s
  Epoch 16/800 | Total: 4.714 Edge: 0.505 Con: 0.240 Cls: 2.011 Hist: 1.3580 Path: 0.6002 | 1.1s
  Epoch 17/800 | Total: 4.690 Edge: 0.499 Con: 0.235 Cls: 2.009 Hist: 1.3605 Path: 0.5864 | 1.1s
  Epoch 18/800 | Total: 4.638 Edge: 0.496 Con: 0.234 Cls: 1.999 Hist: 1.3276 Path: 0.5815 | 1.0s
  Epoch 19/800 | Total: 4.690 Edge: 0.490 Con: 0.225 Cls: 2.033 Hist: 1.3743 Path: 0.5685 | 1.0s
  Epoch 20/800 | Total: 4.605 Edge: 0.497 Con: 0.230 Cls: 1.971 Hist: 1.3217 Path: 0.5853 | Val F1: 0.1519 | 1.2s
  Epoch 21/800 | Total: 4.553 Edge: 0.479 Con: 0.225 Cls: 1.970 Hist: 1.3103 Path: 0.5686 | 1.2s
  Epoch 22/800 | Total: 4.472 Edge: 0.480 Con: 0.230 Cls: 1.921 Hist: 1.2795 Path: 0.5624 | 1.1s
  Epoch 23/800 | Total: 4.588 Edge: 0.489 Con: 0.230 Cls: 1.984 Hist: 1.3165 Path: 0.5688 | 1.1s
  Epoch 24/800 | Total: 4.573 Edge: 0.492 Con: 0.229 Cls: 1.964 Hist: 1.3095 Path: 0.5786 | 1.0s
  Epoch 25/800 | Total: 4.463 Edge: 0.479 Con: 0.223 Cls: 1.911 Hist: 1.2853 Path: 0.5646 | Val F1: 0.1719 | 1.0s
  Epoch 26/800 | Total: 4.515 Edge: 0.487 Con: 0.228 Cls: 1.943 Hist: 1.2968 Path: 0.5598 | 1.0s
  Epoch 27/800 | Total: 4.343 Edge: 0.486 Con: 0.225 Cls: 1.849 Hist: 1.2242 Path: 0.5593 | 0.9s
  Epoch 28/800 | Total: 4.320 Edge: 0.474 Con: 0.223 Cls: 1.849 Hist: 1.2266 Path: 0.5469 | 1.1s
  Epoch 29/800 | Total: 4.257 Edge: 0.472 Con: 0.224 Cls: 1.809 Hist: 1.2050 Path: 0.5470 | 1.0s
  Epoch 30/800 | Total: 4.225 Edge: 0.476 Con: 0.225 Cls: 1.791 Hist: 1.1859 Path: 0.5473 | Val F1: 0.1797 | 1.1s
  Epoch 31/800 | Total: 4.235 Edge: 0.469 Con: 0.220 Cls: 1.802 Hist: 1.2051 Path: 0.5394 | 1.1s
  Epoch 32/800 | Total: 4.275 Edge: 0.464 Con: 0.217 Cls: 1.840 Hist: 1.2180 Path: 0.5359 | 1.0s
  Epoch 33/800 | Total: 4.139 Edge: 0.464 Con: 0.218 Cls: 1.753 Hist: 1.1688 Path: 0.5352 | 0.9s
  Epoch 34/800 | Total: 4.169 Edge: 0.465 Con: 0.216 Cls: 1.773 Hist: 1.1816 Path: 0.5344 | 1.0s
  Epoch 35/800 | Total: 4.137 Edge: 0.465 Con: 0.216 Cls: 1.751 Hist: 1.1665 Path: 0.5390 | Val F1: 0.2140 | 0.9s
  Epoch 36/800 | Total: 4.160 Edge: 0.464 Con: 0.218 Cls: 1.774 Hist: 1.1742 Path: 0.5292 | 1.4s
  Epoch 37/800 | Total: 4.132 Edge: 0.466 Con: 0.220 Cls: 1.756 Hist: 1.1617 Path: 0.5296 | 1.1s
  Epoch 38/800 | Total: 4.131 Edge: 0.452 Con: 0.219 Cls: 1.769 Hist: 1.1746 Path: 0.5158 | 1.1s
  Epoch 39/800 | Total: 4.127 Edge: 0.445 Con: 0.214 Cls: 1.772 Hist: 1.1770 Path: 0.5181 | 1.2s
  Epoch 40/800 | Total: 4.097 Edge: 0.446 Con: 0.212 Cls: 1.756 Hist: 1.1626 Path: 0.5194 | Val F1: 0.2279 | 0.9s
  Epoch 41/800 | Total: 4.127 Edge: 0.460 Con: 0.216 Cls: 1.764 Hist: 1.1674 Path: 0.5202 | 1.0s
  Epoch 42/800 | Total: 4.075 Edge: 0.470 Con: 0.214 Cls: 1.723 Hist: 1.1352 Path: 0.5335 | 1.0s
  Epoch 43/800 | Total: 4.032 Edge: 0.459 Con: 0.216 Cls: 1.705 Hist: 1.1270 Path: 0.5241 | 1.1s
  Epoch 44/800 | Total: 3.987 Edge: 0.448 Con: 0.213 Cls: 1.699 Hist: 1.1111 Path: 0.5157 | 1.0s
  Epoch 45/800 | Total: 3.988 Edge: 0.452 Con: 0.215 Cls: 1.693 Hist: 1.1095 Path: 0.5192 | Val F1: 0.2401 | 1.0s
  Epoch 46/800 | Total: 3.998 Edge: 0.448 Con: 0.213 Cls: 1.698 Hist: 1.1232 Path: 0.5156 | 1.1s
  Epoch 47/800 | Total: 3.965 Edge: 0.442 Con: 0.212 Cls: 1.691 Hist: 1.1124 Path: 0.5071 | 1.2s
  Epoch 48/800 | Total: 3.966 Edge: 0.444 Con: 0.212 Cls: 1.697 Hist: 1.1108 Path: 0.5015 | 1.1s
  Epoch 49/800 | Total: 4.005 Edge: 0.453 Con: 0.215 Cls: 1.710 Hist: 1.1170 Path: 0.5099 | 1.0s
  Epoch 50/800 | Total: 3.918 Edge: 0.437 Con: 0.209 Cls: 1.680 Hist: 1.0972 Path: 0.4943 | Val F1: 0.2349 | 1.0s
  Epoch 51/800 | Total: 3.887 Edge: 0.436 Con: 0.212 Cls: 1.658 Hist: 1.0818 Path: 0.4982 | 1.1s
  Epoch 52/800 | Total: 3.929 Edge: 0.437 Con: 0.212 Cls: 1.674 Hist: 1.0939 Path: 0.5123 | 1.0s
  Epoch 53/800 | Total: 3.989 Edge: 0.445 Con: 0.209 Cls: 1.709 Hist: 1.1141 Path: 0.5129 | 1.2s
  Epoch 54/800 | Total: 4.016 Edge: 0.437 Con: 0.214 Cls: 1.738 Hist: 1.1247 Path: 0.5022 | 0.9s
  Epoch 55/800 | Total: 3.933 Edge: 0.439 Con: 0.210 Cls: 1.687 Hist: 1.1015 Path: 0.4965 | Val F1: 0.2361 | 1.0s
  Epoch 56/800 | Total: 3.928 Edge: 0.436 Con: 0.214 Cls: 1.679 Hist: 1.0991 Path: 0.4990 | 1.0s
  Epoch 57/800 | Total: 3.988 Edge: 0.431 Con: 0.210 Cls: 1.723 Hist: 1.1307 Path: 0.4929 | 0.9s
  Epoch 58/800 | Total: 3.982 Edge: 0.436 Con: 0.209 Cls: 1.715 Hist: 1.1321 Path: 0.4909 | 1.0s
  Epoch 59/800 | Total: 3.834 Edge: 0.427 Con: 0.208 Cls: 1.637 Hist: 1.0703 Path: 0.4906 | 1.1s
  Epoch 60/800 | Total: 3.851 Edge: 0.439 Con: 0.208 Cls: 1.641 Hist: 1.0714 Path: 0.4915 | Val F1: 0.2275 | 1.0s
  Epoch 61/800 | Total: 3.882 Edge: 0.438 Con: 0.213 Cls: 1.650 Hist: 1.0874 Path: 0.4937 | 1.2s
  Epoch 62/800 | Total: 3.807 Edge: 0.433 Con: 0.211 Cls: 1.620 Hist: 1.0600 Path: 0.4835 | 1.0s
  Epoch 63/800 | Total: 3.859 Edge: 0.424 Con: 0.204 Cls: 1.651 Hist: 1.0898 Path: 0.4899 | 1.1s
  Epoch 64/800 | Total: 3.878 Edge: 0.437 Con: 0.208 Cls: 1.660 Hist: 1.0876 Path: 0.4847 | 1.2s
  Epoch 65/800 | Total: 3.859 Edge: 0.441 Con: 0.208 Cls: 1.640 Hist: 1.0783 Path: 0.4917 | Val F1: 0.2359 | 1.0s
  Epoch 66/800 | Total: 3.808 Edge: 0.435 Con: 0.208 Cls: 1.619 Hist: 1.0585 Path: 0.4883 | 1.0s
  Epoch 67/800 | Total: 3.838 Edge: 0.433 Con: 0.207 Cls: 1.625 Hist: 1.0775 Path: 0.4959 | 1.2s
  Epoch 68/800 | Total: 3.782 Edge: 0.430 Con: 0.207 Cls: 1.603 Hist: 1.0469 Path: 0.4955 | 1.0s
  Epoch 69/800 | Total: 3.825 Edge: 0.424 Con: 0.208 Cls: 1.628 Hist: 1.0704 Path: 0.4941 | 1.1s
  Epoch 70/800 | Total: 3.784 Edge: 0.417 Con: 0.203 Cls: 1.625 Hist: 1.0577 Path: 0.4812 | Val F1: 0.2565 | 1.1s
  Epoch 71/800 | Total: 3.760 Edge: 0.427 Con: 0.208 Cls: 1.602 Hist: 1.0436 Path: 0.4787 | 1.0s
  Epoch 72/800 | Total: 3.834 Edge: 0.427 Con: 0.205 Cls: 1.655 Hist: 1.0744 Path: 0.4721 | 1.1s
  Epoch 73/800 | Total: 3.783 Edge: 0.420 Con: 0.208 Cls: 1.626 Hist: 1.0595 Path: 0.4700 | 1.1s
  Epoch 74/800 | Total: 3.752 Edge: 0.423 Con: 0.201 Cls: 1.605 Hist: 1.0477 Path: 0.4760 | 1.1s
  Epoch 75/800 | Total: 3.818 Edge: 0.429 Con: 0.210 Cls: 1.638 Hist: 1.0652 Path: 0.4765 | Val F1: 0.2638 | 1.0s
  Epoch 76/800 | Total: 3.776 Edge: 0.431 Con: 0.205 Cls: 1.611 Hist: 1.0516 Path: 0.4772 | 1.2s
  Epoch 77/800 | Total: 3.724 Edge: 0.430 Con: 0.203 Cls: 1.574 Hist: 1.0297 Path: 0.4871 | 1.2s
  Epoch 78/800 | Total: 3.705 Edge: 0.422 Con: 0.203 Cls: 1.574 Hist: 1.0266 Path: 0.4778 | 0.9s
  Epoch 79/800 | Total: 3.709 Edge: 0.424 Con: 0.207 Cls: 1.574 Hist: 1.0352 Path: 0.4697 | 1.1s
  Epoch 80/800 | Total: 3.749 Edge: 0.424 Con: 0.207 Cls: 1.604 Hist: 1.0501 Path: 0.4635 | Val F1: 0.2639 | 1.0s
  Epoch 81/800 | Total: 3.762 Edge: 0.414 Con: 0.200 Cls: 1.624 Hist: 1.0537 Path: 0.4702 | 1.0s
  Epoch 82/800 | Total: 3.761 Edge: 0.417 Con: 0.206 Cls: 1.609 Hist: 1.0552 Path: 0.4739 | 1.0s
  Epoch 83/800 | Total: 3.807 Edge: 0.423 Con: 0.202 Cls: 1.633 Hist: 1.0741 Path: 0.4748 | 1.0s
  Epoch 84/800 | Total: 3.746 Edge: 0.428 Con: 0.203 Cls: 1.596 Hist: 1.0405 Path: 0.4786 | 1.1s
  Epoch 85/800 | Total: 3.773 Edge: 0.428 Con: 0.203 Cls: 1.609 Hist: 1.0506 Path: 0.4822 | Val F1: 0.2731 | 1.0s
  Epoch 86/800 | Total: 3.747 Edge: 0.430 Con: 0.203 Cls: 1.593 Hist: 1.0392 Path: 0.4830 | 1.1s
  Epoch 87/800 | Total: 3.707 Edge: 0.422 Con: 0.201 Cls: 1.576 Hist: 1.0272 Path: 0.4798 | 0.9s
  Epoch 88/800 | Total: 3.858 Edge: 0.419 Con: 0.206 Cls: 1.668 Hist: 1.0961 Path: 0.4696 | 1.0s
  Epoch 89/800 | Total: 3.692 Edge: 0.418 Con: 0.204 Cls: 1.575 Hist: 1.0295 Path: 0.4659 | 1.1s
  Epoch 90/800 | Total: 3.645 Edge: 0.413 Con: 0.203 Cls: 1.558 Hist: 1.0126 Path: 0.4581 | Val F1: 0.2670 | 1.0s
  Epoch 91/800 | Total: 3.661 Edge: 0.422 Con: 0.205 Cls: 1.555 Hist: 1.0174 Path: 0.4623 | 1.1s
  Epoch 92/800 | Total: 3.662 Edge: 0.408 Con: 0.201 Cls: 1.568 Hist: 1.0257 Path: 0.4586 | 1.0s
  Epoch 93/800 | Total: 3.695 Edge: 0.420 Con: 0.202 Cls: 1.575 Hist: 1.0283 Path: 0.4699 | 1.0s
  Epoch 94/800 | Total: 3.674 Edge: 0.414 Con: 0.203 Cls: 1.570 Hist: 1.0189 Path: 0.4675 | 1.1s
  Epoch 95/800 | Total: 3.722 Edge: 0.416 Con: 0.203 Cls: 1.598 Hist: 1.0437 Path: 0.4600 | Val F1: 0.2663 | 1.1s
  Epoch 96/800 | Total: 3.784 Edge: 0.416 Con: 0.201 Cls: 1.640 Hist: 1.0651 Path: 0.4621 | 1.0s
  Epoch 97/800 | Total: 3.757 Edge: 0.419 Con: 0.203 Cls: 1.619 Hist: 1.0489 Path: 0.4669 | 1.0s
  Epoch 98/800 | Total: 3.680 Edge: 0.414 Con: 0.202 Cls: 1.574 Hist: 1.0281 Path: 0.4618 | 1.0s
  Epoch 99/800 | Total: 3.669 Edge: 0.414 Con: 0.201 Cls: 1.574 Hist: 1.0217 Path: 0.4578 | 1.0s
  Epoch 100/800 | Total: 3.656 Edge: 0.414 Con: 0.202 Cls: 1.562 Hist: 1.0214 Path: 0.4564 | Val F1: 0.2714 | 1.0s
  Epoch 101/800 | Total: 3.645 Edge: 0.425 Con: 0.204 Cls: 1.550 Hist: 1.0116 Path: 0.4542 | 1.0s
  Epoch 102/800 | Total: 3.698 Edge: 0.416 Con: 0.201 Cls: 1.589 Hist: 1.0423 Path: 0.4496 | 1.1s
  Epoch 103/800 | Total: 3.625 Edge: 0.412 Con: 0.198 Cls: 1.548 Hist: 1.0133 Path: 0.4548 | 0.9s
  Epoch 104/800 | Total: 3.586 Edge: 0.413 Con: 0.201 Cls: 1.530 Hist: 0.9928 Path: 0.4494 | 1.1s
  Epoch 105/800 | Total: 3.620 Edge: 0.410 Con: 0.202 Cls: 1.550 Hist: 1.0076 Path: 0.4494 | Val F1: 0.3012 | 1.1s
  Epoch 106/800 | Total: 3.623 Edge: 0.417 Con: 0.200 Cls: 1.540 Hist: 1.0012 Path: 0.4650 | 1.2s
  Epoch 107/800 | Total: 3.638 Edge: 0.414 Con: 0.200 Cls: 1.545 Hist: 1.0122 Path: 0.4668 | 1.0s
  Epoch 108/800 | Total: 3.650 Edge: 0.408 Con: 0.198 Cls: 1.561 Hist: 1.0200 Path: 0.4637 | 1.2s
  Epoch 109/800 | Total: 3.662 Edge: 0.415 Con: 0.203 Cls: 1.569 Hist: 1.0181 Path: 0.4566 | 0.9s
  Epoch 110/800 | Total: 3.687 Edge: 0.413 Con: 0.199 Cls: 1.584 Hist: 1.0326 Path: 0.4587 | Val F1: 0.2769 | 1.1s
  Epoch 111/800 | Total: 3.602 Edge: 0.410 Con: 0.200 Cls: 1.534 Hist: 1.0022 Path: 0.4558 | 1.2s
  Epoch 112/800 | Total: 3.564 Edge: 0.406 Con: 0.201 Cls: 1.513 Hist: 0.9879 Path: 0.4568 | 1.1s
  Epoch 113/800 | Total: 3.585 Edge: 0.410 Con: 0.201 Cls: 1.523 Hist: 0.9954 Path: 0.4556 | 1.2s
  Epoch 114/800 | Total: 3.632 Edge: 0.411 Con: 0.202 Cls: 1.531 Hist: 1.0064 Path: 0.4821 | 1.1s
  Epoch 115/800 | Total: 3.646 Edge: 0.416 Con: 0.199 Cls: 1.538 Hist: 1.0120 Path: 0.4821 | Val F1: 0.3022 | 1.1s
  Epoch 116/800 | Total: 3.613 Edge: 0.414 Con: 0.200 Cls: 1.535 Hist: 1.0044 Path: 0.4595 | 1.1s
  Epoch 117/800 | Total: 3.597 Edge: 0.409 Con: 0.197 Cls: 1.535 Hist: 1.0036 Path: 0.4526 | 1.1s
  Epoch 118/800 | Total: 3.646 Edge: 0.410 Con: 0.200 Cls: 1.565 Hist: 1.0209 Path: 0.4498 | 1.1s
  Epoch 119/800 | Total: 3.677 Edge: 0.416 Con: 0.199 Cls: 1.581 Hist: 1.0343 Path: 0.4460 | 1.0s
  Epoch 120/800 | Total: 3.639 Edge: 0.421 Con: 0.200 Cls: 1.558 Hist: 1.0049 Path: 0.4551 | Val F1: 0.2855 | 1.0s
  Epoch 121/800 | Total: 3.620 Edge: 0.414 Con: 0.201 Cls: 1.542 Hist: 1.0040 Path: 0.4588 | 0.9s
  Epoch 122/800 | Total: 3.646 Edge: 0.413 Con: 0.198 Cls: 1.565 Hist: 1.0248 Path: 0.4465 | 0.9s
  Epoch 123/800 | Total: 3.624 Edge: 0.402 Con: 0.196 Cls: 1.554 Hist: 1.0194 Path: 0.4520 | 1.0s
  Epoch 124/800 | Total: 3.588 Edge: 0.404 Con: 0.198 Cls: 1.541 Hist: 0.9966 Path: 0.4475 | 1.3s
  Epoch 125/800 | Total: 3.592 Edge: 0.401 Con: 0.196 Cls: 1.539 Hist: 1.0025 Path: 0.4531 | Val F1: 0.2974 | 1.0s
  Epoch 126/800 | Total: 3.597 Edge: 0.410 Con: 0.200 Cls: 1.534 Hist: 1.0062 Path: 0.4460 | 1.0s
  Epoch 127/800 | Total: 3.590 Edge: 0.408 Con: 0.198 Cls: 1.537 Hist: 1.0003 Path: 0.4470 | 1.0s
  Epoch 128/800 | Total: 3.533 Edge: 0.404 Con: 0.199 Cls: 1.506 Hist: 0.9816 Path: 0.4428 | 1.0s
  Epoch 129/800 | Total: 3.594 Edge: 0.403 Con: 0.196 Cls: 1.540 Hist: 1.0019 Path: 0.4534 | 1.3s
  Epoch 130/800 | Total: 3.598 Edge: 0.408 Con: 0.201 Cls: 1.520 Hist: 0.9972 Path: 0.4710 | Val F1: 0.3006 | 1.1s
  Epoch 131/800 | Total: 3.590 Edge: 0.410 Con: 0.197 Cls: 1.519 Hist: 0.9977 Path: 0.4671 | 1.0s
  Epoch 132/800 | Total: 3.593 Edge: 0.408 Con: 0.199 Cls: 1.528 Hist: 0.9998 Path: 0.4576 | 1.3s
  Epoch 133/800 | Total: 3.608 Edge: 0.404 Con: 0.200 Cls: 1.541 Hist: 1.0048 Path: 0.4583 | 1.1s
  Epoch 134/800 | Total: 3.576 Edge: 0.409 Con: 0.200 Cls: 1.526 Hist: 0.9868 Path: 0.4548 | 1.0s
  Epoch 135/800 | Total: 3.604 Edge: 0.406 Con: 0.200 Cls: 1.537 Hist: 1.0023 Path: 0.4586 | Val F1: 0.3002 | 1.3s
  Epoch 136/800 | Total: 3.605 Edge: 0.406 Con: 0.196 Cls: 1.543 Hist: 1.0102 Path: 0.4502 | 1.1s
  Epoch 137/800 | Total: 3.576 Edge: 0.402 Con: 0.196 Cls: 1.534 Hist: 0.9956 Path: 0.4490 | 0.9s
  Epoch 138/800 | Total: 3.644 Edge: 0.409 Con: 0.198 Cls: 1.557 Hist: 1.0214 Path: 0.4600 | 1.0s
  Epoch 139/800 | Total: 3.591 Edge: 0.402 Con: 0.195 Cls: 1.531 Hist: 0.9997 Path: 0.4632 | 1.1s
  Epoch 140/800 | Total: 3.568 Edge: 0.405 Con: 0.194 Cls: 1.521 Hist: 0.9954 Path: 0.4518 | Val F1: 0.3037 | 1.1s
  Epoch 141/800 | Total: 3.532 Edge: 0.404 Con: 0.200 Cls: 1.503 Hist: 0.9814 Path: 0.4436 | 1.0s
  Epoch 142/800 | Total: 3.517 Edge: 0.402 Con: 0.201 Cls: 1.498 Hist: 0.9772 Path: 0.4393 | 0.9s
  Epoch 143/800 | Total: 3.473 Edge: 0.394 Con: 0.195 Cls: 1.487 Hist: 0.9664 Path: 0.4313 | 1.2s
  Epoch 144/800 | Total: 3.477 Edge: 0.398 Con: 0.196 Cls: 1.481 Hist: 0.9638 Path: 0.4375 | 1.0s
  Epoch 145/800 | Total: 3.544 Edge: 0.398 Con: 0.199 Cls: 1.526 Hist: 0.9882 Path: 0.4329 | Val F1: 0.3084 | 1.1s
  Epoch 146/800 | Total: 3.546 Edge: 0.414 Con: 0.201 Cls: 1.513 Hist: 0.9798 Path: 0.4382 | 1.0s
  Epoch 147/800 | Total: 3.536 Edge: 0.407 Con: 0.199 Cls: 1.508 Hist: 0.9867 Path: 0.4366 | 1.3s
  Epoch 148/800 | Total: 3.524 Edge: 0.407 Con: 0.196 Cls: 1.508 Hist: 0.9782 Path: 0.4355 | 1.1s
  Epoch 149/800 | Total: 3.436 Edge: 0.396 Con: 0.193 Cls: 1.462 Hist: 0.9571 Path: 0.4281 | 1.0s
  Epoch 150/800 | Total: 3.500 Edge: 0.396 Con: 0.193 Cls: 1.498 Hist: 0.9782 Path: 0.4342 | Val F1: 0.3145 | 1.2s
  Epoch 151/800 | Total: 3.473 Edge: 0.392 Con: 0.197 Cls: 1.479 Hist: 0.9681 Path: 0.4371 | 0.9s
  Epoch 152/800 | Total: 3.522 Edge: 0.403 Con: 0.197 Cls: 1.504 Hist: 0.9799 Path: 0.4379 | 1.0s
  Epoch 153/800 | Total: 3.541 Edge: 0.402 Con: 0.197 Cls: 1.513 Hist: 0.9875 Path: 0.4404 | 1.1s
  Epoch 154/800 | Total: 3.510 Edge: 0.398 Con: 0.196 Cls: 1.492 Hist: 0.9810 Path: 0.4438 | 0.9s
  Epoch 155/800 | Total: 3.518 Edge: 0.397 Con: 0.193 Cls: 1.504 Hist: 0.9790 Path: 0.4454 | Val F1: 0.3088 | 1.1s
  Epoch 156/800 | Total: 3.522 Edge: 0.396 Con: 0.193 Cls: 1.513 Hist: 0.9816 Path: 0.4386 | 1.0s
  Epoch 157/800 | Total: 3.559 Edge: 0.406 Con: 0.197 Cls: 1.524 Hist: 0.9784 Path: 0.4535 | 1.0s
  Epoch 158/800 | Total: 3.650 Edge: 0.405 Con: 0.196 Cls: 1.578 Hist: 1.0156 Path: 0.4554 | 1.0s
  Epoch 159/800 | Total: 3.583 Edge: 0.399 Con: 0.193 Cls: 1.542 Hist: 0.9999 Path: 0.4484 | 1.2s
  Epoch 160/800 | Total: 3.502 Edge: 0.395 Con: 0.195 Cls: 1.498 Hist: 0.9804 Path: 0.4339 | Val F1: 0.3159 | 1.0s
  Epoch 161/800 | Total: 3.539 Edge: 0.404 Con: 0.191 Cls: 1.513 Hist: 0.9870 Path: 0.4436 | 0.9s
  Epoch 162/800 | Total: 3.507 Edge: 0.403 Con: 0.192 Cls: 1.500 Hist: 0.9729 Path: 0.4374 | 0.9s
  Epoch 163/800 | Total: 3.504 Edge: 0.396 Con: 0.194 Cls: 1.496 Hist: 0.9809 Path: 0.4361 | 0.9s
  Epoch 164/800 | Total: 3.542 Edge: 0.395 Con: 0.193 Cls: 1.529 Hist: 0.9939 Path: 0.4298 | 1.0s
  Epoch 165/800 | Total: 3.544 Edge: 0.394 Con: 0.193 Cls: 1.526 Hist: 1.0034 Path: 0.4287 | Val F1: 0.3062 | 0.9s
  Epoch 166/800 | Total: 3.475 Edge: 0.398 Con: 0.196 Cls: 1.488 Hist: 0.9629 Path: 0.4301 | 1.1s
  Epoch 167/800 | Total: 3.537 Edge: 0.399 Con: 0.196 Cls: 1.521 Hist: 0.9819 Path: 0.4378 | 1.0s
  Epoch 168/800 | Total: 3.541 Edge: 0.394 Con: 0.193 Cls: 1.532 Hist: 0.9921 Path: 0.4292 | 1.0s
  Epoch 169/800 | Total: 3.498 Edge: 0.395 Con: 0.192 Cls: 1.497 Hist: 0.9754 Path: 0.4391 | 1.0s
  Epoch 170/800 | Total: 3.488 Edge: 0.400 Con: 0.199 Cls: 1.485 Hist: 0.9770 Path: 0.4264 | Val F1: 0.3236 | 0.9s
  Epoch 171/800 | Total: 3.469 Edge: 0.406 Con: 0.195 Cls: 1.473 Hist: 0.9582 Path: 0.4364 | 0.9s
  Epoch 172/800 | Total: 3.542 Edge: 0.398 Con: 0.191 Cls: 1.522 Hist: 0.9928 Path: 0.4396 | 1.0s
  Epoch 173/800 | Total: 3.480 Edge: 0.396 Con: 0.197 Cls: 1.484 Hist: 0.9652 Path: 0.4382 | 1.0s
  Epoch 174/800 | Total: 3.497 Edge: 0.390 Con: 0.190 Cls: 1.502 Hist: 0.9856 Path: 0.4298 | 0.9s
  Epoch 175/800 | Total: 3.559 Edge: 0.392 Con: 0.195 Cls: 1.533 Hist: 1.0112 Path: 0.4287 | Val F1: 0.3228 | 1.3s
  Epoch 176/800 | Total: 3.459 Edge: 0.394 Con: 0.195 Cls: 1.476 Hist: 0.9648 Path: 0.4287 | 1.0s
  Epoch 177/800 | Total: 3.442 Edge: 0.397 Con: 0.195 Cls: 1.467 Hist: 0.9554 Path: 0.4277 | 1.1s
  Epoch 178/800 | Total: 3.506 Edge: 0.395 Con: 0.195 Cls: 1.511 Hist: 0.9757 Path: 0.4288 | 1.2s
  Epoch 179/800 | Total: 3.538 Edge: 0.392 Con: 0.195 Cls: 1.528 Hist: 0.9851 Path: 0.4378 | 1.0s
  Epoch 180/800 | Total: 3.514 Edge: 0.394 Con: 0.195 Cls: 1.506 Hist: 0.9805 Path: 0.4383 | Val F1: 0.2991 | 1.0s
  Epoch 181/800 | Total: 3.577 Edge: 0.394 Con: 0.194 Cls: 1.531 Hist: 1.0073 Path: 0.4494 | 1.2s
  Epoch 182/800 | Total: 3.504 Edge: 0.401 Con: 0.193 Cls: 1.488 Hist: 0.9724 Path: 0.4491 | 1.1s
  Epoch 183/800 | Total: 3.482 Edge: 0.398 Con: 0.193 Cls: 1.489 Hist: 0.9702 Path: 0.4319 | 1.0s
  Epoch 184/800 | Total: 3.539 Edge: 0.405 Con: 0.195 Cls: 1.512 Hist: 0.9950 Path: 0.4320 | 1.0s
  Epoch 185/800 | Total: 3.479 Edge: 0.393 Con: 0.193 Cls: 1.490 Hist: 0.9722 Path: 0.4314 | Val F1: 0.3359 | 1.2s
  Epoch 186/800 | Total: 3.465 Edge: 0.391 Con: 0.192 Cls: 1.488 Hist: 0.9673 Path: 0.4272 | 0.9s
  Epoch 187/800 | Total: 3.571 Edge: 0.395 Con: 0.192 Cls: 1.549 Hist: 1.0047 Path: 0.4304 | 0.9s
  Epoch 188/800 | Total: 3.585 Edge: 0.397 Con: 0.195 Cls: 1.552 Hist: 1.0150 Path: 0.4271 | 1.1s
  Epoch 189/800 | Total: 3.464 Edge: 0.394 Con: 0.191 Cls: 1.479 Hist: 0.9644 Path: 0.4351 | 0.9s
  Epoch 190/800 | Total: 3.535 Edge: 0.404 Con: 0.196 Cls: 1.512 Hist: 0.9818 Path: 0.4413 | Val F1: 0.3159 | 1.1s
  Epoch 191/800 | Total: 3.485 Edge: 0.398 Con: 0.194 Cls: 1.493 Hist: 0.9669 Path: 0.4325 | 1.0s
  Epoch 192/800 | Total: 3.478 Edge: 0.393 Con: 0.192 Cls: 1.491 Hist: 0.9721 Path: 0.4300 | 1.1s
  Epoch 193/800 | Total: 3.487 Edge: 0.411 Con: 0.197 Cls: 1.478 Hist: 0.9700 Path: 0.4318 | 0.9s
  Epoch 194/800 | Total: 3.541 Edge: 0.424 Con: 0.192 Cls: 1.508 Hist: 0.9804 Path: 0.4367 | 0.9s
  Epoch 195/800 | Total: 3.673 Edge: 0.415 Con: 0.197 Cls: 1.567 Hist: 1.0436 Path: 0.4512 | Val F1: 0.3194 | 1.0s
  Epoch 196/800 | Total: 3.508 Edge: 0.398 Con: 0.191 Cls: 1.503 Hist: 0.9786 Path: 0.4379 | 1.1s
  Epoch 197/800 | Total: 3.525 Edge: 0.397 Con: 0.193 Cls: 1.515 Hist: 0.9905 Path: 0.4309 | 1.1s
  Epoch 198/800 | Total: 3.473 Edge: 0.403 Con: 0.194 Cls: 1.481 Hist: 0.9630 Path: 0.4333 | 1.2s
  Epoch 199/800 | Total: 3.449 Edge: 0.395 Con: 0.194 Cls: 1.475 Hist: 0.9596 Path: 0.4250 | 1.1s
  Epoch 200/800 | Total: 3.546 Edge: 0.388 Con: 0.192 Cls: 1.541 Hist: 0.9977 Path: 0.4278 | Val F1: 0.3193 | 1.1s
  Epoch 201/800 | Total: 3.488 Edge: 0.395 Con: 0.193 Cls: 1.496 Hist: 0.9751 Path: 0.4282 | 0.9s
  Epoch 202/800 | Total: 3.506 Edge: 0.397 Con: 0.193 Cls: 1.505 Hist: 0.9810 Path: 0.4288 | 0.9s
  Epoch 203/800 | Total: 3.467 Edge: 0.396 Con: 0.193 Cls: 1.482 Hist: 0.9644 Path: 0.4315 | 0.9s
  Epoch 204/800 | Total: 3.519 Edge: 0.394 Con: 0.193 Cls: 1.511 Hist: 0.9903 Path: 0.4307 | 0.9s
  Epoch 205/800 | Total: 3.488 Edge: 0.389 Con: 0.189 Cls: 1.499 Hist: 0.9859 Path: 0.4249 | Val F1: 0.3230 | 1.0s
  Epoch 206/800 | Total: 3.517 Edge: 0.394 Con: 0.190 Cls: 1.513 Hist: 0.9909 Path: 0.4291 | 1.0s
  Epoch 207/800 | Total: 3.513 Edge: 0.397 Con: 0.194 Cls: 1.506 Hist: 0.9894 Path: 0.4264 | 0.9s
  Epoch 208/800 | Total: 3.498 Edge: 0.389 Con: 0.189 Cls: 1.513 Hist: 0.9860 Path: 0.4217 | 0.9s
  Epoch 209/800 | Total: 3.476 Edge: 0.393 Con: 0.190 Cls: 1.499 Hist: 0.9778 Path: 0.4160 | 0.9s
  Epoch 210/800 | Total: 3.618 Edge: 0.394 Con: 0.191 Cls: 1.586 Hist: 1.0280 Path: 0.4197 | Val F1: 0.2911 | 0.9s
  Epoch 211/800 | Total: 3.488 Edge: 0.398 Con: 0.190 Cls: 1.491 Hist: 0.9706 Path: 0.4385 | 1.1s
  Epoch 212/800 | Total: 3.450 Edge: 0.391 Con: 0.192 Cls: 1.474 Hist: 0.9626 Path: 0.4310 | 1.0s
  Epoch 213/800 | Total: 3.515 Edge: 0.400 Con: 0.198 Cls: 1.511 Hist: 0.9824 Path: 0.4238 | 1.1s
  Epoch 214/800 | Total: 3.497 Edge: 0.388 Con: 0.197 Cls: 1.499 Hist: 0.9816 Path: 0.4319 | 1.0s
  Epoch 215/800 | Total: 3.444 Edge: 0.390 Con: 0.193 Cls: 1.468 Hist: 0.9585 Path: 0.4349 | Val F1: 0.3182 | 1.1s
  Epoch 216/800 | Total: 3.414 Edge: 0.395 Con: 0.190 Cls: 1.453 Hist: 0.9499 Path: 0.4256 | 0.9s
  Epoch 217/800 | Total: 3.498 Edge: 0.395 Con: 0.193 Cls: 1.500 Hist: 0.9846 Path: 0.4253 | 1.0s
  Epoch 218/800 | Total: 3.488 Edge: 0.397 Con: 0.191 Cls: 1.495 Hist: 0.9739 Path: 0.4304 | 0.9s
  Epoch 219/800 | Total: 3.448 Edge: 0.398 Con: 0.193 Cls: 1.475 Hist: 0.9561 Path: 0.4255 | 0.9s
  Epoch 220/800 | Total: 3.437 Edge: 0.397 Con: 0.191 Cls: 1.470 Hist: 0.9621 Path: 0.4170 | Val F1: 0.3150 | 1.0s
  Epoch 221/800 | Total: 3.437 Edge: 0.392 Con: 0.194 Cls: 1.467 Hist: 0.9583 Path: 0.4249 | 1.0s
  Epoch 222/800 | Total: 3.464 Edge: 0.399 Con: 0.195 Cls: 1.477 Hist: 0.9609 Path: 0.4323 | 1.0s
  Epoch 223/800 | Total: 3.486 Edge: 0.402 Con: 0.192 Cls: 1.486 Hist: 0.9669 Path: 0.4391 | 1.0s
  Epoch 224/800 | Total: 3.431 Edge: 0.391 Con: 0.191 Cls: 1.465 Hist: 0.9580 Path: 0.4258 | 0.9s
  Epoch 225/800 | Total: 3.489 Edge: 0.393 Con: 0.192 Cls: 1.497 Hist: 0.9818 Path: 0.4250 | Val F1: 0.3241 | 0.9s
  Epoch 226/800 | Total: 3.413 Edge: 0.389 Con: 0.193 Cls: 1.462 Hist: 0.9464 Path: 0.4228 | 1.0s
  Epoch 227/800 | Total: 3.386 Edge: 0.386 Con: 0.188 Cls: 1.447 Hist: 0.9403 Path: 0.4242 | 1.1s
  Epoch 228/800 | Total: 3.467 Edge: 0.391 Con: 0.195 Cls: 1.483 Hist: 0.9702 Path: 0.4270 | 0.9s
  Epoch 229/800 | Total: 3.437 Edge: 0.388 Con: 0.190 Cls: 1.478 Hist: 0.9663 Path: 0.4144 | 1.2s
  Epoch 230/800 | Total: 3.433 Edge: 0.391 Con: 0.187 Cls: 1.472 Hist: 0.9618 Path: 0.4204 | Val F1: 0.3135 | 1.2s
  Epoch 231/800 | Total: 3.427 Edge: 0.386 Con: 0.191 Cls: 1.465 Hist: 0.9619 Path: 0.4226 | 1.0s
  Epoch 232/800 | Total: 3.524 Edge: 0.385 Con: 0.192 Cls: 1.534 Hist: 0.9906 Path: 0.4228 | 0.9s
  Epoch 233/800 | Total: 3.460 Edge: 0.390 Con: 0.194 Cls: 1.488 Hist: 0.9661 Path: 0.4222 | 0.9s
  Epoch 234/800 | Total: 3.472 Edge: 0.393 Con: 0.192 Cls: 1.494 Hist: 0.9754 Path: 0.4169 | 1.0s
  Epoch 235/800 | Total: 3.459 Edge: 0.390 Con: 0.193 Cls: 1.484 Hist: 0.9698 Path: 0.4212 | Val F1: 0.3167 | 1.1s
  Epoch 236/800 | Total: 3.505 Edge: 0.389 Con: 0.192 Cls: 1.518 Hist: 0.9853 Path: 0.4213 | 1.1s
  Epoch 237/800 | Total: 3.447 Edge: 0.393 Con: 0.191 Cls: 1.474 Hist: 0.9626 Path: 0.4264 | 1.0s
  Epoch 238/800 | Total: 3.434 Edge: 0.396 Con: 0.192 Cls: 1.465 Hist: 0.9539 Path: 0.4275 | 1.0s
  Epoch 239/800 | Total: 3.484 Edge: 0.390 Con: 0.192 Cls: 1.497 Hist: 0.9775 Path: 0.4277 | 0.9s
  Epoch 240/800 | Total: 3.486 Edge: 0.398 Con: 0.192 Cls: 1.499 Hist: 0.9725 Path: 0.4253 | Val F1: 0.3250 | 1.0s
  Epoch 241/800 | Total: 3.469 Edge: 0.397 Con: 0.190 Cls: 1.491 Hist: 0.9719 Path: 0.4198 | 1.1s
  Epoch 242/800 | Total: 3.478 Edge: 0.398 Con: 0.194 Cls: 1.486 Hist: 0.9735 Path: 0.4274 | 1.1s
  Epoch 243/800 | Total: 3.419 Edge: 0.391 Con: 0.191 Cls: 1.454 Hist: 0.9537 Path: 0.4286 | 1.1s
  Epoch 244/800 | Total: 3.387 Edge: 0.384 Con: 0.189 Cls: 1.454 Hist: 0.9430 Path: 0.4173 | 0.9s
  Epoch 245/800 | Total: 3.360 Edge: 0.381 Con: 0.189 Cls: 1.435 Hist: 0.9307 Path: 0.4231 | Val F1: 0.3411 | 0.9s
  Epoch 246/800 | Total: 3.394 Edge: 0.388 Con: 0.188 Cls: 1.445 Hist: 0.9472 Path: 0.4258 | 1.0s
  Epoch 247/800 | Total: 3.365 Edge: 0.390 Con: 0.192 Cls: 1.429 Hist: 0.9364 Path: 0.4172 | 1.1s
  Epoch 248/800 | Total: 3.399 Edge: 0.388 Con: 0.194 Cls: 1.448 Hist: 0.9445 Path: 0.4239 | 1.2s
  Epoch 249/800 | Total: 3.417 Edge: 0.386 Con: 0.191 Cls: 1.462 Hist: 0.9573 Path: 0.4205 | 1.0s
  Epoch 250/800 | Total: 3.367 Edge: 0.383 Con: 0.190 Cls: 1.442 Hist: 0.9411 Path: 0.4102 | Val F1: 0.3328 | 0.9s
  Epoch 251/800 | Total: 3.446 Edge: 0.389 Con: 0.195 Cls: 1.478 Hist: 0.9678 Path: 0.4162 | 0.9s
  Epoch 252/800 | Total: 3.351 Edge: 0.383 Con: 0.189 Cls: 1.430 Hist: 0.9370 Path: 0.4120 | 1.1s
  Epoch 253/800 | Total: 3.391 Edge: 0.379 Con: 0.187 Cls: 1.457 Hist: 0.9515 Path: 0.4170 | 1.0s
  Epoch 254/800 | Total: 3.474 Edge: 0.395 Con: 0.196 Cls: 1.492 Hist: 0.9708 Path: 0.4208 | 0.9s
  Epoch 255/800 | Total: 3.413 Edge: 0.384 Con: 0.187 Cls: 1.464 Hist: 0.9558 Path: 0.4213 | Val F1: 0.3115 | 0.9s
  Epoch 256/800 | Total: 3.456 Edge: 0.389 Con: 0.193 Cls: 1.477 Hist: 0.9650 Path: 0.4313 | 1.1s
  Epoch 257/800 | Total: 3.467 Edge: 0.389 Con: 0.192 Cls: 1.488 Hist: 0.9700 Path: 0.4277 | 1.0s
  Epoch 258/800 | Total: 3.445 Edge: 0.384 Con: 0.189 Cls: 1.484 Hist: 0.9707 Path: 0.4179 | 1.1s
  Epoch 259/800 | Total: 3.424 Edge: 0.386 Con: 0.190 Cls: 1.473 Hist: 0.9549 Path: 0.4190 | 1.0s
  Epoch 260/800 | Total: 3.416 Edge: 0.391 Con: 0.190 Cls: 1.464 Hist: 0.9567 Path: 0.4144 | Val F1: 0.3396 | 1.0s
  Epoch 261/800 | Total: 3.369 Edge: 0.393 Con: 0.190 Cls: 1.435 Hist: 0.9352 Path: 0.4151 | 1.0s
  Epoch 262/800 | Total: 3.404 Edge: 0.385 Con: 0.191 Cls: 1.464 Hist: 0.9538 Path: 0.4096 | 0.9s
  Epoch 263/800 | Total: 3.410 Edge: 0.396 Con: 0.190 Cls: 1.459 Hist: 0.9508 Path: 0.4136 | 1.1s
  Epoch 264/800 | Total: 3.387 Edge: 0.398 Con: 0.189 Cls: 1.441 Hist: 0.9403 Path: 0.4185 | 1.2s
  Epoch 265/800 | Total: 3.385 Edge: 0.392 Con: 0.188 Cls: 1.441 Hist: 0.9406 Path: 0.4235 | Val F1: 0.3521 | 1.0s
  Epoch 266/800 | Total: 3.434 Edge: 0.390 Con: 0.191 Cls: 1.475 Hist: 0.9617 Path: 0.4158 | 1.0s
  Epoch 267/800 | Total: 3.377 Edge: 0.384 Con: 0.190 Cls: 1.448 Hist: 0.9411 Path: 0.4137 | 0.9s
  Epoch 268/800 | Total: 3.407 Edge: 0.381 Con: 0.189 Cls: 1.472 Hist: 0.9523 Path: 0.4129 | 0.9s
  Epoch 269/800 | Total: 3.409 Edge: 0.386 Con: 0.189 Cls: 1.459 Hist: 0.9514 Path: 0.4227 | 0.9s
  Epoch 270/800 | Total: 3.492 Edge: 0.383 Con: 0.190 Cls: 1.517 Hist: 0.9838 Path: 0.4178 | Val F1: 0.3346 | 0.9s
  Epoch 271/800 | Total: 3.484 Edge: 0.383 Con: 0.191 Cls: 1.510 Hist: 0.9819 Path: 0.4172 | 1.1s
  Epoch 272/800 | Total: 3.512 Edge: 0.391 Con: 0.190 Cls: 1.521 Hist: 0.9890 Path: 0.4209 | 1.1s
  Epoch 273/800 | Total: 3.502 Edge: 0.390 Con: 0.191 Cls: 1.508 Hist: 0.9882 Path: 0.4242 | 1.0s
  Epoch 274/800 | Total: 3.394 Edge: 0.383 Con: 0.189 Cls: 1.457 Hist: 0.9481 Path: 0.4164 | 1.0s
  Epoch 275/800 | Total: 3.381 Edge: 0.380 Con: 0.191 Cls: 1.444 Hist: 0.9479 Path: 0.4176 | Val F1: 0.3315 | 1.1s
  Epoch 276/800 | Total: 3.371 Edge: 0.380 Con: 0.191 Cls: 1.446 Hist: 0.9390 Path: 0.4153 | 1.0s
  Epoch 277/800 | Total: 3.377 Edge: 0.379 Con: 0.187 Cls: 1.442 Hist: 0.9433 Path: 0.4263 | 1.1s
  Epoch 278/800 | Total: 3.407 Edge: 0.380 Con: 0.188 Cls: 1.462 Hist: 0.9596 Path: 0.4172 | 0.9s
  Epoch 279/800 | Total: 3.350 Edge: 0.383 Con: 0.186 Cls: 1.429 Hist: 0.9355 Path: 0.4157 | 1.0s
  Epoch 280/800 | Total: 3.335 Edge: 0.378 Con: 0.189 Cls: 1.432 Hist: 0.9298 Path: 0.4059 | Val F1: 0.3495 | 1.1s
  Epoch 281/800 | Total: 3.419 Edge: 0.381 Con: 0.187 Cls: 1.470 Hist: 0.9649 Path: 0.4157 | 1.0s
  Epoch 282/800 | Total: 3.370 Edge: 0.385 Con: 0.189 Cls: 1.440 Hist: 0.9397 Path: 0.4175 | 0.9s
  Epoch 283/800 | Total: 3.333 Edge: 0.382 Con: 0.186 Cls: 1.423 Hist: 0.9270 Path: 0.4155 | 1.1s
  Epoch 284/800 | Total: 3.363 Edge: 0.381 Con: 0.188 Cls: 1.435 Hist: 0.9434 Path: 0.4149 | 1.1s
  Epoch 285/800 | Total: 3.399 Edge: 0.392 Con: 0.190 Cls: 1.455 Hist: 0.9492 Path: 0.4121 | Val F1: 0.3426 | 1.1s
  Epoch 286/800 | Total: 3.445 Edge: 0.393 Con: 0.194 Cls: 1.482 Hist: 0.9605 Path: 0.4151 | 1.1s
  Epoch 287/800 | Total: 3.406 Edge: 0.392 Con: 0.190 Cls: 1.458 Hist: 0.9536 Path: 0.4133 | 1.1s
  Epoch 288/800 | Total: 3.410 Edge: 0.380 Con: 0.187 Cls: 1.468 Hist: 0.9539 Path: 0.4208 | 1.0s
  Epoch 289/800 | Total: 3.429 Edge: 0.387 Con: 0.188 Cls: 1.477 Hist: 0.9615 Path: 0.4160 | 1.2s
  Epoch 290/800 | Total: 3.473 Edge: 0.396 Con: 0.191 Cls: 1.493 Hist: 0.9681 Path: 0.4243 | Val F1: 0.3100 | 1.1s
  Epoch 291/800 | Total: 3.452 Edge: 0.397 Con: 0.188 Cls: 1.483 Hist: 0.9702 Path: 0.4142 | 1.0s
  Epoch 292/800 | Total: 3.638 Edge: 0.395 Con: 0.193 Cls: 1.591 Hist: 1.0317 Path: 0.4280 | 1.1s
  Epoch 293/800 | Total: 3.407 Edge: 0.392 Con: 0.190 Cls: 1.462 Hist: 0.9490 Path: 0.4145 | 1.1s
  Epoch 294/800 | Total: 3.370 Edge: 0.387 Con: 0.188 Cls: 1.446 Hist: 0.9375 Path: 0.4124 | 0.9s
  Epoch 295/800 | Total: 3.350 Edge: 0.381 Con: 0.192 Cls: 1.432 Hist: 0.9347 Path: 0.4112 | Val F1: 0.3388 | 1.1s
  Epoch 296/800 | Total: 3.378 Edge: 0.388 Con: 0.190 Cls: 1.441 Hist: 0.9439 Path: 0.4149 | 1.0s
  Epoch 297/800 | Total: 3.370 Edge: 0.381 Con: 0.189 Cls: 1.444 Hist: 0.9379 Path: 0.4178 | 0.9s
  Epoch 298/800 | Total: 3.391 Edge: 0.383 Con: 0.187 Cls: 1.448 Hist: 0.9517 Path: 0.4208 | 1.0s
  Epoch 299/800 | Total: 3.440 Edge: 0.386 Con: 0.191 Cls: 1.481 Hist: 0.9689 Path: 0.4131 | 1.3s
  Epoch 300/800 | Total: 3.378 Edge: 0.375 Con: 0.185 Cls: 1.455 Hist: 0.9580 Path: 0.4043 | Val F1: 0.3389 | 1.0s
  Epoch 301/800 | Total: 3.360 Edge: 0.379 Con: 0.189 Cls: 1.450 Hist: 0.9354 Path: 0.4066 | 1.0s
  Epoch 302/800 | Total: 3.335 Edge: 0.381 Con: 0.190 Cls: 1.425 Hist: 0.9257 Path: 0.4137 | 1.1s
  Epoch 303/800 | Total: 3.400 Edge: 0.380 Con: 0.190 Cls: 1.462 Hist: 0.9621 Path: 0.4065 | 1.0s
  Epoch 304/800 | Total: 3.419 Edge: 0.393 Con: 0.195 Cls: 1.465 Hist: 0.9562 Path: 0.4102 | 1.1s
  Epoch 305/800 | Total: 3.386 Edge: 0.384 Con: 0.188 Cls: 1.454 Hist: 0.9530 Path: 0.4066 | Val F1: 0.3511 | 1.1s
  Epoch 306/800 | Total: 3.363 Edge: 0.381 Con: 0.189 Cls: 1.443 Hist: 0.9347 Path: 0.4150 | 1.2s
  Epoch 307/800 | Total: 3.307 Edge: 0.376 Con: 0.186 Cls: 1.411 Hist: 0.9106 Path: 0.4241 | 1.1s
  Epoch 308/800 | Total: 3.502 Edge: 0.404 Con: 0.192 Cls: 1.485 Hist: 0.9774 Path: 0.4434 | 0.9s
  Epoch 309/800 | Total: 3.403 Edge: 0.386 Con: 0.187 Cls: 1.457 Hist: 0.9446 Path: 0.4289 | 0.9s
  Epoch 310/800 | Total: 3.377 Edge: 0.382 Con: 0.188 Cls: 1.439 Hist: 0.9487 Path: 0.4195 | Val F1: 0.3417 | 0.9s
  Epoch 311/800 | Total: 3.368 Edge: 0.374 Con: 0.184 Cls: 1.450 Hist: 0.9530 Path: 0.4066 | 1.1s
  Epoch 312/800 | Total: 3.402 Edge: 0.384 Con: 0.190 Cls: 1.454 Hist: 0.9590 Path: 0.4145 | 0.9s
  Epoch 313/800 | Total: 3.331 Edge: 0.378 Con: 0.186 Cls: 1.427 Hist: 0.9294 Path: 0.4096 | 1.1s
  Epoch 314/800 | Total: 3.391 Edge: 0.383 Con: 0.192 Cls: 1.447 Hist: 0.9505 Path: 0.4178 | 1.0s
  Epoch 315/800 | Total: 3.320 Edge: 0.376 Con: 0.185 Cls: 1.418 Hist: 0.9225 Path: 0.4177 | Val F1: 0.3486 | 0.9s
  Epoch 316/800 | Total: 3.397 Edge: 0.382 Con: 0.189 Cls: 1.452 Hist: 0.9512 Path: 0.4222 | 0.9s
  Epoch 317/800 | Total: 3.407 Edge: 0.378 Con: 0.190 Cls: 1.459 Hist: 0.9512 Path: 0.4279 | 1.0s
  Epoch 318/800 | Total: 3.396 Edge: 0.384 Con: 0.187 Cls: 1.462 Hist: 0.9483 Path: 0.4157 | 0.9s
  Epoch 319/800 | Total: 3.411 Edge: 0.380 Con: 0.188 Cls: 1.463 Hist: 0.9591 Path: 0.4212 | 0.9s
  Epoch 320/800 | Total: 3.390 Edge: 0.381 Con: 0.191 Cls: 1.447 Hist: 0.9490 Path: 0.4221 | Val F1: 0.3307 | 1.1s
  Epoch 321/800 | Total: 3.409 Edge: 0.386 Con: 0.189 Cls: 1.455 Hist: 0.9576 Path: 0.4206 | 0.9s
  Epoch 322/800 | Total: 3.348 Edge: 0.385 Con: 0.192 Cls: 1.438 Hist: 0.9239 Path: 0.4104 | 0.9s
  Epoch 323/800 | Total: 3.396 Edge: 0.386 Con: 0.191 Cls: 1.453 Hist: 0.9537 Path: 0.4115 | 0.9s
  Epoch 324/800 | Total: 3.347 Edge: 0.382 Con: 0.188 Cls: 1.433 Hist: 0.9363 Path: 0.4082 | 1.2s
  Epoch 325/800 | Total: 3.387 Edge: 0.380 Con: 0.194 Cls: 1.455 Hist: 0.9512 Path: 0.4074 | Val F1: 0.3404 | 1.0s
  Epoch 326/800 | Total: 3.390 Edge: 0.375 Con: 0.187 Cls: 1.468 Hist: 0.9544 Path: 0.4052 | 1.0s
  Epoch 327/800 | Total: 3.366 Edge: 0.375 Con: 0.189 Cls: 1.448 Hist: 0.9491 Path: 0.4048 | 0.9s
  Epoch 328/800 | Total: 3.421 Edge: 0.383 Con: 0.190 Cls: 1.471 Hist: 0.9634 Path: 0.4132 | 1.1s
  Epoch 329/800 | Total: 3.398 Edge: 0.375 Con: 0.185 Cls: 1.472 Hist: 0.9521 Path: 0.4132 | 0.9s
  Epoch 330/800 | Total: 3.435 Edge: 0.376 Con: 0.189 Cls: 1.489 Hist: 0.9682 Path: 0.4131 | Val F1: 0.3434 | 1.0s
  Epoch 331/800 | Total: 3.475 Edge: 0.380 Con: 0.189 Cls: 1.517 Hist: 0.9755 Path: 0.4129 | 1.0s
  Epoch 332/800 | Total: 3.392 Edge: 0.388 Con: 0.186 Cls: 1.454 Hist: 0.9446 Path: 0.4198 | 1.0s
  Epoch 333/800 | Total: 3.397 Edge: 0.391 Con: 0.191 Cls: 1.459 Hist: 0.9424 Path: 0.4141 | 1.2s
  Epoch 334/800 | Total: 3.571 Edge: 0.389 Con: 0.193 Cls: 1.556 Hist: 1.0068 Path: 0.4247 | 1.1s
  Epoch 335/800 | Total: 3.468 Edge: 0.384 Con: 0.190 Cls: 1.512 Hist: 0.9602 Path: 0.4216 | Val F1: 0.3390 | 1.1s
  Epoch 336/800 | Total: 3.399 Edge: 0.381 Con: 0.188 Cls: 1.459 Hist: 0.9495 Path: 0.4220 | 1.1s
  Epoch 337/800 | Total: 3.342 Edge: 0.386 Con: 0.187 Cls: 1.424 Hist: 0.9285 Path: 0.4159 | 1.0s
  Epoch 338/800 | Total: 3.328 Edge: 0.377 Con: 0.188 Cls: 1.424 Hist: 0.9270 Path: 0.4129 | 0.9s
  Epoch 339/800 | Total: 3.409 Edge: 0.384 Con: 0.190 Cls: 1.465 Hist: 0.9551 Path: 0.4142 | 1.3s
  Epoch 340/800 | Total: 3.364 Edge: 0.378 Con: 0.187 Cls: 1.448 Hist: 0.9412 Path: 0.4096 | Val F1: 0.3408 | 1.2s
  Epoch 341/800 | Total: 3.378 Edge: 0.388 Con: 0.192 Cls: 1.443 Hist: 0.9435 Path: 0.4119 | 1.0s
  Epoch 342/800 | Total: 3.340 Edge: 0.387 Con: 0.191 Cls: 1.422 Hist: 0.9277 Path: 0.4123 | 1.0s
  Epoch 343/800 | Total: 3.367 Edge: 0.387 Con: 0.190 Cls: 1.443 Hist: 0.9388 Path: 0.4084 | 0.9s
  Epoch 344/800 | Total: 3.368 Edge: 0.386 Con: 0.190 Cls: 1.443 Hist: 0.9370 Path: 0.4124 | 1.0s
  Epoch 345/800 | Total: 3.339 Edge: 0.379 Con: 0.189 Cls: 1.433 Hist: 0.9296 Path: 0.4086 | Val F1: 0.3428 | 1.1s
  Epoch 346/800 | Total: 3.395 Edge: 0.386 Con: 0.190 Cls: 1.452 Hist: 0.9514 Path: 0.4156 | 1.1s
  Epoch 347/800 | Total: 3.410 Edge: 0.389 Con: 0.187 Cls: 1.468 Hist: 0.9576 Path: 0.4094 | 1.1s
  Epoch 348/800 | Total: 3.376 Edge: 0.391 Con: 0.197 Cls: 1.436 Hist: 0.9398 Path: 0.4114 | 1.1s
  Epoch 349/800 | Total: 3.474 Edge: 0.386 Con: 0.192 Cls: 1.487 Hist: 0.9804 Path: 0.4286 | 1.0s
  Epoch 350/800 | Total: 3.425 Edge: 0.389 Con: 0.189 Cls: 1.458 Hist: 0.9633 Path: 0.4246 | Val F1: 0.3347 | 1.2s
  Epoch 351/800 | Total: 3.380 Edge: 0.386 Con: 0.185 Cls: 1.441 Hist: 0.9431 Path: 0.4253 | 1.1s
  Epoch 352/800 | Total: 3.373 Edge: 0.381 Con: 0.186 Cls: 1.448 Hist: 0.9440 Path: 0.4136 | 1.0s
  Epoch 353/800 | Total: 3.347 Edge: 0.379 Con: 0.183 Cls: 1.438 Hist: 0.9390 Path: 0.4082 | 1.1s
  Epoch 354/800 | Total: 3.361 Edge: 0.385 Con: 0.190 Cls: 1.439 Hist: 0.9391 Path: 0.4079 | 1.1s
  Epoch 355/800 | Total: 3.368 Edge: 0.383 Con: 0.189 Cls: 1.441 Hist: 0.9427 Path: 0.4124 | Val F1: 0.3510 | 1.0s
  Epoch 356/800 | Total: 3.425 Edge: 0.387 Con: 0.188 Cls: 1.478 Hist: 0.9570 Path: 0.4144 | 0.9s
  Epoch 357/800 | Total: 3.333 Edge: 0.375 Con: 0.188 Cls: 1.435 Hist: 0.9287 Path: 0.4060 | 1.3s
  Epoch 358/800 | Total: 3.370 Edge: 0.376 Con: 0.189 Cls: 1.452 Hist: 0.9471 Path: 0.4054 | 1.0s
  Epoch 359/800 | Total: 3.378 Edge: 0.381 Con: 0.190 Cls: 1.456 Hist: 0.9427 Path: 0.4087 | 1.0s
  Epoch 360/800 | Total: 3.385 Edge: 0.383 Con: 0.188 Cls: 1.455 Hist: 0.9516 Path: 0.4077 | Val F1: 0.3515 | 0.9s
  Epoch 361/800 | Total: 3.353 Edge: 0.381 Con: 0.187 Cls: 1.439 Hist: 0.9337 Path: 0.4112 | 1.2s
  Epoch 362/800 | Total: 3.288 Edge: 0.368 Con: 0.183 Cls: 1.411 Hist: 0.9198 Path: 0.4053 | 1.0s
  Epoch 363/800 | Total: 3.259 Edge: 0.375 Con: 0.189 Cls: 1.388 Hist: 0.9049 Path: 0.4026 | 1.0s
  Epoch 364/800 | Total: 3.321 Edge: 0.375 Con: 0.186 Cls: 1.426 Hist: 0.9352 Path: 0.3984 | 1.1s
  Epoch 365/800 | Total: 3.323 Edge: 0.379 Con: 0.188 Cls: 1.423 Hist: 0.9305 Path: 0.4030 | Val F1: 0.3472 | 1.2s
  Early stopping at epoch 365
  Best Val F1: 0.3521 | Test F1: 0.3526
  Total training time: 425.9s (7.1 min)

======================================================================
  Val  Macro-F1: 0.3521
  Test Macro-F1: 0.3526
  Test Accuracy: 0.6064
  Time: 427.8s
======================================================================

  Results saved to: results/NESS_ogbn-arxiv_MCAR_0.8_20260723_114402
