/home/erfan/MATE/venv/lib/python3.13/site-packages/outdated/__init__.py:36: UserWarning: pkg_resources is deprecated as an API. See https://setuptools.pypa.io/en/latest/pkg_resources.html. The pkg_resources package is slated for removal as early as 2025-11-30. Refrain from using this package or pin to Setuptools<81.
  from pkg_resources import parse_version
/home/erfan/MATE/ogbn_benchmarks/data_loader.py:96: UserWarning: Sparse invariant checks are implicitly disabled. Memory errors (e.g. SEGFAULT) will occur when operating on a sparse tensor which violates the invariants, but checks incur performance overhead. To silence this warning, explicitly opt in or out. See `torch.sparse.check_sparse_tensor_invariants.__doc__` for guidance.  (Triggered internally at /pytorch/aten/src/ATen/Context.cpp:760.)
  adj = torch.sparse_coo_tensor(edge_index, vals, (num_nodes, num_nodes)).coalesce()
======================================================================
  NESS | ogbn-arxiv | MCAR @ 80% | lr=0.001
======================================================================
[1/3] Loading ogbn-arxiv...
  169,343 nodes | 128 dims | 40 classes
[2/3] Simulating MCAR missingness...
Simulating MCAR missingness at 80% rate...
  MCAR: Uniform random selection
  Observable: 33,869 (20.0%)
  Masked: 135,474 (80.0%)
  Observable: 33,869 | Val: 67,737 | Test: 67,737
[3/3] Running NESS...
  Prefilling missing nodes via Feature Propagation (40 iters)...
  Computing neighbor label-histogram target (2-hop, observable labels)...
  Partitioning graph into 20 clusters (cache_device=gpu)...
  Cached 20 clusters
  Training NESS for up to 800 epochs (patience=20)...
  Epoch 1/800 | Total: 8.535 Edge: 0.689 Con: 0.847 Cls: 3.541 Hist: 2.7677 Path: 0.6914 | 10.6s
  Epoch 2/800 | Total: 7.557 Edge: 0.680 Con: 0.743 Cls: 3.124 Hist: 2.3264 Path: 0.6828 | 1.0s
  Epoch 3/800 | Total: 7.260 Edge: 0.669 Con: 0.681 Cls: 3.027 Hist: 2.2067 Path: 0.6766 | 1.1s
  Epoch 4/800 | Total: 7.000 Edge: 0.662 Con: 0.615 Cls: 2.943 Hist: 2.1048 Path: 0.6750 | 0.9s
  Epoch 5/800 | Total: 6.627 Edge: 0.660 Con: 0.548 Cls: 2.800 Hist: 1.9326 Path: 0.6863 | Val F1: 0.0269 | 1.1s
  Epoch 6/800 | Total: 6.316 Edge: 0.647 Con: 0.504 Cls: 2.645 Hist: 1.8330 Path: 0.6865 | 1.0s
  Epoch 7/800 | Total: 6.089 Edge: 0.650 Con: 0.478 Cls: 2.538 Hist: 1.7517 Path: 0.6709 | 1.0s
  Epoch 8/800 | Total: 5.838 Edge: 0.631 Con: 0.454 Cls: 2.431 Hist: 1.6669 Path: 0.6556 | 1.1s
  Epoch 9/800 | Total: 5.685 Edge: 0.614 Con: 0.437 Cls: 2.369 Hist: 1.6200 Path: 0.6443 | 1.1s
  Epoch 10/800 | Total: 5.546 Edge: 0.609 Con: 0.430 Cls: 2.308 Hist: 1.5606 Path: 0.6383 | Val F1: 0.1053 | 0.9s
  Epoch 11/800 | Total: 5.410 Edge: 0.609 Con: 0.426 Cls: 2.231 Hist: 1.5068 Path: 0.6360 | 0.9s
  Epoch 12/800 | Total: 5.320 Edge: 0.601 Con: 0.421 Cls: 2.191 Hist: 1.4777 Path: 0.6297 | 0.9s
  Epoch 13/800 | Total: 5.237 Edge: 0.592 Con: 0.419 Cls: 2.163 Hist: 1.4461 Path: 0.6170 | 1.1s
  Epoch 14/800 | Total: 5.213 Edge: 0.595 Con: 0.412 Cls: 2.141 Hist: 1.4471 Path: 0.6187 | 1.0s
  Epoch 15/800 | Total: 5.089 Edge: 0.591 Con: 0.414 Cls: 2.072 Hist: 1.4020 Path: 0.6094 | Val F1: 0.1386 | 1.1s
  Epoch 16/800 | Total: 5.032 Edge: 0.587 Con: 0.412 Cls: 2.049 Hist: 1.3803 Path: 0.6042 | 0.9s
  Epoch 17/800 | Total: 5.035 Edge: 0.583 Con: 0.406 Cls: 2.061 Hist: 1.3857 Path: 0.6003 | 1.0s
  Epoch 18/800 | Total: 5.028 Edge: 0.590 Con: 0.403 Cls: 2.055 Hist: 1.3750 Path: 0.6048 | 0.9s
  Epoch 19/800 | Total: 4.947 Edge: 0.584 Con: 0.402 Cls: 2.010 Hist: 1.3490 Path: 0.6026 | 0.9s
  Epoch 20/800 | Total: 4.891 Edge: 0.574 Con: 0.400 Cls: 1.972 Hist: 1.3323 Path: 0.6119 | Val F1: 0.1374 | 1.1s
  Epoch 21/800 | Total: 4.893 Edge: 0.570 Con: 0.398 Cls: 1.990 Hist: 1.3405 Path: 0.5955 | 0.9s
  Epoch 22/800 | Total: 4.743 Edge: 0.571 Con: 0.396 Cls: 1.906 Hist: 1.2835 Path: 0.5861 | 1.0s
  Epoch 23/800 | Total: 4.735 Edge: 0.563 Con: 0.394 Cls: 1.916 Hist: 1.2896 Path: 0.5728 | 0.9s
  Epoch 24/800 | Total: 4.654 Edge: 0.563 Con: 0.394 Cls: 1.868 Hist: 1.2534 Path: 0.5745 | 0.9s
  Epoch 25/800 | Total: 4.676 Edge: 0.562 Con: 0.398 Cls: 1.878 Hist: 1.2648 Path: 0.5733 | Val F1: 0.1891 | 1.1s
  Epoch 26/800 | Total: 4.672 Edge: 0.557 Con: 0.394 Cls: 1.890 Hist: 1.2626 Path: 0.5685 | 1.2s
  Epoch 27/800 | Total: 4.608 Edge: 0.553 Con: 0.393 Cls: 1.854 Hist: 1.2415 Path: 0.5662 | 1.0s
  Epoch 28/800 | Total: 4.583 Edge: 0.550 Con: 0.392 Cls: 1.847 Hist: 1.2352 Path: 0.5591 | 1.0s
  Epoch 29/800 | Total: 4.574 Edge: 0.546 Con: 0.386 Cls: 1.858 Hist: 1.2345 Path: 0.5507 | 1.1s
  Epoch 30/800 | Total: 4.571 Edge: 0.551 Con: 0.390 Cls: 1.835 Hist: 1.2399 Path: 0.5548 | Val F1: 0.2165 | 1.1s
  Epoch 31/800 | Total: 4.487 Edge: 0.544 Con: 0.393 Cls: 1.801 Hist: 1.2034 Path: 0.5461 | 1.1s
  Epoch 32/800 | Total: 4.473 Edge: 0.544 Con: 0.389 Cls: 1.786 Hist: 1.2001 Path: 0.5538 | 1.1s
  Epoch 33/800 | Total: 4.479 Edge: 0.550 Con: 0.389 Cls: 1.776 Hist: 1.1916 Path: 0.5728 | 1.1s
  Epoch 34/800 | Total: 4.445 Edge: 0.545 Con: 0.391 Cls: 1.767 Hist: 1.1789 Path: 0.5632 | 1.1s
  Epoch 35/800 | Total: 4.462 Edge: 0.546 Con: 0.386 Cls: 1.782 Hist: 1.1939 Path: 0.5538 | Val F1: 0.2208 | 1.2s
  Epoch 36/800 | Total: 4.411 Edge: 0.539 Con: 0.388 Cls: 1.758 Hist: 1.1835 Path: 0.5418 | 1.1s
  Epoch 37/800 | Total: 4.385 Edge: 0.536 Con: 0.390 Cls: 1.752 Hist: 1.1658 Path: 0.5407 | 1.1s
  Epoch 38/800 | Total: 4.356 Edge: 0.539 Con: 0.383 Cls: 1.734 Hist: 1.1595 Path: 0.5397 | 1.1s
  Epoch 39/800 | Total: 4.370 Edge: 0.541 Con: 0.388 Cls: 1.738 Hist: 1.1622 Path: 0.5397 | 0.9s
  Epoch 40/800 | Total: 4.365 Edge: 0.538 Con: 0.390 Cls: 1.735 Hist: 1.1535 Path: 0.5480 | Val F1: 0.2308 | 1.1s
  Epoch 41/800 | Total: 4.308 Edge: 0.540 Con: 0.387 Cls: 1.704 Hist: 1.1311 Path: 0.5454 | 1.1s
  Epoch 42/800 | Total: 4.325 Edge: 0.538 Con: 0.389 Cls: 1.707 Hist: 1.1369 Path: 0.5541 | 1.1s
  Epoch 43/800 | Total: 4.277 Edge: 0.533 Con: 0.384 Cls: 1.696 Hist: 1.1303 Path: 0.5343 | 1.0s
  Epoch 44/800 | Total: 4.307 Edge: 0.529 Con: 0.384 Cls: 1.717 Hist: 1.1446 Path: 0.5328 | 1.1s
  Epoch 45/800 | Total: 4.251 Edge: 0.532 Con: 0.383 Cls: 1.692 Hist: 1.1225 Path: 0.5212 | Val F1: 0.2333 | 1.1s
  Epoch 46/800 | Total: 4.248 Edge: 0.533 Con: 0.388 Cls: 1.683 Hist: 1.1182 Path: 0.5260 | 1.1s
  Epoch 47/800 | Total: 4.220 Edge: 0.532 Con: 0.383 Cls: 1.670 Hist: 1.1087 Path: 0.5274 | 1.1s
  Epoch 48/800 | Total: 4.213 Edge: 0.529 Con: 0.383 Cls: 1.667 Hist: 1.1069 Path: 0.5277 | 1.0s
  Epoch 49/800 | Total: 4.262 Edge: 0.524 Con: 0.382 Cls: 1.698 Hist: 1.1262 Path: 0.5333 | 1.1s
  Epoch 50/800 | Total: 4.262 Edge: 0.524 Con: 0.379 Cls: 1.695 Hist: 1.1201 Path: 0.5440 | Val F1: 0.2538 | 1.0s
  Epoch 51/800 | Total: 4.224 Edge: 0.523 Con: 0.381 Cls: 1.675 Hist: 1.1157 Path: 0.5295 | 1.0s
  Epoch 52/800 | Total: 4.169 Edge: 0.521 Con: 0.382 Cls: 1.649 Hist: 1.0960 Path: 0.5210 | 0.9s
  Epoch 53/800 | Total: 4.190 Edge: 0.523 Con: 0.385 Cls: 1.663 Hist: 1.1017 Path: 0.5165 | 1.2s
  Epoch 54/800 | Total: 4.202 Edge: 0.525 Con: 0.380 Cls: 1.667 Hist: 1.1122 Path: 0.5181 | 1.2s
  Epoch 55/800 | Total: 4.159 Edge: 0.528 Con: 0.383 Cls: 1.638 Hist: 1.0893 Path: 0.5213 | Val F1: 0.2488 | 1.0s
  Epoch 56/800 | Total: 4.187 Edge: 0.524 Con: 0.382 Cls: 1.657 Hist: 1.1073 Path: 0.5169 | 1.2s
  Epoch 57/800 | Total: 4.146 Edge: 0.521 Con: 0.382 Cls: 1.636 Hist: 1.0864 Path: 0.5207 | 1.2s
  Epoch 58/800 | Total: 4.149 Edge: 0.516 Con: 0.379 Cls: 1.650 Hist: 1.0940 Path: 0.5095 | 1.0s
  Epoch 59/800 | Total: 4.151 Edge: 0.514 Con: 0.379 Cls: 1.652 Hist: 1.0967 Path: 0.5084 | 1.2s
  Epoch 60/800 | Total: 4.085 Edge: 0.518 Con: 0.382 Cls: 1.605 Hist: 1.0676 Path: 0.5130 | Val F1: 0.2642 | 1.2s
  Epoch 61/800 | Total: 4.110 Edge: 0.516 Con: 0.381 Cls: 1.621 Hist: 1.0745 Path: 0.5164 | 1.1s
  Epoch 62/800 | Total: 4.122 Edge: 0.522 Con: 0.383 Cls: 1.627 Hist: 1.0754 Path: 0.5156 | 1.2s
  Epoch 63/800 | Total: 4.123 Edge: 0.518 Con: 0.379 Cls: 1.632 Hist: 1.0815 Path: 0.5126 | 1.1s
  Epoch 64/800 | Total: 4.125 Edge: 0.514 Con: 0.380 Cls: 1.639 Hist: 1.0813 Path: 0.5106 | 1.2s
  Epoch 65/800 | Total: 4.108 Edge: 0.511 Con: 0.378 Cls: 1.628 Hist: 1.0802 Path: 0.5113 | Val F1: 0.2588 | 1.2s
  Epoch 66/800 | Total: 4.111 Edge: 0.515 Con: 0.377 Cls: 1.635 Hist: 1.0839 Path: 0.5000 | 1.3s
  Epoch 67/800 | Total: 4.059 Edge: 0.511 Con: 0.377 Cls: 1.605 Hist: 1.0649 Path: 0.5005 | 1.2s
  Epoch 68/800 | Total: 4.058 Edge: 0.512 Con: 0.382 Cls: 1.602 Hist: 1.0627 Path: 0.4990 | 1.5s
  Epoch 69/800 | Total: 4.083 Edge: 0.515 Con: 0.380 Cls: 1.611 Hist: 1.0766 Path: 0.5020 | 1.7s
  Epoch 70/800 | Total: 4.064 Edge: 0.519 Con: 0.380 Cls: 1.600 Hist: 1.0656 Path: 0.4993 | Val F1: 0.2779 | 1.6s
  Epoch 71/800 | Total: 4.047 Edge: 0.510 Con: 0.376 Cls: 1.594 Hist: 1.0647 Path: 0.5023 | 1.2s
  Epoch 72/800 | Total: 4.035 Edge: 0.509 Con: 0.378 Cls: 1.584 Hist: 1.0517 Path: 0.5133 | 1.0s
  Epoch 73/800 | Total: 4.012 Edge: 0.507 Con: 0.376 Cls: 1.579 Hist: 1.0439 Path: 0.5058 | 1.1s
  Epoch 74/800 | Total: 4.078 Edge: 0.514 Con: 0.377 Cls: 1.606 Hist: 1.0665 Path: 0.5154 | 1.2s
  Epoch 75/800 | Total: 4.061 Edge: 0.508 Con: 0.378 Cls: 1.612 Hist: 1.0623 Path: 0.5008 | Val F1: 0.2880 | 1.2s
  Epoch 76/800 | Total: 4.031 Edge: 0.509 Con: 0.379 Cls: 1.587 Hist: 1.0546 Path: 0.5024 | 1.1s
  Epoch 77/800 | Total: 4.016 Edge: 0.510 Con: 0.376 Cls: 1.580 Hist: 1.0443 Path: 0.5048 | 1.2s
  Epoch 78/800 | Total: 4.132 Edge: 0.509 Con: 0.379 Cls: 1.652 Hist: 1.0920 Path: 0.4993 | 1.0s
  Epoch 79/800 | Total: 4.012 Edge: 0.504 Con: 0.376 Cls: 1.586 Hist: 1.0568 Path: 0.4903 | 0.9s
  Epoch 80/800 | Total: 3.971 Edge: 0.504 Con: 0.372 Cls: 1.564 Hist: 1.0444 Path: 0.4869 | Val F1: 0.2806 | 1.1s
  Epoch 81/800 | Total: 3.997 Edge: 0.501 Con: 0.375 Cls: 1.586 Hist: 1.0470 Path: 0.4879 | 0.9s
  Epoch 82/800 | Total: 3.953 Edge: 0.502 Con: 0.375 Cls: 1.559 Hist: 1.0325 Path: 0.4843 | 0.9s
  Epoch 83/800 | Total: 3.963 Edge: 0.501 Con: 0.376 Cls: 1.562 Hist: 1.0388 Path: 0.4844 | 1.0s
  Epoch 84/800 | Total: 3.942 Edge: 0.501 Con: 0.374 Cls: 1.551 Hist: 1.0325 Path: 0.4831 | 1.0s
  Epoch 85/800 | Total: 3.956 Edge: 0.507 Con: 0.375 Cls: 1.545 Hist: 1.0277 Path: 0.5015 | Val F1: 0.2986 | 1.1s
  Epoch 86/800 | Total: 3.969 Edge: 0.504 Con: 0.378 Cls: 1.562 Hist: 1.0335 Path: 0.4919 | 0.9s
  Epoch 87/800 | Total: 3.971 Edge: 0.501 Con: 0.374 Cls: 1.563 Hist: 1.0398 Path: 0.4934 | 0.9s
  Epoch 88/800 | Total: 3.946 Edge: 0.501 Con: 0.373 Cls: 1.551 Hist: 1.0281 Path: 0.4931 | 0.9s
  Epoch 89/800 | Total: 3.955 Edge: 0.500 Con: 0.373 Cls: 1.552 Hist: 1.0362 Path: 0.4934 | 1.0s
  Epoch 90/800 | Total: 3.966 Edge: 0.500 Con: 0.376 Cls: 1.564 Hist: 1.0357 Path: 0.4904 | Val F1: 0.3018 | 0.9s
  Epoch 91/800 | Total: 3.951 Edge: 0.498 Con: 0.374 Cls: 1.555 Hist: 1.0296 Path: 0.4950 | 1.1s
  Epoch 92/800 | Total: 3.938 Edge: 0.498 Con: 0.373 Cls: 1.548 Hist: 1.0267 Path: 0.4913 | 0.9s
  Epoch 93/800 | Total: 3.928 Edge: 0.498 Con: 0.376 Cls: 1.546 Hist: 1.0259 Path: 0.4828 | 1.1s
  Epoch 94/800 | Total: 3.913 Edge: 0.496 Con: 0.371 Cls: 1.544 Hist: 1.0240 Path: 0.4777 | 0.9s
  Epoch 95/800 | Total: 3.930 Edge: 0.496 Con: 0.375 Cls: 1.552 Hist: 1.0336 Path: 0.4731 | Val F1: 0.3074 | 1.1s
  Epoch 96/800 | Total: 3.917 Edge: 0.494 Con: 0.370 Cls: 1.547 Hist: 1.0310 Path: 0.4748 | 0.9s
  Epoch 97/800 | Total: 3.901 Edge: 0.492 Con: 0.373 Cls: 1.542 Hist: 1.0192 Path: 0.4748 | 1.1s
  Epoch 98/800 | Total: 3.927 Edge: 0.495 Con: 0.374 Cls: 1.548 Hist: 1.0334 Path: 0.4761 | 1.0s
  Epoch 99/800 | Total: 3.942 Edge: 0.499 Con: 0.372 Cls: 1.558 Hist: 1.0355 Path: 0.4769 | 0.9s
  Epoch 100/800 | Total: 3.942 Edge: 0.503 Con: 0.373 Cls: 1.543 Hist: 1.0277 Path: 0.4946 | Val F1: 0.3007 | 0.9s
  Epoch 101/800 | Total: 3.969 Edge: 0.502 Con: 0.371 Cls: 1.567 Hist: 1.0415 Path: 0.4874 | 1.1s
  Epoch 102/800 | Total: 3.955 Edge: 0.497 Con: 0.370 Cls: 1.552 Hist: 1.0289 Path: 0.5074 | 0.9s
  Epoch 103/800 | Total: 3.934 Edge: 0.497 Con: 0.375 Cls: 1.545 Hist: 1.0269 Path: 0.4895 | 0.9s
  Epoch 104/800 | Total: 3.945 Edge: 0.497 Con: 0.372 Cls: 1.560 Hist: 1.0312 Path: 0.4857 | 1.0s
  Epoch 105/800 | Total: 3.945 Edge: 0.498 Con: 0.369 Cls: 1.553 Hist: 1.0366 Path: 0.4884 | Val F1: 0.3076 | 0.9s
  Epoch 106/800 | Total: 3.915 Edge: 0.494 Con: 0.369 Cls: 1.551 Hist: 1.0246 Path: 0.4759 | 1.1s
  Epoch 107/800 | Total: 3.867 Edge: 0.489 Con: 0.372 Cls: 1.523 Hist: 1.0142 Path: 0.4693 | 0.9s
  Epoch 108/800 | Total: 3.895 Edge: 0.491 Con: 0.372 Cls: 1.536 Hist: 1.0216 Path: 0.4740 | 0.9s
  Epoch 109/800 | Total: 3.908 Edge: 0.492 Con: 0.372 Cls: 1.539 Hist: 1.0300 Path: 0.4748 | 1.0s
  Epoch 110/800 | Total: 3.876 Edge: 0.492 Con: 0.368 Cls: 1.534 Hist: 1.0122 Path: 0.4695 | Val F1: 0.3017 | 1.0s
  Epoch 111/800 | Total: 3.882 Edge: 0.490 Con: 0.372 Cls: 1.532 Hist: 1.0205 Path: 0.4684 | 1.1s
  Epoch 112/800 | Total: 3.879 Edge: 0.490 Con: 0.371 Cls: 1.528 Hist: 1.0162 Path: 0.4733 | 0.9s
  Epoch 113/800 | Total: 3.880 Edge: 0.497 Con: 0.373 Cls: 1.517 Hist: 1.0100 Path: 0.4832 | 1.2s
  Epoch 114/800 | Total: 3.884 Edge: 0.490 Con: 0.369 Cls: 1.529 Hist: 1.0198 Path: 0.4764 | 0.9s
  Epoch 115/800 | Total: 3.869 Edge: 0.490 Con: 0.370 Cls: 1.522 Hist: 1.0106 Path: 0.4768 | Val F1: 0.3292 | 1.2s
  Epoch 116/800 | Total: 3.882 Edge: 0.487 Con: 0.371 Cls: 1.534 Hist: 1.0198 Path: 0.4709 | 0.9s
  Epoch 117/800 | Total: 3.869 Edge: 0.488 Con: 0.369 Cls: 1.526 Hist: 1.0108 Path: 0.4761 | 1.0s
  Epoch 118/800 | Total: 3.878 Edge: 0.489 Con: 0.368 Cls: 1.523 Hist: 1.0177 Path: 0.4794 | 1.1s
  Epoch 119/800 | Total: 3.895 Edge: 0.491 Con: 0.372 Cls: 1.533 Hist: 1.0280 Path: 0.4716 | 1.0s
  Epoch 120/800 | Total: 3.854 Edge: 0.487 Con: 0.365 Cls: 1.521 Hist: 1.0099 Path: 0.4711 | Val F1: 0.3169 | 1.0s
  Epoch 121/800 | Total: 3.835 Edge: 0.489 Con: 0.367 Cls: 1.504 Hist: 1.0026 Path: 0.4733 | 1.0s
  Epoch 122/800 | Total: 3.835 Edge: 0.490 Con: 0.372 Cls: 1.497 Hist: 1.0024 Path: 0.4728 | 1.2s
  Epoch 123/800 | Total: 3.844 Edge: 0.489 Con: 0.370 Cls: 1.507 Hist: 1.0058 Path: 0.4724 | 1.1s
  Epoch 124/800 | Total: 3.936 Edge: 0.490 Con: 0.370 Cls: 1.557 Hist: 1.0373 Path: 0.4814 | 1.0s
  Epoch 125/800 | Total: 3.916 Edge: 0.486 Con: 0.369 Cls: 1.543 Hist: 1.0344 Path: 0.4830 | Val F1: 0.3080 | 0.9s
  Epoch 126/800 | Total: 3.845 Edge: 0.486 Con: 0.370 Cls: 1.510 Hist: 1.0035 Path: 0.4766 | 1.1s
  Epoch 127/800 | Total: 3.835 Edge: 0.482 Con: 0.369 Cls: 1.510 Hist: 1.0077 Path: 0.4679 | 1.0s
  Epoch 128/800 | Total: 3.783 Edge: 0.484 Con: 0.368 Cls: 1.480 Hist: 0.9875 Path: 0.4633 | 0.9s
  Epoch 129/800 | Total: 3.839 Edge: 0.483 Con: 0.365 Cls: 1.517 Hist: 1.0102 Path: 0.4637 | 1.1s
  Epoch 130/800 | Total: 3.836 Edge: 0.485 Con: 0.369 Cls: 1.512 Hist: 1.0045 Path: 0.4657 | Val F1: 0.3348 | 1.0s
  Epoch 131/800 | Total: 3.872 Edge: 0.483 Con: 0.367 Cls: 1.536 Hist: 1.0192 Path: 0.4672 | 1.1s
  Epoch 132/800 | Total: 3.878 Edge: 0.485 Con: 0.369 Cls: 1.527 Hist: 1.0188 Path: 0.4781 | 1.1s
  Epoch 133/800 | Total: 3.837 Edge: 0.484 Con: 0.366 Cls: 1.502 Hist: 1.0030 Path: 0.4809 | 1.1s
  Epoch 134/800 | Total: 3.845 Edge: 0.481 Con: 0.368 Cls: 1.517 Hist: 1.0105 Path: 0.4695 | 1.1s
  Epoch 135/800 | Total: 3.851 Edge: 0.489 Con: 0.366 Cls: 1.516 Hist: 1.0129 Path: 0.4675 | Val F1: 0.3071 | 0.9s
  Epoch 136/800 | Total: 3.840 Edge: 0.486 Con: 0.368 Cls: 1.516 Hist: 0.9988 Path: 0.4708 | 0.9s
  Epoch 137/800 | Total: 3.851 Edge: 0.486 Con: 0.367 Cls: 1.521 Hist: 1.0119 Path: 0.4651 | 1.1s
  Epoch 138/800 | Total: 3.830 Edge: 0.482 Con: 0.366 Cls: 1.512 Hist: 1.0045 Path: 0.4654 | 1.0s
  Epoch 139/800 | Total: 3.797 Edge: 0.481 Con: 0.368 Cls: 1.488 Hist: 0.9948 Path: 0.4644 | 1.1s
  Epoch 140/800 | Total: 3.776 Edge: 0.480 Con: 0.364 Cls: 1.481 Hist: 0.9893 Path: 0.4621 | Val F1: 0.3370 | 1.2s
  Epoch 141/800 | Total: 3.832 Edge: 0.479 Con: 0.365 Cls: 1.513 Hist: 1.0099 Path: 0.4655 | 1.2s
  Epoch 142/800 | Total: 3.835 Edge: 0.482 Con: 0.366 Cls: 1.519 Hist: 1.0077 Path: 0.4614 | 1.0s
  Epoch 143/800 | Total: 3.819 Edge: 0.480 Con: 0.365 Cls: 1.508 Hist: 1.0050 Path: 0.4603 | 1.2s
  Epoch 144/800 | Total: 3.786 Edge: 0.478 Con: 0.365 Cls: 1.491 Hist: 0.9930 Path: 0.4592 | 1.2s
  Epoch 145/800 | Total: 3.792 Edge: 0.480 Con: 0.364 Cls: 1.494 Hist: 0.9905 Path: 0.4632 | Val F1: 0.3253 | 1.1s
  Epoch 146/800 | Total: 3.815 Edge: 0.483 Con: 0.365 Cls: 1.502 Hist: 1.0035 Path: 0.4612 | 1.1s
  Epoch 147/800 | Total: 3.857 Edge: 0.482 Con: 0.366 Cls: 1.523 Hist: 1.0171 Path: 0.4692 | 1.2s
  Epoch 148/800 | Total: 3.812 Edge: 0.482 Con: 0.370 Cls: 1.497 Hist: 0.9976 Path: 0.4661 | 1.0s
  Epoch 149/800 | Total: 3.772 Edge: 0.481 Con: 0.367 Cls: 1.476 Hist: 0.9814 Path: 0.4660 | 1.2s
  Epoch 150/800 | Total: 3.862 Edge: 0.488 Con: 0.368 Cls: 1.527 Hist: 1.0124 Path: 0.4666 | Val F1: 0.3172 | 1.3s
  Epoch 151/800 | Total: 3.858 Edge: 0.481 Con: 0.367 Cls: 1.524 Hist: 1.0185 Path: 0.4672 | 1.2s
  Epoch 152/800 | Total: 3.804 Edge: 0.479 Con: 0.365 Cls: 1.501 Hist: 0.9983 Path: 0.4610 | 1.2s
  Epoch 153/800 | Total: 3.828 Edge: 0.480 Con: 0.363 Cls: 1.512 Hist: 1.0126 Path: 0.4596 | 1.2s
  Epoch 154/800 | Total: 3.811 Edge: 0.480 Con: 0.363 Cls: 1.508 Hist: 1.0026 Path: 0.4569 | 1.2s
  Epoch 155/800 | Total: 3.815 Edge: 0.477 Con: 0.363 Cls: 1.516 Hist: 1.0067 Path: 0.4521 | Val F1: 0.3249 | 1.8s
  Epoch 156/800 | Total: 3.816 Edge: 0.481 Con: 0.367 Cls: 1.507 Hist: 1.0009 Path: 0.4589 | 1.8s
  Epoch 157/800 | Total: 3.763 Edge: 0.485 Con: 0.363 Cls: 1.466 Hist: 0.9755 Path: 0.4736 | 1.2s
  Epoch 158/800 | Total: 3.802 Edge: 0.480 Con: 0.365 Cls: 1.495 Hist: 1.0012 Path: 0.4604 | 1.1s
  Epoch 159/800 | Total: 3.797 Edge: 0.475 Con: 0.362 Cls: 1.499 Hist: 1.0048 Path: 0.4563 | 1.2s
  Epoch 160/800 | Total: 3.829 Edge: 0.478 Con: 0.366 Cls: 1.512 Hist: 1.0142 Path: 0.4592 | Val F1: 0.2999 | 1.1s
  Epoch 161/800 | Total: 3.841 Edge: 0.479 Con: 0.362 Cls: 1.528 Hist: 1.0151 Path: 0.4578 | 1.2s
  Epoch 162/800 | Total: 3.809 Edge: 0.481 Con: 0.366 Cls: 1.503 Hist: 1.0039 Path: 0.4546 | 1.1s
  Epoch 163/800 | Total: 3.788 Edge: 0.478 Con: 0.364 Cls: 1.489 Hist: 0.9979 Path: 0.4593 | 1.1s
  Epoch 164/800 | Total: 3.795 Edge: 0.481 Con: 0.364 Cls: 1.496 Hist: 0.9958 Path: 0.4579 | 1.0s
  Epoch 165/800 | Total: 3.821 Edge: 0.482 Con: 0.364 Cls: 1.504 Hist: 1.0007 Path: 0.4707 | Val F1: 0.3369 | 1.1s
  Epoch 166/800 | Total: 3.812 Edge: 0.479 Con: 0.363 Cls: 1.501 Hist: 0.9973 Path: 0.4713 | 0.9s
  Epoch 167/800 | Total: 3.986 Edge: 0.476 Con: 0.362 Cls: 1.620 Hist: 1.0583 Path: 0.4702 | 0.9s
  Epoch 168/800 | Total: 3.970 Edge: 0.482 Con: 0.369 Cls: 1.587 Hist: 1.0620 Path: 0.4704 | 1.1s
  Epoch 169/800 | Total: 3.877 Edge: 0.484 Con: 0.365 Cls: 1.535 Hist: 1.0275 Path: 0.4658 | 0.9s
  Epoch 170/800 | Total: 3.780 Edge: 0.477 Con: 0.363 Cls: 1.489 Hist: 0.9957 Path: 0.4560 | Val F1: 0.3390 | 0.9s
  Epoch 171/800 | Total: 3.787 Edge: 0.477 Con: 0.363 Cls: 1.490 Hist: 0.9997 Path: 0.4571 | 1.1s
  Epoch 172/800 | Total: 3.778 Edge: 0.480 Con: 0.363 Cls: 1.487 Hist: 0.9908 Path: 0.4580 | 0.9s
  Epoch 173/800 | Total: 3.759 Edge: 0.472 Con: 0.363 Cls: 1.480 Hist: 0.9887 Path: 0.4555 | 1.1s
  Epoch 174/800 | Total: 3.721 Edge: 0.473 Con: 0.361 Cls: 1.458 Hist: 0.9761 Path: 0.4533 | 0.9s
  Epoch 175/800 | Total: 3.728 Edge: 0.473 Con: 0.360 Cls: 1.464 Hist: 0.9809 Path: 0.4503 | Val F1: 0.3425 | 0.9s
  Epoch 176/800 | Total: 3.732 Edge: 0.472 Con: 0.362 Cls: 1.468 Hist: 0.9788 Path: 0.4507 | 1.1s
  Epoch 177/800 | Total: 3.754 Edge: 0.473 Con: 0.365 Cls: 1.472 Hist: 0.9869 Path: 0.4573 | 1.1s
  Epoch 178/800 | Total: 3.717 Edge: 0.473 Con: 0.361 Cls: 1.456 Hist: 0.9705 Path: 0.4563 | 0.9s
  Epoch 179/800 | Total: 3.756 Edge: 0.476 Con: 0.360 Cls: 1.480 Hist: 0.9848 Path: 0.4559 | 0.9s
  Epoch 180/800 | Total: 3.741 Edge: 0.474 Con: 0.360 Cls: 1.470 Hist: 0.9843 Path: 0.4531 | Val F1: 0.3480 | 0.9s
  Epoch 181/800 | Total: 3.775 Edge: 0.482 Con: 0.365 Cls: 1.480 Hist: 0.9873 Path: 0.4616 | 0.9s
  Epoch 182/800 | Total: 3.817 Edge: 0.476 Con: 0.362 Cls: 1.510 Hist: 1.0062 Path: 0.4639 | 0.9s
  Epoch 183/800 | Total: 3.821 Edge: 0.479 Con: 0.361 Cls: 1.507 Hist: 1.0112 Path: 0.4626 | 1.1s
  Epoch 184/800 | Total: 3.789 Edge: 0.476 Con: 0.364 Cls: 1.493 Hist: 0.9986 Path: 0.4572 | 1.1s
  Epoch 185/800 | Total: 3.747 Edge: 0.474 Con: 0.363 Cls: 1.475 Hist: 0.9854 Path: 0.4500 | Val F1: 0.3412 | 0.9s
  Epoch 186/800 | Total: 3.726 Edge: 0.474 Con: 0.360 Cls: 1.462 Hist: 0.9764 Path: 0.4531 | 1.1s
  Epoch 187/800 | Total: 3.738 Edge: 0.476 Con: 0.360 Cls: 1.463 Hist: 0.9811 Path: 0.4572 | 0.9s
  Epoch 188/800 | Total: 3.744 Edge: 0.475 Con: 0.359 Cls: 1.473 Hist: 0.9838 Path: 0.4540 | 1.1s
  Epoch 189/800 | Total: 3.773 Edge: 0.475 Con: 0.361 Cls: 1.493 Hist: 0.9898 Path: 0.4538 | 1.0s
  Epoch 190/800 | Total: 3.769 Edge: 0.476 Con: 0.361 Cls: 1.485 Hist: 0.9877 Path: 0.4600 | Val F1: 0.3476 | 0.9s
  Epoch 191/800 | Total: 3.749 Edge: 0.474 Con: 0.361 Cls: 1.477 Hist: 0.9794 Path: 0.4568 | 1.1s
  Epoch 192/800 | Total: 3.770 Edge: 0.477 Con: 0.361 Cls: 1.475 Hist: 0.9878 Path: 0.4685 | 1.1s
  Epoch 193/800 | Total: 3.761 Edge: 0.472 Con: 0.358 Cls: 1.488 Hist: 0.9921 Path: 0.4506 | 1.0s
  Epoch 194/800 | Total: 3.790 Edge: 0.477 Con: 0.361 Cls: 1.502 Hist: 0.9927 Path: 0.4565 | 0.9s
  Epoch 195/800 | Total: 3.700 Edge: 0.471 Con: 0.360 Cls: 1.452 Hist: 0.9685 Path: 0.4481 | Val F1: 0.3556 | 1.1s
  Epoch 196/800 | Total: 3.707 Edge: 0.468 Con: 0.361 Cls: 1.456 Hist: 0.9760 Path: 0.4465 | 1.1s
  Epoch 197/800 | Total: 3.685 Edge: 0.465 Con: 0.360 Cls: 1.447 Hist: 0.9689 Path: 0.4429 | 1.0s
  Epoch 198/800 | Total: 3.735 Edge: 0.472 Con: 0.361 Cls: 1.472 Hist: 0.9838 Path: 0.4466 | 1.1s
  Epoch 199/800 | Total: 3.734 Edge: 0.470 Con: 0.364 Cls: 1.469 Hist: 0.9821 Path: 0.4500 | 1.0s
  Epoch 200/800 | Total: 3.725 Edge: 0.468 Con: 0.359 Cls: 1.469 Hist: 0.9815 Path: 0.4481 | Val F1: 0.3443 | 1.2s
  Epoch 201/800 | Total: 3.725 Edge: 0.471 Con: 0.362 Cls: 1.462 Hist: 0.9784 Path: 0.4507 | 1.0s
  Epoch 202/800 | Total: 3.833 Edge: 0.472 Con: 0.359 Cls: 1.522 Hist: 1.0218 Path: 0.4573 | 1.0s
  Epoch 203/800 | Total: 3.791 Edge: 0.480 Con: 0.364 Cls: 1.491 Hist: 0.9956 Path: 0.4597 | 1.1s
  Epoch 204/800 | Total: 3.737 Edge: 0.474 Con: 0.359 Cls: 1.464 Hist: 0.9763 Path: 0.4642 | 1.1s
  Epoch 205/800 | Total: 3.757 Edge: 0.474 Con: 0.360 Cls: 1.481 Hist: 0.9878 Path: 0.4550 | Val F1: 0.3498 | 1.1s
  Epoch 206/800 | Total: 3.729 Edge: 0.470 Con: 0.358 Cls: 1.469 Hist: 0.9779 Path: 0.4548 | 1.0s
  Epoch 207/800 | Total: 3.728 Edge: 0.468 Con: 0.360 Cls: 1.467 Hist: 0.9810 Path: 0.4518 | 1.0s
  Epoch 208/800 | Total: 3.708 Edge: 0.469 Con: 0.360 Cls: 1.459 Hist: 0.9712 Path: 0.4490 | 0.9s
  Epoch 209/800 | Total: 3.717 Edge: 0.465 Con: 0.359 Cls: 1.469 Hist: 0.9808 Path: 0.4436 | 1.2s
  Epoch 210/800 | Total: 3.696 Edge: 0.466 Con: 0.361 Cls: 1.457 Hist: 0.9696 Path: 0.4431 | Val F1: 0.3598 | 1.2s
  Epoch 211/800 | Total: 3.709 Edge: 0.468 Con: 0.356 Cls: 1.458 Hist: 0.9707 Path: 0.4563 | 1.0s
  Epoch 212/800 | Total: 3.761 Edge: 0.470 Con: 0.360 Cls: 1.477 Hist: 0.9847 Path: 0.4687 | 1.1s
  Epoch 213/800 | Total: 3.755 Edge: 0.472 Con: 0.360 Cls: 1.474 Hist: 0.9797 Path: 0.4693 | 0.9s
  Epoch 214/800 | Total: 3.761 Edge: 0.471 Con: 0.360 Cls: 1.473 Hist: 0.9838 Path: 0.4730 | 1.1s
  Epoch 215/800 | Total: 3.772 Edge: 0.470 Con: 0.359 Cls: 1.487 Hist: 0.9902 Path: 0.4657 | Val F1: 0.3431 | 0.9s
  Epoch 216/800 | Total: 3.787 Edge: 0.471 Con: 0.360 Cls: 1.493 Hist: 1.0055 Path: 0.4580 | 1.0s
  Epoch 217/800 | Total: 3.734 Edge: 0.475 Con: 0.357 Cls: 1.471 Hist: 0.9799 Path: 0.4506 | 1.0s
  Epoch 218/800 | Total: 3.741 Edge: 0.472 Con: 0.358 Cls: 1.474 Hist: 0.9849 Path: 0.4511 | 1.1s
  Epoch 219/800 | Total: 3.712 Edge: 0.471 Con: 0.358 Cls: 1.460 Hist: 0.9770 Path: 0.4458 | 0.9s
  Epoch 220/800 | Total: 3.678 Edge: 0.469 Con: 0.356 Cls: 1.445 Hist: 0.9648 Path: 0.4432 | Val F1: 0.3455 | 1.1s
  Epoch 221/800 | Total: 3.692 Edge: 0.468 Con: 0.360 Cls: 1.449 Hist: 0.9702 Path: 0.4452 | 1.1s
  Epoch 222/800 | Total: 3.690 Edge: 0.470 Con: 0.358 Cls: 1.448 Hist: 0.9662 Path: 0.4476 | 0.9s
  Epoch 223/800 | Total: 3.713 Edge: 0.470 Con: 0.357 Cls: 1.460 Hist: 0.9757 Path: 0.4504 | 1.0s
  Epoch 224/800 | Total: 3.688 Edge: 0.470 Con: 0.356 Cls: 1.452 Hist: 0.9631 Path: 0.4463 | 1.2s
  Epoch 225/800 | Total: 3.676 Edge: 0.468 Con: 0.355 Cls: 1.445 Hist: 0.9662 Path: 0.4417 | Val F1: 0.3532 | 1.2s
  Epoch 226/800 | Total: 3.688 Edge: 0.467 Con: 0.361 Cls: 1.448 Hist: 0.9700 Path: 0.4414 | 1.1s
  Epoch 227/800 | Total: 3.747 Edge: 0.467 Con: 0.357 Cls: 1.485 Hist: 0.9962 Path: 0.4429 | 1.1s
  Epoch 228/800 | Total: 3.746 Edge: 0.467 Con: 0.355 Cls: 1.491 Hist: 0.9913 Path: 0.4425 | 1.2s
  Epoch 229/800 | Total: 3.767 Edge: 0.470 Con: 0.357 Cls: 1.499 Hist: 1.0028 Path: 0.4396 | 1.0s
  Epoch 230/800 | Total: 3.752 Edge: 0.475 Con: 0.357 Cls: 1.486 Hist: 0.9893 Path: 0.4449 | Val F1: 0.3533 | 1.2s
  Epoch 231/800 | Total: 3.715 Edge: 0.472 Con: 0.358 Cls: 1.466 Hist: 0.9759 Path: 0.4436 | 1.2s
  Epoch 232/800 | Total: 3.690 Edge: 0.467 Con: 0.358 Cls: 1.453 Hist: 0.9693 Path: 0.4423 | 1.1s
  Epoch 233/800 | Total: 3.708 Edge: 0.467 Con: 0.357 Cls: 1.463 Hist: 0.9786 Path: 0.4428 | 1.3s
  Epoch 234/800 | Total: 3.672 Edge: 0.464 Con: 0.356 Cls: 1.450 Hist: 0.9590 Path: 0.4425 | 1.1s
  Epoch 235/800 | Total: 3.737 Edge: 0.468 Con: 0.359 Cls: 1.480 Hist: 0.9856 Path: 0.4433 | Val F1: 0.3550 | 1.2s
  Epoch 236/800 | Total: 3.710 Edge: 0.466 Con: 0.357 Cls: 1.463 Hist: 0.9811 Path: 0.4428 | 1.2s
  Epoch 237/800 | Total: 3.715 Edge: 0.471 Con: 0.358 Cls: 1.464 Hist: 0.9740 Path: 0.4481 | 1.2s
  Epoch 238/800 | Total: 3.701 Edge: 0.469 Con: 0.354 Cls: 1.459 Hist: 0.9731 Path: 0.4449 | 1.2s
  Epoch 239/800 | Total: 3.672 Edge: 0.472 Con: 0.355 Cls: 1.440 Hist: 0.9649 Path: 0.4398 | 1.3s
  Epoch 240/800 | Total: 3.690 Edge: 0.466 Con: 0.358 Cls: 1.457 Hist: 0.9680 Path: 0.4409 | Val F1: 0.3634 | 1.8s
  Epoch 241/800 | Total: 3.732 Edge: 0.466 Con: 0.355 Cls: 1.482 Hist: 0.9889 Path: 0.4398 | 1.5s
  Epoch 242/800 | Total: 3.716 Edge: 0.466 Con: 0.357 Cls: 1.465 Hist: 0.9782 Path: 0.4503 | 1.2s
  Epoch 243/800 | Total: 3.730 Edge: 0.467 Con: 0.358 Cls: 1.468 Hist: 0.9801 Path: 0.4572 | 1.0s
  Epoch 244/800 | Total: 3.753 Edge: 0.470 Con: 0.355 Cls: 1.471 Hist: 0.9840 Path: 0.4728 | 1.2s
  Epoch 245/800 | Total: 3.736 Edge: 0.468 Con: 0.357 Cls: 1.481 Hist: 0.9855 Path: 0.4449 | Val F1: 0.3487 | 1.0s
  Epoch 246/800 | Total: 3.681 Edge: 0.466 Con: 0.355 Cls: 1.445 Hist: 0.9685 Path: 0.4457 | 1.1s
  Epoch 247/800 | Total: 3.719 Edge: 0.474 Con: 0.359 Cls: 1.467 Hist: 0.9757 Path: 0.4434 | 1.2s
  Epoch 248/800 | Total: 3.707 Edge: 0.470 Con: 0.354 Cls: 1.464 Hist: 0.9768 Path: 0.4427 | 1.1s
  Epoch 249/800 | Total: 3.678 Edge: 0.464 Con: 0.353 Cls: 1.447 Hist: 0.9718 Path: 0.4423 | 1.2s
  Epoch 250/800 | Total: 3.684 Edge: 0.462 Con: 0.355 Cls: 1.454 Hist: 0.9757 Path: 0.4375 | Val F1: 0.3616 | 1.0s
  Epoch 251/800 | Total: 3.670 Edge: 0.464 Con: 0.358 Cls: 1.443 Hist: 0.9672 Path: 0.4378 | 1.1s
  Epoch 252/800 | Total: 3.698 Edge: 0.464 Con: 0.356 Cls: 1.461 Hist: 0.9781 Path: 0.4400 | 0.9s
  Epoch 253/800 | Total: 3.694 Edge: 0.465 Con: 0.357 Cls: 1.454 Hist: 0.9769 Path: 0.4420 | 0.9s
  Epoch 254/800 | Total: 3.675 Edge: 0.463 Con: 0.355 Cls: 1.448 Hist: 0.9724 Path: 0.4359 | 0.9s
  Epoch 255/800 | Total: 3.644 Edge: 0.466 Con: 0.358 Cls: 1.429 Hist: 0.9578 Path: 0.4337 | Val F1: 0.3689 | 1.1s
  Epoch 256/800 | Total: 3.653 Edge: 0.463 Con: 0.354 Cls: 1.435 Hist: 0.9624 Path: 0.4382 | 0.9s
  Epoch 257/800 | Total: 3.693 Edge: 0.468 Con: 0.355 Cls: 1.457 Hist: 0.9766 Path: 0.4363 | 0.9s
  Epoch 258/800 | Total: 3.681 Edge: 0.469 Con: 0.352 Cls: 1.449 Hist: 0.9723 Path: 0.4384 | 1.1s
  Epoch 259/800 | Total: 3.647 Edge: 0.463 Con: 0.355 Cls: 1.437 Hist: 0.9597 Path: 0.4337 | 0.9s
  Epoch 260/800 | Total: 3.650 Edge: 0.461 Con: 0.352 Cls: 1.438 Hist: 0.9617 Path: 0.4376 | Val F1: 0.3670 | 0.9s
  Epoch 261/800 | Total: 3.638 Edge: 0.461 Con: 0.350 Cls: 1.431 Hist: 0.9612 Path: 0.4345 | 0.9s
  Epoch 262/800 | Total: 3.668 Edge: 0.464 Con: 0.354 Cls: 1.448 Hist: 0.9676 Path: 0.4352 | 0.9s
  Epoch 263/800 | Total: 3.721 Edge: 0.471 Con: 0.355 Cls: 1.465 Hist: 0.9778 Path: 0.4518 | 0.9s
  Epoch 264/800 | Total: 3.680 Edge: 0.464 Con: 0.356 Cls: 1.444 Hist: 0.9655 Path: 0.4495 | 1.0s
  Epoch 265/800 | Total: 3.745 Edge: 0.464 Con: 0.354 Cls: 1.493 Hist: 0.9896 Path: 0.4453 | Val F1: 0.3369 | 0.9s
  Epoch 266/800 | Total: 3.744 Edge: 0.471 Con: 0.357 Cls: 1.485 Hist: 0.9832 Path: 0.4483 | 1.1s
  Epoch 267/800 | Total: 3.708 Edge: 0.466 Con: 0.354 Cls: 1.472 Hist: 0.9765 Path: 0.4397 | 0.9s
  Epoch 268/800 | Total: 3.718 Edge: 0.466 Con: 0.354 Cls: 1.474 Hist: 0.9772 Path: 0.4474 | 0.9s
  Epoch 269/800 | Total: 3.660 Edge: 0.472 Con: 0.352 Cls: 1.434 Hist: 0.9575 Path: 0.4449 | 0.9s
  Epoch 270/800 | Total: 3.669 Edge: 0.463 Con: 0.354 Cls: 1.446 Hist: 0.9683 Path: 0.4380 | Val F1: 0.3618 | 0.9s
  Epoch 271/800 | Total: 3.673 Edge: 0.465 Con: 0.356 Cls: 1.448 Hist: 0.9642 Path: 0.4400 | 1.1s
  Epoch 272/800 | Total: 3.650 Edge: 0.463 Con: 0.354 Cls: 1.435 Hist: 0.9593 Path: 0.4389 | 0.9s
  Epoch 273/800 | Total: 3.627 Edge: 0.459 Con: 0.352 Cls: 1.427 Hist: 0.9573 Path: 0.4304 | 0.9s
  Epoch 274/800 | Total: 3.637 Edge: 0.461 Con: 0.351 Cls: 1.425 Hist: 0.9635 Path: 0.4363 | 0.9s
  Epoch 275/800 | Total: 3.626 Edge: 0.462 Con: 0.353 Cls: 1.423 Hist: 0.9528 Path: 0.4348 | Val F1: 0.3567 | 1.1s
  Epoch 276/800 | Total: 3.703 Edge: 0.463 Con: 0.352 Cls: 1.466 Hist: 0.9799 Path: 0.4421 | 0.9s
  Epoch 277/800 | Total: 3.664 Edge: 0.462 Con: 0.354 Cls: 1.446 Hist: 0.9663 Path: 0.4362 | 1.1s
  Epoch 278/800 | Total: 3.659 Edge: 0.463 Con: 0.353 Cls: 1.439 Hist: 0.9633 Path: 0.4413 | 0.9s
  Epoch 279/800 | Total: 3.647 Edge: 0.460 Con: 0.354 Cls: 1.440 Hist: 0.9583 Path: 0.4359 | 1.1s
  Epoch 280/800 | Total: 3.636 Edge: 0.462 Con: 0.351 Cls: 1.434 Hist: 0.9571 Path: 0.4316 | Val F1: 0.3598 | 0.9s
  Epoch 281/800 | Total: 3.609 Edge: 0.460 Con: 0.351 Cls: 1.421 Hist: 0.9441 Path: 0.4329 | 0.9s
  Epoch 282/800 | Total: 3.632 Edge: 0.459 Con: 0.352 Cls: 1.435 Hist: 0.9574 Path: 0.4289 | 1.1s
  Epoch 283/800 | Total: 3.663 Edge: 0.460 Con: 0.350 Cls: 1.453 Hist: 0.9675 Path: 0.4323 | 0.9s
  Epoch 284/800 | Total: 3.746 Edge: 0.467 Con: 0.350 Cls: 1.497 Hist: 0.9957 Path: 0.4367 | 1.1s
  Epoch 285/800 | Total: 3.760 Edge: 0.474 Con: 0.352 Cls: 1.492 Hist: 0.9953 Path: 0.4466 | Val F1: 0.3470 | 0.9s
  Epoch 286/800 | Total: 3.685 Edge: 0.468 Con: 0.349 Cls: 1.445 Hist: 0.9739 Path: 0.4492 | 1.2s
  Epoch 287/800 | Total: 3.700 Edge: 0.467 Con: 0.348 Cls: 1.451 Hist: 0.9723 Path: 0.4616 | 1.0s
  Epoch 288/800 | Total: 3.658 Edge: 0.461 Con: 0.352 Cls: 1.446 Hist: 0.9618 Path: 0.4373 | 1.0s
  Epoch 289/800 | Total: 3.653 Edge: 0.461 Con: 0.350 Cls: 1.442 Hist: 0.9626 Path: 0.4359 | 1.1s
  Epoch 290/800 | Total: 3.657 Edge: 0.459 Con: 0.349 Cls: 1.444 Hist: 0.9686 Path: 0.4364 | Val F1: 0.3593 | 0.9s
  Epoch 291/800 | Total: 3.637 Edge: 0.461 Con: 0.349 Cls: 1.437 Hist: 0.9596 Path: 0.4311 | 1.1s
  Epoch 292/800 | Total: 3.638 Edge: 0.462 Con: 0.350 Cls: 1.438 Hist: 0.9538 Path: 0.4348 | 1.1s
  Epoch 293/800 | Total: 3.686 Edge: 0.460 Con: 0.351 Cls: 1.456 Hist: 0.9785 Path: 0.4402 | 1.0s
  Epoch 294/800 | Total: 3.633 Edge: 0.458 Con: 0.347 Cls: 1.435 Hist: 0.9613 Path: 0.4330 | 1.3s
  Epoch 295/800 | Total: 3.635 Edge: 0.459 Con: 0.347 Cls: 1.431 Hist: 0.9654 Path: 0.4321 | Val F1: 0.3681 | 1.1s
  Epoch 296/800 | Total: 3.653 Edge: 0.461 Con: 0.350 Cls: 1.441 Hist: 0.9653 Path: 0.4354 | 1.1s
  Epoch 297/800 | Total: 3.600 Edge: 0.459 Con: 0.351 Cls: 1.415 Hist: 0.9466 Path: 0.4279 | 1.0s
  Epoch 298/800 | Total: 3.630 Edge: 0.458 Con: 0.351 Cls: 1.432 Hist: 0.9617 Path: 0.4283 | 1.0s
  Epoch 299/800 | Total: 3.683 Edge: 0.461 Con: 0.353 Cls: 1.460 Hist: 0.9717 Path: 0.4383 | 0.9s
  Epoch 300/800 | Total: 3.664 Edge: 0.462 Con: 0.351 Cls: 1.439 Hist: 0.9579 Path: 0.4549 | Val F1: 0.3610 | 1.0s
  Epoch 301/800 | Total: 3.639 Edge: 0.460 Con: 0.349 Cls: 1.430 Hist: 0.9560 Path: 0.4444 | 0.9s
  Epoch 302/800 | Total: 3.650 Edge: 0.459 Con: 0.349 Cls: 1.440 Hist: 0.9662 Path: 0.4355 | 1.0s
  Epoch 303/800 | Total: 3.632 Edge: 0.466 Con: 0.350 Cls: 1.431 Hist: 0.9564 Path: 0.4294 | 1.2s
  Epoch 304/800 | Total: 3.675 Edge: 0.466 Con: 0.346 Cls: 1.456 Hist: 0.9733 Path: 0.4339 | 0.9s
  Epoch 305/800 | Total: 3.617 Edge: 0.462 Con: 0.346 Cls: 1.425 Hist: 0.9530 Path: 0.4310 | Val F1: 0.3644 | 1.0s
  Epoch 306/800 | Total: 3.604 Edge: 0.460 Con: 0.346 Cls: 1.420 Hist: 0.9460 Path: 0.4321 | 1.1s
  Epoch 307/800 | Total: 3.640 Edge: 0.463 Con: 0.346 Cls: 1.432 Hist: 0.9610 Path: 0.4382 | 1.0s
  Epoch 308/800 | Total: 3.621 Edge: 0.463 Con: 0.347 Cls: 1.422 Hist: 0.9511 Path: 0.4376 | 0.9s
  Epoch 309/800 | Total: 3.648 Edge: 0.462 Con: 0.350 Cls: 1.434 Hist: 0.9624 Path: 0.4391 | 0.9s
  Epoch 310/800 | Total: 3.639 Edge: 0.458 Con: 0.347 Cls: 1.442 Hist: 0.9636 Path: 0.4287 | Val F1: 0.3672 | 0.9s
  Epoch 311/800 | Total: 3.611 Edge: 0.457 Con: 0.344 Cls: 1.425 Hist: 0.9530 Path: 0.4320 | 1.1s
  Epoch 312/800 | Total: 3.622 Edge: 0.459 Con: 0.346 Cls: 1.435 Hist: 0.9517 Path: 0.4304 | 1.1s
  Epoch 313/800 | Total: 3.650 Edge: 0.460 Con: 0.349 Cls: 1.442 Hist: 0.9706 Path: 0.4292 | 1.0s
  Epoch 314/800 | Total: 3.628 Edge: 0.456 Con: 0.346 Cls: 1.436 Hist: 0.9603 Path: 0.4301 | 0.9s
  Epoch 315/800 | Total: 3.640 Edge: 0.460 Con: 0.346 Cls: 1.434 Hist: 0.9628 Path: 0.4378 | Val F1: 0.3636 | 0.9s
  Epoch 316/800 | Total: 3.637 Edge: 0.467 Con: 0.346 Cls: 1.426 Hist: 0.9540 Path: 0.4446 | 1.0s
  Epoch 317/800 | Total: 3.678 Edge: 0.468 Con: 0.349 Cls: 1.454 Hist: 0.9645 Path: 0.4432 | 0.9s
  Epoch 318/800 | Total: 3.634 Edge: 0.461 Con: 0.346 Cls: 1.432 Hist: 0.9615 Path: 0.4332 | 1.0s
  Epoch 319/800 | Total: 3.645 Edge: 0.458 Con: 0.344 Cls: 1.448 Hist: 0.9623 Path: 0.4325 | 1.0s
  Epoch 320/800 | Total: 3.629 Edge: 0.460 Con: 0.345 Cls: 1.432 Hist: 0.9615 Path: 0.4297 | Val F1: 0.3554 | 1.0s
  Epoch 321/800 | Total: 3.689 Edge: 0.461 Con: 0.345 Cls: 1.463 Hist: 0.9820 Path: 0.4373 | 0.9s
  Epoch 322/800 | Total: 3.659 Edge: 0.460 Con: 0.349 Cls: 1.447 Hist: 0.9685 Path: 0.4347 | 1.0s
  Epoch 323/800 | Total: 3.668 Edge: 0.461 Con: 0.346 Cls: 1.450 Hist: 0.9753 Path: 0.4354 | 0.9s
  Epoch 324/800 | Total: 3.680 Edge: 0.461 Con: 0.346 Cls: 1.457 Hist: 0.9774 Path: 0.4388 | 1.1s
  Epoch 325/800 | Total: 3.611 Edge: 0.463 Con: 0.342 Cls: 1.421 Hist: 0.9455 Path: 0.4388 | Val F1: 0.3668 | 1.0s
  Epoch 326/800 | Total: 3.655 Edge: 0.459 Con: 0.342 Cls: 1.444 Hist: 0.9741 Path: 0.4351 | 1.1s
  Epoch 327/800 | Total: 3.641 Edge: 0.458 Con: 0.344 Cls: 1.439 Hist: 0.9656 Path: 0.4338 | 0.9s
  Epoch 328/800 | Total: 3.607 Edge: 0.456 Con: 0.342 Cls: 1.426 Hist: 0.9552 Path: 0.4277 | 1.0s
  Epoch 329/800 | Total: 3.586 Edge: 0.456 Con: 0.343 Cls: 1.413 Hist: 0.9462 Path: 0.4281 | 1.1s
  Epoch 330/800 | Total: 3.612 Edge: 0.457 Con: 0.345 Cls: 1.425 Hist: 0.9565 Path: 0.4291 | Val F1: 0.3688 | 1.1s
  Epoch 331/800 | Total: 3.603 Edge: 0.464 Con: 0.345 Cls: 1.413 Hist: 0.9489 Path: 0.4323 | 1.2s
  Epoch 332/800 | Total: 3.635 Edge: 0.461 Con: 0.345 Cls: 1.433 Hist: 0.9610 Path: 0.4357 | 1.0s
  Epoch 333/800 | Total: 3.633 Edge: 0.458 Con: 0.345 Cls: 1.433 Hist: 0.9609 Path: 0.4362 | 1.1s
  Epoch 334/800 | Total: 3.619 Edge: 0.461 Con: 0.345 Cls: 1.424 Hist: 0.9570 Path: 0.4323 | 1.1s
  Epoch 335/800 | Total: 3.613 Edge: 0.469 Con: 0.345 Cls: 1.416 Hist: 0.9498 Path: 0.4331 | Val F1: 0.3741 | 0.9s
  Epoch 336/800 | Total: 3.610 Edge: 0.466 Con: 0.344 Cls: 1.417 Hist: 0.9503 Path: 0.4323 | 0.9s
  Epoch 337/800 | Total: 3.598 Edge: 0.462 Con: 0.343 Cls: 1.415 Hist: 0.9461 Path: 0.4320 | 1.0s
  Epoch 338/800 | Total: 3.616 Edge: 0.460 Con: 0.344 Cls: 1.423 Hist: 0.9541 Path: 0.4340 | 0.9s
  Epoch 339/800 | Total: 3.595 Edge: 0.458 Con: 0.339 Cls: 1.414 Hist: 0.9510 Path: 0.4320 | 0.9s
  Epoch 340/800 | Total: 3.621 Edge: 0.459 Con: 0.342 Cls: 1.427 Hist: 0.9583 Path: 0.4348 | Val F1: 0.3582 | 1.0s
  Epoch 341/800 | Total: 3.678 Edge: 0.463 Con: 0.346 Cls: 1.456 Hist: 0.9743 Path: 0.4380 | 1.0s
  Epoch 342/800 | Total: 3.671 Edge: 0.459 Con: 0.343 Cls: 1.456 Hist: 0.9795 Path: 0.4334 | 1.0s
  Epoch 343/800 | Total: 3.583 Edge: 0.458 Con: 0.344 Cls: 1.408 Hist: 0.9402 Path: 0.4330 | 0.9s
  Epoch 344/800 | Total: 3.591 Edge: 0.458 Con: 0.341 Cls: 1.411 Hist: 0.9499 Path: 0.4309 | 1.3s
  Epoch 345/800 | Total: 3.633 Edge: 0.461 Con: 0.343 Cls: 1.434 Hist: 0.9611 Path: 0.4345 | Val F1: 0.3604 | 1.1s
  Epoch 346/800 | Total: 3.616 Edge: 0.460 Con: 0.345 Cls: 1.429 Hist: 0.9514 Path: 0.4309 | 1.0s
  Epoch 347/800 | Total: 3.622 Edge: 0.459 Con: 0.345 Cls: 1.431 Hist: 0.9581 Path: 0.4281 | 0.9s
  Epoch 348/800 | Total: 3.639 Edge: 0.460 Con: 0.343 Cls: 1.438 Hist: 0.9638 Path: 0.4339 | 0.9s
  Epoch 349/800 | Total: 3.687 Edge: 0.461 Con: 0.345 Cls: 1.464 Hist: 0.9836 Path: 0.4334 | 1.1s
  Epoch 350/800 | Total: 3.639 Edge: 0.465 Con: 0.344 Cls: 1.433 Hist: 0.9628 Path: 0.4341 | Val F1: 0.3479 | 1.0s
  Epoch 351/800 | Total: 3.623 Edge: 0.457 Con: 0.339 Cls: 1.438 Hist: 0.9630 Path: 0.4266 | 0.9s
  Epoch 352/800 | Total: 3.600 Edge: 0.457 Con: 0.341 Cls: 1.416 Hist: 0.9514 Path: 0.4346 | 0.9s
  Epoch 353/800 | Total: 3.636 Edge: 0.457 Con: 0.341 Cls: 1.437 Hist: 0.9611 Path: 0.4399 | 1.0s
  Epoch 354/800 | Total: 3.640 Edge: 0.459 Con: 0.340 Cls: 1.438 Hist: 0.9626 Path: 0.4406 | 0.9s
  Epoch 355/800 | Total: 3.621 Edge: 0.459 Con: 0.342 Cls: 1.423 Hist: 0.9573 Path: 0.4395 | Val F1: 0.3666 | 1.0s
  Epoch 356/800 | Total: 3.592 Edge: 0.461 Con: 0.344 Cls: 1.411 Hist: 0.9450 Path: 0.4312 | 1.0s
  Epoch 357/800 | Total: 3.597 Edge: 0.459 Con: 0.341 Cls: 1.420 Hist: 0.9516 Path: 0.4250 | 1.0s
  Epoch 358/800 | Total: 3.592 Edge: 0.456 Con: 0.342 Cls: 1.421 Hist: 0.9525 Path: 0.4218 | 0.9s
  Epoch 359/800 | Total: 3.639 Edge: 0.458 Con: 0.344 Cls: 1.444 Hist: 0.9637 Path: 0.4299 | 0.9s
  Epoch 360/800 | Total: 3.640 Edge: 0.458 Con: 0.342 Cls: 1.440 Hist: 0.9716 Path: 0.4280 | Val F1: 0.3526 | 0.9s
  Epoch 361/800 | Total: 3.587 Edge: 0.459 Con: 0.340 Cls: 1.414 Hist: 0.9453 Path: 0.4283 | 1.0s
  Epoch 362/800 | Total: 3.575 Edge: 0.458 Con: 0.342 Cls: 1.403 Hist: 0.9412 Path: 0.4301 | 1.2s
  Epoch 363/800 | Total: 3.600 Edge: 0.460 Con: 0.341 Cls: 1.416 Hist: 0.9504 Path: 0.4321 | 1.0s
  Epoch 364/800 | Total: 3.653 Edge: 0.463 Con: 0.342 Cls: 1.448 Hist: 0.9669 Path: 0.4335 | 1.2s
  Epoch 365/800 | Total: 3.628 Edge: 0.461 Con: 0.342 Cls: 1.431 Hist: 0.9633 Path: 0.4312 | Val F1: 0.3500 | 1.0s
  Epoch 366/800 | Total: 3.645 Edge: 0.459 Con: 0.339 Cls: 1.447 Hist: 0.9666 Path: 0.4337 | 1.2s
  Epoch 367/800 | Total: 3.668 Edge: 0.464 Con: 0.339 Cls: 1.449 Hist: 0.9719 Path: 0.4450 | 1.1s
  Epoch 368/800 | Total: 3.627 Edge: 0.467 Con: 0.341 Cls: 1.419 Hist: 0.9507 Path: 0.4492 | 1.2s
  Epoch 369/800 | Total: 3.631 Edge: 0.457 Con: 0.340 Cls: 1.441 Hist: 0.9625 Path: 0.4305 | 1.1s
  Epoch 370/800 | Total: 3.599 Edge: 0.457 Con: 0.342 Cls: 1.420 Hist: 0.9517 Path: 0.4277 | Val F1: 0.3661 | 0.9s
  Epoch 371/800 | Total: 3.570 Edge: 0.456 Con: 0.340 Cls: 1.407 Hist: 0.9416 Path: 0.4250 | 1.0s
  Epoch 372/800 | Total: 3.577 Edge: 0.454 Con: 0.341 Cls: 1.412 Hist: 0.9461 Path: 0.4248 | 1.0s
  Epoch 373/800 | Total: 3.570 Edge: 0.455 Con: 0.340 Cls: 1.405 Hist: 0.9432 Path: 0.4257 | 0.9s
  Epoch 374/800 | Total: 3.600 Edge: 0.461 Con: 0.338 Cls: 1.425 Hist: 0.9505 Path: 0.4259 | 0.9s
  Epoch 375/800 | Total: 3.607 Edge: 0.463 Con: 0.339 Cls: 1.414 Hist: 0.9541 Path: 0.4361 | Val F1: 0.3711 | 1.2s
  Epoch 376/800 | Total: 3.618 Edge: 0.463 Con: 0.338 Cls: 1.419 Hist: 0.9535 Path: 0.4440 | 1.0s
  Epoch 377/800 | Total: 3.590 Edge: 0.460 Con: 0.341 Cls: 1.408 Hist: 0.9465 Path: 0.4338 | 1.1s
  Epoch 378/800 | Total: 3.641 Edge: 0.457 Con: 0.339 Cls: 1.436 Hist: 0.9662 Path: 0.4420 | 1.0s
  Epoch 379/800 | Total: 3.577 Edge: 0.457 Con: 0.339 Cls: 1.404 Hist: 0.9408 Path: 0.4360 | 0.9s
  Epoch 380/800 | Total: 3.609 Edge: 0.458 Con: 0.340 Cls: 1.420 Hist: 0.9521 Path: 0.4384 | Val F1: 0.3697 | 0.9s
  Epoch 381/800 | Total: 3.573 Edge: 0.455 Con: 0.336 Cls: 1.407 Hist: 0.9470 Path: 0.4272 | 1.0s
  Epoch 382/800 | Total: 3.649 Edge: 0.456 Con: 0.338 Cls: 1.457 Hist: 0.9727 Path: 0.4266 | 1.1s
  Epoch 383/800 | Total: 3.620 Edge: 0.455 Con: 0.341 Cls: 1.439 Hist: 0.9558 Path: 0.4286 | 1.0s
  Epoch 384/800 | Total: 3.588 Edge: 0.455 Con: 0.339 Cls: 1.422 Hist: 0.9495 Path: 0.4228 | 1.3s
  Epoch 385/800 | Total: 3.569 Edge: 0.456 Con: 0.336 Cls: 1.409 Hist: 0.9426 Path: 0.4252 | Val F1: 0.3675 | 1.1s
  Epoch 386/800 | Total: 3.566 Edge: 0.456 Con: 0.340 Cls: 1.406 Hist: 0.9384 Path: 0.4258 | 1.1s
  Epoch 387/800 | Total: 3.584 Edge: 0.459 Con: 0.340 Cls: 1.413 Hist: 0.9467 Path: 0.4264 | 1.3s
  Epoch 388/800 | Total: 3.612 Edge: 0.462 Con: 0.339 Cls: 1.420 Hist: 0.9592 Path: 0.4309 | 0.9s
  Epoch 389/800 | Total: 3.616 Edge: 0.460 Con: 0.336 Cls: 1.432 Hist: 0.9570 Path: 0.4312 | 1.0s
  Epoch 390/800 | Total: 3.578 Edge: 0.456 Con: 0.340 Cls: 1.411 Hist: 0.9458 Path: 0.4265 | Val F1: 0.3696 | 1.2s
  Epoch 391/800 | Total: 3.623 Edge: 0.458 Con: 0.337 Cls: 1.438 Hist: 0.9640 Path: 0.4252 | 1.0s
  Epoch 392/800 | Total: 3.590 Edge: 0.456 Con: 0.337 Cls: 1.421 Hist: 0.9524 Path: 0.4233 | 1.0s
  Epoch 393/800 | Total: 3.591 Edge: 0.457 Con: 0.338 Cls: 1.421 Hist: 0.9528 Path: 0.4230 | 1.0s
  Epoch 394/800 | Total: 3.559 Edge: 0.457 Con: 0.339 Cls: 1.401 Hist: 0.9407 Path: 0.4214 | 1.1s
  Epoch 395/800 | Total: 3.588 Edge: 0.458 Con: 0.339 Cls: 1.412 Hist: 0.9539 Path: 0.4251 | Val F1: 0.3682 | 1.0s
  Epoch 396/800 | Total: 3.576 Edge: 0.454 Con: 0.337 Cls: 1.414 Hist: 0.9483 Path: 0.4223 | 1.0s
  Epoch 397/800 | Total: 3.571 Edge: 0.459 Con: 0.338 Cls: 1.402 Hist: 0.9451 Path: 0.4265 | 1.0s
  Epoch 398/800 | Total: 3.622 Edge: 0.462 Con: 0.339 Cls: 1.431 Hist: 0.9570 Path: 0.4333 | 1.2s
  Epoch 399/800 | Total: 3.575 Edge: 0.458 Con: 0.337 Cls: 1.408 Hist: 0.9457 Path: 0.4266 | 1.0s
  Epoch 400/800 | Total: 3.575 Edge: 0.453 Con: 0.339 Cls: 1.411 Hist: 0.9443 Path: 0.4282 | Val F1: 0.3791 | 0.9s
  Epoch 401/800 | Total: 3.578 Edge: 0.453 Con: 0.337 Cls: 1.412 Hist: 0.9489 Path: 0.4276 | 0.9s
  Epoch 402/800 | Total: 3.616 Edge: 0.456 Con: 0.339 Cls: 1.430 Hist: 0.9582 Path: 0.4325 | 0.9s
  Epoch 403/800 | Total: 3.598 Edge: 0.454 Con: 0.336 Cls: 1.425 Hist: 0.9568 Path: 0.4266 | 1.2s
  Epoch 404/800 | Total: 3.595 Edge: 0.458 Con: 0.336 Cls: 1.418 Hist: 0.9526 Path: 0.4314 | 1.1s
  Epoch 405/800 | Total: 3.611 Edge: 0.459 Con: 0.337 Cls: 1.433 Hist: 0.9544 Path: 0.4271 | Val F1: 0.3685 | 1.1s
  Epoch 406/800 | Total: 3.601 Edge: 0.456 Con: 0.337 Cls: 1.425 Hist: 0.9580 Path: 0.4257 | 1.1s
  Epoch 407/800 | Total: 3.600 Edge: 0.457 Con: 0.336 Cls: 1.425 Hist: 0.9560 Path: 0.4263 | 1.2s
  Epoch 408/800 | Total: 3.591 Edge: 0.456 Con: 0.339 Cls: 1.418 Hist: 0.9561 Path: 0.4222 | 1.0s
  Epoch 409/800 | Total: 3.568 Edge: 0.455 Con: 0.338 Cls: 1.408 Hist: 0.9463 Path: 0.4211 | 1.0s
  Epoch 410/800 | Total: 3.582 Edge: 0.454 Con: 0.336 Cls: 1.421 Hist: 0.9510 Path: 0.4203 | Val F1: 0.3667 | 1.1s
  Epoch 411/800 | Total: 3.611 Edge: 0.456 Con: 0.338 Cls: 1.432 Hist: 0.9562 Path: 0.4288 | 0.9s
  Epoch 412/800 | Total: 3.654 Edge: 0.457 Con: 0.336 Cls: 1.459 Hist: 0.9694 Path: 0.4332 | 0.9s
  Epoch 413/800 | Total: 3.631 Edge: 0.460 Con: 0.338 Cls: 1.436 Hist: 0.9600 Path: 0.4365 | 1.1s
  Epoch 414/800 | Total: 3.602 Edge: 0.461 Con: 0.335 Cls: 1.423 Hist: 0.9499 Path: 0.4330 | 1.1s
  Epoch 415/800 | Total: 3.608 Edge: 0.454 Con: 0.337 Cls: 1.432 Hist: 0.9585 Path: 0.4262 | Val F1: 0.3642 | 0.9s
  Epoch 416/800 | Total: 3.609 Edge: 0.458 Con: 0.338 Cls: 1.429 Hist: 0.9521 Path: 0.4324 | 1.0s
  Epoch 417/800 | Total: 3.609 Edge: 0.457 Con: 0.338 Cls: 1.427 Hist: 0.9510 Path: 0.4362 | 1.1s
  Epoch 418/800 | Total: 3.582 Edge: 0.456 Con: 0.336 Cls: 1.415 Hist: 0.9479 Path: 0.4274 | 1.0s
  Epoch 419/800 | Total: 3.589 Edge: 0.454 Con: 0.335 Cls: 1.421 Hist: 0.9528 Path: 0.4251 | 1.2s
  Epoch 420/800 | Total: 3.613 Edge: 0.456 Con: 0.336 Cls: 1.430 Hist: 0.9606 Path: 0.4307 | Val F1: 0.3497 | 0.9s
  Epoch 421/800 | Total: 3.589 Edge: 0.452 Con: 0.333 Cls: 1.424 Hist: 0.9577 Path: 0.4230 | 1.0s
  Epoch 422/800 | Total: 3.582 Edge: 0.456 Con: 0.337 Cls: 1.414 Hist: 0.9472 Path: 0.4279 | 1.1s
  Epoch 423/800 | Total: 3.586 Edge: 0.455 Con: 0.339 Cls: 1.417 Hist: 0.9523 Path: 0.4236 | 0.9s
  Epoch 424/800 | Total: 3.596 Edge: 0.460 Con: 0.337 Cls: 1.414 Hist: 0.9484 Path: 0.4372 | 0.9s
  Epoch 425/800 | Total: 3.577 Edge: 0.454 Con: 0.335 Cls: 1.413 Hist: 0.9494 Path: 0.4263 | Val F1: 0.3780 | 0.9s
  Epoch 426/800 | Total: 3.557 Edge: 0.456 Con: 0.337 Cls: 1.401 Hist: 0.9393 Path: 0.4233 | 1.0s
  Epoch 427/800 | Total: 3.532 Edge: 0.452 Con: 0.334 Cls: 1.392 Hist: 0.9335 Path: 0.4215 | 1.1s
  Epoch 428/800 | Total: 3.611 Edge: 0.453 Con: 0.337 Cls: 1.438 Hist: 0.9546 Path: 0.4281 | 1.1s
  Epoch 429/800 | Total: 3.568 Edge: 0.455 Con: 0.337 Cls: 1.408 Hist: 0.9428 Path: 0.4253 | 1.1s
  Epoch 430/800 | Total: 3.571 Edge: 0.456 Con: 0.334 Cls: 1.414 Hist: 0.9462 Path: 0.4213 | Val F1: 0.3720 | 1.1s
  Epoch 431/800 | Total: 3.567 Edge: 0.456 Con: 0.337 Cls: 1.405 Hist: 0.9451 Path: 0.4242 | 1.0s
  Epoch 432/800 | Total: 3.589 Edge: 0.453 Con: 0.334 Cls: 1.427 Hist: 0.9534 Path: 0.4224 | 1.1s
  Epoch 433/800 | Total: 3.559 Edge: 0.453 Con: 0.336 Cls: 1.403 Hist: 0.9462 Path: 0.4193 | 1.0s
  Epoch 434/800 | Total: 3.549 Edge: 0.452 Con: 0.335 Cls: 1.398 Hist: 0.9360 Path: 0.4277 | 1.0s
  Epoch 435/800 | Total: 3.559 Edge: 0.450 Con: 0.337 Cls: 1.403 Hist: 0.9396 Path: 0.4296 | Val F1: 0.3691 | 1.0s
  Epoch 436/800 | Total: 3.542 Edge: 0.453 Con: 0.335 Cls: 1.390 Hist: 0.9342 Path: 0.4308 | 1.0s
  Epoch 437/800 | Total: 3.593 Edge: 0.454 Con: 0.335 Cls: 1.420 Hist: 0.9481 Path: 0.4351 | 0.9s
  Epoch 438/800 | Total: 3.577 Edge: 0.456 Con: 0.335 Cls: 1.410 Hist: 0.9451 Path: 0.4301 | 1.2s
  Epoch 439/800 | Total: 3.567 Edge: 0.454 Con: 0.337 Cls: 1.406 Hist: 0.9441 Path: 0.4260 | 0.9s
  Epoch 440/800 | Total: 3.623 Edge: 0.452 Con: 0.333 Cls: 1.443 Hist: 0.9701 Path: 0.4255 | Val F1: 0.3586 | 1.2s
  Epoch 441/800 | Total: 3.612 Edge: 0.455 Con: 0.336 Cls: 1.436 Hist: 0.9534 Path: 0.4314 | 1.0s
  Epoch 442/800 | Total: 3.607 Edge: 0.454 Con: 0.336 Cls: 1.426 Hist: 0.9571 Path: 0.4334 | 0.9s
  Epoch 443/800 | Total: 3.658 Edge: 0.460 Con: 0.338 Cls: 1.453 Hist: 0.9708 Path: 0.4357 | 0.9s
  Epoch 444/800 | Total: 3.593 Edge: 0.458 Con: 0.334 Cls: 1.418 Hist: 0.9506 Path: 0.4325 | 0.9s
  Epoch 445/800 | Total: 3.612 Edge: 0.466 Con: 0.337 Cls: 1.425 Hist: 0.9559 Path: 0.4280 | Val F1: 0.3563 | 1.0s
  Epoch 446/800 | Total: 3.586 Edge: 0.461 Con: 0.337 Cls: 1.416 Hist: 0.9435 Path: 0.4279 | 0.9s
  Epoch 447/800 | Total: 3.590 Edge: 0.460 Con: 0.335 Cls: 1.417 Hist: 0.9513 Path: 0.4267 | 0.9s
  Epoch 448/800 | Total: 3.592 Edge: 0.456 Con: 0.336 Cls: 1.422 Hist: 0.9562 Path: 0.4214 | 1.0s
  Epoch 449/800 | Total: 3.547 Edge: 0.455 Con: 0.335 Cls: 1.400 Hist: 0.9380 Path: 0.4183 | 1.0s
  Epoch 450/800 | Total: 3.555 Edge: 0.456 Con: 0.334 Cls: 1.399 Hist: 0.9430 Path: 0.4222 | Val F1: 0.3674 | 0.9s
  Epoch 451/800 | Total: 3.576 Edge: 0.452 Con: 0.334 Cls: 1.419 Hist: 0.9536 Path: 0.4175 | 0.9s
  Epoch 452/800 | Total: 3.545 Edge: 0.449 Con: 0.333 Cls: 1.402 Hist: 0.9431 Path: 0.4175 | 1.0s
  Epoch 453/800 | Total: 3.547 Edge: 0.452 Con: 0.335 Cls: 1.398 Hist: 0.9378 Path: 0.4238 | 0.9s
  Epoch 454/800 | Total: 3.589 Edge: 0.450 Con: 0.336 Cls: 1.424 Hist: 0.9565 Path: 0.4221 | 0.9s
  Epoch 455/800 | Total: 3.583 Edge: 0.453 Con: 0.334 Cls: 1.418 Hist: 0.9492 Path: 0.4283 | Val F1: 0.3616 | 1.0s
  Epoch 456/800 | Total: 3.593 Edge: 0.456 Con: 0.336 Cls: 1.421 Hist: 0.9466 Path: 0.4326 | 1.4s
  Epoch 457/800 | Total: 3.611 Edge: 0.466 Con: 0.336 Cls: 1.416 Hist: 0.9461 Path: 0.4472 | 0.9s
  Epoch 458/800 | Total: 3.569 Edge: 0.454 Con: 0.333 Cls: 1.408 Hist: 0.9459 Path: 0.4281 | 1.0s
  Epoch 459/800 | Total: 3.553 Edge: 0.451 Con: 0.334 Cls: 1.408 Hist: 0.9413 Path: 0.4186 | 1.3s
  Epoch 460/800 | Total: 3.555 Edge: 0.452 Con: 0.333 Cls: 1.407 Hist: 0.9460 Path: 0.4175 | Val F1: 0.3738 | 0.9s
  Epoch 461/800 | Total: 3.547 Edge: 0.452 Con: 0.333 Cls: 1.401 Hist: 0.9412 Path: 0.4197 | 1.0s
  Epoch 462/800 | Total: 3.558 Edge: 0.450 Con: 0.333 Cls: 1.412 Hist: 0.9464 Path: 0.4171 | 0.9s
  Epoch 463/800 | Total: 3.576 Edge: 0.453 Con: 0.336 Cls: 1.419 Hist: 0.9514 Path: 0.4158 | 0.9s
  Epoch 464/800 | Total: 3.558 Edge: 0.449 Con: 0.335 Cls: 1.409 Hist: 0.9490 Path: 0.4167 | 0.9s
  Epoch 465/800 | Total: 3.561 Edge: 0.451 Con: 0.336 Cls: 1.412 Hist: 0.9433 Path: 0.4200 | Val F1: 0.3766 | 1.0s
  Epoch 466/800 | Total: 3.545 Edge: 0.452 Con: 0.332 Cls: 1.395 Hist: 0.9373 Path: 0.4291 | 1.2s
  Epoch 467/800 | Total: 3.550 Edge: 0.454 Con: 0.333 Cls: 1.397 Hist: 0.9375 Path: 0.4278 | 1.1s
  Epoch 468/800 | Total: 3.580 Edge: 0.452 Con: 0.333 Cls: 1.420 Hist: 0.9518 Path: 0.4223 | 1.1s
  Epoch 469/800 | Total: 3.593 Edge: 0.454 Con: 0.333 Cls: 1.420 Hist: 0.9537 Path: 0.4312 | 1.2s
  Epoch 470/800 | Total: 3.597 Edge: 0.454 Con: 0.335 Cls: 1.429 Hist: 0.9561 Path: 0.4235 | Val F1: 0.3637 | 1.0s
  Epoch 471/800 | Total: 3.589 Edge: 0.457 Con: 0.334 Cls: 1.417 Hist: 0.9553 Path: 0.4261 | 0.9s
  Epoch 472/800 | Total: 3.599 Edge: 0.453 Con: 0.335 Cls: 1.431 Hist: 0.9550 Path: 0.4253 | 1.0s
  Epoch 473/800 | Total: 3.573 Edge: 0.452 Con: 0.333 Cls: 1.415 Hist: 0.9510 Path: 0.4218 | 0.9s
  Epoch 474/800 | Total: 3.531 Edge: 0.447 Con: 0.332 Cls: 1.397 Hist: 0.9365 Path: 0.4176 | 1.1s
  Epoch 475/800 | Total: 3.546 Edge: 0.452 Con: 0.331 Cls: 1.398 Hist: 0.9418 Path: 0.4234 | Val F1: 0.3683 | 1.1s
  Epoch 476/800 | Total: 3.545 Edge: 0.451 Con: 0.331 Cls: 1.397 Hist: 0.9392 Path: 0.4261 | 0.9s
  Epoch 477/800 | Total: 3.550 Edge: 0.456 Con: 0.333 Cls: 1.391 Hist: 0.9383 Path: 0.4312 | 0.9s
  Epoch 478/800 | Total: 3.562 Edge: 0.452 Con: 0.333 Cls: 1.406 Hist: 0.9446 Path: 0.4257 | 0.9s
  Epoch 479/800 | Total: 3.599 Edge: 0.456 Con: 0.331 Cls: 1.428 Hist: 0.9557 Path: 0.4278 | 1.0s
  Epoch 480/800 | Total: 3.585 Edge: 0.456 Con: 0.333 Cls: 1.415 Hist: 0.9554 Path: 0.4260 | Val F1: 0.3632 | 0.9s
  Epoch 481/800 | Total: 3.563 Edge: 0.460 Con: 0.332 Cls: 1.406 Hist: 0.9425 Path: 0.4227 | 1.2s
  Epoch 482/800 | Total: 3.570 Edge: 0.455 Con: 0.334 Cls: 1.412 Hist: 0.9469 Path: 0.4218 | 0.9s
  Epoch 483/800 | Total: 3.544 Edge: 0.455 Con: 0.333 Cls: 1.393 Hist: 0.9377 Path: 0.4245 | 1.1s
  Epoch 484/800 | Total: 3.563 Edge: 0.453 Con: 0.333 Cls: 1.410 Hist: 0.9457 Path: 0.4211 | 1.0s
  Epoch 485/800 | Total: 3.556 Edge: 0.453 Con: 0.331 Cls: 1.409 Hist: 0.9451 Path: 0.4173 | Val F1: 0.3706 | 1.0s
  Epoch 486/800 | Total: 3.534 Edge: 0.450 Con: 0.332 Cls: 1.395 Hist: 0.9394 Path: 0.4163 | 1.0s
  Epoch 487/800 | Total: 3.558 Edge: 0.452 Con: 0.330 Cls: 1.407 Hist: 0.9450 Path: 0.4250 | 1.1s
  Epoch 488/800 | Total: 3.564 Edge: 0.450 Con: 0.331 Cls: 1.411 Hist: 0.9497 Path: 0.4227 | 1.0s
  Epoch 489/800 | Total: 3.583 Edge: 0.454 Con: 0.333 Cls: 1.411 Hist: 0.9543 Path: 0.4307 | 0.9s
  Epoch 490/800 | Total: 3.576 Edge: 0.463 Con: 0.332 Cls: 1.405 Hist: 0.9470 Path: 0.4282 | Val F1: 0.3640 | 0.9s
  Epoch 491/800 | Total: 3.761 Edge: 0.468 Con: 0.337 Cls: 1.513 Hist: 1.0015 Path: 0.4414 | 1.0s
  Epoch 492/800 | Total: 3.809 Edge: 0.466 Con: 0.342 Cls: 1.535 Hist: 1.0129 Path: 0.4529 | 1.0s
  Epoch 493/800 | Total: 3.709 Edge: 0.463 Con: 0.339 Cls: 1.487 Hist: 0.9855 Path: 0.4342 | 0.9s
  Epoch 494/800 | Total: 3.638 Edge: 0.463 Con: 0.334 Cls: 1.451 Hist: 0.9638 Path: 0.4252 | 1.0s
  Epoch 495/800 | Total: 3.583 Edge: 0.457 Con: 0.336 Cls: 1.418 Hist: 0.9505 Path: 0.4223 | Val F1: 0.3586 | 1.2s
  Epoch 496/800 | Total: 3.578 Edge: 0.455 Con: 0.336 Cls: 1.416 Hist: 0.9483 Path: 0.4227 | 0.9s
  Epoch 497/800 | Total: 3.550 Edge: 0.451 Con: 0.335 Cls: 1.401 Hist: 0.9413 Path: 0.4211 | 1.1s
  Epoch 498/800 | Total: 3.543 Edge: 0.452 Con: 0.334 Cls: 1.398 Hist: 0.9372 Path: 0.4223 | 1.0s
  Epoch 499/800 | Total: 3.624 Edge: 0.456 Con: 0.333 Cls: 1.443 Hist: 0.9677 Path: 0.4233 | 1.1s
  Epoch 500/800 | Total: 3.558 Edge: 0.452 Con: 0.333 Cls: 1.407 Hist: 0.9467 Path: 0.4192 | Val F1: 0.3745 | 1.2s
  Early stopping at epoch 500
  Best Val F1: 0.3791 | Test F1: 0.3825
  Total training time: 582.2s (9.7 min)

======================================================================
  Val  Macro-F1: 0.3791
  Test Macro-F1: 0.3825
  Test Accuracy: 0.6284
  Time: 584.2s
======================================================================

  Results saved to: results/NESS_ogbn-arxiv_MCAR_0.8_20260723_120448
