/home/erfan/MATE/venv/lib/python3.13/site-packages/outdated/__init__.py:36: UserWarning: pkg_resources is deprecated as an API. See https://setuptools.pypa.io/en/latest/pkg_resources.html. The pkg_resources package is slated for removal as early as 2025-11-30. Refrain from using this package or pin to Setuptools<81.
  from pkg_resources import parse_version
/home/erfan/MATE/ogbn_benchmarks/data_loader.py:96: UserWarning: Sparse invariant checks are implicitly disabled. Memory errors (e.g. SEGFAULT) will occur when operating on a sparse tensor which violates the invariants, but checks incur performance overhead. To silence this warning, explicitly opt in or out. See `torch.sparse.check_sparse_tensor_invariants.__doc__` for guidance.  (Triggered internally at /pytorch/aten/src/ATen/Context.cpp:760.)
  adj = torch.sparse_coo_tensor(edge_index, vals, (num_nodes, num_nodes)).coalesce()
======================================================================
  NESS | ogbn-arxiv | MCAR @ 80% | lr=0.001
======================================================================
[1/3] Loading ogbn-arxiv...
  169,343 nodes | 128 dims | 40 classes
[2/3] Simulating MCAR missingness...
Simulating MCAR missingness at 80% rate...
  MCAR: Uniform random selection
  Observable: 33,869 (20.0%)
  Masked: 135,474 (80.0%)
  Observable: 33,869 | Val: 67,737 | Test: 67,737
[3/3] Running NESS...
  Prefilling missing nodes via Feature Propagation (40 iters)...
  Computing neighbor label-histogram target (2-hop, observable labels)...
  Partitioning graph into 20 clusters (cache_device=gpu)...
  Cached 20 clusters
  Training NESS for up to 800 epochs (patience=20)...
  Epoch 1/800 | Total: 15.183 Edge: 0.694 Con: 0.676 Cls: 3.530 Hist: 2.8584 Path: 0.7036 | 10.5s
  Epoch 2/800 | Total: 13.639 Edge: 0.674 Con: 0.553 Cls: 3.188 Hist: 2.4358 Path: 0.6879 | 1.1s
  Epoch 3/800 | Total: 13.069 Edge: 0.640 Con: 0.467 Cls: 3.067 Hist: 2.3100 Path: 0.6832 | 1.1s
  Epoch 4/800 | Total: 12.724 Edge: 0.631 Con: 0.383 Cls: 2.995 Hist: 2.2303 Path: 0.6843 | 1.0s
  Epoch 5/800 | Total: 12.148 Edge: 0.624 Con: 0.364 Cls: 2.858 Hist: 2.0909 Path: 0.6774 | Val F1: 0.0230 | 1.1s
  Epoch 6/800 | Total: 11.282 Edge: 0.642 Con: 0.338 Cls: 2.625 Hist: 1.9071 Path: 0.6874 | 1.1s
  Epoch 7/800 | Total: 11.089 Edge: 0.607 Con: 0.339 Cls: 2.595 Hist: 1.8553 Path: 0.6725 | 1.1s
  Epoch 8/800 | Total: 10.468 Edge: 0.634 Con: 0.307 Cls: 2.442 Hist: 1.6953 Path: 0.6592 | 1.1s
  Epoch 9/800 | Total: 9.828 Edge: 0.595 Con: 0.292 Cls: 2.300 Hist: 1.5538 Path: 0.6334 | 1.1s
  Epoch 10/800 | Total: 9.498 Edge: 0.597 Con: 0.267 Cls: 2.205 Hist: 1.5119 Path: 0.6399 | Val F1: 0.1060 | 1.1s
  Epoch 11/800 | Total: 9.417 Edge: 0.565 Con: 0.253 Cls: 2.203 Hist: 1.4927 Path: 0.6256 | 1.1s
  Epoch 12/800 | Total: 9.147 Edge: 0.572 Con: 0.277 Cls: 2.122 Hist: 1.4264 Path: 0.6451 | 1.0s
  Epoch 13/800 | Total: 9.495 Edge: 0.557 Con: 0.281 Cls: 2.229 Hist: 1.4795 Path: 0.6303 | 1.0s
  Epoch 14/800 | Total: 9.938 Edge: 0.567 Con: 0.331 Cls: 2.318 Hist: 1.6265 Path: 0.6236 | 1.1s
  Epoch 15/800 | Total: 9.128 Edge: 0.567 Con: 0.294 Cls: 2.103 Hist: 1.4939 Path: 0.6115 | Val F1: 0.1057 | 1.1s
  Epoch 16/800 | Total: 9.274 Edge: 0.546 Con: 0.274 Cls: 2.171 Hist: 1.4730 Path: 0.6049 | 1.1s
  Epoch 17/800 | Total: 8.913 Edge: 0.554 Con: 0.265 Cls: 2.072 Hist: 1.4083 Path: 0.6008 | 1.1s
  Epoch 18/800 | Total: 8.544 Edge: 0.521 Con: 0.234 Cls: 1.993 Hist: 1.3462 Path: 0.5810 | 1.0s
  Epoch 19/800 | Total: 8.197 Edge: 0.510 Con: 0.228 Cls: 1.905 Hist: 1.2766 Path: 0.5813 | 1.1s
  Epoch 20/800 | Total: 8.045 Edge: 0.503 Con: 0.221 Cls: 1.865 Hist: 1.2467 Path: 0.5891 | Val F1: 0.1524 | 1.1s
  Epoch 21/800 | Total: 7.950 Edge: 0.494 Con: 0.212 Cls: 1.846 Hist: 1.2396 Path: 0.5723 | 1.1s
  Epoch 22/800 | Total: 8.068 Edge: 0.513 Con: 0.215 Cls: 1.871 Hist: 1.2490 Path: 0.5830 | 1.1s
  Epoch 23/800 | Total: 7.805 Edge: 0.491 Con: 0.225 Cls: 1.817 Hist: 1.2029 Path: 0.5485 | 1.0s
  Epoch 24/800 | Total: 7.819 Edge: 0.486 Con: 0.223 Cls: 1.827 Hist: 1.1891 Path: 0.5526 | 1.1s
  Epoch 25/800 | Total: 7.810 Edge: 0.477 Con: 0.225 Cls: 1.817 Hist: 1.2121 Path: 0.5573 | Val F1: 0.1799 | 1.1s
  Epoch 26/800 | Total: 7.759 Edge: 0.471 Con: 0.221 Cls: 1.804 Hist: 1.2118 Path: 0.5542 | 1.1s
  Epoch 27/800 | Total: 7.671 Edge: 0.477 Con: 0.226 Cls: 1.775 Hist: 1.1857 Path: 0.5692 | 1.0s
  Epoch 28/800 | Total: 7.605 Edge: 0.493 Con: 0.223 Cls: 1.752 Hist: 1.1617 Path: 0.5821 | 1.0s
  Epoch 29/800 | Total: 7.305 Edge: 0.456 Con: 0.210 Cls: 1.697 Hist: 1.1243 Path: 0.5277 | 1.0s
  Epoch 30/800 | Total: 7.417 Edge: 0.487 Con: 0.207 Cls: 1.720 Hist: 1.1327 Path: 0.5342 | Val F1: 0.2187 | 1.0s
  Epoch 31/800 | Total: 7.852 Edge: 0.535 Con: 0.215 Cls: 1.821 Hist: 1.1884 Path: 0.5583 | 1.1s
  Epoch 32/800 | Total: 8.802 Edge: 0.508 Con: 0.246 Cls: 2.066 Hist: 1.4005 Path: 0.5730 | 1.1s
  Epoch 33/800 | Total: 7.853 Edge: 0.495 Con: 0.250 Cls: 1.820 Hist: 1.2073 Path: 0.5659 | 1.0s
  Epoch 34/800 | Total: 7.718 Edge: 0.490 Con: 0.234 Cls: 1.788 Hist: 1.1996 Path: 0.5474 | 1.0s
  Epoch 35/800 | Total: 7.487 Edge: 0.479 Con: 0.225 Cls: 1.737 Hist: 1.1569 Path: 0.5295 | Val F1: 0.1856 | 1.1s
  Epoch 36/800 | Total: 7.309 Edge: 0.478 Con: 0.217 Cls: 1.687 Hist: 1.1239 Path: 0.5396 | 1.0s
  Epoch 37/800 | Total: 7.088 Edge: 0.453 Con: 0.203 Cls: 1.643 Hist: 1.0827 Path: 0.5233 | 1.1s
  Epoch 38/800 | Total: 7.132 Edge: 0.449 Con: 0.199 Cls: 1.659 Hist: 1.0926 Path: 0.5136 | 1.0s
  Epoch 39/800 | Total: 7.156 Edge: 0.455 Con: 0.192 Cls: 1.661 Hist: 1.1084 Path: 0.5133 | 1.0s
  Epoch 40/800 | Total: 6.929 Edge: 0.438 Con: 0.191 Cls: 1.612 Hist: 1.0594 Path: 0.5006 | Val F1: 0.2315 | 1.1s
  Epoch 41/800 | Total: 6.868 Edge: 0.433 Con: 0.188 Cls: 1.601 Hist: 1.0443 Path: 0.4924 | 1.1s
  Epoch 42/800 | Total: 6.870 Edge: 0.435 Con: 0.188 Cls: 1.599 Hist: 1.0453 Path: 0.4990 | 1.1s
  Epoch 43/800 | Total: 6.839 Edge: 0.442 Con: 0.184 Cls: 1.584 Hist: 1.0340 Path: 0.5189 | 1.1s
  Epoch 44/800 | Total: 7.121 Edge: 0.440 Con: 0.189 Cls: 1.663 Hist: 1.0837 Path: 0.5142 | 1.1s
  Epoch 45/800 | Total: 7.768 Edge: 0.473 Con: 0.228 Cls: 1.816 Hist: 1.2063 Path: 0.5267 | Val F1: 0.2160 | 1.1s
  Epoch 46/800 | Total: 7.164 Edge: 0.480 Con: 0.221 Cls: 1.655 Hist: 1.0918 Path: 0.5178 | 1.0s
  Epoch 47/800 | Total: 7.237 Edge: 0.459 Con: 0.208 Cls: 1.675 Hist: 1.1126 Path: 0.5353 | 1.1s
  Epoch 48/800 | Total: 6.935 Edge: 0.441 Con: 0.203 Cls: 1.607 Hist: 1.0563 Path: 0.5150 | 1.1s
  Epoch 49/800 | Total: 6.958 Edge: 0.436 Con: 0.196 Cls: 1.618 Hist: 1.0668 Path: 0.5035 | 1.0s
  Epoch 50/800 | Total: 6.922 Edge: 0.426 Con: 0.193 Cls: 1.620 Hist: 1.0455 Path: 0.4936 | Val F1: 0.2369 | 1.1s
  Epoch 51/800 | Total: 6.764 Edge: 0.424 Con: 0.190 Cls: 1.577 Hist: 1.0256 Path: 0.4879 | 1.1s
  Epoch 52/800 | Total: 6.610 Edge: 0.431 Con: 0.187 Cls: 1.528 Hist: 0.9947 Path: 0.5076 | 1.1s
  Epoch 53/800 | Total: 6.655 Edge: 0.432 Con: 0.184 Cls: 1.541 Hist: 1.0064 Path: 0.5030 | 1.1s
  Epoch 54/800 | Total: 6.864 Edge: 0.444 Con: 0.193 Cls: 1.591 Hist: 1.0536 Path: 0.4987 | 1.1s
  Epoch 55/800 | Total: 6.684 Edge: 0.428 Con: 0.189 Cls: 1.552 Hist: 1.0197 Path: 0.4862 | Val F1: 0.2543 | 1.1s
  Epoch 56/800 | Total: 6.722 Edge: 0.423 Con: 0.186 Cls: 1.568 Hist: 1.0145 Path: 0.4885 | 1.1s
  Epoch 57/800 | Total: 6.854 Edge: 0.423 Con: 0.186 Cls: 1.602 Hist: 1.0371 Path: 0.4936 | 1.1s
  Epoch 58/800 | Total: 6.651 Edge: 0.439 Con: 0.188 Cls: 1.537 Hist: 1.0017 Path: 0.5048 | 1.1s
  Epoch 59/800 | Total: 6.471 Edge: 0.423 Con: 0.182 Cls: 1.497 Hist: 0.9743 Path: 0.4915 | 1.1s
  Epoch 60/800 | Total: 6.456 Edge: 0.431 Con: 0.181 Cls: 1.491 Hist: 0.9660 Path: 0.4968 | Val F1: 0.2635 | 1.1s
  Epoch 61/800 | Total: 6.431 Edge: 0.421 Con: 0.184 Cls: 1.490 Hist: 0.9554 Path: 0.4931 | 1.1s
  Epoch 62/800 | Total: 6.496 Edge: 0.418 Con: 0.179 Cls: 1.509 Hist: 0.9748 Path: 0.4865 | 1.1s
  Epoch 63/800 | Total: 6.397 Edge: 0.414 Con: 0.178 Cls: 1.484 Hist: 0.9662 Path: 0.4774 | 1.1s
  Epoch 64/800 | Total: 6.464 Edge: 0.420 Con: 0.185 Cls: 1.498 Hist: 0.9743 Path: 0.4828 | 1.1s
  Epoch 65/800 | Total: 6.361 Edge: 0.434 Con: 0.184 Cls: 1.467 Hist: 0.9570 Path: 0.4774 | Val F1: 0.2874 | 1.1s
  Epoch 66/800 | Total: 6.271 Edge: 0.403 Con: 0.176 Cls: 1.461 Hist: 0.9451 Path: 0.4536 | 1.1s
  Epoch 67/800 | Total: 6.276 Edge: 0.407 Con: 0.178 Cls: 1.460 Hist: 0.9385 Path: 0.4618 | 1.1s
  Epoch 68/800 | Total: 6.318 Edge: 0.410 Con: 0.177 Cls: 1.467 Hist: 0.9446 Path: 0.4721 | 1.1s
  Epoch 69/800 | Total: 6.359 Edge: 0.400 Con: 0.175 Cls: 1.478 Hist: 0.9650 Path: 0.4722 | 1.1s
  Epoch 70/800 | Total: 6.251 Edge: 0.405 Con: 0.175 Cls: 1.453 Hist: 0.9355 Path: 0.4647 | Val F1: 0.2884 | 1.1s
  Epoch 71/800 | Total: 6.204 Edge: 0.404 Con: 0.173 Cls: 1.440 Hist: 0.9286 Path: 0.4662 | 1.1s
  Epoch 72/800 | Total: 6.268 Edge: 0.401 Con: 0.174 Cls: 1.456 Hist: 0.9459 Path: 0.4670 | 1.1s
  Epoch 73/800 | Total: 6.206 Edge: 0.393 Con: 0.172 Cls: 1.447 Hist: 0.9354 Path: 0.4510 | 1.1s
  Epoch 74/800 | Total: 6.195 Edge: 0.399 Con: 0.171 Cls: 1.437 Hist: 0.9326 Path: 0.4672 | 1.1s
  Epoch 75/800 | Total: 6.223 Edge: 0.414 Con: 0.172 Cls: 1.438 Hist: 0.9304 Path: 0.4789 | Val F1: 0.3154 | 1.1s
  Epoch 76/800 | Total: 6.132 Edge: 0.406 Con: 0.176 Cls: 1.418 Hist: 0.9142 Path: 0.4690 | 1.1s
  Epoch 77/800 | Total: 6.262 Edge: 0.398 Con: 0.172 Cls: 1.460 Hist: 0.9429 Path: 0.4548 | 1.1s
  Epoch 78/800 | Total: 6.155 Edge: 0.400 Con: 0.174 Cls: 1.431 Hist: 0.9151 Path: 0.4593 | 1.1s
  Epoch 79/800 | Total: 6.098 Edge: 0.393 Con: 0.171 Cls: 1.415 Hist: 0.9167 Path: 0.4584 | 1.1s
  Epoch 80/800 | Total: 6.324 Edge: 0.403 Con: 0.177 Cls: 1.475 Hist: 0.9479 Path: 0.4598 | Val F1: 0.3123 | 1.1s
  Epoch 81/800 | Total: 6.408 Edge: 0.416 Con: 0.182 Cls: 1.484 Hist: 0.9670 Path: 0.4813 | 1.1s
  Epoch 82/800 | Total: 6.505 Edge: 0.407 Con: 0.184 Cls: 1.517 Hist: 0.9873 Path: 0.4659 | 1.1s
  Epoch 83/800 | Total: 6.375 Edge: 0.425 Con: 0.189 Cls: 1.474 Hist: 0.9658 Path: 0.4685 | 1.0s
  Epoch 84/800 | Total: 6.164 Edge: 0.406 Con: 0.185 Cls: 1.428 Hist: 0.9277 Path: 0.4542 | 1.1s
  Epoch 85/800 | Total: 6.004 Edge: 0.389 Con: 0.176 Cls: 1.393 Hist: 0.8999 Path: 0.4477 | Val F1: 0.3250 | 1.1s
  Epoch 86/800 | Total: 5.990 Edge: 0.389 Con: 0.169 Cls: 1.386 Hist: 0.8934 Path: 0.4653 | 1.1s
  Epoch 87/800 | Total: 5.968 Edge: 0.382 Con: 0.173 Cls: 1.389 Hist: 0.8940 Path: 0.4397 | 1.1s
  Epoch 88/800 | Total: 6.283 Edge: 0.397 Con: 0.182 Cls: 1.468 Hist: 0.9389 Path: 0.4524 | 1.0s
  Epoch 89/800 | Total: 6.455 Edge: 0.423 Con: 0.186 Cls: 1.499 Hist: 0.9798 Path: 0.4642 | 1.2s
  Epoch 90/800 | Total: 6.270 Edge: 0.408 Con: 0.184 Cls: 1.455 Hist: 0.9445 Path: 0.4599 | Val F1: 0.3085 | 1.1s
  Epoch 91/800 | Total: 6.122 Edge: 0.405 Con: 0.180 Cls: 1.416 Hist: 0.9261 Path: 0.4516 | 1.2s
  Epoch 92/800 | Total: 6.096 Edge: 0.394 Con: 0.175 Cls: 1.409 Hist: 0.9194 Path: 0.4675 | 1.1s
  Epoch 93/800 | Total: 6.003 Edge: 0.385 Con: 0.172 Cls: 1.396 Hist: 0.8948 Path: 0.4482 | 1.1s
  Epoch 94/800 | Total: 5.911 Edge: 0.378 Con: 0.168 Cls: 1.376 Hist: 0.8822 Path: 0.4366 | 1.1s
  Epoch 95/800 | Total: 5.962 Edge: 0.375 Con: 0.168 Cls: 1.392 Hist: 0.8929 Path: 0.4335 | Val F1: 0.3183 | 1.1s
  Epoch 96/800 | Total: 6.109 Edge: 0.380 Con: 0.172 Cls: 1.430 Hist: 0.9091 Path: 0.4425 | 1.1s
  Epoch 97/800 | Total: 6.076 Edge: 0.374 Con: 0.170 Cls: 1.421 Hist: 0.9199 Path: 0.4356 | 1.1s
  Epoch 98/800 | Total: 6.009 Edge: 0.387 Con: 0.170 Cls: 1.398 Hist: 0.9005 Path: 0.4417 | 1.1s
  Epoch 99/800 | Total: 5.977 Edge: 0.375 Con: 0.169 Cls: 1.396 Hist: 0.8948 Path: 0.4342 | 1.1s
  Epoch 100/800 | Total: 6.135 Edge: 0.389 Con: 0.170 Cls: 1.432 Hist: 0.9196 Path: 0.4458 | Val F1: 0.3226 | 1.1s
  Epoch 101/800 | Total: 5.874 Edge: 0.378 Con: 0.174 Cls: 1.369 Hist: 0.8753 Path: 0.4261 | 1.1s
  Epoch 102/800 | Total: 5.842 Edge: 0.366 Con: 0.167 Cls: 1.366 Hist: 0.8790 Path: 0.4152 | 1.1s
  Epoch 103/800 | Total: 5.838 Edge: 0.369 Con: 0.168 Cls: 1.364 Hist: 0.8738 Path: 0.4188 | 1.1s
  Epoch 104/800 | Total: 5.815 Edge: 0.370 Con: 0.165 Cls: 1.359 Hist: 0.8687 Path: 0.4180 | 1.1s
  Epoch 105/800 | Total: 5.785 Edge: 0.364 Con: 0.165 Cls: 1.352 Hist: 0.8653 Path: 0.4187 | Val F1: 0.3474 | 1.1s
  Epoch 106/800 | Total: 5.787 Edge: 0.364 Con: 0.165 Cls: 1.352 Hist: 0.8656 Path: 0.4190 | 1.1s
  Epoch 107/800 | Total: 5.847 Edge: 0.371 Con: 0.163 Cls: 1.367 Hist: 0.8766 Path: 0.4183 | 1.0s
  Epoch 108/800 | Total: 5.852 Edge: 0.383 Con: 0.167 Cls: 1.359 Hist: 0.8716 Path: 0.4383 | 1.0s
  Epoch 109/800 | Total: 5.829 Edge: 0.386 Con: 0.168 Cls: 1.346 Hist: 0.8606 Path: 0.4606 | 1.1s
  Epoch 110/800 | Total: 5.834 Edge: 0.366 Con: 0.166 Cls: 1.361 Hist: 0.8737 Path: 0.4287 | Val F1: 0.3426 | 1.0s
  Epoch 111/800 | Total: 5.706 Edge: 0.361 Con: 0.166 Cls: 1.330 Hist: 0.8524 Path: 0.4184 | 1.1s
  Epoch 112/800 | Total: 5.828 Edge: 0.364 Con: 0.164 Cls: 1.361 Hist: 0.8748 Path: 0.4240 | 1.0s
  Epoch 113/800 | Total: 5.934 Edge: 0.366 Con: 0.164 Cls: 1.390 Hist: 0.8939 Path: 0.4208 | 1.0s
  Epoch 114/800 | Total: 6.020 Edge: 0.382 Con: 0.176 Cls: 1.400 Hist: 0.9148 Path: 0.4350 | 1.1s
  Epoch 115/800 | Total: 5.990 Edge: 0.380 Con: 0.177 Cls: 1.395 Hist: 0.9007 Path: 0.4334 | Val F1: 0.3314 | 1.1s
  Epoch 116/800 | Total: 5.786 Edge: 0.368 Con: 0.168 Cls: 1.349 Hist: 0.8656 Path: 0.4218 | 1.1s
  Epoch 117/800 | Total: 5.807 Edge: 0.358 Con: 0.166 Cls: 1.360 Hist: 0.8665 Path: 0.4193 | 1.1s
  Epoch 118/800 | Total: 6.337 Edge: 0.385 Con: 0.175 Cls: 1.489 Hist: 0.9499 Path: 0.4468 | 1.1s
  Epoch 119/800 | Total: 6.061 Edge: 0.407 Con: 0.195 Cls: 1.403 Hist: 0.9014 Path: 0.4458 | 1.1s
  Epoch 120/800 | Total: 5.988 Edge: 0.394 Con: 0.183 Cls: 1.390 Hist: 0.8987 Path: 0.4331 | Val F1: 0.3392 | 1.1s
  Epoch 121/800 | Total: 5.994 Edge: 0.397 Con: 0.183 Cls: 1.389 Hist: 0.9042 Path: 0.4350 | 1.1s
  Epoch 122/800 | Total: 6.013 Edge: 0.396 Con: 0.189 Cls: 1.395 Hist: 0.9065 Path: 0.4299 | 1.1s
  Epoch 123/800 | Total: 5.879 Edge: 0.374 Con: 0.178 Cls: 1.370 Hist: 0.8815 Path: 0.4232 | 1.1s
  Epoch 124/800 | Total: 5.766 Edge: 0.363 Con: 0.172 Cls: 1.346 Hist: 0.8622 Path: 0.4172 | 1.1s
  Epoch 125/800 | Total: 5.753 Edge: 0.370 Con: 0.171 Cls: 1.341 Hist: 0.8530 Path: 0.4212 | Val F1: 0.3548 | 1.1s
  Epoch 126/800 | Total: 5.809 Edge: 0.373 Con: 0.169 Cls: 1.353 Hist: 0.8719 Path: 0.4191 | 1.1s
  Epoch 127/800 | Total: 5.675 Edge: 0.359 Con: 0.166 Cls: 1.325 Hist: 0.8449 Path: 0.4140 | 1.1s
  Epoch 128/800 | Total: 5.615 Edge: 0.354 Con: 0.166 Cls: 1.311 Hist: 0.8387 Path: 0.4058 | 1.1s
  Epoch 129/800 | Total: 5.840 Edge: 0.357 Con: 0.165 Cls: 1.370 Hist: 0.8755 Path: 0.4141 | 1.1s
  Epoch 130/800 | Total: 5.726 Edge: 0.362 Con: 0.165 Cls: 1.336 Hist: 0.8512 Path: 0.4235 | Val F1: 0.3556 | 1.1s
  Epoch 131/800 | Total: 5.761 Edge: 0.356 Con: 0.164 Cls: 1.349 Hist: 0.8700 Path: 0.4065 | 1.1s
  Epoch 132/800 | Total: 5.784 Edge: 0.351 Con: 0.164 Cls: 1.358 Hist: 0.8722 Path: 0.4045 | 1.1s
  Epoch 133/800 | Total: 5.693 Edge: 0.357 Con: 0.168 Cls: 1.330 Hist: 0.8495 Path: 0.4132 | 1.1s
  Epoch 134/800 | Total: 5.670 Edge: 0.356 Con: 0.168 Cls: 1.325 Hist: 0.8479 Path: 0.4057 | 1.1s
  Epoch 135/800 | Total: 5.693 Edge: 0.355 Con: 0.165 Cls: 1.330 Hist: 0.8536 Path: 0.4122 | Val F1: 0.3368 | 1.1s
  Epoch 136/800 | Total: 5.734 Edge: 0.368 Con: 0.166 Cls: 1.339 Hist: 0.8483 Path: 0.4172 | 1.1s
  Epoch 137/800 | Total: 5.618 Edge: 0.359 Con: 0.165 Cls: 1.309 Hist: 0.8339 Path: 0.4163 | 1.1s
  Epoch 138/800 | Total: 5.596 Edge: 0.349 Con: 0.161 Cls: 1.310 Hist: 0.8343 Path: 0.4029 | 1.1s
  Epoch 139/800 | Total: 5.696 Edge: 0.354 Con: 0.162 Cls: 1.334 Hist: 0.8470 Path: 0.4121 | 1.1s
  Epoch 140/800 | Total: 5.662 Edge: 0.351 Con: 0.162 Cls: 1.325 Hist: 0.8439 Path: 0.4117 | Val F1: 0.3508 | 1.1s
  Epoch 141/800 | Total: 5.691 Edge: 0.359 Con: 0.161 Cls: 1.328 Hist: 0.8503 Path: 0.4181 | 1.1s
  Epoch 142/800 | Total: 5.644 Edge: 0.356 Con: 0.163 Cls: 1.316 Hist: 0.8418 Path: 0.4170 | 1.1s
  Epoch 143/800 | Total: 5.599 Edge: 0.344 Con: 0.160 Cls: 1.312 Hist: 0.8402 Path: 0.4004 | 1.1s
  Epoch 144/800 | Total: 5.516 Edge: 0.343 Con: 0.161 Cls: 1.290 Hist: 0.8259 Path: 0.3960 | 1.1s
  Epoch 145/800 | Total: 5.572 Edge: 0.341 Con: 0.161 Cls: 1.305 Hist: 0.8386 Path: 0.3962 | Val F1: 0.3635 | 1.1s
  Epoch 146/800 | Total: 5.539 Edge: 0.340 Con: 0.161 Cls: 1.296 Hist: 0.8296 Path: 0.4010 | 1.1s
  Epoch 147/800 | Total: 5.629 Edge: 0.348 Con: 0.162 Cls: 1.318 Hist: 0.8406 Path: 0.4051 | 1.0s
  Epoch 148/800 | Total: 5.773 Edge: 0.365 Con: 0.165 Cls: 1.345 Hist: 0.8645 Path: 0.4247 | 1.1s
  Epoch 149/800 | Total: 5.679 Edge: 0.364 Con: 0.164 Cls: 1.322 Hist: 0.8493 Path: 0.4187 | 1.1s
  Epoch 150/800 | Total: 5.648 Edge: 0.353 Con: 0.164 Cls: 1.321 Hist: 0.8465 Path: 0.4018 | Val F1: 0.3436 | 1.1s
  Epoch 151/800 | Total: 5.703 Edge: 0.358 Con: 0.164 Cls: 1.333 Hist: 0.8605 Path: 0.4032 | 1.1s
  Epoch 152/800 | Total: 5.838 Edge: 0.365 Con: 0.167 Cls: 1.366 Hist: 0.8781 Path: 0.4130 | 1.0s
  Epoch 153/800 | Total: 5.665 Edge: 0.359 Con: 0.169 Cls: 1.322 Hist: 0.8471 Path: 0.4074 | 1.0s
  Epoch 154/800 | Total: 5.598 Edge: 0.343 Con: 0.166 Cls: 1.312 Hist: 0.8382 Path: 0.3984 | 1.1s
  Epoch 155/800 | Total: 5.652 Edge: 0.344 Con: 0.163 Cls: 1.326 Hist: 0.8501 Path: 0.3986 | Val F1: 0.3627 | 1.1s
  Epoch 156/800 | Total: 5.792 Edge: 0.348 Con: 0.165 Cls: 1.361 Hist: 0.8687 Path: 0.4081 | 1.2s
  Epoch 157/800 | Total: 5.668 Edge: 0.347 Con: 0.167 Cls: 1.328 Hist: 0.8485 Path: 0.4058 | 1.1s
  Epoch 158/800 | Total: 5.570 Edge: 0.343 Con: 0.165 Cls: 1.303 Hist: 0.8352 Path: 0.4011 | 1.1s
  Epoch 159/800 | Total: 5.514 Edge: 0.340 Con: 0.163 Cls: 1.291 Hist: 0.8233 Path: 0.3957 | 1.1s
  Epoch 160/800 | Total: 5.554 Edge: 0.340 Con: 0.162 Cls: 1.302 Hist: 0.8296 Path: 0.3990 | Val F1: 0.3576 | 1.1s
  Epoch 161/800 | Total: 5.738 Edge: 0.344 Con: 0.164 Cls: 1.351 Hist: 0.8572 Path: 0.4038 | 1.1s
  Epoch 162/800 | Total: 5.597 Edge: 0.349 Con: 0.166 Cls: 1.307 Hist: 0.8429 Path: 0.4018 | 1.0s
  Epoch 163/800 | Total: 5.643 Edge: 0.349 Con: 0.167 Cls: 1.321 Hist: 0.8474 Path: 0.3992 | 1.1s
  Epoch 164/800 | Total: 5.531 Edge: 0.340 Con: 0.162 Cls: 1.296 Hist: 0.8306 Path: 0.3921 | 1.1s
  Epoch 165/800 | Total: 5.445 Edge: 0.338 Con: 0.162 Cls: 1.275 Hist: 0.8153 Path: 0.3852 | Val F1: 0.3810 | 1.1s
  Epoch 166/800 | Total: 5.421 Edge: 0.342 Con: 0.163 Cls: 1.267 Hist: 0.8095 Path: 0.3855 | 1.1s
  Epoch 167/800 | Total: 5.478 Edge: 0.337 Con: 0.160 Cls: 1.287 Hist: 0.8163 Path: 0.3847 | 1.1s
  Epoch 168/800 | Total: 5.460 Edge: 0.338 Con: 0.161 Cls: 1.279 Hist: 0.8139 Path: 0.3891 | 1.1s
  Epoch 169/800 | Total: 5.487 Edge: 0.338 Con: 0.161 Cls: 1.287 Hist: 0.8192 Path: 0.3897 | 1.1s
  Epoch 170/800 | Total: 5.573 Edge: 0.337 Con: 0.161 Cls: 1.309 Hist: 0.8404 Path: 0.3881 | Val F1: 0.3640 | 1.1s
  Epoch 171/800 | Total: 5.478 Edge: 0.336 Con: 0.163 Cls: 1.283 Hist: 0.8280 Path: 0.3837 | 1.1s
  Epoch 172/800 | Total: 5.399 Edge: 0.330 Con: 0.160 Cls: 1.266 Hist: 0.8082 Path: 0.3835 | 1.1s
  Epoch 173/800 | Total: 5.400 Edge: 0.333 Con: 0.160 Cls: 1.265 Hist: 0.8016 Path: 0.3884 | 1.1s
  Epoch 174/800 | Total: 5.427 Edge: 0.332 Con: 0.157 Cls: 1.273 Hist: 0.8128 Path: 0.3828 | 1.1s
  Epoch 175/800 | Total: 5.434 Edge: 0.338 Con: 0.161 Cls: 1.273 Hist: 0.8129 Path: 0.3824 | Val F1: 0.3756 | 1.1s
  Epoch 176/800 | Total: 5.478 Edge: 0.337 Con: 0.164 Cls: 1.285 Hist: 0.8187 Path: 0.3871 | 1.0s
  Epoch 177/800 | Total: 5.474 Edge: 0.348 Con: 0.165 Cls: 1.280 Hist: 0.8106 Path: 0.3926 | 1.1s
  Epoch 178/800 | Total: 5.571 Edge: 0.357 Con: 0.167 Cls: 1.297 Hist: 0.8373 Path: 0.4013 | 1.1s
  Epoch 179/800 | Total: 5.534 Edge: 0.357 Con: 0.169 Cls: 1.292 Hist: 0.8239 Path: 0.3918 | 1.1s
  Epoch 180/800 | Total: 5.568 Edge: 0.346 Con: 0.170 Cls: 1.305 Hist: 0.8346 Path: 0.3882 | Val F1: 0.3434 | 1.1s
  Epoch 181/800 | Total: 5.746 Edge: 0.354 Con: 0.173 Cls: 1.342 Hist: 0.8742 Path: 0.4054 | 1.1s
  Epoch 182/800 | Total: 5.567 Edge: 0.344 Con: 0.169 Cls: 1.301 Hist: 0.8382 Path: 0.3982 | 1.1s
  Epoch 183/800 | Total: 5.488 Edge: 0.345 Con: 0.169 Cls: 1.280 Hist: 0.8167 Path: 0.4020 | 1.1s
  Epoch 184/800 | Total: 5.389 Edge: 0.339 Con: 0.162 Cls: 1.258 Hist: 0.8010 Path: 0.3952 | 1.1s
  Epoch 185/800 | Total: 5.393 Edge: 0.334 Con: 0.161 Cls: 1.263 Hist: 0.8039 Path: 0.3859 | Val F1: 0.3803 | 1.1s
  Epoch 186/800 | Total: 5.503 Edge: 0.338 Con: 0.164 Cls: 1.290 Hist: 0.8207 Path: 0.3912 | 1.1s
  Epoch 187/800 | Total: 5.665 Edge: 0.350 Con: 0.169 Cls: 1.326 Hist: 0.8496 Path: 0.4019 | 1.1s
  Epoch 188/800 | Total: 5.495 Edge: 0.344 Con: 0.167 Cls: 1.286 Hist: 0.8159 Path: 0.3939 | 1.1s
  Epoch 189/800 | Total: 5.574 Edge: 0.348 Con: 0.170 Cls: 1.306 Hist: 0.8333 Path: 0.3899 | 1.1s
  Epoch 190/800 | Total: 5.654 Edge: 0.359 Con: 0.172 Cls: 1.317 Hist: 0.8525 Path: 0.4058 | Val F1: 0.3413 | 1.1s
  Epoch 191/800 | Total: 5.631 Edge: 0.355 Con: 0.174 Cls: 1.314 Hist: 0.8395 Path: 0.4083 | 1.1s
  Epoch 192/800 | Total: 5.474 Edge: 0.348 Con: 0.168 Cls: 1.279 Hist: 0.8148 Path: 0.3917 | 1.1s
  Epoch 193/800 | Total: 5.490 Edge: 0.343 Con: 0.165 Cls: 1.280 Hist: 0.8137 Path: 0.4116 | 1.1s
  Epoch 194/800 | Total: 5.413 Edge: 0.338 Con: 0.165 Cls: 1.263 Hist: 0.8047 Path: 0.3977 | 1.1s
  Epoch 195/800 | Total: 5.522 Edge: 0.333 Con: 0.166 Cls: 1.296 Hist: 0.8250 Path: 0.3929 | Val F1: 0.3734 | 1.1s
  Epoch 196/800 | Total: 5.622 Edge: 0.346 Con: 0.173 Cls: 1.316 Hist: 0.8396 Path: 0.4023 | 1.1s
  Epoch 197/800 | Total: 5.742 Edge: 0.352 Con: 0.177 Cls: 1.344 Hist: 0.8588 Path: 0.4118 | 1.1s
  Epoch 198/800 | Total: 5.865 Edge: 0.362 Con: 0.182 Cls: 1.366 Hist: 0.8857 Path: 0.4263 | 1.1s
  Epoch 199/800 | Total: 5.773 Edge: 0.362 Con: 0.180 Cls: 1.347 Hist: 0.8624 Path: 0.4187 | 1.1s
  Epoch 200/800 | Total: 5.601 Edge: 0.358 Con: 0.178 Cls: 1.302 Hist: 0.8301 Path: 0.4181 | Val F1: 0.3680 | 1.1s
  Epoch 201/800 | Total: 5.508 Edge: 0.346 Con: 0.172 Cls: 1.286 Hist: 0.8174 Path: 0.4016 | 1.1s
  Epoch 202/800 | Total: 5.393 Edge: 0.335 Con: 0.167 Cls: 1.261 Hist: 0.8034 Path: 0.3878 | 1.1s
  Epoch 203/800 | Total: 5.472 Edge: 0.333 Con: 0.163 Cls: 1.284 Hist: 0.8165 Path: 0.3874 | 1.1s
  Epoch 204/800 | Total: 5.481 Edge: 0.331 Con: 0.165 Cls: 1.288 Hist: 0.8154 Path: 0.3877 | 1.1s
  Epoch 205/800 | Total: 5.440 Edge: 0.330 Con: 0.165 Cls: 1.276 Hist: 0.8158 Path: 0.3826 | Val F1: 0.3798 | 1.1s
  Epoch 206/800 | Total: 5.336 Edge: 0.328 Con: 0.164 Cls: 1.250 Hist: 0.7948 Path: 0.3814 | 1.1s
  Epoch 207/800 | Total: 5.339 Edge: 0.327 Con: 0.163 Cls: 1.252 Hist: 0.7996 Path: 0.3764 | 1.1s
  Epoch 208/800 | Total: 5.320 Edge: 0.323 Con: 0.159 Cls: 1.249 Hist: 0.7985 Path: 0.3713 | 1.1s
  Epoch 209/800 | Total: 5.264 Edge: 0.321 Con: 0.158 Cls: 1.236 Hist: 0.7852 Path: 0.3707 | 1.1s
  Epoch 210/800 | Total: 5.222 Edge: 0.320 Con: 0.159 Cls: 1.225 Hist: 0.7791 Path: 0.3682 | Val F1: 0.3871 | 1.1s
  Epoch 211/800 | Total: 5.363 Edge: 0.340 Con: 0.158 Cls: 1.255 Hist: 0.8018 Path: 0.3770 | 1.0s
  Epoch 212/800 | Total: 5.961 Edge: 0.362 Con: 0.172 Cls: 1.405 Hist: 0.8726 Path: 0.4242 | 1.1s
  Epoch 213/800 | Total: 5.567 Edge: 0.359 Con: 0.175 Cls: 1.293 Hist: 0.8202 Path: 0.4202 | 1.1s
  Epoch 214/800 | Total: 5.692 Edge: 0.355 Con: 0.175 Cls: 1.328 Hist: 0.8547 Path: 0.4092 | 1.1s
  Epoch 215/800 | Total: 5.489 Edge: 0.349 Con: 0.172 Cls: 1.278 Hist: 0.8214 Path: 0.3986 | Val F1: 0.3736 | 1.1s
  Epoch 216/800 | Total: 5.373 Edge: 0.338 Con: 0.168 Cls: 1.255 Hist: 0.8009 Path: 0.3849 | 1.1s
  Epoch 217/800 | Total: 5.415 Edge: 0.333 Con: 0.165 Cls: 1.265 Hist: 0.8174 Path: 0.3865 | 1.1s
  Epoch 218/800 | Total: 5.495 Edge: 0.338 Con: 0.167 Cls: 1.284 Hist: 0.8326 Path: 0.3888 | 1.1s
  Epoch 219/800 | Total: 5.487 Edge: 0.342 Con: 0.167 Cls: 1.283 Hist: 0.8278 Path: 0.3853 | 1.2s
  Epoch 220/800 | Total: 5.378 Edge: 0.339 Con: 0.168 Cls: 1.257 Hist: 0.8053 Path: 0.3799 | Val F1: 0.3908 | 1.1s
  Epoch 221/800 | Total: 5.346 Edge: 0.330 Con: 0.163 Cls: 1.251 Hist: 0.7962 Path: 0.3865 | 1.1s
  Epoch 222/800 | Total: 5.326 Edge: 0.328 Con: 0.166 Cls: 1.248 Hist: 0.7942 Path: 0.3760 | 1.1s
  Epoch 223/800 | Total: 5.393 Edge: 0.329 Con: 0.162 Cls: 1.263 Hist: 0.8101 Path: 0.3831 | 1.1s
  Epoch 224/800 | Total: 5.365 Edge: 0.329 Con: 0.164 Cls: 1.258 Hist: 0.7978 Path: 0.3824 | 1.1s
  Epoch 225/800 | Total: 5.300 Edge: 0.322 Con: 0.159 Cls: 1.243 Hist: 0.7902 Path: 0.3781 | Val F1: 0.3753 | 1.1s
  Epoch 226/800 | Total: 5.240 Edge: 0.320 Con: 0.158 Cls: 1.231 Hist: 0.7764 Path: 0.3710 | 1.1s
  Epoch 227/800 | Total: 5.358 Edge: 0.338 Con: 0.161 Cls: 1.254 Hist: 0.7965 Path: 0.3813 | 1.1s
  Epoch 228/800 | Total: 5.517 Edge: 0.336 Con: 0.168 Cls: 1.301 Hist: 0.8120 Path: 0.3823 | 1.1s
  Epoch 229/800 | Total: 5.426 Edge: 0.332 Con: 0.166 Cls: 1.275 Hist: 0.8041 Path: 0.3799 | 1.1s
  Epoch 230/800 | Total: 5.346 Edge: 0.329 Con: 0.164 Cls: 1.253 Hist: 0.7986 Path: 0.3788 | Val F1: 0.3806 | 1.1s
  Epoch 231/800 | Total: 5.416 Edge: 0.331 Con: 0.164 Cls: 1.272 Hist: 0.8101 Path: 0.3764 | 1.1s
  Epoch 232/800 | Total: 5.478 Edge: 0.329 Con: 0.163 Cls: 1.287 Hist: 0.8248 Path: 0.3809 | 1.1s
  Epoch 233/800 | Total: 5.372 Edge: 0.331 Con: 0.169 Cls: 1.259 Hist: 0.7963 Path: 0.3838 | 1.1s
  Epoch 234/800 | Total: 5.336 Edge: 0.328 Con: 0.163 Cls: 1.249 Hist: 0.7962 Path: 0.3830 | 1.1s
  Epoch 235/800 | Total: 5.322 Edge: 0.322 Con: 0.162 Cls: 1.249 Hist: 0.7990 Path: 0.3717 | Val F1: 0.3866 | 1.1s
  Epoch 236/800 | Total: 5.391 Edge: 0.326 Con: 0.165 Cls: 1.267 Hist: 0.8068 Path: 0.3748 | 1.1s
  Epoch 237/800 | Total: 5.378 Edge: 0.331 Con: 0.164 Cls: 1.260 Hist: 0.8027 Path: 0.3808 | 1.1s
  Epoch 238/800 | Total: 5.236 Edge: 0.329 Con: 0.162 Cls: 1.224 Hist: 0.7744 Path: 0.3792 | 1.1s
  Epoch 239/800 | Total: 5.213 Edge: 0.327 Con: 0.163 Cls: 1.217 Hist: 0.7733 Path: 0.3793 | 1.1s
  Epoch 240/800 | Total: 5.187 Edge: 0.324 Con: 0.162 Cls: 1.213 Hist: 0.7699 Path: 0.3742 | Val F1: 0.3878 | 1.1s
  Epoch 241/800 | Total: 5.208 Edge: 0.318 Con: 0.159 Cls: 1.222 Hist: 0.7773 Path: 0.3676 | 1.1s
  Epoch 242/800 | Total: 5.315 Edge: 0.321 Con: 0.161 Cls: 1.250 Hist: 0.7948 Path: 0.3697 | 1.1s
  Epoch 243/800 | Total: 5.334 Edge: 0.322 Con: 0.162 Cls: 1.253 Hist: 0.8020 Path: 0.3697 | 1.1s
  Epoch 244/800 | Total: 5.255 Edge: 0.320 Con: 0.163 Cls: 1.232 Hist: 0.7845 Path: 0.3738 | 1.1s
  Epoch 245/800 | Total: 5.463 Edge: 0.324 Con: 0.166 Cls: 1.288 Hist: 0.8176 Path: 0.3738 | Val F1: 0.3754 | 1.1s
  Epoch 246/800 | Total: 5.428 Edge: 0.343 Con: 0.169 Cls: 1.270 Hist: 0.8020 Path: 0.3875 | 1.1s
  Epoch 247/800 | Total: 5.346 Edge: 0.331 Con: 0.168 Cls: 1.250 Hist: 0.7931 Path: 0.3865 | 1.1s
  Epoch 248/800 | Total: 5.241 Edge: 0.324 Con: 0.165 Cls: 1.228 Hist: 0.7792 Path: 0.3697 | 1.1s
  Epoch 249/800 | Total: 5.281 Edge: 0.319 Con: 0.163 Cls: 1.240 Hist: 0.7903 Path: 0.3707 | 1.1s
  Epoch 250/800 | Total: 5.315 Edge: 0.321 Con: 0.162 Cls: 1.247 Hist: 0.8008 Path: 0.3718 | Val F1: 0.3765 | 1.1s
  Epoch 251/800 | Total: 5.338 Edge: 0.324 Con: 0.166 Cls: 1.253 Hist: 0.8010 Path: 0.3716 | 1.1s
  Epoch 252/800 | Total: 5.264 Edge: 0.319 Con: 0.164 Cls: 1.235 Hist: 0.7902 Path: 0.3683 | 1.1s
  Epoch 253/800 | Total: 5.274 Edge: 0.320 Con: 0.162 Cls: 1.239 Hist: 0.7903 Path: 0.3662 | 1.1s
  Epoch 254/800 | Total: 5.298 Edge: 0.322 Con: 0.164 Cls: 1.246 Hist: 0.7900 Path: 0.3672 | 1.1s
  Epoch 255/800 | Total: 5.270 Edge: 0.319 Con: 0.163 Cls: 1.242 Hist: 0.7825 Path: 0.3625 | Val F1: 0.3962 | 1.1s
  Epoch 256/800 | Total: 5.221 Edge: 0.321 Con: 0.161 Cls: 1.224 Hist: 0.7807 Path: 0.3665 | 1.1s
  Epoch 257/800 | Total: 5.172 Edge: 0.334 Con: 0.163 Cls: 1.206 Hist: 0.7628 Path: 0.3746 | 1.1s
  Epoch 258/800 | Total: 5.237 Edge: 0.327 Con: 0.163 Cls: 1.223 Hist: 0.7847 Path: 0.3754 | 1.1s
  Epoch 259/800 | Total: 5.294 Edge: 0.324 Con: 0.162 Cls: 1.242 Hist: 0.7905 Path: 0.3731 | 1.1s
  Epoch 260/800 | Total: 5.203 Edge: 0.321 Con: 0.162 Cls: 1.216 Hist: 0.7735 Path: 0.3797 | Val F1: 0.3992 | 1.1s
  Epoch 261/800 | Total: 5.358 Edge: 0.329 Con: 0.168 Cls: 1.254 Hist: 0.7979 Path: 0.3855 | 1.1s
  Epoch 262/800 | Total: 5.571 Edge: 0.336 Con: 0.170 Cls: 1.306 Hist: 0.8444 Path: 0.3875 | 1.1s
  Epoch 263/800 | Total: 5.608 Edge: 0.352 Con: 0.182 Cls: 1.310 Hist: 0.8430 Path: 0.3922 | 1.1s
  Epoch 264/800 | Total: 5.482 Edge: 0.346 Con: 0.182 Cls: 1.278 Hist: 0.8194 Path: 0.3913 | 1.1s
  Epoch 265/800 | Total: 5.341 Edge: 0.328 Con: 0.175 Cls: 1.250 Hist: 0.7961 Path: 0.3806 | Val F1: 0.3718 | 1.0s
  Epoch 266/800 | Total: 5.365 Edge: 0.322 Con: 0.172 Cls: 1.258 Hist: 0.8065 Path: 0.3762 | 1.1s
  Epoch 267/800 | Total: 5.233 Edge: 0.321 Con: 0.167 Cls: 1.226 Hist: 0.7840 Path: 0.3673 | 1.1s
  Epoch 268/800 | Total: 5.197 Edge: 0.318 Con: 0.165 Cls: 1.220 Hist: 0.7737 Path: 0.3635 | 1.0s
  Epoch 269/800 | Total: 5.220 Edge: 0.327 Con: 0.163 Cls: 1.220 Hist: 0.7762 Path: 0.3757 | 1.1s
  Epoch 270/800 | Total: 5.134 Edge: 0.320 Con: 0.161 Cls: 1.203 Hist: 0.7606 Path: 0.3642 | Val F1: 0.3900 | 1.1s
  Epoch 271/800 | Total: 5.166 Edge: 0.315 Con: 0.161 Cls: 1.212 Hist: 0.7732 Path: 0.3598 | 1.1s
  Epoch 272/800 | Total: 5.170 Edge: 0.324 Con: 0.163 Cls: 1.209 Hist: 0.7708 Path: 0.3665 | 1.1s
  Epoch 273/800 | Total: 5.146 Edge: 0.324 Con: 0.163 Cls: 1.204 Hist: 0.7678 Path: 0.3607 | 1.1s
  Epoch 274/800 | Total: 5.350 Edge: 0.331 Con: 0.167 Cls: 1.254 Hist: 0.7993 Path: 0.3749 | 1.1s
  Epoch 275/800 | Total: 5.387 Edge: 0.346 Con: 0.171 Cls: 1.257 Hist: 0.8078 Path: 0.3774 | Val F1: 0.3858 | 1.0s
  Epoch 276/800 | Total: 5.391 Edge: 0.330 Con: 0.170 Cls: 1.264 Hist: 0.8031 Path: 0.3804 | 1.1s
  Epoch 277/800 | Total: 5.369 Edge: 0.335 Con: 0.170 Cls: 1.257 Hist: 0.7978 Path: 0.3821 | 1.1s
  Epoch 278/800 | Total: 5.192 Edge: 0.321 Con: 0.167 Cls: 1.215 Hist: 0.7733 Path: 0.3686 | 1.1s
  Epoch 279/800 | Total: 5.187 Edge: 0.314 Con: 0.162 Cls: 1.218 Hist: 0.7747 Path: 0.3627 | 1.1s
  Epoch 280/800 | Total: 5.198 Edge: 0.314 Con: 0.162 Cls: 1.222 Hist: 0.7769 Path: 0.3605 | Val F1: 0.3915 | 1.0s
  Epoch 281/800 | Total: 5.115 Edge: 0.310 Con: 0.161 Cls: 1.203 Hist: 0.7584 Path: 0.3579 | 1.1s
  Epoch 282/800 | Total: 5.181 Edge: 0.312 Con: 0.162 Cls: 1.219 Hist: 0.7744 Path: 0.3579 | 1.1s
  Epoch 283/800 | Total: 5.085 Edge: 0.308 Con: 0.160 Cls: 1.194 Hist: 0.7593 Path: 0.3559 | 1.1s
  Epoch 284/800 | Total: 5.082 Edge: 0.309 Con: 0.160 Cls: 1.191 Hist: 0.7593 Path: 0.3607 | 1.1s
  Epoch 285/800 | Total: 5.235 Edge: 0.313 Con: 0.161 Cls: 1.234 Hist: 0.7714 Path: 0.3669 | Val F1: 0.3891 | 1.1s
  Epoch 286/800 | Total: 5.375 Edge: 0.330 Con: 0.168 Cls: 1.259 Hist: 0.7967 Path: 0.3881 | 1.1s
  Epoch 287/800 | Total: 5.515 Edge: 0.335 Con: 0.167 Cls: 1.299 Hist: 0.8192 Path: 0.3812 | 1.1s
  Epoch 288/800 | Total: 5.471 Edge: 0.339 Con: 0.176 Cls: 1.276 Hist: 0.8198 Path: 0.3944 | 1.1s
  Epoch 289/800 | Total: 5.274 Edge: 0.325 Con: 0.167 Cls: 1.230 Hist: 0.7877 Path: 0.3864 | 1.1s
  Epoch 290/800 | Total: 5.261 Edge: 0.316 Con: 0.166 Cls: 1.229 Hist: 0.7929 Path: 0.3803 | Val F1: 0.3869 | 1.1s
  Epoch 291/800 | Total: 5.223 Edge: 0.319 Con: 0.165 Cls: 1.221 Hist: 0.7810 Path: 0.3771 | 1.0s
  Epoch 292/800 | Total: 5.150 Edge: 0.315 Con: 0.164 Cls: 1.206 Hist: 0.7652 Path: 0.3687 | 1.1s
  Epoch 293/800 | Total: 5.129 Edge: 0.314 Con: 0.160 Cls: 1.202 Hist: 0.7613 Path: 0.3658 | 1.1s
  Epoch 294/800 | Total: 5.131 Edge: 0.316 Con: 0.162 Cls: 1.204 Hist: 0.7604 Path: 0.3618 | 1.1s
  Epoch 295/800 | Total: 5.278 Edge: 0.315 Con: 0.161 Cls: 1.243 Hist: 0.7908 Path: 0.3614 | Val F1: 0.3942 | 1.1s
  Epoch 296/800 | Total: 5.250 Edge: 0.315 Con: 0.162 Cls: 1.235 Hist: 0.7813 Path: 0.3660 | 1.1s
  Epoch 297/800 | Total: 5.310 Edge: 0.320 Con: 0.163 Cls: 1.248 Hist: 0.8010 Path: 0.3623 | 1.1s
  Epoch 298/800 | Total: 5.321 Edge: 0.326 Con: 0.166 Cls: 1.249 Hist: 0.7950 Path: 0.3715 | 1.1s
  Epoch 299/800 | Total: 5.257 Edge: 0.325 Con: 0.166 Cls: 1.230 Hist: 0.7874 Path: 0.3704 | 1.1s
  Epoch 300/800 | Total: 5.236 Edge: 0.321 Con: 0.165 Cls: 1.228 Hist: 0.7792 Path: 0.3702 | Val F1: 0.3921 | 1.1s
  Epoch 301/800 | Total: 5.161 Edge: 0.314 Con: 0.164 Cls: 1.210 Hist: 0.7682 Path: 0.3653 | 1.1s
  Epoch 302/800 | Total: 5.133 Edge: 0.319 Con: 0.161 Cls: 1.203 Hist: 0.7650 Path: 0.3602 | 1.1s
  Epoch 303/800 | Total: 5.095 Edge: 0.317 Con: 0.162 Cls: 1.191 Hist: 0.7625 Path: 0.3606 | 1.1s
  Epoch 304/800 | Total: 5.175 Edge: 0.321 Con: 0.160 Cls: 1.215 Hist: 0.7715 Path: 0.3595 | 1.1s
  Epoch 305/800 | Total: 5.115 Edge: 0.316 Con: 0.163 Cls: 1.197 Hist: 0.7603 Path: 0.3668 | Val F1: 0.3947 | 1.1s
  Epoch 306/800 | Total: 5.247 Edge: 0.318 Con: 0.161 Cls: 1.230 Hist: 0.7854 Path: 0.3726 | 1.1s
  Epoch 307/800 | Total: 5.296 Edge: 0.331 Con: 0.167 Cls: 1.235 Hist: 0.7873 Path: 0.3886 | 1.1s
  Epoch 308/800 | Total: 5.217 Edge: 0.319 Con: 0.163 Cls: 1.222 Hist: 0.7803 Path: 0.3693 | 1.1s
  Epoch 309/800 | Total: 5.178 Edge: 0.319 Con: 0.164 Cls: 1.212 Hist: 0.7740 Path: 0.3671 | 1.1s
  Epoch 310/800 | Total: 5.119 Edge: 0.319 Con: 0.161 Cls: 1.197 Hist: 0.7639 Path: 0.3656 | Val F1: 0.3972 | 1.1s
  Epoch 311/800 | Total: 5.155 Edge: 0.320 Con: 0.162 Cls: 1.209 Hist: 0.7672 Path: 0.3615 | 1.1s
  Epoch 312/800 | Total: 5.122 Edge: 0.318 Con: 0.163 Cls: 1.199 Hist: 0.7640 Path: 0.3628 | 1.1s
  Epoch 313/800 | Total: 5.213 Edge: 0.317 Con: 0.162 Cls: 1.224 Hist: 0.7804 Path: 0.3631 | 1.1s
  Epoch 314/800 | Total: 5.283 Edge: 0.320 Con: 0.167 Cls: 1.239 Hist: 0.7943 Path: 0.3678 | 1.1s
  Epoch 315/800 | Total: 5.447 Edge: 0.327 Con: 0.166 Cls: 1.286 Hist: 0.8101 Path: 0.3699 | Val F1: 0.3903 | 1.1s
  Epoch 316/800 | Total: 5.213 Edge: 0.321 Con: 0.166 Cls: 1.218 Hist: 0.7774 Path: 0.3776 | 1.0s
  Epoch 317/800 | Total: 5.252 Edge: 0.323 Con: 0.165 Cls: 1.231 Hist: 0.7852 Path: 0.3692 | 1.1s
  Epoch 318/800 | Total: 5.256 Edge: 0.322 Con: 0.166 Cls: 1.232 Hist: 0.7829 Path: 0.3724 | 1.1s
  Epoch 319/800 | Total: 5.162 Edge: 0.313 Con: 0.163 Cls: 1.213 Hist: 0.7693 Path: 0.3598 | 1.1s
  Epoch 320/800 | Total: 5.576 Edge: 0.327 Con: 0.169 Cls: 1.313 Hist: 0.8473 Path: 0.3788 | Val F1: 0.3766 | 1.0s
  Epoch 321/800 | Total: 5.621 Edge: 0.341 Con: 0.177 Cls: 1.320 Hist: 0.8481 Path: 0.3840 | 1.1s
  Epoch 322/800 | Total: 5.663 Edge: 0.361 Con: 0.187 Cls: 1.321 Hist: 0.8442 Path: 0.4003 | 1.1s
  Epoch 323/800 | Total: 5.513 Edge: 0.357 Con: 0.186 Cls: 1.281 Hist: 0.8138 Path: 0.4049 | 1.1s
  Epoch 324/800 | Total: 5.446 Edge: 0.342 Con: 0.180 Cls: 1.274 Hist: 0.8057 Path: 0.3856 | 1.0s
  Epoch 325/800 | Total: 5.305 Edge: 0.348 Con: 0.178 Cls: 1.234 Hist: 0.7889 Path: 0.3760 | Val F1: 0.3867 | 1.1s
  Epoch 326/800 | Total: 5.229 Edge: 0.326 Con: 0.167 Cls: 1.223 Hist: 0.7777 Path: 0.3736 | 1.1s
  Epoch 327/800 | Total: 5.125 Edge: 0.313 Con: 0.164 Cls: 1.203 Hist: 0.7664 Path: 0.3552 | 1.1s
  Epoch 328/800 | Total: 5.039 Edge: 0.307 Con: 0.162 Cls: 1.183 Hist: 0.7491 Path: 0.3551 | 1.0s
  Epoch 329/800 | Total: 5.041 Edge: 0.305 Con: 0.160 Cls: 1.182 Hist: 0.7501 Path: 0.3579 | 1.1s
  Epoch 330/800 | Total: 5.028 Edge: 0.307 Con: 0.160 Cls: 1.179 Hist: 0.7498 Path: 0.3541 | Val F1: 0.4076 | 1.2s
  Epoch 331/800 | Total: 4.979 Edge: 0.303 Con: 0.158 Cls: 1.170 Hist: 0.7407 Path: 0.3466 | 1.2s
  Epoch 332/800 | Total: 5.074 Edge: 0.308 Con: 0.161 Cls: 1.190 Hist: 0.7596 Path: 0.3545 | 1.1s
  Epoch 333/800 | Total: 5.073 Edge: 0.309 Con: 0.161 Cls: 1.191 Hist: 0.7546 Path: 0.3576 | 1.1s
  Epoch 334/800 | Total: 5.154 Edge: 0.310 Con: 0.165 Cls: 1.212 Hist: 0.7685 Path: 0.3582 | 1.1s
  Epoch 335/800 | Total: 5.458 Edge: 0.332 Con: 0.174 Cls: 1.278 Hist: 0.8149 Path: 0.3896 | Val F1: 0.3852 | 1.1s
  Epoch 336/800 | Total: 5.595 Edge: 0.340 Con: 0.178 Cls: 1.315 Hist: 0.8320 Path: 0.3879 | 1.0s
  Epoch 337/800 | Total: 5.753 Edge: 0.367 Con: 0.185 Cls: 1.342 Hist: 0.8431 Path: 0.4251 | 1.1s
  Epoch 338/800 | Total: 5.998 Edge: 0.378 Con: 0.192 Cls: 1.387 Hist: 0.9094 Path: 0.4543 | 1.1s
  Epoch 339/800 | Total: 5.443 Edge: 0.345 Con: 0.191 Cls: 1.266 Hist: 0.8038 Path: 0.4021 | 1.1s
  Epoch 340/800 | Total: 5.272 Edge: 0.349 Con: 0.177 Cls: 1.218 Hist: 0.7852 Path: 0.3953 | Val F1: 0.4014 | 1.0s
  Epoch 341/800 | Total: 5.230 Edge: 0.341 Con: 0.174 Cls: 1.213 Hist: 0.7736 Path: 0.3873 | 1.1s
  Epoch 342/800 | Total: 5.092 Edge: 0.320 Con: 0.169 Cls: 1.187 Hist: 0.7567 Path: 0.3688 | 1.1s
  Epoch 343/800 | Total: 5.144 Edge: 0.318 Con: 0.167 Cls: 1.203 Hist: 0.7678 Path: 0.3643 | 1.1s
  Epoch 344/800 | Total: 5.134 Edge: 0.314 Con: 0.166 Cls: 1.205 Hist: 0.7629 Path: 0.3605 | 1.0s
  Epoch 345/800 | Total: 5.149 Edge: 0.312 Con: 0.165 Cls: 1.210 Hist: 0.7646 Path: 0.3595 | Val F1: 0.3973 | 1.1s
  Epoch 346/800 | Total: 5.097 Edge: 0.312 Con: 0.165 Cls: 1.196 Hist: 0.7618 Path: 0.3531 | 1.1s
  Epoch 347/800 | Total: 5.135 Edge: 0.317 Con: 0.163 Cls: 1.205 Hist: 0.7629 Path: 0.3590 | 1.1s
  Epoch 348/800 | Total: 5.129 Edge: 0.309 Con: 0.161 Cls: 1.205 Hist: 0.7671 Path: 0.3564 | 1.0s
  Epoch 349/800 | Total: 5.124 Edge: 0.310 Con: 0.161 Cls: 1.202 Hist: 0.7661 Path: 0.3594 | 1.1s
  Epoch 350/800 | Total: 5.096 Edge: 0.312 Con: 0.161 Cls: 1.194 Hist: 0.7626 Path: 0.3596 | Val F1: 0.3912 | 1.1s
  Epoch 351/800 | Total: 5.010 Edge: 0.308 Con: 0.164 Cls: 1.174 Hist: 0.7449 Path: 0.3525 | 1.1s
  Epoch 352/800 | Total: 4.980 Edge: 0.304 Con: 0.159 Cls: 1.169 Hist: 0.7423 Path: 0.3466 | 1.0s
  Epoch 353/800 | Total: 4.945 Edge: 0.303 Con: 0.159 Cls: 1.160 Hist: 0.7352 Path: 0.3478 | 1.1s
  Epoch 354/800 | Total: 4.998 Edge: 0.301 Con: 0.158 Cls: 1.173 Hist: 0.7485 Path: 0.3502 | 1.1s
  Epoch 355/800 | Total: 5.014 Edge: 0.304 Con: 0.159 Cls: 1.178 Hist: 0.7448 Path: 0.3519 | Val F1: 0.4027 | 1.1s
  Epoch 356/800 | Total: 5.031 Edge: 0.305 Con: 0.160 Cls: 1.183 Hist: 0.7462 Path: 0.3506 | 1.0s
  Epoch 357/800 | Total: 5.124 Edge: 0.308 Con: 0.162 Cls: 1.202 Hist: 0.7731 Path: 0.3551 | 1.1s
  Epoch 358/800 | Total: 5.183 Edge: 0.324 Con: 0.162 Cls: 1.212 Hist: 0.7787 Path: 0.3632 | 1.1s
  Epoch 359/800 | Total: 5.169 Edge: 0.323 Con: 0.167 Cls: 1.211 Hist: 0.7660 Path: 0.3628 | 1.1s
  Epoch 360/800 | Total: 5.134 Edge: 0.318 Con: 0.166 Cls: 1.203 Hist: 0.7642 Path: 0.3602 | Val F1: 0.3985 | 1.0s
  Epoch 361/800 | Total: 5.067 Edge: 0.317 Con: 0.162 Cls: 1.186 Hist: 0.7493 Path: 0.3637 | 1.1s
  Epoch 362/800 | Total: 5.149 Edge: 0.320 Con: 0.165 Cls: 1.203 Hist: 0.7619 Path: 0.3736 | 1.1s
  Epoch 363/800 | Total: 5.168 Edge: 0.319 Con: 0.165 Cls: 1.208 Hist: 0.7684 Path: 0.3754 | 1.1s
  Epoch 364/800 | Total: 5.129 Edge: 0.316 Con: 0.163 Cls: 1.199 Hist: 0.7655 Path: 0.3688 | 1.1s
  Epoch 365/800 | Total: 5.071 Edge: 0.306 Con: 0.163 Cls: 1.186 Hist: 0.7641 Path: 0.3603 | Val F1: 0.4047 | 1.1s
  Epoch 366/800 | Total: 5.168 Edge: 0.312 Con: 0.164 Cls: 1.215 Hist: 0.7697 Path: 0.3588 | 1.1s
  Epoch 367/800 | Total: 5.087 Edge: 0.305 Con: 0.163 Cls: 1.196 Hist: 0.7589 Path: 0.3532 | 1.1s
  Epoch 368/800 | Total: 5.037 Edge: 0.303 Con: 0.163 Cls: 1.184 Hist: 0.7508 Path: 0.3513 | 1.0s
  Epoch 369/800 | Total: 5.122 Edge: 0.309 Con: 0.165 Cls: 1.201 Hist: 0.7705 Path: 0.3571 | 1.1s
  Epoch 370/800 | Total: 5.161 Edge: 0.306 Con: 0.161 Cls: 1.214 Hist: 0.7806 Path: 0.3513 | Val F1: 0.4066 | 1.1s
  Epoch 371/800 | Total: 5.101 Edge: 0.304 Con: 0.162 Cls: 1.199 Hist: 0.7649 Path: 0.3548 | 1.1s
  Epoch 372/800 | Total: 5.141 Edge: 0.307 Con: 0.162 Cls: 1.210 Hist: 0.7673 Path: 0.3546 | 1.1s
  Epoch 373/800 | Total: 5.118 Edge: 0.312 Con: 0.165 Cls: 1.204 Hist: 0.7578 Path: 0.3550 | 1.2s
  Epoch 374/800 | Total: 5.085 Edge: 0.308 Con: 0.161 Cls: 1.194 Hist: 0.7592 Path: 0.3547 | 1.2s
  Epoch 375/800 | Total: 5.024 Edge: 0.305 Con: 0.164 Cls: 1.179 Hist: 0.7510 Path: 0.3496 | Val F1: 0.4147 | 1.1s
  Epoch 376/800 | Total: 5.038 Edge: 0.305 Con: 0.162 Cls: 1.184 Hist: 0.7471 Path: 0.3521 | 1.1s
  Epoch 377/800 | Total: 5.048 Edge: 0.302 Con: 0.159 Cls: 1.188 Hist: 0.7534 Path: 0.3502 | 1.1s
  Epoch 378/800 | Total: 5.080 Edge: 0.308 Con: 0.163 Cls: 1.190 Hist: 0.7626 Path: 0.3561 | 1.1s
  Epoch 379/800 | Total: 5.265 Edge: 0.319 Con: 0.170 Cls: 1.236 Hist: 0.7871 Path: 0.3679 | 1.2s
  Epoch 380/800 | Total: 5.644 Edge: 0.344 Con: 0.180 Cls: 1.319 Hist: 0.8524 Path: 0.4008 | Val F1: 0.3443 | 1.1s
  Epoch 381/800 | Total: 5.948 Edge: 0.369 Con: 0.204 Cls: 1.380 Hist: 0.9223 Path: 0.4133 | 1.2s
  Epoch 382/800 | Total: 5.621 Edge: 0.374 Con: 0.201 Cls: 1.291 Hist: 0.8463 Path: 0.4277 | 1.1s
  Epoch 383/800 | Total: 5.430 Edge: 0.366 Con: 0.194 Cls: 1.245 Hist: 0.8085 Path: 0.4243 | 1.1s
  Epoch 384/800 | Total: 5.307 Edge: 0.337 Con: 0.186 Cls: 1.232 Hist: 0.7905 Path: 0.3911 | 1.1s
  Epoch 385/800 | Total: 5.470 Edge: 0.332 Con: 0.182 Cls: 1.279 Hist: 0.8231 Path: 0.3861 | Val F1: 0.3859 | 1.2s
  Epoch 386/800 | Total: 5.591 Edge: 0.349 Con: 0.192 Cls: 1.309 Hist: 0.8272 Path: 0.3920 | 1.1s
  Epoch 387/800 | Total: 5.259 Edge: 0.349 Con: 0.195 Cls: 1.219 Hist: 0.7721 Path: 0.3827 | 1.1s
  Epoch 388/800 | Total: 5.353 Edge: 0.346 Con: 0.184 Cls: 1.247 Hist: 0.7960 Path: 0.3779 | 1.1s
  Epoch 389/800 | Total: 5.181 Edge: 0.332 Con: 0.182 Cls: 1.207 Hist: 0.7719 Path: 0.3652 | 1.2s
  Epoch 390/800 | Total: 5.149 Edge: 0.324 Con: 0.172 Cls: 1.203 Hist: 0.7679 Path: 0.3623 | Val F1: 0.3988 | 1.2s
  Epoch 391/800 | Total: 5.061 Edge: 0.312 Con: 0.168 Cls: 1.185 Hist: 0.7579 Path: 0.3514 | 1.1s
  Epoch 392/800 | Total: 5.077 Edge: 0.309 Con: 0.167 Cls: 1.193 Hist: 0.7564 Path: 0.3505 | 1.1s
  Epoch 393/800 | Total: 4.999 Edge: 0.303 Con: 0.165 Cls: 1.174 Hist: 0.7450 Path: 0.3483 | 1.2s
  Epoch 394/800 | Total: 4.935 Edge: 0.298 Con: 0.162 Cls: 1.160 Hist: 0.7325 Path: 0.3428 | 1.1s
  Epoch 395/800 | Total: 4.989 Edge: 0.303 Con: 0.160 Cls: 1.171 Hist: 0.7438 Path: 0.3491 | Val F1: 0.4052 | 1.1s
  Epoch 396/800 | Total: 4.975 Edge: 0.303 Con: 0.162 Cls: 1.168 Hist: 0.7376 Path: 0.3479 | 1.1s
  Epoch 397/800 | Total: 5.003 Edge: 0.309 Con: 0.161 Cls: 1.172 Hist: 0.7422 Path: 0.3550 | 1.1s
  Epoch 398/800 | Total: 5.021 Edge: 0.308 Con: 0.160 Cls: 1.177 Hist: 0.7486 Path: 0.3535 | 1.1s
  Epoch 399/800 | Total: 4.953 Edge: 0.303 Con: 0.159 Cls: 1.162 Hist: 0.7369 Path: 0.3478 | 1.2s
  Epoch 400/800 | Total: 4.959 Edge: 0.305 Con: 0.160 Cls: 1.162 Hist: 0.7396 Path: 0.3470 | Val F1: 0.4196 | 1.1s
  Epoch 401/800 | Total: 5.016 Edge: 0.306 Con: 0.161 Cls: 1.176 Hist: 0.7510 Path: 0.3489 | 1.1s
  Epoch 402/800 | Total: 4.979 Edge: 0.306 Con: 0.161 Cls: 1.168 Hist: 0.7416 Path: 0.3474 | 1.2s
  Epoch 403/800 | Total: 5.005 Edge: 0.303 Con: 0.162 Cls: 1.173 Hist: 0.7482 Path: 0.3526 | 1.1s
  Epoch 404/800 | Total: 5.089 Edge: 0.303 Con: 0.162 Cls: 1.196 Hist: 0.7637 Path: 0.3524 | 1.1s
  Epoch 405/800 | Total: 5.071 Edge: 0.301 Con: 0.162 Cls: 1.195 Hist: 0.7577 Path: 0.3482 | Val F1: 0.3991 | 1.2s
  Epoch 406/800 | Total: 5.000 Edge: 0.301 Con: 0.162 Cls: 1.174 Hist: 0.7495 Path: 0.3471 | 1.1s
  Epoch 407/800 | Total: 4.904 Edge: 0.299 Con: 0.159 Cls: 1.149 Hist: 0.7291 Path: 0.3488 | 1.1s
  Epoch 408/800 | Total: 4.978 Edge: 0.299 Con: 0.159 Cls: 1.167 Hist: 0.7425 Path: 0.3557 | 1.1s
  Epoch 409/800 | Total: 5.250 Edge: 0.305 Con: 0.163 Cls: 1.238 Hist: 0.7886 Path: 0.3625 | 1.2s
  Epoch 410/800 | Total: 5.058 Edge: 0.315 Con: 0.167 Cls: 1.181 Hist: 0.7516 Path: 0.3658 | Val F1: 0.3999 | 1.1s
  Epoch 411/800 | Total: 5.075 Edge: 0.319 Con: 0.166 Cls: 1.185 Hist: 0.7569 Path: 0.3615 | 1.1s
  Epoch 412/800 | Total: 5.067 Edge: 0.305 Con: 0.163 Cls: 1.191 Hist: 0.7564 Path: 0.3507 | 1.1s
  Epoch 413/800 | Total: 5.173 Edge: 0.313 Con: 0.167 Cls: 1.217 Hist: 0.7685 Path: 0.3578 | 1.1s
  Epoch 414/800 | Total: 5.137 Edge: 0.313 Con: 0.163 Cls: 1.206 Hist: 0.7667 Path: 0.3578 | 1.2s
  Epoch 415/800 | Total: 5.127 Edge: 0.316 Con: 0.168 Cls: 1.202 Hist: 0.7649 Path: 0.3560 | Val F1: 0.4170 | 1.1s
  Epoch 416/800 | Total: 5.008 Edge: 0.308 Con: 0.163 Cls: 1.174 Hist: 0.7478 Path: 0.3485 | 1.2s
  Epoch 417/800 | Total: 5.007 Edge: 0.305 Con: 0.162 Cls: 1.174 Hist: 0.7499 Path: 0.3486 | 1.1s
  Epoch 418/800 | Total: 5.028 Edge: 0.308 Con: 0.160 Cls: 1.178 Hist: 0.7492 Path: 0.3570 | 1.1s
  Epoch 419/800 | Total: 5.063 Edge: 0.314 Con: 0.162 Cls: 1.180 Hist: 0.7532 Path: 0.3740 | 1.1s
  Epoch 420/800 | Total: 5.158 Edge: 0.329 Con: 0.164 Cls: 1.201 Hist: 0.7665 Path: 0.3784 | Val F1: 0.3842 | 1.1s
  Epoch 421/800 | Total: 5.049 Edge: 0.313 Con: 0.163 Cls: 1.179 Hist: 0.7503 Path: 0.3676 | 1.1s
  Epoch 422/800 | Total: 4.943 Edge: 0.305 Con: 0.161 Cls: 1.157 Hist: 0.7375 Path: 0.3486 | 1.1s
  Epoch 423/800 | Total: 4.894 Edge: 0.299 Con: 0.158 Cls: 1.148 Hist: 0.7304 Path: 0.3418 | 1.0s
  Epoch 424/800 | Total: 4.891 Edge: 0.299 Con: 0.161 Cls: 1.148 Hist: 0.7294 Path: 0.3389 | 1.1s
  Epoch 425/800 | Total: 4.932 Edge: 0.300 Con: 0.159 Cls: 1.157 Hist: 0.7351 Path: 0.3461 | Val F1: 0.4171 | 1.1s
  Epoch 426/800 | Total: 4.978 Edge: 0.304 Con: 0.159 Cls: 1.167 Hist: 0.7408 Path: 0.3517 | 1.1s
  Epoch 427/800 | Total: 5.201 Edge: 0.307 Con: 0.163 Cls: 1.228 Hist: 0.7744 Path: 0.3543 | 1.0s
  Epoch 428/800 | Total: 5.126 Edge: 0.313 Con: 0.166 Cls: 1.203 Hist: 0.7658 Path: 0.3554 | 1.1s
  Epoch 429/800 | Total: 5.049 Edge: 0.311 Con: 0.167 Cls: 1.184 Hist: 0.7548 Path: 0.3490 | 1.1s
  Epoch 430/800 | Total: 5.039 Edge: 0.310 Con: 0.166 Cls: 1.181 Hist: 0.7507 Path: 0.3510 | Val F1: 0.4012 | 1.1s
  Epoch 431/800 | Total: 5.000 Edge: 0.309 Con: 0.163 Cls: 1.171 Hist: 0.7444 Path: 0.3533 | 1.0s
  Epoch 432/800 | Total: 5.021 Edge: 0.307 Con: 0.164 Cls: 1.177 Hist: 0.7471 Path: 0.3547 | 1.1s
  Epoch 433/800 | Total: 4.943 Edge: 0.304 Con: 0.158 Cls: 1.158 Hist: 0.7372 Path: 0.3491 | 1.1s
  Epoch 434/800 | Total: 4.902 Edge: 0.297 Con: 0.160 Cls: 1.148 Hist: 0.7344 Path: 0.3451 | 1.1s
  Epoch 435/800 | Total: 5.004 Edge: 0.303 Con: 0.160 Cls: 1.176 Hist: 0.7485 Path: 0.3433 | Val F1: 0.4082 | 1.1s
  Epoch 436/800 | Total: 5.029 Edge: 0.312 Con: 0.168 Cls: 1.179 Hist: 0.7453 Path: 0.3501 | 1.1s
  Epoch 437/800 | Total: 5.132 Edge: 0.314 Con: 0.169 Cls: 1.205 Hist: 0.7646 Path: 0.3544 | 1.1s
  Epoch 438/800 | Total: 5.087 Edge: 0.308 Con: 0.166 Cls: 1.196 Hist: 0.7549 Path: 0.3527 | 1.1s
  Epoch 439/800 | Total: 4.981 Edge: 0.302 Con: 0.164 Cls: 1.169 Hist: 0.7467 Path: 0.3428 | 1.1s
  Epoch 440/800 | Total: 5.007 Edge: 0.302 Con: 0.162 Cls: 1.177 Hist: 0.7487 Path: 0.3434 | Val F1: 0.3856 | 1.1s
  Epoch 441/800 | Total: 5.181 Edge: 0.308 Con: 0.164 Cls: 1.220 Hist: 0.7743 Path: 0.3557 | 1.1s
  Epoch 442/800 | Total: 5.066 Edge: 0.301 Con: 0.161 Cls: 1.191 Hist: 0.7647 Path: 0.3469 | 1.1s
  Epoch 443/800 | Total: 5.027 Edge: 0.303 Con: 0.162 Cls: 1.181 Hist: 0.7511 Path: 0.3483 | 1.1s
  Epoch 444/800 | Total: 5.080 Edge: 0.309 Con: 0.164 Cls: 1.189 Hist: 0.7643 Path: 0.3579 | 1.1s
  Epoch 445/800 | Total: 4.982 Edge: 0.300 Con: 0.163 Cls: 1.167 Hist: 0.7516 Path: 0.3471 | Val F1: 0.4091 | 1.2s
  Epoch 446/800 | Total: 4.888 Edge: 0.297 Con: 0.161 Cls: 1.145 Hist: 0.7337 Path: 0.3415 | 1.1s
  Epoch 447/800 | Total: 4.907 Edge: 0.300 Con: 0.159 Cls: 1.150 Hist: 0.7365 Path: 0.3400 | 1.1s
  Epoch 448/800 | Total: 4.953 Edge: 0.306 Con: 0.160 Cls: 1.158 Hist: 0.7379 Path: 0.3548 | 1.1s
  Epoch 449/800 | Total: 5.026 Edge: 0.306 Con: 0.162 Cls: 1.177 Hist: 0.7561 Path: 0.3530 | 1.1s
  Epoch 450/800 | Total: 4.964 Edge: 0.303 Con: 0.162 Cls: 1.164 Hist: 0.7397 Path: 0.3492 | Val F1: 0.4077 | 1.1s
  Epoch 451/800 | Total: 4.926 Edge: 0.300 Con: 0.162 Cls: 1.154 Hist: 0.7349 Path: 0.3479 | 1.0s
  Epoch 452/800 | Total: 4.993 Edge: 0.303 Con: 0.162 Cls: 1.170 Hist: 0.7443 Path: 0.3548 | 1.1s
  Epoch 453/800 | Total: 5.044 Edge: 0.311 Con: 0.162 Cls: 1.180 Hist: 0.7565 Path: 0.3559 | 1.1s
  Epoch 454/800 | Total: 5.242 Edge: 0.329 Con: 0.169 Cls: 1.229 Hist: 0.7815 Path: 0.3615 | 1.1s
  Epoch 455/800 | Total: 5.018 Edge: 0.309 Con: 0.166 Cls: 1.175 Hist: 0.7462 Path: 0.3554 | Val F1: 0.4088 | 1.1s
  Epoch 456/800 | Total: 4.930 Edge: 0.306 Con: 0.164 Cls: 1.150 Hist: 0.7331 Path: 0.3586 | 1.1s
  Epoch 457/800 | Total: 4.927 Edge: 0.301 Con: 0.161 Cls: 1.154 Hist: 0.7345 Path: 0.3505 | 1.1s
  Epoch 458/800 | Total: 4.924 Edge: 0.299 Con: 0.163 Cls: 1.155 Hist: 0.7369 Path: 0.3430 | 1.1s
  Epoch 459/800 | Total: 4.903 Edge: 0.296 Con: 0.161 Cls: 1.152 Hist: 0.7325 Path: 0.3391 | 1.1s
  Epoch 460/800 | Total: 4.954 Edge: 0.295 Con: 0.160 Cls: 1.165 Hist: 0.7428 Path: 0.3401 | Val F1: 0.4063 | 1.1s
  Epoch 461/800 | Total: 5.029 Edge: 0.306 Con: 0.163 Cls: 1.179 Hist: 0.7542 Path: 0.3513 | 1.2s
  Epoch 462/800 | Total: 5.289 Edge: 0.334 Con: 0.163 Cls: 1.240 Hist: 0.7877 Path: 0.3646 | 1.1s
  Epoch 463/800 | Total: 5.584 Edge: 0.350 Con: 0.176 Cls: 1.311 Hist: 0.8307 Path: 0.3820 | 1.1s
  Epoch 464/800 | Total: 5.315 Edge: 0.340 Con: 0.184 Cls: 1.239 Hist: 0.7922 Path: 0.3747 | 1.1s
  Epoch 465/800 | Total: 5.232 Edge: 0.329 Con: 0.183 Cls: 1.221 Hist: 0.7761 Path: 0.3716 | Val F1: 0.3809 | 1.2s
  Epoch 466/800 | Total: 5.177 Edge: 0.323 Con: 0.179 Cls: 1.209 Hist: 0.7675 Path: 0.3685 | 1.1s
  Epoch 467/800 | Total: 5.106 Edge: 0.319 Con: 0.170 Cls: 1.188 Hist: 0.7552 Path: 0.3829 | 1.0s
  Epoch 468/800 | Total: 5.020 Edge: 0.308 Con: 0.166 Cls: 1.172 Hist: 0.7451 Path: 0.3668 | 1.1s
  Epoch 469/800 | Total: 5.156 Edge: 0.315 Con: 0.172 Cls: 1.205 Hist: 0.7694 Path: 0.3715 | 1.1s
  Epoch 470/800 | Total: 5.102 Edge: 0.312 Con: 0.170 Cls: 1.194 Hist: 0.7590 Path: 0.3625 | Val F1: 0.4052 | 1.2s
  Epoch 471/800 | Total: 5.197 Edge: 0.315 Con: 0.173 Cls: 1.218 Hist: 0.7790 Path: 0.3620 | 1.1s
  Epoch 472/800 | Total: 5.101 Edge: 0.308 Con: 0.169 Cls: 1.197 Hist: 0.7612 Path: 0.3568 | 1.2s
  Epoch 473/800 | Total: 5.171 Edge: 0.310 Con: 0.168 Cls: 1.213 Hist: 0.7722 Path: 0.3669 | 1.1s
  Epoch 474/800 | Total: 5.061 Edge: 0.306 Con: 0.167 Cls: 1.186 Hist: 0.7577 Path: 0.3562 | 1.1s
  Epoch 475/800 | Total: 4.961 Edge: 0.299 Con: 0.162 Cls: 1.163 Hist: 0.7414 Path: 0.3516 | Val F1: 0.4066 | 1.1s
  Epoch 476/800 | Total: 4.903 Edge: 0.298 Con: 0.162 Cls: 1.151 Hist: 0.7264 Path: 0.3455 | 1.2s
  Epoch 477/800 | Total: 4.939 Edge: 0.300 Con: 0.159 Cls: 1.160 Hist: 0.7377 Path: 0.3432 | 1.1s
  Epoch 478/800 | Total: 5.016 Edge: 0.305 Con: 0.160 Cls: 1.181 Hist: 0.7436 Path: 0.3442 | 1.1s
  Epoch 479/800 | Total: 5.038 Edge: 0.321 Con: 0.162 Cls: 1.177 Hist: 0.7459 Path: 0.3589 | 1.1s
  Epoch 480/800 | Total: 4.995 Edge: 0.308 Con: 0.160 Cls: 1.172 Hist: 0.7410 Path: 0.3504 | Val F1: 0.4050 | 1.2s
  Epoch 481/800 | Total: 5.128 Edge: 0.306 Con: 0.162 Cls: 1.210 Hist: 0.7676 Path: 0.3454 | 1.2s
  Epoch 482/800 | Total: 5.143 Edge: 0.311 Con: 0.167 Cls: 1.208 Hist: 0.7703 Path: 0.3556 | 1.1s
  Epoch 483/800 | Total: 5.145 Edge: 0.317 Con: 0.169 Cls: 1.206 Hist: 0.7733 Path: 0.3537 | 1.1s
  Epoch 484/800 | Total: 4.992 Edge: 0.305 Con: 0.165 Cls: 1.168 Hist: 0.7538 Path: 0.3465 | 1.1s
  Epoch 485/800 | Total: 4.909 Edge: 0.297 Con: 0.160 Cls: 1.152 Hist: 0.7339 Path: 0.3407 | Val F1: 0.4154 | 1.1s
  Epoch 486/800 | Total: 4.961 Edge: 0.305 Con: 0.162 Cls: 1.162 Hist: 0.7394 Path: 0.3491 | 1.1s
  Epoch 487/800 | Total: 4.933 Edge: 0.304 Con: 0.161 Cls: 1.157 Hist: 0.7324 Path: 0.3449 | 1.2s
  Epoch 488/800 | Total: 4.894 Edge: 0.299 Con: 0.160 Cls: 1.146 Hist: 0.7314 Path: 0.3457 | 1.2s
  Epoch 489/800 | Total: 4.903 Edge: 0.299 Con: 0.158 Cls: 1.150 Hist: 0.7282 Path: 0.3473 | 1.1s
  Epoch 490/800 | Total: 4.997 Edge: 0.300 Con: 0.160 Cls: 1.172 Hist: 0.7509 Path: 0.3509 | Val F1: 0.4084 | 1.1s
  Epoch 491/800 | Total: 4.907 Edge: 0.301 Con: 0.158 Cls: 1.149 Hist: 0.7284 Path: 0.3518 | 1.1s
  Epoch 492/800 | Total: 4.999 Edge: 0.300 Con: 0.159 Cls: 1.173 Hist: 0.7494 Path: 0.3500 | 1.1s
  Epoch 493/800 | Total: 5.002 Edge: 0.299 Con: 0.160 Cls: 1.174 Hist: 0.7530 Path: 0.3471 | 1.1s
  Epoch 494/800 | Total: 4.982 Edge: 0.300 Con: 0.162 Cls: 1.170 Hist: 0.7492 Path: 0.3431 | 1.0s
  Epoch 495/800 | Total: 4.886 Edge: 0.297 Con: 0.161 Cls: 1.146 Hist: 0.7317 Path: 0.3391 | Val F1: 0.4107 | 1.1s
  Epoch 496/800 | Total: 4.897 Edge: 0.297 Con: 0.161 Cls: 1.149 Hist: 0.7309 Path: 0.3422 | 1.1s
  Epoch 497/800 | Total: 4.831 Edge: 0.292 Con: 0.159 Cls: 1.133 Hist: 0.7244 Path: 0.3369 | 1.1s
  Epoch 498/800 | Total: 4.839 Edge: 0.292 Con: 0.159 Cls: 1.135 Hist: 0.7248 Path: 0.3378 | 1.0s
  Epoch 499/800 | Total: 4.980 Edge: 0.302 Con: 0.163 Cls: 1.169 Hist: 0.7430 Path: 0.3474 | 1.1s
  Epoch 500/800 | Total: 4.961 Edge: 0.297 Con: 0.162 Cls: 1.166 Hist: 0.7417 Path: 0.3420 | Val F1: 0.4149 | 1.2s
  Early stopping at epoch 500
  Best Val F1: 0.4196 | Test F1: 0.4228
  Total training time: 612.1s (10.2 min)

======================================================================
  Val  Macro-F1: 0.4196
  Test Macro-F1: 0.4228
  Test Accuracy: 0.6499
  Time: 614.1s
  Peak GPU mem: 1.18 GB
======================================================================

  Results saved to: results/NESS_ogbn-arxiv_MCAR_0.8_20260726_124715
