/home/erfan/MATE/venv/lib/python3.13/site-packages/outdated/__init__.py:36: UserWarning: pkg_resources is deprecated as an API. See https://setuptools.pypa.io/en/latest/pkg_resources.html. The pkg_resources package is slated for removal as early as 2025-11-30. Refrain from using this package or pin to Setuptools<81.
  from pkg_resources import parse_version
/home/erfan/MATE/ogbn_benchmarks/data_loader.py:96: UserWarning: Sparse invariant checks are implicitly disabled. Memory errors (e.g. SEGFAULT) will occur when operating on a sparse tensor which violates the invariants, but checks incur performance overhead. To silence this warning, explicitly opt in or out. See `torch.sparse.check_sparse_tensor_invariants.__doc__` for guidance.  (Triggered internally at /pytorch/aten/src/ATen/Context.cpp:760.)
  adj = torch.sparse_coo_tensor(edge_index, vals, (num_nodes, num_nodes)).coalesce()
======================================================================
  NESS | ogbn-arxiv | MCAR @ 80% | lr=0.001
======================================================================
[1/3] Loading ogbn-arxiv...
  169,343 nodes | 128 dims | 40 classes
[2/3] Simulating MCAR missingness...
Simulating MCAR missingness at 80% rate...
  MCAR: Uniform random selection
  Observable: 33,869 (20.0%)
  Masked: 135,474 (80.0%)
  Observable: 33,869 | Val: 67,737 | Test: 67,737
[3/3] Running NESS...
  Prefilling missing nodes via Feature Propagation (40 iters)...
  Computing neighbor label-histogram target (2-hop, observable labels)...
  Partitioning graph into 20 clusters (cache_device=gpu)...
  Cached 20 clusters
  Training NESS for up to 800 epochs (patience=20)...
  Epoch 1/800 | Total: 15.033 Edge: 0.691 Con: 0.626 Cls: 3.516 Hist: 2.7847 Path: 0.6970 | 10.8s
  Epoch 2/800 | Total: 13.343 Edge: 0.671 Con: 0.527 Cls: 3.113 Hist: 2.3835 Path: 0.6869 | 1.1s
  Epoch 3/800 | Total: 12.804 Edge: 0.630 Con: 0.450 Cls: 3.004 Hist: 2.2573 Path: 0.6798 | 1.0s
  Epoch 4/800 | Total: 12.467 Edge: 0.655 Con: 0.373 Cls: 2.922 Hist: 2.1693 Path: 0.6904 | 1.1s
  Epoch 5/800 | Total: 11.800 Edge: 0.627 Con: 0.330 Cls: 2.771 Hist: 2.0072 Path: 0.6873 | Val F1: 0.0241 | 1.1s
  Epoch 6/800 | Total: 11.811 Edge: 0.684 Con: 0.314 Cls: 2.747 Hist: 2.0547 Path: 0.6728 | 1.1s
  Epoch 7/800 | Total: 11.016 Edge: 0.617 Con: 0.305 Cls: 2.585 Hist: 1.8323 Path: 0.6594 | 1.1s
  Epoch 8/800 | Total: 10.270 Edge: 0.589 Con: 0.295 Cls: 2.409 Hist: 1.6559 Path: 0.6511 | 1.1s
  Epoch 9/800 | Total: 9.838 Edge: 0.576 Con: 0.284 Cls: 2.303 Hist: 1.5800 Path: 0.6298 | 1.1s
  Epoch 10/800 | Total: 9.811 Edge: 0.573 Con: 0.279 Cls: 2.302 Hist: 1.5605 Path: 0.6311 | Val F1: 0.1014 | 1.0s
  Epoch 11/800 | Total: 9.456 Edge: 0.566 Con: 0.268 Cls: 2.214 Hist: 1.4969 Path: 0.6190 | 1.1s
  Epoch 12/800 | Total: 9.138 Edge: 0.547 Con: 0.258 Cls: 2.137 Hist: 1.4402 Path: 0.6090 | 1.0s
  Epoch 13/800 | Total: 9.171 Edge: 0.560 Con: 0.253 Cls: 2.142 Hist: 1.4407 Path: 0.6166 | 1.0s
  Epoch 14/800 | Total: 9.129 Edge: 0.542 Con: 0.256 Cls: 2.133 Hist: 1.4569 Path: 0.6040 | 1.1s
  Epoch 15/800 | Total: 8.789 Edge: 0.523 Con: 0.243 Cls: 2.052 Hist: 1.3964 Path: 0.5913 | Val F1: 0.1435 | 1.0s
  Epoch 16/800 | Total: 8.342 Edge: 0.512 Con: 0.248 Cls: 1.939 Hist: 1.3067 Path: 0.5824 | 1.0s
  Epoch 17/800 | Total: 8.231 Edge: 0.504 Con: 0.245 Cls: 1.913 Hist: 1.2920 Path: 0.5732 | 1.0s
  Epoch 18/800 | Total: 8.262 Edge: 0.502 Con: 0.240 Cls: 1.919 Hist: 1.2973 Path: 0.5852 | 1.0s
  Epoch 19/800 | Total: 8.333 Edge: 0.499 Con: 0.243 Cls: 1.936 Hist: 1.3221 Path: 0.5838 | 1.0s
  Epoch 20/800 | Total: 8.284 Edge: 0.491 Con: 0.236 Cls: 1.930 Hist: 1.3079 Path: 0.5769 | Val F1: 0.1407 | 1.1s
  Epoch 21/800 | Total: 8.002 Edge: 0.504 Con: 0.241 Cls: 1.850 Hist: 1.2513 Path: 0.5750 | 1.1s
  Epoch 22/800 | Total: 7.928 Edge: 0.489 Con: 0.232 Cls: 1.837 Hist: 1.2482 Path: 0.5632 | 1.0s
  Epoch 23/800 | Total: 7.800 Edge: 0.481 Con: 0.231 Cls: 1.808 Hist: 1.2210 Path: 0.5596 | 1.1s
  Epoch 24/800 | Total: 7.903 Edge: 0.476 Con: 0.232 Cls: 1.839 Hist: 1.2347 Path: 0.5584 | 1.1s
  Epoch 25/800 | Total: 7.778 Edge: 0.485 Con: 0.232 Cls: 1.800 Hist: 1.2127 Path: 0.5623 | Val F1: 0.1837 | 1.1s
  Epoch 26/800 | Total: 7.644 Edge: 0.489 Con: 0.233 Cls: 1.765 Hist: 1.1845 Path: 0.5595 | 1.1s
  Epoch 27/800 | Total: 7.684 Edge: 0.477 Con: 0.230 Cls: 1.783 Hist: 1.1945 Path: 0.5483 | 1.1s
  Epoch 28/800 | Total: 7.675 Edge: 0.480 Con: 0.229 Cls: 1.779 Hist: 1.1912 Path: 0.5505 | 1.1s
  Epoch 29/800 | Total: 7.758 Edge: 0.472 Con: 0.225 Cls: 1.807 Hist: 1.2060 Path: 0.5469 | 1.1s
  Epoch 30/800 | Total: 7.616 Edge: 0.467 Con: 0.223 Cls: 1.775 Hist: 1.1818 Path: 0.5318 | Val F1: 0.1788 | 1.1s
  Epoch 31/800 | Total: 7.817 Edge: 0.465 Con: 0.225 Cls: 1.828 Hist: 1.2261 Path: 0.5291 | 1.1s
  Epoch 32/800 | Total: 7.692 Edge: 0.469 Con: 0.225 Cls: 1.793 Hist: 1.1974 Path: 0.5334 | 1.0s
  Epoch 33/800 | Total: 7.585 Edge: 0.476 Con: 0.227 Cls: 1.757 Hist: 1.1950 Path: 0.5303 | 1.1s
  Epoch 34/800 | Total: 7.610 Edge: 0.468 Con: 0.223 Cls: 1.768 Hist: 1.1875 Path: 0.5383 | 1.1s
  Epoch 35/800 | Total: 7.460 Edge: 0.460 Con: 0.221 Cls: 1.734 Hist: 1.1544 Path: 0.5335 | Val F1: 0.2165 | 1.1s
  Epoch 36/800 | Total: 7.474 Edge: 0.467 Con: 0.222 Cls: 1.730 Hist: 1.1597 Path: 0.5449 | 1.1s
  Epoch 37/800 | Total: 7.358 Edge: 0.454 Con: 0.218 Cls: 1.707 Hist: 1.1281 Path: 0.5457 | 1.0s
  Epoch 38/800 | Total: 7.178 Edge: 0.457 Con: 0.220 Cls: 1.662 Hist: 1.0975 Path: 0.5259 | 1.1s
  Epoch 39/800 | Total: 7.230 Edge: 0.447 Con: 0.217 Cls: 1.680 Hist: 1.1147 Path: 0.5183 | 1.1s
  Epoch 40/800 | Total: 7.209 Edge: 0.447 Con: 0.219 Cls: 1.677 Hist: 1.1070 Path: 0.5147 | Val F1: 0.2257 | 1.1s
  Epoch 41/800 | Total: 7.081 Edge: 0.446 Con: 0.217 Cls: 1.642 Hist: 1.0783 Path: 0.5213 | 1.0s
  Epoch 42/800 | Total: 7.180 Edge: 0.456 Con: 0.217 Cls: 1.668 Hist: 1.1010 Path: 0.5109 | 1.1s
  Epoch 43/800 | Total: 6.962 Edge: 0.435 Con: 0.215 Cls: 1.620 Hist: 1.0625 Path: 0.4961 | 1.1s
  Epoch 44/800 | Total: 6.898 Edge: 0.433 Con: 0.217 Cls: 1.607 Hist: 1.0443 Path: 0.4925 | 1.1s
  Epoch 45/800 | Total: 6.961 Edge: 0.443 Con: 0.216 Cls: 1.616 Hist: 1.0602 Path: 0.5010 | Val F1: 0.2413 | 1.1s
  Epoch 46/800 | Total: 6.850 Edge: 0.441 Con: 0.215 Cls: 1.583 Hist: 1.0354 Path: 0.5163 | 1.0s
  Epoch 47/800 | Total: 6.831 Edge: 0.445 Con: 0.214 Cls: 1.581 Hist: 1.0318 Path: 0.5034 | 1.1s
  Epoch 48/800 | Total: 6.775 Edge: 0.440 Con: 0.214 Cls: 1.568 Hist: 1.0189 Path: 0.5044 | 1.1s
  Epoch 49/800 | Total: 6.787 Edge: 0.438 Con: 0.213 Cls: 1.573 Hist: 1.0159 Path: 0.5074 | 1.0s
  Epoch 50/800 | Total: 6.719 Edge: 0.436 Con: 0.216 Cls: 1.559 Hist: 1.0049 Path: 0.4948 | Val F1: 0.2532 | 1.0s
  Epoch 51/800 | Total: 6.729 Edge: 0.436 Con: 0.214 Cls: 1.558 Hist: 1.0110 Path: 0.5023 | 1.0s
  Epoch 52/800 | Total: 6.780 Edge: 0.434 Con: 0.214 Cls: 1.575 Hist: 1.0255 Path: 0.4893 | 1.0s
  Epoch 53/800 | Total: 6.678 Edge: 0.438 Con: 0.209 Cls: 1.547 Hist: 0.9991 Path: 0.4945 | 1.0s
  Epoch 54/800 | Total: 6.632 Edge: 0.431 Con: 0.213 Cls: 1.535 Hist: 0.9953 Path: 0.4931 | 1.1s
  Epoch 55/800 | Total: 6.529 Edge: 0.426 Con: 0.211 Cls: 1.509 Hist: 0.9847 Path: 0.4858 | Val F1: 0.2708 | 1.1s
  Epoch 56/800 | Total: 6.512 Edge: 0.430 Con: 0.210 Cls: 1.501 Hist: 0.9785 Path: 0.4953 | 1.1s
  Epoch 57/800 | Total: 6.522 Edge: 0.427 Con: 0.211 Cls: 1.508 Hist: 0.9763 Path: 0.4883 | 1.1s
  Epoch 58/800 | Total: 6.442 Edge: 0.429 Con: 0.211 Cls: 1.486 Hist: 0.9683 Path: 0.4806 | 1.1s
  Epoch 59/800 | Total: 6.404 Edge: 0.421 Con: 0.208 Cls: 1.480 Hist: 0.9609 Path: 0.4778 | 1.1s
  Epoch 60/800 | Total: 6.431 Edge: 0.420 Con: 0.211 Cls: 1.485 Hist: 0.9736 Path: 0.4755 | Val F1: 0.2590 | 1.1s
  Epoch 61/800 | Total: 6.685 Edge: 0.428 Con: 0.215 Cls: 1.544 Hist: 1.0094 Path: 0.5073 | 1.1s
  Epoch 62/800 | Total: 6.784 Edge: 0.423 Con: 0.209 Cls: 1.575 Hist: 1.0271 Path: 0.5055 | 1.1s
  Epoch 63/800 | Total: 6.529 Edge: 0.423 Con: 0.211 Cls: 1.511 Hist: 0.9786 Path: 0.4895 | 1.1s
  Epoch 64/800 | Total: 6.408 Edge: 0.410 Con: 0.209 Cls: 1.486 Hist: 0.9677 Path: 0.4672 | 1.1s
  Epoch 65/800 | Total: 6.277 Edge: 0.405 Con: 0.206 Cls: 1.454 Hist: 0.9430 Path: 0.4640 | Val F1: 0.2828 | 1.1s
  Epoch 66/800 | Total: 6.383 Edge: 0.415 Con: 0.210 Cls: 1.476 Hist: 0.9565 Path: 0.4791 | 1.1s
  Epoch 67/800 | Total: 6.359 Edge: 0.420 Con: 0.208 Cls: 1.461 Hist: 0.9576 Path: 0.4952 | 1.1s
  Epoch 68/800 | Total: 6.306 Edge: 0.409 Con: 0.205 Cls: 1.456 Hist: 0.9542 Path: 0.4719 | 1.1s
  Epoch 69/800 | Total: 6.226 Edge: 0.405 Con: 0.206 Cls: 1.438 Hist: 0.9364 Path: 0.4682 | 1.1s
  Epoch 70/800 | Total: 6.229 Edge: 0.405 Con: 0.209 Cls: 1.439 Hist: 0.9363 Path: 0.4661 | Val F1: 0.3156 | 1.1s
  Epoch 71/800 | Total: 6.292 Edge: 0.410 Con: 0.208 Cls: 1.456 Hist: 0.9460 Path: 0.4643 | 1.1s
  Epoch 72/800 | Total: 6.221 Edge: 0.415 Con: 0.208 Cls: 1.435 Hist: 0.9293 Path: 0.4693 | 1.0s
  Epoch 73/800 | Total: 6.199 Edge: 0.424 Con: 0.206 Cls: 1.428 Hist: 0.9260 Path: 0.4634 | 1.1s
  Epoch 74/800 | Total: 6.292 Edge: 0.416 Con: 0.208 Cls: 1.448 Hist: 0.9451 Path: 0.4812 | 1.1s
  Epoch 75/800 | Total: 6.346 Edge: 0.417 Con: 0.204 Cls: 1.456 Hist: 0.9554 Path: 0.5027 | Val F1: 0.3131 | 1.0s
  Epoch 76/800 | Total: 6.160 Edge: 0.406 Con: 0.205 Cls: 1.418 Hist: 0.9211 Path: 0.4763 | 1.1s
  Epoch 77/800 | Total: 6.081 Edge: 0.396 Con: 0.206 Cls: 1.406 Hist: 0.9090 Path: 0.4562 | 1.1s
  Epoch 78/800 | Total: 6.142 Edge: 0.399 Con: 0.203 Cls: 1.422 Hist: 0.9202 Path: 0.4547 | 1.1s
  Epoch 79/800 | Total: 6.180 Edge: 0.395 Con: 0.208 Cls: 1.435 Hist: 0.9282 Path: 0.4477 | 1.1s
  Epoch 80/800 | Total: 6.146 Edge: 0.398 Con: 0.203 Cls: 1.423 Hist: 0.9208 Path: 0.4558 | Val F1: 0.3206 | 1.0s
  Epoch 81/800 | Total: 6.110 Edge: 0.405 Con: 0.206 Cls: 1.410 Hist: 0.9094 Path: 0.4623 | 1.1s
  Epoch 82/800 | Total: 6.159 Edge: 0.410 Con: 0.206 Cls: 1.417 Hist: 0.9321 Path: 0.4618 | 1.1s
  Epoch 83/800 | Total: 6.352 Edge: 0.419 Con: 0.207 Cls: 1.468 Hist: 0.9530 Path: 0.4724 | 1.1s
  Epoch 84/800 | Total: 6.243 Edge: 0.434 Con: 0.205 Cls: 1.434 Hist: 0.9346 Path: 0.4714 | 1.1s
  Epoch 85/800 | Total: 6.211 Edge: 0.414 Con: 0.205 Cls: 1.434 Hist: 0.9318 Path: 0.4602 | Val F1: 0.2959 | 1.1s
  Epoch 86/800 | Total: 6.210 Edge: 0.402 Con: 0.206 Cls: 1.438 Hist: 0.9298 Path: 0.4615 | 1.1s
  Epoch 87/800 | Total: 6.347 Edge: 0.417 Con: 0.208 Cls: 1.466 Hist: 0.9580 Path: 0.4682 | 1.1s
  Epoch 88/800 | Total: 6.382 Edge: 0.419 Con: 0.206 Cls: 1.471 Hist: 0.9683 Path: 0.4794 | 1.1s
  Epoch 89/800 | Total: 6.216 Edge: 0.413 Con: 0.208 Cls: 1.429 Hist: 0.9355 Path: 0.4778 | 1.0s
  Epoch 90/800 | Total: 6.079 Edge: 0.401 Con: 0.206 Cls: 1.403 Hist: 0.9131 Path: 0.4519 | Val F1: 0.3325 | 1.1s
  Epoch 91/800 | Total: 6.098 Edge: 0.390 Con: 0.205 Cls: 1.417 Hist: 0.9104 Path: 0.4420 | 1.1s
  Epoch 92/800 | Total: 6.190 Edge: 0.391 Con: 0.204 Cls: 1.441 Hist: 0.9304 Path: 0.4440 | 1.1s
  Epoch 93/800 | Total: 6.090 Edge: 0.387 Con: 0.206 Cls: 1.412 Hist: 0.9167 Path: 0.4457 | 1.1s
  Epoch 94/800 | Total: 6.095 Edge: 0.391 Con: 0.202 Cls: 1.409 Hist: 0.9199 Path: 0.4559 | 1.0s
  Epoch 95/800 | Total: 6.066 Edge: 0.382 Con: 0.204 Cls: 1.410 Hist: 0.9146 Path: 0.4381 | Val F1: 0.3277 | 1.0s
  Epoch 96/800 | Total: 5.953 Edge: 0.383 Con: 0.205 Cls: 1.380 Hist: 0.8958 Path: 0.4326 | 1.1s
  Epoch 97/800 | Total: 6.033 Edge: 0.387 Con: 0.203 Cls: 1.399 Hist: 0.9017 Path: 0.4469 | 1.1s
  Epoch 98/800 | Total: 6.006 Edge: 0.389 Con: 0.205 Cls: 1.390 Hist: 0.8959 Path: 0.4491 | 1.1s
  Epoch 99/800 | Total: 6.059 Edge: 0.383 Con: 0.203 Cls: 1.409 Hist: 0.9129 Path: 0.4353 | 1.0s
  Epoch 100/800 | Total: 6.088 Edge: 0.384 Con: 0.206 Cls: 1.414 Hist: 0.9268 Path: 0.4308 | Val F1: 0.3428 | 1.1s
  Epoch 101/800 | Total: 6.077 Edge: 0.390 Con: 0.204 Cls: 1.411 Hist: 0.9132 Path: 0.4380 | 1.1s
  Epoch 102/800 | Total: 6.180 Edge: 0.391 Con: 0.204 Cls: 1.435 Hist: 0.9315 Path: 0.4500 | 1.1s
  Epoch 103/800 | Total: 6.185 Edge: 0.400 Con: 0.204 Cls: 1.428 Hist: 0.9275 Path: 0.4732 | 1.1s
  Epoch 104/800 | Total: 6.178 Edge: 0.413 Con: 0.205 Cls: 1.416 Hist: 0.9255 Path: 0.4898 | 1.1s
  Epoch 105/800 | Total: 6.148 Edge: 0.404 Con: 0.202 Cls: 1.418 Hist: 0.9266 Path: 0.4625 | Val F1: 0.3186 | 1.1s
  Epoch 106/800 | Total: 6.079 Edge: 0.406 Con: 0.201 Cls: 1.401 Hist: 0.9081 Path: 0.4601 | 1.1s
  Epoch 107/800 | Total: 5.938 Edge: 0.392 Con: 0.204 Cls: 1.372 Hist: 0.8875 Path: 0.4410 | 1.1s
  Epoch 108/800 | Total: 5.909 Edge: 0.388 Con: 0.204 Cls: 1.365 Hist: 0.8831 Path: 0.4402 | 1.1s
  Epoch 109/800 | Total: 5.862 Edge: 0.379 Con: 0.205 Cls: 1.358 Hist: 0.8763 Path: 0.4303 | 1.0s
  Epoch 110/800 | Total: 5.855 Edge: 0.378 Con: 0.205 Cls: 1.357 Hist: 0.8807 Path: 0.4232 | Val F1: 0.3444 | 1.1s
  Epoch 111/800 | Total: 5.810 Edge: 0.375 Con: 0.206 Cls: 1.349 Hist: 0.8653 Path: 0.4201 | 1.1s
  Epoch 112/800 | Total: 5.899 Edge: 0.376 Con: 0.203 Cls: 1.368 Hist: 0.8923 Path: 0.4245 | 1.0s
  Epoch 113/800 | Total: 5.959 Edge: 0.375 Con: 0.205 Cls: 1.387 Hist: 0.8964 Path: 0.4252 | 1.0s
  Epoch 114/800 | Total: 5.911 Edge: 0.375 Con: 0.202 Cls: 1.373 Hist: 0.8899 Path: 0.4268 | 1.0s
  Epoch 115/800 | Total: 5.959 Edge: 0.383 Con: 0.206 Cls: 1.383 Hist: 0.8888 Path: 0.4339 | Val F1: 0.3411 | 1.1s
  Epoch 116/800 | Total: 5.965 Edge: 0.380 Con: 0.201 Cls: 1.389 Hist: 0.8917 Path: 0.4266 | 1.1s
  Epoch 117/800 | Total: 5.950 Edge: 0.379 Con: 0.204 Cls: 1.382 Hist: 0.8975 Path: 0.4241 | 1.0s
  Epoch 118/800 | Total: 5.869 Edge: 0.379 Con: 0.205 Cls: 1.363 Hist: 0.8796 Path: 0.4202 | 1.0s
  Epoch 119/800 | Total: 5.859 Edge: 0.376 Con: 0.204 Cls: 1.361 Hist: 0.8776 Path: 0.4210 | 1.0s
  Epoch 120/800 | Total: 5.935 Edge: 0.373 Con: 0.202 Cls: 1.383 Hist: 0.8945 Path: 0.4173 | Val F1: 0.3565 | 1.1s
  Epoch 121/800 | Total: 5.870 Edge: 0.378 Con: 0.205 Cls: 1.364 Hist: 0.8753 Path: 0.4220 | 1.1s
  Epoch 122/800 | Total: 5.920 Edge: 0.371 Con: 0.203 Cls: 1.380 Hist: 0.8933 Path: 0.4142 | 1.1s
  Epoch 123/800 | Total: 5.807 Edge: 0.379 Con: 0.202 Cls: 1.344 Hist: 0.8692 Path: 0.4256 | 1.1s
  Epoch 124/800 | Total: 5.801 Edge: 0.374 Con: 0.201 Cls: 1.343 Hist: 0.8714 Path: 0.4281 | 1.1s
  Epoch 125/800 | Total: 5.744 Edge: 0.373 Con: 0.203 Cls: 1.331 Hist: 0.8584 Path: 0.4191 | Val F1: 0.3666 | 1.1s
  Epoch 126/800 | Total: 5.783 Edge: 0.374 Con: 0.202 Cls: 1.341 Hist: 0.8660 Path: 0.4186 | 1.1s
  Epoch 127/800 | Total: 5.770 Edge: 0.372 Con: 0.202 Cls: 1.339 Hist: 0.8594 Path: 0.4200 | 1.1s
  Epoch 128/800 | Total: 5.796 Edge: 0.372 Con: 0.202 Cls: 1.346 Hist: 0.8693 Path: 0.4166 | 1.0s
  Epoch 129/800 | Total: 5.747 Edge: 0.371 Con: 0.203 Cls: 1.336 Hist: 0.8546 Path: 0.4109 | 1.1s
  Epoch 130/800 | Total: 5.716 Edge: 0.365 Con: 0.206 Cls: 1.328 Hist: 0.8506 Path: 0.4141 | Val F1: 0.3428 | 1.1s
  Epoch 131/800 | Total: 5.783 Edge: 0.372 Con: 0.204 Cls: 1.342 Hist: 0.8660 Path: 0.4167 | 1.1s
  Epoch 132/800 | Total: 5.772 Edge: 0.371 Con: 0.203 Cls: 1.341 Hist: 0.8611 Path: 0.4129 | 1.1s
  Epoch 133/800 | Total: 5.825 Edge: 0.370 Con: 0.203 Cls: 1.352 Hist: 0.8763 Path: 0.4223 | 1.1s
  Epoch 134/800 | Total: 5.855 Edge: 0.381 Con: 0.201 Cls: 1.353 Hist: 0.8743 Path: 0.4395 | 1.1s
  Epoch 135/800 | Total: 5.877 Edge: 0.374 Con: 0.203 Cls: 1.365 Hist: 0.8821 Path: 0.4251 | Val F1: 0.3543 | 1.1s
  Epoch 136/800 | Total: 5.745 Edge: 0.374 Con: 0.204 Cls: 1.328 Hist: 0.8585 Path: 0.4270 | 1.1s
  Epoch 137/800 | Total: 5.703 Edge: 0.374 Con: 0.204 Cls: 1.319 Hist: 0.8504 Path: 0.4188 | 1.1s
  Epoch 138/800 | Total: 5.635 Edge: 0.365 Con: 0.204 Cls: 1.308 Hist: 0.8383 Path: 0.4072 | 1.0s
  Epoch 139/800 | Total: 5.706 Edge: 0.368 Con: 0.205 Cls: 1.325 Hist: 0.8547 Path: 0.4063 | 1.1s
  Epoch 140/800 | Total: 5.701 Edge: 0.375 Con: 0.204 Cls: 1.317 Hist: 0.8514 Path: 0.4207 | Val F1: 0.3591 | 1.1s
  Epoch 141/800 | Total: 5.850 Edge: 0.367 Con: 0.203 Cls: 1.364 Hist: 0.8748 Path: 0.4145 | 1.1s
  Epoch 142/800 | Total: 5.840 Edge: 0.365 Con: 0.204 Cls: 1.361 Hist: 0.8731 Path: 0.4177 | 1.0s
  Epoch 143/800 | Total: 5.731 Edge: 0.368 Con: 0.202 Cls: 1.331 Hist: 0.8518 Path: 0.4184 | 1.1s
  Epoch 144/800 | Total: 5.742 Edge: 0.367 Con: 0.202 Cls: 1.336 Hist: 0.8610 Path: 0.4061 | 1.1s
  Epoch 145/800 | Total: 5.671 Edge: 0.358 Con: 0.203 Cls: 1.318 Hist: 0.8506 Path: 0.4047 | Val F1: 0.3716 | 1.1s
  Epoch 146/800 | Total: 5.612 Edge: 0.362 Con: 0.203 Cls: 1.302 Hist: 0.8364 Path: 0.4067 | 1.1s
  Epoch 147/800 | Total: 5.676 Edge: 0.364 Con: 0.203 Cls: 1.315 Hist: 0.8473 Path: 0.4169 | 1.0s
  Epoch 148/800 | Total: 5.706 Edge: 0.366 Con: 0.204 Cls: 1.323 Hist: 0.8537 Path: 0.4148 | 1.1s
  Epoch 149/800 | Total: 5.752 Edge: 0.370 Con: 0.205 Cls: 1.333 Hist: 0.8574 Path: 0.4214 | 1.1s
  Epoch 150/800 | Total: 5.698 Edge: 0.366 Con: 0.201 Cls: 1.322 Hist: 0.8484 Path: 0.4185 | Val F1: 0.3682 | 1.1s
  Epoch 151/800 | Total: 5.627 Edge: 0.356 Con: 0.203 Cls: 1.307 Hist: 0.8445 Path: 0.4050 | 1.1s
  Epoch 152/800 | Total: 5.617 Edge: 0.359 Con: 0.202 Cls: 1.302 Hist: 0.8350 Path: 0.4140 | 1.1s
  Epoch 153/800 | Total: 5.711 Edge: 0.367 Con: 0.206 Cls: 1.326 Hist: 0.8466 Path: 0.4171 | 1.1s
  Epoch 154/800 | Total: 5.741 Edge: 0.364 Con: 0.205 Cls: 1.334 Hist: 0.8623 Path: 0.4100 | 1.0s
  Epoch 155/800 | Total: 5.713 Edge: 0.371 Con: 0.204 Cls: 1.324 Hist: 0.8577 Path: 0.4085 | Val F1: 0.3535 | 1.0s
  Epoch 156/800 | Total: 5.784 Edge: 0.383 Con: 0.205 Cls: 1.339 Hist: 0.8639 Path: 0.4183 | 1.0s
  Epoch 157/800 | Total: 5.801 Edge: 0.383 Con: 0.203 Cls: 1.346 Hist: 0.8621 Path: 0.4149 | 1.0s
  Epoch 158/800 | Total: 5.619 Edge: 0.365 Con: 0.202 Cls: 1.302 Hist: 0.8371 Path: 0.4094 | 1.0s
  Epoch 159/800 | Total: 5.646 Edge: 0.358 Con: 0.202 Cls: 1.314 Hist: 0.8479 Path: 0.3972 | 1.0s
  Epoch 160/800 | Total: 5.580 Edge: 0.359 Con: 0.203 Cls: 1.296 Hist: 0.8342 Path: 0.3989 | Val F1: 0.3723 | 1.0s
  Epoch 161/800 | Total: 5.579 Edge: 0.353 Con: 0.200 Cls: 1.297 Hist: 0.8385 Path: 0.3952 | 1.0s
  Epoch 162/800 | Total: 5.524 Edge: 0.354 Con: 0.203 Cls: 1.286 Hist: 0.8175 Path: 0.3939 | 1.0s
  Epoch 163/800 | Total: 5.484 Edge: 0.353 Con: 0.201 Cls: 1.274 Hist: 0.8167 Path: 0.3916 | 1.1s
  Epoch 164/800 | Total: 5.460 Edge: 0.354 Con: 0.203 Cls: 1.268 Hist: 0.8109 Path: 0.3890 | 1.1s
  Epoch 165/800 | Total: 5.504 Edge: 0.354 Con: 0.204 Cls: 1.278 Hist: 0.8210 Path: 0.3922 | Val F1: 0.3849 | 1.1s
  Epoch 166/800 | Total: 5.488 Edge: 0.351 Con: 0.200 Cls: 1.277 Hist: 0.8223 Path: 0.3858 | 1.1s
  Epoch 167/800 | Total: 5.557 Edge: 0.359 Con: 0.202 Cls: 1.290 Hist: 0.8254 Path: 0.4003 | 1.0s
  Epoch 168/800 | Total: 5.554 Edge: 0.364 Con: 0.206 Cls: 1.287 Hist: 0.8268 Path: 0.4012 | 1.1s
  Epoch 169/800 | Total: 5.540 Edge: 0.352 Con: 0.205 Cls: 1.287 Hist: 0.8272 Path: 0.3987 | 1.1s
  Epoch 170/800 | Total: 5.536 Edge: 0.353 Con: 0.205 Cls: 1.286 Hist: 0.8240 Path: 0.3991 | Val F1: 0.3677 | 1.1s
  Epoch 171/800 | Total: 5.531 Edge: 0.355 Con: 0.202 Cls: 1.284 Hist: 0.8287 Path: 0.3943 | 1.0s
  Epoch 172/800 | Total: 5.556 Edge: 0.347 Con: 0.202 Cls: 1.297 Hist: 0.8313 Path: 0.3859 | 1.0s
  Epoch 173/800 | Total: 5.641 Edge: 0.353 Con: 0.204 Cls: 1.316 Hist: 0.8478 Path: 0.3884 | 1.1s
  Epoch 174/800 | Total: 5.534 Edge: 0.367 Con: 0.206 Cls: 1.278 Hist: 0.8233 Path: 0.4082 | 1.0s
  Epoch 175/800 | Total: 5.549 Edge: 0.365 Con: 0.205 Cls: 1.283 Hist: 0.8256 Path: 0.4057 | Val F1: 0.3857 | 1.1s
  Epoch 176/800 | Total: 5.570 Edge: 0.358 Con: 0.205 Cls: 1.292 Hist: 0.8276 Path: 0.4067 | 1.0s
  Epoch 177/800 | Total: 5.683 Edge: 0.352 Con: 0.201 Cls: 1.324 Hist: 0.8653 Path: 0.3943 | 1.0s
  Epoch 178/800 | Total: 5.798 Edge: 0.359 Con: 0.203 Cls: 1.356 Hist: 0.8658 Path: 0.4028 | 1.1s
  Epoch 179/800 | Total: 5.685 Edge: 0.359 Con: 0.205 Cls: 1.324 Hist: 0.8532 Path: 0.3970 | 1.1s
  Epoch 180/800 | Total: 5.758 Edge: 0.363 Con: 0.204 Cls: 1.340 Hist: 0.8667 Path: 0.4049 | Val F1: 0.3679 | 1.1s
  Epoch 181/800 | Total: 5.583 Edge: 0.364 Con: 0.203 Cls: 1.292 Hist: 0.8313 Path: 0.4099 | 1.1s
  Epoch 182/800 | Total: 5.540 Edge: 0.355 Con: 0.200 Cls: 1.289 Hist: 0.8274 Path: 0.3927 | 1.0s
  Epoch 183/800 | Total: 5.461 Edge: 0.353 Con: 0.206 Cls: 1.268 Hist: 0.8075 Path: 0.3935 | 1.1s
  Epoch 184/800 | Total: 5.447 Edge: 0.350 Con: 0.204 Cls: 1.268 Hist: 0.8072 Path: 0.3844 | 1.1s
  Epoch 185/800 | Total: 5.504 Edge: 0.348 Con: 0.203 Cls: 1.283 Hist: 0.8165 Path: 0.3896 | Val F1: 0.3833 | 1.1s
  Epoch 186/800 | Total: 5.465 Edge: 0.346 Con: 0.204 Cls: 1.274 Hist: 0.8129 Path: 0.3828 | 1.0s
  Epoch 187/800 | Total: 5.498 Edge: 0.345 Con: 0.202 Cls: 1.281 Hist: 0.8277 Path: 0.3807 | 1.1s
  Epoch 188/800 | Total: 5.395 Edge: 0.346 Con: 0.204 Cls: 1.254 Hist: 0.8005 Path: 0.3832 | 1.1s
  Epoch 189/800 | Total: 5.422 Edge: 0.346 Con: 0.202 Cls: 1.262 Hist: 0.8049 Path: 0.3846 | 1.1s
  Epoch 190/800 | Total: 5.465 Edge: 0.347 Con: 0.202 Cls: 1.271 Hist: 0.8183 Path: 0.3855 | Val F1: 0.3826 | 1.0s
  Epoch 191/800 | Total: 5.478 Edge: 0.347 Con: 0.202 Cls: 1.276 Hist: 0.8144 Path: 0.3872 | 1.0s
  Epoch 192/800 | Total: 5.472 Edge: 0.347 Con: 0.204 Cls: 1.276 Hist: 0.8113 Path: 0.3829 | 1.1s
  Epoch 193/800 | Total: 5.510 Edge: 0.356 Con: 0.204 Cls: 1.281 Hist: 0.8183 Path: 0.3917 | 1.1s
  Epoch 194/800 | Total: 5.483 Edge: 0.355 Con: 0.202 Cls: 1.274 Hist: 0.8124 Path: 0.3910 | 1.1s
  Epoch 195/800 | Total: 5.431 Edge: 0.349 Con: 0.203 Cls: 1.262 Hist: 0.8061 Path: 0.3878 | Val F1: 0.3907 | 1.1s
  Epoch 196/800 | Total: 5.467 Edge: 0.348 Con: 0.202 Cls: 1.274 Hist: 0.8115 Path: 0.3846 | 1.0s
  Epoch 197/800 | Total: 5.352 Edge: 0.341 Con: 0.203 Cls: 1.246 Hist: 0.7956 Path: 0.3778 | 1.1s
  Epoch 198/800 | Total: 5.429 Edge: 0.343 Con: 0.205 Cls: 1.267 Hist: 0.8103 Path: 0.3732 | 1.0s
  Epoch 199/800 | Total: 5.418 Edge: 0.347 Con: 0.205 Cls: 1.261 Hist: 0.8068 Path: 0.3791 | 1.0s
  Epoch 200/800 | Total: 5.587 Edge: 0.353 Con: 0.203 Cls: 1.303 Hist: 0.8347 Path: 0.3898 | Val F1: 0.3625 | 1.0s
  Epoch 201/800 | Total: 5.535 Edge: 0.348 Con: 0.204 Cls: 1.290 Hist: 0.8255 Path: 0.3895 | 1.0s
  Epoch 202/800 | Total: 5.457 Edge: 0.347 Con: 0.204 Cls: 1.268 Hist: 0.8112 Path: 0.3944 | 1.0s
  Epoch 203/800 | Total: 5.399 Edge: 0.350 Con: 0.204 Cls: 1.252 Hist: 0.7941 Path: 0.3978 | 1.0s
  Epoch 204/800 | Total: 5.426 Edge: 0.349 Con: 0.202 Cls: 1.260 Hist: 0.8044 Path: 0.3917 | 1.1s
  Epoch 205/800 | Total: 5.467 Edge: 0.345 Con: 0.201 Cls: 1.274 Hist: 0.8108 Path: 0.3883 | Val F1: 0.3980 | 1.0s
  Epoch 206/800 | Total: 5.505 Edge: 0.345 Con: 0.202 Cls: 1.283 Hist: 0.8245 Path: 0.3848 | 1.0s
  Epoch 207/800 | Total: 5.485 Edge: 0.342 Con: 0.204 Cls: 1.278 Hist: 0.8238 Path: 0.3838 | 1.0s
  Epoch 208/800 | Total: 5.476 Edge: 0.352 Con: 0.204 Cls: 1.271 Hist: 0.8120 Path: 0.3947 | 1.0s
  Epoch 209/800 | Total: 5.601 Edge: 0.359 Con: 0.203 Cls: 1.301 Hist: 0.8364 Path: 0.4009 | 1.0s
  Epoch 210/800 | Total: 5.675 Edge: 0.365 Con: 0.203 Cls: 1.321 Hist: 0.8447 Path: 0.4019 | Val F1: 0.3632 | 1.0s
  Epoch 211/800 | Total: 5.557 Edge: 0.359 Con: 0.203 Cls: 1.289 Hist: 0.8364 Path: 0.3930 | 1.0s
  Epoch 212/800 | Total: 5.419 Edge: 0.348 Con: 0.204 Cls: 1.260 Hist: 0.8047 Path: 0.3854 | 1.0s
  Epoch 213/800 | Total: 5.417 Edge: 0.349 Con: 0.204 Cls: 1.258 Hist: 0.8019 Path: 0.3886 | 1.0s
  Epoch 214/800 | Total: 5.370 Edge: 0.341 Con: 0.202 Cls: 1.250 Hist: 0.8005 Path: 0.3775 | 1.0s
  Epoch 215/800 | Total: 5.373 Edge: 0.346 Con: 0.201 Cls: 1.250 Hist: 0.7967 Path: 0.3801 | Val F1: 0.3919 | 1.0s
  Epoch 216/800 | Total: 5.333 Edge: 0.346 Con: 0.204 Cls: 1.238 Hist: 0.7864 Path: 0.3832 | 1.0s
  Epoch 217/800 | Total: 5.392 Edge: 0.342 Con: 0.204 Cls: 1.254 Hist: 0.8020 Path: 0.3829 | 1.0s
  Epoch 218/800 | Total: 5.578 Edge: 0.351 Con: 0.207 Cls: 1.299 Hist: 0.8305 Path: 0.3949 | 1.0s
  Epoch 219/800 | Total: 5.568 Edge: 0.366 Con: 0.205 Cls: 1.289 Hist: 0.8267 Path: 0.4070 | 1.1s
  Epoch 220/800 | Total: 5.531 Edge: 0.349 Con: 0.203 Cls: 1.285 Hist: 0.8222 Path: 0.4034 | Val F1: 0.3885 | 1.1s
  Epoch 221/800 | Total: 5.382 Edge: 0.347 Con: 0.205 Cls: 1.248 Hist: 0.8025 Path: 0.3859 | 1.0s
  Epoch 222/800 | Total: 5.419 Edge: 0.352 Con: 0.205 Cls: 1.260 Hist: 0.7987 Path: 0.3868 | 1.1s
  Epoch 223/800 | Total: 5.409 Edge: 0.346 Con: 0.200 Cls: 1.259 Hist: 0.8015 Path: 0.3836 | 1.1s
  Epoch 224/800 | Total: 5.475 Edge: 0.342 Con: 0.204 Cls: 1.280 Hist: 0.8132 Path: 0.3787 | 1.1s
  Epoch 225/800 | Total: 5.433 Edge: 0.345 Con: 0.200 Cls: 1.265 Hist: 0.8120 Path: 0.3822 | Val F1: 0.3931 | 1.1s
  Epoch 226/800 | Total: 5.312 Edge: 0.339 Con: 0.204 Cls: 1.236 Hist: 0.7911 Path: 0.3737 | 1.1s
  Epoch 227/800 | Total: 5.272 Edge: 0.338 Con: 0.203 Cls: 1.225 Hist: 0.7813 Path: 0.3764 | 1.1s
  Epoch 228/800 | Total: 5.292 Edge: 0.335 Con: 0.202 Cls: 1.232 Hist: 0.7853 Path: 0.3750 | 1.1s
  Epoch 229/800 | Total: 5.264 Edge: 0.337 Con: 0.204 Cls: 1.225 Hist: 0.7807 Path: 0.3712 | 1.1s
  Epoch 230/800 | Total: 5.290 Edge: 0.341 Con: 0.204 Cls: 1.230 Hist: 0.7861 Path: 0.3727 | Val F1: 0.3993 | 1.1s
  Epoch 231/800 | Total: 5.326 Edge: 0.341 Con: 0.202 Cls: 1.236 Hist: 0.7921 Path: 0.3826 | 1.1s
  Epoch 232/800 | Total: 5.278 Edge: 0.339 Con: 0.201 Cls: 1.229 Hist: 0.7813 Path: 0.3694 | 1.1s
  Epoch 233/800 | Total: 5.332 Edge: 0.341 Con: 0.204 Cls: 1.241 Hist: 0.7925 Path: 0.3720 | 1.1s
  Epoch 234/800 | Total: 5.345 Edge: 0.345 Con: 0.201 Cls: 1.242 Hist: 0.7939 Path: 0.3780 | 1.1s
  Epoch 235/800 | Total: 5.400 Edge: 0.350 Con: 0.205 Cls: 1.255 Hist: 0.8017 Path: 0.3822 | Val F1: 0.4024 | 1.1s
  Epoch 236/800 | Total: 5.370 Edge: 0.344 Con: 0.203 Cls: 1.250 Hist: 0.7979 Path: 0.3777 | 1.1s
  Epoch 237/800 | Total: 5.324 Edge: 0.342 Con: 0.204 Cls: 1.239 Hist: 0.7878 Path: 0.3758 | 1.0s
  Epoch 238/800 | Total: 5.366 Edge: 0.343 Con: 0.204 Cls: 1.250 Hist: 0.7939 Path: 0.3772 | 1.0s
  Epoch 239/800 | Total: 5.370 Edge: 0.343 Con: 0.204 Cls: 1.248 Hist: 0.7979 Path: 0.3838 | 1.0s
  Epoch 240/800 | Total: 5.355 Edge: 0.340 Con: 0.204 Cls: 1.245 Hist: 0.7963 Path: 0.3818 | Val F1: 0.3942 | 1.0s
  Epoch 241/800 | Total: 5.385 Edge: 0.338 Con: 0.203 Cls: 1.255 Hist: 0.8052 Path: 0.3761 | 1.0s
  Epoch 242/800 | Total: 5.388 Edge: 0.342 Con: 0.206 Cls: 1.255 Hist: 0.8015 Path: 0.3761 | 1.0s
  Epoch 243/800 | Total: 5.393 Edge: 0.341 Con: 0.205 Cls: 1.256 Hist: 0.7991 Path: 0.3814 | 1.0s
  Epoch 244/800 | Total: 5.670 Edge: 0.355 Con: 0.209 Cls: 1.326 Hist: 0.8314 Path: 0.4022 | 1.0s
  Epoch 245/800 | Total: 5.677 Edge: 0.366 Con: 0.209 Cls: 1.319 Hist: 0.8441 Path: 0.4055 | Val F1: 0.3823 | 1.0s
  Epoch 246/800 | Total: 5.601 Edge: 0.361 Con: 0.207 Cls: 1.303 Hist: 0.8320 Path: 0.3959 | 1.1s
  Epoch 247/800 | Total: 5.459 Edge: 0.348 Con: 0.202 Cls: 1.269 Hist: 0.8126 Path: 0.3902 | 1.0s
  Epoch 248/800 | Total: 5.299 Edge: 0.345 Con: 0.202 Cls: 1.228 Hist: 0.7852 Path: 0.3825 | 1.0s
  Epoch 249/800 | Total: 5.268 Edge: 0.335 Con: 0.202 Cls: 1.227 Hist: 0.7835 Path: 0.3683 | 1.1s
  Epoch 250/800 | Total: 5.246 Edge: 0.331 Con: 0.202 Cls: 1.221 Hist: 0.7807 Path: 0.3684 | Val F1: 0.4130 | 1.0s
  Epoch 251/800 | Total: 5.249 Edge: 0.333 Con: 0.203 Cls: 1.223 Hist: 0.7816 Path: 0.3656 | 1.0s
  Epoch 252/800 | Total: 5.250 Edge: 0.336 Con: 0.205 Cls: 1.223 Hist: 0.7731 Path: 0.3690 | 1.1s
  Epoch 253/800 | Total: 5.403 Edge: 0.337 Con: 0.204 Cls: 1.263 Hist: 0.8062 Path: 0.3681 | 1.1s
  Epoch 254/800 | Total: 5.389 Edge: 0.342 Con: 0.207 Cls: 1.257 Hist: 0.7952 Path: 0.3759 | 1.0s
  Epoch 255/800 | Total: 5.478 Edge: 0.341 Con: 0.205 Cls: 1.277 Hist: 0.8223 Path: 0.3825 | Val F1: 0.3737 | 1.0s
  Epoch 256/800 | Total: 5.340 Edge: 0.338 Con: 0.204 Cls: 1.240 Hist: 0.7992 Path: 0.3800 | 1.0s
  Epoch 257/800 | Total: 5.317 Edge: 0.335 Con: 0.203 Cls: 1.239 Hist: 0.7874 Path: 0.3755 | 1.1s
  Epoch 258/800 | Total: 5.340 Edge: 0.338 Con: 0.204 Cls: 1.246 Hist: 0.7889 Path: 0.3720 | 1.0s
  Epoch 259/800 | Total: 5.245 Edge: 0.340 Con: 0.204 Cls: 1.217 Hist: 0.7792 Path: 0.3740 | 1.0s
  Epoch 260/800 | Total: 5.293 Edge: 0.340 Con: 0.204 Cls: 1.232 Hist: 0.7847 Path: 0.3702 | Val F1: 0.3951 | 1.0s
  Epoch 261/800 | Total: 5.277 Edge: 0.330 Con: 0.203 Cls: 1.234 Hist: 0.7827 Path: 0.3596 | 1.1s
  Epoch 262/800 | Total: 5.252 Edge: 0.337 Con: 0.205 Cls: 1.224 Hist: 0.7758 Path: 0.3668 | 1.1s
  Epoch 263/800 | Total: 5.245 Edge: 0.333 Con: 0.202 Cls: 1.221 Hist: 0.7812 Path: 0.3655 | 1.1s
  Epoch 264/800 | Total: 5.284 Edge: 0.331 Con: 0.204 Cls: 1.230 Hist: 0.7910 Path: 0.3684 | 1.0s
  Epoch 265/800 | Total: 5.228 Edge: 0.331 Con: 0.204 Cls: 1.217 Hist: 0.7734 Path: 0.3705 | Val F1: 0.4030 | 1.1s
  Epoch 266/800 | Total: 5.308 Edge: 0.338 Con: 0.204 Cls: 1.231 Hist: 0.7895 Path: 0.3853 | 1.0s
  Epoch 267/800 | Total: 5.313 Edge: 0.340 Con: 0.204 Cls: 1.231 Hist: 0.7904 Path: 0.3863 | 1.0s
  Epoch 268/800 | Total: 5.510 Edge: 0.353 Con: 0.205 Cls: 1.281 Hist: 0.8247 Path: 0.3867 | 1.0s
  Epoch 269/800 | Total: 5.411 Edge: 0.363 Con: 0.205 Cls: 1.245 Hist: 0.8024 Path: 0.4078 | 1.1s
  Epoch 270/800 | Total: 5.274 Edge: 0.348 Con: 0.203 Cls: 1.219 Hist: 0.7817 Path: 0.3866 | Val F1: 0.4102 | 1.2s
  Epoch 271/800 | Total: 5.177 Edge: 0.333 Con: 0.205 Cls: 1.203 Hist: 0.7669 Path: 0.3656 | 1.1s
  Epoch 272/800 | Total: 5.188 Edge: 0.331 Con: 0.205 Cls: 1.206 Hist: 0.7696 Path: 0.3663 | 1.1s
  Epoch 273/800 | Total: 5.190 Edge: 0.330 Con: 0.203 Cls: 1.209 Hist: 0.7683 Path: 0.3623 | 1.1s
  Epoch 274/800 | Total: 5.233 Edge: 0.332 Con: 0.204 Cls: 1.221 Hist: 0.7730 Path: 0.3626 | 1.1s
  Epoch 275/800 | Total: 5.184 Edge: 0.330 Con: 0.204 Cls: 1.207 Hist: 0.7685 Path: 0.3612 | Val F1: 0.4088 | 1.1s
  Epoch 276/800 | Total: 5.234 Edge: 0.333 Con: 0.205 Cls: 1.219 Hist: 0.7768 Path: 0.3659 | 1.1s
  Epoch 277/800 | Total: 5.214 Edge: 0.333 Con: 0.205 Cls: 1.211 Hist: 0.7706 Path: 0.3742 | 1.1s
  Epoch 278/800 | Total: 5.184 Edge: 0.330 Con: 0.202 Cls: 1.206 Hist: 0.7683 Path: 0.3671 | 1.0s
  Epoch 279/800 | Total: 5.281 Edge: 0.334 Con: 0.205 Cls: 1.230 Hist: 0.7854 Path: 0.3695 | 1.0s
  Epoch 280/800 | Total: 5.157 Edge: 0.331 Con: 0.204 Cls: 1.201 Hist: 0.7608 Path: 0.3585 | Val F1: 0.4142 | 1.1s
  Epoch 281/800 | Total: 5.205 Edge: 0.329 Con: 0.203 Cls: 1.213 Hist: 0.7753 Path: 0.3610 | 1.1s
  Epoch 282/800 | Total: 5.174 Edge: 0.329 Con: 0.202 Cls: 1.204 Hist: 0.7668 Path: 0.3635 | 1.1s
  Epoch 283/800 | Total: 5.228 Edge: 0.333 Con: 0.204 Cls: 1.217 Hist: 0.7753 Path: 0.3674 | 1.1s
  Epoch 284/800 | Total: 5.206 Edge: 0.332 Con: 0.204 Cls: 1.214 Hist: 0.7666 Path: 0.3629 | 1.1s
  Epoch 285/800 | Total: 5.278 Edge: 0.332 Con: 0.205 Cls: 1.232 Hist: 0.7731 Path: 0.3729 | Val F1: 0.4026 | 1.2s
  Epoch 286/800 | Total: 5.381 Edge: 0.342 Con: 0.204 Cls: 1.252 Hist: 0.7969 Path: 0.3845 | 1.1s
  Epoch 287/800 | Total: 5.466 Edge: 0.351 Con: 0.205 Cls: 1.266 Hist: 0.8144 Path: 0.4011 | 1.1s
  Epoch 288/800 | Total: 5.331 Edge: 0.348 Con: 0.205 Cls: 1.231 Hist: 0.7857 Path: 0.4008 | 1.1s
  Epoch 289/800 | Total: 5.285 Edge: 0.339 Con: 0.204 Cls: 1.226 Hist: 0.7819 Path: 0.3837 | 1.1s
  Epoch 290/800 | Total: 5.226 Edge: 0.334 Con: 0.203 Cls: 1.216 Hist: 0.7768 Path: 0.3648 | Val F1: 0.4077 | 1.1s
  Epoch 291/800 | Total: 5.240 Edge: 0.332 Con: 0.205 Cls: 1.219 Hist: 0.7802 Path: 0.3676 | 1.1s
  Epoch 292/800 | Total: 5.170 Edge: 0.337 Con: 0.206 Cls: 1.199 Hist: 0.7639 Path: 0.3696 | 1.1s
  Epoch 293/800 | Total: 5.208 Edge: 0.345 Con: 0.204 Cls: 1.207 Hist: 0.7686 Path: 0.3727 | 1.1s
  Epoch 294/800 | Total: 5.123 Edge: 0.333 Con: 0.204 Cls: 1.188 Hist: 0.7567 Path: 0.3652 | 1.1s
  Epoch 295/800 | Total: 5.155 Edge: 0.330 Con: 0.204 Cls: 1.198 Hist: 0.7635 Path: 0.3642 | Val F1: 0.4116 | 1.1s
  Epoch 296/800 | Total: 5.151 Edge: 0.329 Con: 0.204 Cls: 1.198 Hist: 0.7666 Path: 0.3603 | 1.1s
  Epoch 297/800 | Total: 5.148 Edge: 0.325 Con: 0.207 Cls: 1.199 Hist: 0.7634 Path: 0.3583 | 1.1s
  Epoch 298/800 | Total: 5.150 Edge: 0.324 Con: 0.204 Cls: 1.200 Hist: 0.7668 Path: 0.3572 | 1.1s
  Epoch 299/800 | Total: 5.231 Edge: 0.323 Con: 0.205 Cls: 1.222 Hist: 0.7810 Path: 0.3589 | 1.1s
  Epoch 300/800 | Total: 5.221 Edge: 0.328 Con: 0.206 Cls: 1.216 Hist: 0.7763 Path: 0.3676 | Val F1: 0.4026 | 1.1s
  Epoch 301/800 | Total: 5.244 Edge: 0.330 Con: 0.204 Cls: 1.223 Hist: 0.7770 Path: 0.3643 | 1.2s
  Epoch 302/800 | Total: 5.211 Edge: 0.330 Con: 0.204 Cls: 1.213 Hist: 0.7724 Path: 0.3667 | 1.1s
  Epoch 303/800 | Total: 5.281 Edge: 0.330 Con: 0.204 Cls: 1.231 Hist: 0.7838 Path: 0.3715 | 1.1s
  Epoch 304/800 | Total: 5.207 Edge: 0.331 Con: 0.204 Cls: 1.213 Hist: 0.7708 Path: 0.3647 | 1.1s
  Epoch 305/800 | Total: 5.358 Edge: 0.347 Con: 0.204 Cls: 1.246 Hist: 0.7939 Path: 0.3778 | Val F1: 0.3888 | 1.1s
  Epoch 306/800 | Total: 5.448 Edge: 0.350 Con: 0.205 Cls: 1.263 Hist: 0.8029 Path: 0.4028 | 1.1s
  Epoch 307/800 | Total: 5.341 Edge: 0.346 Con: 0.208 Cls: 1.236 Hist: 0.7847 Path: 0.3985 | 1.1s
  Epoch 308/800 | Total: 5.321 Edge: 0.331 Con: 0.204 Cls: 1.241 Hist: 0.7893 Path: 0.3769 | 1.1s
  Epoch 309/800 | Total: 5.248 Edge: 0.327 Con: 0.208 Cls: 1.223 Hist: 0.7809 Path: 0.3670 | 1.1s
  Epoch 310/800 | Total: 5.296 Edge: 0.328 Con: 0.206 Cls: 1.238 Hist: 0.7866 Path: 0.3646 | Val F1: 0.4084 | 1.1s
  Epoch 311/800 | Total: 5.231 Edge: 0.329 Con: 0.203 Cls: 1.221 Hist: 0.7790 Path: 0.3592 | 1.1s
  Epoch 312/800 | Total: 5.135 Edge: 0.329 Con: 0.206 Cls: 1.192 Hist: 0.7634 Path: 0.3622 | 1.1s
  Epoch 313/800 | Total: 5.087 Edge: 0.327 Con: 0.204 Cls: 1.182 Hist: 0.7531 Path: 0.3595 | 1.1s
  Epoch 314/800 | Total: 5.109 Edge: 0.323 Con: 0.205 Cls: 1.193 Hist: 0.7540 Path: 0.3516 | 1.1s
  Epoch 315/800 | Total: 5.124 Edge: 0.323 Con: 0.205 Cls: 1.193 Hist: 0.7597 Path: 0.3574 | Val F1: 0.4153 | 1.0s
  Epoch 316/800 | Total: 5.103 Edge: 0.323 Con: 0.205 Cls: 1.187 Hist: 0.7559 Path: 0.3614 | 1.1s
  Epoch 317/800 | Total: 5.105 Edge: 0.323 Con: 0.205 Cls: 1.188 Hist: 0.7568 Path: 0.3587 | 1.1s
  Epoch 318/800 | Total: 5.091 Edge: 0.323 Con: 0.205 Cls: 1.183 Hist: 0.7506 Path: 0.3652 | 1.1s
  Epoch 319/800 | Total: 5.099 Edge: 0.330 Con: 0.203 Cls: 1.179 Hist: 0.7561 Path: 0.3730 | 1.0s
  Epoch 320/800 | Total: 5.132 Edge: 0.331 Con: 0.205 Cls: 1.191 Hist: 0.7582 Path: 0.3682 | Val F1: 0.4208 | 1.1s
  Epoch 321/800 | Total: 5.138 Edge: 0.323 Con: 0.203 Cls: 1.198 Hist: 0.7644 Path: 0.3554 | 1.1s
  Epoch 322/800 | Total: 5.176 Edge: 0.325 Con: 0.205 Cls: 1.207 Hist: 0.7698 Path: 0.3566 | 1.0s
  Epoch 323/800 | Total: 5.168 Edge: 0.323 Con: 0.204 Cls: 1.207 Hist: 0.7710 Path: 0.3527 | 1.0s
  Epoch 324/800 | Total: 5.176 Edge: 0.326 Con: 0.205 Cls: 1.208 Hist: 0.7683 Path: 0.3544 | 1.1s
  Epoch 325/800 | Total: 5.170 Edge: 0.326 Con: 0.203 Cls: 1.205 Hist: 0.7706 Path: 0.3567 | Val F1: 0.4093 | 1.1s
  Epoch 326/800 | Total: 5.184 Edge: 0.327 Con: 0.207 Cls: 1.207 Hist: 0.7715 Path: 0.3591 | 1.1s
  Epoch 327/800 | Total: 5.274 Edge: 0.329 Con: 0.208 Cls: 1.232 Hist: 0.7828 Path: 0.3630 | 1.0s
  Epoch 328/800 | Total: 5.132 Edge: 0.325 Con: 0.206 Cls: 1.196 Hist: 0.7605 Path: 0.3549 | 1.1s
  Epoch 329/800 | Total: 5.167 Edge: 0.339 Con: 0.205 Cls: 1.199 Hist: 0.7634 Path: 0.3641 | 1.1s
  Epoch 330/800 | Total: 5.178 Edge: 0.342 Con: 0.206 Cls: 1.199 Hist: 0.7636 Path: 0.3728 | Val F1: 0.4132 | 1.1s
  Epoch 331/800 | Total: 5.226 Edge: 0.342 Con: 0.207 Cls: 1.213 Hist: 0.7701 Path: 0.3722 | 1.0s
  Epoch 332/800 | Total: 5.244 Edge: 0.340 Con: 0.206 Cls: 1.216 Hist: 0.7754 Path: 0.3786 | 1.1s
  Epoch 333/800 | Total: 5.253 Edge: 0.339 Con: 0.205 Cls: 1.219 Hist: 0.7778 Path: 0.3764 | 1.1s
  Epoch 334/800 | Total: 5.281 Edge: 0.337 Con: 0.208 Cls: 1.225 Hist: 0.7808 Path: 0.3845 | 1.1s
  Epoch 335/800 | Total: 5.247 Edge: 0.337 Con: 0.207 Cls: 1.222 Hist: 0.7698 Path: 0.3700 | Val F1: 0.4079 | 1.1s
  Epoch 336/800 | Total: 5.315 Edge: 0.333 Con: 0.208 Cls: 1.240 Hist: 0.7878 Path: 0.3701 | 1.1s
  Epoch 337/800 | Total: 5.233 Edge: 0.329 Con: 0.208 Cls: 1.220 Hist: 0.7793 Path: 0.3605 | 1.1s
  Epoch 338/800 | Total: 5.175 Edge: 0.327 Con: 0.206 Cls: 1.204 Hist: 0.7684 Path: 0.3642 | 1.1s
  Epoch 339/800 | Total: 5.117 Edge: 0.322 Con: 0.206 Cls: 1.193 Hist: 0.7564 Path: 0.3570 | 1.1s
  Epoch 340/800 | Total: 5.044 Edge: 0.319 Con: 0.206 Cls: 1.174 Hist: 0.7508 Path: 0.3487 | Val F1: 0.4176 | 1.0s
  Epoch 341/800 | Total: 5.134 Edge: 0.325 Con: 0.206 Cls: 1.193 Hist: 0.7630 Path: 0.3641 | 1.1s
  Epoch 342/800 | Total: 5.128 Edge: 0.323 Con: 0.206 Cls: 1.191 Hist: 0.7634 Path: 0.3664 | 1.1s
  Epoch 343/800 | Total: 5.160 Edge: 0.329 Con: 0.206 Cls: 1.200 Hist: 0.7640 Path: 0.3637 | 1.1s
  Epoch 344/800 | Total: 5.058 Edge: 0.325 Con: 0.203 Cls: 1.177 Hist: 0.7446 Path: 0.3541 | 1.0s
  Epoch 345/800 | Total: 5.066 Edge: 0.334 Con: 0.205 Cls: 1.174 Hist: 0.7514 Path: 0.3571 | Val F1: 0.4242 | 1.1s
  Epoch 346/800 | Total: 5.048 Edge: 0.326 Con: 0.204 Cls: 1.173 Hist: 0.7468 Path: 0.3553 | 1.1s
  Epoch 347/800 | Total: 5.057 Edge: 0.324 Con: 0.204 Cls: 1.177 Hist: 0.7444 Path: 0.3555 | 1.1s
  Epoch 348/800 | Total: 5.074 Edge: 0.323 Con: 0.205 Cls: 1.181 Hist: 0.7504 Path: 0.3564 | 1.1s
  Epoch 349/800 | Total: 5.027 Edge: 0.319 Con: 0.204 Cls: 1.170 Hist: 0.7455 Path: 0.3510 | 1.1s
  Epoch 350/800 | Total: 5.042 Edge: 0.319 Con: 0.205 Cls: 1.176 Hist: 0.7467 Path: 0.3476 | Val F1: 0.4205 | 1.2s
  Epoch 351/800 | Total: 5.058 Edge: 0.318 Con: 0.205 Cls: 1.180 Hist: 0.7491 Path: 0.3461 | 1.1s
  Epoch 352/800 | Total: 5.118 Edge: 0.325 Con: 0.204 Cls: 1.194 Hist: 0.7569 Path: 0.3529 | 1.1s
  Epoch 353/800 | Total: 5.394 Edge: 0.330 Con: 0.206 Cls: 1.265 Hist: 0.8024 Path: 0.3646 | 1.1s
  Epoch 354/800 | Total: 5.345 Edge: 0.329 Con: 0.207 Cls: 1.251 Hist: 0.7918 Path: 0.3676 | 1.2s
  Epoch 355/800 | Total: 5.365 Edge: 0.333 Con: 0.211 Cls: 1.250 Hist: 0.8008 Path: 0.3753 | Val F1: 0.3966 | 1.1s
  Epoch 356/800 | Total: 5.323 Edge: 0.333 Con: 0.205 Cls: 1.235 Hist: 0.7931 Path: 0.3888 | 1.0s
  Epoch 357/800 | Total: 5.152 Edge: 0.338 Con: 0.208 Cls: 1.189 Hist: 0.7560 Path: 0.3880 | 1.1s
  Epoch 358/800 | Total: 5.104 Edge: 0.332 Con: 0.206 Cls: 1.177 Hist: 0.7527 Path: 0.3852 | 1.1s
  Epoch 359/800 | Total: 5.133 Edge: 0.321 Con: 0.204 Cls: 1.197 Hist: 0.7595 Path: 0.3580 | 1.1s
  Epoch 360/800 | Total: 5.075 Edge: 0.320 Con: 0.206 Cls: 1.182 Hist: 0.7517 Path: 0.3544 | Val F1: 0.4240 | 1.1s
  Epoch 361/800 | Total: 5.016 Edge: 0.321 Con: 0.206 Cls: 1.163 Hist: 0.7456 Path: 0.3561 | 1.1s
  Epoch 362/800 | Total: 5.085 Edge: 0.324 Con: 0.206 Cls: 1.184 Hist: 0.7542 Path: 0.3529 | 1.1s
  Epoch 363/800 | Total: 5.047 Edge: 0.319 Con: 0.204 Cls: 1.176 Hist: 0.7456 Path: 0.3530 | 1.1s
  Epoch 364/800 | Total: 5.002 Edge: 0.318 Con: 0.204 Cls: 1.162 Hist: 0.7410 Path: 0.3537 | 1.0s
  Epoch 365/800 | Total: 4.998 Edge: 0.318 Con: 0.206 Cls: 1.161 Hist: 0.7386 Path: 0.3544 | Val F1: 0.4196 | 1.1s
  Epoch 366/800 | Total: 5.099 Edge: 0.320 Con: 0.205 Cls: 1.189 Hist: 0.7581 Path: 0.3519 | 1.1s
  Epoch 367/800 | Total: 5.108 Edge: 0.324 Con: 0.207 Cls: 1.190 Hist: 0.7588 Path: 0.3504 | 1.1s
  Epoch 368/800 | Total: 5.077 Edge: 0.325 Con: 0.205 Cls: 1.179 Hist: 0.7541 Path: 0.3591 | 1.1s
  Epoch 369/800 | Total: 5.056 Edge: 0.319 Con: 0.205 Cls: 1.176 Hist: 0.7522 Path: 0.3558 | 1.1s
  Epoch 370/800 | Total: 5.098 Edge: 0.323 Con: 0.207 Cls: 1.186 Hist: 0.7556 Path: 0.3585 | Val F1: 0.4203 | 1.1s
  Epoch 371/800 | Total: 5.094 Edge: 0.322 Con: 0.204 Cls: 1.186 Hist: 0.7533 Path: 0.3594 | 1.1s
  Epoch 372/800 | Total: 5.107 Edge: 0.329 Con: 0.206 Cls: 1.185 Hist: 0.7604 Path: 0.3592 | 1.0s
  Epoch 373/800 | Total: 5.084 Edge: 0.327 Con: 0.204 Cls: 1.179 Hist: 0.7559 Path: 0.3611 | 1.1s
  Epoch 374/800 | Total: 5.009 Edge: 0.322 Con: 0.205 Cls: 1.164 Hist: 0.7428 Path: 0.3494 | 1.1s
  Epoch 375/800 | Total: 4.981 Edge: 0.318 Con: 0.208 Cls: 1.156 Hist: 0.7384 Path: 0.3519 | Val F1: 0.4251 | 1.1s
  Epoch 376/800 | Total: 5.018 Edge: 0.320 Con: 0.205 Cls: 1.165 Hist: 0.7489 Path: 0.3514 | 1.0s
  Epoch 377/800 | Total: 5.025 Edge: 0.318 Con: 0.207 Cls: 1.170 Hist: 0.7416 Path: 0.3516 | 1.1s
  Epoch 378/800 | Total: 5.141 Edge: 0.321 Con: 0.205 Cls: 1.201 Hist: 0.7640 Path: 0.3506 | 1.1s
  Epoch 379/800 | Total: 5.291 Edge: 0.332 Con: 0.206 Cls: 1.239 Hist: 0.7852 Path: 0.3550 | 1.1s
  Epoch 380/800 | Total: 5.221 Edge: 0.331 Con: 0.208 Cls: 1.219 Hist: 0.7687 Path: 0.3604 | Val F1: 0.4103 | 1.1s
  Epoch 381/800 | Total: 5.070 Edge: 0.323 Con: 0.207 Cls: 1.176 Hist: 0.7498 Path: 0.3644 | 1.1s
  Epoch 382/800 | Total: 5.092 Edge: 0.324 Con: 0.206 Cls: 1.182 Hist: 0.7562 Path: 0.3620 | 1.1s
  Epoch 383/800 | Total: 4.996 Edge: 0.328 Con: 0.204 Cls: 1.154 Hist: 0.7409 Path: 0.3637 | 1.1s
  Epoch 384/800 | Total: 4.994 Edge: 0.324 Con: 0.205 Cls: 1.158 Hist: 0.7384 Path: 0.3546 | 1.1s
  Epoch 385/800 | Total: 5.012 Edge: 0.320 Con: 0.205 Cls: 1.165 Hist: 0.7462 Path: 0.3491 | Val F1: 0.4242 | 1.0s
  Epoch 386/800 | Total: 5.031 Edge: 0.317 Con: 0.205 Cls: 1.172 Hist: 0.7456 Path: 0.3502 | 1.2s
  Epoch 387/800 | Total: 5.047 Edge: 0.321 Con: 0.205 Cls: 1.174 Hist: 0.7480 Path: 0.3529 | 1.1s
  Epoch 388/800 | Total: 5.245 Edge: 0.322 Con: 0.208 Cls: 1.227 Hist: 0.7801 Path: 0.3568 | 1.1s
  Epoch 389/800 | Total: 5.198 Edge: 0.326 Con: 0.207 Cls: 1.212 Hist: 0.7761 Path: 0.3557 | 1.1s
  Epoch 390/800 | Total: 5.097 Edge: 0.322 Con: 0.205 Cls: 1.186 Hist: 0.7541 Path: 0.3605 | Val F1: 0.4223 | 1.1s
  Epoch 391/800 | Total: 5.042 Edge: 0.316 Con: 0.205 Cls: 1.175 Hist: 0.7461 Path: 0.3538 | 1.1s
  Epoch 392/800 | Total: 5.015 Edge: 0.311 Con: 0.203 Cls: 1.170 Hist: 0.7461 Path: 0.3458 | 1.1s
  Epoch 393/800 | Total: 4.995 Edge: 0.312 Con: 0.203 Cls: 1.164 Hist: 0.7432 Path: 0.3456 | 1.0s
  Epoch 394/800 | Total: 5.079 Edge: 0.318 Con: 0.205 Cls: 1.185 Hist: 0.7565 Path: 0.3490 | 1.1s
  Epoch 395/800 | Total: 5.079 Edge: 0.318 Con: 0.205 Cls: 1.185 Hist: 0.7527 Path: 0.3506 | Val F1: 0.4247 | 1.1s
  Epoch 396/800 | Total: 5.093 Edge: 0.324 Con: 0.207 Cls: 1.183 Hist: 0.7585 Path: 0.3564 | 1.1s
  Epoch 397/800 | Total: 5.121 Edge: 0.328 Con: 0.206 Cls: 1.189 Hist: 0.7605 Path: 0.3617 | 1.0s
  Epoch 398/800 | Total: 4.992 Edge: 0.316 Con: 0.206 Cls: 1.161 Hist: 0.7403 Path: 0.3484 | 1.1s
  Epoch 399/800 | Total: 4.936 Edge: 0.314 Con: 0.206 Cls: 1.147 Hist: 0.7306 Path: 0.3461 | 1.1s
  Epoch 400/800 | Total: 5.002 Edge: 0.316 Con: 0.206 Cls: 1.164 Hist: 0.7431 Path: 0.3498 | Val F1: 0.4201 | 1.1s
  Epoch 401/800 | Total: 4.977 Edge: 0.315 Con: 0.207 Cls: 1.158 Hist: 0.7387 Path: 0.3472 | 1.0s
  Epoch 402/800 | Total: 4.959 Edge: 0.317 Con: 0.205 Cls: 1.152 Hist: 0.7347 Path: 0.3490 | 1.1s
  Epoch 403/800 | Total: 5.048 Edge: 0.320 Con: 0.207 Cls: 1.174 Hist: 0.7477 Path: 0.3542 | 1.1s
  Epoch 404/800 | Total: 5.034 Edge: 0.320 Con: 0.206 Cls: 1.171 Hist: 0.7474 Path: 0.3518 | 1.1s
  Epoch 405/800 | Total: 5.277 Edge: 0.320 Con: 0.206 Cls: 1.237 Hist: 0.7940 Path: 0.3495 | Val F1: 0.3980 | 1.1s
  Epoch 406/800 | Total: 5.230 Edge: 0.327 Con: 0.209 Cls: 1.219 Hist: 0.7812 Path: 0.3591 | 1.1s
  Epoch 407/800 | Total: 5.116 Edge: 0.323 Con: 0.206 Cls: 1.190 Hist: 0.7561 Path: 0.3648 | 1.1s
  Epoch 408/800 | Total: 5.458 Edge: 0.325 Con: 0.208 Cls: 1.282 Hist: 0.8054 Path: 0.3789 | 1.0s
  Epoch 409/800 | Total: 5.742 Edge: 0.353 Con: 0.212 Cls: 1.344 Hist: 0.8513 Path: 0.4002 | 1.0s
  Epoch 410/800 | Total: 5.581 Edge: 0.373 Con: 0.209 Cls: 1.281 Hist: 0.8246 Path: 0.4371 | Val F1: 0.4016 | 1.0s
  Epoch 411/800 | Total: 5.256 Edge: 0.344 Con: 0.210 Cls: 1.208 Hist: 0.7923 Path: 0.3901 | 1.1s
  Epoch 412/800 | Total: 5.136 Edge: 0.333 Con: 0.205 Cls: 1.190 Hist: 0.7579 Path: 0.3714 | 1.1s
  Epoch 413/800 | Total: 5.162 Edge: 0.332 Con: 0.209 Cls: 1.199 Hist: 0.7619 Path: 0.3669 | 1.1s
  Epoch 414/800 | Total: 5.110 Edge: 0.329 Con: 0.207 Cls: 1.184 Hist: 0.7606 Path: 0.3633 | 1.0s
  Epoch 415/800 | Total: 5.046 Edge: 0.325 Con: 0.205 Cls: 1.173 Hist: 0.7454 Path: 0.3559 | Val F1: 0.4205 | 1.1s
  Epoch 416/800 | Total: 5.034 Edge: 0.318 Con: 0.206 Cls: 1.172 Hist: 0.7479 Path: 0.3495 | 1.1s
  Epoch 417/800 | Total: 4.976 Edge: 0.313 Con: 0.205 Cls: 1.159 Hist: 0.7414 Path: 0.3426 | 1.1s
  Epoch 418/800 | Total: 4.968 Edge: 0.313 Con: 0.206 Cls: 1.158 Hist: 0.7354 Path: 0.3428 | 1.0s
  Epoch 419/800 | Total: 4.976 Edge: 0.311 Con: 0.207 Cls: 1.162 Hist: 0.7393 Path: 0.3376 | 1.1s
  Epoch 420/800 | Total: 4.959 Edge: 0.314 Con: 0.205 Cls: 1.155 Hist: 0.7379 Path: 0.3411 | Val F1: 0.4230 | 1.1s
  Epoch 421/800 | Total: 4.937 Edge: 0.313 Con: 0.206 Cls: 1.149 Hist: 0.7335 Path: 0.3402 | 1.1s
  Epoch 422/800 | Total: 4.973 Edge: 0.312 Con: 0.204 Cls: 1.159 Hist: 0.7401 Path: 0.3433 | 1.0s
  Epoch 423/800 | Total: 4.947 Edge: 0.313 Con: 0.204 Cls: 1.150 Hist: 0.7333 Path: 0.3468 | 1.1s
  Epoch 424/800 | Total: 4.935 Edge: 0.312 Con: 0.205 Cls: 1.147 Hist: 0.7316 Path: 0.3472 | 1.1s
  Epoch 425/800 | Total: 4.947 Edge: 0.310 Con: 0.206 Cls: 1.154 Hist: 0.7319 Path: 0.3409 | Val F1: 0.4288 | 1.1s
  Epoch 426/800 | Total: 4.970 Edge: 0.309 Con: 0.207 Cls: 1.158 Hist: 0.7444 Path: 0.3378 | 1.0s
  Epoch 427/800 | Total: 4.939 Edge: 0.313 Con: 0.207 Cls: 1.147 Hist: 0.7344 Path: 0.3462 | 1.2s
  Epoch 428/800 | Total: 4.973 Edge: 0.315 Con: 0.205 Cls: 1.156 Hist: 0.7372 Path: 0.3501 | 1.1s
  Epoch 429/800 | Total: 4.992 Edge: 0.315 Con: 0.204 Cls: 1.162 Hist: 0.7383 Path: 0.3507 | 1.1s
  Epoch 430/800 | Total: 4.994 Edge: 0.319 Con: 0.206 Cls: 1.161 Hist: 0.7403 Path: 0.3496 | Val F1: 0.4210 | 1.1s
  Epoch 431/800 | Total: 4.992 Edge: 0.317 Con: 0.206 Cls: 1.156 Hist: 0.7461 Path: 0.3584 | 1.1s
  Epoch 432/800 | Total: 5.059 Edge: 0.317 Con: 0.205 Cls: 1.176 Hist: 0.7556 Path: 0.3554 | 1.1s
  Epoch 433/800 | Total: 5.117 Edge: 0.322 Con: 0.208 Cls: 1.190 Hist: 0.7568 Path: 0.3635 | 1.1s
  Epoch 434/800 | Total: 5.041 Edge: 0.324 Con: 0.208 Cls: 1.170 Hist: 0.7442 Path: 0.3602 | 1.1s
  Epoch 435/800 | Total: 5.030 Edge: 0.321 Con: 0.208 Cls: 1.169 Hist: 0.7439 Path: 0.3529 | Val F1: 0.4156 | 1.0s
  Epoch 436/800 | Total: 4.982 Edge: 0.317 Con: 0.205 Cls: 1.157 Hist: 0.7423 Path: 0.3509 | 1.1s
  Epoch 437/800 | Total: 5.049 Edge: 0.318 Con: 0.205 Cls: 1.174 Hist: 0.7583 Path: 0.3481 | 1.1s
  Epoch 438/800 | Total: 5.097 Edge: 0.315 Con: 0.207 Cls: 1.187 Hist: 0.7662 Path: 0.3498 | 1.1s
  Epoch 439/800 | Total: 5.143 Edge: 0.319 Con: 0.205 Cls: 1.204 Hist: 0.7634 Path: 0.3466 | 1.0s
  Epoch 440/800 | Total: 5.125 Edge: 0.340 Con: 0.209 Cls: 1.188 Hist: 0.7534 Path: 0.3622 | Val F1: 0.4193 | 1.1s
  Epoch 441/800 | Total: 5.040 Edge: 0.326 Con: 0.207 Cls: 1.170 Hist: 0.7461 Path: 0.3551 | 1.1s
  Epoch 442/800 | Total: 4.976 Edge: 0.316 Con: 0.206 Cls: 1.157 Hist: 0.7391 Path: 0.3471 | 1.0s
  Epoch 443/800 | Total: 4.925 Edge: 0.313 Con: 0.206 Cls: 1.143 Hist: 0.7338 Path: 0.3465 | 1.0s
  Epoch 444/800 | Total: 4.923 Edge: 0.310 Con: 0.206 Cls: 1.145 Hist: 0.7356 Path: 0.3394 | 1.1s
  Epoch 445/800 | Total: 4.982 Edge: 0.310 Con: 0.206 Cls: 1.162 Hist: 0.7406 Path: 0.3437 | Val F1: 0.4184 | 1.1s
  Epoch 446/800 | Total: 5.026 Edge: 0.313 Con: 0.206 Cls: 1.172 Hist: 0.7490 Path: 0.3439 | 1.1s
  Epoch 447/800 | Total: 4.971 Edge: 0.314 Con: 0.206 Cls: 1.154 Hist: 0.7415 Path: 0.3496 | 1.0s
  Epoch 448/800 | Total: 4.997 Edge: 0.317 Con: 0.207 Cls: 1.162 Hist: 0.7442 Path: 0.3467 | 1.1s
  Epoch 449/800 | Total: 4.981 Edge: 0.320 Con: 0.206 Cls: 1.158 Hist: 0.7401 Path: 0.3458 | 1.1s
  Epoch 450/800 | Total: 4.946 Edge: 0.317 Con: 0.207 Cls: 1.148 Hist: 0.7349 Path: 0.3474 | Val F1: 0.4342 | 1.1s
  Epoch 451/800 | Total: 4.909 Edge: 0.312 Con: 0.205 Cls: 1.138 Hist: 0.7327 Path: 0.3483 | 1.0s
  Epoch 452/800 | Total: 4.931 Edge: 0.315 Con: 0.206 Cls: 1.144 Hist: 0.7324 Path: 0.3501 | 1.0s
  Epoch 453/800 | Total: 4.960 Edge: 0.319 Con: 0.209 Cls: 1.148 Hist: 0.7344 Path: 0.3596 | 1.1s
  Epoch 454/800 | Total: 5.051 Edge: 0.321 Con: 0.207 Cls: 1.172 Hist: 0.7519 Path: 0.3586 | 1.1s
  Epoch 455/800 | Total: 5.115 Edge: 0.325 Con: 0.207 Cls: 1.189 Hist: 0.7600 Path: 0.3605 | Val F1: 0.4110 | 1.1s
  Epoch 456/800 | Total: 5.108 Edge: 0.324 Con: 0.204 Cls: 1.188 Hist: 0.7616 Path: 0.3561 | 1.0s
  Epoch 457/800 | Total: 5.093 Edge: 0.323 Con: 0.207 Cls: 1.188 Hist: 0.7539 Path: 0.3496 | 1.1s
  Epoch 458/800 | Total: 5.105 Edge: 0.329 Con: 0.206 Cls: 1.185 Hist: 0.7553 Path: 0.3612 | 1.1s
  Epoch 459/800 | Total: 5.090 Edge: 0.322 Con: 0.207 Cls: 1.182 Hist: 0.7591 Path: 0.3580 | 1.1s
  Epoch 460/800 | Total: 5.122 Edge: 0.321 Con: 0.208 Cls: 1.191 Hist: 0.7597 Path: 0.3629 | Val F1: 0.4143 | 1.0s
  Epoch 461/800 | Total: 5.041 Edge: 0.317 Con: 0.208 Cls: 1.172 Hist: 0.7489 Path: 0.3526 | 1.1s
  Epoch 462/800 | Total: 5.004 Edge: 0.314 Con: 0.207 Cls: 1.161 Hist: 0.7463 Path: 0.3558 | 1.1s
  Epoch 463/800 | Total: 4.966 Edge: 0.313 Con: 0.204 Cls: 1.155 Hist: 0.7428 Path: 0.3433 | 1.1s
  Epoch 464/800 | Total: 4.926 Edge: 0.312 Con: 0.205 Cls: 1.145 Hist: 0.7330 Path: 0.3427 | 1.1s
  Epoch 465/800 | Total: 4.940 Edge: 0.311 Con: 0.204 Cls: 1.150 Hist: 0.7333 Path: 0.3425 | Val F1: 0.4346 | 1.1s
  Epoch 466/800 | Total: 4.928 Edge: 0.312 Con: 0.207 Cls: 1.146 Hist: 0.7315 Path: 0.3443 | 1.1s
  Epoch 467/800 | Total: 4.923 Edge: 0.312 Con: 0.205 Cls: 1.144 Hist: 0.7315 Path: 0.3441 | 1.1s
  Epoch 468/800 | Total: 4.949 Edge: 0.312 Con: 0.208 Cls: 1.150 Hist: 0.7378 Path: 0.3454 | 1.0s
  Epoch 469/800 | Total: 4.911 Edge: 0.312 Con: 0.208 Cls: 1.140 Hist: 0.7272 Path: 0.3477 | 1.1s
  Epoch 470/800 | Total: 4.907 Edge: 0.317 Con: 0.205 Cls: 1.137 Hist: 0.7295 Path: 0.3456 | Val F1: 0.4274 | 1.1s
  Epoch 471/800 | Total: 4.942 Edge: 0.317 Con: 0.205 Cls: 1.148 Hist: 0.7323 Path: 0.3471 | 1.2s
  Epoch 472/800 | Total: 4.944 Edge: 0.312 Con: 0.208 Cls: 1.150 Hist: 0.7341 Path: 0.3429 | 1.0s
  Epoch 473/800 | Total: 5.045 Edge: 0.318 Con: 0.207 Cls: 1.172 Hist: 0.7517 Path: 0.3552 | 1.1s
  Epoch 474/800 | Total: 5.628 Edge: 0.335 Con: 0.214 Cls: 1.326 Hist: 0.8305 Path: 0.3762 | 1.1s
  Epoch 475/800 | Total: 5.677 Edge: 0.343 Con: 0.217 Cls: 1.325 Hist: 0.8606 Path: 0.3886 | Val F1: 0.3909 | 1.1s
  Epoch 476/800 | Total: 5.426 Edge: 0.337 Con: 0.214 Cls: 1.261 Hist: 0.8064 Path: 0.3911 | 1.0s
  Epoch 477/800 | Total: 5.205 Edge: 0.328 Con: 0.213 Cls: 1.208 Hist: 0.7727 Path: 0.3729 | 1.1s
  Epoch 478/800 | Total: 5.033 Edge: 0.320 Con: 0.209 Cls: 1.168 Hist: 0.7444 Path: 0.3593 | 1.1s
  Epoch 479/800 | Total: 4.944 Edge: 0.315 Con: 0.206 Cls: 1.149 Hist: 0.7287 Path: 0.3499 | 1.1s
  Epoch 480/800 | Total: 4.952 Edge: 0.318 Con: 0.207 Cls: 1.148 Hist: 0.7332 Path: 0.3540 | Val F1: 0.4292 | 1.1s
  Epoch 481/800 | Total: 4.914 Edge: 0.313 Con: 0.206 Cls: 1.140 Hist: 0.7321 Path: 0.3447 | 1.1s
  Epoch 482/800 | Total: 4.903 Edge: 0.307 Con: 0.207 Cls: 1.142 Hist: 0.7266 Path: 0.3388 | 1.1s
  Epoch 483/800 | Total: 4.879 Edge: 0.310 Con: 0.207 Cls: 1.132 Hist: 0.7274 Path: 0.3417 | 1.1s
  Epoch 484/800 | Total: 4.867 Edge: 0.310 Con: 0.205 Cls: 1.131 Hist: 0.7219 Path: 0.3393 | 1.1s
  Epoch 485/800 | Total: 4.856 Edge: 0.308 Con: 0.206 Cls: 1.128 Hist: 0.7239 Path: 0.3376 | Val F1: 0.4269 | 1.0s
  Epoch 486/800 | Total: 4.901 Edge: 0.310 Con: 0.207 Cls: 1.140 Hist: 0.7266 Path: 0.3408 | 1.1s
  Epoch 487/800 | Total: 4.889 Edge: 0.307 Con: 0.206 Cls: 1.137 Hist: 0.7285 Path: 0.3397 | 1.1s
  Epoch 488/800 | Total: 4.863 Edge: 0.311 Con: 0.205 Cls: 1.126 Hist: 0.7272 Path: 0.3427 | 1.1s
  Epoch 489/800 | Total: 4.908 Edge: 0.311 Con: 0.205 Cls: 1.144 Hist: 0.7257 Path: 0.3376 | 1.1s
  Epoch 490/800 | Total: 4.930 Edge: 0.312 Con: 0.205 Cls: 1.147 Hist: 0.7319 Path: 0.3428 | Val F1: 0.4322 | 1.1s
  Epoch 491/800 | Total: 4.909 Edge: 0.309 Con: 0.208 Cls: 1.141 Hist: 0.7330 Path: 0.3404 | 1.1s
  Epoch 492/800 | Total: 4.927 Edge: 0.308 Con: 0.207 Cls: 1.148 Hist: 0.7356 Path: 0.3366 | 1.1s
  Epoch 493/800 | Total: 4.922 Edge: 0.311 Con: 0.208 Cls: 1.145 Hist: 0.7327 Path: 0.3392 | 1.1s
  Epoch 494/800 | Total: 4.964 Edge: 0.320 Con: 0.206 Cls: 1.151 Hist: 0.7390 Path: 0.3487 | 1.1s
  Epoch 495/800 | Total: 4.958 Edge: 0.318 Con: 0.207 Cls: 1.150 Hist: 0.7360 Path: 0.3500 | Val F1: 0.4290 | 1.1s
  Epoch 496/800 | Total: 4.905 Edge: 0.315 Con: 0.205 Cls: 1.135 Hist: 0.7294 Path: 0.3522 | 1.1s
  Epoch 497/800 | Total: 4.837 Edge: 0.310 Con: 0.204 Cls: 1.121 Hist: 0.7199 Path: 0.3426 | 1.1s
  Epoch 498/800 | Total: 4.829 Edge: 0.307 Con: 0.206 Cls: 1.121 Hist: 0.7171 Path: 0.3383 | 1.1s
  Epoch 499/800 | Total: 4.891 Edge: 0.306 Con: 0.206 Cls: 1.139 Hist: 0.7265 Path: 0.3380 | 1.1s
  Epoch 500/800 | Total: 4.910 Edge: 0.310 Con: 0.206 Cls: 1.141 Hist: 0.7295 Path: 0.3429 | Val F1: 0.4255 | 1.1s
  Epoch 501/800 | Total: 4.892 Edge: 0.314 Con: 0.208 Cls: 1.137 Hist: 0.7256 Path: 0.3374 | 1.1s
  Epoch 502/800 | Total: 5.107 Edge: 0.325 Con: 0.208 Cls: 1.189 Hist: 0.7599 Path: 0.3503 | 1.1s
  Epoch 503/800 | Total: 5.013 Edge: 0.315 Con: 0.209 Cls: 1.167 Hist: 0.7453 Path: 0.3474 | 1.1s
  Epoch 504/800 | Total: 4.923 Edge: 0.311 Con: 0.208 Cls: 1.143 Hist: 0.7324 Path: 0.3482 | 1.1s
  Epoch 505/800 | Total: 4.939 Edge: 0.310 Con: 0.207 Cls: 1.148 Hist: 0.7392 Path: 0.3417 | Val F1: 0.4297 | 1.0s
  Epoch 506/800 | Total: 4.884 Edge: 0.309 Con: 0.205 Cls: 1.135 Hist: 0.7241 Path: 0.3428 | 1.1s
  Epoch 507/800 | Total: 4.874 Edge: 0.311 Con: 0.207 Cls: 1.130 Hist: 0.7262 Path: 0.3413 | 1.1s
  Epoch 508/800 | Total: 4.926 Edge: 0.314 Con: 0.207 Cls: 1.146 Hist: 0.7289 Path: 0.3415 | 1.1s
  Epoch 509/800 | Total: 4.910 Edge: 0.313 Con: 0.205 Cls: 1.141 Hist: 0.7302 Path: 0.3401 | 1.1s
  Epoch 510/800 | Total: 4.876 Edge: 0.311 Con: 0.206 Cls: 1.134 Hist: 0.7213 Path: 0.3378 | Val F1: 0.4396 | 1.1s
  Epoch 511/800 | Total: 4.894 Edge: 0.316 Con: 0.206 Cls: 1.137 Hist: 0.7280 Path: 0.3353 | 1.1s
  Epoch 512/800 | Total: 4.922 Edge: 0.320 Con: 0.206 Cls: 1.143 Hist: 0.7258 Path: 0.3443 | 1.1s
  Epoch 513/800 | Total: 4.987 Edge: 0.323 Con: 0.207 Cls: 1.155 Hist: 0.7416 Path: 0.3558 | 1.0s
  Epoch 514/800 | Total: 4.947 Edge: 0.322 Con: 0.208 Cls: 1.144 Hist: 0.7354 Path: 0.3545 | 1.1s
  Epoch 515/800 | Total: 4.860 Edge: 0.312 Con: 0.205 Cls: 1.127 Hist: 0.7211 Path: 0.3428 | Val F1: 0.4340 | 1.1s
  Epoch 516/800 | Total: 4.895 Edge: 0.315 Con: 0.207 Cls: 1.133 Hist: 0.7291 Path: 0.3469 | 1.1s
  Epoch 517/800 | Total: 4.919 Edge: 0.309 Con: 0.206 Cls: 1.144 Hist: 0.7324 Path: 0.3427 | 1.1s
  Epoch 518/800 | Total: 4.924 Edge: 0.309 Con: 0.206 Cls: 1.145 Hist: 0.7316 Path: 0.3439 | 1.1s
  Epoch 519/800 | Total: 4.923 Edge: 0.309 Con: 0.209 Cls: 1.144 Hist: 0.7341 Path: 0.3441 | 1.1s
  Epoch 520/800 | Total: 5.023 Edge: 0.313 Con: 0.208 Cls: 1.171 Hist: 0.7478 Path: 0.3466 | Val F1: 0.4317 | 1.1s
  Epoch 521/800 | Total: 4.978 Edge: 0.314 Con: 0.207 Cls: 1.157 Hist: 0.7455 Path: 0.3453 | 1.1s
  Epoch 522/800 | Total: 4.941 Edge: 0.315 Con: 0.208 Cls: 1.147 Hist: 0.7354 Path: 0.3456 | 1.1s
  Epoch 523/800 | Total: 5.004 Edge: 0.311 Con: 0.206 Cls: 1.164 Hist: 0.7467 Path: 0.3508 | 1.1s
  Epoch 524/800 | Total: 4.933 Edge: 0.312 Con: 0.206 Cls: 1.147 Hist: 0.7336 Path: 0.3423 | 1.1s
  Epoch 525/800 | Total: 4.914 Edge: 0.309 Con: 0.207 Cls: 1.143 Hist: 0.7305 Path: 0.3408 | Val F1: 0.4398 | 1.1s
  Epoch 526/800 | Total: 4.882 Edge: 0.310 Con: 0.207 Cls: 1.134 Hist: 0.7267 Path: 0.3396 | 1.1s
  Epoch 527/800 | Total: 4.860 Edge: 0.306 Con: 0.207 Cls: 1.129 Hist: 0.7248 Path: 0.3383 | 1.1s
  Epoch 528/800 | Total: 4.860 Edge: 0.306 Con: 0.208 Cls: 1.129 Hist: 0.7251 Path: 0.3379 | 1.1s
  Epoch 529/800 | Total: 4.830 Edge: 0.307 Con: 0.206 Cls: 1.120 Hist: 0.7219 Path: 0.3397 | 1.1s
  Epoch 530/800 | Total: 4.841 Edge: 0.307 Con: 0.206 Cls: 1.126 Hist: 0.7208 Path: 0.3333 | Val F1: 0.4347 | 1.0s
  Epoch 531/800 | Total: 4.867 Edge: 0.307 Con: 0.205 Cls: 1.133 Hist: 0.7251 Path: 0.3337 | 1.1s
  Epoch 532/800 | Total: 4.924 Edge: 0.313 Con: 0.207 Cls: 1.142 Hist: 0.7393 Path: 0.3432 | 1.1s
  Epoch 533/800 | Total: 5.049 Edge: 0.317 Con: 0.206 Cls: 1.172 Hist: 0.7565 Path: 0.3570 | 1.1s
  Epoch 534/800 | Total: 4.991 Edge: 0.318 Con: 0.210 Cls: 1.153 Hist: 0.7378 Path: 0.3696 | 1.0s
  Epoch 535/800 | Total: 4.981 Edge: 0.320 Con: 0.206 Cls: 1.154 Hist: 0.7320 Path: 0.3639 | Val F1: 0.4269 | 1.1s
  Epoch 536/800 | Total: 4.912 Edge: 0.315 Con: 0.206 Cls: 1.138 Hist: 0.7281 Path: 0.3511 | 1.1s
  Epoch 537/800 | Total: 4.900 Edge: 0.312 Con: 0.205 Cls: 1.136 Hist: 0.7331 Path: 0.3453 | 1.1s
  Epoch 538/800 | Total: 4.909 Edge: 0.317 Con: 0.206 Cls: 1.137 Hist: 0.7299 Path: 0.3488 | 1.0s
  Epoch 539/800 | Total: 4.902 Edge: 0.316 Con: 0.208 Cls: 1.136 Hist: 0.7293 Path: 0.3456 | 1.1s
  Epoch 540/800 | Total: 4.874 Edge: 0.312 Con: 0.208 Cls: 1.130 Hist: 0.7253 Path: 0.3428 | Val F1: 0.4284 | 1.1s
  Epoch 541/800 | Total: 4.818 Edge: 0.308 Con: 0.205 Cls: 1.119 Hist: 0.7175 Path: 0.3339 | 1.1s
  Epoch 542/800 | Total: 4.873 Edge: 0.308 Con: 0.208 Cls: 1.132 Hist: 0.7260 Path: 0.3379 | 1.0s
  Epoch 543/800 | Total: 4.828 Edge: 0.309 Con: 0.206 Cls: 1.120 Hist: 0.7192 Path: 0.3366 | 1.1s
  Epoch 544/800 | Total: 4.823 Edge: 0.308 Con: 0.207 Cls: 1.119 Hist: 0.7194 Path: 0.3352 | 1.1s
  Epoch 545/800 | Total: 4.846 Edge: 0.307 Con: 0.206 Cls: 1.126 Hist: 0.7200 Path: 0.3371 | Val F1: 0.4397 | 1.1s
  Epoch 546/800 | Total: 4.885 Edge: 0.305 Con: 0.208 Cls: 1.135 Hist: 0.7370 Path: 0.3344 | 1.0s
  Epoch 547/800 | Total: 4.901 Edge: 0.304 Con: 0.207 Cls: 1.141 Hist: 0.7327 Path: 0.3369 | 1.1s
  Epoch 548/800 | Total: 4.900 Edge: 0.307 Con: 0.205 Cls: 1.139 Hist: 0.7353 Path: 0.3387 | 1.1s
  Epoch 549/800 | Total: 4.864 Edge: 0.308 Con: 0.207 Cls: 1.129 Hist: 0.7197 Path: 0.3444 | 1.1s
  Epoch 550/800 | Total: 4.878 Edge: 0.311 Con: 0.208 Cls: 1.133 Hist: 0.7216 Path: 0.3427 | Val F1: 0.4251 | 1.0s
  Epoch 551/800 | Total: 4.896 Edge: 0.313 Con: 0.209 Cls: 1.136 Hist: 0.7277 Path: 0.3427 | 1.1s
  Epoch 552/800 | Total: 4.930 Edge: 0.311 Con: 0.209 Cls: 1.146 Hist: 0.7368 Path: 0.3414 | 1.1s
  Epoch 553/800 | Total: 4.929 Edge: 0.310 Con: 0.209 Cls: 1.145 Hist: 0.7359 Path: 0.3431 | 1.1s
  Epoch 554/800 | Total: 5.014 Edge: 0.318 Con: 0.208 Cls: 1.164 Hist: 0.7478 Path: 0.3510 | 1.1s
  Epoch 555/800 | Total: 4.970 Edge: 0.316 Con: 0.207 Cls: 1.155 Hist: 0.7387 Path: 0.3460 | Val F1: 0.4315 | 1.0s
  Epoch 556/800 | Total: 4.852 Edge: 0.313 Con: 0.207 Cls: 1.122 Hist: 0.7178 Path: 0.3512 | 1.1s
  Epoch 557/800 | Total: 4.877 Edge: 0.308 Con: 0.208 Cls: 1.132 Hist: 0.7268 Path: 0.3437 | 1.1s
  Epoch 558/800 | Total: 4.826 Edge: 0.306 Con: 0.207 Cls: 1.122 Hist: 0.7187 Path: 0.3320 | 1.1s
  Epoch 559/800 | Total: 4.830 Edge: 0.303 Con: 0.206 Cls: 1.123 Hist: 0.7226 Path: 0.3324 | 1.0s
  Epoch 560/800 | Total: 4.812 Edge: 0.303 Con: 0.206 Cls: 1.117 Hist: 0.7184 Path: 0.3353 | Val F1: 0.4359 | 1.1s
  Epoch 561/800 | Total: 4.908 Edge: 0.306 Con: 0.207 Cls: 1.142 Hist: 0.7345 Path: 0.3372 | 1.1s
  Epoch 562/800 | Total: 5.108 Edge: 0.318 Con: 0.209 Cls: 1.191 Hist: 0.7618 Path: 0.3524 | 1.1s
  Epoch 563/800 | Total: 5.136 Edge: 0.325 Con: 0.208 Cls: 1.195 Hist: 0.7677 Path: 0.3559 | 1.0s
  Epoch 564/800 | Total: 5.055 Edge: 0.323 Con: 0.209 Cls: 1.176 Hist: 0.7484 Path: 0.3525 | 1.1s
  Epoch 565/800 | Total: 5.225 Edge: 0.328 Con: 0.211 Cls: 1.219 Hist: 0.7752 Path: 0.3605 | Val F1: 0.4171 | 1.1s
  Epoch 566/800 | Total: 5.388 Edge: 0.333 Con: 0.215 Cls: 1.257 Hist: 0.7980 Path: 0.3779 | 1.1s
  Epoch 567/800 | Total: 5.323 Edge: 0.332 Con: 0.213 Cls: 1.234 Hist: 0.8009 Path: 0.3811 | 1.0s
  Epoch 568/800 | Total: 5.142 Edge: 0.331 Con: 0.208 Cls: 1.187 Hist: 0.7689 Path: 0.3764 | 1.0s
  Epoch 569/800 | Total: 5.120 Edge: 0.336 Con: 0.211 Cls: 1.176 Hist: 0.7581 Path: 0.3910 | 1.1s
  Epoch 570/800 | Total: 5.019 Edge: 0.318 Con: 0.210 Cls: 1.166 Hist: 0.7416 Path: 0.3559 | Val F1: 0.4288 | 1.1s
  Epoch 571/800 | Total: 4.955 Edge: 0.312 Con: 0.207 Cls: 1.151 Hist: 0.7342 Path: 0.3531 | 1.0s
  Epoch 572/800 | Total: 4.903 Edge: 0.310 Con: 0.206 Cls: 1.137 Hist: 0.7324 Path: 0.3470 | 1.0s
  Epoch 573/800 | Total: 4.861 Edge: 0.309 Con: 0.205 Cls: 1.127 Hist: 0.7220 Path: 0.3451 | 1.1s
  Epoch 574/800 | Total: 4.855 Edge: 0.306 Con: 0.205 Cls: 1.129 Hist: 0.7220 Path: 0.3389 | 1.1s
  Epoch 575/800 | Total: 4.820 Edge: 0.307 Con: 0.206 Cls: 1.119 Hist: 0.7186 Path: 0.3346 | Val F1: 0.4344 | 1.1s
  Epoch 576/800 | Total: 4.787 Edge: 0.307 Con: 0.207 Cls: 1.110 Hist: 0.7147 Path: 0.3321 | 1.1s
  Epoch 577/800 | Total: 4.871 Edge: 0.307 Con: 0.206 Cls: 1.131 Hist: 0.7313 Path: 0.3355 | 1.1s
  Epoch 578/800 | Total: 4.860 Edge: 0.305 Con: 0.208 Cls: 1.131 Hist: 0.7216 Path: 0.3364 | 1.1s
  Epoch 579/800 | Total: 4.999 Edge: 0.311 Con: 0.208 Cls: 1.167 Hist: 0.7408 Path: 0.3423 | 1.0s
  Epoch 580/800 | Total: 5.008 Edge: 0.313 Con: 0.207 Cls: 1.167 Hist: 0.7421 Path: 0.3475 | Val F1: 0.4260 | 1.0s
  Epoch 581/800 | Total: 4.922 Edge: 0.314 Con: 0.206 Cls: 1.141 Hist: 0.7326 Path: 0.3501 | 1.1s
  Epoch 582/800 | Total: 4.942 Edge: 0.313 Con: 0.208 Cls: 1.144 Hist: 0.7409 Path: 0.3511 | 1.1s
  Epoch 583/800 | Total: 4.927 Edge: 0.307 Con: 0.207 Cls: 1.146 Hist: 0.7347 Path: 0.3424 | 1.1s
  Epoch 584/800 | Total: 4.868 Edge: 0.305 Con: 0.209 Cls: 1.129 Hist: 0.7283 Path: 0.3428 | 1.0s
  Epoch 585/800 | Total: 4.853 Edge: 0.302 Con: 0.208 Cls: 1.126 Hist: 0.7317 Path: 0.3360 | Val F1: 0.4360 | 1.1s
  Epoch 586/800 | Total: 4.832 Edge: 0.303 Con: 0.205 Cls: 1.123 Hist: 0.7187 Path: 0.3389 | 1.1s
  Epoch 587/800 | Total: 4.982 Edge: 0.309 Con: 0.207 Cls: 1.162 Hist: 0.7412 Path: 0.3434 | 1.1s
  Epoch 588/800 | Total: 4.906 Edge: 0.314 Con: 0.206 Cls: 1.139 Hist: 0.7239 Path: 0.3501 | 1.1s
  Epoch 589/800 | Total: 4.837 Edge: 0.312 Con: 0.209 Cls: 1.119 Hist: 0.7196 Path: 0.3437 | 1.1s
  Epoch 590/800 | Total: 4.835 Edge: 0.307 Con: 0.207 Cls: 1.123 Hist: 0.7225 Path: 0.3327 | Val F1: 0.4290 | 1.1s
  Epoch 591/800 | Total: 4.888 Edge: 0.311 Con: 0.205 Cls: 1.136 Hist: 0.7315 Path: 0.3357 | 1.1s
  Epoch 592/800 | Total: 4.895 Edge: 0.313 Con: 0.207 Cls: 1.137 Hist: 0.7335 Path: 0.3341 | 1.0s
  Epoch 593/800 | Total: 4.899 Edge: 0.310 Con: 0.207 Cls: 1.138 Hist: 0.7334 Path: 0.3379 | 1.1s
  Epoch 594/800 | Total: 4.821 Edge: 0.311 Con: 0.207 Cls: 1.118 Hist: 0.7159 Path: 0.3366 | 1.1s
  Epoch 595/800 | Total: 4.853 Edge: 0.307 Con: 0.206 Cls: 1.126 Hist: 0.7266 Path: 0.3398 | Val F1: 0.4350 | 1.1s
  Epoch 596/800 | Total: 4.797 Edge: 0.307 Con: 0.204 Cls: 1.113 Hist: 0.7132 Path: 0.3363 | 1.0s
  Epoch 597/800 | Total: 4.913 Edge: 0.305 Con: 0.208 Cls: 1.144 Hist: 0.7379 Path: 0.3358 | 1.1s
  Epoch 598/800 | Total: 4.906 Edge: 0.309 Con: 0.208 Cls: 1.141 Hist: 0.7323 Path: 0.3379 | 1.1s
  Epoch 599/800 | Total: 4.951 Edge: 0.315 Con: 0.209 Cls: 1.149 Hist: 0.7393 Path: 0.3447 | 1.2s
  Epoch 600/800 | Total: 4.933 Edge: 0.309 Con: 0.207 Cls: 1.144 Hist: 0.7421 Path: 0.3448 | Val F1: 0.4163 | 1.1s
  Epoch 601/800 | Total: 4.978 Edge: 0.311 Con: 0.211 Cls: 1.157 Hist: 0.7432 Path: 0.3467 | 1.1s
  Epoch 602/800 | Total: 4.913 Edge: 0.310 Con: 0.207 Cls: 1.142 Hist: 0.7304 Path: 0.3438 | 1.1s
  Epoch 603/800 | Total: 4.972 Edge: 0.312 Con: 0.209 Cls: 1.157 Hist: 0.7369 Path: 0.3461 | 1.1s
  Epoch 604/800 | Total: 5.025 Edge: 0.315 Con: 0.205 Cls: 1.171 Hist: 0.7501 Path: 0.3440 | 1.1s
  Epoch 605/800 | Total: 4.945 Edge: 0.315 Con: 0.206 Cls: 1.149 Hist: 0.7322 Path: 0.3494 | Val F1: 0.4319 | 1.1s
  Epoch 606/800 | Total: 4.910 Edge: 0.310 Con: 0.208 Cls: 1.141 Hist: 0.7330 Path: 0.3404 | 1.1s
  Epoch 607/800 | Total: 4.833 Edge: 0.310 Con: 0.208 Cls: 1.121 Hist: 0.7189 Path: 0.3357 | 1.1s
  Epoch 608/800 | Total: 4.819 Edge: 0.304 Con: 0.207 Cls: 1.120 Hist: 0.7176 Path: 0.3342 | 1.1s
  Epoch 609/800 | Total: 4.833 Edge: 0.308 Con: 0.206 Cls: 1.123 Hist: 0.7175 Path: 0.3345 | 1.0s
  Epoch 610/800 | Total: 4.810 Edge: 0.308 Con: 0.207 Cls: 1.115 Hist: 0.7126 Path: 0.3399 | Val F1: 0.4357 | 1.1s
  Epoch 611/800 | Total: 4.859 Edge: 0.308 Con: 0.208 Cls: 1.126 Hist: 0.7254 Path: 0.3438 | 1.1s
  Epoch 612/800 | Total: 4.810 Edge: 0.309 Con: 0.208 Cls: 1.116 Hist: 0.7122 Path: 0.3370 | 1.1s
  Epoch 613/800 | Total: 4.788 Edge: 0.306 Con: 0.206 Cls: 1.111 Hist: 0.7118 Path: 0.3358 | 1.0s
  Epoch 614/800 | Total: 4.820 Edge: 0.305 Con: 0.208 Cls: 1.120 Hist: 0.7163 Path: 0.3341 | 1.1s
  Epoch 615/800 | Total: 4.833 Edge: 0.307 Con: 0.207 Cls: 1.122 Hist: 0.7192 Path: 0.3363 | Val F1: 0.4362 | 1.1s
  Epoch 616/800 | Total: 4.801 Edge: 0.305 Con: 0.208 Cls: 1.114 Hist: 0.7161 Path: 0.3343 | 1.1s
  Epoch 617/800 | Total: 4.759 Edge: 0.300 Con: 0.206 Cls: 1.107 Hist: 0.7101 Path: 0.3267 | 1.0s
  Epoch 618/800 | Total: 4.743 Edge: 0.303 Con: 0.208 Cls: 1.100 Hist: 0.7079 Path: 0.3282 | 1.1s
  Epoch 619/800 | Total: 4.779 Edge: 0.304 Con: 0.206 Cls: 1.109 Hist: 0.7147 Path: 0.3305 | 1.1s
  Epoch 620/800 | Total: 4.826 Edge: 0.304 Con: 0.208 Cls: 1.123 Hist: 0.7186 Path: 0.3302 | Val F1: 0.4258 | 1.1s
  Epoch 621/800 | Total: 4.950 Edge: 0.309 Con: 0.208 Cls: 1.151 Hist: 0.7405 Path: 0.3424 | 1.0s
  Epoch 622/800 | Total: 4.926 Edge: 0.307 Con: 0.209 Cls: 1.146 Hist: 0.7390 Path: 0.3388 | 1.1s
  Epoch 623/800 | Total: 4.934 Edge: 0.311 Con: 0.209 Cls: 1.149 Hist: 0.7322 Path: 0.3386 | 1.1s
  Epoch 624/800 | Total: 4.907 Edge: 0.312 Con: 0.208 Cls: 1.137 Hist: 0.7320 Path: 0.3500 | 1.1s
  Epoch 625/800 | Total: 4.904 Edge: 0.313 Con: 0.207 Cls: 1.138 Hist: 0.7293 Path: 0.3460 | Val F1: 0.4311 | 1.1s
  Early stopping at epoch 625
  Best Val F1: 0.4398 | Test F1: 0.4358
  Total training time: 750.6s (12.5 min)

======================================================================
  Val  Macro-F1: 0.4398
  Test Macro-F1: 0.4358
  Test Accuracy: 0.6584
  Time: 752.7s
  Peak GPU mem: 1.31 GB
======================================================================

  Results saved to: results/NESS_ogbn-arxiv_MCAR_0.8_20260726_122445
