/home/erfan/MATE/venv/lib/python3.13/site-packages/outdated/__init__.py:36: UserWarning: pkg_resources is deprecated as an API. See https://setuptools.pypa.io/en/latest/pkg_resources.html. The pkg_resources package is slated for removal as early as 2025-11-30. Refrain from using this package or pin to Setuptools<81.
  from pkg_resources import parse_version
/home/erfan/MATE/ogbn_benchmarks/data_loader.py:96: UserWarning: Sparse invariant checks are implicitly disabled. Memory errors (e.g. SEGFAULT) will occur when operating on a sparse tensor which violates the invariants, but checks incur performance overhead. To silence this warning, explicitly opt in or out. See `torch.sparse.check_sparse_tensor_invariants.__doc__` for guidance.  (Triggered internally at /pytorch/aten/src/ATen/Context.cpp:760.)
  adj = torch.sparse_coo_tensor(edge_index, vals, (num_nodes, num_nodes)).coalesce()
======================================================================
  NESS | ogbn-arxiv | MCAR @ 80% | lr=0.001
======================================================================
[1/3] Loading ogbn-arxiv...
  169,343 nodes | 128 dims | 40 classes
[2/3] Simulating MCAR missingness...
Simulating MCAR missingness at 80% rate...
  MCAR: Uniform random selection
  Observable: 33,869 (20.0%)
  Masked: 135,474 (80.0%)
  Observable: 33,869 | Val: 67,737 | Test: 67,737
[3/3] Running NESS...
  Prefilling missing nodes via Feature Propagation (40 iters)...
  Computing neighbor label-histogram target (2-hop, observable labels)...
  Partitioning graph into 20 clusters (cache_device=gpu)...
  Cached 20 clusters
  Training NESS for up to 800 epochs (patience=20)...
  Epoch 1/800 | Total: 15.032 Edge: 0.691 Con: 0.602 Cls: 3.517 Hist: 2.7861 Path: 0.7020 | 10.4s
  Epoch 2/800 | Total: 13.292 Edge: 0.667 Con: 0.492 Cls: 3.104 Hist: 2.3820 Path: 0.6854 | 1.1s
  Epoch 3/800 | Total: 12.888 Edge: 0.634 Con: 0.403 Cls: 3.020 Hist: 2.3059 Path: 0.6857 | 1.0s
  Epoch 4/800 | Total: 12.533 Edge: 0.628 Con: 0.342 Cls: 2.951 Hist: 2.2038 Path: 0.6783 | 1.1s
  Epoch 5/800 | Total: 11.931 Edge: 0.650 Con: 0.307 Cls: 2.795 Hist: 2.0619 Path: 0.6806 | Val F1: 0.0249 | 1.0s
  Epoch 6/800 | Total: 11.146 Edge: 0.628 Con: 0.285 Cls: 2.605 Hist: 1.8610 Path: 0.6986 | 1.1s
  Epoch 7/800 | Total: 10.723 Edge: 0.628 Con: 0.273 Cls: 2.505 Hist: 1.7601 Path: 0.6821 | 1.1s
  Epoch 8/800 | Total: 10.286 Edge: 0.610 Con: 0.282 Cls: 2.406 Hist: 1.6658 Path: 0.6512 | 1.0s
  Epoch 9/800 | Total: 10.635 Edge: 0.586 Con: 0.257 Cls: 2.518 Hist: 1.7229 Path: 0.6426 | 1.1s
  Epoch 10/800 | Total: 9.844 Edge: 0.561 Con: 0.252 Cls: 2.314 Hist: 1.5877 Path: 0.6266 | Val F1: 0.0836 | 1.0s
  Epoch 11/800 | Total: 9.660 Edge: 0.553 Con: 0.240 Cls: 2.279 Hist: 1.5316 Path: 0.6184 | 1.0s
  Epoch 12/800 | Total: 9.372 Edge: 0.559 Con: 0.230 Cls: 2.205 Hist: 1.4616 Path: 0.6232 | 1.0s
  Epoch 13/800 | Total: 9.154 Edge: 0.557 Con: 0.230 Cls: 2.138 Hist: 1.4490 Path: 0.6186 | 1.0s
  Epoch 14/800 | Total: 9.126 Edge: 0.530 Con: 0.221 Cls: 2.136 Hist: 1.4631 Path: 0.6141 | 1.0s
  Epoch 15/800 | Total: 9.396 Edge: 0.506 Con: 0.216 Cls: 2.214 Hist: 1.5208 Path: 0.6188 | Val F1: 0.1383 | 1.1s
  Epoch 16/800 | Total: 9.387 Edge: 0.509 Con: 0.220 Cls: 2.217 Hist: 1.5097 Path: 0.6058 | 1.1s
  Epoch 17/800 | Total: 8.592 Edge: 0.519 Con: 0.215 Cls: 2.010 Hist: 1.3479 Path: 0.5882 | 1.1s
  Epoch 18/800 | Total: 8.611 Edge: 0.514 Con: 0.211 Cls: 2.012 Hist: 1.3765 Path: 0.5785 | 1.0s
  Epoch 19/800 | Total: 8.331 Edge: 0.489 Con: 0.209 Cls: 1.947 Hist: 1.3308 Path: 0.5660 | 1.1s
  Epoch 20/800 | Total: 8.820 Edge: 0.516 Con: 0.214 Cls: 2.072 Hist: 1.3993 Path: 0.5819 | Val F1: 0.1572 | 1.1s
  Epoch 21/800 | Total: 8.458 Edge: 0.533 Con: 0.214 Cls: 1.966 Hist: 1.3312 Path: 0.5877 | 1.1s
  Epoch 22/800 | Total: 8.099 Edge: 0.516 Con: 0.205 Cls: 1.878 Hist: 1.2754 Path: 0.5721 | 1.1s
  Epoch 23/800 | Total: 8.019 Edge: 0.496 Con: 0.206 Cls: 1.869 Hist: 1.2582 Path: 0.5534 | 1.0s
  Epoch 24/800 | Total: 7.903 Edge: 0.491 Con: 0.217 Cls: 1.840 Hist: 1.2309 Path: 0.5532 | 1.1s
  Epoch 25/800 | Total: 7.864 Edge: 0.488 Con: 0.204 Cls: 1.829 Hist: 1.2294 Path: 0.5587 | Val F1: 0.1935 | 1.1s
  Epoch 26/800 | Total: 7.862 Edge: 0.490 Con: 0.206 Cls: 1.834 Hist: 1.2177 Path: 0.5497 | 1.1s
  Epoch 27/800 | Total: 7.908 Edge: 0.516 Con: 0.202 Cls: 1.830 Hist: 1.2338 Path: 0.5672 | 1.1s
  Epoch 28/800 | Total: 7.910 Edge: 0.490 Con: 0.200 Cls: 1.845 Hist: 1.2428 Path: 0.5423 | 1.0s
  Epoch 29/800 | Total: 7.953 Edge: 0.501 Con: 0.212 Cls: 1.849 Hist: 1.2379 Path: 0.5618 | 1.1s
  Epoch 30/800 | Total: 7.779 Edge: 0.488 Con: 0.210 Cls: 1.805 Hist: 1.2082 Path: 0.5611 | Val F1: 0.2076 | 1.1s
  Epoch 31/800 | Total: 7.687 Edge: 0.482 Con: 0.202 Cls: 1.784 Hist: 1.1953 Path: 0.5552 | 1.1s
  Epoch 32/800 | Total: 7.516 Edge: 0.473 Con: 0.201 Cls: 1.748 Hist: 1.1621 Path: 0.5358 | 1.1s
  Epoch 33/800 | Total: 7.541 Edge: 0.475 Con: 0.198 Cls: 1.754 Hist: 1.1727 Path: 0.5341 | 1.0s
  Epoch 34/800 | Total: 7.688 Edge: 0.467 Con: 0.202 Cls: 1.804 Hist: 1.1840 Path: 0.5233 | 1.1s
  Epoch 35/800 | Total: 7.515 Edge: 0.465 Con: 0.195 Cls: 1.758 Hist: 1.1638 Path: 0.5132 | Val F1: 0.2014 | 1.1s
  Epoch 36/800 | Total: 7.342 Edge: 0.460 Con: 0.192 Cls: 1.714 Hist: 1.1367 Path: 0.5083 | 1.1s
  Epoch 37/800 | Total: 7.154 Edge: 0.453 Con: 0.195 Cls: 1.665 Hist: 1.0989 Path: 0.5109 | 1.1s
  Epoch 38/800 | Total: 7.279 Edge: 0.462 Con: 0.200 Cls: 1.697 Hist: 1.1065 Path: 0.5177 | 1.0s
  Epoch 39/800 | Total: 7.331 Edge: 0.456 Con: 0.200 Cls: 1.705 Hist: 1.1327 Path: 0.5253 | 1.1s
  Epoch 40/800 | Total: 7.177 Edge: 0.460 Con: 0.195 Cls: 1.668 Hist: 1.0943 Path: 0.5204 | Val F1: 0.2359 | 1.1s
  Epoch 41/800 | Total: 7.198 Edge: 0.458 Con: 0.194 Cls: 1.670 Hist: 1.1100 Path: 0.5226 | 1.0s
  Epoch 42/800 | Total: 7.390 Edge: 0.469 Con: 0.192 Cls: 1.723 Hist: 1.1412 Path: 0.5148 | 1.1s
  Epoch 43/800 | Total: 7.475 Edge: 0.455 Con: 0.197 Cls: 1.744 Hist: 1.1600 Path: 0.5284 | 1.0s
  Epoch 44/800 | Total: 7.207 Edge: 0.452 Con: 0.194 Cls: 1.680 Hist: 1.1013 Path: 0.5152 | 1.1s
  Epoch 45/800 | Total: 7.231 Edge: 0.465 Con: 0.195 Cls: 1.679 Hist: 1.1019 Path: 0.5281 | Val F1: 0.2328 | 1.0s
  Epoch 46/800 | Total: 7.194 Edge: 0.452 Con: 0.195 Cls: 1.677 Hist: 1.0982 Path: 0.5156 | 1.1s
  Epoch 47/800 | Total: 7.327 Edge: 0.451 Con: 0.190 Cls: 1.710 Hist: 1.1297 Path: 0.5208 | 1.0s
  Epoch 48/800 | Total: 6.965 Edge: 0.456 Con: 0.193 Cls: 1.616 Hist: 1.0521 Path: 0.5119 | 1.0s
  Epoch 49/800 | Total: 6.954 Edge: 0.439 Con: 0.188 Cls: 1.615 Hist: 1.0689 Path: 0.5052 | 1.0s
  Epoch 50/800 | Total: 7.248 Edge: 0.438 Con: 0.189 Cls: 1.704 Hist: 1.1079 Path: 0.4956 | Val F1: 0.2018 | 1.1s
  Epoch 51/800 | Total: 6.916 Edge: 0.448 Con: 0.185 Cls: 1.607 Hist: 1.0572 Path: 0.4975 | 1.1s
  Epoch 52/800 | Total: 6.923 Edge: 0.455 Con: 0.185 Cls: 1.603 Hist: 1.0629 Path: 0.5020 | 1.0s
  Epoch 53/800 | Total: 7.177 Edge: 0.466 Con: 0.189 Cls: 1.665 Hist: 1.1184 Path: 0.5019 | 1.0s
  Epoch 54/800 | Total: 6.988 Edge: 0.444 Con: 0.192 Cls: 1.625 Hist: 1.0730 Path: 0.4987 | 1.1s
  Epoch 55/800 | Total: 7.100 Edge: 0.466 Con: 0.193 Cls: 1.633 Hist: 1.0895 Path: 0.5485 | Val F1: 0.2320 | 1.1s
  Epoch 56/800 | Total: 7.071 Edge: 0.459 Con: 0.191 Cls: 1.636 Hist: 1.0807 Path: 0.5271 | 1.1s
  Epoch 57/800 | Total: 7.011 Edge: 0.465 Con: 0.190 Cls: 1.629 Hist: 1.0618 Path: 0.5020 | 1.1s
  Epoch 58/800 | Total: 6.905 Edge: 0.475 Con: 0.188 Cls: 1.594 Hist: 1.0510 Path: 0.5022 | 1.0s
  Epoch 59/800 | Total: 6.731 Edge: 0.452 Con: 0.192 Cls: 1.561 Hist: 1.0162 Path: 0.4842 | 1.0s
  Epoch 60/800 | Total: 6.608 Edge: 0.452 Con: 0.188 Cls: 1.528 Hist: 0.9873 Path: 0.4894 | Val F1: 0.2555 | 1.1s
  Epoch 61/800 | Total: 7.172 Edge: 0.445 Con: 0.186 Cls: 1.673 Hist: 1.1070 Path: 0.5090 | 1.1s
  Epoch 62/800 | Total: 7.029 Edge: 0.434 Con: 0.193 Cls: 1.646 Hist: 1.0692 Path: 0.4914 | 1.1s
  Epoch 63/800 | Total: 6.953 Edge: 0.440 Con: 0.193 Cls: 1.617 Hist: 1.0580 Path: 0.5086 | 1.1s
  Epoch 64/800 | Total: 6.851 Edge: 0.453 Con: 0.192 Cls: 1.589 Hist: 1.0481 Path: 0.4857 | 1.1s
  Epoch 65/800 | Total: 6.620 Edge: 0.434 Con: 0.187 Cls: 1.535 Hist: 0.9959 Path: 0.4907 | Val F1: 0.2660 | 1.1s
  Epoch 66/800 | Total: 6.636 Edge: 0.445 Con: 0.191 Cls: 1.537 Hist: 0.9997 Path: 0.4843 | 1.1s
  Epoch 67/800 | Total: 6.864 Edge: 0.455 Con: 0.187 Cls: 1.591 Hist: 1.0427 Path: 0.4986 | 1.0s
  Epoch 68/800 | Total: 7.001 Edge: 0.443 Con: 0.182 Cls: 1.636 Hist: 1.0633 Path: 0.4953 | 1.1s
  Epoch 69/800 | Total: 6.654 Edge: 0.436 Con: 0.193 Cls: 1.543 Hist: 1.0052 Path: 0.4880 | 1.1s
  Epoch 70/800 | Total: 6.762 Edge: 0.446 Con: 0.187 Cls: 1.569 Hist: 1.0294 Path: 0.4869 | Val F1: 0.2694 | 1.1s
  Epoch 71/800 | Total: 6.585 Edge: 0.450 Con: 0.189 Cls: 1.521 Hist: 0.9908 Path: 0.4869 | 1.0s
  Epoch 72/800 | Total: 6.500 Edge: 0.438 Con: 0.185 Cls: 1.504 Hist: 0.9803 Path: 0.4757 | 1.0s
  Epoch 73/800 | Total: 6.460 Edge: 0.437 Con: 0.183 Cls: 1.493 Hist: 0.9750 Path: 0.4763 | 1.1s
  Epoch 74/800 | Total: 6.544 Edge: 0.439 Con: 0.191 Cls: 1.509 Hist: 0.9953 Path: 0.4883 | 1.1s
  Epoch 75/800 | Total: 6.790 Edge: 0.442 Con: 0.180 Cls: 1.578 Hist: 1.0485 Path: 0.4748 | Val F1: 0.2729 | 1.0s
  Epoch 76/800 | Total: 6.543 Edge: 0.441 Con: 0.186 Cls: 1.510 Hist: 0.9957 Path: 0.4821 | 1.1s
  Epoch 77/800 | Total: 6.503 Edge: 0.425 Con: 0.192 Cls: 1.508 Hist: 0.9900 Path: 0.4693 | 1.0s
  Epoch 78/800 | Total: 6.565 Edge: 0.415 Con: 0.178 Cls: 1.534 Hist: 1.0056 Path: 0.4549 | 1.1s
  Epoch 79/800 | Total: 6.312 Edge: 0.417 Con: 0.185 Cls: 1.459 Hist: 0.9528 Path: 0.4709 | 1.1s
  Epoch 80/800 | Total: 6.357 Edge: 0.422 Con: 0.188 Cls: 1.471 Hist: 0.9504 Path: 0.4792 | Val F1: 0.2888 | 1.1s
  Epoch 81/800 | Total: 6.307 Edge: 0.414 Con: 0.184 Cls: 1.461 Hist: 0.9510 Path: 0.4668 | 1.1s
  Epoch 82/800 | Total: 6.370 Edge: 0.416 Con: 0.183 Cls: 1.478 Hist: 0.9592 Path: 0.4682 | 1.0s
  Epoch 83/800 | Total: 6.604 Edge: 0.430 Con: 0.187 Cls: 1.530 Hist: 1.0027 Path: 0.4879 | 1.1s
  Epoch 84/800 | Total: 6.661 Edge: 0.443 Con: 0.182 Cls: 1.546 Hist: 1.0024 Path: 0.4879 | 1.1s
  Epoch 85/800 | Total: 6.564 Edge: 0.432 Con: 0.186 Cls: 1.517 Hist: 0.9954 Path: 0.4920 | Val F1: 0.2826 | 1.0s
  Epoch 86/800 | Total: 6.563 Edge: 0.443 Con: 0.189 Cls: 1.519 Hist: 0.9943 Path: 0.4751 | 1.0s
  Epoch 87/800 | Total: 6.344 Edge: 0.418 Con: 0.182 Cls: 1.472 Hist: 0.9610 Path: 0.4588 | 1.0s
  Epoch 88/800 | Total: 6.271 Edge: 0.412 Con: 0.186 Cls: 1.450 Hist: 0.9435 Path: 0.4723 | 1.1s
  Epoch 89/800 | Total: 6.465 Edge: 0.413 Con: 0.184 Cls: 1.504 Hist: 0.9877 Path: 0.4603 | 1.0s
  Epoch 90/800 | Total: 6.501 Edge: 0.420 Con: 0.187 Cls: 1.513 Hist: 0.9861 Path: 0.4640 | Val F1: 0.3188 | 1.0s
  Epoch 91/800 | Total: 6.571 Edge: 0.424 Con: 0.180 Cls: 1.531 Hist: 1.0033 Path: 0.4608 | 1.1s
  Epoch 92/800 | Total: 6.628 Edge: 0.425 Con: 0.183 Cls: 1.548 Hist: 1.0038 Path: 0.4654 | 1.0s
  Epoch 93/800 | Total: 6.376 Edge: 0.414 Con: 0.177 Cls: 1.482 Hist: 0.9713 Path: 0.4561 | 1.1s
  Epoch 94/800 | Total: 6.517 Edge: 0.417 Con: 0.182 Cls: 1.520 Hist: 0.9954 Path: 0.4542 | 1.0s
  Epoch 95/800 | Total: 6.415 Edge: 0.420 Con: 0.188 Cls: 1.489 Hist: 0.9701 Path: 0.4639 | Val F1: 0.2854 | 1.0s
  Epoch 96/800 | Total: 6.475 Edge: 0.421 Con: 0.189 Cls: 1.508 Hist: 0.9734 Path: 0.4622 | 1.1s
  Epoch 97/800 | Total: 6.474 Edge: 0.433 Con: 0.189 Cls: 1.497 Hist: 0.9817 Path: 0.4758 | 1.0s
  Epoch 98/800 | Total: 6.518 Edge: 0.434 Con: 0.184 Cls: 1.510 Hist: 0.9932 Path: 0.4676 | 1.0s
  Epoch 99/800 | Total: 6.385 Edge: 0.421 Con: 0.190 Cls: 1.481 Hist: 0.9608 Path: 0.4644 | 1.0s
  Epoch 100/800 | Total: 6.271 Edge: 0.409 Con: 0.178 Cls: 1.458 Hist: 0.9485 Path: 0.4492 | Val F1: 0.3066 | 1.1s
  Epoch 101/800 | Total: 6.253 Edge: 0.409 Con: 0.182 Cls: 1.454 Hist: 0.9441 Path: 0.4484 | 1.0s
  Epoch 102/800 | Total: 6.326 Edge: 0.412 Con: 0.186 Cls: 1.468 Hist: 0.9621 Path: 0.4542 | 1.0s
  Epoch 103/800 | Total: 6.381 Edge: 0.421 Con: 0.190 Cls: 1.482 Hist: 0.9529 Path: 0.4657 | 1.1s
  Epoch 104/800 | Total: 6.772 Edge: 0.413 Con: 0.185 Cls: 1.588 Hist: 1.0352 Path: 0.4661 | 1.1s
  Epoch 105/800 | Total: 6.497 Edge: 0.435 Con: 0.188 Cls: 1.501 Hist: 0.9839 Path: 0.4809 | Val F1: 0.3043 | 1.0s
  Epoch 106/800 | Total: 6.504 Edge: 0.430 Con: 0.186 Cls: 1.509 Hist: 0.9793 Path: 0.4746 | 1.1s
  Epoch 107/800 | Total: 6.526 Edge: 0.431 Con: 0.186 Cls: 1.517 Hist: 0.9867 Path: 0.4651 | 1.0s
  Epoch 108/800 | Total: 6.433 Edge: 0.422 Con: 0.186 Cls: 1.497 Hist: 0.9725 Path: 0.4560 | 1.1s
  Epoch 109/800 | Total: 6.330 Edge: 0.416 Con: 0.187 Cls: 1.467 Hist: 0.9546 Path: 0.4636 | 1.1s
  Epoch 110/800 | Total: 6.238 Edge: 0.412 Con: 0.180 Cls: 1.446 Hist: 0.9418 Path: 0.4560 | Val F1: 0.2986 | 1.1s
  Epoch 111/800 | Total: 6.404 Edge: 0.409 Con: 0.183 Cls: 1.488 Hist: 0.9768 Path: 0.4623 | 1.1s
  Epoch 112/800 | Total: 6.214 Edge: 0.412 Con: 0.186 Cls: 1.441 Hist: 0.9327 Path: 0.4520 | 1.0s
  Epoch 113/800 | Total: 6.309 Edge: 0.404 Con: 0.181 Cls: 1.473 Hist: 0.9569 Path: 0.4389 | 1.1s
  Epoch 114/800 | Total: 6.476 Edge: 0.403 Con: 0.182 Cls: 1.521 Hist: 0.9744 Path: 0.4450 | 1.1s
  Epoch 115/800 | Total: 6.313 Edge: 0.405 Con: 0.179 Cls: 1.470 Hist: 0.9554 Path: 0.4526 | Val F1: 0.3020 | 1.1s
  Epoch 116/800 | Total: 6.250 Edge: 0.410 Con: 0.183 Cls: 1.450 Hist: 0.9431 Path: 0.4538 | 1.1s
  Epoch 117/800 | Total: 6.220 Edge: 0.413 Con: 0.182 Cls: 1.446 Hist: 0.9394 Path: 0.4403 | 1.1s
  Epoch 118/800 | Total: 6.129 Edge: 0.409 Con: 0.186 Cls: 1.421 Hist: 0.9164 Path: 0.4488 | 1.1s
  Epoch 119/800 | Total: 6.345 Edge: 0.402 Con: 0.183 Cls: 1.483 Hist: 0.9599 Path: 0.4419 | 1.1s
  Epoch 120/800 | Total: 6.297 Edge: 0.409 Con: 0.189 Cls: 1.468 Hist: 0.9434 Path: 0.4467 | Val F1: 0.3127 | 1.1s
  Epoch 121/800 | Total: 6.277 Edge: 0.422 Con: 0.182 Cls: 1.457 Hist: 0.9512 Path: 0.4421 | 1.1s
  Epoch 122/800 | Total: 6.441 Edge: 0.412 Con: 0.183 Cls: 1.504 Hist: 0.9764 Path: 0.4497 | 1.0s
  Epoch 123/800 | Total: 6.986 Edge: 0.408 Con: 0.181 Cls: 1.659 Hist: 1.0546 Path: 0.4542 | 1.0s
  Epoch 124/800 | Total: 6.431 Edge: 0.409 Con: 0.186 Cls: 1.500 Hist: 0.9769 Path: 0.4520 | 1.0s
  Epoch 125/800 | Total: 6.367 Edge: 0.425 Con: 0.179 Cls: 1.477 Hist: 0.9668 Path: 0.4533 | Val F1: 0.3232 | 1.1s
  Epoch 126/800 | Total: 6.197 Edge: 0.424 Con: 0.184 Cls: 1.436 Hist: 0.9319 Path: 0.4419 | 1.1s
  Epoch 127/800 | Total: 6.199 Edge: 0.419 Con: 0.190 Cls: 1.436 Hist: 0.9243 Path: 0.4512 | 1.0s
  Epoch 128/800 | Total: 6.359 Edge: 0.410 Con: 0.184 Cls: 1.481 Hist: 0.9581 Path: 0.4564 | 1.1s
  Epoch 129/800 | Total: 6.332 Edge: 0.414 Con: 0.180 Cls: 1.476 Hist: 0.9568 Path: 0.4429 | 1.1s
  Epoch 130/800 | Total: 6.410 Edge: 0.420 Con: 0.187 Cls: 1.491 Hist: 0.9795 Path: 0.4438 | Val F1: 0.3329 | 1.1s
  Epoch 131/800 | Total: 6.359 Edge: 0.410 Con: 0.185 Cls: 1.477 Hist: 0.9745 Path: 0.4507 | 1.1s
  Epoch 132/800 | Total: 6.250 Edge: 0.405 Con: 0.190 Cls: 1.449 Hist: 0.9477 Path: 0.4571 | 1.0s
  Epoch 133/800 | Total: 6.062 Edge: 0.399 Con: 0.183 Cls: 1.408 Hist: 0.9105 Path: 0.4377 | 1.0s
  Epoch 134/800 | Total: 6.091 Edge: 0.414 Con: 0.183 Cls: 1.415 Hist: 0.9087 Path: 0.4307 | 1.1s
  Epoch 135/800 | Total: 6.044 Edge: 0.408 Con: 0.183 Cls: 1.397 Hist: 0.9128 Path: 0.4398 | Val F1: 0.3313 | 1.0s
  Epoch 136/800 | Total: 6.013 Edge: 0.398 Con: 0.185 Cls: 1.391 Hist: 0.9003 Path: 0.4482 | 1.1s
  Epoch 137/800 | Total: 6.054 Edge: 0.398 Con: 0.179 Cls: 1.406 Hist: 0.9084 Path: 0.4393 | 1.1s
  Epoch 138/800 | Total: 6.064 Edge: 0.406 Con: 0.186 Cls: 1.406 Hist: 0.9114 Path: 0.4350 | 1.2s
  Epoch 139/800 | Total: 6.230 Edge: 0.418 Con: 0.190 Cls: 1.447 Hist: 0.9352 Path: 0.4405 | 1.2s
  Epoch 140/800 | Total: 6.097 Edge: 0.400 Con: 0.184 Cls: 1.418 Hist: 0.9119 Path: 0.4377 | Val F1: 0.3502 | 1.2s
  Epoch 141/800 | Total: 6.039 Edge: 0.396 Con: 0.182 Cls: 1.406 Hist: 0.9054 Path: 0.4299 | 1.2s
  Epoch 142/800 | Total: 6.185 Edge: 0.412 Con: 0.182 Cls: 1.433 Hist: 0.9280 Path: 0.4542 | 1.2s
  Epoch 143/800 | Total: 6.151 Edge: 0.397 Con: 0.184 Cls: 1.429 Hist: 0.9349 Path: 0.4393 | 1.3s
  Epoch 144/800 | Total: 6.061 Edge: 0.396 Con: 0.185 Cls: 1.407 Hist: 0.9209 Path: 0.4299 | 1.3s
  Epoch 145/800 | Total: 5.977 Edge: 0.404 Con: 0.180 Cls: 1.386 Hist: 0.8956 Path: 0.4285 | Val F1: 0.3369 | 1.2s
  Epoch 146/800 | Total: 6.063 Edge: 0.403 Con: 0.182 Cls: 1.409 Hist: 0.9098 Path: 0.4336 | 1.1s
  Epoch 147/800 | Total: 6.106 Edge: 0.399 Con: 0.185 Cls: 1.420 Hist: 0.9189 Path: 0.4350 | 1.1s
  Epoch 148/800 | Total: 6.128 Edge: 0.401 Con: 0.187 Cls: 1.420 Hist: 0.9253 Path: 0.4470 | 1.0s
  Epoch 149/800 | Total: 6.113 Edge: 0.398 Con: 0.179 Cls: 1.421 Hist: 0.9186 Path: 0.4438 | 1.1s
  Epoch 150/800 | Total: 6.107 Edge: 0.397 Con: 0.185 Cls: 1.418 Hist: 0.9143 Path: 0.4485 | Val F1: 0.3433 | 1.0s
  Epoch 151/800 | Total: 6.321 Edge: 0.396 Con: 0.189 Cls: 1.472 Hist: 0.9562 Path: 0.4567 | 1.1s
  Epoch 152/800 | Total: 6.283 Edge: 0.407 Con: 0.189 Cls: 1.460 Hist: 0.9568 Path: 0.4429 | 1.1s
  Epoch 153/800 | Total: 6.162 Edge: 0.402 Con: 0.184 Cls: 1.435 Hist: 0.9359 Path: 0.4273 | 1.0s
  Epoch 154/800 | Total: 6.071 Edge: 0.393 Con: 0.179 Cls: 1.413 Hist: 0.9156 Path: 0.4326 | 1.1s
  Epoch 155/800 | Total: 6.073 Edge: 0.398 Con: 0.183 Cls: 1.410 Hist: 0.9221 Path: 0.4320 | Val F1: 0.3371 | 1.1s
  Epoch 156/800 | Total: 6.041 Edge: 0.393 Con: 0.181 Cls: 1.404 Hist: 0.9084 Path: 0.4363 | 1.1s
  Epoch 157/800 | Total: 6.097 Edge: 0.400 Con: 0.188 Cls: 1.418 Hist: 0.9216 Path: 0.4284 | 1.1s
  Epoch 158/800 | Total: 6.032 Edge: 0.392 Con: 0.180 Cls: 1.404 Hist: 0.9125 Path: 0.4243 | 1.1s
  Epoch 159/800 | Total: 6.122 Edge: 0.398 Con: 0.187 Cls: 1.429 Hist: 0.9252 Path: 0.4189 | 1.1s
  Epoch 160/800 | Total: 5.976 Edge: 0.395 Con: 0.181 Cls: 1.390 Hist: 0.8943 Path: 0.4256 | Val F1: 0.3502 | 1.0s
  Epoch 161/800 | Total: 6.053 Edge: 0.422 Con: 0.188 Cls: 1.400 Hist: 0.9040 Path: 0.4338 | 1.1s
  Epoch 162/800 | Total: 6.056 Edge: 0.419 Con: 0.189 Cls: 1.398 Hist: 0.9039 Path: 0.4427 | 1.0s
  Epoch 163/800 | Total: 6.115 Edge: 0.405 Con: 0.189 Cls: 1.419 Hist: 0.9241 Path: 0.4335 | 1.0s
  Epoch 164/800 | Total: 5.896 Edge: 0.396 Con: 0.184 Cls: 1.365 Hist: 0.8748 Path: 0.4375 | 1.1s
  Epoch 165/800 | Total: 5.873 Edge: 0.383 Con: 0.177 Cls: 1.368 Hist: 0.8804 Path: 0.4158 | Val F1: 0.3622 | 1.1s
  Epoch 166/800 | Total: 5.950 Edge: 0.388 Con: 0.181 Cls: 1.385 Hist: 0.8956 Path: 0.4204 | 1.1s
  Epoch 167/800 | Total: 6.062 Edge: 0.396 Con: 0.188 Cls: 1.412 Hist: 0.9035 Path: 0.4318 | 1.0s
  Epoch 168/800 | Total: 6.172 Edge: 0.393 Con: 0.182 Cls: 1.445 Hist: 0.9287 Path: 0.4233 | 1.1s
  Epoch 169/800 | Total: 5.998 Edge: 0.391 Con: 0.185 Cls: 1.396 Hist: 0.9068 Path: 0.4205 | 1.1s
  Epoch 170/800 | Total: 6.083 Edge: 0.393 Con: 0.187 Cls: 1.418 Hist: 0.9176 Path: 0.4256 | Val F1: 0.3503 | 1.1s
  Epoch 171/800 | Total: 5.989 Edge: 0.391 Con: 0.182 Cls: 1.397 Hist: 0.8971 Path: 0.4197 | 1.1s
  Epoch 172/800 | Total: 6.172 Edge: 0.400 Con: 0.187 Cls: 1.439 Hist: 0.9394 Path: 0.4219 | 1.0s
  Epoch 173/800 | Total: 5.958 Edge: 0.401 Con: 0.183 Cls: 1.383 Hist: 0.8905 Path: 0.4273 | 1.1s
  Epoch 174/800 | Total: 6.030 Edge: 0.410 Con: 0.183 Cls: 1.399 Hist: 0.9057 Path: 0.4265 | 1.1s
  Epoch 175/800 | Total: 6.169 Edge: 0.397 Con: 0.182 Cls: 1.445 Hist: 0.9241 Path: 0.4213 | Val F1: 0.3294 | 1.1s
  Epoch 176/800 | Total: 6.013 Edge: 0.392 Con: 0.184 Cls: 1.400 Hist: 0.9053 Path: 0.4243 | 1.1s
  Epoch 177/800 | Total: 5.912 Edge: 0.391 Con: 0.186 Cls: 1.372 Hist: 0.8873 Path: 0.4236 | 1.0s
  Epoch 178/800 | Total: 6.181 Edge: 0.400 Con: 0.188 Cls: 1.437 Hist: 0.9305 Path: 0.4455 | 1.1s
  Epoch 179/800 | Total: 6.100 Edge: 0.411 Con: 0.191 Cls: 1.415 Hist: 0.9172 Path: 0.4313 | 1.1s
  Epoch 180/800 | Total: 6.048 Edge: 0.398 Con: 0.180 Cls: 1.408 Hist: 0.9075 Path: 0.4276 | Val F1: 0.3634 | 1.1s
  Epoch 181/800 | Total: 6.066 Edge: 0.399 Con: 0.184 Cls: 1.410 Hist: 0.9168 Path: 0.4279 | 1.1s
  Epoch 182/800 | Total: 6.275 Edge: 0.401 Con: 0.189 Cls: 1.464 Hist: 0.9540 Path: 0.4341 | 1.0s
  Epoch 183/800 | Total: 6.317 Edge: 0.402 Con: 0.190 Cls: 1.476 Hist: 0.9621 Path: 0.4314 | 1.1s
  Epoch 184/800 | Total: 6.152 Edge: 0.395 Con: 0.181 Cls: 1.435 Hist: 0.9198 Path: 0.4422 | 1.1s
  Epoch 185/800 | Total: 6.094 Edge: 0.399 Con: 0.186 Cls: 1.418 Hist: 0.9186 Path: 0.4284 | Val F1: 0.3477 | 1.1s
  Epoch 186/800 | Total: 5.942 Edge: 0.388 Con: 0.189 Cls: 1.382 Hist: 0.8924 Path: 0.4207 | 1.1s
  Epoch 187/800 | Total: 6.029 Edge: 0.382 Con: 0.180 Cls: 1.406 Hist: 0.9185 Path: 0.4186 | 1.0s
  Epoch 188/800 | Total: 5.885 Edge: 0.391 Con: 0.183 Cls: 1.365 Hist: 0.8847 Path: 0.4229 | 1.0s
  Epoch 189/800 | Total: 6.022 Edge: 0.398 Con: 0.188 Cls: 1.400 Hist: 0.9114 Path: 0.4190 | 1.1s
  Epoch 190/800 | Total: 5.825 Edge: 0.384 Con: 0.182 Cls: 1.353 Hist: 0.8735 Path: 0.4170 | Val F1: 0.3591 | 1.1s
  Epoch 191/800 | Total: 5.884 Edge: 0.399 Con: 0.183 Cls: 1.361 Hist: 0.8868 Path: 0.4231 | 1.1s
  Epoch 192/800 | Total: 5.800 Edge: 0.392 Con: 0.183 Cls: 1.342 Hist: 0.8668 Path: 0.4235 | 1.1s
  Epoch 193/800 | Total: 5.834 Edge: 0.392 Con: 0.184 Cls: 1.352 Hist: 0.8723 Path: 0.4223 | 1.1s
  Epoch 194/800 | Total: 5.706 Edge: 0.377 Con: 0.179 Cls: 1.325 Hist: 0.8456 Path: 0.4190 | 1.1s
  Epoch 195/800 | Total: 5.714 Edge: 0.372 Con: 0.183 Cls: 1.327 Hist: 0.8489 Path: 0.4189 | Val F1: 0.3644 | 1.1s
  Epoch 196/800 | Total: 5.938 Edge: 0.385 Con: 0.183 Cls: 1.383 Hist: 0.8976 Path: 0.4162 | 1.0s
  Epoch 197/800 | Total: 6.042 Edge: 0.397 Con: 0.186 Cls: 1.410 Hist: 0.9073 Path: 0.4143 | 1.1s
  Epoch 198/800 | Total: 6.000 Edge: 0.388 Con: 0.177 Cls: 1.401 Hist: 0.9045 Path: 0.4156 | 1.0s
  Epoch 199/800 | Total: 5.900 Edge: 0.391 Con: 0.185 Cls: 1.369 Hist: 0.8907 Path: 0.4176 | 1.1s
  Epoch 200/800 | Total: 6.014 Edge: 0.393 Con: 0.195 Cls: 1.399 Hist: 0.9130 Path: 0.4138 | Val F1: 0.3321 | 1.0s
  Epoch 201/800 | Total: 6.087 Edge: 0.401 Con: 0.187 Cls: 1.416 Hist: 0.9166 Path: 0.4285 | 1.0s
  Epoch 202/800 | Total: 6.043 Edge: 0.396 Con: 0.189 Cls: 1.406 Hist: 0.9093 Path: 0.4260 | 1.0s
  Epoch 203/800 | Total: 6.022 Edge: 0.386 Con: 0.181 Cls: 1.405 Hist: 0.9118 Path: 0.4207 | 1.1s
  Epoch 204/800 | Total: 6.013 Edge: 0.394 Con: 0.186 Cls: 1.395 Hist: 0.8999 Path: 0.4420 | 1.1s
  Epoch 205/800 | Total: 5.902 Edge: 0.380 Con: 0.180 Cls: 1.374 Hist: 0.8861 Path: 0.4230 | Val F1: 0.3484 | 1.1s
  Epoch 206/800 | Total: 5.929 Edge: 0.390 Con: 0.185 Cls: 1.382 Hist: 0.8831 Path: 0.4178 | 1.0s
  Epoch 207/800 | Total: 5.828 Edge: 0.381 Con: 0.182 Cls: 1.358 Hist: 0.8710 Path: 0.4126 | 1.1s
  Epoch 208/800 | Total: 5.771 Edge: 0.384 Con: 0.185 Cls: 1.338 Hist: 0.8645 Path: 0.4169 | 1.1s
  Epoch 209/800 | Total: 5.811 Edge: 0.383 Con: 0.183 Cls: 1.350 Hist: 0.8745 Path: 0.4140 | 1.1s
  Epoch 210/800 | Total: 5.967 Edge: 0.394 Con: 0.188 Cls: 1.389 Hist: 0.8967 Path: 0.4162 | Val F1: 0.3608 | 1.1s
  Epoch 211/800 | Total: 5.872 Edge: 0.391 Con: 0.182 Cls: 1.367 Hist: 0.8783 Path: 0.4116 | 1.1s
  Epoch 212/800 | Total: 5.811 Edge: 0.380 Con: 0.182 Cls: 1.351 Hist: 0.8792 Path: 0.4073 | 1.1s
  Epoch 213/800 | Total: 5.788 Edge: 0.377 Con: 0.184 Cls: 1.347 Hist: 0.8686 Path: 0.4084 | 1.1s
  Epoch 214/800 | Total: 5.964 Edge: 0.387 Con: 0.184 Cls: 1.392 Hist: 0.8969 Path: 0.4119 | 1.1s
  Epoch 215/800 | Total: 5.781 Edge: 0.389 Con: 0.189 Cls: 1.342 Hist: 0.8606 Path: 0.4101 | Val F1: 0.3599 | 1.1s
  Epoch 216/800 | Total: 5.713 Edge: 0.383 Con: 0.184 Cls: 1.327 Hist: 0.8510 Path: 0.4044 | 1.0s
  Epoch 217/800 | Total: 5.783 Edge: 0.376 Con: 0.184 Cls: 1.347 Hist: 0.8709 Path: 0.4042 | 1.1s
  Epoch 218/800 | Total: 5.886 Edge: 0.376 Con: 0.184 Cls: 1.374 Hist: 0.8900 Path: 0.4049 | 1.1s
  Epoch 219/800 | Total: 5.752 Edge: 0.372 Con: 0.184 Cls: 1.340 Hist: 0.8633 Path: 0.4059 | 1.1s
  Epoch 220/800 | Total: 5.827 Edge: 0.378 Con: 0.180 Cls: 1.358 Hist: 0.8672 Path: 0.4175 | Val F1: 0.3651 | 1.1s
  Epoch 221/800 | Total: 5.864 Edge: 0.384 Con: 0.187 Cls: 1.364 Hist: 0.8830 Path: 0.4114 | 1.1s
  Epoch 222/800 | Total: 5.929 Edge: 0.398 Con: 0.188 Cls: 1.370 Hist: 0.8784 Path: 0.4484 | 1.1s
  Epoch 223/800 | Total: 5.848 Edge: 0.376 Con: 0.185 Cls: 1.360 Hist: 0.8795 Path: 0.4182 | 1.1s
  Epoch 224/800 | Total: 5.899 Edge: 0.385 Con: 0.188 Cls: 1.373 Hist: 0.8875 Path: 0.4127 | 1.1s
  Epoch 225/800 | Total: 5.773 Edge: 0.393 Con: 0.187 Cls: 1.339 Hist: 0.8555 Path: 0.4162 | Val F1: 0.3594 | 1.0s
  Epoch 226/800 | Total: 5.855 Edge: 0.382 Con: 0.186 Cls: 1.363 Hist: 0.8767 Path: 0.4135 | 1.0s
  Epoch 227/800 | Total: 6.039 Edge: 0.386 Con: 0.186 Cls: 1.414 Hist: 0.9031 Path: 0.4133 | 1.0s
  Epoch 228/800 | Total: 5.862 Edge: 0.394 Con: 0.180 Cls: 1.362 Hist: 0.8757 Path: 0.4174 | 1.1s
  Epoch 229/800 | Total: 5.796 Edge: 0.380 Con: 0.181 Cls: 1.349 Hist: 0.8728 Path: 0.4066 | 1.0s
  Epoch 230/800 | Total: 5.872 Edge: 0.374 Con: 0.184 Cls: 1.370 Hist: 0.8946 Path: 0.4009 | Val F1: 0.3740 | 1.0s
  Epoch 231/800 | Total: 5.857 Edge: 0.371 Con: 0.183 Cls: 1.369 Hist: 0.8839 Path: 0.4035 | 1.0s
  Epoch 232/800 | Total: 5.725 Edge: 0.370 Con: 0.187 Cls: 1.333 Hist: 0.8576 Path: 0.4032 | 1.1s
  Epoch 233/800 | Total: 5.767 Edge: 0.373 Con: 0.188 Cls: 1.343 Hist: 0.8713 Path: 0.3990 | 1.0s
  Epoch 234/800 | Total: 5.798 Edge: 0.373 Con: 0.182 Cls: 1.354 Hist: 0.8777 Path: 0.3948 | 1.0s
  Epoch 235/800 | Total: 5.911 Edge: 0.385 Con: 0.186 Cls: 1.379 Hist: 0.8875 Path: 0.4085 | Val F1: 0.3622 | 1.1s
  Epoch 236/800 | Total: 5.934 Edge: 0.403 Con: 0.184 Cls: 1.377 Hist: 0.8897 Path: 0.4181 | 1.1s
  Epoch 237/800 | Total: 6.035 Edge: 0.394 Con: 0.184 Cls: 1.402 Hist: 0.9040 Path: 0.4383 | 1.1s
  Epoch 238/800 | Total: 6.168 Edge: 0.396 Con: 0.190 Cls: 1.439 Hist: 0.9247 Path: 0.4369 | 1.1s
  Epoch 239/800 | Total: 6.122 Edge: 0.384 Con: 0.181 Cls: 1.427 Hist: 0.9420 Path: 0.4248 | 1.1s
  Epoch 240/800 | Total: 5.755 Edge: 0.390 Con: 0.184 Cls: 1.330 Hist: 0.8653 Path: 0.4187 | Val F1: 0.3728 | 1.0s
  Epoch 241/800 | Total: 5.715 Edge: 0.392 Con: 0.185 Cls: 1.321 Hist: 0.8502 Path: 0.4157 | 1.1s
  Epoch 242/800 | Total: 5.784 Edge: 0.380 Con: 0.185 Cls: 1.344 Hist: 0.8682 Path: 0.4101 | 1.1s
  Epoch 243/800 | Total: 5.902 Edge: 0.384 Con: 0.190 Cls: 1.373 Hist: 0.8915 Path: 0.4121 | 1.1s
  Epoch 244/800 | Total: 5.709 Edge: 0.384 Con: 0.188 Cls: 1.323 Hist: 0.8495 Path: 0.4134 | 1.1s
  Epoch 245/800 | Total: 5.672 Edge: 0.372 Con: 0.182 Cls: 1.318 Hist: 0.8511 Path: 0.4031 | Val F1: 0.3772 | 1.0s
  Epoch 246/800 | Total: 5.714 Edge: 0.376 Con: 0.187 Cls: 1.329 Hist: 0.8578 Path: 0.3997 | 1.1s
  Epoch 247/800 | Total: 5.844 Edge: 0.395 Con: 0.192 Cls: 1.356 Hist: 0.8835 Path: 0.4022 | 1.1s
  Epoch 248/800 | Total: 5.749 Edge: 0.380 Con: 0.188 Cls: 1.334 Hist: 0.8685 Path: 0.4038 | 1.1s
  Epoch 249/800 | Total: 5.617 Edge: 0.368 Con: 0.178 Cls: 1.306 Hist: 0.8441 Path: 0.3966 | 1.1s
  Epoch 250/800 | Total: 5.622 Edge: 0.386 Con: 0.187 Cls: 1.303 Hist: 0.8357 Path: 0.3989 | Val F1: 0.3664 | 1.0s
  Epoch 251/800 | Total: 5.664 Edge: 0.383 Con: 0.186 Cls: 1.314 Hist: 0.8447 Path: 0.4010 | 1.1s
  Epoch 252/800 | Total: 5.726 Edge: 0.383 Con: 0.189 Cls: 1.329 Hist: 0.8560 Path: 0.4043 | 1.1s
  Epoch 253/800 | Total: 5.912 Edge: 0.372 Con: 0.179 Cls: 1.385 Hist: 0.8906 Path: 0.4035 | 1.1s
  Epoch 254/800 | Total: 5.747 Edge: 0.375 Con: 0.186 Cls: 1.336 Hist: 0.8620 Path: 0.4078 | 1.1s
  Epoch 255/800 | Total: 5.765 Edge: 0.370 Con: 0.186 Cls: 1.343 Hist: 0.8698 Path: 0.4042 | Val F1: 0.3640 | 1.1s
  Epoch 256/800 | Total: 5.691 Edge: 0.369 Con: 0.179 Cls: 1.328 Hist: 0.8514 Path: 0.3957 | 1.1s
  Epoch 257/800 | Total: 5.563 Edge: 0.366 Con: 0.184 Cls: 1.292 Hist: 0.8293 Path: 0.3989 | 1.1s
  Epoch 258/800 | Total: 5.712 Edge: 0.373 Con: 0.188 Cls: 1.329 Hist: 0.8578 Path: 0.3997 | 1.1s
  Epoch 259/800 | Total: 5.780 Edge: 0.378 Con: 0.185 Cls: 1.347 Hist: 0.8621 Path: 0.4064 | 1.1s
  Epoch 260/800 | Total: 5.748 Edge: 0.371 Con: 0.188 Cls: 1.339 Hist: 0.8583 Path: 0.4062 | Val F1: 0.3525 | 1.1s
  Epoch 261/800 | Total: 5.776 Edge: 0.377 Con: 0.185 Cls: 1.344 Hist: 0.8711 Path: 0.4027 | 1.1s
  Epoch 262/800 | Total: 5.869 Edge: 0.397 Con: 0.190 Cls: 1.360 Hist: 0.8761 Path: 0.4188 | 1.1s
  Epoch 263/800 | Total: 5.960 Edge: 0.392 Con: 0.186 Cls: 1.382 Hist: 0.8952 Path: 0.4341 | 1.1s
  Epoch 264/800 | Total: 5.966 Edge: 0.392 Con: 0.187 Cls: 1.385 Hist: 0.9039 Path: 0.4213 | 1.0s
  Epoch 265/800 | Total: 5.838 Edge: 0.407 Con: 0.187 Cls: 1.345 Hist: 0.8659 Path: 0.4372 | Val F1: 0.3763 | 1.1s
  Epoch 266/800 | Total: 5.640 Edge: 0.376 Con: 0.182 Cls: 1.306 Hist: 0.8375 Path: 0.4165 | 1.1s
  Epoch 267/800 | Total: 5.682 Edge: 0.370 Con: 0.185 Cls: 1.323 Hist: 0.8478 Path: 0.4022 | 1.0s
  Epoch 268/800 | Total: 5.759 Edge: 0.381 Con: 0.187 Cls: 1.333 Hist: 0.8687 Path: 0.4167 | 1.1s
  Epoch 269/800 | Total: 5.772 Edge: 0.378 Con: 0.186 Cls: 1.341 Hist: 0.8735 Path: 0.4044 | 1.0s
  Epoch 270/800 | Total: 5.727 Edge: 0.368 Con: 0.187 Cls: 1.334 Hist: 0.8602 Path: 0.4027 | Val F1: 0.3682 | 1.0s
  Epoch 271/800 | Total: 5.671 Edge: 0.374 Con: 0.183 Cls: 1.320 Hist: 0.8467 Path: 0.3978 | 1.1s
  Epoch 272/800 | Total: 5.633 Edge: 0.379 Con: 0.181 Cls: 1.307 Hist: 0.8365 Path: 0.4057 | 1.1s
  Epoch 273/800 | Total: 5.751 Edge: 0.373 Con: 0.181 Cls: 1.341 Hist: 0.8677 Path: 0.3978 | 1.1s
  Epoch 274/800 | Total: 5.654 Edge: 0.371 Con: 0.186 Cls: 1.315 Hist: 0.8494 Path: 0.3943 | 1.0s
  Epoch 275/800 | Total: 5.685 Edge: 0.366 Con: 0.184 Cls: 1.326 Hist: 0.8545 Path: 0.3953 | Val F1: 0.3462 | 1.1s
  Epoch 276/800 | Total: 5.997 Edge: 0.381 Con: 0.186 Cls: 1.403 Hist: 0.9039 Path: 0.4087 | 1.1s
  Epoch 277/800 | Total: 5.809 Edge: 0.377 Con: 0.184 Cls: 1.354 Hist: 0.8735 Path: 0.4053 | 1.0s
  Epoch 278/800 | Total: 5.912 Edge: 0.372 Con: 0.186 Cls: 1.381 Hist: 0.8917 Path: 0.4108 | 1.0s
  Epoch 279/800 | Total: 5.967 Edge: 0.373 Con: 0.185 Cls: 1.398 Hist: 0.9068 Path: 0.4015 | 1.0s
  Epoch 280/800 | Total: 5.825 Edge: 0.374 Con: 0.192 Cls: 1.358 Hist: 0.8765 Path: 0.4037 | Val F1: 0.3657 | 1.1s
  Epoch 281/800 | Total: 5.779 Edge: 0.383 Con: 0.192 Cls: 1.344 Hist: 0.8679 Path: 0.3981 | 1.1s
  Epoch 282/800 | Total: 5.819 Edge: 0.383 Con: 0.192 Cls: 1.351 Hist: 0.8852 Path: 0.4014 | 1.1s
  Epoch 283/800 | Total: 5.892 Edge: 0.378 Con: 0.189 Cls: 1.377 Hist: 0.8910 Path: 0.3987 | 1.1s
  Epoch 284/800 | Total: 5.938 Edge: 0.387 Con: 0.194 Cls: 1.384 Hist: 0.8975 Path: 0.4056 | 1.0s
  Epoch 285/800 | Total: 5.840 Edge: 0.378 Con: 0.183 Cls: 1.356 Hist: 0.9029 Path: 0.4005 | Val F1: 0.3556 | 1.1s
  Epoch 286/800 | Total: 5.680 Edge: 0.375 Con: 0.186 Cls: 1.321 Hist: 0.8562 Path: 0.3936 | 1.1s
  Epoch 287/800 | Total: 5.677 Edge: 0.376 Con: 0.192 Cls: 1.320 Hist: 0.8389 Path: 0.4064 | 1.1s
  Epoch 288/800 | Total: 5.714 Edge: 0.412 Con: 0.197 Cls: 1.318 Hist: 0.8494 Path: 0.3999 | 1.0s
  Epoch 289/800 | Total: 5.570 Edge: 0.368 Con: 0.177 Cls: 1.294 Hist: 0.8377 Path: 0.3944 | 1.1s
  Epoch 290/800 | Total: 5.581 Edge: 0.368 Con: 0.187 Cls: 1.296 Hist: 0.8368 Path: 0.3929 | Val F1: 0.3816 | 1.1s
  Epoch 291/800 | Total: 5.545 Edge: 0.372 Con: 0.191 Cls: 1.286 Hist: 0.8275 Path: 0.3904 | 1.1s
  Epoch 292/800 | Total: 5.601 Edge: 0.367 Con: 0.187 Cls: 1.302 Hist: 0.8428 Path: 0.3927 | 1.1s
  Epoch 293/800 | Total: 5.539 Edge: 0.374 Con: 0.190 Cls: 1.282 Hist: 0.8236 Path: 0.4005 | 1.0s
  Epoch 294/800 | Total: 5.581 Edge: 0.373 Con: 0.183 Cls: 1.291 Hist: 0.8273 Path: 0.4159 | 1.1s
  Epoch 295/800 | Total: 5.611 Edge: 0.364 Con: 0.186 Cls: 1.303 Hist: 0.8489 Path: 0.3974 | Val F1: 0.3749 | 1.1s
  Epoch 296/800 | Total: 5.486 Edge: 0.360 Con: 0.179 Cls: 1.276 Hist: 0.8149 Path: 0.3935 | 1.1s
  Epoch 297/800 | Total: 5.688 Edge: 0.379 Con: 0.194 Cls: 1.320 Hist: 0.8471 Path: 0.4054 | 1.1s
  Epoch 298/800 | Total: 5.638 Edge: 0.371 Con: 0.184 Cls: 1.309 Hist: 0.8439 Path: 0.4047 | 1.0s
  Epoch 299/800 | Total: 5.720 Edge: 0.370 Con: 0.192 Cls: 1.329 Hist: 0.8673 Path: 0.3998 | 1.1s
  Epoch 300/800 | Total: 5.657 Edge: 0.372 Con: 0.184 Cls: 1.313 Hist: 0.8552 Path: 0.4003 | Val F1: 0.3712 | 1.1s
  Epoch 301/800 | Total: 5.553 Edge: 0.361 Con: 0.180 Cls: 1.293 Hist: 0.8339 Path: 0.3886 | 1.1s
  Epoch 302/800 | Total: 5.661 Edge: 0.371 Con: 0.183 Cls: 1.317 Hist: 0.8511 Path: 0.3967 | 1.1s
  Epoch 303/800 | Total: 5.570 Edge: 0.366 Con: 0.184 Cls: 1.295 Hist: 0.8348 Path: 0.3925 | 1.0s
  Epoch 304/800 | Total: 5.630 Edge: 0.364 Con: 0.184 Cls: 1.312 Hist: 0.8481 Path: 0.3910 | 1.1s
  Epoch 305/800 | Total: 5.584 Edge: 0.374 Con: 0.187 Cls: 1.296 Hist: 0.8364 Path: 0.3916 | Val F1: 0.3804 | 1.1s
  Epoch 306/800 | Total: 5.466 Edge: 0.366 Con: 0.188 Cls: 1.268 Hist: 0.8113 Path: 0.3903 | 1.0s
  Epoch 307/800 | Total: 5.569 Edge: 0.382 Con: 0.195 Cls: 1.288 Hist: 0.8272 Path: 0.3985 | 1.1s
  Epoch 308/800 | Total: 5.747 Edge: 0.387 Con: 0.190 Cls: 1.332 Hist: 0.8603 Path: 0.4071 | 1.0s
  Epoch 309/800 | Total: 5.591 Edge: 0.370 Con: 0.185 Cls: 1.297 Hist: 0.8430 Path: 0.3959 | 1.1s
  Epoch 310/800 | Total: 5.681 Edge: 0.370 Con: 0.184 Cls: 1.323 Hist: 0.8546 Path: 0.3950 | Val F1: 0.3824 | 1.1s
  Epoch 311/800 | Total: 5.526 Edge: 0.364 Con: 0.185 Cls: 1.284 Hist: 0.8250 Path: 0.3912 | 1.1s
  Epoch 312/800 | Total: 5.711 Edge: 0.362 Con: 0.188 Cls: 1.334 Hist: 0.8620 Path: 0.3903 | 1.0s
  Epoch 313/800 | Total: 5.699 Edge: 0.368 Con: 0.190 Cls: 1.327 Hist: 0.8565 Path: 0.3995 | 1.0s
  Epoch 314/800 | Total: 5.809 Edge: 0.367 Con: 0.183 Cls: 1.357 Hist: 0.8877 Path: 0.3917 | 1.1s
  Epoch 315/800 | Total: 5.578 Edge: 0.361 Con: 0.187 Cls: 1.296 Hist: 0.8454 Path: 0.3885 | Val F1: 0.3852 | 1.0s
  Epoch 316/800 | Total: 5.655 Edge: 0.372 Con: 0.190 Cls: 1.317 Hist: 0.8472 Path: 0.3907 | 1.1s
  Epoch 317/800 | Total: 5.656 Edge: 0.369 Con: 0.192 Cls: 1.319 Hist: 0.8502 Path: 0.3837 | 1.1s
  Epoch 318/800 | Total: 5.605 Edge: 0.366 Con: 0.186 Cls: 1.309 Hist: 0.8361 Path: 0.3838 | 1.0s
  Epoch 319/800 | Total: 5.511 Edge: 0.368 Con: 0.184 Cls: 1.280 Hist: 0.8235 Path: 0.3868 | 1.1s
  Epoch 320/800 | Total: 5.643 Edge: 0.381 Con: 0.189 Cls: 1.310 Hist: 0.8431 Path: 0.3940 | Val F1: 0.3914 | 1.1s
  Epoch 321/800 | Total: 5.703 Edge: 0.373 Con: 0.181 Cls: 1.326 Hist: 0.8618 Path: 0.4004 | 1.1s
  Epoch 322/800 | Total: 5.703 Edge: 0.379 Con: 0.192 Cls: 1.320 Hist: 0.8576 Path: 0.4103 | 1.1s
  Epoch 323/800 | Total: 5.638 Edge: 0.374 Con: 0.189 Cls: 1.307 Hist: 0.8428 Path: 0.4040 | 1.0s
  Epoch 324/800 | Total: 5.533 Edge: 0.380 Con: 0.187 Cls: 1.278 Hist: 0.8293 Path: 0.3975 | 1.1s
  Epoch 325/800 | Total: 5.577 Edge: 0.368 Con: 0.184 Cls: 1.298 Hist: 0.8307 Path: 0.3922 | Val F1: 0.3692 | 1.1s
  Epoch 326/800 | Total: 5.696 Edge: 0.380 Con: 0.193 Cls: 1.326 Hist: 0.8527 Path: 0.3896 | 1.1s
  Epoch 327/800 | Total: 5.785 Edge: 0.378 Con: 0.189 Cls: 1.346 Hist: 0.8744 Path: 0.4004 | 1.1s
  Epoch 328/800 | Total: 5.673 Edge: 0.361 Con: 0.183 Cls: 1.319 Hist: 0.8624 Path: 0.3996 | 1.1s
  Epoch 329/800 | Total: 5.567 Edge: 0.363 Con: 0.183 Cls: 1.294 Hist: 0.8396 Path: 0.3899 | 1.1s
  Epoch 330/800 | Total: 5.594 Edge: 0.370 Con: 0.194 Cls: 1.295 Hist: 0.8476 Path: 0.3945 | Val F1: 0.3724 | 1.1s
  Epoch 331/800 | Total: 5.680 Edge: 0.368 Con: 0.195 Cls: 1.319 Hist: 0.8529 Path: 0.4039 | 1.1s
  Epoch 332/800 | Total: 5.566 Edge: 0.370 Con: 0.191 Cls: 1.291 Hist: 0.8361 Path: 0.3924 | 1.1s
  Epoch 333/800 | Total: 5.491 Edge: 0.364 Con: 0.183 Cls: 1.274 Hist: 0.8165 Path: 0.3975 | 1.1s
  Epoch 334/800 | Total: 5.581 Edge: 0.367 Con: 0.182 Cls: 1.297 Hist: 0.8376 Path: 0.3945 | 1.1s
  Epoch 335/800 | Total: 5.534 Edge: 0.366 Con: 0.190 Cls: 1.286 Hist: 0.8333 Path: 0.3835 | Val F1: 0.3869 | 1.1s
  Epoch 336/800 | Total: 5.629 Edge: 0.356 Con: 0.181 Cls: 1.317 Hist: 0.8466 Path: 0.3841 | 1.1s
  Epoch 337/800 | Total: 5.518 Edge: 0.369 Con: 0.191 Cls: 1.282 Hist: 0.8219 Path: 0.3845 | 1.0s
  Epoch 338/800 | Total: 5.491 Edge: 0.358 Con: 0.183 Cls: 1.279 Hist: 0.8203 Path: 0.3852 | 1.1s
  Epoch 339/800 | Total: 5.597 Edge: 0.373 Con: 0.193 Cls: 1.296 Hist: 0.8425 Path: 0.3976 | 1.1s
  Epoch 340/800 | Total: 5.798 Edge: 0.383 Con: 0.193 Cls: 1.343 Hist: 0.8836 Path: 0.4045 | Val F1: 0.3544 | 1.1s
  Epoch 341/800 | Total: 5.770 Edge: 0.377 Con: 0.186 Cls: 1.343 Hist: 0.8723 Path: 0.3997 | 1.1s
  Epoch 342/800 | Total: 5.865 Edge: 0.382 Con: 0.188 Cls: 1.366 Hist: 0.8915 Path: 0.3983 | 1.0s
  Epoch 343/800 | Total: 5.772 Edge: 0.384 Con: 0.198 Cls: 1.339 Hist: 0.8691 Path: 0.4020 | 1.1s
  Epoch 344/800 | Total: 5.643 Edge: 0.379 Con: 0.184 Cls: 1.311 Hist: 0.8402 Path: 0.3986 | 1.1s
  Epoch 345/800 | Total: 5.710 Edge: 0.377 Con: 0.191 Cls: 1.325 Hist: 0.8594 Path: 0.4025 | Val F1: 0.3815 | 1.1s
  Epoch 346/800 | Total: 5.599 Edge: 0.368 Con: 0.181 Cls: 1.300 Hist: 0.8450 Path: 0.3946 | 1.1s
  Epoch 347/800 | Total: 5.593 Edge: 0.360 Con: 0.188 Cls: 1.301 Hist: 0.8443 Path: 0.3917 | 1.0s
  Epoch 348/800 | Total: 5.592 Edge: 0.365 Con: 0.195 Cls: 1.300 Hist: 0.8394 Path: 0.3895 | 1.1s
  Epoch 349/800 | Total: 5.906 Edge: 0.363 Con: 0.186 Cls: 1.392 Hist: 0.8877 Path: 0.3869 | 1.0s
  Epoch 350/800 | Total: 5.837 Edge: 0.383 Con: 0.196 Cls: 1.360 Hist: 0.8752 Path: 0.4000 | Val F1: 0.3728 | 1.1s
  Epoch 351/800 | Total: 5.656 Edge: 0.384 Con: 0.195 Cls: 1.309 Hist: 0.8496 Path: 0.3983 | 1.1s
  Epoch 352/800 | Total: 5.592 Edge: 0.363 Con: 0.184 Cls: 1.304 Hist: 0.8358 Path: 0.3896 | 1.0s
  Epoch 353/800 | Total: 5.564 Edge: 0.365 Con: 0.183 Cls: 1.291 Hist: 0.8382 Path: 0.3960 | 1.1s
  Epoch 354/800 | Total: 5.681 Edge: 0.373 Con: 0.188 Cls: 1.323 Hist: 0.8541 Path: 0.3903 | 1.1s
  Epoch 355/800 | Total: 5.614 Edge: 0.367 Con: 0.188 Cls: 1.308 Hist: 0.8352 Path: 0.3930 | Val F1: 0.3688 | 1.1s
  Epoch 356/800 | Total: 5.544 Edge: 0.365 Con: 0.183 Cls: 1.290 Hist: 0.8214 Path: 0.3948 | 1.0s
  Epoch 357/800 | Total: 5.511 Edge: 0.365 Con: 0.187 Cls: 1.282 Hist: 0.8196 Path: 0.3864 | 1.1s
  Epoch 358/800 | Total: 5.598 Edge: 0.368 Con: 0.187 Cls: 1.304 Hist: 0.8312 Path: 0.3934 | 1.1s
  Epoch 359/800 | Total: 5.719 Edge: 0.360 Con: 0.185 Cls: 1.337 Hist: 0.8631 Path: 0.3915 | 1.1s
  Epoch 360/800 | Total: 5.683 Edge: 0.368 Con: 0.189 Cls: 1.326 Hist: 0.8565 Path: 0.3860 | Val F1: 0.3799 | 1.1s
  Epoch 361/800 | Total: 5.591 Edge: 0.367 Con: 0.187 Cls: 1.302 Hist: 0.8313 Path: 0.3935 | 1.0s
  Epoch 362/800 | Total: 5.453 Edge: 0.361 Con: 0.182 Cls: 1.270 Hist: 0.8103 Path: 0.3819 | 1.1s
  Epoch 363/800 | Total: 5.398 Edge: 0.364 Con: 0.184 Cls: 1.252 Hist: 0.7974 Path: 0.3889 | 1.1s
  Epoch 364/800 | Total: 5.437 Edge: 0.358 Con: 0.188 Cls: 1.263 Hist: 0.8133 Path: 0.3815 | 1.1s
  Epoch 365/800 | Total: 5.429 Edge: 0.355 Con: 0.183 Cls: 1.260 Hist: 0.8125 Path: 0.3894 | Val F1: 0.3817 | 1.1s
  Epoch 366/800 | Total: 5.521 Edge: 0.372 Con: 0.183 Cls: 1.281 Hist: 0.8221 Path: 0.3918 | 1.1s
  Epoch 367/800 | Total: 5.549 Edge: 0.357 Con: 0.178 Cls: 1.295 Hist: 0.8310 Path: 0.3860 | 1.1s
  Epoch 368/800 | Total: 5.639 Edge: 0.360 Con: 0.182 Cls: 1.317 Hist: 0.8567 Path: 0.3813 | 1.1s
  Epoch 369/800 | Total: 5.687 Edge: 0.369 Con: 0.190 Cls: 1.327 Hist: 0.8576 Path: 0.3841 | 1.1s
  Epoch 370/800 | Total: 5.592 Edge: 0.364 Con: 0.185 Cls: 1.303 Hist: 0.8432 Path: 0.3852 | Val F1: 0.3823 | 1.1s
  Epoch 371/800 | Total: 5.757 Edge: 0.371 Con: 0.186 Cls: 1.345 Hist: 0.8642 Path: 0.3919 | 1.1s
  Epoch 372/800 | Total: 5.797 Edge: 0.365 Con: 0.187 Cls: 1.361 Hist: 0.8536 Path: 0.4016 | 1.1s
  Epoch 373/800 | Total: 5.645 Edge: 0.377 Con: 0.185 Cls: 1.307 Hist: 0.8378 Path: 0.4180 | 1.1s
  Epoch 374/800 | Total: 5.632 Edge: 0.380 Con: 0.193 Cls: 1.307 Hist: 0.8417 Path: 0.3922 | 1.1s
  Epoch 375/800 | Total: 5.564 Edge: 0.362 Con: 0.189 Cls: 1.294 Hist: 0.8339 Path: 0.3903 | Val F1: 0.3819 | 1.1s
  Epoch 376/800 | Total: 5.636 Edge: 0.372 Con: 0.197 Cls: 1.313 Hist: 0.8409 Path: 0.3877 | 1.1s
  Epoch 377/800 | Total: 5.622 Edge: 0.367 Con: 0.188 Cls: 1.311 Hist: 0.8389 Path: 0.3880 | 1.1s
  Epoch 378/800 | Total: 5.577 Edge: 0.367 Con: 0.183 Cls: 1.298 Hist: 0.8346 Path: 0.3909 | 1.1s
  Epoch 379/800 | Total: 5.541 Edge: 0.368 Con: 0.184 Cls: 1.286 Hist: 0.8301 Path: 0.3924 | 1.0s
  Epoch 380/800 | Total: 5.471 Edge: 0.364 Con: 0.189 Cls: 1.269 Hist: 0.8203 Path: 0.3856 | Val F1: 0.3913 | 1.0s
  Epoch 381/800 | Total: 5.476 Edge: 0.378 Con: 0.188 Cls: 1.269 Hist: 0.8147 Path: 0.3835 | 1.1s
  Epoch 382/800 | Total: 5.663 Edge: 0.371 Con: 0.192 Cls: 1.320 Hist: 0.8506 Path: 0.3855 | 1.1s
  Epoch 383/800 | Total: 5.661 Edge: 0.375 Con: 0.193 Cls: 1.311 Hist: 0.8626 Path: 0.3928 | 1.1s
  Epoch 384/800 | Total: 5.610 Edge: 0.372 Con: 0.187 Cls: 1.303 Hist: 0.8449 Path: 0.3906 | 1.1s
  Epoch 385/800 | Total: 5.576 Edge: 0.372 Con: 0.192 Cls: 1.297 Hist: 0.8311 Path: 0.3869 | Val F1: 0.3980 | 1.1s
  Epoch 386/800 | Total: 5.470 Edge: 0.363 Con: 0.186 Cls: 1.270 Hist: 0.8207 Path: 0.3848 | 1.1s
  Epoch 387/800 | Total: 5.604 Edge: 0.370 Con: 0.186 Cls: 1.304 Hist: 0.8392 Path: 0.3886 | 1.1s
  Epoch 388/800 | Total: 5.646 Edge: 0.361 Con: 0.184 Cls: 1.319 Hist: 0.8450 Path: 0.3922 | 1.1s
  Epoch 389/800 | Total: 5.839 Edge: 0.393 Con: 0.191 Cls: 1.357 Hist: 0.8822 Path: 0.3977 | 1.1s
  Epoch 390/800 | Total: 5.633 Edge: 0.370 Con: 0.184 Cls: 1.310 Hist: 0.8529 Path: 0.3895 | Val F1: 0.3844 | 1.1s
  Epoch 391/800 | Total: 5.437 Edge: 0.380 Con: 0.183 Cls: 1.253 Hist: 0.8065 Path: 0.3994 | 1.1s
  Epoch 392/800 | Total: 5.601 Edge: 0.363 Con: 0.183 Cls: 1.302 Hist: 0.8545 Path: 0.3866 | 1.1s
  Epoch 393/800 | Total: 5.593 Edge: 0.366 Con: 0.191 Cls: 1.300 Hist: 0.8474 Path: 0.3830 | 1.1s
  Epoch 394/800 | Total: 5.535 Edge: 0.370 Con: 0.185 Cls: 1.286 Hist: 0.8301 Path: 0.3843 | 1.1s
  Epoch 395/800 | Total: 5.525 Edge: 0.360 Con: 0.188 Cls: 1.284 Hist: 0.8399 Path: 0.3795 | Val F1: 0.3828 | 1.1s
  Epoch 396/800 | Total: 5.634 Edge: 0.362 Con: 0.188 Cls: 1.315 Hist: 0.8497 Path: 0.3822 | 1.1s
  Epoch 397/800 | Total: 5.557 Edge: 0.357 Con: 0.183 Cls: 1.295 Hist: 0.8432 Path: 0.3807 | 1.1s
  Epoch 398/800 | Total: 5.635 Edge: 0.371 Con: 0.187 Cls: 1.312 Hist: 0.8396 Path: 0.3940 | 1.1s
  Epoch 399/800 | Total: 5.648 Edge: 0.367 Con: 0.184 Cls: 1.316 Hist: 0.8432 Path: 0.3975 | 1.1s
  Epoch 400/800 | Total: 5.566 Edge: 0.372 Con: 0.183 Cls: 1.293 Hist: 0.8378 Path: 0.3851 | Val F1: 0.3783 | 1.0s
  Epoch 401/800 | Total: 5.502 Edge: 0.359 Con: 0.187 Cls: 1.280 Hist: 0.8247 Path: 0.3835 | 1.0s
  Epoch 402/800 | Total: 5.527 Edge: 0.358 Con: 0.184 Cls: 1.288 Hist: 0.8354 Path: 0.3793 | 1.1s
  Epoch 403/800 | Total: 5.563 Edge: 0.367 Con: 0.189 Cls: 1.293 Hist: 0.8457 Path: 0.3779 | 1.0s
  Epoch 404/800 | Total: 5.643 Edge: 0.356 Con: 0.184 Cls: 1.315 Hist: 0.8601 Path: 0.3909 | 1.1s
  Epoch 405/800 | Total: 5.600 Edge: 0.369 Con: 0.193 Cls: 1.304 Hist: 0.8372 Path: 0.3849 | Val F1: 0.3698 | 1.1s
  Epoch 406/800 | Total: 5.589 Edge: 0.370 Con: 0.188 Cls: 1.300 Hist: 0.8371 Path: 0.3885 | 1.1s
  Epoch 407/800 | Total: 5.494 Edge: 0.370 Con: 0.188 Cls: 1.273 Hist: 0.8278 Path: 0.3833 | 1.1s
  Epoch 408/800 | Total: 5.432 Edge: 0.355 Con: 0.183 Cls: 1.263 Hist: 0.8175 Path: 0.3788 | 1.1s
  Epoch 409/800 | Total: 5.530 Edge: 0.369 Con: 0.193 Cls: 1.281 Hist: 0.8269 Path: 0.3940 | 1.1s
  Epoch 410/800 | Total: 5.419 Edge: 0.363 Con: 0.188 Cls: 1.256 Hist: 0.8112 Path: 0.3822 | Val F1: 0.3921 | 1.0s
  Epoch 411/800 | Total: 5.493 Edge: 0.354 Con: 0.185 Cls: 1.282 Hist: 0.8128 Path: 0.3899 | 1.1s
  Epoch 412/800 | Total: 5.514 Edge: 0.358 Con: 0.190 Cls: 1.283 Hist: 0.8217 Path: 0.3901 | 1.1s
  Epoch 413/800 | Total: 5.588 Edge: 0.366 Con: 0.188 Cls: 1.304 Hist: 0.8315 Path: 0.3854 | 1.1s
  Epoch 414/800 | Total: 5.592 Edge: 0.368 Con: 0.181 Cls: 1.300 Hist: 0.8422 Path: 0.3924 | 1.1s
  Epoch 415/800 | Total: 5.452 Edge: 0.368 Con: 0.184 Cls: 1.263 Hist: 0.8145 Path: 0.3885 | Val F1: 0.3762 | 1.1s
  Epoch 416/800 | Total: 5.435 Edge: 0.356 Con: 0.190 Cls: 1.262 Hist: 0.8181 Path: 0.3788 | 1.1s
  Epoch 417/800 | Total: 5.417 Edge: 0.357 Con: 0.182 Cls: 1.263 Hist: 0.8046 Path: 0.3757 | 1.1s
  Epoch 418/800 | Total: 5.441 Edge: 0.357 Con: 0.184 Cls: 1.266 Hist: 0.8154 Path: 0.3790 | 1.1s
  Epoch 419/800 | Total: 5.447 Edge: 0.363 Con: 0.188 Cls: 1.266 Hist: 0.8142 Path: 0.3783 | 1.0s
  Epoch 420/800 | Total: 5.415 Edge: 0.354 Con: 0.184 Cls: 1.260 Hist: 0.8143 Path: 0.3757 | Val F1: 0.3962 | 1.1s
  Epoch 421/800 | Total: 5.399 Edge: 0.365 Con: 0.192 Cls: 1.251 Hist: 0.8053 Path: 0.3785 | 1.1s
  Epoch 422/800 | Total: 5.543 Edge: 0.355 Con: 0.181 Cls: 1.296 Hist: 0.8322 Path: 0.3767 | 1.1s
  Epoch 423/800 | Total: 5.533 Edge: 0.372 Con: 0.191 Cls: 1.284 Hist: 0.8306 Path: 0.3835 | 1.1s
  Epoch 424/800 | Total: 5.391 Edge: 0.362 Con: 0.190 Cls: 1.251 Hist: 0.8094 Path: 0.3724 | 1.0s
  Epoch 425/800 | Total: 5.425 Edge: 0.358 Con: 0.183 Cls: 1.262 Hist: 0.8129 Path: 0.3773 | Val F1: 0.3931 | 1.1s
  Epoch 426/800 | Total: 5.424 Edge: 0.364 Con: 0.192 Cls: 1.258 Hist: 0.8104 Path: 0.3790 | 1.1s
  Epoch 427/800 | Total: 5.472 Edge: 0.358 Con: 0.188 Cls: 1.274 Hist: 0.8226 Path: 0.3759 | 1.1s
  Epoch 428/800 | Total: 5.500 Edge: 0.355 Con: 0.189 Cls: 1.283 Hist: 0.8205 Path: 0.3796 | 1.1s
  Epoch 429/800 | Total: 5.392 Edge: 0.361 Con: 0.190 Cls: 1.250 Hist: 0.8002 Path: 0.3850 | 1.0s
  Epoch 430/800 | Total: 5.522 Edge: 0.360 Con: 0.187 Cls: 1.282 Hist: 0.8291 Path: 0.3930 | Val F1: 0.3667 | 1.1s
  Epoch 431/800 | Total: 5.536 Edge: 0.363 Con: 0.194 Cls: 1.286 Hist: 0.8271 Path: 0.3903 | 1.1s
  Epoch 432/800 | Total: 5.506 Edge: 0.362 Con: 0.187 Cls: 1.280 Hist: 0.8236 Path: 0.3872 | 1.1s
  Epoch 433/800 | Total: 5.523 Edge: 0.368 Con: 0.189 Cls: 1.280 Hist: 0.8257 Path: 0.3938 | 1.1s
  Epoch 434/800 | Total: 5.454 Edge: 0.355 Con: 0.188 Cls: 1.268 Hist: 0.8182 Path: 0.3839 | 1.1s
  Epoch 435/800 | Total: 5.411 Edge: 0.355 Con: 0.186 Cls: 1.259 Hist: 0.8013 Path: 0.3835 | Val F1: 0.3865 | 1.1s
  Epoch 436/800 | Total: 5.544 Edge: 0.355 Con: 0.191 Cls: 1.293 Hist: 0.8365 Path: 0.3778 | 1.1s
  Epoch 437/800 | Total: 5.473 Edge: 0.367 Con: 0.191 Cls: 1.272 Hist: 0.8194 Path: 0.3755 | 1.1s
  Epoch 438/800 | Total: 5.389 Edge: 0.366 Con: 0.186 Cls: 1.249 Hist: 0.8012 Path: 0.3810 | 1.0s
  Epoch 439/800 | Total: 5.379 Edge: 0.360 Con: 0.185 Cls: 1.248 Hist: 0.8001 Path: 0.3816 | 1.0s
  Epoch 440/800 | Total: 5.444 Edge: 0.354 Con: 0.187 Cls: 1.266 Hist: 0.8176 Path: 0.3812 | Val F1: 0.4019 | 1.1s
  Epoch 441/800 | Total: 5.402 Edge: 0.347 Con: 0.183 Cls: 1.259 Hist: 0.8124 Path: 0.3737 | 1.0s
  Epoch 442/800 | Total: 5.399 Edge: 0.356 Con: 0.191 Cls: 1.252 Hist: 0.8117 Path: 0.3798 | 1.1s
  Epoch 443/800 | Total: 5.485 Edge: 0.364 Con: 0.194 Cls: 1.273 Hist: 0.8233 Path: 0.3812 | 1.0s
  Epoch 444/800 | Total: 5.498 Edge: 0.357 Con: 0.193 Cls: 1.279 Hist: 0.8289 Path: 0.3788 | 1.0s
  Epoch 445/800 | Total: 5.568 Edge: 0.364 Con: 0.194 Cls: 1.298 Hist: 0.8322 Path: 0.3806 | Val F1: 0.3973 | 1.1s
  Epoch 446/800 | Total: 5.432 Edge: 0.357 Con: 0.189 Cls: 1.262 Hist: 0.8168 Path: 0.3793 | 1.0s
  Epoch 447/800 | Total: 5.506 Edge: 0.361 Con: 0.191 Cls: 1.283 Hist: 0.8263 Path: 0.3729 | 1.1s
  Epoch 448/800 | Total: 5.440 Edge: 0.364 Con: 0.181 Cls: 1.265 Hist: 0.8083 Path: 0.3822 | 1.0s
  Epoch 449/800 | Total: 5.511 Edge: 0.364 Con: 0.189 Cls: 1.281 Hist: 0.8168 Path: 0.3919 | 1.1s
  Epoch 450/800 | Total: 5.455 Edge: 0.358 Con: 0.186 Cls: 1.267 Hist: 0.8144 Path: 0.3891 | Val F1: 0.3763 | 1.1s
  Epoch 451/800 | Total: 5.512 Edge: 0.360 Con: 0.192 Cls: 1.281 Hist: 0.8255 Path: 0.3888 | 1.1s
  Epoch 452/800 | Total: 5.454 Edge: 0.359 Con: 0.184 Cls: 1.267 Hist: 0.8202 Path: 0.3827 | 1.1s
  Epoch 453/800 | Total: 5.564 Edge: 0.366 Con: 0.195 Cls: 1.295 Hist: 0.8404 Path: 0.3736 | 1.0s
  Epoch 454/800 | Total: 5.500 Edge: 0.361 Con: 0.184 Cls: 1.277 Hist: 0.8216 Path: 0.3943 | 1.1s
  Epoch 455/800 | Total: 5.519 Edge: 0.352 Con: 0.189 Cls: 1.287 Hist: 0.8296 Path: 0.3830 | Val F1: 0.3973 | 1.1s
  Epoch 456/800 | Total: 5.656 Edge: 0.367 Con: 0.184 Cls: 1.318 Hist: 0.8478 Path: 0.3968 | 1.1s
  Epoch 457/800 | Total: 5.544 Edge: 0.365 Con: 0.185 Cls: 1.289 Hist: 0.8350 Path: 0.3848 | 1.1s
  Epoch 458/800 | Total: 5.474 Edge: 0.366 Con: 0.186 Cls: 1.269 Hist: 0.8193 Path: 0.3876 | 1.0s
  Epoch 459/800 | Total: 5.303 Edge: 0.349 Con: 0.183 Cls: 1.230 Hist: 0.7920 Path: 0.3804 | 1.0s
  Epoch 460/800 | Total: 5.502 Edge: 0.361 Con: 0.192 Cls: 1.278 Hist: 0.8292 Path: 0.3810 | Val F1: 0.3960 | 1.0s
  Epoch 461/800 | Total: 5.613 Edge: 0.370 Con: 0.193 Cls: 1.308 Hist: 0.8445 Path: 0.3795 | 1.1s
  Epoch 462/800 | Total: 5.614 Edge: 0.359 Con: 0.188 Cls: 1.310 Hist: 0.8407 Path: 0.3897 | 1.1s
  Epoch 463/800 | Total: 5.429 Edge: 0.355 Con: 0.184 Cls: 1.264 Hist: 0.8078 Path: 0.3811 | 1.0s
  Epoch 464/800 | Total: 5.511 Edge: 0.367 Con: 0.188 Cls: 1.278 Hist: 0.8284 Path: 0.3880 | 1.1s
  Epoch 465/800 | Total: 5.428 Edge: 0.350 Con: 0.183 Cls: 1.265 Hist: 0.8167 Path: 0.3742 | Val F1: 0.3915 | 1.1s
  Epoch 466/800 | Total: 5.460 Edge: 0.357 Con: 0.194 Cls: 1.268 Hist: 0.8207 Path: 0.3803 | 1.0s
  Epoch 467/800 | Total: 5.439 Edge: 0.363 Con: 0.185 Cls: 1.264 Hist: 0.8174 Path: 0.3725 | 1.0s
  Epoch 468/800 | Total: 5.528 Edge: 0.362 Con: 0.194 Cls: 1.287 Hist: 0.8337 Path: 0.3762 | 1.0s
  Epoch 469/800 | Total: 5.519 Edge: 0.373 Con: 0.193 Cls: 1.280 Hist: 0.8252 Path: 0.3858 | 1.1s
  Epoch 470/800 | Total: 5.455 Edge: 0.376 Con: 0.194 Cls: 1.261 Hist: 0.8132 Path: 0.3866 | Val F1: 0.3939 | 1.1s
  Epoch 471/800 | Total: 5.567 Edge: 0.364 Con: 0.186 Cls: 1.297 Hist: 0.8374 Path: 0.3833 | 1.1s
  Epoch 472/800 | Total: 5.454 Edge: 0.368 Con: 0.188 Cls: 1.262 Hist: 0.8147 Path: 0.3907 | 1.1s
  Epoch 473/800 | Total: 5.405 Edge: 0.368 Con: 0.189 Cls: 1.249 Hist: 0.8081 Path: 0.3886 | 1.1s
  Epoch 474/800 | Total: 5.516 Edge: 0.359 Con: 0.183 Cls: 1.282 Hist: 0.8257 Path: 0.3952 | 1.1s
  Epoch 475/800 | Total: 5.436 Edge: 0.349 Con: 0.184 Cls: 1.267 Hist: 0.8212 Path: 0.3729 | Val F1: 0.3896 | 1.1s
  Epoch 476/800 | Total: 5.405 Edge: 0.359 Con: 0.189 Cls: 1.258 Hist: 0.8030 Path: 0.3731 | 1.0s
  Epoch 477/800 | Total: 5.394 Edge: 0.355 Con: 0.181 Cls: 1.251 Hist: 0.8180 Path: 0.3790 | 1.0s
  Epoch 478/800 | Total: 5.405 Edge: 0.352 Con: 0.184 Cls: 1.255 Hist: 0.8164 Path: 0.3806 | 1.0s
  Epoch 479/800 | Total: 5.382 Edge: 0.352 Con: 0.182 Cls: 1.249 Hist: 0.8128 Path: 0.3795 | 1.1s
  Epoch 480/800 | Total: 5.378 Edge: 0.355 Con: 0.191 Cls: 1.251 Hist: 0.7971 Path: 0.3782 | Val F1: 0.3935 | 1.1s
  Epoch 481/800 | Total: 5.379 Edge: 0.347 Con: 0.186 Cls: 1.252 Hist: 0.7988 Path: 0.3834 | 1.0s
  Epoch 482/800 | Total: 5.432 Edge: 0.348 Con: 0.187 Cls: 1.265 Hist: 0.8122 Path: 0.3825 | 1.0s
  Epoch 483/800 | Total: 5.372 Edge: 0.354 Con: 0.192 Cls: 1.246 Hist: 0.8042 Path: 0.3801 | 1.0s
  Epoch 484/800 | Total: 5.332 Edge: 0.350 Con: 0.181 Cls: 1.240 Hist: 0.8009 Path: 0.3698 | 1.1s
  Epoch 485/800 | Total: 5.387 Edge: 0.350 Con: 0.186 Cls: 1.252 Hist: 0.8123 Path: 0.3766 | Val F1: 0.3952 | 1.1s
  Epoch 486/800 | Total: 5.382 Edge: 0.351 Con: 0.187 Cls: 1.250 Hist: 0.8084 Path: 0.3798 | 1.1s
  Epoch 487/800 | Total: 5.460 Edge: 0.366 Con: 0.188 Cls: 1.267 Hist: 0.8107 Path: 0.3870 | 1.0s
  Epoch 488/800 | Total: 5.281 Edge: 0.360 Con: 0.192 Cls: 1.220 Hist: 0.7872 Path: 0.3766 | 1.1s
  Epoch 489/800 | Total: 5.491 Edge: 0.354 Con: 0.182 Cls: 1.284 Hist: 0.8178 Path: 0.3775 | 1.1s
  Epoch 490/800 | Total: 5.639 Edge: 0.358 Con: 0.183 Cls: 1.320 Hist: 0.8508 Path: 0.3796 | Val F1: 0.3715 | 1.1s
  Epoch 491/800 | Total: 5.494 Edge: 0.351 Con: 0.186 Cls: 1.282 Hist: 0.8255 Path: 0.3795 | 1.1s
  Epoch 492/800 | Total: 5.351 Edge: 0.357 Con: 0.190 Cls: 1.242 Hist: 0.7975 Path: 0.3758 | 1.0s
  Epoch 493/800 | Total: 5.341 Edge: 0.352 Con: 0.192 Cls: 1.238 Hist: 0.7977 Path: 0.3812 | 1.0s
  Epoch 494/800 | Total: 5.453 Edge: 0.378 Con: 0.194 Cls: 1.262 Hist: 0.8123 Path: 0.3800 | 1.0s
  Epoch 495/800 | Total: 5.389 Edge: 0.361 Con: 0.188 Cls: 1.250 Hist: 0.8018 Path: 0.3807 | Val F1: 0.3946 | 1.1s
  Epoch 496/800 | Total: 5.448 Edge: 0.363 Con: 0.192 Cls: 1.264 Hist: 0.8181 Path: 0.3784 | 1.1s
  Epoch 497/800 | Total: 5.608 Edge: 0.356 Con: 0.192 Cls: 1.304 Hist: 0.8617 Path: 0.3817 | 1.0s
  Epoch 498/800 | Total: 5.494 Edge: 0.354 Con: 0.189 Cls: 1.277 Hist: 0.8236 Path: 0.3900 | 1.0s
  Epoch 499/800 | Total: 5.608 Edge: 0.371 Con: 0.196 Cls: 1.301 Hist: 0.8424 Path: 0.3920 | 1.1s
  Epoch 500/800 | Total: 5.473 Edge: 0.368 Con: 0.186 Cls: 1.266 Hist: 0.8175 Path: 0.3962 | Val F1: 0.3934 | 1.1s
  Epoch 501/800 | Total: 5.489 Edge: 0.366 Con: 0.184 Cls: 1.270 Hist: 0.8208 Path: 0.4004 | 1.1s
  Epoch 502/800 | Total: 5.413 Edge: 0.361 Con: 0.183 Cls: 1.254 Hist: 0.8066 Path: 0.3923 | 1.0s
  Epoch 503/800 | Total: 5.428 Edge: 0.355 Con: 0.190 Cls: 1.260 Hist: 0.8143 Path: 0.3837 | 1.1s
  Epoch 504/800 | Total: 5.397 Edge: 0.349 Con: 0.187 Cls: 1.255 Hist: 0.8146 Path: 0.3759 | 1.1s
  Epoch 505/800 | Total: 5.453 Edge: 0.363 Con: 0.192 Cls: 1.265 Hist: 0.8237 Path: 0.3746 | Val F1: 0.3833 | 1.1s
  Epoch 506/800 | Total: 5.376 Edge: 0.351 Con: 0.184 Cls: 1.251 Hist: 0.8148 Path: 0.3642 | 1.1s
  Epoch 507/800 | Total: 5.490 Edge: 0.358 Con: 0.190 Cls: 1.279 Hist: 0.8239 Path: 0.3763 | 1.1s
  Epoch 508/800 | Total: 5.378 Edge: 0.351 Con: 0.184 Cls: 1.251 Hist: 0.8081 Path: 0.3751 | 1.1s
  Epoch 509/800 | Total: 5.340 Edge: 0.354 Con: 0.186 Cls: 1.239 Hist: 0.8001 Path: 0.3748 | 1.1s
  Epoch 510/800 | Total: 5.431 Edge: 0.373 Con: 0.191 Cls: 1.257 Hist: 0.8104 Path: 0.3822 | Val F1: 0.3825 | 1.1s
  Epoch 511/800 | Total: 5.486 Edge: 0.356 Con: 0.185 Cls: 1.278 Hist: 0.8178 Path: 0.3860 | 1.0s
  Epoch 512/800 | Total: 5.569 Edge: 0.360 Con: 0.191 Cls: 1.294 Hist: 0.8423 Path: 0.3891 | 1.0s
  Epoch 513/800 | Total: 5.450 Edge: 0.355 Con: 0.186 Cls: 1.265 Hist: 0.8194 Path: 0.3871 | 1.1s
  Epoch 514/800 | Total: 5.376 Edge: 0.359 Con: 0.186 Cls: 1.246 Hist: 0.8057 Path: 0.3799 | 1.1s
  Epoch 515/800 | Total: 5.273 Edge: 0.348 Con: 0.182 Cls: 1.226 Hist: 0.7850 Path: 0.3711 | Val F1: 0.4019 | 1.1s
  Epoch 516/800 | Total: 5.313 Edge: 0.359 Con: 0.194 Cls: 1.232 Hist: 0.7922 Path: 0.3695 | 1.0s
  Epoch 517/800 | Total: 5.436 Edge: 0.359 Con: 0.183 Cls: 1.265 Hist: 0.8164 Path: 0.3740 | 1.1s
  Epoch 518/800 | Total: 5.392 Edge: 0.356 Con: 0.190 Cls: 1.254 Hist: 0.8058 Path: 0.3733 | 1.1s
  Epoch 519/800 | Total: 5.464 Edge: 0.362 Con: 0.190 Cls: 1.267 Hist: 0.8216 Path: 0.3828 | 1.1s
  Epoch 520/800 | Total: 5.390 Edge: 0.354 Con: 0.187 Cls: 1.251 Hist: 0.8105 Path: 0.3797 | Val F1: 0.3959 | 1.1s
  Epoch 521/800 | Total: 5.624 Edge: 0.358 Con: 0.192 Cls: 1.312 Hist: 0.8546 Path: 0.3801 | 1.1s
  Epoch 522/800 | Total: 5.640 Edge: 0.356 Con: 0.191 Cls: 1.313 Hist: 0.8668 Path: 0.3833 | 1.1s
  Epoch 523/800 | Total: 5.526 Edge: 0.351 Con: 0.188 Cls: 1.284 Hist: 0.8413 Path: 0.3865 | 1.1s
  Epoch 524/800 | Total: 5.589 Edge: 0.359 Con: 0.187 Cls: 1.299 Hist: 0.8510 Path: 0.3877 | 1.1s
  Epoch 525/800 | Total: 5.415 Edge: 0.360 Con: 0.192 Cls: 1.254 Hist: 0.8231 Path: 0.3744 | Val F1: 0.3922 | 1.1s
  Epoch 526/800 | Total: 5.353 Edge: 0.356 Con: 0.192 Cls: 1.240 Hist: 0.8101 Path: 0.3704 | 1.1s
  Epoch 527/800 | Total: 5.352 Edge: 0.346 Con: 0.186 Cls: 1.246 Hist: 0.8073 Path: 0.3685 | 1.1s
  Epoch 528/800 | Total: 5.208 Edge: 0.350 Con: 0.184 Cls: 1.206 Hist: 0.7741 Path: 0.3746 | 1.1s
  Epoch 529/800 | Total: 5.317 Edge: 0.357 Con: 0.191 Cls: 1.233 Hist: 0.7924 Path: 0.3717 | 1.1s
  Epoch 530/800 | Total: 5.323 Edge: 0.356 Con: 0.191 Cls: 1.234 Hist: 0.7973 Path: 0.3714 | Val F1: 0.3868 | 1.1s
  Epoch 531/800 | Total: 5.477 Edge: 0.356 Con: 0.192 Cls: 1.275 Hist: 0.8251 Path: 0.3769 | 1.1s
  Epoch 532/800 | Total: 5.517 Edge: 0.364 Con: 0.194 Cls: 1.281 Hist: 0.8343 Path: 0.3786 | 1.1s
  Epoch 533/800 | Total: 5.384 Edge: 0.350 Con: 0.184 Cls: 1.253 Hist: 0.8097 Path: 0.3746 | 1.1s
  Epoch 534/800 | Total: 5.364 Edge: 0.352 Con: 0.187 Cls: 1.247 Hist: 0.8059 Path: 0.3706 | 1.0s
  Epoch 535/800 | Total: 5.313 Edge: 0.355 Con: 0.187 Cls: 1.232 Hist: 0.7950 Path: 0.3751 | Val F1: 0.3979 | 1.0s
  Epoch 536/800 | Total: 5.391 Edge: 0.353 Con: 0.189 Cls: 1.255 Hist: 0.8060 Path: 0.3717 | 1.1s
  Epoch 537/800 | Total: 5.386 Edge: 0.353 Con: 0.187 Cls: 1.253 Hist: 0.8062 Path: 0.3742 | 1.1s
  Epoch 538/800 | Total: 5.332 Edge: 0.354 Con: 0.187 Cls: 1.235 Hist: 0.8013 Path: 0.3783 | 1.1s
  Epoch 539/800 | Total: 5.489 Edge: 0.354 Con: 0.183 Cls: 1.282 Hist: 0.8276 Path: 0.3705 | 1.1s
  Epoch 540/800 | Total: 5.381 Edge: 0.357 Con: 0.189 Cls: 1.251 Hist: 0.8026 Path: 0.3749 | Val F1: 0.3748 | 1.1s
  Early stopping at epoch 540
  Best Val F1: 0.4019 | Test F1: 0.4047
  Total training time: 648.0s (10.8 min)

======================================================================
  Val  Macro-F1: 0.4019
  Test Macro-F1: 0.4047
  Test Accuracy: 0.6347
  Time: 650.0s
  Peak GPU mem: 1.14 GB
======================================================================

  Results saved to: results/NESS_ogbn-arxiv_MCAR_0.8_20260726_121351
