/home/erfan/MATE/ogbn_benchmarks/../src/utils.py:211: UserWarning: torch.sparse.SparseTensor(indices, values, shape, *, device=) is deprecated.  Please use torch.sparse_coo_tensor(indices, values, shape, dtype=, device=). (Triggered internally at /pytorch/torch/csrc/utils/tensor_new.cpp:654.)
  adj_norm = torch.sparse.FloatTensor(indices_norm, values_norm, torch.Size(adj_norm.shape))
======================================================================
  MATE | amac | MCAR @ 40%
======================================================================
[1/3] Loading amac...
loading dataset: amac
  13,752 nodes | 767 dims | 10 classes
[2/3] Simulating MCAR missingness...
Simulating MCAR missingness at 40% rate...
  MCAR: Uniform random selection
  Observable: 8,252 (60.0%)
  Masked: 5,500 (40.0%)
  Observable: 8,252 | Val: 2,750 | Test: 2,750
[3/3] Running MATE...
  Small graph: full-batch (single cluster, no partitioning)
  Training MATE for up to 400 epochs (patience=20)...
  Epoch 5/400 | Total: 3.949 Edge: 1.149 Con: 0.520 Cls: 2.280 | Val F1: 0.0324 | 0.1s
  Epoch 10/400 | Total: 3.147 Edge: 0.666 Con: 0.471 Cls: 2.011 | Val F1: 0.0577 | 0.1s
  Epoch 15/400 | Total: 2.692 Edge: 0.636 Con: 0.445 Cls: 1.611 | Val F1: 0.1607 | 0.2s
  Epoch 20/400 | Total: 2.565 Edge: 0.602 Con: 0.391 Cls: 1.572 | Val F1: 0.2831 | 0.1s
  Epoch 25/400 | Total: 2.024 Edge: 0.502 Con: 0.340 Cls: 1.182 | Val F1: 0.3308 | 0.1s
  Epoch 30/400 | Total: 1.843 Edge: 0.436 Con: 0.305 Cls: 1.102 | Val F1: 0.3518 | 0.1s
  Epoch 35/400 | Total: 1.620 Edge: 0.401 Con: 0.274 Cls: 0.946 | Val F1: 0.3886 | 0.2s
  Epoch 40/400 | Total: 1.485 Edge: 0.386 Con: 0.261 Cls: 0.837 | Val F1: 0.5092 | 0.2s
  Epoch 45/400 | Total: 1.401 Edge: 0.373 Con: 0.250 Cls: 0.777 | Val F1: 0.6954 | 0.1s
  Epoch 50/400 | Total: 1.346 Edge: 0.366 Con: 0.242 Cls: 0.737 | Val F1: 0.6205 | 0.1s
  Epoch 55/400 | Total: 1.259 Edge: 0.363 Con: 0.233 Cls: 0.662 | Val F1: 0.6917 | 0.1s
  Epoch 60/400 | Total: 1.190 Edge: 0.352 Con: 0.227 Cls: 0.611 | Val F1: 0.7352 | 0.1s
  Epoch 65/400 | Total: 1.153 Edge: 0.344 Con: 0.218 Cls: 0.590 | Val F1: 0.7624 | 0.1s
  Epoch 70/400 | Total: 1.086 Edge: 0.335 Con: 0.211 Cls: 0.539 | Val F1: 0.7817 | 0.1s
  Epoch 75/400 | Total: 1.046 Edge: 0.328 Con: 0.201 Cls: 0.518 | Val F1: 0.7871 | 0.1s
  Epoch 80/400 | Total: 0.992 Edge: 0.317 Con: 0.196 Cls: 0.479 | Val F1: 0.8249 | 0.1s
  Epoch 85/400 | Total: 1.033 Edge: 0.317 Con: 0.190 Cls: 0.526 | Val F1: 0.7637 | 0.1s
  Epoch 90/400 | Total: 0.971 Edge: 0.316 Con: 0.189 Cls: 0.467 | Val F1: 0.7926 | 0.2s
  Epoch 95/400 | Total: 0.931 Edge: 0.308 Con: 0.182 Cls: 0.441 | Val F1: 0.7896 | 0.2s
  Epoch 100/400 | Total: 0.917 Edge: 0.306 Con: 0.179 Cls: 0.432 | Val F1: 0.8578 | 0.1s
  Epoch 105/400 | Total: 0.898 Edge: 0.303 Con: 0.176 Cls: 0.419 | Val F1: 0.8201 | 0.1s
  Epoch 110/400 | Total: 0.887 Edge: 0.300 Con: 0.175 Cls: 0.412 | Val F1: 0.8138 | 0.1s
  Epoch 115/400 | Total: 0.908 Edge: 0.301 Con: 0.172 Cls: 0.435 | Val F1: 0.8740 | 0.1s
  Epoch 120/400 | Total: 0.855 Edge: 0.295 Con: 0.169 Cls: 0.391 | Val F1: 0.8008 | 0.2s
  Epoch 125/400 | Total: 0.850 Edge: 0.297 Con: 0.167 Cls: 0.385 | Val F1: 0.8715 | 0.1s
  Epoch 130/400 | Total: 0.825 Edge: 0.294 Con: 0.163 Cls: 0.369 | Val F1: 0.8709 | 0.1s
  Epoch 135/400 | Total: 0.820 Edge: 0.289 Con: 0.161 Cls: 0.369 | Val F1: 0.8657 | 0.1s
  Epoch 140/400 | Total: 0.820 Edge: 0.292 Con: 0.159 Cls: 0.369 | Val F1: 0.8800 | 0.1s
  Epoch 145/400 | Total: 0.787 Edge: 0.286 Con: 0.156 Cls: 0.345 | Val F1: 0.8705 | 0.1s
  Epoch 150/400 | Total: 0.801 Edge: 0.281 Con: 0.154 Cls: 0.365 | Val F1: 0.8188 | 0.1s
  Epoch 155/400 | Total: 0.852 Edge: 0.305 Con: 0.155 Cls: 0.391 | Val F1: 0.7895 | 0.1s
  Epoch 160/400 | Total: 0.817 Edge: 0.285 Con: 0.154 Cls: 0.379 | Val F1: 0.8123 | 0.1s
  Epoch 165/400 | Total: 0.778 Edge: 0.282 Con: 0.151 Cls: 0.345 | Val F1: 0.8710 | 0.1s
  Epoch 170/400 | Total: 0.771 Edge: 0.276 Con: 0.148 Cls: 0.347 | Val F1: 0.8322 | 0.1s
  Epoch 175/400 | Total: 0.770 Edge: 0.277 Con: 0.148 Cls: 0.346 | Val F1: 0.8894 | 0.1s
  Epoch 180/400 | Total: 0.735 Edge: 0.269 Con: 0.146 Cls: 0.320 | Val F1: 0.8891 | 0.1s
  Epoch 185/400 | Total: 0.742 Edge: 0.270 Con: 0.144 Cls: 0.328 | Val F1: 0.8861 | 0.1s
  Epoch 190/400 | Total: 0.731 Edge: 0.263 Con: 0.143 Cls: 0.325 | Val F1: 0.8715 | 0.1s
  Epoch 195/400 | Total: 0.727 Edge: 0.263 Con: 0.142 Cls: 0.322 | Val F1: 0.8957 | 0.1s
  Epoch 200/400 | Total: 0.732 Edge: 0.264 Con: 0.141 Cls: 0.327 | Val F1: 0.8746 | 0.1s
  Epoch 205/400 | Total: 0.756 Edge: 0.266 Con: 0.140 Cls: 0.350 | Val F1: 0.8946 | 0.1s
  Epoch 210/400 | Total: 0.719 Edge: 0.265 Con: 0.140 Cls: 0.314 | Val F1: 0.8801 | 0.1s
  Epoch 215/400 | Total: 0.710 Edge: 0.258 Con: 0.139 Cls: 0.312 | Val F1: 0.8895 | 0.1s
  Epoch 220/400 | Total: 0.781 Edge: 0.258 Con: 0.137 Cls: 0.386 | Val F1: 0.8839 | 0.1s
  Epoch 225/400 | Total: 0.735 Edge: 0.257 Con: 0.137 Cls: 0.341 | Val F1: 0.8270 | 0.1s
  Epoch 230/400 | Total: 0.722 Edge: 0.263 Con: 0.136 Cls: 0.323 | Val F1: 0.8788 | 0.1s
  Epoch 235/400 | Total: 0.723 Edge: 0.261 Con: 0.134 Cls: 0.327 | Val F1: 0.8859 | 0.1s
  Epoch 240/400 | Total: 0.782 Edge: 0.258 Con: 0.133 Cls: 0.391 | Val F1: 0.8818 | 0.1s
  Epoch 245/400 | Total: 0.736 Edge: 0.259 Con: 0.132 Cls: 0.345 | Val F1: 0.8889 | 0.1s
  Epoch 250/400 | Total: 0.689 Edge: 0.252 Con: 0.132 Cls: 0.306 | Val F1: 0.8858 | 0.1s
  Epoch 255/400 | Total: 0.684 Edge: 0.256 Con: 0.131 Cls: 0.297 | Val F1: 0.8863 | 0.1s
  Epoch 260/400 | Total: 0.675 Edge: 0.251 Con: 0.130 Cls: 0.294 | Val F1: 0.9018 | 0.1s
  Epoch 265/400 | Total: 0.667 Edge: 0.248 Con: 0.129 Cls: 0.291 | Val F1: 0.8803 | 0.1s
  Epoch 270/400 | Total: 0.660 Edge: 0.243 Con: 0.129 Cls: 0.288 | Val F1: 0.8983 | 0.2s
  Epoch 275/400 | Total: 0.659 Edge: 0.241 Con: 0.128 Cls: 0.290 | Val F1: 0.9008 | 0.2s
  Epoch 280/400 | Total: 0.645 Edge: 0.238 Con: 0.126 Cls: 0.282 | Val F1: 0.8856 | 0.1s
  Epoch 285/400 | Total: 0.652 Edge: 0.240 Con: 0.125 Cls: 0.287 | Val F1: 0.8948 | 0.1s
  Epoch 290/400 | Total: 0.668 Edge: 0.247 Con: 0.126 Cls: 0.295 | Val F1: 0.8616 | 0.1s
  Epoch 295/400 | Total: 0.650 Edge: 0.236 Con: 0.124 Cls: 0.289 | Val F1: 0.8978 | 0.2s
  Epoch 300/400 | Total: 0.675 Edge: 0.265 Con: 0.123 Cls: 0.286 | Val F1: 0.8918 | 0.1s
  Epoch 305/400 | Total: 0.650 Edge: 0.245 Con: 0.123 Cls: 0.282 | Val F1: 0.8668 | 0.1s
  Epoch 310/400 | Total: 0.639 Edge: 0.240 Con: 0.122 Cls: 0.277 | Val F1: 0.8819 | 0.1s
  Epoch 315/400 | Total: 0.640 Edge: 0.237 Con: 0.121 Cls: 0.281 | Val F1: 0.8919 | 0.2s
  Epoch 320/400 | Total: 0.613 Edge: 0.230 Con: 0.120 Cls: 0.263 | Val F1: 0.8830 | 0.1s
  Epoch 325/400 | Total: 0.922 Edge: 0.261 Con: 0.122 Cls: 0.539 | Val F1: 0.5770 | 0.1s
  Epoch 330/400 | Total: 12.436 Edge: 9.101 Con: 0.307 Cls: 3.028 | Val F1: 0.0272 | 0.1s
  Epoch 335/400 | Total: 13.114 Edge: 9.293 Con: 0.403 Cls: 3.418 | Val F1: 0.0378 | 0.1s
  Epoch 340/400 | Total: 3.412 Edge: 0.873 Con: 0.403 Cls: 2.136 | Val F1: 0.0549 | 0.1s
  Epoch 345/400 | Total: 4.499 Edge: 1.892 Con: 0.402 Cls: 2.206 | Val F1: 0.0616 | 0.1s
  Epoch 350/400 | Total: 3.131 Edge: 0.727 Con: 0.375 Cls: 2.029 | Val F1: 0.0565 | 0.1s
  Epoch 355/400 | Total: 3.100 Edge: 0.734 Con: 0.360 Cls: 2.006 | Val F1: 0.0554 | 0.1s
  Epoch 360/400 | Total: 3.119 Edge: 0.780 Con: 0.331 Cls: 2.008 | Val F1: 0.0559 | 0.1s
  Early stopping at epoch 360
  Best Val F1: 0.9018 | Test F1: 0.8986
  Total training time: 61.5s (1.0 min) over 360 epochs

======================================================================
  Val  Macro-F1: 0.9018
  Test Macro-F1: 0.8986
  Test Accuracy: 0.9011
  Time: 61.8s
======================================================================

  Results saved to: results/MATE_amac_MCAR_0.4_20260721_163438
