/home/erfan/MATE/ogbn_benchmarks/../src/utils.py:211: UserWarning: torch.sparse.SparseTensor(indices, values, shape, *, device=) is deprecated.  Please use torch.sparse_coo_tensor(indices, values, shape, dtype=, device=). (Triggered internally at /pytorch/torch/csrc/utils/tensor_new.cpp:654.)
  adj_norm = torch.sparse.FloatTensor(indices_norm, values_norm, torch.Size(adj_norm.shape))
/home/erfan/MATE/ogbn_benchmarks/FP.py:56: UserWarning: Sparse invariant checks are implicitly disabled. Memory errors (e.g. SEGFAULT) will occur when operating on a sparse tensor which violates the invariants, but checks incur performance overhead. To silence this warning, explicitly opt in or out. See `torch.sparse.check_sparse_tensor_invariants.__doc__` for guidance.  (Triggered internally at /pytorch/aten/src/ATen/Context.cpp:760.)
  A = torch.sparse_coo_tensor(idx, val, (num_nodes, num_nodes)).coalesce().to(device)
======================================================================
  FP | amac | MCAR @ 40%
======================================================================
[1/3] Loading amac...
loading dataset: amac
  13,752 nodes | 767 dims | 10 classes
[2/3] Simulating MCAR missingness...
Simulating MCAR missingness at 40% rate...
  MCAR: Uniform random selection
  Observable: 8,252 (60.0%)
  Masked: 5,500 (40.0%)
  Observable: 8,252 | Val: 2,750 | Test: 2,750
[3/3] Running FP...
  Feature propagation (40 iterations)...
    Propagation done in 0.1s
  Training FP (full-batch) for up to 400 epochs (patience=20)...
  Epoch 5/400 | Loss: 2.2836 | Val F1: 0.0262 | 0.00s
  Epoch 10/400 | Loss: 2.2174 | Val F1: 0.0555 | 0.00s
  Epoch 15/400 | Loss: 2.0761 | Val F1: 0.0550 | 0.00s
  Epoch 20/400 | Loss: 1.9524 | Val F1: 0.0550 | 0.00s
  Epoch 25/400 | Loss: 1.8798 | Val F1: 0.0550 | 0.00s
  Epoch 30/400 | Loss: 1.9328 | Val F1: 0.0698 | 0.00s
  Epoch 35/400 | Loss: 1.8114 | Val F1: 0.0343 | 0.00s
  Epoch 40/400 | Loss: 1.8925 | Val F1: 0.0550 | 0.00s
  Epoch 45/400 | Loss: 1.8733 | Val F1: 0.0550 | 0.00s
  Epoch 50/400 | Loss: 1.8653 | Val F1: 0.0550 | 0.00s
  Epoch 55/400 | Loss: 1.8834 | Val F1: 0.0776 | 0.00s
  Epoch 60/400 | Loss: 1.8742 | Val F1: 0.0550 | 0.00s
  Epoch 65/400 | Loss: 1.9629 | Val F1: 0.0550 | 0.00s
  Epoch 70/400 | Loss: 1.9057 | Val F1: 0.0627 | 0.00s
  Epoch 75/400 | Loss: 1.8812 | Val F1: 0.0337 | 0.00s
  Epoch 80/400 | Loss: 3.5202 | Val F1: 0.0555 | 0.00s
  Epoch 85/400 | Loss: 2.1910 | Val F1: 0.0550 | 0.00s
  Epoch 90/400 | Loss: 1.8980 | Val F1: 0.0550 | 0.00s
  Epoch 95/400 | Loss: 1.8500 | Val F1: 0.0333 | 0.00s
  Epoch 100/400 | Loss: 2.4054 | Val F1: 0.0550 | 0.00s
  Epoch 105/400 | Loss: 1.8991 | Val F1: 0.0550 | 0.00s
  Epoch 110/400 | Loss: 1.8724 | Val F1: 0.0550 | 0.00s
  Epoch 115/400 | Loss: 1.8631 | Val F1: 0.0550 | 0.00s
  Epoch 120/400 | Loss: 1.8624 | Val F1: 0.0550 | 0.00s
  Epoch 125/400 | Loss: 1.8598 | Val F1: 0.0550 | 0.00s
  Epoch 130/400 | Loss: 1.8536 | Val F1: 0.0365 | 0.00s
  Epoch 135/400 | Loss: 1.8570 | Val F1: 0.0550 | 0.00s
  Epoch 140/400 | Loss: 1.8391 | Val F1: 0.0550 | 0.00s
  Epoch 145/400 | Loss: 1.8630 | Val F1: 0.0550 | 0.00s
  Epoch 150/400 | Loss: 1.8646 | Val F1: 0.0550 | 0.00s
  Epoch 155/400 | Loss: 1.8613 | Val F1: 0.0550 | 0.00s
  Early stopping at epoch 155
  Best Val F1: 0.0776 | Test F1: 0.0787 | Test Acc: 0.3084
  Total training time: 2.0s

======================================================================
  Val  Macro-F1: 0.0776
  Test Macro-F1: 0.0787
  Test Accuracy: 0.3084
  Time: 2.1s
======================================================================

  Results saved to: results/FP_amac_MCAR_0.4_20260721_163426
