/home/erfan/MATE/ogbn_benchmarks/../src/utils.py:211: UserWarning: torch.sparse.SparseTensor(indices, values, shape, *, device=) is deprecated.  Please use torch.sparse_coo_tensor(indices, values, shape, dtype=, device=). (Triggered internally at /pytorch/torch/csrc/utils/tensor_new.cpp:654.)
  adj_norm = torch.sparse.FloatTensor(indices_norm, values_norm, torch.Size(adj_norm.shape))
======================================================================
  GraphSAGE | amac | MCAR @ 40%
======================================================================
[1/3] Loading amac...
loading dataset: amac
  13,752 nodes | 767 dims | 10 classes
[2/3] Simulating MCAR missingness...
Simulating MCAR missingness at 40% rate...
  MCAR: Uniform random selection
  Observable: 8,252 (60.0%)
  Masked: 5,500 (40.0%)
  Observable: 8,252 | Val: 2,750 | Test: 2,750
[3/3] Running GraphSAGE...
  Training GraphSAGE (full-batch) for up to 400 epochs (patience=20)...
  Epoch 5/400 | Loss: 11.9320 | Val F1: 0.0113 | 0.00s
  Epoch 10/400 | Loss: 2.5682 | Val F1: 0.0550 | 0.00s
  Epoch 15/400 | Loss: 2.1183 | Val F1: 0.0313 | 0.00s
  Epoch 20/400 | Loss: 1.8512 | Val F1: 0.0560 | 0.00s
  Epoch 25/400 | Loss: 1.6480 | Val F1: 0.0657 | 0.00s
  Epoch 30/400 | Loss: 1.3593 | Val F1: 0.1605 | 0.00s
  Epoch 35/400 | Loss: 1.0873 | Val F1: 0.3698 | 0.00s
  Epoch 40/400 | Loss: 0.9042 | Val F1: 0.4325 | 0.00s
  Epoch 45/400 | Loss: 0.7802 | Val F1: 0.4830 | 0.00s
  Epoch 50/400 | Loss: 0.7070 | Val F1: 0.6178 | 0.00s
  Epoch 55/400 | Loss: 0.6382 | Val F1: 0.6318 | 0.00s
  Epoch 60/400 | Loss: 0.5844 | Val F1: 0.6571 | 0.00s
  Epoch 65/400 | Loss: 0.5527 | Val F1: 0.7218 | 0.00s
  Epoch 70/400 | Loss: 0.5537 | Val F1: 0.7448 | 0.00s
  Epoch 75/400 | Loss: 0.5198 | Val F1: 0.7747 | 0.00s
  Epoch 80/400 | Loss: 0.4948 | Val F1: 0.7713 | 0.00s
  Epoch 85/400 | Loss: 0.4632 | Val F1: 0.7690 | 0.00s
  Epoch 90/400 | Loss: 0.4351 | Val F1: 0.7692 | 0.00s
  Epoch 95/400 | Loss: 0.4245 | Val F1: 0.7906 | 0.00s
  Epoch 100/400 | Loss: 0.4231 | Val F1: 0.7907 | 0.00s
  Epoch 105/400 | Loss: 0.4201 | Val F1: 0.8179 | 0.00s
  Epoch 110/400 | Loss: 0.4054 | Val F1: 0.8131 | 0.00s
  Epoch 115/400 | Loss: 0.3865 | Val F1: 0.8052 | 0.00s
  Epoch 120/400 | Loss: 0.3921 | Val F1: 0.8109 | 0.00s
  Epoch 125/400 | Loss: 0.3734 | Val F1: 0.7934 | 0.00s
  Epoch 130/400 | Loss: 0.3863 | Val F1: 0.8043 | 0.00s
  Epoch 135/400 | Loss: 0.3834 | Val F1: 0.8090 | 0.00s
  Epoch 140/400 | Loss: 0.3970 | Val F1: 0.8025 | 0.00s
  Epoch 145/400 | Loss: 0.3684 | Val F1: 0.8717 | 0.00s
  Epoch 150/400 | Loss: 0.3653 | Val F1: 0.8579 | 0.00s
  Epoch 155/400 | Loss: 0.3473 | Val F1: 0.8197 | 0.00s
  Epoch 160/400 | Loss: 0.3443 | Val F1: 0.8748 | 0.00s
  Epoch 165/400 | Loss: 0.3438 | Val F1: 0.8635 | 0.00s
  Epoch 170/400 | Loss: 0.3446 | Val F1: 0.8232 | 0.00s
  Epoch 175/400 | Loss: 0.3504 | Val F1: 0.8358 | 0.00s
  Epoch 180/400 | Loss: 0.3359 | Val F1: 0.8555 | 0.00s
  Epoch 185/400 | Loss: 0.3438 | Val F1: 0.8701 | 0.00s
  Epoch 190/400 | Loss: 0.3426 | Val F1: 0.8378 | 0.00s
  Epoch 195/400 | Loss: 0.3358 | Val F1: 0.8255 | 0.00s
  Epoch 200/400 | Loss: 0.3380 | Val F1: 0.8725 | 0.00s
  Epoch 205/400 | Loss: 0.3155 | Val F1: 0.8589 | 0.00s
  Epoch 210/400 | Loss: 0.3149 | Val F1: 0.8691 | 0.00s
  Epoch 215/400 | Loss: 0.3160 | Val F1: 0.8582 | 0.00s
  Epoch 220/400 | Loss: 0.3131 | Val F1: 0.8208 | 0.00s
  Epoch 225/400 | Loss: 0.3151 | Val F1: 0.8351 | 0.00s
  Epoch 230/400 | Loss: 0.3498 | Val F1: 0.8478 | 0.00s
  Epoch 235/400 | Loss: 0.3376 | Val F1: 0.8545 | 0.00s
  Epoch 240/400 | Loss: 0.3246 | Val F1: 0.8303 | 0.00s
  Epoch 245/400 | Loss: 0.3262 | Val F1: 0.8836 | 0.00s
  Epoch 250/400 | Loss: 0.3092 | Val F1: 0.8221 | 0.00s
  Epoch 255/400 | Loss: 0.4229 | Val F1: 0.8441 | 0.00s
  Epoch 260/400 | Loss: 0.3972 | Val F1: 0.8558 | 0.00s
  Epoch 265/400 | Loss: 0.3507 | Val F1: 0.8158 | 0.00s
  Epoch 270/400 | Loss: 0.3455 | Val F1: 0.8799 | 0.00s
  Epoch 275/400 | Loss: 0.3423 | Val F1: 0.8237 | 0.00s
  Epoch 280/400 | Loss: 0.3354 | Val F1: 0.8662 | 0.00s
  Epoch 285/400 | Loss: 0.3280 | Val F1: 0.8713 | 0.00s
  Epoch 290/400 | Loss: 0.3119 | Val F1: 0.8298 | 0.00s
  Epoch 295/400 | Loss: 0.3017 | Val F1: 0.8783 | 0.00s
  Epoch 300/400 | Loss: 0.4005 | Val F1: 0.8204 | 0.00s
  Epoch 305/400 | Loss: 0.3559 | Val F1: 0.8073 | 0.00s
  Epoch 310/400 | Loss: 0.3276 | Val F1: 0.8413 | 0.00s
  Epoch 315/400 | Loss: 0.3100 | Val F1: 0.8521 | 0.00s
  Epoch 320/400 | Loss: 0.3123 | Val F1: 0.8682 | 0.00s
  Epoch 325/400 | Loss: 0.3056 | Val F1: 0.8722 | 0.00s
  Epoch 330/400 | Loss: 0.4015 | Val F1: 0.8088 | 0.00s
  Epoch 335/400 | Loss: 0.3437 | Val F1: 0.8058 | 0.00s
  Epoch 340/400 | Loss: 0.3328 | Val F1: 0.8261 | 0.00s
  Epoch 345/400 | Loss: 0.3145 | Val F1: 0.8358 | 0.00s
  Early stopping at epoch 345
  Best Val F1: 0.8836 | Test F1: 0.8825 | Test Acc: 0.8945
  Total training time: 4.1s

======================================================================
  Val  Macro-F1: 0.8836
  Test Macro-F1: 0.8825
  Test Accuracy: 0.8945
  Time: 4.1s
======================================================================

  Results saved to: results/GraphSAGE_amac_MCAR_0.4_20260721_163419
