/home/erfan/MATE/ogbn_benchmarks/../src/utils.py:239: UserWarning: torch.sparse.SparseTensor(indices, values, shape, *, device=) is deprecated.  Please use torch.sparse_coo_tensor(indices, values, shape, dtype=, device=). (Triggered internally at /pytorch/torch/csrc/utils/tensor_new.cpp:654.)
  adj_norm = torch.sparse.FloatTensor(indices_norm, values_norm, torch.Size(adj_norm.shape))
======================================================================
  GraphSAGE | amap | MCAR @ 40%
======================================================================
[1/3] Loading amap...
loading dataset: amap
  7,650 nodes | 745 dims | 8 classes
[2/3] Simulating MCAR missingness...
Simulating MCAR missingness at 40% rate...
  MCAR: Uniform random selection
  Observable: 4,590 (60.0%)
  Masked: 3,060 (40.0%)
  Observable: 4,590 | Val: 1,530 | Test: 1,530
[3/3] Running GraphSAGE...
  Training GraphSAGE (full-batch) for up to 400 epochs (patience=20)...
  Epoch 5/400 | Loss: 8.1519 | Val F1: 0.0437 | 0.00s
  Epoch 10/400 | Loss: 2.1936 | Val F1: 0.1208 | 0.00s
  Epoch 15/400 | Loss: 1.6877 | Val F1: 0.3888 | 0.00s
  Epoch 20/400 | Loss: 1.3067 | Val F1: 0.3063 | 0.00s
  Epoch 25/400 | Loss: 0.8728 | Val F1: 0.5819 | 0.00s
  Epoch 30/400 | Loss: 0.6664 | Val F1: 0.7443 | 0.00s
  Epoch 35/400 | Loss: 0.4955 | Val F1: 0.7679 | 0.00s
  Epoch 40/400 | Loss: 0.4317 | Val F1: 0.8358 | 0.00s
  Epoch 45/400 | Loss: 0.3745 | Val F1: 0.8454 | 0.00s
  Epoch 50/400 | Loss: 0.3404 | Val F1: 0.8454 | 0.00s
  Epoch 55/400 | Loss: 0.3235 | Val F1: 0.8526 | 0.00s
  Epoch 60/400 | Loss: 0.2780 | Val F1: 0.8558 | 0.00s
  Epoch 65/400 | Loss: 0.2716 | Val F1: 0.8750 | 0.00s
  Epoch 70/400 | Loss: 0.2534 | Val F1: 0.8757 | 0.00s
  Epoch 75/400 | Loss: 0.2589 | Val F1: 0.8749 | 0.00s
  Epoch 80/400 | Loss: 0.2385 | Val F1: 0.8807 | 0.00s
  Epoch 85/400 | Loss: 0.2289 | Val F1: 0.8806 | 0.00s
  Epoch 90/400 | Loss: 0.2079 | Val F1: 0.8829 | 0.00s
  Epoch 95/400 | Loss: 0.2053 | Val F1: 0.8849 | 0.00s
  Epoch 100/400 | Loss: 0.1953 | Val F1: 0.8779 | 0.00s
  Epoch 105/400 | Loss: 0.1906 | Val F1: 0.8871 | 0.00s
  Epoch 110/400 | Loss: 0.1786 | Val F1: 0.8862 | 0.00s
  Epoch 115/400 | Loss: 0.1868 | Val F1: 0.8919 | 0.00s
  Epoch 120/400 | Loss: 0.1810 | Val F1: 0.8791 | 0.00s
  Epoch 125/400 | Loss: 0.1841 | Val F1: 0.8719 | 0.00s
  Epoch 130/400 | Loss: 0.1824 | Val F1: 0.8752 | 0.00s
  Epoch 135/400 | Loss: 0.1847 | Val F1: 0.8816 | 0.00s
  Epoch 140/400 | Loss: 0.1677 | Val F1: 0.8834 | 0.00s
  Epoch 145/400 | Loss: 0.1554 | Val F1: 0.8865 | 0.00s
  Epoch 150/400 | Loss: 0.1448 | Val F1: 0.8860 | 0.00s
  Epoch 155/400 | Loss: 0.1501 | Val F1: 0.8807 | 0.00s
  Epoch 160/400 | Loss: 0.1473 | Val F1: 0.8905 | 0.00s
  Epoch 165/400 | Loss: 0.1442 | Val F1: 0.9032 | 0.00s
  Epoch 170/400 | Loss: 0.1463 | Val F1: 0.9012 | 0.00s
  Epoch 175/400 | Loss: 0.1493 | Val F1: 0.8938 | 0.00s
  Epoch 180/400 | Loss: 0.1400 | Val F1: 0.8967 | 0.00s
  Epoch 185/400 | Loss: 0.1288 | Val F1: 0.8847 | 0.00s
  Epoch 190/400 | Loss: 0.1432 | Val F1: 0.8969 | 0.00s
  Epoch 195/400 | Loss: 0.1293 | Val F1: 0.8918 | 0.00s
  Epoch 200/400 | Loss: 0.1440 | Val F1: 0.8863 | 0.00s
  Epoch 205/400 | Loss: 0.1314 | Val F1: 0.8892 | 0.00s
  Epoch 210/400 | Loss: 0.1134 | Val F1: 0.8970 | 0.00s
  Epoch 215/400 | Loss: 0.1512 | Val F1: 0.8867 | 0.00s
  Epoch 220/400 | Loss: 0.1391 | Val F1: 0.8839 | 0.00s
  Epoch 225/400 | Loss: 0.1252 | Val F1: 0.8975 | 0.00s
  Epoch 230/400 | Loss: 0.1579 | Val F1: 0.8907 | 0.00s
  Epoch 235/400 | Loss: 0.1407 | Val F1: 0.8894 | 0.00s
  Epoch 240/400 | Loss: 0.1277 | Val F1: 0.8946 | 0.00s
  Epoch 245/400 | Loss: 0.1240 | Val F1: 0.8929 | 0.00s
  Epoch 250/400 | Loss: 0.1399 | Val F1: 0.8930 | 0.00s
  Epoch 255/400 | Loss: 0.1245 | Val F1: 0.8828 | 0.00s
  Epoch 260/400 | Loss: 0.1253 | Val F1: 0.8806 | 0.00s
  Epoch 265/400 | Loss: 0.1396 | Val F1: 0.8792 | 0.00s
  Early stopping at epoch 265
  Best Val F1: 0.9032 | Test F1: 0.9021 | Test Acc: 0.9170
  Total training time: 1.8s

======================================================================
  Val  Macro-F1: 0.9032
  Test Macro-F1: 0.9021
  Test Accuracy: 0.9170
  Time: 1.8s
======================================================================

  Results saved to: results/GraphSAGE_amap_MCAR_0.4_20260721_163701
