/home/erfan/MATE/ogbn_benchmarks/../src/utils.py:183: UserWarning: torch.sparse.SparseTensor(indices, values, shape, *, device=) is deprecated.  Please use torch.sparse_coo_tensor(indices, values, shape, dtype=, device=). (Triggered internally at /pytorch/torch/csrc/utils/tensor_new.cpp:654.)
  adj_norm = torch.sparse.FloatTensor(indices_norm, values_norm, torch.Size(adj_norm.shape))
/home/erfan/MATE/ogbn_benchmarks/FP.py:56: UserWarning: Sparse invariant checks are implicitly disabled. Memory errors (e.g. SEGFAULT) will occur when operating on a sparse tensor which violates the invariants, but checks incur performance overhead. To silence this warning, explicitly opt in or out. See `torch.sparse.check_sparse_tensor_invariants.__doc__` for guidance.  (Triggered internally at /pytorch/aten/src/ATen/Context.cpp:760.)
  A = torch.sparse_coo_tensor(idx, val, (num_nodes, num_nodes)).coalesce().to(device)
======================================================================
  NESS | citeseer | MCAR @ 40%
======================================================================
[1/3] Loading citeseer...
loading dataset: citeseer
  3,327 nodes | 3703 dims | 6 classes
[2/3] Simulating MCAR missingness...
Simulating MCAR missingness at 40% rate...
  MCAR: Uniform random selection
  Observable: 1,997 (60.0%)
  Masked: 1,330 (40.0%)
  Observable: 1,997 | Val: 665 | Test: 665
[3/3] Running NESS...
  Prefilling missing nodes via Feature Propagation (40 iters)...
  Computing SSL targets (neighborhood stats + centroid, 2-hop)...
✓ Using FAST vectorized SSL computation (torch_scatter available)
  Computing 2-hop neighborhood targets (FAST vectorized)...
    ✓ k-hop targets computed (119 nodes had no observable within 2 hops)
  Computing neighbor label-histogram target (2-hop, observable labels)...
  Small graph: full-batch (single cluster)
  Training NESS for up to 400 epochs (patience=20)...
  Epoch 1/400 | Total: 5.147 Edge: 0.694 Con: 0.488 Cls: 1.785 Hist: 1.4868 Path: 0.6937 | 0.4s
  Epoch 2/400 | Total: 5.069 Edge: 0.693 Con: 0.464 Cls: 1.776 Hist: 1.4432 Path: 0.6926 | 0.0s
  Epoch 3/400 | Total: 4.972 Edge: 0.693 Con: 0.426 Cls: 1.765 Hist: 1.3972 Path: 0.6913 | 0.0s
  Epoch 4/400 | Total: 4.860 Edge: 0.692 Con: 0.375 Cls: 1.753 Hist: 1.3508 Path: 0.6896 | 0.0s
  Epoch 5/400 | Total: 4.762 Edge: 0.691 Con: 0.344 Cls: 1.736 Hist: 1.3034 Path: 0.6879 | Val F1: 0.5038 | 0.0s
  Epoch 6/400 | Total: 4.644 Edge: 0.688 Con: 0.302 Cls: 1.716 Hist: 1.2528 Path: 0.6851 | 0.0s
  Epoch 7/400 | Total: 4.530 Edge: 0.685 Con: 0.275 Cls: 1.691 Hist: 1.1959 Path: 0.6821 | 0.0s
  Epoch 8/400 | Total: 4.404 Edge: 0.682 Con: 0.245 Cls: 1.659 Hist: 1.1394 Path: 0.6784 | 0.0s
  Epoch 9/400 | Total: 4.269 Edge: 0.676 Con: 0.225 Cls: 1.617 Hist: 1.0783 Path: 0.6729 | 0.0s
  Epoch 10/400 | Total: 4.125 Edge: 0.669 Con: 0.197 Cls: 1.574 Hist: 1.0174 Path: 0.6676 | Val F1: 0.5589 | 0.0s
  Epoch 11/400 | Total: 3.978 Edge: 0.661 Con: 0.183 Cls: 1.519 Hist: 0.9532 Path: 0.6615 | 0.0s
  Epoch 12/400 | Total: 3.824 Edge: 0.651 Con: 0.169 Cls: 1.461 Hist: 0.8904 Path: 0.6522 | 0.0s
  Epoch 13/400 | Total: 3.675 Edge: 0.639 Con: 0.162 Cls: 1.404 Hist: 0.8254 Path: 0.6441 | 0.0s
  Epoch 14/400 | Total: 3.505 Edge: 0.625 Con: 0.152 Cls: 1.328 Hist: 0.7669 Path: 0.6333 | 0.0s
  Epoch 15/400 | Total: 3.347 Edge: 0.609 Con: 0.145 Cls: 1.259 Hist: 0.7127 Path: 0.6221 | Val F1: 0.5770 | 0.0s
  Epoch 16/400 | Total: 3.187 Edge: 0.595 Con: 0.145 Cls: 1.179 Hist: 0.6616 Path: 0.6077 | 0.0s
  Epoch 17/400 | Total: 3.030 Edge: 0.576 Con: 0.141 Cls: 1.106 Hist: 0.6097 Path: 0.5972 | 0.0s
  Epoch 18/400 | Total: 2.886 Edge: 0.565 Con: 0.140 Cls: 1.039 Hist: 0.5633 Path: 0.5786 | 0.0s
  Epoch 19/400 | Total: 2.759 Edge: 0.549 Con: 0.139 Cls: 0.970 Hist: 0.5299 Path: 0.5704 | 0.0s
  Epoch 20/400 | Total: 2.660 Edge: 0.540 Con: 0.137 Cls: 0.921 Hist: 0.4994 Path: 0.5627 | Val F1: 0.5921 | 0.0s
  Epoch 21/400 | Total: 2.537 Edge: 0.538 Con: 0.137 Cls: 0.852 Hist: 0.4588 Path: 0.5512 | 0.0s
  Epoch 22/400 | Total: 2.485 Edge: 0.533 Con: 0.135 Cls: 0.824 Hist: 0.4382 Path: 0.5551 | 0.0s
  Epoch 23/400 | Total: 2.397 Edge: 0.527 Con: 0.134 Cls: 0.775 Hist: 0.4166 Path: 0.5446 | 0.0s
  Epoch 24/400 | Total: 2.350 Edge: 0.530 Con: 0.132 Cls: 0.735 Hist: 0.4030 Path: 0.5499 | 0.0s
  Epoch 25/400 | Total: 2.318 Edge: 0.531 Con: 0.131 Cls: 0.721 Hist: 0.3887 Path: 0.5461 | Val F1: 0.6084 | 0.0s
  Epoch 26/400 | Total: 2.259 Edge: 0.528 Con: 0.130 Cls: 0.686 Hist: 0.3705 Path: 0.5457 | 0.0s
  Epoch 27/400 | Total: 2.188 Edge: 0.520 Con: 0.129 Cls: 0.660 Hist: 0.3541 Path: 0.5248 | 0.0s
  Epoch 28/400 | Total: 2.156 Edge: 0.509 Con: 0.127 Cls: 0.647 Hist: 0.3469 Path: 0.5253 | 0.0s
  Epoch 29/400 | Total: 2.065 Edge: 0.508 Con: 0.126 Cls: 0.602 Hist: 0.3255 Path: 0.5032 | 0.0s
  Epoch 30/400 | Total: 2.029 Edge: 0.499 Con: 0.125 Cls: 0.589 Hist: 0.3079 Path: 0.5083 | Val F1: 0.6077 | 0.0s
  Epoch 31/400 | Total: 1.975 Edge: 0.482 Con: 0.125 Cls: 0.577 Hist: 0.2990 Path: 0.4921 | 0.0s
  Epoch 32/400 | Total: 1.929 Edge: 0.479 Con: 0.123 Cls: 0.550 Hist: 0.2936 Path: 0.4841 | 0.0s
  Epoch 33/400 | Total: 1.899 Edge: 0.463 Con: 0.122 Cls: 0.548 Hist: 0.2816 Path: 0.4844 | 0.0s
  Epoch 34/400 | Total: 1.870 Edge: 0.461 Con: 0.122 Cls: 0.526 Hist: 0.2815 Path: 0.4781 | 0.0s
  Epoch 35/400 | Total: 1.811 Edge: 0.457 Con: 0.121 Cls: 0.498 Hist: 0.2682 Path: 0.4668 | Val F1: 0.6309 | 0.0s
  Epoch 36/400 | Total: 1.764 Edge: 0.446 Con: 0.120 Cls: 0.487 Hist: 0.2582 Path: 0.4535 | 0.0s
  Epoch 37/400 | Total: 1.751 Edge: 0.448 Con: 0.119 Cls: 0.476 Hist: 0.2474 Path: 0.4598 | 0.0s
  Epoch 38/400 | Total: 1.709 Edge: 0.444 Con: 0.119 Cls: 0.462 Hist: 0.2375 Path: 0.4466 | 0.0s
  Epoch 39/400 | Total: 1.693 Edge: 0.439 Con: 0.119 Cls: 0.449 Hist: 0.2397 Path: 0.4473 | 0.0s
  Epoch 40/400 | Total: 1.651 Edge: 0.439 Con: 0.118 Cls: 0.429 Hist: 0.2216 Path: 0.4436 | Val F1: 0.6542 | 0.0s
  Epoch 41/400 | Total: 1.637 Edge: 0.434 Con: 0.118 Cls: 0.427 Hist: 0.2142 Path: 0.4445 | 0.0s
  Epoch 42/400 | Total: 1.590 Edge: 0.430 Con: 0.117 Cls: 0.393 Hist: 0.2172 Path: 0.4321 | 0.0s
  Epoch 43/400 | Total: 1.563 Edge: 0.427 Con: 0.116 Cls: 0.388 Hist: 0.2011 Path: 0.4306 | 0.0s
  Epoch 44/400 | Total: 1.552 Edge: 0.423 Con: 0.117 Cls: 0.384 Hist: 0.2052 Path: 0.4236 | 0.0s
  Epoch 45/400 | Total: 1.528 Edge: 0.418 Con: 0.116 Cls: 0.372 Hist: 0.2008 Path: 0.4211 | Val F1: 0.6637 | 0.0s
  Epoch 46/400 | Total: 1.505 Edge: 0.419 Con: 0.116 Cls: 0.359 Hist: 0.1904 Path: 0.4201 | 0.0s
  Epoch 47/400 | Total: 1.497 Edge: 0.413 Con: 0.116 Cls: 0.362 Hist: 0.1873 Path: 0.4177 | 0.0s
  Epoch 48/400 | Total: 1.462 Edge: 0.409 Con: 0.115 Cls: 0.340 Hist: 0.1887 Path: 0.4097 | 0.0s
  Epoch 49/400 | Total: 1.454 Edge: 0.405 Con: 0.116 Cls: 0.341 Hist: 0.1884 Path: 0.4048 | 0.0s
  Epoch 50/400 | Total: 1.414 Edge: 0.405 Con: 0.114 Cls: 0.318 Hist: 0.1787 Path: 0.3973 | Val F1: 0.6631 | 0.0s
  Epoch 51/400 | Total: 1.398 Edge: 0.396 Con: 0.114 Cls: 0.309 Hist: 0.1796 Path: 0.3991 | 0.0s
  Epoch 52/400 | Total: 1.386 Edge: 0.390 Con: 0.114 Cls: 0.304 Hist: 0.1742 Path: 0.4033 | 0.0s
  Epoch 53/400 | Total: 1.372 Edge: 0.389 Con: 0.114 Cls: 0.301 Hist: 0.1700 Path: 0.3964 | 0.0s
  Epoch 54/400 | Total: 1.338 Edge: 0.392 Con: 0.114 Cls: 0.279 Hist: 0.1688 Path: 0.3838 | 0.0s
  Epoch 55/400 | Total: 1.368 Edge: 0.388 Con: 0.114 Cls: 0.286 Hist: 0.1796 Path: 0.4006 | Val F1: 0.6580 | 0.0s
  Epoch 56/400 | Total: 1.348 Edge: 0.387 Con: 0.113 Cls: 0.284 Hist: 0.1730 Path: 0.3902 | 0.0s
  Epoch 57/400 | Total: 1.310 Edge: 0.383 Con: 0.113 Cls: 0.274 Hist: 0.1613 Path: 0.3785 | 0.0s
  Epoch 58/400 | Total: 1.304 Edge: 0.382 Con: 0.113 Cls: 0.268 Hist: 0.1643 Path: 0.3778 | 0.0s
  Epoch 59/400 | Total: 1.291 Edge: 0.379 Con: 0.113 Cls: 0.261 Hist: 0.1554 Path: 0.3820 | 0.0s
  Epoch 60/400 | Total: 1.298 Edge: 0.376 Con: 0.113 Cls: 0.263 Hist: 0.1625 Path: 0.3846 | Val F1: 0.6578 | 0.0s
  Epoch 61/400 | Total: 1.281 Edge: 0.371 Con: 0.112 Cls: 0.264 Hist: 0.1548 Path: 0.3790 | 0.0s
  Epoch 62/400 | Total: 1.286 Edge: 0.369 Con: 0.112 Cls: 0.263 Hist: 0.1658 Path: 0.3757 | 0.0s
  Epoch 63/400 | Total: 1.253 Edge: 0.364 Con: 0.111 Cls: 0.241 Hist: 0.1661 Path: 0.3710 | 0.0s
  Epoch 64/400 | Total: 1.232 Edge: 0.361 Con: 0.112 Cls: 0.239 Hist: 0.1608 Path: 0.3603 | 0.0s
  Epoch 65/400 | Total: 1.231 Edge: 0.358 Con: 0.112 Cls: 0.232 Hist: 0.1638 Path: 0.3653 | Val F1: 0.6452 | 0.0s
  Epoch 66/400 | Total: 1.208 Edge: 0.359 Con: 0.110 Cls: 0.233 Hist: 0.1617 Path: 0.3440 | 0.0s
  Epoch 67/400 | Total: 1.214 Edge: 0.356 Con: 0.110 Cls: 0.234 Hist: 0.1559 Path: 0.3589 | 0.0s
  Epoch 68/400 | Total: 1.206 Edge: 0.348 Con: 0.110 Cls: 0.244 Hist: 0.1511 Path: 0.3533 | 0.0s
  Epoch 69/400 | Total: 1.196 Edge: 0.352 Con: 0.110 Cls: 0.235 Hist: 0.1579 Path: 0.3400 | 0.0s
  Epoch 70/400 | Total: 1.150 Edge: 0.341 Con: 0.109 Cls: 0.221 Hist: 0.1484 Path: 0.3301 | Val F1: 0.6420 | 0.0s
  Epoch 71/400 | Total: 1.196 Edge: 0.348 Con: 0.110 Cls: 0.234 Hist: 0.1604 Path: 0.3443 | 0.0s
  Epoch 72/400 | Total: 1.149 Edge: 0.331 Con: 0.108 Cls: 0.237 Hist: 0.1452 Path: 0.3273 | 0.0s
  Epoch 73/400 | Total: 1.157 Edge: 0.335 Con: 0.108 Cls: 0.212 Hist: 0.1643 Path: 0.3378 | 0.0s
  Epoch 74/400 | Total: 1.128 Edge: 0.332 Con: 0.108 Cls: 0.217 Hist: 0.1556 Path: 0.3158 | 0.0s
  Epoch 75/400 | Total: 1.109 Edge: 0.327 Con: 0.109 Cls: 0.210 Hist: 0.1531 Path: 0.3100 | Val F1: 0.6506 | 0.0s
  Epoch 76/400 | Total: 1.138 Edge: 0.325 Con: 0.108 Cls: 0.224 Hist: 0.1595 Path: 0.3223 | 0.0s
  Epoch 77/400 | Total: 1.115 Edge: 0.330 Con: 0.108 Cls: 0.218 Hist: 0.1490 Path: 0.3107 | 0.0s
  Epoch 78/400 | Total: 1.098 Edge: 0.321 Con: 0.108 Cls: 0.208 Hist: 0.1496 Path: 0.3117 | 0.0s
  Epoch 79/400 | Total: 1.085 Edge: 0.310 Con: 0.107 Cls: 0.216 Hist: 0.1529 Path: 0.2988 | 0.0s
  Epoch 80/400 | Total: 1.097 Edge: 0.320 Con: 0.108 Cls: 0.210 Hist: 0.1548 Path: 0.3049 | Val F1: 0.6442 | 0.0s
  Epoch 81/400 | Total: 1.099 Edge: 0.314 Con: 0.106 Cls: 0.222 Hist: 0.1568 Path: 0.2994 | 0.0s
  Epoch 82/400 | Total: 1.093 Edge: 0.317 Con: 0.107 Cls: 0.213 Hist: 0.1535 Path: 0.3029 | 0.0s
  Epoch 83/400 | Total: 1.068 Edge: 0.313 Con: 0.107 Cls: 0.210 Hist: 0.1487 Path: 0.2892 | 0.0s
  Epoch 84/400 | Total: 1.050 Edge: 0.304 Con: 0.106 Cls: 0.209 Hist: 0.1471 Path: 0.2836 | 0.0s
  Epoch 85/400 | Total: 1.056 Edge: 0.301 Con: 0.105 Cls: 0.219 Hist: 0.1498 Path: 0.2813 | Val F1: 0.6489 | 0.0s
  Epoch 86/400 | Total: 1.046 Edge: 0.302 Con: 0.106 Cls: 0.209 Hist: 0.1497 Path: 0.2793 | 0.0s
  Epoch 87/400 | Total: 1.049 Edge: 0.298 Con: 0.105 Cls: 0.226 Hist: 0.1499 Path: 0.2706 | 0.0s
  Epoch 88/400 | Total: 1.041 Edge: 0.306 Con: 0.106 Cls: 0.206 Hist: 0.1517 Path: 0.2724 | 0.0s
  Epoch 89/400 | Total: 1.036 Edge: 0.290 Con: 0.105 Cls: 0.212 Hist: 0.1471 Path: 0.2809 | 0.0s
  Epoch 90/400 | Total: 1.040 Edge: 0.303 Con: 0.105 Cls: 0.207 Hist: 0.1504 Path: 0.2743 | Val F1: 0.6477 | 0.0s
  Epoch 91/400 | Total: 1.007 Edge: 0.290 Con: 0.105 Cls: 0.195 Hist: 0.1490 Path: 0.2676 | 0.0s
  Epoch 92/400 | Total: 1.023 Edge: 0.284 Con: 0.105 Cls: 0.223 Hist: 0.1434 Path: 0.2676 | 0.0s
  Epoch 93/400 | Total: 1.000 Edge: 0.290 Con: 0.104 Cls: 0.197 Hist: 0.1458 Path: 0.2637 | 0.0s
  Epoch 94/400 | Total: 0.974 Edge: 0.284 Con: 0.105 Cls: 0.193 Hist: 0.1452 Path: 0.2484 | 0.0s
  Epoch 95/400 | Total: 0.995 Edge: 0.275 Con: 0.104 Cls: 0.206 Hist: 0.1398 Path: 0.2716 | Val F1: 0.6534 | 0.0s
  Epoch 96/400 | Total: 0.993 Edge: 0.282 Con: 0.103 Cls: 0.200 Hist: 0.1428 Path: 0.2649 | 0.0s
  Epoch 97/400 | Total: 0.979 Edge: 0.280 Con: 0.104 Cls: 0.189 Hist: 0.1507 Path: 0.2553 | 0.0s
  Epoch 98/400 | Total: 0.964 Edge: 0.285 Con: 0.104 Cls: 0.183 Hist: 0.1477 Path: 0.2451 | 0.0s
  Epoch 99/400 | Total: 0.977 Edge: 0.277 Con: 0.104 Cls: 0.202 Hist: 0.1523 Path: 0.2418 | 0.0s
  Epoch 100/400 | Total: 0.979 Edge: 0.274 Con: 0.103 Cls: 0.213 Hist: 0.1461 Path: 0.2444 | Val F1: 0.6546 | 0.0s
  Epoch 101/400 | Total: 0.978 Edge: 0.275 Con: 0.104 Cls: 0.215 Hist: 0.1458 Path: 0.2377 | 0.0s
  Epoch 102/400 | Total: 0.964 Edge: 0.273 Con: 0.102 Cls: 0.208 Hist: 0.1526 Path: 0.2285 | 0.0s
  Epoch 103/400 | Total: 0.958 Edge: 0.265 Con: 0.102 Cls: 0.204 Hist: 0.1460 Path: 0.2406 | 0.0s
  Epoch 104/400 | Total: 0.937 Edge: 0.266 Con: 0.102 Cls: 0.199 Hist: 0.1465 Path: 0.2241 | 0.0s
  Epoch 105/400 | Total: 0.913 Edge: 0.263 Con: 0.103 Cls: 0.186 Hist: 0.1409 Path: 0.2210 | Val F1: 0.6562 | 0.0s
  Epoch 106/400 | Total: 0.926 Edge: 0.268 Con: 0.102 Cls: 0.189 Hist: 0.1340 Path: 0.2335 | 0.0s
  Epoch 107/400 | Total: 0.924 Edge: 0.266 Con: 0.101 Cls: 0.198 Hist: 0.1390 Path: 0.2203 | 0.0s
  Epoch 108/400 | Total: 0.902 Edge: 0.258 Con: 0.101 Cls: 0.181 Hist: 0.1402 Path: 0.2225 | 0.0s
  Epoch 109/400 | Total: 0.934 Edge: 0.266 Con: 0.099 Cls: 0.200 Hist: 0.1430 Path: 0.2251 | 0.0s
  Epoch 110/400 | Total: 0.898 Edge: 0.256 Con: 0.100 Cls: 0.187 Hist: 0.1375 Path: 0.2171 | Val F1: 0.6493 | 0.0s
  Epoch 111/400 | Total: 0.930 Edge: 0.263 Con: 0.100 Cls: 0.203 Hist: 0.1374 Path: 0.2267 | 0.0s
  Epoch 112/400 | Total: 0.926 Edge: 0.260 Con: 0.100 Cls: 0.198 Hist: 0.1447 Path: 0.2235 | 0.0s
  Epoch 113/400 | Total: 0.915 Edge: 0.260 Con: 0.099 Cls: 0.192 Hist: 0.1384 Path: 0.2258 | 0.0s
  Epoch 114/400 | Total: 0.896 Edge: 0.256 Con: 0.100 Cls: 0.181 Hist: 0.1489 Path: 0.2098 | 0.0s
  Epoch 115/400 | Total: 0.899 Edge: 0.249 Con: 0.099 Cls: 0.188 Hist: 0.1463 Path: 0.2163 | Val F1: 0.6478 | 0.0s
  Epoch 116/400 | Total: 0.885 Edge: 0.244 Con: 0.100 Cls: 0.187 Hist: 0.1378 Path: 0.2168 | 0.0s
  Epoch 117/400 | Total: 0.884 Edge: 0.247 Con: 0.098 Cls: 0.186 Hist: 0.1404 Path: 0.2131 | 0.0s
  Epoch 118/400 | Total: 0.888 Edge: 0.250 Con: 0.098 Cls: 0.185 Hist: 0.1410 Path: 0.2132 | 0.0s
  Epoch 119/400 | Total: 0.877 Edge: 0.245 Con: 0.098 Cls: 0.193 Hist: 0.1335 Path: 0.2067 | 0.0s
  Epoch 120/400 | Total: 0.863 Edge: 0.239 Con: 0.097 Cls: 0.181 Hist: 0.1422 Path: 0.2039 | Val F1: 0.6507 | 0.0s
  Epoch 121/400 | Total: 0.871 Edge: 0.249 Con: 0.098 Cls: 0.190 Hist: 0.1305 Path: 0.2032 | 0.0s
  Epoch 122/400 | Total: 0.861 Edge: 0.245 Con: 0.098 Cls: 0.178 Hist: 0.1380 Path: 0.2025 | 0.0s
  Epoch 123/400 | Total: 0.833 Edge: 0.240 Con: 0.097 Cls: 0.162 Hist: 0.1310 Path: 0.2043 | 0.0s
  Epoch 124/400 | Total: 0.839 Edge: 0.233 Con: 0.096 Cls: 0.179 Hist: 0.1299 Path: 0.2019 | 0.0s
  Epoch 125/400 | Total: 0.855 Edge: 0.233 Con: 0.096 Cls: 0.196 Hist: 0.1263 Path: 0.2029 | Val F1: 0.6506 | 0.0s
  Epoch 126/400 | Total: 0.853 Edge: 0.241 Con: 0.097 Cls: 0.176 Hist: 0.1409 Path: 0.1987 | 0.0s
  Epoch 127/400 | Total: 0.841 Edge: 0.230 Con: 0.095 Cls: 0.183 Hist: 0.1315 Path: 0.2016 | 0.0s
  Epoch 128/400 | Total: 0.838 Edge: 0.237 Con: 0.096 Cls: 0.177 Hist: 0.1346 Path: 0.1923 | 0.0s
  Epoch 129/400 | Total: 0.832 Edge: 0.236 Con: 0.095 Cls: 0.179 Hist: 0.1292 Path: 0.1933 | 0.0s
  Epoch 130/400 | Total: 0.830 Edge: 0.235 Con: 0.095 Cls: 0.167 Hist: 0.1297 Path: 0.2032 | Val F1: 0.6468 | 0.0s
  Epoch 131/400 | Total: 0.819 Edge: 0.225 Con: 0.094 Cls: 0.181 Hist: 0.1319 Path: 0.1873 | 0.0s
  Epoch 132/400 | Total: 0.833 Edge: 0.231 Con: 0.094 Cls: 0.184 Hist: 0.1273 Path: 0.1962 | 0.0s
  Epoch 133/400 | Total: 0.824 Edge: 0.234 Con: 0.094 Cls: 0.179 Hist: 0.1343 Path: 0.1822 | 0.0s
  Epoch 134/400 | Total: 0.839 Edge: 0.228 Con: 0.094 Cls: 0.193 Hist: 0.1351 Path: 0.1890 | 0.0s
  Epoch 135/400 | Total: 0.818 Edge: 0.226 Con: 0.094 Cls: 0.180 Hist: 0.1283 Path: 0.1893 | Val F1: 0.6507 | 0.0s
  Epoch 136/400 | Total: 0.825 Edge: 0.219 Con: 0.094 Cls: 0.179 Hist: 0.1383 Path: 0.1960 | 0.0s
  Epoch 137/400 | Total: 0.808 Edge: 0.230 Con: 0.094 Cls: 0.167 Hist: 0.1299 Path: 0.1880 | 0.0s
  Epoch 138/400 | Total: 0.808 Edge: 0.226 Con: 0.093 Cls: 0.170 Hist: 0.1277 Path: 0.1911 | 0.0s
  Epoch 139/400 | Total: 0.812 Edge: 0.227 Con: 0.094 Cls: 0.167 Hist: 0.1305 Path: 0.1940 | 0.0s
  Epoch 140/400 | Total: 0.808 Edge: 0.224 Con: 0.094 Cls: 0.189 Hist: 0.1282 Path: 0.1735 | Val F1: 0.6467 | 0.0s
  Epoch 141/400 | Total: 0.800 Edge: 0.221 Con: 0.094 Cls: 0.168 Hist: 0.1319 Path: 0.1849 | 0.0s
  Epoch 142/400 | Total: 0.796 Edge: 0.219 Con: 0.094 Cls: 0.169 Hist: 0.1308 Path: 0.1831 | 0.0s
  Epoch 143/400 | Total: 0.793 Edge: 0.216 Con: 0.093 Cls: 0.169 Hist: 0.1299 Path: 0.1857 | 0.0s
  Epoch 144/400 | Total: 0.813 Edge: 0.226 Con: 0.093 Cls: 0.183 Hist: 0.1314 Path: 0.1790 | 0.0s
  Epoch 145/400 | Total: 0.780 Edge: 0.215 Con: 0.092 Cls: 0.167 Hist: 0.1280 Path: 0.1784 | Val F1: 0.6486 | 0.0s
  Early stopping at epoch 145
  Best Val F1: 0.6637 | Test F1: 0.7102
  Total training time: 4.7s (0.1 min)

======================================================================
  Val  Macro-F1: 0.6637
  Test Macro-F1: 0.7102
  Test Accuracy: 0.7353
  Time: 5.0s
======================================================================

  Results saved to: results/NESS_citeseer_MCAR_0.4_20260721_163410
