/home/erfan/MATE/ogbn_benchmarks/../src/utils.py:183: UserWarning: torch.sparse.SparseTensor(indices, values, shape, *, device=) is deprecated.  Please use torch.sparse_coo_tensor(indices, values, shape, dtype=, device=). (Triggered internally at /pytorch/torch/csrc/utils/tensor_new.cpp:654.)
  adj_norm = torch.sparse.FloatTensor(indices_norm, values_norm, torch.Size(adj_norm.shape))
/home/erfan/MATE/ogbn_benchmarks/FP.py:56: UserWarning: Sparse invariant checks are implicitly disabled. Memory errors (e.g. SEGFAULT) will occur when operating on a sparse tensor which violates the invariants, but checks incur performance overhead. To silence this warning, explicitly opt in or out. See `torch.sparse.check_sparse_tensor_invariants.__doc__` for guidance.  (Triggered internally at /pytorch/aten/src/ATen/Context.cpp:760.)
  A = torch.sparse_coo_tensor(idx, val, (num_nodes, num_nodes)).coalesce().to(device)
======================================================================
  NESS | cora | MCAR @ 40%
======================================================================
[1/3] Loading cora...
loading dataset: cora
  2,708 nodes | 1433 dims | 7 classes
[2/3] Simulating MCAR missingness...
Simulating MCAR missingness at 40% rate...
  MCAR: Uniform random selection
  Observable: 1,625 (60.0%)
  Masked: 1,083 (40.0%)
  Observable: 1,625 | Val: 541 | Test: 542
[3/3] Running NESS...
  Prefilling missing nodes via Feature Propagation (40 iters)...
  Computing SSL targets (neighborhood stats + centroid, 2-hop)...
✓ Using FAST vectorized SSL computation (torch_scatter available)
  Computing 2-hop neighborhood targets (FAST vectorized)...
    ✓ k-hop targets computed (39 nodes had no observable within 2 hops)
  Computing neighbor label-histogram target (2-hop, observable labels)...
  Small graph: full-batch (single cluster)
  Training NESS for up to 400 epochs (patience=20)...
  Epoch 1/400 | Total: 5.414 Edge: 0.694 Con: 0.508 Cls: 1.936 Hist: 1.5831 Path: 0.6932 | 0.4s
  Epoch 2/400 | Total: 5.359 Edge: 0.693 Con: 0.492 Cls: 1.928 Hist: 1.5528 Path: 0.6926 | 0.0s
  Epoch 3/400 | Total: 5.288 Edge: 0.693 Con: 0.469 Cls: 1.919 Hist: 1.5149 Path: 0.6919 | 0.0s
  Epoch 4/400 | Total: 5.222 Edge: 0.693 Con: 0.450 Cls: 1.906 Hist: 1.4826 Path: 0.6912 | 0.0s
  Epoch 5/400 | Total: 5.144 Edge: 0.692 Con: 0.418 Cls: 1.894 Hist: 1.4496 Path: 0.6902 | Val F1: 0.0730 | 0.0s
  Epoch 6/400 | Total: 5.063 Edge: 0.691 Con: 0.394 Cls: 1.878 Hist: 1.4100 Path: 0.6893 | 0.0s
  Epoch 7/400 | Total: 4.992 Edge: 0.690 Con: 0.374 Cls: 1.863 Hist: 1.3754 Path: 0.6883 | 0.0s
  Epoch 8/400 | Total: 4.891 Edge: 0.689 Con: 0.336 Cls: 1.842 Hist: 1.3370 Path: 0.6869 | 0.0s
  Epoch 9/400 | Total: 4.800 Edge: 0.687 Con: 0.313 Cls: 1.819 Hist: 1.2962 Path: 0.6851 | 0.0s
  Epoch 10/400 | Total: 4.711 Edge: 0.685 Con: 0.301 Cls: 1.786 Hist: 1.2544 Path: 0.6839 | Val F1: 0.0944 | 0.0s
  Epoch 11/400 | Total: 4.615 Edge: 0.682 Con: 0.276 Cls: 1.758 Hist: 1.2165 Path: 0.6820 | 0.0s
  Epoch 12/400 | Total: 4.520 Edge: 0.679 Con: 0.260 Cls: 1.721 Hist: 1.1783 Path: 0.6806 | 0.0s
  Epoch 13/400 | Total: 4.407 Edge: 0.675 Con: 0.244 Cls: 1.678 Hist: 1.1313 Path: 0.6783 | 0.0s
  Epoch 14/400 | Total: 4.282 Edge: 0.671 Con: 0.223 Cls: 1.628 Hist: 1.0856 Path: 0.6746 | 0.0s
  Epoch 15/400 | Total: 4.161 Edge: 0.666 Con: 0.208 Cls: 1.581 Hist: 1.0344 Path: 0.6714 | Val F1: 0.3080 | 0.0s
  Epoch 16/400 | Total: 4.047 Edge: 0.661 Con: 0.204 Cls: 1.525 Hist: 0.9901 Path: 0.6668 | 0.0s
  Epoch 17/400 | Total: 3.901 Edge: 0.653 Con: 0.187 Cls: 1.466 Hist: 0.9332 Path: 0.6611 | 0.0s
  Epoch 18/400 | Total: 3.778 Edge: 0.647 Con: 0.177 Cls: 1.411 Hist: 0.8882 Path: 0.6550 | 0.0s
  Epoch 19/400 | Total: 3.629 Edge: 0.638 Con: 0.169 Cls: 1.339 Hist: 0.8342 Path: 0.6484 | 0.0s
  Epoch 20/400 | Total: 3.499 Edge: 0.629 Con: 0.163 Cls: 1.286 Hist: 0.7816 Path: 0.6395 | Val F1: 0.5565 | 0.0s
  Epoch 21/400 | Total: 3.401 Edge: 0.621 Con: 0.163 Cls: 1.235 Hist: 0.7500 Path: 0.6314 | 0.0s
  Epoch 22/400 | Total: 3.234 Edge: 0.611 Con: 0.155 Cls: 1.157 Hist: 0.6892 Path: 0.6212 | 0.0s
  Epoch 23/400 | Total: 3.114 Edge: 0.601 Con: 0.153 Cls: 1.103 Hist: 0.6456 Path: 0.6113 | 0.0s
  Epoch 24/400 | Total: 3.025 Edge: 0.595 Con: 0.149 Cls: 1.060 Hist: 0.6205 Path: 0.6004 | 0.0s
  Epoch 25/400 | Total: 2.907 Edge: 0.584 Con: 0.149 Cls: 0.998 Hist: 0.5863 Path: 0.5900 | Val F1: 0.6443 | 0.0s
  Epoch 26/400 | Total: 2.768 Edge: 0.577 Con: 0.147 Cls: 0.933 Hist: 0.5353 Path: 0.5761 | 0.0s
  Epoch 27/400 | Total: 2.684 Edge: 0.572 Con: 0.144 Cls: 0.888 Hist: 0.5125 Path: 0.5678 | 0.0s
  Epoch 28/400 | Total: 2.572 Edge: 0.575 Con: 0.143 Cls: 0.820 Hist: 0.4695 Path: 0.5654 | 0.0s
  Epoch 29/400 | Total: 2.495 Edge: 0.564 Con: 0.141 Cls: 0.786 Hist: 0.4524 Path: 0.5516 | 0.0s
  Epoch 30/400 | Total: 2.416 Edge: 0.564 Con: 0.139 Cls: 0.745 Hist: 0.4221 Path: 0.5465 | Val F1: 0.7198 | 0.0s
  Epoch 31/400 | Total: 2.347 Edge: 0.556 Con: 0.139 Cls: 0.703 Hist: 0.4069 Path: 0.5425 | 0.0s
  Epoch 32/400 | Total: 2.249 Edge: 0.555 Con: 0.135 Cls: 0.662 Hist: 0.3728 Path: 0.5240 | 0.0s
  Epoch 33/400 | Total: 2.201 Edge: 0.546 Con: 0.133 Cls: 0.628 Hist: 0.3694 Path: 0.5241 | 0.0s
  Epoch 34/400 | Total: 2.134 Edge: 0.542 Con: 0.130 Cls: 0.593 Hist: 0.3394 Path: 0.5289 | 0.0s
  Epoch 35/400 | Total: 2.075 Edge: 0.534 Con: 0.130 Cls: 0.569 Hist: 0.3282 Path: 0.5137 | Val F1: 0.8092 | 0.0s
  Epoch 36/400 | Total: 2.011 Edge: 0.521 Con: 0.128 Cls: 0.544 Hist: 0.3173 Path: 0.5009 | 0.0s
  Epoch 37/400 | Total: 1.951 Edge: 0.520 Con: 0.127 Cls: 0.509 Hist: 0.2926 Path: 0.5021 | 0.0s
  Epoch 38/400 | Total: 1.928 Edge: 0.506 Con: 0.124 Cls: 0.503 Hist: 0.2962 Path: 0.4992 | 0.0s
  Epoch 39/400 | Total: 1.877 Edge: 0.498 Con: 0.123 Cls: 0.467 Hist: 0.2932 Path: 0.4955 | 0.0s
  Epoch 40/400 | Total: 1.831 Edge: 0.492 Con: 0.122 Cls: 0.457 Hist: 0.2836 Path: 0.4765 | Val F1: 0.8396 | 0.0s
  Epoch 41/400 | Total: 1.776 Edge: 0.492 Con: 0.118 Cls: 0.432 Hist: 0.2666 Path: 0.4673 | 0.0s
  Epoch 42/400 | Total: 1.726 Edge: 0.477 Con: 0.120 Cls: 0.399 Hist: 0.2604 Path: 0.4691 | 0.0s
  Epoch 43/400 | Total: 1.706 Edge: 0.477 Con: 0.119 Cls: 0.387 Hist: 0.2626 Path: 0.4605 | 0.0s
  Epoch 44/400 | Total: 1.668 Edge: 0.465 Con: 0.117 Cls: 0.376 Hist: 0.2603 Path: 0.4500 | 0.0s
  Epoch 45/400 | Total: 1.613 Edge: 0.463 Con: 0.114 Cls: 0.356 Hist: 0.2449 Path: 0.4354 | Val F1: 0.8490 | 0.0s
  Epoch 46/400 | Total: 1.580 Edge: 0.454 Con: 0.114 Cls: 0.335 Hist: 0.2403 Path: 0.4359 | 0.0s
  Epoch 47/400 | Total: 1.567 Edge: 0.450 Con: 0.115 Cls: 0.340 Hist: 0.2335 Path: 0.4282 | 0.0s
  Epoch 48/400 | Total: 1.520 Edge: 0.442 Con: 0.114 Cls: 0.315 Hist: 0.2324 Path: 0.4163 | 0.0s
  Epoch 49/400 | Total: 1.518 Edge: 0.440 Con: 0.113 Cls: 0.321 Hist: 0.2302 Path: 0.4142 | 0.0s
  Epoch 50/400 | Total: 1.485 Edge: 0.437 Con: 0.111 Cls: 0.304 Hist: 0.2241 Path: 0.4087 | Val F1: 0.8401 | 0.0s
  Epoch 51/400 | Total: 1.487 Edge: 0.426 Con: 0.111 Cls: 0.317 Hist: 0.2264 Path: 0.4077 | 0.0s
  Epoch 52/400 | Total: 1.425 Edge: 0.421 Con: 0.111 Cls: 0.263 Hist: 0.2182 Path: 0.4121 | 0.0s
  Epoch 53/400 | Total: 1.403 Edge: 0.419 Con: 0.111 Cls: 0.264 Hist: 0.2052 Path: 0.4041 | 0.0s
  Epoch 54/400 | Total: 1.456 Edge: 0.414 Con: 0.111 Cls: 0.299 Hist: 0.2208 Path: 0.4116 | 0.0s
  Epoch 55/400 | Total: 1.374 Edge: 0.412 Con: 0.110 Cls: 0.261 Hist: 0.2082 Path: 0.3834 | Val F1: 0.8452 | 0.0s
  Epoch 56/400 | Total: 1.359 Edge: 0.400 Con: 0.109 Cls: 0.249 Hist: 0.2117 Path: 0.3891 | 0.0s
  Epoch 57/400 | Total: 1.368 Edge: 0.399 Con: 0.109 Cls: 0.252 Hist: 0.2226 Path: 0.3851 | 0.0s
  Epoch 58/400 | Total: 1.376 Edge: 0.404 Con: 0.108 Cls: 0.267 Hist: 0.2161 Path: 0.3810 | 0.0s
  Epoch 59/400 | Total: 1.358 Edge: 0.400 Con: 0.108 Cls: 0.255 Hist: 0.2127 Path: 0.3824 | 0.0s
  Epoch 60/400 | Total: 1.338 Edge: 0.395 Con: 0.109 Cls: 0.247 Hist: 0.2073 Path: 0.3788 | Val F1: 0.8479 | 0.0s
  Epoch 61/400 | Total: 1.341 Edge: 0.391 Con: 0.107 Cls: 0.260 Hist: 0.2062 Path: 0.3761 | 0.0s
  Epoch 62/400 | Total: 1.368 Edge: 0.397 Con: 0.108 Cls: 0.265 Hist: 0.2139 Path: 0.3838 | 0.0s
  Epoch 63/400 | Total: 1.329 Edge: 0.385 Con: 0.109 Cls: 0.253 Hist: 0.2004 Path: 0.3809 | 0.0s
  Epoch 64/400 | Total: 1.322 Edge: 0.390 Con: 0.106 Cls: 0.257 Hist: 0.1987 Path: 0.3712 | 0.0s
  Epoch 65/400 | Total: 1.271 Edge: 0.383 Con: 0.107 Cls: 0.217 Hist: 0.1984 Path: 0.3662 | Val F1: 0.8507 | 0.0s
  Epoch 66/400 | Total: 1.297 Edge: 0.380 Con: 0.106 Cls: 0.249 Hist: 0.2000 Path: 0.3610 | 0.0s
  Epoch 67/400 | Total: 1.251 Edge: 0.377 Con: 0.107 Cls: 0.226 Hist: 0.1920 Path: 0.3488 | 0.0s
  Epoch 68/400 | Total: 1.237 Edge: 0.369 Con: 0.105 Cls: 0.213 Hist: 0.1967 Path: 0.3533 | 0.0s
  Epoch 69/400 | Total: 1.248 Edge: 0.376 Con: 0.107 Cls: 0.220 Hist: 0.1919 Path: 0.3536 | 0.0s
  Epoch 70/400 | Total: 1.236 Edge: 0.378 Con: 0.106 Cls: 0.207 Hist: 0.1925 Path: 0.3514 | Val F1: 0.8437 | 0.0s
  Epoch 71/400 | Total: 1.233 Edge: 0.374 Con: 0.106 Cls: 0.211 Hist: 0.1906 Path: 0.3525 | 0.0s
  Epoch 72/400 | Total: 1.257 Edge: 0.374 Con: 0.106 Cls: 0.214 Hist: 0.1948 Path: 0.3677 | 0.0s
  Epoch 73/400 | Total: 1.253 Edge: 0.368 Con: 0.105 Cls: 0.231 Hist: 0.1957 Path: 0.3534 | 0.0s
  Epoch 74/400 | Total: 1.212 Edge: 0.361 Con: 0.105 Cls: 0.221 Hist: 0.1895 Path: 0.3348 | 0.0s
  Epoch 75/400 | Total: 1.185 Edge: 0.373 Con: 0.104 Cls: 0.191 Hist: 0.1790 Path: 0.3364 | Val F1: 0.8487 | 0.0s
  Epoch 76/400 | Total: 1.204 Edge: 0.359 Con: 0.105 Cls: 0.199 Hist: 0.1815 Path: 0.3589 | 0.0s
  Epoch 77/400 | Total: 1.191 Edge: 0.361 Con: 0.107 Cls: 0.192 Hist: 0.1796 Path: 0.3511 | 0.0s
  Epoch 78/400 | Total: 1.197 Edge: 0.358 Con: 0.104 Cls: 0.209 Hist: 0.1791 Path: 0.3460 | 0.0s
  Epoch 79/400 | Total: 1.162 Edge: 0.353 Con: 0.106 Cls: 0.183 Hist: 0.1794 Path: 0.3402 | 0.0s
  Epoch 80/400 | Total: 1.182 Edge: 0.361 Con: 0.104 Cls: 0.204 Hist: 0.1789 Path: 0.3338 | Val F1: 0.8466 | 0.0s
  Epoch 81/400 | Total: 1.177 Edge: 0.359 Con: 0.104 Cls: 0.195 Hist: 0.1875 Path: 0.3323 | 0.0s
  Epoch 82/400 | Total: 1.176 Edge: 0.356 Con: 0.105 Cls: 0.189 Hist: 0.1855 Path: 0.3398 | 0.0s
  Epoch 83/400 | Total: 1.158 Edge: 0.350 Con: 0.104 Cls: 0.197 Hist: 0.1860 Path: 0.3216 | 0.0s
  Epoch 84/400 | Total: 1.171 Edge: 0.349 Con: 0.103 Cls: 0.204 Hist: 0.1866 Path: 0.3282 | 0.0s
  Epoch 85/400 | Total: 1.181 Edge: 0.358 Con: 0.103 Cls: 0.190 Hist: 0.1853 Path: 0.3445 | Val F1: 0.8418 | 0.0s
  Epoch 86/400 | Total: 1.163 Edge: 0.351 Con: 0.102 Cls: 0.194 Hist: 0.1811 Path: 0.3345 | 0.0s
  Epoch 87/400 | Total: 1.147 Edge: 0.344 Con: 0.103 Cls: 0.192 Hist: 0.1814 Path: 0.3261 | 0.0s
  Epoch 88/400 | Total: 1.174 Edge: 0.355 Con: 0.105 Cls: 0.197 Hist: 0.1847 Path: 0.3328 | 0.0s
  Epoch 89/400 | Total: 1.159 Edge: 0.348 Con: 0.104 Cls: 0.194 Hist: 0.1810 Path: 0.3321 | 0.0s
  Epoch 90/400 | Total: 1.144 Edge: 0.348 Con: 0.103 Cls: 0.185 Hist: 0.1842 Path: 0.3230 | Val F1: 0.8537 | 0.0s
  Epoch 91/400 | Total: 1.152 Edge: 0.351 Con: 0.103 Cls: 0.183 Hist: 0.1778 Path: 0.3366 | 0.0s
  Epoch 92/400 | Total: 1.118 Edge: 0.340 Con: 0.103 Cls: 0.185 Hist: 0.1743 Path: 0.3144 | 0.0s
  Epoch 93/400 | Total: 1.134 Edge: 0.338 Con: 0.104 Cls: 0.197 Hist: 0.1702 Path: 0.3253 | 0.0s
  Epoch 94/400 | Total: 1.133 Edge: 0.345 Con: 0.100 Cls: 0.189 Hist: 0.1706 Path: 0.3278 | 0.0s
  Epoch 95/400 | Total: 1.153 Edge: 0.341 Con: 0.104 Cls: 0.195 Hist: 0.1757 Path: 0.3372 | Val F1: 0.8524 | 0.0s
  Epoch 96/400 | Total: 1.141 Edge: 0.339 Con: 0.103 Cls: 0.194 Hist: 0.1863 Path: 0.3194 | 0.0s
  Epoch 97/400 | Total: 1.115 Edge: 0.338 Con: 0.102 Cls: 0.183 Hist: 0.1697 Path: 0.3223 | 0.0s
  Epoch 98/400 | Total: 1.131 Edge: 0.342 Con: 0.103 Cls: 0.186 Hist: 0.1800 Path: 0.3202 | 0.0s
  Epoch 99/400 | Total: 1.131 Edge: 0.332 Con: 0.103 Cls: 0.193 Hist: 0.1792 Path: 0.3242 | 0.0s
  Epoch 100/400 | Total: 1.090 Edge: 0.323 Con: 0.101 Cls: 0.177 Hist: 0.1718 Path: 0.3174 | Val F1: 0.8520 | 0.0s
  Epoch 101/400 | Total: 1.118 Edge: 0.332 Con: 0.102 Cls: 0.187 Hist: 0.1723 Path: 0.3252 | 0.0s
  Epoch 102/400 | Total: 1.116 Edge: 0.338 Con: 0.103 Cls: 0.181 Hist: 0.1793 Path: 0.3144 | 0.0s
  Epoch 103/400 | Total: 1.100 Edge: 0.334 Con: 0.100 Cls: 0.181 Hist: 0.1744 Path: 0.3104 | 0.0s
  Epoch 104/400 | Total: 1.101 Edge: 0.329 Con: 0.103 Cls: 0.184 Hist: 0.1676 Path: 0.3175 | 0.0s
  Epoch 105/400 | Total: 1.095 Edge: 0.330 Con: 0.101 Cls: 0.177 Hist: 0.1732 Path: 0.3140 | Val F1: 0.8485 | 0.0s
  Epoch 106/400 | Total: 1.106 Edge: 0.330 Con: 0.103 Cls: 0.190 Hist: 0.1667 Path: 0.3167 | 0.0s
  Epoch 107/400 | Total: 1.139 Edge: 0.335 Con: 0.102 Cls: 0.198 Hist: 0.1748 Path: 0.3302 | 0.0s
  Epoch 108/400 | Total: 1.097 Edge: 0.329 Con: 0.103 Cls: 0.182 Hist: 0.1661 Path: 0.3169 | 0.0s
  Epoch 109/400 | Total: 1.102 Edge: 0.326 Con: 0.100 Cls: 0.175 Hist: 0.1792 Path: 0.3207 | 0.0s
  Epoch 110/400 | Total: 1.080 Edge: 0.322 Con: 0.101 Cls: 0.168 Hist: 0.1771 Path: 0.3126 | Val F1: 0.8501 | 0.0s
  Epoch 111/400 | Total: 1.071 Edge: 0.320 Con: 0.103 Cls: 0.178 Hist: 0.1741 Path: 0.2959 | 0.0s
  Epoch 112/400 | Total: 1.100 Edge: 0.327 Con: 0.101 Cls: 0.180 Hist: 0.1760 Path: 0.3158 | 0.0s
  Epoch 113/400 | Total: 1.054 Edge: 0.316 Con: 0.101 Cls: 0.165 Hist: 0.1702 Path: 0.3016 | 0.0s
  Epoch 114/400 | Total: 1.076 Edge: 0.326 Con: 0.102 Cls: 0.169 Hist: 0.1842 Path: 0.2953 | 0.0s
  Epoch 115/400 | Total: 1.066 Edge: 0.328 Con: 0.101 Cls: 0.166 Hist: 0.1642 Path: 0.3069 | Val F1: 0.8437 | 0.0s
  Epoch 116/400 | Total: 1.073 Edge: 0.323 Con: 0.099 Cls: 0.174 Hist: 0.1675 Path: 0.3096 | 0.0s
  Epoch 117/400 | Total: 1.062 Edge: 0.316 Con: 0.100 Cls: 0.168 Hist: 0.1693 Path: 0.3086 | 0.0s
  Epoch 118/400 | Total: 1.042 Edge: 0.319 Con: 0.100 Cls: 0.165 Hist: 0.1684 Path: 0.2890 | 0.0s
  Epoch 119/400 | Total: 1.074 Edge: 0.313 Con: 0.099 Cls: 0.193 Hist: 0.1724 Path: 0.2971 | 0.0s
  Epoch 120/400 | Total: 1.022 Edge: 0.310 Con: 0.100 Cls: 0.165 Hist: 0.1616 Path: 0.2855 | Val F1: 0.8539 | 0.0s
  Epoch 121/400 | Total: 1.043 Edge: 0.313 Con: 0.100 Cls: 0.166 Hist: 0.1597 Path: 0.3043 | 0.0s
  Epoch 122/400 | Total: 1.048 Edge: 0.312 Con: 0.101 Cls: 0.176 Hist: 0.1664 Path: 0.2919 | 0.0s
  Epoch 123/400 | Total: 1.049 Edge: 0.315 Con: 0.099 Cls: 0.169 Hist: 0.1629 Path: 0.3042 | 0.0s
  Epoch 124/400 | Total: 1.025 Edge: 0.312 Con: 0.100 Cls: 0.157 Hist: 0.1690 Path: 0.2875 | 0.0s
  Epoch 125/400 | Total: 1.054 Edge: 0.311 Con: 0.098 Cls: 0.177 Hist: 0.1633 Path: 0.3041 | Val F1: 0.8484 | 0.0s
  Epoch 126/400 | Total: 1.042 Edge: 0.309 Con: 0.099 Cls: 0.166 Hist: 0.1719 Path: 0.2958 | 0.0s
  Epoch 127/400 | Total: 1.055 Edge: 0.311 Con: 0.102 Cls: 0.180 Hist: 0.1698 Path: 0.2919 | 0.0s
  Epoch 128/400 | Total: 1.037 Edge: 0.306 Con: 0.100 Cls: 0.161 Hist: 0.1730 Path: 0.2972 | 0.0s
  Epoch 129/400 | Total: 1.033 Edge: 0.307 Con: 0.100 Cls: 0.177 Hist: 0.1667 Path: 0.2816 | 0.0s
  Epoch 130/400 | Total: 1.052 Edge: 0.308 Con: 0.099 Cls: 0.190 Hist: 0.1602 Path: 0.2945 | Val F1: 0.8459 | 0.0s
  Epoch 131/400 | Total: 1.049 Edge: 0.310 Con: 0.100 Cls: 0.176 Hist: 0.1634 Path: 0.2999 | 0.0s
  Epoch 132/400 | Total: 1.036 Edge: 0.311 Con: 0.101 Cls: 0.164 Hist: 0.1756 Path: 0.2847 | 0.0s
  Epoch 133/400 | Total: 1.018 Edge: 0.301 Con: 0.099 Cls: 0.168 Hist: 0.1658 Path: 0.2831 | 0.0s
  Epoch 134/400 | Total: 1.024 Edge: 0.309 Con: 0.099 Cls: 0.162 Hist: 0.1635 Path: 0.2895 | 0.0s
  Epoch 135/400 | Total: 1.037 Edge: 0.303 Con: 0.100 Cls: 0.184 Hist: 0.1739 Path: 0.2763 | Val F1: 0.8480 | 0.0s
  Epoch 136/400 | Total: 0.981 Edge: 0.301 Con: 0.097 Cls: 0.153 Hist: 0.1623 Path: 0.2677 | 0.0s
  Epoch 137/400 | Total: 1.000 Edge: 0.297 Con: 0.100 Cls: 0.160 Hist: 0.1709 Path: 0.2720 | 0.0s
  Epoch 138/400 | Total: 1.035 Edge: 0.304 Con: 0.098 Cls: 0.175 Hist: 0.1690 Path: 0.2878 | 0.0s
  Epoch 139/400 | Total: 1.010 Edge: 0.294 Con: 0.098 Cls: 0.177 Hist: 0.1574 Path: 0.2842 | 0.0s
  Epoch 140/400 | Total: 1.004 Edge: 0.292 Con: 0.098 Cls: 0.159 Hist: 0.1622 Path: 0.2918 | Val F1: 0.8494 | 0.0s
  Epoch 141/400 | Total: 1.003 Edge: 0.293 Con: 0.098 Cls: 0.170 Hist: 0.1656 Path: 0.2758 | 0.0s
  Epoch 142/400 | Total: 0.991 Edge: 0.295 Con: 0.097 Cls: 0.162 Hist: 0.1595 Path: 0.2770 | 0.0s
  Epoch 143/400 | Total: 1.013 Edge: 0.298 Con: 0.097 Cls: 0.169 Hist: 0.1664 Path: 0.2827 | 0.0s
  Epoch 144/400 | Total: 0.978 Edge: 0.289 Con: 0.097 Cls: 0.157 Hist: 0.1549 Path: 0.2811 | 0.0s
  Epoch 145/400 | Total: 0.990 Edge: 0.290 Con: 0.097 Cls: 0.163 Hist: 0.1584 Path: 0.2813 | Val F1: 0.8486 | 0.0s
  Epoch 146/400 | Total: 0.995 Edge: 0.285 Con: 0.097 Cls: 0.163 Hist: 0.1647 Path: 0.2854 | 0.0s
  Epoch 147/400 | Total: 0.980 Edge: 0.293 Con: 0.098 Cls: 0.160 Hist: 0.1602 Path: 0.2689 | 0.0s
  Epoch 148/400 | Total: 0.966 Edge: 0.283 Con: 0.097 Cls: 0.155 Hist: 0.1538 Path: 0.2766 | 0.0s
  Epoch 149/400 | Total: 0.977 Edge: 0.291 Con: 0.096 Cls: 0.163 Hist: 0.1638 Path: 0.2626 | 0.0s
  Epoch 150/400 | Total: 0.984 Edge: 0.288 Con: 0.096 Cls: 0.177 Hist: 0.1578 Path: 0.2644 | Val F1: 0.8512 | 0.0s
  Epoch 151/400 | Total: 0.972 Edge: 0.284 Con: 0.096 Cls: 0.161 Hist: 0.1564 Path: 0.2751 | 0.0s
  Epoch 152/400 | Total: 0.973 Edge: 0.285 Con: 0.097 Cls: 0.164 Hist: 0.1610 Path: 0.2653 | 0.0s
  Epoch 153/400 | Total: 0.964 Edge: 0.287 Con: 0.097 Cls: 0.152 Hist: 0.1597 Path: 0.2679 | 0.0s
  Epoch 154/400 | Total: 0.990 Edge: 0.280 Con: 0.097 Cls: 0.178 Hist: 0.1642 Path: 0.2714 | 0.0s
  Epoch 155/400 | Total: 0.992 Edge: 0.287 Con: 0.096 Cls: 0.172 Hist: 0.1676 Path: 0.2705 | Val F1: 0.8425 | 0.0s
  Epoch 156/400 | Total: 0.958 Edge: 0.279 Con: 0.097 Cls: 0.147 Hist: 0.1697 Path: 0.2650 | 0.0s
  Epoch 157/400 | Total: 0.996 Edge: 0.289 Con: 0.097 Cls: 0.177 Hist: 0.1642 Path: 0.2688 | 0.0s
  Epoch 158/400 | Total: 0.943 Edge: 0.272 Con: 0.095 Cls: 0.159 Hist: 0.1532 Path: 0.2637 | 0.0s
  Epoch 159/400 | Total: 0.920 Edge: 0.271 Con: 0.096 Cls: 0.160 Hist: 0.1525 Path: 0.2412 | 0.0s
  Epoch 160/400 | Total: 0.969 Edge: 0.279 Con: 0.094 Cls: 0.165 Hist: 0.1577 Path: 0.2735 | Val F1: 0.8524 | 0.0s
  Epoch 161/400 | Total: 0.958 Edge: 0.282 Con: 0.095 Cls: 0.172 Hist: 0.1614 Path: 0.2469 | 0.0s
  Epoch 162/400 | Total: 0.947 Edge: 0.279 Con: 0.093 Cls: 0.162 Hist: 0.1594 Path: 0.2539 | 0.0s
  Epoch 163/400 | Total: 0.952 Edge: 0.280 Con: 0.095 Cls: 0.158 Hist: 0.1652 Path: 0.2543 | 0.0s
  Epoch 164/400 | Total: 0.968 Edge: 0.287 Con: 0.095 Cls: 0.164 Hist: 0.1623 Path: 0.2604 | 0.0s
  Epoch 165/400 | Total: 0.945 Edge: 0.275 Con: 0.094 Cls: 0.167 Hist: 0.1615 Path: 0.2477 | Val F1: 0.8485 | 0.0s
  Epoch 166/400 | Total: 0.980 Edge: 0.280 Con: 0.094 Cls: 0.179 Hist: 0.1581 Path: 0.2687 | 0.0s
  Epoch 167/400 | Total: 0.949 Edge: 0.268 Con: 0.093 Cls: 0.167 Hist: 0.1598 Path: 0.2611 | 0.0s
  Epoch 168/400 | Total: 0.930 Edge: 0.274 Con: 0.095 Cls: 0.152 Hist: 0.1561 Path: 0.2535 | 0.0s
  Epoch 169/400 | Total: 0.929 Edge: 0.267 Con: 0.094 Cls: 0.159 Hist: 0.1543 Path: 0.2546 | 0.0s
  Epoch 170/400 | Total: 0.920 Edge: 0.267 Con: 0.092 Cls: 0.150 Hist: 0.1562 Path: 0.2544 | Val F1: 0.8512 | 0.0s
  Epoch 171/400 | Total: 0.929 Edge: 0.272 Con: 0.093 Cls: 0.152 Hist: 0.1531 Path: 0.2583 | 0.0s
  Epoch 172/400 | Total: 0.945 Edge: 0.272 Con: 0.092 Cls: 0.159 Hist: 0.1599 Path: 0.2622 | 0.0s
  Epoch 173/400 | Total: 0.929 Edge: 0.270 Con: 0.093 Cls: 0.152 Hist: 0.1570 Path: 0.2564 | 0.0s
  Epoch 174/400 | Total: 0.914 Edge: 0.269 Con: 0.092 Cls: 0.150 Hist: 0.1568 Path: 0.2464 | 0.0s
  Epoch 175/400 | Total: 0.924 Edge: 0.272 Con: 0.093 Cls: 0.149 Hist: 0.1615 Path: 0.2479 | Val F1: 0.8551 | 0.0s
  Epoch 176/400 | Total: 0.899 Edge: 0.265 Con: 0.092 Cls: 0.143 Hist: 0.1536 Path: 0.2456 | 0.0s
  Epoch 177/400 | Total: 0.895 Edge: 0.269 Con: 0.094 Cls: 0.133 Hist: 0.1563 Path: 0.2427 | 0.0s
  Epoch 178/400 | Total: 0.921 Edge: 0.260 Con: 0.093 Cls: 0.176 Hist: 0.1558 Path: 0.2365 | 0.0s
  Epoch 179/400 | Total: 0.906 Edge: 0.258 Con: 0.092 Cls: 0.152 Hist: 0.1571 Path: 0.2478 | 0.0s
  Epoch 180/400 | Total: 0.902 Edge: 0.263 Con: 0.091 Cls: 0.154 Hist: 0.1533 Path: 0.2400 | Val F1: 0.8501 | 0.0s
  Epoch 181/400 | Total: 0.910 Edge: 0.260 Con: 0.091 Cls: 0.152 Hist: 0.1492 Path: 0.2577 | 0.0s
  Epoch 182/400 | Total: 0.913 Edge: 0.266 Con: 0.092 Cls: 0.150 Hist: 0.1597 Path: 0.2453 | 0.0s
  Epoch 183/400 | Total: 0.917 Edge: 0.270 Con: 0.093 Cls: 0.141 Hist: 0.1601 Path: 0.2524 | 0.0s
  Epoch 184/400 | Total: 0.918 Edge: 0.268 Con: 0.092 Cls: 0.155 Hist: 0.1468 Path: 0.2560 | 0.0s
  Epoch 185/400 | Total: 0.874 Edge: 0.252 Con: 0.092 Cls: 0.135 Hist: 0.1469 Path: 0.2483 | Val F1: 0.8497 | 0.0s
  Epoch 186/400 | Total: 0.933 Edge: 0.267 Con: 0.093 Cls: 0.161 Hist: 0.1541 Path: 0.2575 | 0.0s
  Epoch 187/400 | Total: 0.928 Edge: 0.257 Con: 0.090 Cls: 0.171 Hist: 0.1598 Path: 0.2499 | 0.0s
  Epoch 188/400 | Total: 0.929 Edge: 0.266 Con: 0.090 Cls: 0.169 Hist: 0.1611 Path: 0.2428 | 0.0s
  Epoch 189/400 | Total: 0.882 Edge: 0.258 Con: 0.090 Cls: 0.143 Hist: 0.1575 Path: 0.2325 | 0.0s
  Epoch 190/400 | Total: 0.877 Edge: 0.254 Con: 0.089 Cls: 0.141 Hist: 0.1481 Path: 0.2452 | Val F1: 0.8506 | 0.0s
  Epoch 191/400 | Total: 0.900 Edge: 0.262 Con: 0.092 Cls: 0.152 Hist: 0.1485 Path: 0.2462 | 0.0s
  Epoch 192/400 | Total: 0.897 Edge: 0.260 Con: 0.092 Cls: 0.153 Hist: 0.1511 Path: 0.2404 | 0.0s
  Epoch 193/400 | Total: 0.912 Edge: 0.260 Con: 0.090 Cls: 0.153 Hist: 0.1558 Path: 0.2524 | 0.0s
  Epoch 194/400 | Total: 0.880 Edge: 0.253 Con: 0.090 Cls: 0.141 Hist: 0.1584 Path: 0.2368 | 0.0s
  Epoch 195/400 | Total: 0.885 Edge: 0.256 Con: 0.090 Cls: 0.147 Hist: 0.1554 Path: 0.2360 | Val F1: 0.8518 | 0.0s
  Epoch 196/400 | Total: 0.883 Edge: 0.259 Con: 0.092 Cls: 0.147 Hist: 0.1532 Path: 0.2319 | 0.0s
  Epoch 197/400 | Total: 0.868 Edge: 0.250 Con: 0.090 Cls: 0.149 Hist: 0.1459 Path: 0.2329 | 0.0s
  Epoch 198/400 | Total: 0.877 Edge: 0.251 Con: 0.088 Cls: 0.157 Hist: 0.1479 Path: 0.2330 | 0.0s
  Epoch 199/400 | Total: 0.860 Edge: 0.263 Con: 0.090 Cls: 0.130 Hist: 0.1491 Path: 0.2283 | 0.0s
  Epoch 200/400 | Total: 0.885 Edge: 0.261 Con: 0.089 Cls: 0.141 Hist: 0.1488 Path: 0.2452 | Val F1: 0.8493 | 0.0s
  Epoch 201/400 | Total: 0.881 Edge: 0.253 Con: 0.090 Cls: 0.147 Hist: 0.1535 Path: 0.2384 | 0.0s
  Epoch 202/400 | Total: 0.859 Edge: 0.248 Con: 0.091 Cls: 0.131 Hist: 0.1442 Path: 0.2446 | 0.0s
  Epoch 203/400 | Total: 0.907 Edge: 0.255 Con: 0.090 Cls: 0.170 Hist: 0.1580 Path: 0.2336 | 0.0s
  Epoch 204/400 | Total: 0.882 Edge: 0.250 Con: 0.091 Cls: 0.153 Hist: 0.1505 Path: 0.2375 | 0.0s
  Epoch 205/400 | Total: 0.919 Edge: 0.255 Con: 0.089 Cls: 0.167 Hist: 0.1599 Path: 0.2488 | Val F1: 0.8482 | 0.0s
  Epoch 206/400 | Total: 0.851 Edge: 0.248 Con: 0.089 Cls: 0.143 Hist: 0.1439 Path: 0.2274 | 0.0s
  Epoch 207/400 | Total: 0.904 Edge: 0.253 Con: 0.091 Cls: 0.157 Hist: 0.1571 Path: 0.2465 | 0.0s
  Epoch 208/400 | Total: 0.865 Edge: 0.252 Con: 0.089 Cls: 0.140 Hist: 0.1514 Path: 0.2316 | 0.0s
  Epoch 209/400 | Total: 0.856 Edge: 0.254 Con: 0.088 Cls: 0.138 Hist: 0.1482 Path: 0.2275 | 0.0s
  Epoch 210/400 | Total: 0.857 Edge: 0.250 Con: 0.090 Cls: 0.139 Hist: 0.1474 Path: 0.2301 | Val F1: 0.8501 | 0.0s
  Epoch 211/400 | Total: 0.881 Edge: 0.252 Con: 0.090 Cls: 0.154 Hist: 0.1494 Path: 0.2358 | 0.0s
  Epoch 212/400 | Total: 0.856 Edge: 0.240 Con: 0.089 Cls: 0.146 Hist: 0.1504 Path: 0.2301 | 0.0s
  Epoch 213/400 | Total: 0.882 Edge: 0.251 Con: 0.089 Cls: 0.149 Hist: 0.1468 Path: 0.2458 | 0.0s
  Epoch 214/400 | Total: 0.879 Edge: 0.252 Con: 0.090 Cls: 0.159 Hist: 0.1585 Path: 0.2192 | 0.0s
  Epoch 215/400 | Total: 0.864 Edge: 0.245 Con: 0.089 Cls: 0.136 Hist: 0.1526 Path: 0.2417 | Val F1: 0.8509 | 0.0s
  Epoch 216/400 | Total: 0.837 Edge: 0.249 Con: 0.088 Cls: 0.140 Hist: 0.1458 Path: 0.2145 | 0.0s
  Epoch 217/400 | Total: 0.856 Edge: 0.253 Con: 0.090 Cls: 0.126 Hist: 0.1518 Path: 0.2357 | 0.0s
  Epoch 218/400 | Total: 0.844 Edge: 0.248 Con: 0.089 Cls: 0.143 Hist: 0.1511 Path: 0.2130 | 0.0s
  Epoch 219/400 | Total: 0.839 Edge: 0.238 Con: 0.090 Cls: 0.142 Hist: 0.1474 Path: 0.2204 | 0.0s
  Epoch 220/400 | Total: 0.870 Edge: 0.244 Con: 0.088 Cls: 0.154 Hist: 0.1477 Path: 0.2367 | Val F1: 0.8506 | 0.0s
  Epoch 221/400 | Total: 0.873 Edge: 0.245 Con: 0.088 Cls: 0.151 Hist: 0.1488 Path: 0.2399 | 0.0s
  Epoch 222/400 | Total: 0.869 Edge: 0.255 Con: 0.089 Cls: 0.143 Hist: 0.1543 Path: 0.2272 | 0.0s
  Epoch 223/400 | Total: 0.866 Edge: 0.245 Con: 0.087 Cls: 0.151 Hist: 0.1542 Path: 0.2289 | 0.0s
  Epoch 224/400 | Total: 0.867 Edge: 0.246 Con: 0.090 Cls: 0.141 Hist: 0.1504 Path: 0.2394 | 0.0s
  Epoch 225/400 | Total: 0.859 Edge: 0.240 Con: 0.087 Cls: 0.144 Hist: 0.1552 Path: 0.2329 | Val F1: 0.8528 | 0.0s
  Epoch 226/400 | Total: 0.833 Edge: 0.239 Con: 0.089 Cls: 0.148 Hist: 0.1384 Path: 0.2195 | 0.0s
  Epoch 227/400 | Total: 0.826 Edge: 0.240 Con: 0.088 Cls: 0.131 Hist: 0.1507 Path: 0.2170 | 0.0s
  Epoch 228/400 | Total: 0.858 Edge: 0.242 Con: 0.087 Cls: 0.155 Hist: 0.1523 Path: 0.2213 | 0.0s
  Epoch 229/400 | Total: 0.852 Edge: 0.248 Con: 0.089 Cls: 0.141 Hist: 0.1486 Path: 0.2249 | 0.0s
  Epoch 230/400 | Total: 0.848 Edge: 0.243 Con: 0.089 Cls: 0.134 Hist: 0.1453 Path: 0.2370 | Val F1: 0.8540 | 0.0s
  Epoch 231/400 | Total: 0.808 Edge: 0.239 Con: 0.085 Cls: 0.132 Hist: 0.1413 Path: 0.2106 | 0.0s
  Epoch 232/400 | Total: 0.836 Edge: 0.238 Con: 0.088 Cls: 0.136 Hist: 0.1514 Path: 0.2218 | 0.0s
  Epoch 233/400 | Total: 0.847 Edge: 0.244 Con: 0.089 Cls: 0.141 Hist: 0.1525 Path: 0.2204 | 0.0s
  Epoch 234/400 | Total: 0.828 Edge: 0.239 Con: 0.089 Cls: 0.135 Hist: 0.1442 Path: 0.2215 | 0.0s
  Epoch 235/400 | Total: 0.833 Edge: 0.240 Con: 0.087 Cls: 0.137 Hist: 0.1483 Path: 0.2216 | Val F1: 0.8523 | 0.0s
  Epoch 236/400 | Total: 0.852 Edge: 0.235 Con: 0.088 Cls: 0.148 Hist: 0.1515 Path: 0.2295 | 0.0s
  Epoch 237/400 | Total: 0.842 Edge: 0.240 Con: 0.087 Cls: 0.147 Hist: 0.1462 Path: 0.2227 | 0.0s
  Epoch 238/400 | Total: 0.850 Edge: 0.229 Con: 0.089 Cls: 0.149 Hist: 0.1542 Path: 0.2283 | 0.0s
  Epoch 239/400 | Total: 0.828 Edge: 0.242 Con: 0.087 Cls: 0.148 Hist: 0.1458 Path: 0.2049 | 0.0s
  Epoch 240/400 | Total: 0.849 Edge: 0.236 Con: 0.087 Cls: 0.159 Hist: 0.1453 Path: 0.2210 | Val F1: 0.8526 | 0.0s
  Epoch 241/400 | Total: 0.811 Edge: 0.239 Con: 0.087 Cls: 0.128 Hist: 0.1426 Path: 0.2140 | 0.0s
  Epoch 242/400 | Total: 0.818 Edge: 0.240 Con: 0.087 Cls: 0.136 Hist: 0.1419 Path: 0.2128 | 0.0s
  Epoch 243/400 | Total: 0.828 Edge: 0.239 Con: 0.085 Cls: 0.140 Hist: 0.1449 Path: 0.2184 | 0.0s
  Epoch 244/400 | Total: 0.832 Edge: 0.235 Con: 0.087 Cls: 0.139 Hist: 0.1529 Path: 0.2189 | 0.0s
  Epoch 245/400 | Total: 0.803 Edge: 0.236 Con: 0.086 Cls: 0.130 Hist: 0.1452 Path: 0.2059 | Val F1: 0.8525 | 0.0s
  Epoch 246/400 | Total: 0.823 Edge: 0.231 Con: 0.088 Cls: 0.135 Hist: 0.1467 Path: 0.2225 | 0.0s
  Epoch 247/400 | Total: 0.851 Edge: 0.240 Con: 0.088 Cls: 0.151 Hist: 0.1505 Path: 0.2222 | 0.0s
  Epoch 248/400 | Total: 0.827 Edge: 0.236 Con: 0.089 Cls: 0.132 Hist: 0.1475 Path: 0.2224 | 0.0s
  Epoch 249/400 | Total: 0.789 Edge: 0.228 Con: 0.088 Cls: 0.125 Hist: 0.1441 Path: 0.2045 | 0.0s
  Epoch 250/400 | Total: 0.851 Edge: 0.237 Con: 0.088 Cls: 0.147 Hist: 0.1493 Path: 0.2291 | Val F1: 0.8556 | 0.0s
  Epoch 251/400 | Total: 0.832 Edge: 0.234 Con: 0.086 Cls: 0.144 Hist: 0.1467 Path: 0.2218 | 0.0s
  Epoch 252/400 | Total: 0.829 Edge: 0.239 Con: 0.086 Cls: 0.148 Hist: 0.1429 Path: 0.2126 | 0.0s
  Epoch 253/400 | Total: 0.813 Edge: 0.237 Con: 0.086 Cls: 0.136 Hist: 0.1397 Path: 0.2146 | 0.0s
  Epoch 254/400 | Total: 0.818 Edge: 0.230 Con: 0.086 Cls: 0.144 Hist: 0.1434 Path: 0.2139 | 0.0s
  Epoch 255/400 | Total: 0.798 Edge: 0.236 Con: 0.087 Cls: 0.117 Hist: 0.1472 Path: 0.2117 | Val F1: 0.8491 | 0.0s
  Epoch 256/400 | Total: 0.805 Edge: 0.227 Con: 0.086 Cls: 0.136 Hist: 0.1432 Path: 0.2127 | 0.0s
  Epoch 257/400 | Total: 0.826 Edge: 0.230 Con: 0.086 Cls: 0.150 Hist: 0.1448 Path: 0.2154 | 0.0s
  Epoch 258/400 | Total: 0.818 Edge: 0.236 Con: 0.088 Cls: 0.134 Hist: 0.1421 Path: 0.2183 | 0.0s
  Epoch 259/400 | Total: 0.823 Edge: 0.243 Con: 0.085 Cls: 0.139 Hist: 0.1480 Path: 0.2078 | 0.0s
  Epoch 260/400 | Total: 0.801 Edge: 0.228 Con: 0.087 Cls: 0.134 Hist: 0.1307 Path: 0.2208 | Val F1: 0.8499 | 0.0s
  Epoch 261/400 | Total: 0.830 Edge: 0.240 Con: 0.086 Cls: 0.144 Hist: 0.1460 Path: 0.2146 | 0.0s
  Epoch 262/400 | Total: 0.813 Edge: 0.233 Con: 0.087 Cls: 0.133 Hist: 0.1391 Path: 0.2205 | 0.0s
  Epoch 263/400 | Total: 0.788 Edge: 0.228 Con: 0.085 Cls: 0.120 Hist: 0.1416 Path: 0.2131 | 0.0s
  Epoch 264/400 | Total: 0.797 Edge: 0.232 Con: 0.085 Cls: 0.135 Hist: 0.1370 Path: 0.2083 | 0.0s
  Epoch 265/400 | Total: 0.822 Edge: 0.232 Con: 0.087 Cls: 0.138 Hist: 0.1476 Path: 0.2175 | Val F1: 0.8509 | 0.0s
  Epoch 266/400 | Total: 0.803 Edge: 0.227 Con: 0.086 Cls: 0.137 Hist: 0.1427 Path: 0.2107 | 0.0s
  Epoch 267/400 | Total: 0.793 Edge: 0.232 Con: 0.084 Cls: 0.132 Hist: 0.1397 Path: 0.2054 | 0.0s
  Epoch 268/400 | Total: 0.784 Edge: 0.234 Con: 0.085 Cls: 0.135 Hist: 0.1419 Path: 0.1882 | 0.0s
  Epoch 269/400 | Total: 0.783 Edge: 0.219 Con: 0.084 Cls: 0.141 Hist: 0.1304 Path: 0.2089 | 0.0s
  Epoch 270/400 | Total: 0.796 Edge: 0.225 Con: 0.086 Cls: 0.138 Hist: 0.1432 Path: 0.2033 | Val F1: 0.8509 | 0.0s
  Epoch 271/400 | Total: 0.794 Edge: 0.225 Con: 0.086 Cls: 0.126 Hist: 0.1397 Path: 0.2180 | 0.0s
  Epoch 272/400 | Total: 0.796 Edge: 0.232 Con: 0.085 Cls: 0.125 Hist: 0.1439 Path: 0.2098 | 0.0s
  Epoch 273/400 | Total: 0.813 Edge: 0.235 Con: 0.085 Cls: 0.134 Hist: 0.1433 Path: 0.2154 | 0.0s
  Epoch 274/400 | Total: 0.811 Edge: 0.236 Con: 0.084 Cls: 0.131 Hist: 0.1429 Path: 0.2172 | 0.0s
  Epoch 275/400 | Total: 0.812 Edge: 0.227 Con: 0.085 Cls: 0.150 Hist: 0.1409 Path: 0.2083 | Val F1: 0.8467 | 0.0s
  Epoch 276/400 | Total: 0.789 Edge: 0.228 Con: 0.084 Cls: 0.132 Hist: 0.1387 Path: 0.2060 | 0.0s
  Epoch 277/400 | Total: 0.803 Edge: 0.219 Con: 0.085 Cls: 0.143 Hist: 0.1423 Path: 0.2142 | 0.0s
  Epoch 278/400 | Total: 0.805 Edge: 0.228 Con: 0.084 Cls: 0.135 Hist: 0.1418 Path: 0.2158 | 0.0s
  Epoch 279/400 | Total: 0.802 Edge: 0.229 Con: 0.087 Cls: 0.128 Hist: 0.1476 Path: 0.2115 | 0.0s
  Epoch 280/400 | Total: 0.806 Edge: 0.228 Con: 0.085 Cls: 0.149 Hist: 0.1445 Path: 0.2010 | Val F1: 0.8580 | 0.0s
  Epoch 281/400 | Total: 0.822 Edge: 0.232 Con: 0.086 Cls: 0.135 Hist: 0.1533 Path: 0.2166 | 0.0s
  Epoch 282/400 | Total: 0.810 Edge: 0.228 Con: 0.087 Cls: 0.140 Hist: 0.1432 Path: 0.2110 | 0.0s
  Epoch 283/400 | Total: 0.777 Edge: 0.225 Con: 0.085 Cls: 0.133 Hist: 0.1420 Path: 0.1925 | 0.0s
  Epoch 284/400 | Total: 0.786 Edge: 0.224 Con: 0.085 Cls: 0.131 Hist: 0.1433 Path: 0.2030 | 0.0s
  Epoch 285/400 | Total: 0.783 Edge: 0.218 Con: 0.087 Cls: 0.135 Hist: 0.1383 Path: 0.2046 | Val F1: 0.8444 | 0.0s
  Epoch 286/400 | Total: 0.783 Edge: 0.228 Con: 0.084 Cls: 0.129 Hist: 0.1408 Path: 0.2011 | 0.0s
  Epoch 287/400 | Total: 0.786 Edge: 0.220 Con: 0.085 Cls: 0.136 Hist: 0.1413 Path: 0.2041 | 0.0s
  Epoch 288/400 | Total: 0.773 Edge: 0.225 Con: 0.085 Cls: 0.128 Hist: 0.1408 Path: 0.1944 | 0.0s
  Epoch 289/400 | Total: 0.799 Edge: 0.226 Con: 0.085 Cls: 0.138 Hist: 0.1427 Path: 0.2083 | 0.0s
  Epoch 290/400 | Total: 0.805 Edge: 0.228 Con: 0.084 Cls: 0.141 Hist: 0.1472 Path: 0.2059 | Val F1: 0.8454 | 0.0s
  Epoch 291/400 | Total: 0.777 Edge: 0.227 Con: 0.085 Cls: 0.122 Hist: 0.1465 Path: 0.1966 | 0.0s
  Epoch 292/400 | Total: 0.806 Edge: 0.228 Con: 0.086 Cls: 0.131 Hist: 0.1493 Path: 0.2129 | 0.0s
  Epoch 293/400 | Total: 0.800 Edge: 0.226 Con: 0.087 Cls: 0.141 Hist: 0.1369 Path: 0.2093 | 0.0s
  Epoch 294/400 | Total: 0.781 Edge: 0.225 Con: 0.083 Cls: 0.116 Hist: 0.1432 Path: 0.2145 | 0.0s
  Epoch 295/400 | Total: 0.784 Edge: 0.222 Con: 0.084 Cls: 0.134 Hist: 0.1428 Path: 0.2001 | Val F1: 0.8484 | 0.0s
  Epoch 296/400 | Total: 0.808 Edge: 0.230 Con: 0.085 Cls: 0.137 Hist: 0.1465 Path: 0.2108 | 0.0s
  Epoch 297/400 | Total: 0.791 Edge: 0.223 Con: 0.083 Cls: 0.140 Hist: 0.1364 Path: 0.2077 | 0.0s
  Epoch 298/400 | Total: 0.781 Edge: 0.214 Con: 0.084 Cls: 0.148 Hist: 0.1423 Path: 0.1924 | 0.0s
  Epoch 299/400 | Total: 0.808 Edge: 0.224 Con: 0.084 Cls: 0.157 Hist: 0.1416 Path: 0.2017 | 0.0s
  Epoch 300/400 | Total: 0.767 Edge: 0.216 Con: 0.083 Cls: 0.124 Hist: 0.1355 Path: 0.2080 | Val F1: 0.8487 | 0.0s
  Epoch 301/400 | Total: 0.790 Edge: 0.226 Con: 0.084 Cls: 0.129 Hist: 0.1394 Path: 0.2116 | 0.0s
  Epoch 302/400 | Total: 0.782 Edge: 0.215 Con: 0.084 Cls: 0.137 Hist: 0.1336 Path: 0.2127 | 0.0s
  Epoch 303/400 | Total: 0.785 Edge: 0.221 Con: 0.085 Cls: 0.130 Hist: 0.1437 Path: 0.2059 | 0.0s
  Epoch 304/400 | Total: 0.790 Edge: 0.216 Con: 0.083 Cls: 0.147 Hist: 0.1422 Path: 0.2027 | 0.0s
  Epoch 305/400 | Total: 0.768 Edge: 0.215 Con: 0.085 Cls: 0.136 Hist: 0.1423 Path: 0.1894 | Val F1: 0.8483 | 0.0s
  Epoch 306/400 | Total: 0.774 Edge: 0.225 Con: 0.084 Cls: 0.123 Hist: 0.1432 Path: 0.1992 | 0.0s
  Epoch 307/400 | Total: 0.767 Edge: 0.218 Con: 0.084 Cls: 0.125 Hist: 0.1376 Path: 0.2017 | 0.0s
  Epoch 308/400 | Total: 0.774 Edge: 0.217 Con: 0.086 Cls: 0.141 Hist: 0.1373 Path: 0.1938 | 0.0s
  Epoch 309/400 | Total: 0.764 Edge: 0.210 Con: 0.080 Cls: 0.130 Hist: 0.1402 Path: 0.2038 | 0.0s
  Epoch 310/400 | Total: 0.753 Edge: 0.218 Con: 0.084 Cls: 0.122 Hist: 0.1377 Path: 0.1923 | Val F1: 0.8520 | 0.0s
  Epoch 311/400 | Total: 0.768 Edge: 0.215 Con: 0.084 Cls: 0.130 Hist: 0.1331 Path: 0.2055 | 0.0s
  Epoch 312/400 | Total: 0.741 Edge: 0.216 Con: 0.083 Cls: 0.117 Hist: 0.1354 Path: 0.1890 | 0.0s
  Epoch 313/400 | Total: 0.773 Edge: 0.218 Con: 0.084 Cls: 0.138 Hist: 0.1374 Path: 0.1963 | 0.0s
  Epoch 314/400 | Total: 0.770 Edge: 0.225 Con: 0.084 Cls: 0.133 Hist: 0.1343 Path: 0.1950 | 0.0s
  Epoch 315/400 | Total: 0.773 Edge: 0.218 Con: 0.084 Cls: 0.137 Hist: 0.1397 Path: 0.1937 | Val F1: 0.8492 | 0.0s
  Epoch 316/400 | Total: 0.793 Edge: 0.220 Con: 0.083 Cls: 0.160 Hist: 0.1378 Path: 0.1928 | 0.0s
  Epoch 317/400 | Total: 0.789 Edge: 0.219 Con: 0.084 Cls: 0.139 Hist: 0.1418 Path: 0.2058 | 0.0s
  Epoch 318/400 | Total: 0.763 Edge: 0.214 Con: 0.083 Cls: 0.114 Hist: 0.1441 Path: 0.2075 | 0.0s
  Epoch 319/400 | Total: 0.750 Edge: 0.214 Con: 0.084 Cls: 0.126 Hist: 0.1378 Path: 0.1888 | 0.0s
  Epoch 320/400 | Total: 0.760 Edge: 0.215 Con: 0.085 Cls: 0.127 Hist: 0.1357 Path: 0.1981 | Val F1: 0.8455 | 0.0s
  Epoch 321/400 | Total: 0.761 Edge: 0.212 Con: 0.083 Cls: 0.131 Hist: 0.1412 Path: 0.1931 | 0.0s
  Epoch 322/400 | Total: 0.763 Edge: 0.216 Con: 0.084 Cls: 0.129 Hist: 0.1387 Path: 0.1954 | 0.0s
  Epoch 323/400 | Total: 0.741 Edge: 0.216 Con: 0.083 Cls: 0.114 Hist: 0.1372 Path: 0.1909 | 0.0s
  Epoch 324/400 | Total: 0.770 Edge: 0.213 Con: 0.084 Cls: 0.137 Hist: 0.1383 Path: 0.1977 | 0.0s
  Epoch 325/400 | Total: 0.777 Edge: 0.214 Con: 0.083 Cls: 0.144 Hist: 0.1440 Path: 0.1926 | Val F1: 0.8499 | 0.0s
  Epoch 326/400 | Total: 0.756 Edge: 0.210 Con: 0.083 Cls: 0.132 Hist: 0.1313 Path: 0.1984 | 0.0s
  Epoch 327/400 | Total: 0.792 Edge: 0.221 Con: 0.085 Cls: 0.141 Hist: 0.1417 Path: 0.2037 | 0.0s
  Epoch 328/400 | Total: 0.749 Edge: 0.215 Con: 0.083 Cls: 0.126 Hist: 0.1338 Path: 0.1907 | 0.0s
  Epoch 329/400 | Total: 0.765 Edge: 0.212 Con: 0.083 Cls: 0.134 Hist: 0.1405 Path: 0.1947 | 0.0s
  Epoch 330/400 | Total: 0.721 Edge: 0.211 Con: 0.082 Cls: 0.107 Hist: 0.1332 Path: 0.1875 | Val F1: 0.8492 | 0.0s
  Epoch 331/400 | Total: 0.752 Edge: 0.214 Con: 0.083 Cls: 0.120 Hist: 0.1350 Path: 0.1999 | 0.0s
  Epoch 332/400 | Total: 0.751 Edge: 0.212 Con: 0.081 Cls: 0.132 Hist: 0.1328 Path: 0.1939 | 0.0s
  Epoch 333/400 | Total: 0.735 Edge: 0.207 Con: 0.082 Cls: 0.122 Hist: 0.1341 Path: 0.1889 | 0.0s
  Epoch 334/400 | Total: 0.726 Edge: 0.211 Con: 0.083 Cls: 0.107 Hist: 0.1334 Path: 0.1910 | 0.0s
  Epoch 335/400 | Total: 0.762 Edge: 0.211 Con: 0.081 Cls: 0.131 Hist: 0.1379 Path: 0.2004 | Val F1: 0.8452 | 0.0s
  Epoch 336/400 | Total: 0.771 Edge: 0.208 Con: 0.083 Cls: 0.142 Hist: 0.1410 Path: 0.1967 | 0.0s
  Epoch 337/400 | Total: 0.730 Edge: 0.206 Con: 0.083 Cls: 0.114 Hist: 0.1359 Path: 0.1903 | 0.0s
  Epoch 338/400 | Total: 0.754 Edge: 0.214 Con: 0.083 Cls: 0.130 Hist: 0.1355 Path: 0.1921 | 0.0s
  Epoch 339/400 | Total: 0.758 Edge: 0.214 Con: 0.084 Cls: 0.130 Hist: 0.1350 Path: 0.1948 | 0.0s
  Epoch 340/400 | Total: 0.750 Edge: 0.213 Con: 0.084 Cls: 0.126 Hist: 0.1360 Path: 0.1900 | Val F1: 0.8498 | 0.0s
  Epoch 341/400 | Total: 0.761 Edge: 0.218 Con: 0.084 Cls: 0.116 Hist: 0.1400 Path: 0.2021 | 0.0s
  Epoch 342/400 | Total: 0.788 Edge: 0.208 Con: 0.083 Cls: 0.148 Hist: 0.1450 Path: 0.2041 | 0.0s
  Epoch 343/400 | Total: 0.743 Edge: 0.205 Con: 0.083 Cls: 0.129 Hist: 0.1305 Path: 0.1957 | 0.0s
  Epoch 344/400 | Total: 0.745 Edge: 0.214 Con: 0.083 Cls: 0.119 Hist: 0.1351 Path: 0.1943 | 0.0s
  Epoch 345/400 | Total: 0.739 Edge: 0.207 Con: 0.085 Cls: 0.113 Hist: 0.1360 Path: 0.1983 | Val F1: 0.8521 | 0.0s
  Epoch 346/400 | Total: 0.734 Edge: 0.209 Con: 0.085 Cls: 0.114 Hist: 0.1408 Path: 0.1851 | 0.0s
  Epoch 347/400 | Total: 0.744 Edge: 0.210 Con: 0.081 Cls: 0.124 Hist: 0.1313 Path: 0.1971 | 0.0s
  Epoch 348/400 | Total: 0.733 Edge: 0.209 Con: 0.083 Cls: 0.128 Hist: 0.1340 Path: 0.1795 | 0.0s
  Epoch 349/400 | Total: 0.753 Edge: 0.205 Con: 0.082 Cls: 0.134 Hist: 0.1392 Path: 0.1932 | 0.0s
  Epoch 350/400 | Total: 0.766 Edge: 0.207 Con: 0.083 Cls: 0.151 Hist: 0.1384 Path: 0.1861 | Val F1: 0.8480 | 0.0s
  Epoch 351/400 | Total: 0.747 Edge: 0.209 Con: 0.081 Cls: 0.135 Hist: 0.1334 Path: 0.1884 | 0.0s
  Epoch 352/400 | Total: 0.736 Edge: 0.202 Con: 0.081 Cls: 0.126 Hist: 0.1348 Path: 0.1924 | 0.0s
  Epoch 353/400 | Total: 0.725 Edge: 0.204 Con: 0.081 Cls: 0.123 Hist: 0.1249 Path: 0.1915 | 0.0s
  Epoch 354/400 | Total: 0.718 Edge: 0.202 Con: 0.081 Cls: 0.125 Hist: 0.1314 Path: 0.1774 | 0.0s
  Epoch 355/400 | Total: 0.728 Edge: 0.211 Con: 0.082 Cls: 0.116 Hist: 0.1294 Path: 0.1890 | Val F1: 0.8478 | 0.0s
  Epoch 356/400 | Total: 0.741 Edge: 0.208 Con: 0.081 Cls: 0.136 Hist: 0.1404 Path: 0.1760 | 0.0s
  Epoch 357/400 | Total: 0.724 Edge: 0.210 Con: 0.081 Cls: 0.113 Hist: 0.1340 Path: 0.1854 | 0.0s
  Epoch 358/400 | Total: 0.772 Edge: 0.215 Con: 0.084 Cls: 0.136 Hist: 0.1400 Path: 0.1977 | 0.0s
  Epoch 359/400 | Total: 0.725 Edge: 0.205 Con: 0.084 Cls: 0.126 Hist: 0.1297 Path: 0.1809 | 0.0s
  Epoch 360/400 | Total: 0.742 Edge: 0.200 Con: 0.083 Cls: 0.136 Hist: 0.1306 Path: 0.1917 | Val F1: 0.8468 | 0.0s
  Epoch 361/400 | Total: 0.716 Edge: 0.207 Con: 0.082 Cls: 0.114 Hist: 0.1292 Path: 0.1839 | 0.0s
  Epoch 362/400 | Total: 0.792 Edge: 0.216 Con: 0.083 Cls: 0.151 Hist: 0.1424 Path: 0.1990 | 0.0s
  Epoch 363/400 | Total: 0.726 Edge: 0.210 Con: 0.083 Cls: 0.117 Hist: 0.1289 Path: 0.1878 | 0.0s
  Epoch 364/400 | Total: 0.750 Edge: 0.209 Con: 0.081 Cls: 0.125 Hist: 0.1387 Path: 0.1962 | 0.0s
  Epoch 365/400 | Total: 0.732 Edge: 0.203 Con: 0.081 Cls: 0.126 Hist: 0.1349 Path: 0.1867 | Val F1: 0.8541 | 0.0s
  Epoch 366/400 | Total: 0.723 Edge: 0.206 Con: 0.081 Cls: 0.128 Hist: 0.1277 Path: 0.1795 | 0.0s
  Epoch 367/400 | Total: 0.749 Edge: 0.211 Con: 0.081 Cls: 0.137 Hist: 0.1404 Path: 0.1800 | 0.0s
  Epoch 368/400 | Total: 0.737 Edge: 0.202 Con: 0.083 Cls: 0.138 Hist: 0.1314 Path: 0.1828 | 0.0s
  Epoch 369/400 | Total: 0.730 Edge: 0.206 Con: 0.082 Cls: 0.123 Hist: 0.1307 Path: 0.1893 | 0.0s
  Epoch 370/400 | Total: 0.715 Edge: 0.202 Con: 0.083 Cls: 0.113 Hist: 0.1300 Path: 0.1869 | Val F1: 0.8487 | 0.0s
  Epoch 371/400 | Total: 0.726 Edge: 0.209 Con: 0.082 Cls: 0.115 Hist: 0.1344 Path: 0.1851 | 0.0s
  Epoch 372/400 | Total: 0.718 Edge: 0.197 Con: 0.081 Cls: 0.131 Hist: 0.1291 Path: 0.1795 | 0.0s
  Epoch 373/400 | Total: 0.724 Edge: 0.207 Con: 0.082 Cls: 0.120 Hist: 0.1330 Path: 0.1821 | 0.0s
  Epoch 374/400 | Total: 0.728 Edge: 0.203 Con: 0.085 Cls: 0.132 Hist: 0.1255 Path: 0.1826 | 0.0s
  Epoch 375/400 | Total: 0.730 Edge: 0.205 Con: 0.083 Cls: 0.120 Hist: 0.1335 Path: 0.1877 | Val F1: 0.8492 | 0.0s
  Epoch 376/400 | Total: 0.728 Edge: 0.203 Con: 0.083 Cls: 0.124 Hist: 0.1352 Path: 0.1828 | 0.0s
  Epoch 377/400 | Total: 0.738 Edge: 0.214 Con: 0.083 Cls: 0.122 Hist: 0.1399 Path: 0.1796 | 0.0s
  Epoch 378/400 | Total: 0.702 Edge: 0.202 Con: 0.082 Cls: 0.112 Hist: 0.1253 Path: 0.1803 | 0.0s
  Epoch 379/400 | Total: 0.715 Edge: 0.199 Con: 0.082 Cls: 0.129 Hist: 0.1332 Path: 0.1729 | 0.0s
  Epoch 380/400 | Total: 0.703 Edge: 0.203 Con: 0.083 Cls: 0.127 Hist: 0.1273 Path: 0.1623 | Val F1: 0.8498 | 0.0s
  Early stopping at epoch 380
  Best Val F1: 0.8580 | Test F1: 0.8599
  Total training time: 7.4s (0.1 min)

======================================================================
  Val  Macro-F1: 0.8580
  Test Macro-F1: 0.8599
  Test Accuracy: 0.8598
  Time: 7.5s
======================================================================

  Results saved to: results/NESS_cora_MCAR_0.4_20260721_163340
