/home/erfan/MATE/ogbn_benchmarks/../src/utils.py:183: UserWarning: torch.sparse.SparseTensor(indices, values, shape, *, device=) is deprecated.  Please use torch.sparse_coo_tensor(indices, values, shape, dtype=, device=). (Triggered internally at /pytorch/torch/csrc/utils/tensor_new.cpp:654.)
  adj_norm = torch.sparse.FloatTensor(indices_norm, values_norm, torch.Size(adj_norm.shape))
======================================================================
  MATE | cora | MCAR @ 40%
======================================================================
[1/3] Loading cora...
loading dataset: cora
  2,708 nodes | 1433 dims | 7 classes
[2/3] Simulating MCAR missingness...
Simulating MCAR missingness at 40% rate...
  MCAR: Uniform random selection
  Observable: 1,625 (60.0%)
  Masked: 1,083 (40.0%)
  Observable: 1,625 | Val: 541 | Test: 542
[3/3] Running MATE...
  Small graph: full-batch (single cluster, no partitioning)
  Training MATE for up to 400 epochs (patience=20)...
  Epoch 5/400 | Total: 1.920 Edge: 0.586 Con: 0.286 Cls: 1.049 | Val F1: 0.7718 | 0.0s
  Epoch 10/400 | Total: 1.079 Edge: 0.453 Con: 0.209 Cls: 0.417 | Val F1: 0.8123 | 0.0s
  Epoch 15/400 | Total: 0.975 Edge: 0.457 Con: 0.196 Cls: 0.321 | Val F1: 0.8144 | 0.0s
  Epoch 20/400 | Total: 0.809 Edge: 0.386 Con: 0.179 Cls: 0.244 | Val F1: 0.8264 | 0.0s
  Epoch 25/400 | Total: 0.810 Edge: 0.375 Con: 0.172 Cls: 0.264 | Val F1: 0.8375 | 0.0s
  Epoch 30/400 | Total: 0.741 Edge: 0.363 Con: 0.169 Cls: 0.209 | Val F1: 0.8342 | 0.0s
  Epoch 35/400 | Total: 0.719 Edge: 0.341 Con: 0.161 Cls: 0.217 | Val F1: 0.8143 | 0.0s
  Epoch 40/400 | Total: 0.731 Edge: 0.326 Con: 0.159 Cls: 0.246 | Val F1: 0.8330 | 0.0s
  Epoch 45/400 | Total: 0.692 Edge: 0.326 Con: 0.158 Cls: 0.209 | Val F1: 0.8322 | 0.0s
  Epoch 50/400 | Total: 0.682 Edge: 0.326 Con: 0.156 Cls: 0.200 | Val F1: 0.8233 | 0.0s
  Epoch 55/400 | Total: 0.676 Edge: 0.319 Con: 0.157 Cls: 0.200 | Val F1: 0.8186 | 0.0s
  Epoch 60/400 | Total: 0.666 Edge: 0.315 Con: 0.157 Cls: 0.194 | Val F1: 0.8210 | 0.0s
  Epoch 65/400 | Total: 0.663 Edge: 0.315 Con: 0.158 Cls: 0.190 | Val F1: 0.8144 | 0.0s
  Epoch 70/400 | Total: 0.680 Edge: 0.308 Con: 0.156 Cls: 0.217 | Val F1: 0.8095 | 0.0s
  Epoch 75/400 | Total: 0.691 Edge: 0.302 Con: 0.153 Cls: 0.236 | Val F1: 0.8446 | 0.0s
  Epoch 80/400 | Total: 0.664 Edge: 0.297 Con: 0.150 Cls: 0.218 | Val F1: 0.8320 | 0.0s
  Epoch 85/400 | Total: 0.684 Edge: 0.309 Con: 0.148 Cls: 0.227 | Val F1: 0.8211 | 0.0s
  Epoch 90/400 | Total: 0.634 Edge: 0.285 Con: 0.146 Cls: 0.202 | Val F1: 0.8199 | 0.0s
  Epoch 95/400 | Total: 0.642 Edge: 0.281 Con: 0.146 Cls: 0.215 | Val F1: 0.8138 | 0.0s
  Epoch 100/400 | Total: 0.632 Edge: 0.285 Con: 0.145 Cls: 0.202 | Val F1: 0.8089 | 0.0s
  Epoch 105/400 | Total: 0.656 Edge: 0.285 Con: 0.146 Cls: 0.224 | Val F1: 0.8208 | 0.0s
  Epoch 110/400 | Total: 0.642 Edge: 0.285 Con: 0.143 Cls: 0.213 | Val F1: 0.8236 | 0.0s
  Epoch 115/400 | Total: 0.635 Edge: 0.288 Con: 0.143 Cls: 0.205 | Val F1: 0.8165 | 0.0s
  Epoch 120/400 | Total: 0.625 Edge: 0.279 Con: 0.140 Cls: 0.206 | Val F1: 0.8207 | 0.0s
  Epoch 125/400 | Total: 0.622 Edge: 0.269 Con: 0.143 Cls: 0.210 | Val F1: 0.8106 | 0.0s
  Epoch 130/400 | Total: 0.649 Edge: 0.282 Con: 0.143 Cls: 0.224 | Val F1: 0.8110 | 0.0s
  Epoch 135/400 | Total: 0.613 Edge: 0.267 Con: 0.140 Cls: 0.206 | Val F1: 0.8387 | 0.0s
  Epoch 140/400 | Total: 0.609 Edge: 0.263 Con: 0.139 Cls: 0.207 | Val F1: 0.8275 | 0.0s
  Epoch 145/400 | Total: 0.613 Edge: 0.268 Con: 0.136 Cls: 0.209 | Val F1: 0.8335 | 0.0s
  Epoch 150/400 | Total: 0.613 Edge: 0.276 Con: 0.137 Cls: 0.200 | Val F1: 0.8204 | 0.0s
  Epoch 155/400 | Total: 0.608 Edge: 0.268 Con: 0.135 Cls: 0.205 | Val F1: 0.8262 | 0.0s
  Epoch 160/400 | Total: 0.582 Edge: 0.265 Con: 0.134 Cls: 0.184 | Val F1: 0.8383 | 0.0s
  Epoch 165/400 | Total: 0.604 Edge: 0.266 Con: 0.134 Cls: 0.204 | Val F1: 0.8337 | 0.0s
  Epoch 170/400 | Total: 0.608 Edge: 0.264 Con: 0.133 Cls: 0.211 | Val F1: 0.8409 | 0.0s
  Epoch 175/400 | Total: 0.597 Edge: 0.248 Con: 0.133 Cls: 0.216 | Val F1: 0.8237 | 0.0s
  Early stopping at epoch 175
  Best Val F1: 0.8446 | Test F1: 0.8141
  Total training time: 3.5s (0.1 min) over 175 epochs

======================================================================
  Val  Macro-F1: 0.8446
  Test Macro-F1: 0.8141
  Test Accuracy: 0.8266
  Time: 3.6s
======================================================================

  Results saved to: results/MATE_cora_MCAR_0.4_20260721_163333
