/home/erfan/MATE/venv/lib/python3.13/site-packages/outdated/__init__.py:36: UserWarning: pkg_resources is deprecated as an API. See https://setuptools.pypa.io/en/latest/pkg_resources.html. The pkg_resources package is slated for removal as early as 2025-11-30. Refrain from using this package or pin to Setuptools<81.
  from pkg_resources import parse_version
/home/erfan/MATE/ogbn_benchmarks/data_loader.py:96: UserWarning: Sparse invariant checks are implicitly disabled. Memory errors (e.g. SEGFAULT) will occur when operating on a sparse tensor which violates the invariants, but checks incur performance overhead. To silence this warning, explicitly opt in or out. See `torch.sparse.check_sparse_tensor_invariants.__doc__` for guidance.  (Triggered internally at /pytorch/aten/src/ATen/Context.cpp:760.)
  adj = torch.sparse_coo_tensor(edge_index, vals, (num_nodes, num_nodes)).coalesce()
======================================================================
  FP | ogbn-arxiv | MCAR @ 40%
======================================================================
[1/3] Loading ogbn-arxiv...
  169,343 nodes | 128 dims | 40 classes
[2/3] Simulating MCAR missingness...
Simulating MCAR missingness at 40% rate...
  MCAR: Uniform random selection
  Observable: 101,606 (60.0%)
  Masked: 67,737 (40.0%)
  Observable: 101,606 | Val: 33,868 | Test: 33,869
[3/3] Running FP...
  Feature propagation (40 iterations)...
    Propagation done in 0.4s
  Training classifier for up to 400 epochs (patience=20)...
  Epoch 5/400 | Loss: 1.6093 | Val F1: 0.2818 | 0.9s
  Epoch 10/400 | Loss: 1.5669 | Val F1: 0.2997 | 0.9s
  Epoch 15/400 | Loss: 1.5626 | Val F1: 0.2975 | 1.0s
  Epoch 20/400 | Loss: 1.5574 | Val F1: 0.3041 | 0.9s
  Epoch 25/400 | Loss: 1.5563 | Val F1: 0.3036 | 0.9s
  Epoch 30/400 | Loss: 1.5487 | Val F1: 0.2901 | 0.9s
  Epoch 35/400 | Loss: 1.5532 | Val F1: 0.2763 | 0.9s
  Epoch 40/400 | Loss: 1.5520 | Val F1: 0.3105 | 0.9s
  Epoch 45/400 | Loss: 1.5544 | Val F1: 0.2900 | 0.9s
  Epoch 50/400 | Loss: 1.5519 | Val F1: 0.2969 | 0.9s
  Epoch 55/400 | Loss: 1.5515 | Val F1: 0.3047 | 0.9s
  Epoch 60/400 | Loss: 1.5468 | Val F1: 0.3067 | 0.9s
  Epoch 65/400 | Loss: 1.5537 | Val F1: 0.3055 | 0.9s
  Epoch 70/400 | Loss: 1.5577 | Val F1: 0.3066 | 0.9s
  Epoch 75/400 | Loss: 1.5496 | Val F1: 0.2938 | 0.9s
  Epoch 80/400 | Loss: 1.5430 | Val F1: 0.3154 | 0.9s
  Epoch 85/400 | Loss: 1.5486 | Val F1: 0.2932 | 0.9s
  Epoch 90/400 | Loss: 1.5393 | Val F1: 0.2967 | 0.9s
  Epoch 95/400 | Loss: 1.5433 | Val F1: 0.3104 | 0.9s
  Epoch 100/400 | Loss: 1.5431 | Val F1: 0.3018 | 0.9s
  Epoch 105/400 | Loss: 1.5464 | Val F1: 0.2955 | 0.9s
  Epoch 110/400 | Loss: 1.5496 | Val F1: 0.2821 | 0.9s
  Epoch 115/400 | Loss: 1.5513 | Val F1: 0.2866 | 0.9s
  Epoch 120/400 | Loss: 1.5449 | Val F1: 0.2957 | 0.9s
  Epoch 125/400 | Loss: 1.5525 | Val F1: 0.3015 | 0.9s
  Epoch 130/400 | Loss: 1.5511 | Val F1: 0.3157 | 0.9s
  Epoch 135/400 | Loss: 1.5479 | Val F1: 0.3024 | 0.9s
  Epoch 140/400 | Loss: 1.5513 | Val F1: 0.3094 | 0.9s
  Epoch 145/400 | Loss: 1.5471 | Val F1: 0.3028 | 0.9s
  Epoch 150/400 | Loss: 1.5518 | Val F1: 0.3082 | 0.9s
  Epoch 155/400 | Loss: 1.5520 | Val F1: 0.3081 | 0.9s
  Epoch 160/400 | Loss: 1.5443 | Val F1: 0.2905 | 0.9s
  Epoch 165/400 | Loss: 1.5450 | Val F1: 0.2923 | 0.9s
  Epoch 170/400 | Loss: 1.5461 | Val F1: 0.3040 | 0.9s
  Epoch 175/400 | Loss: 1.5476 | Val F1: 0.3306 | 0.9s
  Epoch 180/400 | Loss: 1.5518 | Val F1: 0.3022 | 0.9s
  Epoch 185/400 | Loss: 1.5406 | Val F1: 0.3069 | 0.9s
  Epoch 190/400 | Loss: 1.5464 | Val F1: 0.2899 | 0.9s
  Epoch 195/400 | Loss: 1.5429 | Val F1: 0.3067 | 0.9s
  Epoch 200/400 | Loss: 1.5441 | Val F1: 0.3293 | 0.9s
  Epoch 205/400 | Loss: 1.5501 | Val F1: 0.2854 | 0.9s
  Epoch 210/400 | Loss: 1.5447 | Val F1: 0.2948 | 0.9s
  Epoch 215/400 | Loss: 1.5431 | Val F1: 0.2982 | 0.9s
  Epoch 220/400 | Loss: 1.5446 | Val F1: 0.3012 | 0.9s
  Epoch 225/400 | Loss: 1.5482 | Val F1: 0.2878 | 0.9s
  Epoch 230/400 | Loss: 1.5494 | Val F1: 0.3128 | 0.9s
  Epoch 235/400 | Loss: 1.5466 | Val F1: 0.2947 | 0.9s
  Epoch 240/400 | Loss: 1.5505 | Val F1: 0.3117 | 0.9s
  Epoch 245/400 | Loss: 1.5451 | Val F1: 0.2963 | 0.9s
  Epoch 250/400 | Loss: 1.5544 | Val F1: 0.3056 | 0.9s
  Epoch 255/400 | Loss: 1.5492 | Val F1: 0.3013 | 0.9s
  Epoch 260/400 | Loss: 1.5449 | Val F1: 0.2966 | 0.9s
  Epoch 265/400 | Loss: 1.5408 | Val F1: 0.3124 | 0.9s
  Epoch 270/400 | Loss: 1.5515 | Val F1: 0.3036 | 0.9s
  Epoch 275/400 | Loss: 1.5446 | Val F1: 0.2991 | 0.9s
  Early stopping at epoch 275
  Best Val F1: 0.3306 | Test F1: 0.3339
  Total training time: 257.6s (4.3 min)

======================================================================
  Val  Macro-F1: 0.3306
  Test Macro-F1: 0.3339
  Test Accuracy: 0.6233
  Time: 258.2s
======================================================================

  Results saved to: results/FP_ogbn-arxiv_MCAR_0.4_20260721_164712
