/home/erfan/MATE/venv/lib/python3.13/site-packages/outdated/__init__.py:36: UserWarning: pkg_resources is deprecated as an API. See https://setuptools.pypa.io/en/latest/pkg_resources.html. The pkg_resources package is slated for removal as early as 2025-11-30. Refrain from using this package or pin to Setuptools<81.
  from pkg_resources import parse_version
/home/erfan/MATE/ogbn_benchmarks/data_loader.py:96: UserWarning: Sparse invariant checks are implicitly disabled. Memory errors (e.g. SEGFAULT) will occur when operating on a sparse tensor which violates the invariants, but checks incur performance overhead. To silence this warning, explicitly opt in or out. See `torch.sparse.check_sparse_tensor_invariants.__doc__` for guidance.  (Triggered internally at /pytorch/aten/src/ATen/Context.cpp:760.)
  adj = torch.sparse_coo_tensor(edge_index, vals, (num_nodes, num_nodes)).coalesce()
======================================================================
  GraphSAGE | ogbn-arxiv | MCAR @ 40%
======================================================================
[1/3] Loading ogbn-arxiv...
  169,343 nodes | 128 dims | 40 classes
[2/3] Simulating MCAR missingness...
Simulating MCAR missingness at 40% rate...
  MCAR: Uniform random selection
  Observable: 101,606 (60.0%)
  Masked: 67,737 (40.0%)
  Observable: 101,606 | Val: 33,868 | Test: 33,869
[3/3] Running GraphSAGE...
  Training GraphSAGE for up to 400 epochs (patience=20)...
  Epoch 5/400 | Loss: 1.5996 | Val F1: 0.2693
  Epoch 10/400 | Loss: 1.5670 | Val F1: 0.2808
  Epoch 15/400 | Loss: 1.5723 | Val F1: 0.2892
  Epoch 20/400 | Loss: 1.5611 | Val F1: 0.2836
  Epoch 25/400 | Loss: 1.5577 | Val F1: 0.2872
  Epoch 30/400 | Loss: 1.5524 | Val F1: 0.2814
  Epoch 35/400 | Loss: 1.5522 | Val F1: 0.2711
  Epoch 40/400 | Loss: 1.5483 | Val F1: 0.2781
  Epoch 45/400 | Loss: 1.5489 | Val F1: 0.2559
  Epoch 50/400 | Loss: 1.5509 | Val F1: 0.2777
  Epoch 55/400 | Loss: 1.5525 | Val F1: 0.2883
  Epoch 60/400 | Loss: 1.5490 | Val F1: 0.2934
  Epoch 65/400 | Loss: 1.5520 | Val F1: 0.2916
  Epoch 70/400 | Loss: 1.5472 | Val F1: 0.3001
  Epoch 75/400 | Loss: 1.5446 | Val F1: 0.2860
  Epoch 80/400 | Loss: 1.5454 | Val F1: 0.3015
  Epoch 85/400 | Loss: 1.5433 | Val F1: 0.2882
  Epoch 90/400 | Loss: 1.5477 | Val F1: 0.2827
  Epoch 95/400 | Loss: 1.5452 | Val F1: 0.2806
  Epoch 100/400 | Loss: 1.5499 | Val F1: 0.3004
  Epoch 105/400 | Loss: 1.5446 | Val F1: 0.2612
  Epoch 110/400 | Loss: 1.5457 | Val F1: 0.2763
  Epoch 115/400 | Loss: 1.5454 | Val F1: 0.2909
  Epoch 120/400 | Loss: 1.5464 | Val F1: 0.2868
  Epoch 125/400 | Loss: 1.5444 | Val F1: 0.2773
  Epoch 130/400 | Loss: 1.5504 | Val F1: 0.2795
  Epoch 135/400 | Loss: 1.5461 | Val F1: 0.2756
  Epoch 140/400 | Loss: 1.5457 | Val F1: 0.3016
  Epoch 145/400 | Loss: 1.5460 | Val F1: 0.2859
  Epoch 150/400 | Loss: 1.5483 | Val F1: 0.2806
  Epoch 155/400 | Loss: 1.5534 | Val F1: 0.2816
  Epoch 160/400 | Loss: 1.5428 | Val F1: 0.2781
  Epoch 165/400 | Loss: 1.5518 | Val F1: 0.2869
  Epoch 170/400 | Loss: 1.5513 | Val F1: 0.2865
  Epoch 175/400 | Loss: 1.5466 | Val F1: 0.2744
  Epoch 180/400 | Loss: 1.5475 | Val F1: 0.2808
  Epoch 185/400 | Loss: 1.5461 | Val F1: 0.2920
  Epoch 190/400 | Loss: 1.5470 | Val F1: 0.2799
  Epoch 195/400 | Loss: 1.5441 | Val F1: 0.2933
  Epoch 200/400 | Loss: 1.5465 | Val F1: 0.2690
  Epoch 205/400 | Loss: 1.5445 | Val F1: 0.2867
  Epoch 210/400 | Loss: 1.5440 | Val F1: 0.2927
  Epoch 215/400 | Loss: 1.5511 | Val F1: 0.2853
  Epoch 220/400 | Loss: 1.5546 | Val F1: 0.2755
  Epoch 225/400 | Loss: 1.5485 | Val F1: 0.2637
  Epoch 230/400 | Loss: 1.5421 | Val F1: 0.2978
  Epoch 235/400 | Loss: 1.5426 | Val F1: 0.2943
  Epoch 240/400 | Loss: 1.5510 | Val F1: 0.3025
  Epoch 245/400 | Loss: 1.5477 | Val F1: 0.2798
  Epoch 250/400 | Loss: 1.5471 | Val F1: 0.2705
  Epoch 255/400 | Loss: 1.5454 | Val F1: 0.2900
  Epoch 260/400 | Loss: 1.5487 | Val F1: 0.2955
  Epoch 265/400 | Loss: 1.5449 | Val F1: 0.2930
  Epoch 270/400 | Loss: 1.5479 | Val F1: 0.2888
  Epoch 275/400 | Loss: 1.5542 | Val F1: 0.2856
  Epoch 280/400 | Loss: 1.5516 | Val F1: 0.2813
  Epoch 285/400 | Loss: 1.5494 | Val F1: 0.2806
  Epoch 290/400 | Loss: 1.5422 | Val F1: 0.2820
  Epoch 295/400 | Loss: 1.5444 | Val F1: 0.3120
  Epoch 300/400 | Loss: 1.5483 | Val F1: 0.2810
  Epoch 305/400 | Loss: 1.5466 | Val F1: 0.2869
  Epoch 310/400 | Loss: 1.5472 | Val F1: 0.2642
  Epoch 315/400 | Loss: 1.5471 | Val F1: 0.2842
  Epoch 320/400 | Loss: 1.5472 | Val F1: 0.2814
  Epoch 325/400 | Loss: 1.5471 | Val F1: 0.2780
  Epoch 330/400 | Loss: 1.5495 | Val F1: 0.2719
  Epoch 335/400 | Loss: 1.5532 | Val F1: 0.2816
  Epoch 340/400 | Loss: 1.5496 | Val F1: 0.2997
  Epoch 345/400 | Loss: 1.5459 | Val F1: 0.2963
  Epoch 350/400 | Loss: 1.5515 | Val F1: 0.2780
  Epoch 355/400 | Loss: 1.5474 | Val F1: 0.2908
  Epoch 360/400 | Loss: 1.5462 | Val F1: 0.2825
  Epoch 365/400 | Loss: 1.5519 | Val F1: 0.3070
  Epoch 370/400 | Loss: 1.5438 | Val F1: 0.2683
  Epoch 375/400 | Loss: 1.5484 | Val F1: 0.2718
  Epoch 380/400 | Loss: 1.5449 | Val F1: 0.2867
  Epoch 385/400 | Loss: 1.5477 | Val F1: 0.2915
  Epoch 390/400 | Loss: 1.5427 | Val F1: 0.2652
  Epoch 395/400 | Loss: 1.5473 | Val F1: 0.2791
  Early stopping at epoch 395 (no improvement for 20 evals)
  Best Val F1: 0.3120 | Test F1: 0.3138

======================================================================
  Val  Macro-F1: 0.3120
  Test Macro-F1: 0.3138
  Test Accuracy: 0.6002
  Time: 517.5s
======================================================================

  Results saved to: results/GraphSAGE_ogbn-arxiv_MCAR_0.4_20260721_163832
