/home/erfan/MATE/venv/lib/python3.13/site-packages/outdated/__init__.py:36: UserWarning: pkg_resources is deprecated as an API. See https://setuptools.pypa.io/en/latest/pkg_resources.html. The pkg_resources package is slated for removal as early as 2025-11-30. Refrain from using this package or pin to Setuptools<81.
  from pkg_resources import parse_version
/home/erfan/MATE/ogbn_benchmarks/data_loader.py:96: UserWarning: Sparse invariant checks are implicitly disabled. Memory errors (e.g. SEGFAULT) will occur when operating on a sparse tensor which violates the invariants, but checks incur performance overhead. To silence this warning, explicitly opt in or out. See `torch.sparse.check_sparse_tensor_invariants.__doc__` for guidance.  (Triggered internally at /pytorch/aten/src/ATen/Context.cpp:760.)
  adj = torch.sparse_coo_tensor(edge_index, vals, (num_nodes, num_nodes)).coalesce()
======================================================================
  NESS | ogbn-arxiv | MCAR @ 90% | lr=0.001
======================================================================
[1/3] Loading ogbn-arxiv...
  169,343 nodes | 128 dims | 40 classes
[2/3] Simulating MCAR missingness...
Simulating MCAR missingness at 90% rate...
  MCAR: Uniform random selection
  Observable: 16,935 (10.0%)
  Masked: 152,408 (90.0%)
  Observable: 16,935 | Val: 76,204 | Test: 76,204
[3/3] Running NESS...
  Prefilling missing nodes via Feature Propagation (40 iters)...
  Computing neighbor label-histogram target (2-hop, observable labels)...
  Partitioning graph into 20 clusters (cache_device=cpu)...
  Cached 20 clusters
  Training NESS for up to 800 epochs (patience=20)...
  Epoch 1/800 | Total: 15.063 Edge: 0.692 Con: 0.565 Cls: 3.497 Hist: 2.8950 Path: 0.7020 | 9.7s
  Epoch 2/800 | Total: 13.299 Edge: 0.654 Con: 0.450 Cls: 3.079 Hist: 2.4958 Path: 0.6878 | 1.0s
  Epoch 3/800 | Total: 12.747 Edge: 0.622 Con: 0.373 Cls: 2.964 Hist: 2.3675 Path: 0.6787 | 1.0s
  Epoch 4/800 | Total: 12.261 Edge: 0.634 Con: 0.315 Cls: 2.853 Hist: 2.2284 Path: 0.6833 | 1.0s
  Epoch 5/800 | Total: 11.383 Edge: 0.625 Con: 0.291 Cls: 2.632 Hist: 2.0349 Path: 0.6829 | Val F1: 0.0251 | 1.0s
  Epoch 6/800 | Total: 11.577 Edge: 0.638 Con: 0.272 Cls: 2.689 Hist: 2.0649 Path: 0.6705 | 0.9s
  Epoch 7/800 | Total: 11.005 Edge: 0.619 Con: 0.274 Cls: 2.549 Hist: 1.9412 Path: 0.6607 | 0.9s
  Epoch 8/800 | Total: 10.559 Edge: 0.588 Con: 0.255 Cls: 2.459 Hist: 1.8165 Path: 0.6509 | 1.0s
  Epoch 9/800 | Total: 10.074 Edge: 0.584 Con: 0.241 Cls: 2.333 Hist: 1.7299 Path: 0.6417 | 0.9s
  Epoch 10/800 | Total: 9.703 Edge: 0.567 Con: 0.232 Cls: 2.252 Hist: 1.6387 Path: 0.6250 | Val F1: 0.0709 | 1.0s
  Epoch 11/800 | Total: 9.301 Edge: 0.542 Con: 0.224 Cls: 2.159 Hist: 1.5655 Path: 0.6052 | 0.9s
  Epoch 12/800 | Total: 9.183 Edge: 0.530 Con: 0.218 Cls: 2.124 Hist: 1.5475 Path: 0.6236 | 0.9s
  Epoch 13/800 | Total: 9.267 Edge: 0.522 Con: 0.214 Cls: 2.151 Hist: 1.5710 Path: 0.6148 | 1.0s
  Epoch 14/800 | Total: 9.436 Edge: 0.524 Con: 0.214 Cls: 2.195 Hist: 1.6115 Path: 0.6094 | 1.0s
  Epoch 15/800 | Total: 9.355 Edge: 0.520 Con: 0.208 Cls: 2.173 Hist: 1.6061 Path: 0.6067 | Val F1: 0.1016 | 1.0s
  Epoch 16/800 | Total: 9.125 Edge: 0.515 Con: 0.210 Cls: 2.122 Hist: 1.5533 Path: 0.5856 | 1.0s
  Epoch 17/800 | Total: 8.466 Edge: 0.488 Con: 0.199 Cls: 1.956 Hist: 1.4201 Path: 0.5893 | 1.0s
  Epoch 18/800 | Total: 8.333 Edge: 0.475 Con: 0.195 Cls: 1.929 Hist: 1.4000 Path: 0.5736 | 1.0s
  Epoch 19/800 | Total: 8.201 Edge: 0.470 Con: 0.197 Cls: 1.896 Hist: 1.3747 Path: 0.5700 | 1.0s
  Epoch 20/800 | Total: 8.317 Edge: 0.482 Con: 0.191 Cls: 1.923 Hist: 1.4012 Path: 0.5678 | Val F1: 0.1540 | 1.0s
  Epoch 21/800 | Total: 8.031 Edge: 0.494 Con: 0.194 Cls: 1.842 Hist: 1.3428 Path: 0.5693 | 1.0s
  Epoch 22/800 | Total: 7.993 Edge: 0.470 Con: 0.189 Cls: 1.844 Hist: 1.3455 Path: 0.5500 | 1.0s
  Epoch 23/800 | Total: 7.828 Edge: 0.459 Con: 0.187 Cls: 1.809 Hist: 1.3031 Path: 0.5471 | 0.9s
  Epoch 24/800 | Total: 8.616 Edge: 0.465 Con: 0.190 Cls: 2.022 Hist: 1.4366 Path: 0.5536 | 1.0s
  Epoch 25/800 | Total: 8.113 Edge: 0.484 Con: 0.190 Cls: 1.876 Hist: 1.3376 Path: 0.5685 | Val F1: 0.1677 | 1.0s
  Epoch 26/800 | Total: 7.789 Edge: 0.462 Con: 0.187 Cls: 1.795 Hist: 1.2894 Path: 0.5599 | 1.0s
  Epoch 27/800 | Total: 7.724 Edge: 0.463 Con: 0.185 Cls: 1.770 Hist: 1.2757 Path: 0.5827 | 1.0s
  Epoch 28/800 | Total: 7.487 Edge: 0.454 Con: 0.178 Cls: 1.720 Hist: 1.2398 Path: 0.5426 | 1.0s
  Epoch 29/800 | Total: 7.416 Edge: 0.432 Con: 0.177 Cls: 1.715 Hist: 1.2247 Path: 0.5258 | 1.0s
  Epoch 30/800 | Total: 7.432 Edge: 0.431 Con: 0.174 Cls: 1.718 Hist: 1.2367 Path: 0.5215 | Val F1: 0.1945 | 1.0s
  Epoch 31/800 | Total: 7.688 Edge: 0.436 Con: 0.177 Cls: 1.783 Hist: 1.2926 Path: 0.5211 | 1.0s
  Epoch 32/800 | Total: 7.585 Edge: 0.445 Con: 0.176 Cls: 1.748 Hist: 1.2749 Path: 0.5324 | 1.0s
  Epoch 33/800 | Total: 7.250 Edge: 0.437 Con: 0.172 Cls: 1.668 Hist: 1.2061 Path: 0.5157 | 1.0s
  Epoch 34/800 | Total: 7.221 Edge: 0.431 Con: 0.175 Cls: 1.664 Hist: 1.1982 Path: 0.5130 | 1.0s
  Epoch 35/800 | Total: 7.162 Edge: 0.422 Con: 0.172 Cls: 1.653 Hist: 1.1840 Path: 0.5097 | Val F1: 0.2173 | 1.0s
  Epoch 36/800 | Total: 7.768 Edge: 0.442 Con: 0.177 Cls: 1.803 Hist: 1.2960 Path: 0.5323 | 1.0s
  Epoch 37/800 | Total: 7.849 Edge: 0.489 Con: 0.177 Cls: 1.798 Hist: 1.3197 Path: 0.5572 | 1.0s
  Epoch 38/800 | Total: 7.696 Edge: 0.461 Con: 0.177 Cls: 1.777 Hist: 1.2801 Path: 0.5361 | 1.0s
  Epoch 39/800 | Total: 7.257 Edge: 0.450 Con: 0.172 Cls: 1.640 Hist: 1.1921 Path: 0.6105 | 1.0s
  Epoch 40/800 | Total: 7.108 Edge: 0.426 Con: 0.171 Cls: 1.634 Hist: 1.1810 Path: 0.5127 | Val F1: 0.2234 | 1.0s
  Epoch 41/800 | Total: 6.990 Edge: 0.424 Con: 0.168 Cls: 1.604 Hist: 1.1448 Path: 0.5251 | 1.0s
  Epoch 42/800 | Total: 7.034 Edge: 0.421 Con: 0.169 Cls: 1.616 Hist: 1.1524 Path: 0.5267 | 0.9s
  Epoch 43/800 | Total: 6.921 Edge: 0.426 Con: 0.168 Cls: 1.588 Hist: 1.1281 Path: 0.5197 | 1.0s
  Epoch 44/800 | Total: 6.805 Edge: 0.417 Con: 0.166 Cls: 1.565 Hist: 1.1103 Path: 0.5005 | 1.0s
  Epoch 45/800 | Total: 6.840 Edge: 0.416 Con: 0.167 Cls: 1.576 Hist: 1.1208 Path: 0.4910 | Val F1: 0.2356 | 1.0s
  Epoch 46/800 | Total: 6.758 Edge: 0.431 Con: 0.168 Cls: 1.544 Hist: 1.1040 Path: 0.5070 | 1.0s
  Epoch 47/800 | Total: 6.720 Edge: 0.424 Con: 0.167 Cls: 1.539 Hist: 1.1013 Path: 0.4956 | 1.0s
  Epoch 48/800 | Total: 6.640 Edge: 0.421 Con: 0.167 Cls: 1.518 Hist: 1.0836 Path: 0.4966 | 1.0s
  Epoch 49/800 | Total: 6.743 Edge: 0.408 Con: 0.168 Cls: 1.554 Hist: 1.0976 Path: 0.4921 | 1.0s
  Epoch 50/800 | Total: 6.663 Edge: 0.404 Con: 0.167 Cls: 1.530 Hist: 1.0942 Path: 0.4912 | Val F1: 0.2405 | 1.0s
  Epoch 51/800 | Total: 6.661 Edge: 0.400 Con: 0.168 Cls: 1.535 Hist: 1.0898 Path: 0.4815 | 1.0s
  Epoch 52/800 | Total: 6.763 Edge: 0.400 Con: 0.167 Cls: 1.565 Hist: 1.1033 Path: 0.4812 | 1.0s
  Epoch 53/800 | Total: 6.710 Edge: 0.401 Con: 0.164 Cls: 1.553 Hist: 1.0981 Path: 0.4711 | 1.0s
  Epoch 54/800 | Total: 6.575 Edge: 0.431 Con: 0.165 Cls: 1.494 Hist: 1.0645 Path: 0.5155 | 1.0s
  Epoch 55/800 | Total: 6.574 Edge: 0.410 Con: 0.167 Cls: 1.504 Hist: 1.0739 Path: 0.4958 | Val F1: 0.2544 | 1.0s
  Epoch 56/800 | Total: 6.495 Edge: 0.406 Con: 0.165 Cls: 1.487 Hist: 1.0583 Path: 0.4860 | 1.0s
  Epoch 57/800 | Total: 6.520 Edge: 0.396 Con: 0.164 Cls: 1.502 Hist: 1.0697 Path: 0.4669 | 1.0s
  Epoch 58/800 | Total: 6.563 Edge: 0.404 Con: 0.164 Cls: 1.512 Hist: 1.0646 Path: 0.4754 | 1.0s
  Epoch 59/800 | Total: 6.911 Edge: 0.436 Con: 0.166 Cls: 1.579 Hist: 1.1247 Path: 0.5313 | 1.0s
  Epoch 60/800 | Total: 6.834 Edge: 0.414 Con: 0.163 Cls: 1.572 Hist: 1.1142 Path: 0.5093 | Val F1: 0.2297 | 1.0s
  Epoch 61/800 | Total: 7.062 Edge: 0.469 Con: 0.165 Cls: 1.591 Hist: 1.1318 Path: 0.6045 | 1.0s
  Epoch 62/800 | Total: 6.861 Edge: 0.436 Con: 0.168 Cls: 1.563 Hist: 1.1268 Path: 0.5265 | 1.0s
  Epoch 63/800 | Total: 6.538 Edge: 0.411 Con: 0.163 Cls: 1.492 Hist: 1.0716 Path: 0.4962 | 1.0s
  Epoch 64/800 | Total: 6.279 Edge: 0.396 Con: 0.164 Cls: 1.434 Hist: 1.0242 Path: 0.4754 | 1.0s
  Epoch 65/800 | Total: 6.275 Edge: 0.391 Con: 0.160 Cls: 1.440 Hist: 1.0198 Path: 0.4628 | Val F1: 0.2559 | 1.0s
  Epoch 66/800 | Total: 6.236 Edge: 0.390 Con: 0.163 Cls: 1.428 Hist: 1.0215 Path: 0.4592 | 1.0s
  Epoch 67/800 | Total: 6.455 Edge: 0.391 Con: 0.161 Cls: 1.488 Hist: 1.0556 Path: 0.4631 | 1.0s
  Epoch 68/800 | Total: 6.284 Edge: 0.386 Con: 0.161 Cls: 1.442 Hist: 1.0307 Path: 0.4600 | 1.0s
  Epoch 69/800 | Total: 6.111 Edge: 0.382 Con: 0.161 Cls: 1.400 Hist: 0.9987 Path: 0.4490 | 1.0s
  Epoch 70/800 | Total: 6.299 Edge: 0.382 Con: 0.163 Cls: 1.448 Hist: 1.0333 Path: 0.4569 | Val F1: 0.2683 | 1.0s
  Epoch 71/800 | Total: 6.192 Edge: 0.382 Con: 0.160 Cls: 1.422 Hist: 1.0152 Path: 0.4477 | 1.0s
  Epoch 72/800 | Total: 6.228 Edge: 0.387 Con: 0.161 Cls: 1.426 Hist: 1.0276 Path: 0.4566 | 1.0s
  Epoch 73/800 | Total: 6.121 Edge: 0.396 Con: 0.159 Cls: 1.396 Hist: 0.9979 Path: 0.4590 | 1.0s
  Epoch 74/800 | Total: 6.301 Edge: 0.409 Con: 0.162 Cls: 1.423 Hist: 1.0262 Path: 0.5166 | 1.0s
  Epoch 75/800 | Total: 6.385 Edge: 0.404 Con: 0.156 Cls: 1.458 Hist: 1.0452 Path: 0.4825 | Val F1: 0.2847 | 0.9s
  Epoch 76/800 | Total: 6.128 Edge: 0.386 Con: 0.161 Cls: 1.395 Hist: 1.0000 Path: 0.4781 | 0.9s
  Epoch 77/800 | Total: 6.314 Edge: 0.383 Con: 0.161 Cls: 1.453 Hist: 1.0202 Path: 0.4718 | 1.0s
  Epoch 78/800 | Total: 6.949 Edge: 0.407 Con: 0.162 Cls: 1.607 Hist: 1.1547 Path: 0.4864 | 1.0s
  Epoch 79/800 | Total: 6.606 Edge: 0.408 Con: 0.168 Cls: 1.517 Hist: 1.0832 Path: 0.4795 | 1.0s
  Epoch 80/800 | Total: 6.344 Edge: 0.388 Con: 0.159 Cls: 1.456 Hist: 1.0379 Path: 0.4712 | Val F1: 0.2653 | 1.0s
  Epoch 81/800 | Total: 6.207 Edge: 0.383 Con: 0.161 Cls: 1.427 Hist: 1.0072 Path: 0.4546 | 1.0s
  Epoch 82/800 | Total: 6.163 Edge: 0.385 Con: 0.157 Cls: 1.413 Hist: 1.0094 Path: 0.4515 | 1.0s
  Epoch 83/800 | Total: 6.216 Edge: 0.378 Con: 0.160 Cls: 1.434 Hist: 1.0153 Path: 0.4395 | 1.0s
  Epoch 84/800 | Total: 6.138 Edge: 0.376 Con: 0.158 Cls: 1.409 Hist: 1.0071 Path: 0.4495 | 1.0s
  Epoch 85/800 | Total: 6.251 Edge: 0.373 Con: 0.158 Cls: 1.439 Hist: 1.0298 Path: 0.4516 | Val F1: 0.2645 | 1.0s
  Epoch 86/800 | Total: 6.077 Edge: 0.381 Con: 0.159 Cls: 1.394 Hist: 0.9913 Path: 0.4437 | 1.0s
  Epoch 87/800 | Total: 6.119 Edge: 0.389 Con: 0.159 Cls: 1.399 Hist: 0.9965 Path: 0.4563 | 1.0s
  Epoch 88/800 | Total: 6.106 Edge: 0.380 Con: 0.157 Cls: 1.403 Hist: 1.0003 Path: 0.4399 | 1.0s
  Epoch 89/800 | Total: 6.071 Edge: 0.372 Con: 0.163 Cls: 1.394 Hist: 0.9915 Path: 0.4434 | 1.0s
  Epoch 90/800 | Total: 5.942 Edge: 0.361 Con: 0.159 Cls: 1.364 Hist: 0.9721 Path: 0.4375 | Val F1: 0.2881 | 1.0s
  Epoch 91/800 | Total: 5.982 Edge: 0.362 Con: 0.159 Cls: 1.377 Hist: 0.9757 Path: 0.4347 | 1.0s
  Epoch 92/800 | Total: 5.979 Edge: 0.359 Con: 0.159 Cls: 1.378 Hist: 0.9799 Path: 0.4259 | 1.0s
  Epoch 93/800 | Total: 5.877 Edge: 0.364 Con: 0.158 Cls: 1.349 Hist: 0.9612 Path: 0.4244 | 1.0s
  Epoch 94/800 | Total: 5.935 Edge: 0.365 Con: 0.158 Cls: 1.361 Hist: 0.9708 Path: 0.4365 | 1.0s
  Epoch 95/800 | Total: 6.082 Edge: 0.364 Con: 0.158 Cls: 1.401 Hist: 0.9993 Path: 0.4378 | Val F1: 0.2970 | 1.0s
  Epoch 96/800 | Total: 6.013 Edge: 0.365 Con: 0.158 Cls: 1.382 Hist: 0.9865 Path: 0.4363 | 1.0s
  Epoch 97/800 | Total: 5.898 Edge: 0.364 Con: 0.159 Cls: 1.356 Hist: 0.9615 Path: 0.4265 | 1.0s
  Epoch 98/800 | Total: 6.029 Edge: 0.372 Con: 0.161 Cls: 1.386 Hist: 0.9802 Path: 0.4391 | 1.0s
  Epoch 99/800 | Total: 5.978 Edge: 0.377 Con: 0.159 Cls: 1.371 Hist: 0.9695 Path: 0.4370 | 1.0s
  Epoch 100/800 | Total: 5.861 Edge: 0.366 Con: 0.159 Cls: 1.342 Hist: 0.9546 Path: 0.4330 | Val F1: 0.3178 | 1.0s
  Epoch 101/800 | Total: 5.845 Edge: 0.366 Con: 0.160 Cls: 1.338 Hist: 0.9518 Path: 0.4320 | 1.0s
  Epoch 102/800 | Total: 5.780 Edge: 0.365 Con: 0.157 Cls: 1.322 Hist: 0.9502 Path: 0.4206 | 1.0s
  Epoch 103/800 | Total: 5.937 Edge: 0.363 Con: 0.159 Cls: 1.362 Hist: 0.9777 Path: 0.4295 | 1.0s
  Epoch 104/800 | Total: 5.960 Edge: 0.367 Con: 0.158 Cls: 1.363 Hist: 0.9790 Path: 0.4443 | 1.0s
  Epoch 105/800 | Total: 5.924 Edge: 0.362 Con: 0.156 Cls: 1.360 Hist: 0.9652 Path: 0.4380 | Val F1: 0.2871 | 1.0s
  Epoch 106/800 | Total: 6.190 Edge: 0.372 Con: 0.158 Cls: 1.431 Hist: 0.9976 Path: 0.4485 | 1.0s
  Epoch 107/800 | Total: 6.229 Edge: 0.362 Con: 0.159 Cls: 1.439 Hist: 1.0285 Path: 0.4403 | 1.0s
  Epoch 108/800 | Total: 5.995 Edge: 0.365 Con: 0.157 Cls: 1.377 Hist: 0.9844 Path: 0.4338 | 1.0s
  Epoch 109/800 | Total: 5.830 Edge: 0.356 Con: 0.158 Cls: 1.341 Hist: 0.9539 Path: 0.4190 | 1.0s
  Epoch 110/800 | Total: 5.748 Edge: 0.359 Con: 0.156 Cls: 1.317 Hist: 0.9421 Path: 0.4170 | Val F1: 0.3145 | 1.0s
  Epoch 111/800 | Total: 5.715 Edge: 0.354 Con: 0.157 Cls: 1.313 Hist: 0.9323 Path: 0.4104 | 1.0s
  Epoch 112/800 | Total: 5.799 Edge: 0.367 Con: 0.157 Cls: 1.324 Hist: 0.9465 Path: 0.4347 | 1.0s
  Epoch 113/800 | Total: 5.837 Edge: 0.359 Con: 0.157 Cls: 1.340 Hist: 0.9467 Path: 0.4325 | 1.0s
  Epoch 114/800 | Total: 5.805 Edge: 0.354 Con: 0.158 Cls: 1.331 Hist: 0.9471 Path: 0.4314 | 1.0s
  Epoch 115/800 | Total: 5.856 Edge: 0.356 Con: 0.161 Cls: 1.347 Hist: 0.9575 Path: 0.4220 | Val F1: 0.2953 | 1.0s
  Epoch 116/800 | Total: 5.899 Edge: 0.351 Con: 0.156 Cls: 1.362 Hist: 0.9663 Path: 0.4186 | 1.0s
  Epoch 117/800 | Total: 6.014 Edge: 0.363 Con: 0.160 Cls: 1.381 Hist: 0.9922 Path: 0.4360 | 1.0s
  Epoch 118/800 | Total: 5.902 Edge: 0.366 Con: 0.158 Cls: 1.354 Hist: 0.9698 Path: 0.4272 | 0.9s
  Epoch 119/800 | Total: 5.665 Edge: 0.352 Con: 0.157 Cls: 1.298 Hist: 0.9288 Path: 0.4133 | 1.0s
  Epoch 120/800 | Total: 5.720 Edge: 0.354 Con: 0.156 Cls: 1.311 Hist: 0.9407 Path: 0.4157 | Val F1: 0.3207 | 1.0s
  Epoch 121/800 | Total: 5.809 Edge: 0.352 Con: 0.159 Cls: 1.334 Hist: 0.9524 Path: 0.4245 | 1.0s
  Epoch 122/800 | Total: 5.763 Edge: 0.348 Con: 0.155 Cls: 1.329 Hist: 0.9449 Path: 0.4047 | 1.0s
  Epoch 123/800 | Total: 5.602 Edge: 0.346 Con: 0.156 Cls: 1.285 Hist: 0.9164 Path: 0.4076 | 1.0s
  Epoch 124/800 | Total: 5.640 Edge: 0.343 Con: 0.153 Cls: 1.296 Hist: 0.9312 Path: 0.4012 | 1.0s
  Epoch 125/800 | Total: 5.598 Edge: 0.345 Con: 0.157 Cls: 1.284 Hist: 0.9174 Path: 0.4062 | Val F1: 0.3333 | 1.0s
  Epoch 126/800 | Total: 5.612 Edge: 0.343 Con: 0.157 Cls: 1.289 Hist: 0.9145 Path: 0.4103 | 1.0s
  Epoch 127/800 | Total: 5.549 Edge: 0.347 Con: 0.155 Cls: 1.270 Hist: 0.8971 Path: 0.4175 | 1.0s
  Epoch 128/800 | Total: 5.591 Edge: 0.348 Con: 0.155 Cls: 1.277 Hist: 0.9092 Path: 0.4242 | 1.0s
  Epoch 129/800 | Total: 5.653 Edge: 0.346 Con: 0.157 Cls: 1.300 Hist: 0.9173 Path: 0.4111 | 1.0s
  Epoch 130/800 | Total: 5.722 Edge: 0.348 Con: 0.157 Cls: 1.318 Hist: 0.9266 Path: 0.4138 | Val F1: 0.3140 | 1.0s
  Epoch 131/800 | Total: 5.719 Edge: 0.353 Con: 0.157 Cls: 1.310 Hist: 0.9322 Path: 0.4248 | 1.0s
  Epoch 132/800 | Total: 5.860 Edge: 0.353 Con: 0.158 Cls: 1.353 Hist: 0.9507 Path: 0.4195 | 1.0s
  Epoch 133/800 | Total: 5.693 Edge: 0.353 Con: 0.156 Cls: 1.304 Hist: 0.9320 Path: 0.4192 | 1.0s
  Epoch 134/800 | Total: 5.596 Edge: 0.353 Con: 0.155 Cls: 1.282 Hist: 0.9100 Path: 0.4104 | 1.0s
  Epoch 135/800 | Total: 5.652 Edge: 0.349 Con: 0.154 Cls: 1.299 Hist: 0.9237 Path: 0.4053 | Val F1: 0.3150 | 1.0s
  Epoch 136/800 | Total: 5.636 Edge: 0.358 Con: 0.158 Cls: 1.291 Hist: 0.9161 Path: 0.4096 | 1.0s
  Epoch 137/800 | Total: 5.524 Edge: 0.345 Con: 0.154 Cls: 1.265 Hist: 0.9025 Path: 0.4039 | 1.0s
  Epoch 138/800 | Total: 5.469 Edge: 0.338 Con: 0.156 Cls: 1.255 Hist: 0.8880 Path: 0.4005 | 1.0s
  Epoch 139/800 | Total: 5.570 Edge: 0.335 Con: 0.155 Cls: 1.282 Hist: 0.9131 Path: 0.3988 | 1.0s
  Epoch 140/800 | Total: 5.494 Edge: 0.336 Con: 0.156 Cls: 1.262 Hist: 0.8985 Path: 0.3957 | Val F1: 0.3313 | 1.0s
  Epoch 141/800 | Total: 5.519 Edge: 0.338 Con: 0.155 Cls: 1.264 Hist: 0.9098 Path: 0.4010 | 1.0s
  Epoch 142/800 | Total: 5.629 Edge: 0.347 Con: 0.156 Cls: 1.288 Hist: 0.9272 Path: 0.4109 | 1.0s
  Epoch 143/800 | Total: 5.548 Edge: 0.359 Con: 0.157 Cls: 1.261 Hist: 0.8941 Path: 0.4330 | 1.0s
  Epoch 144/800 | Total: 5.529 Edge: 0.353 Con: 0.156 Cls: 1.261 Hist: 0.8963 Path: 0.4188 | 1.0s
  Epoch 145/800 | Total: 5.522 Edge: 0.344 Con: 0.156 Cls: 1.261 Hist: 0.9025 Path: 0.4139 | Val F1: 0.3445 | 1.0s
  Epoch 146/800 | Total: 5.519 Edge: 0.339 Con: 0.155 Cls: 1.266 Hist: 0.8997 Path: 0.4060 | 1.0s
  Epoch 147/800 | Total: 5.605 Edge: 0.345 Con: 0.156 Cls: 1.285 Hist: 0.9143 Path: 0.4140 | 1.0s
  Epoch 148/800 | Total: 5.544 Edge: 0.340 Con: 0.157 Cls: 1.270 Hist: 0.9119 Path: 0.4049 | 1.0s
  Epoch 149/800 | Total: 5.532 Edge: 0.337 Con: 0.156 Cls: 1.271 Hist: 0.9061 Path: 0.3985 | 1.0s
  Epoch 150/800 | Total: 5.467 Edge: 0.337 Con: 0.153 Cls: 1.254 Hist: 0.8967 Path: 0.3934 | Val F1: 0.3331 | 1.0s
  Epoch 151/800 | Total: 5.375 Edge: 0.331 Con: 0.154 Cls: 1.233 Hist: 0.8744 Path: 0.3941 | 1.0s
  Epoch 152/800 | Total: 5.349 Edge: 0.332 Con: 0.157 Cls: 1.224 Hist: 0.8705 Path: 0.3956 | 1.0s
  Epoch 153/800 | Total: 5.487 Edge: 0.335 Con: 0.157 Cls: 1.260 Hist: 0.8969 Path: 0.3963 | 1.0s
  Epoch 154/800 | Total: 5.714 Edge: 0.343 Con: 0.159 Cls: 1.317 Hist: 0.9354 Path: 0.4048 | 1.0s
  Epoch 155/800 | Total: 5.775 Edge: 0.348 Con: 0.158 Cls: 1.331 Hist: 0.9380 Path: 0.4186 | Val F1: 0.3123 | 1.0s
  Epoch 156/800 | Total: 6.123 Edge: 0.360 Con: 0.160 Cls: 1.419 Hist: 0.9859 Path: 0.4405 | 1.0s
  Epoch 157/800 | Total: 5.765 Edge: 0.356 Con: 0.156 Cls: 1.319 Hist: 0.9425 Path: 0.4312 | 1.0s
  Epoch 158/800 | Total: 5.563 Edge: 0.351 Con: 0.156 Cls: 1.272 Hist: 0.9009 Path: 0.4173 | 1.0s
  Epoch 159/800 | Total: 5.554 Edge: 0.349 Con: 0.156 Cls: 1.267 Hist: 0.9082 Path: 0.4193 | 1.0s
  Epoch 160/800 | Total: 5.553 Edge: 0.345 Con: 0.156 Cls: 1.270 Hist: 0.9065 Path: 0.4137 | Val F1: 0.3348 | 1.0s
  Epoch 161/800 | Total: 5.532 Edge: 0.352 Con: 0.157 Cls: 1.261 Hist: 0.9025 Path: 0.4155 | 1.0s
  Epoch 162/800 | Total: 5.461 Edge: 0.335 Con: 0.157 Cls: 1.253 Hist: 0.8966 Path: 0.3936 | 1.0s
  Epoch 163/800 | Total: 5.398 Edge: 0.330 Con: 0.155 Cls: 1.239 Hist: 0.8800 Path: 0.3920 | 1.0s
  Epoch 164/800 | Total: 5.298 Edge: 0.331 Con: 0.155 Cls: 1.211 Hist: 0.8661 Path: 0.3910 | 1.0s
  Epoch 165/800 | Total: 5.325 Edge: 0.329 Con: 0.157 Cls: 1.220 Hist: 0.8708 Path: 0.3868 | Val F1: 0.3563 | 1.0s
  Epoch 166/800 | Total: 5.354 Edge: 0.324 Con: 0.154 Cls: 1.228 Hist: 0.8821 Path: 0.3857 | 1.0s
  Epoch 167/800 | Total: 5.565 Edge: 0.344 Con: 0.157 Cls: 1.279 Hist: 0.9055 Path: 0.3995 | 1.0s
  Epoch 168/800 | Total: 5.422 Edge: 0.339 Con: 0.157 Cls: 1.238 Hist: 0.8849 Path: 0.4048 | 1.0s
  Epoch 169/800 | Total: 5.370 Edge: 0.334 Con: 0.157 Cls: 1.231 Hist: 0.8724 Path: 0.3916 | 1.0s
  Epoch 170/800 | Total: 5.387 Edge: 0.335 Con: 0.156 Cls: 1.235 Hist: 0.8755 Path: 0.3920 | Val F1: 0.3376 | 1.0s
  Epoch 171/800 | Total: 5.371 Edge: 0.347 Con: 0.156 Cls: 1.225 Hist: 0.8749 Path: 0.3951 | 1.0s
  Epoch 172/800 | Total: 5.349 Edge: 0.340 Con: 0.154 Cls: 1.222 Hist: 0.8699 Path: 0.3970 | 1.0s
  Epoch 173/800 | Total: 5.445 Edge: 0.330 Con: 0.155 Cls: 1.252 Hist: 0.8879 Path: 0.3924 | 1.0s
  Epoch 174/800 | Total: 5.385 Edge: 0.332 Con: 0.156 Cls: 1.234 Hist: 0.8808 Path: 0.3913 | 1.0s
  Epoch 175/800 | Total: 5.459 Edge: 0.334 Con: 0.160 Cls: 1.254 Hist: 0.8910 Path: 0.3909 | Val F1: 0.3562 | 1.0s
  Epoch 176/800 | Total: 5.521 Edge: 0.344 Con: 0.156 Cls: 1.264 Hist: 0.9025 Path: 0.4045 | 1.0s
  Epoch 177/800 | Total: 5.646 Edge: 0.337 Con: 0.154 Cls: 1.297 Hist: 0.9396 Path: 0.4003 | 1.0s
  Epoch 178/800 | Total: 5.521 Edge: 0.343 Con: 0.155 Cls: 1.266 Hist: 0.8950 Path: 0.4068 | 1.0s
  Epoch 179/800 | Total: 5.391 Edge: 0.335 Con: 0.156 Cls: 1.233 Hist: 0.8746 Path: 0.4050 | 1.0s
  Epoch 180/800 | Total: 5.341 Edge: 0.338 Con: 0.154 Cls: 1.214 Hist: 0.8674 Path: 0.4150 | Val F1: 0.3487 | 1.0s
  Epoch 181/800 | Total: 5.611 Edge: 0.338 Con: 0.156 Cls: 1.293 Hist: 0.9099 Path: 0.4062 | 1.0s
  Epoch 182/800 | Total: 5.411 Edge: 0.340 Con: 0.153 Cls: 1.236 Hist: 0.8841 Path: 0.4012 | 1.0s
  Epoch 183/800 | Total: 5.329 Edge: 0.339 Con: 0.156 Cls: 1.216 Hist: 0.8676 Path: 0.3982 | 1.0s
  Epoch 184/800 | Total: 5.697 Edge: 0.340 Con: 0.157 Cls: 1.321 Hist: 0.9166 Path: 0.4001 | 1.0s
  Epoch 185/800 | Total: 5.972 Edge: 0.343 Con: 0.162 Cls: 1.383 Hist: 0.9793 Path: 0.4184 | Val F1: 0.3503 | 1.0s
  Epoch 186/800 | Total: 5.409 Edge: 0.332 Con: 0.158 Cls: 1.238 Hist: 0.8854 Path: 0.3979 | 1.0s
  Epoch 187/800 | Total: 5.381 Edge: 0.328 Con: 0.157 Cls: 1.234 Hist: 0.8862 Path: 0.3875 | 1.0s
  Epoch 188/800 | Total: 5.387 Edge: 0.325 Con: 0.157 Cls: 1.240 Hist: 0.8748 Path: 0.3876 | 1.0s
  Epoch 189/800 | Total: 5.426 Edge: 0.336 Con: 0.158 Cls: 1.244 Hist: 0.8848 Path: 0.3960 | 1.0s
  Epoch 190/800 | Total: 5.452 Edge: 0.348 Con: 0.155 Cls: 1.242 Hist: 0.8947 Path: 0.4072 | Val F1: 0.3634 | 1.0s
  Epoch 191/800 | Total: 5.330 Edge: 0.328 Con: 0.156 Cls: 1.221 Hist: 0.8686 Path: 0.3927 | 1.0s
  Epoch 192/800 | Total: 5.340 Edge: 0.330 Con: 0.156 Cls: 1.223 Hist: 0.8666 Path: 0.3960 | 1.0s
  Epoch 193/800 | Total: 5.352 Edge: 0.328 Con: 0.154 Cls: 1.226 Hist: 0.8750 Path: 0.3946 | 1.0s
  Epoch 194/800 | Total: 5.288 Edge: 0.326 Con: 0.155 Cls: 1.208 Hist: 0.8643 Path: 0.3967 | 1.0s
  Epoch 195/800 | Total: 5.208 Edge: 0.323 Con: 0.157 Cls: 1.190 Hist: 0.8487 Path: 0.3892 | Val F1: 0.3610 | 1.0s
  Epoch 196/800 | Total: 5.275 Edge: 0.322 Con: 0.157 Cls: 1.210 Hist: 0.8596 Path: 0.3835 | 1.0s
  Epoch 197/800 | Total: 5.199 Edge: 0.322 Con: 0.155 Cls: 1.189 Hist: 0.8483 Path: 0.3847 | 1.0s
  Epoch 198/800 | Total: 5.197 Edge: 0.317 Con: 0.156 Cls: 1.192 Hist: 0.8484 Path: 0.3792 | 1.0s
  Epoch 199/800 | Total: 5.161 Edge: 0.320 Con: 0.158 Cls: 1.179 Hist: 0.8426 Path: 0.3829 | 1.0s
  Epoch 200/800 | Total: 5.278 Edge: 0.322 Con: 0.154 Cls: 1.210 Hist: 0.8664 Path: 0.3831 | Val F1: 0.3428 | 1.0s
  Epoch 201/800 | Total: 5.358 Edge: 0.323 Con: 0.157 Cls: 1.234 Hist: 0.8771 Path: 0.3765 | 1.0s
  Epoch 202/800 | Total: 5.239 Edge: 0.330 Con: 0.156 Cls: 1.195 Hist: 0.8604 Path: 0.3843 | 1.0s
  Epoch 203/800 | Total: 5.212 Edge: 0.329 Con: 0.155 Cls: 1.185 Hist: 0.8554 Path: 0.3938 | 1.0s
  Epoch 204/800 | Total: 5.205 Edge: 0.324 Con: 0.153 Cls: 1.190 Hist: 0.8496 Path: 0.3835 | 1.0s
  Epoch 205/800 | Total: 5.212 Edge: 0.325 Con: 0.153 Cls: 1.195 Hist: 0.8501 Path: 0.3756 | Val F1: 0.3728 | 1.0s
  Epoch 206/800 | Total: 5.198 Edge: 0.322 Con: 0.154 Cls: 1.190 Hist: 0.8492 Path: 0.3787 | 1.0s
  Epoch 207/800 | Total: 5.207 Edge: 0.317 Con: 0.156 Cls: 1.196 Hist: 0.8500 Path: 0.3735 | 1.0s
  Epoch 208/800 | Total: 5.170 Edge: 0.322 Con: 0.157 Cls: 1.183 Hist: 0.8434 Path: 0.3770 | 1.0s
  Epoch 209/800 | Total: 5.333 Edge: 0.330 Con: 0.155 Cls: 1.218 Hist: 0.8815 Path: 0.3889 | 1.0s
  Epoch 210/800 | Total: 5.549 Edge: 0.344 Con: 0.157 Cls: 1.272 Hist: 0.9055 Path: 0.4055 | Val F1: 0.3440 | 1.0s
  Epoch 211/800 | Total: 5.699 Edge: 0.364 Con: 0.159 Cls: 1.299 Hist: 0.9377 Path: 0.4201 | 1.0s
  Epoch 212/800 | Total: 5.440 Edge: 0.347 Con: 0.157 Cls: 1.239 Hist: 0.8948 Path: 0.4024 | 1.0s
  Epoch 213/800 | Total: 5.285 Edge: 0.328 Con: 0.155 Cls: 1.209 Hist: 0.8620 Path: 0.3914 | 1.0s
  Epoch 214/800 | Total: 5.325 Edge: 0.333 Con: 0.156 Cls: 1.220 Hist: 0.8649 Path: 0.3901 | 1.0s
  Epoch 215/800 | Total: 5.301 Edge: 0.328 Con: 0.154 Cls: 1.213 Hist: 0.8703 Path: 0.3871 | Val F1: 0.3696 | 1.0s
  Epoch 216/800 | Total: 5.317 Edge: 0.329 Con: 0.157 Cls: 1.218 Hist: 0.8707 Path: 0.3869 | 1.0s
  Epoch 217/800 | Total: 5.286 Edge: 0.323 Con: 0.156 Cls: 1.211 Hist: 0.8649 Path: 0.3886 | 1.0s
  Epoch 218/800 | Total: 5.415 Edge: 0.329 Con: 0.157 Cls: 1.244 Hist: 0.8788 Path: 0.3947 | 1.0s
  Epoch 219/800 | Total: 5.332 Edge: 0.328 Con: 0.154 Cls: 1.222 Hist: 0.8713 Path: 0.3904 | 1.0s
  Epoch 220/800 | Total: 5.171 Edge: 0.319 Con: 0.153 Cls: 1.185 Hist: 0.8404 Path: 0.3811 | Val F1: 0.3653 | 1.0s
  Epoch 221/800 | Total: 5.117 Edge: 0.319 Con: 0.154 Cls: 1.169 Hist: 0.8387 Path: 0.3753 | 1.0s
  Epoch 222/800 | Total: 5.257 Edge: 0.323 Con: 0.156 Cls: 1.206 Hist: 0.8585 Path: 0.3802 | 1.0s
  Epoch 223/800 | Total: 5.168 Edge: 0.322 Con: 0.151 Cls: 1.184 Hist: 0.8404 Path: 0.3765 | 1.0s
  Epoch 224/800 | Total: 5.111 Edge: 0.320 Con: 0.154 Cls: 1.168 Hist: 0.8371 Path: 0.3744 | 1.0s
  Epoch 225/800 | Total: 5.197 Edge: 0.321 Con: 0.156 Cls: 1.192 Hist: 0.8482 Path: 0.3752 | Val F1: 0.3688 | 1.0s
  Epoch 226/800 | Total: 5.161 Edge: 0.319 Con: 0.155 Cls: 1.183 Hist: 0.8442 Path: 0.3725 | 1.0s
  Epoch 227/800 | Total: 5.102 Edge: 0.318 Con: 0.156 Cls: 1.166 Hist: 0.8330 Path: 0.3744 | 1.0s
  Epoch 228/800 | Total: 5.136 Edge: 0.311 Con: 0.156 Cls: 1.177 Hist: 0.8431 Path: 0.3712 | 1.0s
  Epoch 229/800 | Total: 5.128 Edge: 0.314 Con: 0.155 Cls: 1.176 Hist: 0.8411 Path: 0.3689 | 1.0s
  Epoch 230/800 | Total: 5.084 Edge: 0.319 Con: 0.156 Cls: 1.162 Hist: 0.8281 Path: 0.3709 | Val F1: 0.3741 | 1.0s
  Epoch 231/800 | Total: 5.110 Edge: 0.321 Con: 0.157 Cls: 1.167 Hist: 0.8347 Path: 0.3746 | 1.0s
  Epoch 232/800 | Total: 5.052 Edge: 0.320 Con: 0.157 Cls: 1.153 Hist: 0.8239 Path: 0.3724 | 1.0s
  Epoch 233/800 | Total: 5.104 Edge: 0.320 Con: 0.156 Cls: 1.167 Hist: 0.8375 Path: 0.3695 | 1.0s
  Epoch 234/800 | Total: 5.259 Edge: 0.321 Con: 0.157 Cls: 1.210 Hist: 0.8559 Path: 0.3737 | 1.0s
  Epoch 235/800 | Total: 5.329 Edge: 0.336 Con: 0.158 Cls: 1.218 Hist: 0.8703 Path: 0.3903 | Val F1: 0.3633 | 1.0s
  Epoch 236/800 | Total: 5.229 Edge: 0.334 Con: 0.155 Cls: 1.191 Hist: 0.8567 Path: 0.3879 | 1.0s
  Epoch 237/800 | Total: 5.103 Edge: 0.324 Con: 0.158 Cls: 1.165 Hist: 0.8239 Path: 0.3822 | 1.0s
  Epoch 238/800 | Total: 5.072 Edge: 0.315 Con: 0.157 Cls: 1.161 Hist: 0.8314 Path: 0.3646 | 1.0s
  Epoch 239/800 | Total: 5.142 Edge: 0.315 Con: 0.156 Cls: 1.180 Hist: 0.8390 Path: 0.3699 | 1.0s
  Epoch 240/800 | Total: 5.102 Edge: 0.315 Con: 0.155 Cls: 1.167 Hist: 0.8373 Path: 0.3724 | Val F1: 0.3770 | 1.0s
  Epoch 241/800 | Total: 5.073 Edge: 0.316 Con: 0.158 Cls: 1.158 Hist: 0.8295 Path: 0.3722 | 1.0s
  Epoch 242/800 | Total: 5.039 Edge: 0.318 Con: 0.158 Cls: 1.150 Hist: 0.8220 Path: 0.3694 | 1.0s
  Epoch 243/800 | Total: 5.051 Edge: 0.319 Con: 0.155 Cls: 1.153 Hist: 0.8259 Path: 0.3700 | 1.0s
  Epoch 244/800 | Total: 5.016 Edge: 0.318 Con: 0.156 Cls: 1.143 Hist: 0.8166 Path: 0.3735 | 1.0s
  Epoch 245/800 | Total: 5.122 Edge: 0.316 Con: 0.159 Cls: 1.173 Hist: 0.8283 Path: 0.3807 | Val F1: 0.3766 | 1.0s
  Epoch 246/800 | Total: 5.561 Edge: 0.321 Con: 0.159 Cls: 1.289 Hist: 0.9070 Path: 0.3882 | 1.0s
  Epoch 247/800 | Total: 5.722 Edge: 0.326 Con: 0.160 Cls: 1.324 Hist: 0.9414 Path: 0.4040 | 1.0s
  Epoch 248/800 | Total: 5.645 Edge: 0.336 Con: 0.155 Cls: 1.297 Hist: 0.9242 Path: 0.4173 | 1.0s
  Epoch 249/800 | Total: 5.582 Edge: 0.357 Con: 0.159 Cls: 1.272 Hist: 0.9013 Path: 0.4286 | 1.0s
  Epoch 250/800 | Total: 5.387 Edge: 0.337 Con: 0.157 Cls: 1.227 Hist: 0.8800 Path: 0.4107 | Val F1: 0.3772 | 1.0s
  Epoch 251/800 | Total: 5.258 Edge: 0.333 Con: 0.156 Cls: 1.195 Hist: 0.8585 Path: 0.4025 | 1.0s
  Epoch 252/800 | Total: 5.157 Edge: 0.325 Con: 0.159 Cls: 1.177 Hist: 0.8385 Path: 0.3843 | 1.0s
  Epoch 253/800 | Total: 5.088 Edge: 0.318 Con: 0.155 Cls: 1.161 Hist: 0.8271 Path: 0.3826 | 1.0s
  Epoch 254/800 | Total: 5.065 Edge: 0.317 Con: 0.156 Cls: 1.155 Hist: 0.8223 Path: 0.3817 | 1.0s
  Epoch 255/800 | Total: 5.084 Edge: 0.315 Con: 0.155 Cls: 1.161 Hist: 0.8328 Path: 0.3770 | Val F1: 0.3660 | 1.0s
  Epoch 256/800 | Total: 5.129 Edge: 0.317 Con: 0.158 Cls: 1.171 Hist: 0.8441 Path: 0.3748 | 1.0s
  Epoch 257/800 | Total: 5.145 Edge: 0.320 Con: 0.158 Cls: 1.176 Hist: 0.8426 Path: 0.3768 | 1.0s
  Epoch 258/800 | Total: 5.023 Edge: 0.316 Con: 0.156 Cls: 1.143 Hist: 0.8237 Path: 0.3772 | 1.0s
  Epoch 259/800 | Total: 4.945 Edge: 0.312 Con: 0.157 Cls: 1.126 Hist: 0.8060 Path: 0.3716 | 1.0s
  Epoch 260/800 | Total: 4.939 Edge: 0.313 Con: 0.156 Cls: 1.123 Hist: 0.8076 Path: 0.3714 | Val F1: 0.3813 | 1.0s
  Epoch 261/800 | Total: 5.107 Edge: 0.310 Con: 0.156 Cls: 1.171 Hist: 0.8389 Path: 0.3667 | 1.0s
  Epoch 262/800 | Total: 5.364 Edge: 0.320 Con: 0.160 Cls: 1.239 Hist: 0.8728 Path: 0.3760 | 1.0s
  Epoch 263/800 | Total: 5.358 Edge: 0.327 Con: 0.156 Cls: 1.228 Hist: 0.8775 Path: 0.3927 | 1.0s
  Epoch 264/800 | Total: 5.306 Edge: 0.318 Con: 0.156 Cls: 1.216 Hist: 0.8796 Path: 0.3809 | 1.0s
  Epoch 265/800 | Total: 5.069 Edge: 0.314 Con: 0.156 Cls: 1.160 Hist: 0.8242 Path: 0.3733 | Val F1: 0.3808 | 1.0s
  Epoch 266/800 | Total: 4.959 Edge: 0.314 Con: 0.155 Cls: 1.130 Hist: 0.8102 Path: 0.3683 | 1.0s
  Epoch 267/800 | Total: 4.919 Edge: 0.313 Con: 0.157 Cls: 1.120 Hist: 0.8035 Path: 0.3649 | 1.0s
  Epoch 268/800 | Total: 5.100 Edge: 0.323 Con: 0.154 Cls: 1.162 Hist: 0.8353 Path: 0.3795 | 1.0s
  Epoch 269/800 | Total: 5.047 Edge: 0.322 Con: 0.158 Cls: 1.149 Hist: 0.8222 Path: 0.3773 | 1.0s
  Epoch 270/800 | Total: 5.212 Edge: 0.329 Con: 0.156 Cls: 1.190 Hist: 0.8468 Path: 0.3872 | Val F1: 0.3838 | 1.0s
  Epoch 271/800 | Total: 5.082 Edge: 0.325 Con: 0.161 Cls: 1.156 Hist: 0.8258 Path: 0.3805 | 1.0s
  Epoch 272/800 | Total: 5.108 Edge: 0.325 Con: 0.158 Cls: 1.165 Hist: 0.8262 Path: 0.3835 | 1.0s
  Epoch 273/800 | Total: 5.118 Edge: 0.317 Con: 0.155 Cls: 1.170 Hist: 0.8392 Path: 0.3752 | 1.0s
  Epoch 274/800 | Total: 5.116 Edge: 0.314 Con: 0.158 Cls: 1.171 Hist: 0.8355 Path: 0.3742 | 1.0s
  Epoch 275/800 | Total: 5.031 Edge: 0.310 Con: 0.156 Cls: 1.151 Hist: 0.8217 Path: 0.3673 | Val F1: 0.3853 | 1.0s
  Epoch 276/800 | Total: 5.065 Edge: 0.315 Con: 0.157 Cls: 1.156 Hist: 0.8275 Path: 0.3746 | 1.0s
  Epoch 277/800 | Total: 5.033 Edge: 0.312 Con: 0.156 Cls: 1.151 Hist: 0.8220 Path: 0.3685 | 1.0s
  Epoch 278/800 | Total: 5.100 Edge: 0.315 Con: 0.155 Cls: 1.167 Hist: 0.8360 Path: 0.3716 | 1.0s
  Epoch 279/800 | Total: 5.032 Edge: 0.314 Con: 0.159 Cls: 1.147 Hist: 0.8243 Path: 0.3716 | 1.0s
  Epoch 280/800 | Total: 4.958 Edge: 0.315 Con: 0.157 Cls: 1.131 Hist: 0.8022 Path: 0.3699 | Val F1: 0.3892 | 1.0s
  Epoch 281/800 | Total: 4.969 Edge: 0.309 Con: 0.157 Cls: 1.133 Hist: 0.8192 Path: 0.3622 | 1.0s
  Epoch 282/800 | Total: 4.865 Edge: 0.305 Con: 0.155 Cls: 1.109 Hist: 0.7958 Path: 0.3591 | 1.0s
  Epoch 283/800 | Total: 4.930 Edge: 0.307 Con: 0.156 Cls: 1.124 Hist: 0.8095 Path: 0.3622 | 1.0s
  Epoch 284/800 | Total: 4.882 Edge: 0.307 Con: 0.156 Cls: 1.113 Hist: 0.7987 Path: 0.3608 | 1.0s
  Epoch 285/800 | Total: 4.897 Edge: 0.310 Con: 0.156 Cls: 1.116 Hist: 0.7974 Path: 0.3632 | Val F1: 0.3904 | 1.0s
  Epoch 286/800 | Total: 4.927 Edge: 0.307 Con: 0.155 Cls: 1.122 Hist: 0.8119 Path: 0.3653 | 1.0s
  Epoch 287/800 | Total: 5.053 Edge: 0.312 Con: 0.157 Cls: 1.154 Hist: 0.8235 Path: 0.3756 | 1.0s
  Epoch 288/800 | Total: 5.083 Edge: 0.313 Con: 0.157 Cls: 1.164 Hist: 0.8251 Path: 0.3754 | 0.9s
  Epoch 289/800 | Total: 5.009 Edge: 0.315 Con: 0.156 Cls: 1.141 Hist: 0.8154 Path: 0.3772 | 0.9s
  Epoch 290/800 | Total: 4.935 Edge: 0.309 Con: 0.154 Cls: 1.124 Hist: 0.8079 Path: 0.3689 | Val F1: 0.3881 | 0.9s
  Epoch 291/800 | Total: 4.960 Edge: 0.309 Con: 0.155 Cls: 1.131 Hist: 0.8093 Path: 0.3708 | 1.0s
  Epoch 292/800 | Total: 4.918 Edge: 0.306 Con: 0.156 Cls: 1.122 Hist: 0.8031 Path: 0.3639 | 0.9s
  Epoch 293/800 | Total: 4.908 Edge: 0.307 Con: 0.156 Cls: 1.121 Hist: 0.8010 Path: 0.3602 | 0.9s
  Epoch 294/800 | Total: 4.948 Edge: 0.311 Con: 0.155 Cls: 1.130 Hist: 0.8075 Path: 0.3633 | 0.9s
  Epoch 295/800 | Total: 4.868 Edge: 0.310 Con: 0.156 Cls: 1.107 Hist: 0.7959 Path: 0.3641 | Val F1: 0.3998 | 1.0s
  Epoch 296/800 | Total: 4.903 Edge: 0.312 Con: 0.155 Cls: 1.116 Hist: 0.8011 Path: 0.3640 | 1.0s
  Epoch 297/800 | Total: 4.894 Edge: 0.304 Con: 0.158 Cls: 1.117 Hist: 0.7997 Path: 0.3617 | 0.9s
  Epoch 298/800 | Total: 4.888 Edge: 0.305 Con: 0.155 Cls: 1.114 Hist: 0.8026 Path: 0.3605 | 0.9s
  Epoch 299/800 | Total: 5.001 Edge: 0.305 Con: 0.157 Cls: 1.147 Hist: 0.8176 Path: 0.3594 | 1.0s
  Epoch 300/800 | Total: 4.973 Edge: 0.312 Con: 0.157 Cls: 1.133 Hist: 0.8141 Path: 0.3704 | Val F1: 0.3987 | 0.9s
  Epoch 301/800 | Total: 4.959 Edge: 0.311 Con: 0.156 Cls: 1.133 Hist: 0.8108 Path: 0.3613 | 1.0s
  Epoch 302/800 | Total: 4.945 Edge: 0.309 Con: 0.155 Cls: 1.126 Hist: 0.8154 Path: 0.3642 | 1.0s
  Epoch 303/800 | Total: 5.300 Edge: 0.321 Con: 0.156 Cls: 1.215 Hist: 0.8703 Path: 0.3863 | 0.9s
  Epoch 304/800 | Total: 5.097 Edge: 0.319 Con: 0.157 Cls: 1.160 Hist: 0.8284 Path: 0.3899 | 0.9s
  Epoch 305/800 | Total: 5.323 Edge: 0.334 Con: 0.160 Cls: 1.212 Hist: 0.8670 Path: 0.4072 | Val F1: 0.3552 | 1.0s
  Epoch 306/800 | Total: 5.255 Edge: 0.327 Con: 0.159 Cls: 1.200 Hist: 0.8511 Path: 0.3982 | 1.0s
  Epoch 307/800 | Total: 5.094 Edge: 0.323 Con: 0.157 Cls: 1.157 Hist: 0.8357 Path: 0.3848 | 1.0s
  Epoch 308/800 | Total: 5.182 Edge: 0.330 Con: 0.156 Cls: 1.180 Hist: 0.8464 Path: 0.3865 | 1.0s
  Epoch 309/800 | Total: 5.071 Edge: 0.328 Con: 0.157 Cls: 1.153 Hist: 0.8242 Path: 0.3800 | 1.0s
  Epoch 310/800 | Total: 5.092 Edge: 0.316 Con: 0.156 Cls: 1.164 Hist: 0.8339 Path: 0.3717 | Val F1: 0.3877 | 1.0s
  Epoch 311/800 | Total: 5.006 Edge: 0.315 Con: 0.156 Cls: 1.142 Hist: 0.8192 Path: 0.3685 | 1.0s
  Epoch 312/800 | Total: 5.026 Edge: 0.317 Con: 0.157 Cls: 1.145 Hist: 0.8233 Path: 0.3728 | 1.0s
  Epoch 313/800 | Total: 4.989 Edge: 0.322 Con: 0.157 Cls: 1.132 Hist: 0.8154 Path: 0.3791 | 1.0s
  Epoch 314/800 | Total: 5.115 Edge: 0.333 Con: 0.160 Cls: 1.161 Hist: 0.8313 Path: 0.3879 | 1.0s
  Epoch 315/800 | Total: 5.064 Edge: 0.326 Con: 0.158 Cls: 1.150 Hist: 0.8247 Path: 0.3832 | Val F1: 0.3657 | 1.0s
  Epoch 316/800 | Total: 4.981 Edge: 0.314 Con: 0.157 Cls: 1.135 Hist: 0.8179 Path: 0.3668 | 1.0s
  Epoch 317/800 | Total: 5.017 Edge: 0.318 Con: 0.158 Cls: 1.140 Hist: 0.8292 Path: 0.3710 | 1.0s
  Epoch 318/800 | Total: 4.918 Edge: 0.312 Con: 0.156 Cls: 1.117 Hist: 0.8039 Path: 0.3728 | 1.0s
  Epoch 319/800 | Total: 4.874 Edge: 0.307 Con: 0.153 Cls: 1.111 Hist: 0.7962 Path: 0.3617 | 1.0s
  Epoch 320/800 | Total: 4.801 Edge: 0.303 Con: 0.154 Cls: 1.093 Hist: 0.7863 Path: 0.3565 | Val F1: 0.3928 | 1.0s
  Epoch 321/800 | Total: 4.822 Edge: 0.304 Con: 0.153 Cls: 1.099 Hist: 0.7896 Path: 0.3558 | 1.0s
  Epoch 322/800 | Total: 4.911 Edge: 0.305 Con: 0.155 Cls: 1.119 Hist: 0.8095 Path: 0.3620 | 1.0s
  Epoch 323/800 | Total: 4.939 Edge: 0.304 Con: 0.155 Cls: 1.129 Hist: 0.8099 Path: 0.3608 | 1.0s
  Epoch 324/800 | Total: 4.872 Edge: 0.305 Con: 0.155 Cls: 1.110 Hist: 0.7982 Path: 0.3617 | 1.0s
  Epoch 325/800 | Total: 4.892 Edge: 0.304 Con: 0.154 Cls: 1.114 Hist: 0.8066 Path: 0.3632 | Val F1: 0.3834 | 1.0s
  Epoch 326/800 | Total: 4.882 Edge: 0.306 Con: 0.154 Cls: 1.111 Hist: 0.8027 Path: 0.3640 | 1.0s
  Epoch 327/800 | Total: 4.901 Edge: 0.307 Con: 0.156 Cls: 1.118 Hist: 0.7981 Path: 0.3649 | 1.0s
  Epoch 328/800 | Total: 4.837 Edge: 0.304 Con: 0.154 Cls: 1.100 Hist: 0.7953 Path: 0.3593 | 1.0s
  Epoch 329/800 | Total: 4.871 Edge: 0.309 Con: 0.155 Cls: 1.108 Hist: 0.7943 Path: 0.3659 | 1.0s
  Epoch 330/800 | Total: 4.865 Edge: 0.310 Con: 0.156 Cls: 1.104 Hist: 0.7979 Path: 0.3670 | Val F1: 0.3974 | 1.0s
  Epoch 331/800 | Total: 4.917 Edge: 0.313 Con: 0.156 Cls: 1.120 Hist: 0.8043 Path: 0.3607 | 1.0s
  Epoch 332/800 | Total: 4.943 Edge: 0.315 Con: 0.156 Cls: 1.124 Hist: 0.8104 Path: 0.3674 | 1.0s
  Epoch 333/800 | Total: 4.980 Edge: 0.314 Con: 0.159 Cls: 1.132 Hist: 0.8193 Path: 0.3701 | 1.0s
  Epoch 334/800 | Total: 5.055 Edge: 0.312 Con: 0.159 Cls: 1.154 Hist: 0.8299 Path: 0.3718 | 1.0s
  Epoch 335/800 | Total: 5.349 Edge: 0.316 Con: 0.158 Cls: 1.234 Hist: 0.8650 Path: 0.3860 | Val F1: 0.3892 | 1.0s
  Epoch 336/800 | Total: 5.105 Edge: 0.320 Con: 0.154 Cls: 1.161 Hist: 0.8386 Path: 0.3852 | 1.0s
  Epoch 337/800 | Total: 4.907 Edge: 0.315 Con: 0.156 Cls: 1.113 Hist: 0.8058 Path: 0.3707 | 1.0s
  Epoch 338/800 | Total: 4.815 Edge: 0.313 Con: 0.154 Cls: 1.090 Hist: 0.7918 Path: 0.3625 | 1.0s
  Epoch 339/800 | Total: 4.801 Edge: 0.317 Con: 0.155 Cls: 1.087 Hist: 0.7853 Path: 0.3611 | 1.0s
  Epoch 340/800 | Total: 4.757 Edge: 0.305 Con: 0.155 Cls: 1.080 Hist: 0.7797 Path: 0.3550 | Val F1: 0.3914 | 1.0s
  Epoch 341/800 | Total: 4.832 Edge: 0.303 Con: 0.155 Cls: 1.102 Hist: 0.7861 Path: 0.3584 | 1.0s
  Epoch 342/800 | Total: 4.834 Edge: 0.304 Con: 0.156 Cls: 1.098 Hist: 0.7907 Path: 0.3669 | 1.0s
  Epoch 343/800 | Total: 4.849 Edge: 0.309 Con: 0.158 Cls: 1.102 Hist: 0.7937 Path: 0.3607 | 1.0s
  Epoch 344/800 | Total: 4.751 Edge: 0.304 Con: 0.155 Cls: 1.079 Hist: 0.7758 Path: 0.3561 | 1.0s
  Epoch 345/800 | Total: 4.794 Edge: 0.302 Con: 0.155 Cls: 1.091 Hist: 0.7826 Path: 0.3575 | Val F1: 0.3945 | 1.0s
  Epoch 346/800 | Total: 4.737 Edge: 0.301 Con: 0.156 Cls: 1.076 Hist: 0.7708 Path: 0.3609 | 1.0s
  Epoch 347/800 | Total: 4.787 Edge: 0.304 Con: 0.155 Cls: 1.090 Hist: 0.7791 Path: 0.3580 | 1.0s
  Epoch 348/800 | Total: 4.814 Edge: 0.301 Con: 0.155 Cls: 1.097 Hist: 0.7898 Path: 0.3556 | 1.0s
  Epoch 349/800 | Total: 4.751 Edge: 0.300 Con: 0.155 Cls: 1.078 Hist: 0.7844 Path: 0.3539 | 1.0s
  Epoch 350/800 | Total: 4.730 Edge: 0.298 Con: 0.156 Cls: 1.077 Hist: 0.7734 Path: 0.3512 | Val F1: 0.4047 | 1.0s
  Epoch 351/800 | Total: 4.728 Edge: 0.298 Con: 0.156 Cls: 1.075 Hist: 0.7751 Path: 0.3526 | 1.0s
  Epoch 352/800 | Total: 4.738 Edge: 0.299 Con: 0.154 Cls: 1.078 Hist: 0.7759 Path: 0.3517 | 1.0s
  Epoch 353/800 | Total: 4.810 Edge: 0.303 Con: 0.157 Cls: 1.096 Hist: 0.7877 Path: 0.3543 | 1.0s
  Epoch 354/800 | Total: 4.766 Edge: 0.303 Con: 0.155 Cls: 1.083 Hist: 0.7823 Path: 0.3533 | 1.0s
  Epoch 355/800 | Total: 4.809 Edge: 0.306 Con: 0.158 Cls: 1.091 Hist: 0.7917 Path: 0.3580 | Val F1: 0.3982 | 1.0s
  Epoch 356/800 | Total: 4.843 Edge: 0.314 Con: 0.156 Cls: 1.096 Hist: 0.7948 Path: 0.3667 | 1.0s
  Epoch 357/800 | Total: 4.938 Edge: 0.324 Con: 0.156 Cls: 1.115 Hist: 0.8079 Path: 0.3823 | 1.0s
  Epoch 358/800 | Total: 4.885 Edge: 0.317 Con: 0.155 Cls: 1.103 Hist: 0.7993 Path: 0.3812 | 1.0s
  Epoch 359/800 | Total: 5.292 Edge: 0.321 Con: 0.159 Cls: 1.211 Hist: 0.8752 Path: 0.3841 | 1.0s
  Epoch 360/800 | Total: 5.206 Edge: 0.324 Con: 0.156 Cls: 1.189 Hist: 0.8495 Path: 0.3867 | Val F1: 0.3761 | 1.0s
  Epoch 361/800 | Total: 4.996 Edge: 0.331 Con: 0.156 Cls: 1.127 Hist: 0.8143 Path: 0.3927 | 1.0s
  Epoch 362/800 | Total: 5.018 Edge: 0.326 Con: 0.157 Cls: 1.130 Hist: 0.8176 Path: 0.4047 | 1.0s
  Epoch 363/800 | Total: 4.883 Edge: 0.316 Con: 0.157 Cls: 1.106 Hist: 0.7960 Path: 0.3760 | 1.0s
  Epoch 364/800 | Total: 4.801 Edge: 0.310 Con: 0.155 Cls: 1.088 Hist: 0.7814 Path: 0.3663 | 1.0s
  Epoch 365/800 | Total: 4.757 Edge: 0.304 Con: 0.155 Cls: 1.079 Hist: 0.7799 Path: 0.3598 | Val F1: 0.3953 | 1.0s
  Epoch 366/800 | Total: 4.783 Edge: 0.299 Con: 0.155 Cls: 1.089 Hist: 0.7822 Path: 0.3562 | 1.0s
  Epoch 367/800 | Total: 4.741 Edge: 0.300 Con: 0.156 Cls: 1.077 Hist: 0.7804 Path: 0.3527 | 1.0s
  Epoch 368/800 | Total: 4.669 Edge: 0.297 Con: 0.154 Cls: 1.059 Hist: 0.7672 Path: 0.3508 | 1.0s
  Epoch 369/800 | Total: 4.702 Edge: 0.298 Con: 0.157 Cls: 1.066 Hist: 0.7765 Path: 0.3524 | 1.0s
  Epoch 370/800 | Total: 4.733 Edge: 0.298 Con: 0.156 Cls: 1.075 Hist: 0.7749 Path: 0.3582 | Val F1: 0.3998 | 1.0s
  Epoch 371/800 | Total: 4.773 Edge: 0.300 Con: 0.154 Cls: 1.082 Hist: 0.7817 Path: 0.3672 | 1.0s
  Epoch 372/800 | Total: 4.827 Edge: 0.304 Con: 0.157 Cls: 1.097 Hist: 0.7922 Path: 0.3627 | 1.0s
  Epoch 373/800 | Total: 4.785 Edge: 0.306 Con: 0.156 Cls: 1.084 Hist: 0.7891 Path: 0.3602 | 1.0s
  Epoch 374/800 | Total: 4.713 Edge: 0.301 Con: 0.155 Cls: 1.067 Hist: 0.7783 Path: 0.3559 | 1.0s
  Epoch 375/800 | Total: 4.682 Edge: 0.299 Con: 0.156 Cls: 1.061 Hist: 0.7661 Path: 0.3569 | Val F1: 0.3954 | 1.0s
  Epoch 376/800 | Total: 4.714 Edge: 0.304 Con: 0.155 Cls: 1.068 Hist: 0.7756 Path: 0.3533 | 1.0s
  Epoch 377/800 | Total: 4.796 Edge: 0.302 Con: 0.155 Cls: 1.089 Hist: 0.7897 Path: 0.3593 | 1.0s
  Epoch 378/800 | Total: 4.668 Edge: 0.307 Con: 0.156 Cls: 1.055 Hist: 0.7619 Path: 0.3575 | 1.0s
  Epoch 379/800 | Total: 4.920 Edge: 0.301 Con: 0.155 Cls: 1.125 Hist: 0.8108 Path: 0.3566 | 1.0s
  Epoch 380/800 | Total: 4.977 Edge: 0.310 Con: 0.157 Cls: 1.134 Hist: 0.8117 Path: 0.3736 | Val F1: 0.3795 | 1.0s
  Epoch 381/800 | Total: 4.834 Edge: 0.308 Con: 0.155 Cls: 1.095 Hist: 0.7892 Path: 0.3747 | 1.0s
  Epoch 382/800 | Total: 4.770 Edge: 0.302 Con: 0.155 Cls: 1.081 Hist: 0.7824 Path: 0.3653 | 1.0s
  Epoch 383/800 | Total: 4.721 Edge: 0.300 Con: 0.155 Cls: 1.070 Hist: 0.7694 Path: 0.3643 | 1.0s
  Epoch 384/800 | Total: 4.780 Edge: 0.304 Con: 0.156 Cls: 1.084 Hist: 0.7834 Path: 0.3637 | 1.0s
  Epoch 385/800 | Total: 4.767 Edge: 0.302 Con: 0.154 Cls: 1.083 Hist: 0.7813 Path: 0.3588 | Val F1: 0.3919 | 1.0s
  Epoch 386/800 | Total: 4.823 Edge: 0.301 Con: 0.156 Cls: 1.099 Hist: 0.7908 Path: 0.3561 | 1.0s
  Epoch 387/800 | Total: 4.755 Edge: 0.299 Con: 0.155 Cls: 1.080 Hist: 0.7798 Path: 0.3591 | 1.0s
  Epoch 388/800 | Total: 4.939 Edge: 0.302 Con: 0.157 Cls: 1.129 Hist: 0.8116 Path: 0.3596 | 1.0s
  Epoch 389/800 | Total: 4.797 Edge: 0.306 Con: 0.156 Cls: 1.089 Hist: 0.7871 Path: 0.3606 | 1.0s
  Epoch 390/800 | Total: 4.904 Edge: 0.313 Con: 0.156 Cls: 1.111 Hist: 0.8022 Path: 0.3775 | Val F1: 0.3950 | 1.0s
  Epoch 391/800 | Total: 4.805 Edge: 0.313 Con: 0.155 Cls: 1.085 Hist: 0.7881 Path: 0.3720 | 1.0s
  Epoch 392/800 | Total: 4.755 Edge: 0.304 Con: 0.153 Cls: 1.076 Hist: 0.7828 Path: 0.3628 | 1.0s
  Epoch 393/800 | Total: 4.740 Edge: 0.302 Con: 0.153 Cls: 1.075 Hist: 0.7829 Path: 0.3540 | 1.0s
  Epoch 394/800 | Total: 4.743 Edge: 0.304 Con: 0.157 Cls: 1.074 Hist: 0.7819 Path: 0.3577 | 1.0s
  Epoch 395/800 | Total: 4.736 Edge: 0.300 Con: 0.155 Cls: 1.079 Hist: 0.7724 Path: 0.3507 | Val F1: 0.4036 | 1.0s
  Epoch 396/800 | Total: 4.671 Edge: 0.300 Con: 0.155 Cls: 1.057 Hist: 0.7680 Path: 0.3532 | 1.0s
  Epoch 397/800 | Total: 4.710 Edge: 0.297 Con: 0.156 Cls: 1.070 Hist: 0.7764 Path: 0.3496 | 1.0s
  Epoch 398/800 | Total: 4.650 Edge: 0.299 Con: 0.156 Cls: 1.053 Hist: 0.7678 Path: 0.3471 | 1.0s
  Epoch 399/800 | Total: 4.647 Edge: 0.302 Con: 0.156 Cls: 1.050 Hist: 0.7649 Path: 0.3508 | 1.0s
  Epoch 400/800 | Total: 4.926 Edge: 0.314 Con: 0.156 Cls: 1.122 Hist: 0.8040 Path: 0.3629 | Val F1: 0.3857 | 1.0s
  Epoch 401/800 | Total: 4.888 Edge: 0.316 Con: 0.157 Cls: 1.111 Hist: 0.7921 Path: 0.3672 | 1.0s
  Epoch 402/800 | Total: 4.861 Edge: 0.312 Con: 0.156 Cls: 1.103 Hist: 0.7973 Path: 0.3630 | 1.0s
  Epoch 403/800 | Total: 4.915 Edge: 0.311 Con: 0.157 Cls: 1.117 Hist: 0.8051 Path: 0.3693 | 0.9s
  Epoch 404/800 | Total: 4.863 Edge: 0.311 Con: 0.155 Cls: 1.096 Hist: 0.7955 Path: 0.3889 | 1.0s
  Epoch 405/800 | Total: 5.015 Edge: 0.306 Con: 0.157 Cls: 1.143 Hist: 0.8302 Path: 0.3713 | Val F1: 0.3862 | 1.0s
  Epoch 406/800 | Total: 5.054 Edge: 0.318 Con: 0.154 Cls: 1.149 Hist: 0.8331 Path: 0.3787 | 0.9s
  Epoch 407/800 | Total: 5.035 Edge: 0.317 Con: 0.157 Cls: 1.144 Hist: 0.8255 Path: 0.3809 | 1.0s
  Epoch 408/800 | Total: 5.466 Edge: 0.335 Con: 0.162 Cls: 1.254 Hist: 0.8674 Path: 0.4195 | 0.9s
  Epoch 409/800 | Total: 5.537 Edge: 0.334 Con: 0.159 Cls: 1.268 Hist: 0.8877 Path: 0.4320 | 1.0s
  Epoch 410/800 | Total: 5.259 Edge: 0.341 Con: 0.159 Cls: 1.187 Hist: 0.8535 Path: 0.4242 | Val F1: 0.3730 | 0.9s
  Epoch 411/800 | Total: 4.934 Edge: 0.323 Con: 0.159 Cls: 1.113 Hist: 0.8089 Path: 0.3842 | 0.9s
  Epoch 412/800 | Total: 4.746 Edge: 0.310 Con: 0.157 Cls: 1.069 Hist: 0.7796 Path: 0.3700 | 0.9s
  Epoch 413/800 | Total: 4.775 Edge: 0.307 Con: 0.157 Cls: 1.082 Hist: 0.7777 Path: 0.3658 | 1.0s
  Epoch 414/800 | Total: 4.761 Edge: 0.304 Con: 0.155 Cls: 1.076 Hist: 0.7867 Path: 0.3650 | 0.9s
  Epoch 415/800 | Total: 4.878 Edge: 0.304 Con: 0.157 Cls: 1.110 Hist: 0.8008 Path: 0.3660 | Val F1: 0.3828 | 1.0s
  Epoch 416/800 | Total: 4.864 Edge: 0.304 Con: 0.156 Cls: 1.105 Hist: 0.8038 Path: 0.3645 | 1.0s
  Epoch 417/800 | Total: 4.681 Edge: 0.300 Con: 0.156 Cls: 1.060 Hist: 0.7680 Path: 0.3562 | 1.0s
  Epoch 418/800 | Total: 4.663 Edge: 0.298 Con: 0.155 Cls: 1.056 Hist: 0.7637 Path: 0.3551 | 1.0s
  Epoch 419/800 | Total: 4.614 Edge: 0.298 Con: 0.156 Cls: 1.043 Hist: 0.7606 Path: 0.3497 | 1.0s
  Epoch 420/800 | Total: 4.578 Edge: 0.296 Con: 0.153 Cls: 1.035 Hist: 0.7528 Path: 0.3479 | Val F1: 0.4096 | 1.0s
  Epoch 421/800 | Total: 4.651 Edge: 0.298 Con: 0.156 Cls: 1.051 Hist: 0.7708 Path: 0.3509 | 1.0s
  Epoch 422/800 | Total: 4.652 Edge: 0.299 Con: 0.154 Cls: 1.051 Hist: 0.7732 Path: 0.3482 | 1.0s
  Epoch 423/800 | Total: 4.701 Edge: 0.308 Con: 0.156 Cls: 1.063 Hist: 0.7732 Path: 0.3523 | 1.0s
  Epoch 424/800 | Total: 4.688 Edge: 0.312 Con: 0.156 Cls: 1.056 Hist: 0.7680 Path: 0.3611 | 1.0s
  Epoch 425/800 | Total: 4.616 Edge: 0.303 Con: 0.156 Cls: 1.040 Hist: 0.7590 Path: 0.3546 | Val F1: 0.4110 | 1.0s
  Epoch 426/800 | Total: 4.662 Edge: 0.298 Con: 0.155 Cls: 1.054 Hist: 0.7697 Path: 0.3535 | 1.0s
  Epoch 427/800 | Total: 4.627 Edge: 0.300 Con: 0.156 Cls: 1.046 Hist: 0.7584 Path: 0.3532 | 1.0s
  Epoch 428/800 | Total: 4.582 Edge: 0.296 Con: 0.155 Cls: 1.035 Hist: 0.7542 Path: 0.3496 | 1.0s
  Epoch 429/800 | Total: 4.680 Edge: 0.293 Con: 0.154 Cls: 1.066 Hist: 0.7659 Path: 0.3464 | 1.0s
  Epoch 430/800 | Total: 4.643 Edge: 0.297 Con: 0.157 Cls: 1.053 Hist: 0.7588 Path: 0.3495 | Val F1: 0.3946 | 1.0s
  Epoch 431/800 | Total: 4.651 Edge: 0.298 Con: 0.157 Cls: 1.050 Hist: 0.7679 Path: 0.3568 | 1.0s
  Epoch 432/800 | Total: 4.663 Edge: 0.302 Con: 0.157 Cls: 1.053 Hist: 0.7683 Path: 0.3537 | 1.0s
  Epoch 433/800 | Total: 4.801 Edge: 0.308 Con: 0.155 Cls: 1.088 Hist: 0.7920 Path: 0.3584 | 1.0s
  Epoch 434/800 | Total: 4.701 Edge: 0.310 Con: 0.156 Cls: 1.062 Hist: 0.7724 Path: 0.3542 | 1.0s
  Epoch 435/800 | Total: 4.716 Edge: 0.309 Con: 0.157 Cls: 1.064 Hist: 0.7753 Path: 0.3616 | Val F1: 0.3833 | 1.0s
  Epoch 436/800 | Total: 4.639 Edge: 0.306 Con: 0.154 Cls: 1.043 Hist: 0.7692 Path: 0.3579 | 1.0s
  Epoch 437/800 | Total: 4.831 Edge: 0.306 Con: 0.158 Cls: 1.095 Hist: 0.7979 Path: 0.3643 | 1.0s
  Epoch 438/800 | Total: 4.833 Edge: 0.301 Con: 0.155 Cls: 1.099 Hist: 0.7942 Path: 0.3614 | 1.0s
  Epoch 439/800 | Total: 4.738 Edge: 0.300 Con: 0.153 Cls: 1.076 Hist: 0.7804 Path: 0.3523 | 1.0s
  Epoch 440/800 | Total: 4.730 Edge: 0.301 Con: 0.156 Cls: 1.072 Hist: 0.7795 Path: 0.3540 | Val F1: 0.3987 | 1.0s
  Epoch 441/800 | Total: 4.735 Edge: 0.297 Con: 0.155 Cls: 1.077 Hist: 0.7768 Path: 0.3541 | 1.0s
  Epoch 442/800 | Total: 4.700 Edge: 0.298 Con: 0.156 Cls: 1.064 Hist: 0.7757 Path: 0.3544 | 1.0s
  Epoch 443/800 | Total: 4.590 Edge: 0.297 Con: 0.153 Cls: 1.034 Hist: 0.7599 Path: 0.3553 | 1.0s
  Epoch 444/800 | Total: 4.617 Edge: 0.298 Con: 0.155 Cls: 1.040 Hist: 0.7637 Path: 0.3563 | 1.0s
  Epoch 445/800 | Total: 4.605 Edge: 0.300 Con: 0.155 Cls: 1.038 Hist: 0.7595 Path: 0.3529 | Val F1: 0.4047 | 1.0s
  Epoch 446/800 | Total: 4.580 Edge: 0.297 Con: 0.155 Cls: 1.034 Hist: 0.7553 Path: 0.3478 | 1.0s
  Epoch 447/800 | Total: 4.594 Edge: 0.295 Con: 0.155 Cls: 1.037 Hist: 0.7605 Path: 0.3482 | 1.0s
  Epoch 448/800 | Total: 4.571 Edge: 0.295 Con: 0.155 Cls: 1.032 Hist: 0.7522 Path: 0.3517 | 1.0s
  Epoch 449/800 | Total: 4.575 Edge: 0.295 Con: 0.155 Cls: 1.031 Hist: 0.7563 Path: 0.3539 | 1.0s
  Epoch 450/800 | Total: 4.569 Edge: 0.296 Con: 0.156 Cls: 1.028 Hist: 0.7583 Path: 0.3521 | Val F1: 0.4003 | 1.0s
  Epoch 451/800 | Total: 4.633 Edge: 0.302 Con: 0.155 Cls: 1.044 Hist: 0.7631 Path: 0.3576 | 1.0s
  Epoch 452/800 | Total: 4.665 Edge: 0.302 Con: 0.154 Cls: 1.051 Hist: 0.7699 Path: 0.3629 | 1.0s
  Epoch 453/800 | Total: 4.689 Edge: 0.304 Con: 0.160 Cls: 1.058 Hist: 0.7661 Path: 0.3649 | 1.0s
  Epoch 454/800 | Total: 4.785 Edge: 0.311 Con: 0.154 Cls: 1.079 Hist: 0.7909 Path: 0.3675 | 1.0s
  Epoch 455/800 | Total: 4.798 Edge: 0.316 Con: 0.157 Cls: 1.083 Hist: 0.7872 Path: 0.3687 | Val F1: 0.3971 | 1.0s
  Epoch 456/800 | Total: 4.733 Edge: 0.306 Con: 0.154 Cls: 1.069 Hist: 0.7813 Path: 0.3612 | 1.0s
  Epoch 457/800 | Total: 4.728 Edge: 0.307 Con: 0.153 Cls: 1.069 Hist: 0.7779 Path: 0.3605 | 1.0s
  Epoch 458/800 | Total: 4.651 Edge: 0.301 Con: 0.155 Cls: 1.050 Hist: 0.7701 Path: 0.3533 | 1.0s
  Epoch 459/800 | Total: 4.606 Edge: 0.299 Con: 0.157 Cls: 1.038 Hist: 0.7637 Path: 0.3508 | 1.0s
  Epoch 460/800 | Total: 4.688 Edge: 0.296 Con: 0.157 Cls: 1.063 Hist: 0.7710 Path: 0.3541 | Val F1: 0.4028 | 1.0s
  Epoch 461/800 | Total: 4.576 Edge: 0.295 Con: 0.154 Cls: 1.034 Hist: 0.7590 Path: 0.3422 | 1.0s
  Epoch 462/800 | Total: 4.536 Edge: 0.294 Con: 0.156 Cls: 1.020 Hist: 0.7525 Path: 0.3525 | 1.0s
  Epoch 463/800 | Total: 4.607 Edge: 0.296 Con: 0.154 Cls: 1.042 Hist: 0.7592 Path: 0.3486 | 1.0s
  Epoch 464/800 | Total: 4.564 Edge: 0.295 Con: 0.154 Cls: 1.032 Hist: 0.7507 Path: 0.3462 | 1.0s
  Epoch 465/800 | Total: 4.551 Edge: 0.291 Con: 0.154 Cls: 1.027 Hist: 0.7527 Path: 0.3490 | Val F1: 0.4138 | 1.0s
  Epoch 466/800 | Total: 4.511 Edge: 0.295 Con: 0.155 Cls: 1.015 Hist: 0.7450 Path: 0.3492 | 1.0s
  Epoch 467/800 | Total: 4.539 Edge: 0.294 Con: 0.156 Cls: 1.023 Hist: 0.7480 Path: 0.3492 | 1.0s
  Epoch 468/800 | Total: 4.541 Edge: 0.295 Con: 0.157 Cls: 1.023 Hist: 0.7525 Path: 0.3463 | 1.0s
  Epoch 469/800 | Total: 4.555 Edge: 0.296 Con: 0.155 Cls: 1.026 Hist: 0.7535 Path: 0.3493 | 1.0s
  Epoch 470/800 | Total: 4.585 Edge: 0.295 Con: 0.156 Cls: 1.034 Hist: 0.7580 Path: 0.3526 | Val F1: 0.4014 | 1.0s
  Epoch 471/800 | Total: 4.608 Edge: 0.299 Con: 0.154 Cls: 1.041 Hist: 0.7572 Path: 0.3530 | 1.0s
  Epoch 472/800 | Total: 4.577 Edge: 0.298 Con: 0.156 Cls: 1.033 Hist: 0.7520 Path: 0.3491 | 1.0s
  Epoch 473/800 | Total: 4.885 Edge: 0.305 Con: 0.157 Cls: 1.114 Hist: 0.7990 Path: 0.3594 | 1.0s
  Epoch 474/800 | Total: 6.360 Edge: 0.348 Con: 0.169 Cls: 1.483 Hist: 1.0432 Path: 0.4364 | 1.0s
  Epoch 475/800 | Total: 5.421 Edge: 0.331 Con: 0.158 Cls: 1.240 Hist: 0.8855 Path: 0.4060 | Val F1: 0.3842 | 1.0s
  Epoch 476/800 | Total: 5.387 Edge: 0.341 Con: 0.168 Cls: 1.221 Hist: 0.8817 Path: 0.4154 | 1.0s
  Epoch 477/800 | Total: 5.216 Edge: 0.334 Con: 0.162 Cls: 1.179 Hist: 0.8611 Path: 0.4022 | 1.0s
  Epoch 478/800 | Total: 5.002 Edge: 0.330 Con: 0.162 Cls: 1.127 Hist: 0.8267 Path: 0.3828 | 1.0s
  Epoch 479/800 | Total: 4.764 Edge: 0.316 Con: 0.159 Cls: 1.074 Hist: 0.7823 Path: 0.3651 | 1.0s
  Epoch 480/800 | Total: 4.645 Edge: 0.307 Con: 0.157 Cls: 1.045 Hist: 0.7654 Path: 0.3588 | Val F1: 0.4055 | 1.0s
  Epoch 481/800 | Total: 4.602 Edge: 0.302 Con: 0.157 Cls: 1.037 Hist: 0.7573 Path: 0.3533 | 1.0s
  Epoch 482/800 | Total: 4.508 Edge: 0.298 Con: 0.159 Cls: 1.012 Hist: 0.7470 Path: 0.3485 | 1.0s
  Epoch 483/800 | Total: 4.535 Edge: 0.301 Con: 0.157 Cls: 1.020 Hist: 0.7469 Path: 0.3489 | 1.0s
  Epoch 484/800 | Total: 4.617 Edge: 0.303 Con: 0.157 Cls: 1.040 Hist: 0.7632 Path: 0.3516 | 1.0s
  Epoch 485/800 | Total: 4.624 Edge: 0.302 Con: 0.157 Cls: 1.041 Hist: 0.7645 Path: 0.3551 | Val F1: 0.4020 | 1.0s
  Epoch 486/800 | Total: 4.578 Edge: 0.301 Con: 0.158 Cls: 1.031 Hist: 0.7535 Path: 0.3517 | 1.0s
  Epoch 487/800 | Total: 4.542 Edge: 0.294 Con: 0.157 Cls: 1.023 Hist: 0.7493 Path: 0.3502 | 1.0s
  Epoch 488/800 | Total: 4.586 Edge: 0.297 Con: 0.158 Cls: 1.035 Hist: 0.7503 Path: 0.3540 | 1.0s
  Epoch 489/800 | Total: 4.626 Edge: 0.300 Con: 0.158 Cls: 1.045 Hist: 0.7607 Path: 0.3532 | 1.0s
  Epoch 490/800 | Total: 4.598 Edge: 0.300 Con: 0.158 Cls: 1.037 Hist: 0.7560 Path: 0.3513 | Val F1: 0.4092 | 1.0s
  Epoch 491/800 | Total: 4.559 Edge: 0.301 Con: 0.158 Cls: 1.024 Hist: 0.7564 Path: 0.3521 | 0.9s
  Epoch 492/800 | Total: 4.523 Edge: 0.295 Con: 0.158 Cls: 1.017 Hist: 0.7465 Path: 0.3504 | 1.0s
  Epoch 493/800 | Total: 4.551 Edge: 0.296 Con: 0.156 Cls: 1.028 Hist: 0.7473 Path: 0.3467 | 1.0s
  Epoch 494/800 | Total: 4.528 Edge: 0.295 Con: 0.156 Cls: 1.020 Hist: 0.7476 Path: 0.3479 | 1.0s
  Epoch 495/800 | Total: 4.545 Edge: 0.294 Con: 0.156 Cls: 1.024 Hist: 0.7501 Path: 0.3501 | Val F1: 0.4112 | 0.9s
  Epoch 496/800 | Total: 4.494 Edge: 0.295 Con: 0.155 Cls: 1.008 Hist: 0.7459 Path: 0.3504 | 0.9s
  Epoch 497/800 | Total: 4.478 Edge: 0.292 Con: 0.156 Cls: 1.006 Hist: 0.7426 Path: 0.3466 | 0.9s
  Epoch 498/800 | Total: 4.454 Edge: 0.292 Con: 0.157 Cls: 1.001 Hist: 0.7353 Path: 0.3448 | 1.0s
  Epoch 499/800 | Total: 4.504 Edge: 0.293 Con: 0.157 Cls: 1.013 Hist: 0.7454 Path: 0.3479 | 0.9s
  Epoch 500/800 | Total: 4.613 Edge: 0.299 Con: 0.159 Cls: 1.040 Hist: 0.7590 Path: 0.3542 | Val F1: 0.4114 | 0.9s
  Epoch 501/800 | Total: 4.504 Edge: 0.299 Con: 0.159 Cls: 1.014 Hist: 0.7417 Path: 0.3436 | 1.0s
  Epoch 502/800 | Total: 4.700 Edge: 0.307 Con: 0.156 Cls: 1.062 Hist: 0.7804 Path: 0.3483 | 1.0s
  Epoch 503/800 | Total: 4.704 Edge: 0.301 Con: 0.158 Cls: 1.064 Hist: 0.7777 Path: 0.3537 | 0.9s
  Epoch 504/800 | Total: 4.603 Edge: 0.300 Con: 0.156 Cls: 1.033 Hist: 0.7584 Path: 0.3678 | 1.0s
  Epoch 505/800 | Total: 4.618 Edge: 0.300 Con: 0.158 Cls: 1.038 Hist: 0.7634 Path: 0.3605 | Val F1: 0.4013 | 1.0s
  Epoch 506/800 | Total: 4.583 Edge: 0.301 Con: 0.156 Cls: 1.030 Hist: 0.7589 Path: 0.3553 | 1.0s
  Epoch 507/800 | Total: 4.533 Edge: 0.298 Con: 0.156 Cls: 1.020 Hist: 0.7473 Path: 0.3506 | 1.0s
  Epoch 508/800 | Total: 4.497 Edge: 0.292 Con: 0.157 Cls: 1.012 Hist: 0.7441 Path: 0.3477 | 1.0s
  Epoch 509/800 | Total: 4.492 Edge: 0.291 Con: 0.156 Cls: 1.011 Hist: 0.7457 Path: 0.3446 | 1.0s
  Epoch 510/800 | Total: 4.428 Edge: 0.291 Con: 0.157 Cls: 0.992 Hist: 0.7382 Path: 0.3437 | Val F1: 0.4180 | 1.0s
  Epoch 511/800 | Total: 4.523 Edge: 0.293 Con: 0.156 Cls: 1.021 Hist: 0.7465 Path: 0.3412 | 1.0s
  Epoch 512/800 | Total: 4.546 Edge: 0.294 Con: 0.158 Cls: 1.025 Hist: 0.7491 Path: 0.3483 | 1.0s
  Epoch 513/800 | Total: 4.614 Edge: 0.297 Con: 0.156 Cls: 1.039 Hist: 0.7655 Path: 0.3564 | 1.0s
  Epoch 514/800 | Total: 4.706 Edge: 0.299 Con: 0.157 Cls: 1.065 Hist: 0.7773 Path: 0.3563 | 1.0s
  Epoch 515/800 | Total: 4.656 Edge: 0.296 Con: 0.157 Cls: 1.053 Hist: 0.7711 Path: 0.3533 | Val F1: 0.4091 | 1.0s
  Epoch 516/800 | Total: 4.608 Edge: 0.297 Con: 0.155 Cls: 1.036 Hist: 0.7720 Path: 0.3543 | 1.0s
  Epoch 517/800 | Total: 4.530 Edge: 0.295 Con: 0.156 Cls: 1.019 Hist: 0.7473 Path: 0.3540 | 1.0s
  Epoch 518/800 | Total: 4.490 Edge: 0.298 Con: 0.155 Cls: 1.006 Hist: 0.7463 Path: 0.3495 | 1.0s
  Epoch 519/800 | Total: 4.450 Edge: 0.298 Con: 0.158 Cls: 0.998 Hist: 0.7369 Path: 0.3424 | 1.0s
  Epoch 520/800 | Total: 4.597 Edge: 0.311 Con: 0.156 Cls: 1.035 Hist: 0.7500 Path: 0.3523 | Val F1: 0.4160 | 1.0s
  Epoch 521/800 | Total: 4.772 Edge: 0.311 Con: 0.158 Cls: 1.080 Hist: 0.7830 Path: 0.3590 | 1.0s
  Epoch 522/800 | Total: 4.625 Edge: 0.302 Con: 0.158 Cls: 1.042 Hist: 0.7649 Path: 0.3536 | 1.0s
  Epoch 523/800 | Total: 4.619 Edge: 0.301 Con: 0.155 Cls: 1.042 Hist: 0.7676 Path: 0.3479 | 1.0s
  Epoch 524/800 | Total: 4.549 Edge: 0.301 Con: 0.158 Cls: 1.024 Hist: 0.7469 Path: 0.3480 | 1.0s
  Epoch 525/800 | Total: 4.582 Edge: 0.300 Con: 0.156 Cls: 1.033 Hist: 0.7548 Path: 0.3502 | Val F1: 0.4075 | 1.0s
  Epoch 526/800 | Total: 4.516 Edge: 0.299 Con: 0.156 Cls: 1.014 Hist: 0.7454 Path: 0.3530 | 1.0s
  Epoch 527/800 | Total: 4.495 Edge: 0.297 Con: 0.157 Cls: 1.009 Hist: 0.7411 Path: 0.3524 | 1.0s
  Epoch 528/800 | Total: 4.619 Edge: 0.302 Con: 0.157 Cls: 1.040 Hist: 0.7613 Path: 0.3579 | 1.0s
  Epoch 529/800 | Total: 4.620 Edge: 0.305 Con: 0.157 Cls: 1.038 Hist: 0.7566 Path: 0.3670 | 1.0s
  Epoch 530/800 | Total: 4.483 Edge: 0.299 Con: 0.156 Cls: 1.004 Hist: 0.7369 Path: 0.3574 | Val F1: 0.4049 | 1.0s
  Epoch 531/800 | Total: 4.479 Edge: 0.294 Con: 0.157 Cls: 1.005 Hist: 0.7452 Path: 0.3475 | 1.0s
  Epoch 532/800 | Total: 4.584 Edge: 0.297 Con: 0.155 Cls: 1.030 Hist: 0.7661 Path: 0.3539 | 1.0s
  Epoch 533/800 | Total: 4.619 Edge: 0.298 Con: 0.156 Cls: 1.037 Hist: 0.7719 Path: 0.3589 | 1.0s
  Epoch 534/800 | Total: 4.621 Edge: 0.301 Con: 0.158 Cls: 1.040 Hist: 0.7622 Path: 0.3590 | 1.0s
  Epoch 535/800 | Total: 4.561 Edge: 0.303 Con: 0.154 Cls: 1.026 Hist: 0.7497 Path: 0.3539 | Val F1: 0.4094 | 1.0s
  Epoch 536/800 | Total: 4.486 Edge: 0.301 Con: 0.155 Cls: 1.006 Hist: 0.7410 Path: 0.3504 | 1.0s
  Epoch 537/800 | Total: 4.493 Edge: 0.305 Con: 0.156 Cls: 1.004 Hist: 0.7479 Path: 0.3509 | 1.0s
  Epoch 538/800 | Total: 4.515 Edge: 0.303 Con: 0.157 Cls: 1.010 Hist: 0.7481 Path: 0.3535 | 1.0s
  Epoch 539/800 | Total: 4.508 Edge: 0.298 Con: 0.157 Cls: 1.011 Hist: 0.7478 Path: 0.3495 | 1.0s
  Epoch 540/800 | Total: 4.422 Edge: 0.294 Con: 0.157 Cls: 0.989 Hist: 0.7389 Path: 0.3438 | Val F1: 0.4083 | 1.0s
  Epoch 541/800 | Total: 4.435 Edge: 0.289 Con: 0.156 Cls: 0.997 Hist: 0.7371 Path: 0.3394 | 1.0s
  Epoch 542/800 | Total: 4.486 Edge: 0.291 Con: 0.158 Cls: 1.010 Hist: 0.7433 Path: 0.3427 | 1.0s
  Epoch 543/800 | Total: 4.451 Edge: 0.292 Con: 0.157 Cls: 1.000 Hist: 0.7394 Path: 0.3410 | 1.0s
  Epoch 544/800 | Total: 4.453 Edge: 0.290 Con: 0.155 Cls: 1.001 Hist: 0.7398 Path: 0.3410 | 1.0s
  Epoch 545/800 | Total: 4.478 Edge: 0.288 Con: 0.155 Cls: 1.009 Hist: 0.7426 Path: 0.3422 | Val F1: 0.4069 | 1.0s
  Epoch 546/800 | Total: 4.490 Edge: 0.292 Con: 0.158 Cls: 1.009 Hist: 0.7503 Path: 0.3419 | 1.0s
  Epoch 547/800 | Total: 4.558 Edge: 0.293 Con: 0.157 Cls: 1.029 Hist: 0.7524 Path: 0.3459 | 1.0s
  Epoch 548/800 | Total: 4.489 Edge: 0.297 Con: 0.154 Cls: 1.004 Hist: 0.7495 Path: 0.3519 | 1.0s
  Epoch 549/800 | Total: 4.531 Edge: 0.301 Con: 0.158 Cls: 1.014 Hist: 0.7463 Path: 0.3615 | 1.0s
  Epoch 550/800 | Total: 4.631 Edge: 0.305 Con: 0.158 Cls: 1.044 Hist: 0.7587 Path: 0.3573 | Val F1: 0.3995 | 1.0s
  Epoch 551/800 | Total: 4.635 Edge: 0.302 Con: 0.159 Cls: 1.043 Hist: 0.7644 Path: 0.3600 | 1.0s
  Epoch 552/800 | Total: 4.732 Edge: 0.306 Con: 0.160 Cls: 1.068 Hist: 0.7769 Path: 0.3643 | 1.0s
  Epoch 553/800 | Total: 4.876 Edge: 0.309 Con: 0.162 Cls: 1.105 Hist: 0.8037 Path: 0.3674 | 1.0s
  Epoch 554/800 | Total: 4.891 Edge: 0.312 Con: 0.157 Cls: 1.107 Hist: 0.8026 Path: 0.3754 | 1.0s
  Epoch 555/800 | Total: 4.765 Edge: 0.307 Con: 0.155 Cls: 1.078 Hist: 0.7846 Path: 0.3624 | Val F1: 0.4105 | 1.0s
  Epoch 556/800 | Total: 4.540 Edge: 0.300 Con: 0.156 Cls: 1.017 Hist: 0.7485 Path: 0.3614 | 1.0s
  Epoch 557/800 | Total: 4.551 Edge: 0.297 Con: 0.157 Cls: 1.024 Hist: 0.7514 Path: 0.3525 | 1.0s
  Epoch 558/800 | Total: 4.543 Edge: 0.300 Con: 0.158 Cls: 1.021 Hist: 0.7472 Path: 0.3548 | 1.0s
  Epoch 559/800 | Total: 4.549 Edge: 0.299 Con: 0.156 Cls: 1.022 Hist: 0.7526 Path: 0.3555 | 1.0s
  Epoch 560/800 | Total: 4.476 Edge: 0.298 Con: 0.156 Cls: 1.004 Hist: 0.7402 Path: 0.3466 | Val F1: 0.4178 | 1.0s
  Epoch 561/800 | Total: 4.527 Edge: 0.298 Con: 0.157 Cls: 1.019 Hist: 0.7473 Path: 0.3468 | 1.0s
  Epoch 562/800 | Total: 4.750 Edge: 0.300 Con: 0.158 Cls: 1.079 Hist: 0.7792 Path: 0.3556 | 1.0s
  Epoch 563/800 | Total: 4.790 Edge: 0.305 Con: 0.157 Cls: 1.085 Hist: 0.7819 Path: 0.3688 | 1.0s
  Epoch 564/800 | Total: 4.751 Edge: 0.302 Con: 0.157 Cls: 1.076 Hist: 0.7823 Path: 0.3609 | 1.0s
  Epoch 565/800 | Total: 4.799 Edge: 0.304 Con: 0.159 Cls: 1.089 Hist: 0.7896 Path: 0.3582 | Val F1: 0.4116 | 1.0s
  Epoch 566/800 | Total: 4.803 Edge: 0.305 Con: 0.156 Cls: 1.088 Hist: 0.7976 Path: 0.3598 | 1.0s
  Epoch 567/800 | Total: 4.773 Edge: 0.303 Con: 0.158 Cls: 1.080 Hist: 0.7872 Path: 0.3637 | 1.0s
  Epoch 568/800 | Total: 4.593 Edge: 0.303 Con: 0.159 Cls: 1.030 Hist: 0.7638 Path: 0.3566 | 1.0s
  Epoch 569/800 | Total: 4.461 Edge: 0.296 Con: 0.157 Cls: 0.998 Hist: 0.7424 Path: 0.3505 | 1.0s
  Epoch 570/800 | Total: 4.446 Edge: 0.294 Con: 0.156 Cls: 0.996 Hist: 0.7368 Path: 0.3508 | Val F1: 0.4186 | 1.0s
  Epoch 571/800 | Total: 4.394 Edge: 0.288 Con: 0.154 Cls: 0.984 Hist: 0.7345 Path: 0.3436 | 1.0s
  Epoch 572/800 | Total: 4.396 Edge: 0.293 Con: 0.156 Cls: 0.982 Hist: 0.7303 Path: 0.3492 | 1.0s
  Epoch 573/800 | Total: 4.737 Edge: 0.300 Con: 0.158 Cls: 1.075 Hist: 0.7767 Path: 0.3547 | 1.0s
  Epoch 574/800 | Total: 5.518 Edge: 0.323 Con: 0.160 Cls: 1.266 Hist: 0.9215 Path: 0.3943 | 1.0s
  Epoch 575/800 | Total: 5.123 Edge: 0.337 Con: 0.162 Cls: 1.150 Hist: 0.8285 Path: 0.4261 | Val F1: 0.3863 | 1.0s
  Epoch 576/800 | Total: 4.814 Edge: 0.316 Con: 0.161 Cls: 1.083 Hist: 0.7949 Path: 0.3731 | 1.0s
  Epoch 577/800 | Total: 4.830 Edge: 0.322 Con: 0.162 Cls: 1.089 Hist: 0.7875 Path: 0.3724 | 1.0s
  Epoch 578/800 | Total: 4.636 Edge: 0.310 Con: 0.161 Cls: 1.040 Hist: 0.7673 Path: 0.3591 | 1.0s
  Epoch 579/800 | Total: 4.669 Edge: 0.304 Con: 0.160 Cls: 1.053 Hist: 0.7681 Path: 0.3575 | 1.0s
  Epoch 580/800 | Total: 4.483 Edge: 0.294 Con: 0.158 Cls: 1.005 Hist: 0.7443 Path: 0.3505 | Val F1: 0.4127 | 1.0s
  Epoch 581/800 | Total: 4.428 Edge: 0.293 Con: 0.156 Cls: 0.992 Hist: 0.7348 Path: 0.3464 | 1.0s
  Epoch 582/800 | Total: 4.433 Edge: 0.290 Con: 0.157 Cls: 0.995 Hist: 0.7342 Path: 0.3460 | 1.0s
  Epoch 583/800 | Total: 4.435 Edge: 0.293 Con: 0.158 Cls: 0.995 Hist: 0.7356 Path: 0.3435 | 1.0s
  Epoch 584/800 | Total: 4.460 Edge: 0.299 Con: 0.157 Cls: 1.001 Hist: 0.7356 Path: 0.3443 | 1.0s
  Epoch 585/800 | Total: 4.412 Edge: 0.291 Con: 0.158 Cls: 0.988 Hist: 0.7363 Path: 0.3428 | Val F1: 0.4194 | 1.0s
  Epoch 586/800 | Total: 4.355 Edge: 0.289 Con: 0.158 Cls: 0.973 Hist: 0.7235 Path: 0.3449 | 1.0s
  Epoch 587/800 | Total: 4.381 Edge: 0.290 Con: 0.156 Cls: 0.981 Hist: 0.7271 Path: 0.3415 | 1.0s
  Epoch 588/800 | Total: 4.358 Edge: 0.291 Con: 0.157 Cls: 0.974 Hist: 0.7258 Path: 0.3405 | 1.0s
  Epoch 589/800 | Total: 4.485 Edge: 0.292 Con: 0.156 Cls: 1.009 Hist: 0.7484 Path: 0.3398 | 1.0s
  Epoch 590/800 | Total: 4.462 Edge: 0.292 Con: 0.156 Cls: 1.004 Hist: 0.7359 Path: 0.3440 | Val F1: 0.4062 | 1.0s
  Epoch 591/800 | Total: 4.553 Edge: 0.298 Con: 0.159 Cls: 1.023 Hist: 0.7599 Path: 0.3483 | 1.0s
  Epoch 592/800 | Total: 4.566 Edge: 0.302 Con: 0.158 Cls: 1.024 Hist: 0.7560 Path: 0.3577 | 1.0s
  Epoch 593/800 | Total: 4.495 Edge: 0.305 Con: 0.157 Cls: 1.005 Hist: 0.7436 Path: 0.3537 | 1.0s
  Epoch 594/800 | Total: 4.428 Edge: 0.301 Con: 0.156 Cls: 0.987 Hist: 0.7405 Path: 0.3478 | 1.0s
  Epoch 595/800 | Total: 4.499 Edge: 0.297 Con: 0.155 Cls: 1.010 Hist: 0.7459 Path: 0.3476 | Val F1: 0.4057 | 1.0s
  Epoch 596/800 | Total: 4.368 Edge: 0.292 Con: 0.154 Cls: 0.978 Hist: 0.7251 Path: 0.3393 | 1.0s
  Epoch 597/800 | Total: 4.441 Edge: 0.292 Con: 0.158 Cls: 0.997 Hist: 0.7340 Path: 0.3464 | 1.0s
  Epoch 598/800 | Total: 4.480 Edge: 0.296 Con: 0.157 Cls: 1.004 Hist: 0.7423 Path: 0.3492 | 1.0s
  Epoch 599/800 | Total: 4.459 Edge: 0.302 Con: 0.155 Cls: 0.996 Hist: 0.7396 Path: 0.3535 | 1.0s
  Epoch 600/800 | Total: 4.404 Edge: 0.296 Con: 0.157 Cls: 0.986 Hist: 0.7283 Path: 0.3427 | Val F1: 0.4061 | 1.0s
  Epoch 601/800 | Total: 4.496 Edge: 0.299 Con: 0.157 Cls: 1.007 Hist: 0.7479 Path: 0.3503 | 1.0s
  Epoch 602/800 | Total: 4.411 Edge: 0.292 Con: 0.155 Cls: 0.989 Hist: 0.7310 Path: 0.3444 | 1.0s
  Epoch 603/800 | Total: 4.428 Edge: 0.293 Con: 0.157 Cls: 0.990 Hist: 0.7385 Path: 0.3484 | 1.0s
  Epoch 604/800 | Total: 4.397 Edge: 0.295 Con: 0.155 Cls: 0.980 Hist: 0.7369 Path: 0.3479 | 1.0s
  Epoch 605/800 | Total: 4.364 Edge: 0.291 Con: 0.155 Cls: 0.975 Hist: 0.7251 Path: 0.3433 | Val F1: 0.4203 | 1.0s
  Epoch 606/800 | Total: 4.397 Edge: 0.289 Con: 0.157 Cls: 0.985 Hist: 0.7324 Path: 0.3430 | 1.0s
  Epoch 607/800 | Total: 4.413 Edge: 0.288 Con: 0.156 Cls: 0.990 Hist: 0.7325 Path: 0.3440 | 1.0s
  Epoch 608/800 | Total: 4.394 Edge: 0.287 Con: 0.156 Cls: 0.987 Hist: 0.7282 Path: 0.3400 | 1.0s
  Epoch 609/800 | Total: 4.367 Edge: 0.288 Con: 0.156 Cls: 0.977 Hist: 0.7294 Path: 0.3412 | 1.0s
  Epoch 610/800 | Total: 4.463 Edge: 0.293 Con: 0.157 Cls: 0.998 Hist: 0.7485 Path: 0.3491 | Val F1: 0.4113 | 1.0s
  Epoch 611/800 | Total: 4.436 Edge: 0.291 Con: 0.156 Cls: 0.994 Hist: 0.7372 Path: 0.3474 | 1.0s
  Epoch 612/800 | Total: 4.391 Edge: 0.288 Con: 0.155 Cls: 0.983 Hist: 0.7334 Path: 0.3440 | 1.0s
  Epoch 613/800 | Total: 4.407 Edge: 0.297 Con: 0.156 Cls: 0.984 Hist: 0.7285 Path: 0.3518 | 0.9s
  Epoch 614/800 | Total: 4.375 Edge: 0.300 Con: 0.157 Cls: 0.972 Hist: 0.7257 Path: 0.3551 | 1.0s
  Epoch 615/800 | Total: 4.393 Edge: 0.298 Con: 0.156 Cls: 0.981 Hist: 0.7257 Path: 0.3489 | Val F1: 0.4150 | 1.0s
  Epoch 616/800 | Total: 4.374 Edge: 0.294 Con: 0.156 Cls: 0.977 Hist: 0.7246 Path: 0.3456 | 1.0s
  Epoch 617/800 | Total: 4.369 Edge: 0.291 Con: 0.156 Cls: 0.976 Hist: 0.7278 Path: 0.3450 | 1.0s
  Epoch 618/800 | Total: 4.335 Edge: 0.291 Con: 0.156 Cls: 0.966 Hist: 0.7224 Path: 0.3465 | 1.0s
  Epoch 619/800 | Total: 4.459 Edge: 0.290 Con: 0.156 Cls: 1.002 Hist: 0.7408 Path: 0.3451 | 1.0s
  Epoch 620/800 | Total: 4.558 Edge: 0.300 Con: 0.158 Cls: 1.028 Hist: 0.7506 Path: 0.3449 | Val F1: 0.3926 | 1.0s
  Epoch 621/800 | Total: 4.888 Edge: 0.310 Con: 0.157 Cls: 1.108 Hist: 0.8068 Path: 0.3693 | 1.0s
  Epoch 622/800 | Total: 4.675 Edge: 0.299 Con: 0.158 Cls: 1.055 Hist: 0.7772 Path: 0.3548 | 1.0s
  Epoch 623/800 | Total: 4.586 Edge: 0.301 Con: 0.158 Cls: 1.032 Hist: 0.7537 Path: 0.3555 | 1.0s
  Epoch 624/800 | Total: 4.575 Edge: 0.302 Con: 0.157 Cls: 1.027 Hist: 0.7612 Path: 0.3513 | 1.0s
  Epoch 625/800 | Total: 4.583 Edge: 0.306 Con: 0.156 Cls: 1.029 Hist: 0.7645 Path: 0.3489 | Val F1: 0.4045 | 1.0s
  Epoch 626/800 | Total: 4.542 Edge: 0.315 Con: 0.156 Cls: 1.015 Hist: 0.7500 Path: 0.3542 | 1.0s
  Epoch 627/800 | Total: 4.426 Edge: 0.302 Con: 0.157 Cls: 0.987 Hist: 0.7309 Path: 0.3533 | 1.0s
  Epoch 628/800 | Total: 4.400 Edge: 0.298 Con: 0.156 Cls: 0.983 Hist: 0.7289 Path: 0.3466 | 1.0s
  Epoch 629/800 | Total: 4.421 Edge: 0.298 Con: 0.157 Cls: 0.990 Hist: 0.7298 Path: 0.3456 | 1.0s
  Epoch 630/800 | Total: 4.439 Edge: 0.296 Con: 0.157 Cls: 0.996 Hist: 0.7297 Path: 0.3479 | Val F1: 0.4177 | 1.0s
  Epoch 631/800 | Total: 4.368 Edge: 0.290 Con: 0.158 Cls: 0.979 Hist: 0.7224 Path: 0.3418 | 1.0s
  Epoch 632/800 | Total: 4.372 Edge: 0.288 Con: 0.154 Cls: 0.978 Hist: 0.7288 Path: 0.3444 | 1.0s
  Epoch 633/800 | Total: 4.577 Edge: 0.297 Con: 0.158 Cls: 1.033 Hist: 0.7492 Path: 0.3526 | 1.0s
  Epoch 634/800 | Total: 4.539 Edge: 0.296 Con: 0.155 Cls: 1.022 Hist: 0.7490 Path: 0.3519 | 1.0s
  Epoch 635/800 | Total: 4.435 Edge: 0.295 Con: 0.158 Cls: 0.992 Hist: 0.7325 Path: 0.3524 | Val F1: 0.4207 | 1.0s
  Epoch 636/800 | Total: 4.340 Edge: 0.290 Con: 0.155 Cls: 0.967 Hist: 0.7272 Path: 0.3454 | 1.0s
  Epoch 637/800 | Total: 4.335 Edge: 0.288 Con: 0.158 Cls: 0.969 Hist: 0.7209 Path: 0.3396 | 1.0s
  Epoch 638/800 | Total: 4.562 Edge: 0.292 Con: 0.159 Cls: 1.028 Hist: 0.7632 Path: 0.3433 | 1.0s
  Epoch 639/800 | Total: 4.608 Edge: 0.294 Con: 0.160 Cls: 1.038 Hist: 0.7667 Path: 0.3535 | 1.0s
  Epoch 640/800 | Total: 4.838 Edge: 0.303 Con: 0.161 Cls: 1.100 Hist: 0.7960 Path: 0.3589 | Val F1: 0.4035 | 1.0s
  Epoch 641/800 | Total: 4.686 Edge: 0.303 Con: 0.158 Cls: 1.056 Hist: 0.7789 Path: 0.3567 | 1.0s
  Epoch 642/800 | Total: 4.604 Edge: 0.295 Con: 0.156 Cls: 1.037 Hist: 0.7685 Path: 0.3517 | 1.0s
  Epoch 643/800 | Total: 4.509 Edge: 0.298 Con: 0.156 Cls: 1.011 Hist: 0.7505 Path: 0.3499 | 1.0s
  Epoch 644/800 | Total: 4.448 Edge: 0.298 Con: 0.156 Cls: 0.992 Hist: 0.7463 Path: 0.3512 | 1.0s
  Epoch 645/800 | Total: 4.540 Edge: 0.300 Con: 0.157 Cls: 1.019 Hist: 0.7526 Path: 0.3523 | Val F1: 0.4077 | 1.0s
  Epoch 646/800 | Total: 4.388 Edge: 0.295 Con: 0.156 Cls: 0.979 Hist: 0.7307 Path: 0.3476 | 1.0s
  Epoch 647/800 | Total: 4.300 Edge: 0.288 Con: 0.154 Cls: 0.957 Hist: 0.7232 Path: 0.3392 | 1.0s
  Epoch 648/800 | Total: 4.275 Edge: 0.287 Con: 0.155 Cls: 0.952 Hist: 0.7166 Path: 0.3383 | 1.0s
  Epoch 649/800 | Total: 4.323 Edge: 0.290 Con: 0.155 Cls: 0.967 Hist: 0.7150 Path: 0.3400 | 1.0s
  Epoch 650/800 | Total: 4.257 Edge: 0.290 Con: 0.157 Cls: 0.946 Hist: 0.7122 Path: 0.3400 | Val F1: 0.4259 | 1.0s
  Epoch 651/800 | Total: 4.317 Edge: 0.291 Con: 0.156 Cls: 0.963 Hist: 0.7157 Path: 0.3432 | 1.0s
  Epoch 652/800 | Total: 4.325 Edge: 0.292 Con: 0.157 Cls: 0.964 Hist: 0.7203 Path: 0.3440 | 1.0s
  Epoch 653/800 | Total: 4.299 Edge: 0.288 Con: 0.156 Cls: 0.957 Hist: 0.7203 Path: 0.3422 | 1.0s
  Epoch 654/800 | Total: 4.531 Edge: 0.299 Con: 0.158 Cls: 1.020 Hist: 0.7460 Path: 0.3482 | 1.0s
  Epoch 655/800 | Total: 4.500 Edge: 0.300 Con: 0.158 Cls: 1.010 Hist: 0.7400 Path: 0.3502 | Val F1: 0.4123 | 1.0s
  Epoch 656/800 | Total: 4.473 Edge: 0.291 Con: 0.157 Cls: 1.003 Hist: 0.7460 Path: 0.3476 | 1.0s
  Epoch 657/800 | Total: 4.388 Edge: 0.289 Con: 0.156 Cls: 0.982 Hist: 0.7280 Path: 0.3475 | 1.0s
  Epoch 658/800 | Total: 4.319 Edge: 0.290 Con: 0.154 Cls: 0.963 Hist: 0.7167 Path: 0.3461 | 1.0s
  Epoch 659/800 | Total: 4.431 Edge: 0.295 Con: 0.158 Cls: 0.990 Hist: 0.7348 Path: 0.3531 | 1.0s
  Epoch 660/800 | Total: 4.383 Edge: 0.295 Con: 0.156 Cls: 0.978 Hist: 0.7239 Path: 0.3501 | Val F1: 0.4261 | 1.0s
  Epoch 661/800 | Total: 4.361 Edge: 0.297 Con: 0.156 Cls: 0.974 Hist: 0.7206 Path: 0.3440 | 1.0s
  Epoch 662/800 | Total: 4.499 Edge: 0.300 Con: 0.157 Cls: 1.008 Hist: 0.7431 Path: 0.3544 | 1.0s
  Epoch 663/800 | Total: 4.865 Edge: 0.303 Con: 0.161 Cls: 1.104 Hist: 0.7993 Path: 0.3717 | 1.0s
  Epoch 664/800 | Total: 4.931 Edge: 0.313 Con: 0.161 Cls: 1.118 Hist: 0.8110 Path: 0.3721 | 1.0s
  Epoch 665/800 | Total: 4.899 Edge: 0.308 Con: 0.164 Cls: 1.110 Hist: 0.8071 Path: 0.3710 | Val F1: 0.3854 | 1.0s
  Epoch 666/800 | Total: 5.300 Edge: 0.312 Con: 0.162 Cls: 1.214 Hist: 0.8729 Path: 0.3931 | 1.0s
  Epoch 667/800 | Total: 4.895 Edge: 0.320 Con: 0.166 Cls: 1.097 Hist: 0.8169 Path: 0.3833 | 1.0s
  Epoch 668/800 | Total: 4.647 Edge: 0.318 Con: 0.161 Cls: 1.031 Hist: 0.7733 Path: 0.3819 | 1.0s
  Epoch 669/800 | Total: 4.472 Edge: 0.306 Con: 0.159 Cls: 0.995 Hist: 0.7404 Path: 0.3604 | 1.0s
  Epoch 670/800 | Total: 4.369 Edge: 0.293 Con: 0.157 Cls: 0.975 Hist: 0.7259 Path: 0.3458 | Val F1: 0.4266 | 1.0s
  Epoch 671/800 | Total: 4.332 Edge: 0.290 Con: 0.159 Cls: 0.966 Hist: 0.7222 Path: 0.3420 | 1.0s
  Epoch 672/800 | Total: 4.368 Edge: 0.289 Con: 0.157 Cls: 0.979 Hist: 0.7227 Path: 0.3411 | 1.0s
  Epoch 673/800 | Total: 4.345 Edge: 0.290 Con: 0.158 Cls: 0.971 Hist: 0.7234 Path: 0.3399 | 1.0s
  Epoch 674/800 | Total: 4.352 Edge: 0.297 Con: 0.158 Cls: 0.969 Hist: 0.7237 Path: 0.3447 | 1.0s
  Epoch 675/800 | Total: 4.321 Edge: 0.298 Con: 0.158 Cls: 0.961 Hist: 0.7205 Path: 0.3415 | Val F1: 0.4198 | 1.0s
  Epoch 676/800 | Total: 4.359 Edge: 0.293 Con: 0.158 Cls: 0.975 Hist: 0.7217 Path: 0.3395 | 1.0s
  Epoch 677/800 | Total: 4.442 Edge: 0.295 Con: 0.158 Cls: 0.996 Hist: 0.7351 Path: 0.3434 | 1.0s
  Epoch 678/800 | Total: 4.360 Edge: 0.295 Con: 0.158 Cls: 0.972 Hist: 0.7271 Path: 0.3431 | 1.0s
  Epoch 679/800 | Total: 4.344 Edge: 0.294 Con: 0.158 Cls: 0.970 Hist: 0.7245 Path: 0.3380 | 1.0s
  Epoch 680/800 | Total: 4.347 Edge: 0.292 Con: 0.157 Cls: 0.970 Hist: 0.7270 Path: 0.3394 | Val F1: 0.4149 | 1.0s
  Epoch 681/800 | Total: 4.374 Edge: 0.294 Con: 0.158 Cls: 0.975 Hist: 0.7295 Path: 0.3457 | 1.0s
  Epoch 682/800 | Total: 4.417 Edge: 0.294 Con: 0.158 Cls: 0.986 Hist: 0.7362 Path: 0.3511 | 1.0s
  Epoch 683/800 | Total: 4.387 Edge: 0.290 Con: 0.157 Cls: 0.982 Hist: 0.7274 Path: 0.3460 | 1.0s
  Epoch 684/800 | Total: 4.351 Edge: 0.291 Con: 0.156 Cls: 0.969 Hist: 0.7240 Path: 0.3502 | 1.0s
  Epoch 685/800 | Total: 4.270 Edge: 0.289 Con: 0.158 Cls: 0.951 Hist: 0.7098 Path: 0.3403 | Val F1: 0.4152 | 1.0s
  Epoch 686/800 | Total: 4.261 Edge: 0.288 Con: 0.158 Cls: 0.948 Hist: 0.7134 Path: 0.3364 | 1.0s
  Epoch 687/800 | Total: 4.344 Edge: 0.290 Con: 0.158 Cls: 0.972 Hist: 0.7223 Path: 0.3372 | 1.0s
  Epoch 688/800 | Total: 4.328 Edge: 0.293 Con: 0.156 Cls: 0.966 Hist: 0.7173 Path: 0.3416 | 1.0s
  Epoch 689/800 | Total: 4.311 Edge: 0.293 Con: 0.156 Cls: 0.960 Hist: 0.7229 Path: 0.3377 | 1.0s
  Epoch 690/800 | Total: 4.354 Edge: 0.296 Con: 0.158 Cls: 0.969 Hist: 0.7234 Path: 0.3479 | Val F1: 0.4143 | 1.0s
  Epoch 691/800 | Total: 4.299 Edge: 0.295 Con: 0.156 Cls: 0.954 Hist: 0.7155 Path: 0.3500 | 1.0s
  Epoch 692/800 | Total: 4.353 Edge: 0.296 Con: 0.157 Cls: 0.967 Hist: 0.7232 Path: 0.3544 | 1.0s
  Epoch 693/800 | Total: 4.437 Edge: 0.292 Con: 0.158 Cls: 0.992 Hist: 0.7394 Path: 0.3491 | 1.0s
  Epoch 694/800 | Total: 4.425 Edge: 0.289 Con: 0.159 Cls: 0.990 Hist: 0.7400 Path: 0.3472 | 1.0s
  Epoch 695/800 | Total: 4.372 Edge: 0.289 Con: 0.156 Cls: 0.977 Hist: 0.7294 Path: 0.3433 | Val F1: 0.4125 | 1.0s
  Epoch 696/800 | Total: 4.477 Edge: 0.295 Con: 0.160 Cls: 1.003 Hist: 0.7379 Path: 0.3547 | 1.0s
  Epoch 697/800 | Total: 4.482 Edge: 0.302 Con: 0.158 Cls: 1.001 Hist: 0.7441 Path: 0.3546 | 1.0s
  Epoch 698/800 | Total: 4.426 Edge: 0.297 Con: 0.156 Cls: 0.986 Hist: 0.7422 Path: 0.3515 | 1.0s
  Epoch 699/800 | Total: 4.350 Edge: 0.291 Con: 0.156 Cls: 0.968 Hist: 0.7292 Path: 0.3485 | 1.0s
  Epoch 700/800 | Total: 4.333 Edge: 0.290 Con: 0.157 Cls: 0.963 Hist: 0.7294 Path: 0.3463 | Val F1: 0.4354 | 1.0s
  Epoch 701/800 | Total: 4.298 Edge: 0.287 Con: 0.157 Cls: 0.957 Hist: 0.7193 Path: 0.3408 | 1.0s
  Epoch 702/800 | Total: 4.292 Edge: 0.288 Con: 0.157 Cls: 0.956 Hist: 0.7132 Path: 0.3432 | 1.0s
  Epoch 703/800 | Total: 4.268 Edge: 0.289 Con: 0.156 Cls: 0.951 Hist: 0.7087 Path: 0.3395 | 1.0s
  Epoch 704/800 | Total: 4.263 Edge: 0.287 Con: 0.157 Cls: 0.949 Hist: 0.7142 Path: 0.3349 | 1.0s
  Epoch 705/800 | Total: 4.307 Edge: 0.285 Con: 0.158 Cls: 0.962 Hist: 0.7205 Path: 0.3373 | Val F1: 0.4239 | 1.0s
  Epoch 706/800 | Total: 4.280 Edge: 0.289 Con: 0.157 Cls: 0.952 Hist: 0.7185 Path: 0.3384 | 1.0s
  Epoch 707/800 | Total: 4.400 Edge: 0.298 Con: 0.160 Cls: 0.981 Hist: 0.7324 Path: 0.3487 | 1.0s
  Epoch 708/800 | Total: 4.376 Edge: 0.301 Con: 0.158 Cls: 0.974 Hist: 0.7269 Path: 0.3470 | 1.0s
  Epoch 709/800 | Total: 4.359 Edge: 0.298 Con: 0.159 Cls: 0.969 Hist: 0.7260 Path: 0.3477 | 1.0s
  Epoch 710/800 | Total: 4.342 Edge: 0.293 Con: 0.155 Cls: 0.966 Hist: 0.7256 Path: 0.3463 | Val F1: 0.4210 | 1.0s
  Epoch 711/800 | Total: 4.321 Edge: 0.290 Con: 0.160 Cls: 0.962 Hist: 0.7180 Path: 0.3468 | 1.0s
  Epoch 712/800 | Total: 4.338 Edge: 0.289 Con: 0.158 Cls: 0.966 Hist: 0.7266 Path: 0.3443 | 1.0s
  Epoch 713/800 | Total: 4.349 Edge: 0.287 Con: 0.157 Cls: 0.971 Hist: 0.7304 Path: 0.3401 | 1.0s
  Epoch 714/800 | Total: 4.313 Edge: 0.290 Con: 0.159 Cls: 0.964 Hist: 0.7112 Path: 0.3412 | 1.0s
  Epoch 715/800 | Total: 4.327 Edge: 0.293 Con: 0.158 Cls: 0.962 Hist: 0.7221 Path: 0.3465 | Val F1: 0.4265 | 1.0s
  Epoch 716/800 | Total: 4.253 Edge: 0.287 Con: 0.157 Cls: 0.945 Hist: 0.7111 Path: 0.3420 | 1.0s
  Epoch 717/800 | Total: 4.302 Edge: 0.288 Con: 0.157 Cls: 0.960 Hist: 0.7177 Path: 0.3389 | 1.0s
  Epoch 718/800 | Total: 4.258 Edge: 0.295 Con: 0.157 Cls: 0.943 Hist: 0.7098 Path: 0.3453 | 1.0s
  Epoch 719/800 | Total: 4.325 Edge: 0.293 Con: 0.157 Cls: 0.961 Hist: 0.7258 Path: 0.3428 | 1.0s
  Epoch 720/800 | Total: 4.415 Edge: 0.293 Con: 0.159 Cls: 0.986 Hist: 0.7373 Path: 0.3463 | Val F1: 0.4007 | 1.0s
  Epoch 721/800 | Total: 4.855 Edge: 0.309 Con: 0.159 Cls: 1.101 Hist: 0.7935 Path: 0.3722 | 1.0s
  Epoch 722/800 | Total: 4.657 Edge: 0.309 Con: 0.161 Cls: 1.047 Hist: 0.7613 Path: 0.3659 | 1.0s
  Epoch 723/800 | Total: 4.467 Edge: 0.299 Con: 0.158 Cls: 0.998 Hist: 0.7367 Path: 0.3582 | 1.0s
  Epoch 724/800 | Total: 4.394 Edge: 0.292 Con: 0.158 Cls: 0.982 Hist: 0.7299 Path: 0.3472 | 1.0s
  Epoch 725/800 | Total: 4.363 Edge: 0.292 Con: 0.158 Cls: 0.971 Hist: 0.7275 Path: 0.3515 | Val F1: 0.4273 | 1.0s
  Epoch 726/800 | Total: 4.287 Edge: 0.292 Con: 0.158 Cls: 0.952 Hist: 0.7179 Path: 0.3433 | 1.0s
  Epoch 727/800 | Total: 4.281 Edge: 0.292 Con: 0.158 Cls: 0.951 Hist: 0.7165 Path: 0.3414 | 1.0s
  Epoch 728/800 | Total: 4.247 Edge: 0.288 Con: 0.159 Cls: 0.945 Hist: 0.7094 Path: 0.3364 | 1.0s
  Epoch 729/800 | Total: 4.218 Edge: 0.288 Con: 0.159 Cls: 0.936 Hist: 0.7053 Path: 0.3371 | 1.0s
  Epoch 730/800 | Total: 4.270 Edge: 0.289 Con: 0.158 Cls: 0.950 Hist: 0.7137 Path: 0.3381 | Val F1: 0.4238 | 1.0s
  Epoch 731/800 | Total: 4.233 Edge: 0.290 Con: 0.157 Cls: 0.937 Hist: 0.7132 Path: 0.3381 | 1.0s
  Epoch 732/800 | Total: 4.251 Edge: 0.289 Con: 0.159 Cls: 0.946 Hist: 0.7090 Path: 0.3354 | 1.0s
  Epoch 733/800 | Total: 4.307 Edge: 0.293 Con: 0.159 Cls: 0.959 Hist: 0.7157 Path: 0.3422 | 1.0s
  Epoch 734/800 | Total: 4.488 Edge: 0.307 Con: 0.160 Cls: 0.999 Hist: 0.7462 Path: 0.3579 | 1.0s
  Epoch 735/800 | Total: 4.527 Edge: 0.300 Con: 0.158 Cls: 1.009 Hist: 0.7650 Path: 0.3572 | Val F1: 0.4204 | 1.0s
  Epoch 736/800 | Total: 4.453 Edge: 0.296 Con: 0.158 Cls: 0.989 Hist: 0.7534 Path: 0.3578 | 1.0s
  Epoch 737/800 | Total: 4.534 Edge: 0.294 Con: 0.161 Cls: 1.017 Hist: 0.7586 Path: 0.3498 | 1.0s
  Epoch 738/800 | Total: 4.581 Edge: 0.298 Con: 0.159 Cls: 1.028 Hist: 0.7639 Path: 0.3549 | 1.0s
  Epoch 739/800 | Total: 4.453 Edge: 0.294 Con: 0.157 Cls: 0.996 Hist: 0.7413 Path: 0.3526 | 1.0s
  Epoch 740/800 | Total: 4.333 Edge: 0.289 Con: 0.156 Cls: 0.966 Hist: 0.7258 Path: 0.3428 | Val F1: 0.4204 | 1.0s
  Epoch 741/800 | Total: 4.383 Edge: 0.289 Con: 0.159 Cls: 0.977 Hist: 0.7373 Path: 0.3449 | 1.0s
  Epoch 742/800 | Total: 4.507 Edge: 0.296 Con: 0.160 Cls: 1.011 Hist: 0.7482 Path: 0.3512 | 1.0s
  Epoch 743/800 | Total: 4.504 Edge: 0.300 Con: 0.156 Cls: 1.009 Hist: 0.7451 Path: 0.3546 | 1.0s
  Epoch 744/800 | Total: 4.494 Edge: 0.298 Con: 0.157 Cls: 1.007 Hist: 0.7400 Path: 0.3548 | 1.0s
  Epoch 745/800 | Total: 4.491 Edge: 0.297 Con: 0.159 Cls: 1.005 Hist: 0.7490 Path: 0.3500 | Val F1: 0.4169 | 1.0s
  Epoch 746/800 | Total: 4.501 Edge: 0.298 Con: 0.155 Cls: 1.009 Hist: 0.7463 Path: 0.3525 | 1.0s
  Epoch 747/800 | Total: 4.423 Edge: 0.297 Con: 0.158 Cls: 0.985 Hist: 0.7407 Path: 0.3502 | 1.0s
  Epoch 748/800 | Total: 4.361 Edge: 0.294 Con: 0.158 Cls: 0.973 Hist: 0.7282 Path: 0.3408 | 1.0s
  Epoch 749/800 | Total: 4.264 Edge: 0.287 Con: 0.157 Cls: 0.948 Hist: 0.7158 Path: 0.3375 | 1.0s
  Epoch 750/800 | Total: 4.375 Edge: 0.289 Con: 0.157 Cls: 0.976 Hist: 0.7334 Path: 0.3460 | Val F1: 0.4218 | 1.0s
  Epoch 751/800 | Total: 4.492 Edge: 0.292 Con: 0.159 Cls: 1.008 Hist: 0.7475 Path: 0.3491 | 1.0s
  Epoch 752/800 | Total: 4.456 Edge: 0.290 Con: 0.157 Cls: 0.999 Hist: 0.7442 Path: 0.3467 | 1.0s
  Epoch 753/800 | Total: 4.447 Edge: 0.287 Con: 0.160 Cls: 0.998 Hist: 0.7436 Path: 0.3417 | 1.0s
  Epoch 754/800 | Total: 4.345 Edge: 0.290 Con: 0.160 Cls: 0.967 Hist: 0.7282 Path: 0.3448 | 1.0s
  Epoch 755/800 | Total: 4.282 Edge: 0.290 Con: 0.155 Cls: 0.952 Hist: 0.7195 Path: 0.3394 | Val F1: 0.4215 | 1.0s
  Epoch 756/800 | Total: 4.310 Edge: 0.293 Con: 0.157 Cls: 0.958 Hist: 0.7201 Path: 0.3446 | 1.0s
  Epoch 757/800 | Total: 4.347 Edge: 0.294 Con: 0.158 Cls: 0.966 Hist: 0.7274 Path: 0.3474 | 1.0s
  Epoch 758/800 | Total: 4.363 Edge: 0.297 Con: 0.159 Cls: 0.969 Hist: 0.7254 Path: 0.3534 | 1.0s
  Epoch 759/800 | Total: 4.278 Edge: 0.293 Con: 0.156 Cls: 0.948 Hist: 0.7176 Path: 0.3440 | 1.0s
  Epoch 760/800 | Total: 4.246 Edge: 0.293 Con: 0.159 Cls: 0.940 Hist: 0.7093 Path: 0.3435 | Val F1: 0.4167 | 1.0s
  Epoch 761/800 | Total: 4.184 Edge: 0.291 Con: 0.158 Cls: 0.925 Hist: 0.7020 Path: 0.3370 | 1.0s
  Epoch 762/800 | Total: 4.209 Edge: 0.292 Con: 0.156 Cls: 0.931 Hist: 0.7058 Path: 0.3395 | 1.0s
  Epoch 763/800 | Total: 4.236 Edge: 0.287 Con: 0.156 Cls: 0.942 Hist: 0.7094 Path: 0.3347 | 1.0s
  Epoch 764/800 | Total: 4.260 Edge: 0.292 Con: 0.157 Cls: 0.946 Hist: 0.7133 Path: 0.3388 | 1.0s
  Epoch 765/800 | Total: 4.161 Edge: 0.289 Con: 0.157 Cls: 0.918 Hist: 0.7024 Path: 0.3369 | Val F1: 0.4301 | 1.0s
  Epoch 766/800 | Total: 4.230 Edge: 0.287 Con: 0.157 Cls: 0.941 Hist: 0.7073 Path: 0.3353 | 1.0s
  Epoch 767/800 | Total: 4.246 Edge: 0.294 Con: 0.156 Cls: 0.943 Hist: 0.7041 Path: 0.3390 | 1.0s
  Epoch 768/800 | Total: 4.311 Edge: 0.297 Con: 0.159 Cls: 0.956 Hist: 0.7127 Path: 0.3542 | 1.0s
  Epoch 769/800 | Total: 4.389 Edge: 0.300 Con: 0.156 Cls: 0.976 Hist: 0.7319 Path: 0.3500 | 1.0s
  Epoch 770/800 | Total: 4.345 Edge: 0.293 Con: 0.157 Cls: 0.966 Hist: 0.7311 Path: 0.3443 | Val F1: 0.4259 | 1.0s
  Epoch 771/800 | Total: 4.305 Edge: 0.288 Con: 0.159 Cls: 0.957 Hist: 0.7185 Path: 0.3466 | 1.0s
  Epoch 772/800 | Total: 4.254 Edge: 0.287 Con: 0.157 Cls: 0.946 Hist: 0.7076 Path: 0.3411 | 1.0s
  Epoch 773/800 | Total: 4.214 Edge: 0.288 Con: 0.156 Cls: 0.934 Hist: 0.7050 Path: 0.3409 | 1.0s
  Epoch 774/800 | Total: 4.206 Edge: 0.286 Con: 0.157 Cls: 0.934 Hist: 0.7014 Path: 0.3377 | 1.0s
  Epoch 775/800 | Total: 4.196 Edge: 0.286 Con: 0.159 Cls: 0.931 Hist: 0.6993 Path: 0.3382 | Val F1: 0.4291 | 1.0s
  Epoch 776/800 | Total: 4.235 Edge: 0.287 Con: 0.161 Cls: 0.941 Hist: 0.7068 Path: 0.3372 | 1.0s
  Epoch 777/800 | Total: 4.301 Edge: 0.287 Con: 0.158 Cls: 0.957 Hist: 0.7226 Path: 0.3404 | 1.0s
  Epoch 778/800 | Total: 4.237 Edge: 0.285 Con: 0.158 Cls: 0.940 Hist: 0.7140 Path: 0.3392 | 1.0s
  Epoch 779/800 | Total: 4.253 Edge: 0.287 Con: 0.161 Cls: 0.945 Hist: 0.7133 Path: 0.3367 | 1.0s
  Epoch 780/800 | Total: 4.239 Edge: 0.285 Con: 0.160 Cls: 0.941 Hist: 0.7128 Path: 0.3398 | Val F1: 0.4340 | 1.0s
  Epoch 781/800 | Total: 4.300 Edge: 0.287 Con: 0.160 Cls: 0.958 Hist: 0.7174 Path: 0.3407 | 1.0s
  Epoch 782/800 | Total: 4.291 Edge: 0.288 Con: 0.159 Cls: 0.953 Hist: 0.7274 Path: 0.3364 | 1.0s
  Epoch 783/800 | Total: 4.307 Edge: 0.295 Con: 0.161 Cls: 0.955 Hist: 0.7245 Path: 0.3436 | 1.0s
  Epoch 784/800 | Total: 4.305 Edge: 0.289 Con: 0.156 Cls: 0.957 Hist: 0.7236 Path: 0.3420 | 1.0s
  Epoch 785/800 | Total: 4.221 Edge: 0.290 Con: 0.157 Cls: 0.931 Hist: 0.7099 Path: 0.3478 | Val F1: 0.4283 | 1.0s
  Epoch 786/800 | Total: 4.230 Edge: 0.288 Con: 0.159 Cls: 0.937 Hist: 0.7046 Path: 0.3468 | 1.0s
  Epoch 787/800 | Total: 4.169 Edge: 0.285 Con: 0.158 Cls: 0.920 Hist: 0.7021 Path: 0.3426 | 1.0s
  Epoch 788/800 | Total: 4.203 Edge: 0.283 Con: 0.159 Cls: 0.935 Hist: 0.7045 Path: 0.3305 | 1.0s
  Epoch 789/800 | Total: 4.219 Edge: 0.283 Con: 0.158 Cls: 0.939 Hist: 0.7075 Path: 0.3318 | 1.0s
  Epoch 790/800 | Total: 4.205 Edge: 0.284 Con: 0.156 Cls: 0.934 Hist: 0.7053 Path: 0.3344 | Val F1: 0.4238 | 1.0s
  Epoch 791/800 | Total: 4.280 Edge: 0.287 Con: 0.159 Cls: 0.954 Hist: 0.7153 Path: 0.3362 | 1.0s
  Epoch 792/800 | Total: 4.429 Edge: 0.297 Con: 0.160 Cls: 0.990 Hist: 0.7377 Path: 0.3438 | 1.0s
  Epoch 793/800 | Total: 4.502 Edge: 0.310 Con: 0.158 Cls: 1.005 Hist: 0.7497 Path: 0.3490 | 1.0s
  Epoch 794/800 | Total: 4.313 Edge: 0.305 Con: 0.158 Cls: 0.953 Hist: 0.7142 Path: 0.3564 | 1.0s
  Epoch 795/800 | Total: 4.229 Edge: 0.300 Con: 0.158 Cls: 0.932 Hist: 0.7016 Path: 0.3517 | Val F1: 0.4273 | 1.0s
  Epoch 796/800 | Total: 4.212 Edge: 0.293 Con: 0.159 Cls: 0.932 Hist: 0.7021 Path: 0.3423 | 1.0s
  Epoch 797/800 | Total: 4.181 Edge: 0.289 Con: 0.159 Cls: 0.925 Hist: 0.6989 Path: 0.3386 | 1.0s
  Epoch 798/800 | Total: 4.226 Edge: 0.288 Con: 0.156 Cls: 0.934 Hist: 0.7113 Path: 0.3446 | 1.0s
  Epoch 799/800 | Total: 4.238 Edge: 0.289 Con: 0.157 Cls: 0.940 Hist: 0.7085 Path: 0.3430 | 1.0s
  Epoch 800/800 | Total: 4.184 Edge: 0.284 Con: 0.160 Cls: 0.927 Hist: 0.7030 Path: 0.3359 | Val F1: 0.4214 | 1.0s
  Early stopping at epoch 800
  Best Val F1: 0.4354 | Test F1: 0.4254
  Total training time: 876.0s (14.6 min)

======================================================================
  Val  Macro-F1: 0.4354
  Test Macro-F1: 0.4254
  Test Accuracy: 0.6379
  Time: 877.9s
======================================================================

  Results saved to: results/NESS_ogbn-arxiv_MCAR_0.9_20260724_095803
