/home/erfan/MATE/venv/lib/python3.13/site-packages/outdated/__init__.py:36: UserWarning: pkg_resources is deprecated as an API. See https://setuptools.pypa.io/en/latest/pkg_resources.html. The pkg_resources package is slated for removal as early as 2025-11-30. Refrain from using this package or pin to Setuptools<81.
  from pkg_resources import parse_version
/home/erfan/MATE/ogbn_benchmarks/data_loader.py:96: UserWarning: Sparse invariant checks are implicitly disabled. Memory errors (e.g. SEGFAULT) will occur when operating on a sparse tensor which violates the invariants, but checks incur performance overhead. To silence this warning, explicitly opt in or out. See `torch.sparse.check_sparse_tensor_invariants.__doc__` for guidance.  (Triggered internally at /pytorch/aten/src/ATen/Context.cpp:760.)
  adj = torch.sparse_coo_tensor(edge_index, vals, (num_nodes, num_nodes)).coalesce()
======================================================================
  NESS | ogbn-arxiv | MCAR @ 95% | lr=0.001
======================================================================
[1/3] Loading ogbn-arxiv...
  169,343 nodes | 128 dims | 40 classes
[2/3] Simulating MCAR missingness...
Simulating MCAR missingness at 95% rate...
  MCAR: Uniform random selection
  Observable: 8,468 (5.0%)
  Masked: 160,875 (95.0%)
  Observable: 8,468 | Val: 80,437 | Test: 80,438
[3/3] Running NESS...
  Prefilling missing nodes via Feature Propagation (40 iters)...
  Partitioning graph into 20 clusters (cache_device=cpu)...
  Cached 20 clusters
  Training NESS for up to 800 epochs (patience=20)...
  Epoch 1/800 | Total: 11.459 Edge: 0.686 Con: 0.523 Cls: 3.504 | 1.1s
  Epoch 2/800 | Total: 10.093 Edge: 0.634 Con: 0.411 Cls: 3.084 | 0.8s
  Epoch 3/800 | Total: 9.852 Edge: 0.622 Con: 0.335 Cls: 3.021 | 0.8s
  Epoch 4/800 | Total: 9.572 Edge: 0.622 Con: 0.292 Cls: 2.935 | 0.8s
  Epoch 5/800 | Total: 9.266 Edge: 0.588 Con: 0.270 Cls: 2.848 | Val F1: 0.0278 | 0.8s
  Epoch 6/800 | Total: 8.841 Edge: 0.583 Con: 0.262 Cls: 2.709 | 0.8s
  Epoch 7/800 | Total: 8.352 Edge: 0.573 Con: 0.257 Cls: 2.550 | 0.8s
  Epoch 8/800 | Total: 8.123 Edge: 0.552 Con: 0.249 Cls: 2.482 | 0.8s
  Epoch 9/800 | Total: 7.902 Edge: 0.553 Con: 0.241 Cls: 2.410 | 0.8s
  Epoch 10/800 | Total: 7.865 Edge: 0.544 Con: 0.233 Cls: 2.402 | Val F1: 0.0879 | 0.8s
  Epoch 11/800 | Total: 7.393 Edge: 0.505 Con: 0.227 Cls: 2.258 | 0.8s
  Epoch 12/800 | Total: 7.141 Edge: 0.506 Con: 0.220 Cls: 2.175 | 0.8s
  Epoch 13/800 | Total: 7.358 Edge: 0.511 Con: 0.219 Cls: 2.246 | 0.8s
  Epoch 14/800 | Total: 7.637 Edge: 0.535 Con: 0.219 Cls: 2.331 | 0.8s
  Epoch 15/800 | Total: 7.490 Edge: 0.515 Con: 0.212 Cls: 2.290 | Val F1: 0.1014 | 0.8s
  Epoch 16/800 | Total: 7.298 Edge: 0.487 Con: 0.208 Cls: 2.235 | 0.8s
  Epoch 17/800 | Total: 6.981 Edge: 0.491 Con: 0.204 Cls: 2.129 | 0.8s
  Epoch 18/800 | Total: 6.869 Edge: 0.490 Con: 0.198 Cls: 2.094 | 0.8s
  Epoch 19/800 | Total: 6.584 Edge: 0.478 Con: 0.197 Cls: 2.002 | 0.8s
  Epoch 20/800 | Total: 6.633 Edge: 0.482 Con: 0.196 Cls: 2.018 | Val F1: 0.1179 | 0.8s
  Epoch 21/800 | Total: 6.474 Edge: 0.476 Con: 0.193 Cls: 1.967 | 0.8s
  Epoch 22/800 | Total: 6.611 Edge: 0.492 Con: 0.187 Cls: 2.008 | 0.8s
  Epoch 23/800 | Total: 6.638 Edge: 0.492 Con: 0.187 Cls: 2.018 | 0.8s
  Epoch 24/800 | Total: 6.460 Edge: 0.472 Con: 0.186 Cls: 1.965 | 0.8s
  Epoch 25/800 | Total: 6.645 Edge: 0.475 Con: 0.192 Cls: 2.025 | Val F1: 0.1338 | 0.8s
  Epoch 26/800 | Total: 6.452 Edge: 0.468 Con: 0.184 Cls: 1.964 | 0.8s
  Epoch 27/800 | Total: 6.459 Edge: 0.471 Con: 0.187 Cls: 1.965 | 0.8s
  Epoch 28/800 | Total: 6.878 Edge: 0.479 Con: 0.189 Cls: 2.101 | 0.8s
  Epoch 29/800 | Total: 6.318 Edge: 0.465 Con: 0.187 Cls: 1.920 | 0.8s
  Epoch 30/800 | Total: 6.210 Edge: 0.459 Con: 0.181 Cls: 1.887 | Val F1: 0.1365 | 0.8s
  Epoch 31/800 | Total: 5.988 Edge: 0.463 Con: 0.179 Cls: 1.812 | 0.8s
  Epoch 32/800 | Total: 5.851 Edge: 0.448 Con: 0.174 Cls: 1.772 | 0.8s
  Epoch 33/800 | Total: 5.875 Edge: 0.441 Con: 0.176 Cls: 1.782 | 0.8s
  Epoch 34/800 | Total: 5.983 Edge: 0.441 Con: 0.178 Cls: 1.818 | 0.8s
  Epoch 35/800 | Total: 5.961 Edge: 0.445 Con: 0.174 Cls: 1.810 | Val F1: 0.1715 | 0.8s
  Epoch 36/800 | Total: 5.873 Edge: 0.433 Con: 0.173 Cls: 1.785 | 0.8s
  Epoch 37/800 | Total: 5.876 Edge: 0.440 Con: 0.177 Cls: 1.783 | 0.8s
  Epoch 38/800 | Total: 5.975 Edge: 0.476 Con: 0.178 Cls: 1.804 | 0.8s
  Epoch 39/800 | Total: 5.860 Edge: 0.454 Con: 0.175 Cls: 1.773 | 0.8s
  Epoch 40/800 | Total: 5.965 Edge: 0.465 Con: 0.175 Cls: 1.804 | Val F1: 0.1612 | 0.8s
  Epoch 41/800 | Total: 6.031 Edge: 0.441 Con: 0.174 Cls: 1.834 | 0.8s
  Epoch 42/800 | Total: 6.225 Edge: 0.442 Con: 0.175 Cls: 1.898 | 0.8s
  Epoch 43/800 | Total: 5.738 Edge: 0.435 Con: 0.173 Cls: 1.739 | 0.8s
  Epoch 44/800 | Total: 5.809 Edge: 0.434 Con: 0.171 Cls: 1.763 | 0.8s
  Epoch 45/800 | Total: 5.713 Edge: 0.442 Con: 0.170 Cls: 1.728 | Val F1: 0.1637 | 0.8s
  Epoch 46/800 | Total: 5.561 Edge: 0.439 Con: 0.170 Cls: 1.679 | 0.8s
  Epoch 47/800 | Total: 5.586 Edge: 0.423 Con: 0.171 Cls: 1.693 | 0.8s
  Epoch 48/800 | Total: 5.563 Edge: 0.424 Con: 0.171 Cls: 1.685 | 0.8s
  Epoch 49/800 | Total: 5.486 Edge: 0.415 Con: 0.168 Cls: 1.662 | 0.8s
  Epoch 50/800 | Total: 5.352 Edge: 0.416 Con: 0.170 Cls: 1.617 | Val F1: 0.1941 | 0.8s
  Epoch 51/800 | Total: 5.286 Edge: 0.414 Con: 0.171 Cls: 1.596 | 0.8s
  Epoch 52/800 | Total: 5.586 Edge: 0.414 Con: 0.173 Cls: 1.695 | 0.8s
  Epoch 53/800 | Total: 6.126 Edge: 0.427 Con: 0.171 Cls: 1.871 | 0.8s
  Epoch 54/800 | Total: 5.346 Edge: 0.426 Con: 0.166 Cls: 1.612 | 0.8s
  Epoch 55/800 | Total: 5.364 Edge: 0.429 Con: 0.166 Cls: 1.617 | Val F1: 0.2014 | 0.8s
  Epoch 56/800 | Total: 5.292 Edge: 0.427 Con: 0.173 Cls: 1.593 | 0.8s
  Epoch 57/800 | Total: 5.233 Edge: 0.413 Con: 0.169 Cls: 1.579 | 0.8s
  Epoch 58/800 | Total: 5.160 Edge: 0.411 Con: 0.167 Cls: 1.555 | 0.8s
  Epoch 59/800 | Total: 5.115 Edge: 0.402 Con: 0.168 Cls: 1.543 | 0.8s
  Epoch 60/800 | Total: 5.359 Edge: 0.409 Con: 0.170 Cls: 1.622 | Val F1: 0.2143 | 0.8s
  Epoch 61/800 | Total: 5.408 Edge: 0.432 Con: 0.169 Cls: 1.631 | 0.8s
  Epoch 62/800 | Total: 5.232 Edge: 0.425 Con: 0.168 Cls: 1.574 | 0.8s
  Epoch 63/800 | Total: 5.275 Edge: 0.412 Con: 0.167 Cls: 1.594 | 0.8s
  Epoch 64/800 | Total: 5.102 Edge: 0.408 Con: 0.166 Cls: 1.537 | 0.8s
  Epoch 65/800 | Total: 5.064 Edge: 0.402 Con: 0.164 Cls: 1.527 | Val F1: 0.2203 | 0.8s
  Epoch 66/800 | Total: 5.358 Edge: 0.417 Con: 0.169 Cls: 1.619 | 0.8s
  Epoch 67/800 | Total: 5.333 Edge: 0.411 Con: 0.165 Cls: 1.613 | 0.8s
  Epoch 68/800 | Total: 5.054 Edge: 0.402 Con: 0.163 Cls: 1.524 | 0.8s
  Epoch 69/800 | Total: 5.182 Edge: 0.401 Con: 0.166 Cls: 1.566 | 0.8s
  Epoch 70/800 | Total: 5.014 Edge: 0.395 Con: 0.165 Cls: 1.512 | Val F1: 0.2150 | 0.8s
  Epoch 71/800 | Total: 5.049 Edge: 0.385 Con: 0.164 Cls: 1.527 | 0.8s
  Epoch 72/800 | Total: 5.392 Edge: 0.396 Con: 0.167 Cls: 1.638 | 0.8s
  Epoch 73/800 | Total: 5.216 Edge: 0.390 Con: 0.158 Cls: 1.582 | 0.8s
  Epoch 74/800 | Total: 5.128 Edge: 0.395 Con: 0.162 Cls: 1.551 | 0.8s
  Epoch 75/800 | Total: 5.055 Edge: 0.399 Con: 0.163 Cls: 1.525 | Val F1: 0.1921 | 0.8s
  Epoch 76/800 | Total: 5.198 Edge: 0.402 Con: 0.165 Cls: 1.571 | 0.8s
  Epoch 77/800 | Total: 5.089 Edge: 0.396 Con: 0.161 Cls: 1.538 | 0.8s
  Epoch 78/800 | Total: 4.944 Edge: 0.403 Con: 0.166 Cls: 1.486 | 0.8s
  Epoch 79/800 | Total: 4.944 Edge: 0.406 Con: 0.163 Cls: 1.486 | 0.8s
  Epoch 80/800 | Total: 4.858 Edge: 0.391 Con: 0.166 Cls: 1.461 | Val F1: 0.2554 | 0.8s
  Epoch 81/800 | Total: 4.890 Edge: 0.383 Con: 0.165 Cls: 1.475 | 0.8s
  Epoch 82/800 | Total: 4.804 Edge: 0.386 Con: 0.162 Cls: 1.446 | 0.8s
  Epoch 83/800 | Total: 4.776 Edge: 0.383 Con: 0.165 Cls: 1.437 | 0.8s
  Epoch 84/800 | Total: 4.878 Edge: 0.380 Con: 0.161 Cls: 1.472 | 0.8s
  Epoch 85/800 | Total: 4.844 Edge: 0.384 Con: 0.159 Cls: 1.460 | Val F1: 0.2296 | 0.8s
  Epoch 86/800 | Total: 4.817 Edge: 0.379 Con: 0.160 Cls: 1.453 | 0.8s
  Epoch 87/800 | Total: 4.667 Edge: 0.379 Con: 0.161 Cls: 1.402 | 0.8s
  Epoch 88/800 | Total: 4.772 Edge: 0.378 Con: 0.164 Cls: 1.437 | 0.8s
  Epoch 89/800 | Total: 4.779 Edge: 0.384 Con: 0.162 Cls: 1.438 | 0.8s
  Epoch 90/800 | Total: 4.919 Edge: 0.397 Con: 0.163 Cls: 1.480 | Val F1: 0.2370 | 0.8s
  Epoch 91/800 | Total: 4.799 Edge: 0.386 Con: 0.163 Cls: 1.444 | 0.8s
  Epoch 92/800 | Total: 4.799 Edge: 0.380 Con: 0.158 Cls: 1.447 | 0.8s
  Epoch 93/800 | Total: 4.789 Edge: 0.377 Con: 0.160 Cls: 1.444 | 0.8s
  Epoch 94/800 | Total: 4.801 Edge: 0.381 Con: 0.162 Cls: 1.446 | 0.8s
  Epoch 95/800 | Total: 4.673 Edge: 0.379 Con: 0.159 Cls: 1.405 | Val F1: 0.2551 | 0.8s
  Epoch 96/800 | Total: 4.672 Edge: 0.376 Con: 0.160 Cls: 1.405 | 0.8s
  Epoch 97/800 | Total: 4.663 Edge: 0.368 Con: 0.161 Cls: 1.405 | 0.8s
  Epoch 98/800 | Total: 4.650 Edge: 0.372 Con: 0.159 Cls: 1.400 | 0.8s
  Epoch 99/800 | Total: 4.651 Edge: 0.372 Con: 0.158 Cls: 1.400 | 0.8s
  Epoch 100/800 | Total: 4.781 Edge: 0.373 Con: 0.160 Cls: 1.443 | Val F1: 0.2543 | 0.8s
  Epoch 101/800 | Total: 5.193 Edge: 0.390 Con: 0.162 Cls: 1.574 | 0.8s
  Epoch 102/800 | Total: 4.708 Edge: 0.371 Con: 0.160 Cls: 1.419 | 0.8s
  Epoch 103/800 | Total: 4.646 Edge: 0.372 Con: 0.157 Cls: 1.398 | 0.8s
  Epoch 104/800 | Total: 4.733 Edge: 0.375 Con: 0.161 Cls: 1.426 | 0.8s
  Epoch 105/800 | Total: 4.992 Edge: 0.377 Con: 0.158 Cls: 1.512 | Val F1: 0.2431 | 0.8s
  Epoch 106/800 | Total: 4.800 Edge: 0.394 Con: 0.156 Cls: 1.443 | 0.8s
  Epoch 107/800 | Total: 4.584 Edge: 0.386 Con: 0.156 Cls: 1.373 | 0.8s
  Epoch 108/800 | Total: 4.679 Edge: 0.389 Con: 0.158 Cls: 1.404 | 0.8s
  Epoch 109/800 | Total: 4.648 Edge: 0.376 Con: 0.155 Cls: 1.398 | 0.8s
  Epoch 110/800 | Total: 4.661 Edge: 0.379 Con: 0.157 Cls: 1.401 | Val F1: 0.2716 | 0.8s
  Epoch 111/800 | Total: 4.567 Edge: 0.376 Con: 0.159 Cls: 1.371 | 0.8s
  Epoch 112/800 | Total: 4.595 Edge: 0.374 Con: 0.159 Cls: 1.380 | 0.8s
  Epoch 113/800 | Total: 4.586 Edge: 0.367 Con: 0.157 Cls: 1.380 | 0.8s
  Epoch 114/800 | Total: 4.509 Edge: 0.363 Con: 0.155 Cls: 1.356 | 0.8s
  Epoch 115/800 | Total: 4.498 Edge: 0.364 Con: 0.156 Cls: 1.352 | Val F1: 0.2697 | 0.8s
  Epoch 116/800 | Total: 4.503 Edge: 0.368 Con: 0.156 Cls: 1.353 | 0.8s
  Epoch 117/800 | Total: 4.478 Edge: 0.367 Con: 0.157 Cls: 1.344 | 0.8s
  Epoch 118/800 | Total: 4.386 Edge: 0.366 Con: 0.156 Cls: 1.314 | 0.8s
  Epoch 119/800 | Total: 4.473 Edge: 0.364 Con: 0.156 Cls: 1.344 | 0.8s
  Epoch 120/800 | Total: 4.492 Edge: 0.360 Con: 0.153 Cls: 1.352 | Val F1: 0.2827 | 0.8s
  Epoch 121/800 | Total: 4.443 Edge: 0.359 Con: 0.155 Cls: 1.335 | 0.8s
  Epoch 122/800 | Total: 4.356 Edge: 0.358 Con: 0.155 Cls: 1.307 | 0.8s
  Epoch 123/800 | Total: 4.380 Edge: 0.361 Con: 0.154 Cls: 1.314 | 0.8s
  Epoch 124/800 | Total: 4.568 Edge: 0.375 Con: 0.157 Cls: 1.372 | 0.8s
  Epoch 125/800 | Total: 4.473 Edge: 0.372 Con: 0.156 Cls: 1.341 | Val F1: 0.2818 | 0.8s
  Epoch 126/800 | Total: 4.441 Edge: 0.369 Con: 0.152 Cls: 1.332 | 0.8s
  Epoch 127/800 | Total: 4.615 Edge: 0.371 Con: 0.159 Cls: 1.388 | 0.8s
  Epoch 128/800 | Total: 4.959 Edge: 0.401 Con: 0.158 Cls: 1.493 | 0.8s
  Epoch 129/800 | Total: 4.737 Edge: 0.392 Con: 0.158 Cls: 1.422 | 0.8s
  Epoch 130/800 | Total: 4.578 Edge: 0.380 Con: 0.157 Cls: 1.373 | Val F1: 0.2895 | 0.8s
  Epoch 131/800 | Total: 4.448 Edge: 0.365 Con: 0.155 Cls: 1.335 | 0.8s
  Epoch 132/800 | Total: 4.370 Edge: 0.358 Con: 0.154 Cls: 1.311 | 0.8s
  Epoch 133/800 | Total: 4.314 Edge: 0.361 Con: 0.155 Cls: 1.292 | 0.8s
  Epoch 134/800 | Total: 4.310 Edge: 0.354 Con: 0.154 Cls: 1.293 | 0.8s
  Epoch 135/800 | Total: 4.289 Edge: 0.357 Con: 0.154 Cls: 1.285 | Val F1: 0.2868 | 0.8s
  Epoch 136/800 | Total: 4.333 Edge: 0.360 Con: 0.156 Cls: 1.298 | 0.8s
  Epoch 137/800 | Total: 4.400 Edge: 0.360 Con: 0.155 Cls: 1.321 | 0.8s
  Epoch 138/800 | Total: 4.337 Edge: 0.359 Con: 0.156 Cls: 1.300 | 0.8s
  Epoch 139/800 | Total: 4.312 Edge: 0.358 Con: 0.156 Cls: 1.292 | 0.8s
  Epoch 140/800 | Total: 4.318 Edge: 0.351 Con: 0.151 Cls: 1.297 | Val F1: 0.2927 | 0.8s
  Epoch 141/800 | Total: 4.330 Edge: 0.356 Con: 0.156 Cls: 1.298 | 0.8s
  Epoch 142/800 | Total: 4.293 Edge: 0.354 Con: 0.157 Cls: 1.287 | 0.8s
  Epoch 143/800 | Total: 4.563 Edge: 0.363 Con: 0.158 Cls: 1.374 | 0.8s
  Epoch 144/800 | Total: 4.607 Edge: 0.380 Con: 0.158 Cls: 1.382 | 0.8s
  Epoch 145/800 | Total: 4.505 Edge: 0.380 Con: 0.155 Cls: 1.349 | Val F1: 0.2749 | 0.8s
  Epoch 146/800 | Total: 4.442 Edge: 0.381 Con: 0.155 Cls: 1.328 | 0.8s
  Epoch 147/800 | Total: 4.561 Edge: 0.377 Con: 0.156 Cls: 1.369 | 0.8s
  Epoch 148/800 | Total: 4.922 Edge: 0.391 Con: 0.157 Cls: 1.484 | 0.8s
  Epoch 149/800 | Total: 4.621 Edge: 0.380 Con: 0.157 Cls: 1.388 | 0.8s
  Epoch 150/800 | Total: 4.363 Edge: 0.366 Con: 0.153 Cls: 1.307 | Val F1: 0.2634 | 0.8s
  Epoch 151/800 | Total: 4.418 Edge: 0.359 Con: 0.155 Cls: 1.327 | 0.8s
  Epoch 152/800 | Total: 4.438 Edge: 0.356 Con: 0.156 Cls: 1.335 | 0.8s
  Epoch 153/800 | Total: 4.371 Edge: 0.358 Con: 0.159 Cls: 1.311 | 0.8s
  Epoch 154/800 | Total: 4.245 Edge: 0.360 Con: 0.156 Cls: 1.269 | 0.8s
  Epoch 155/800 | Total: 4.212 Edge: 0.362 Con: 0.154 Cls: 1.257 | Val F1: 0.2956 | 0.8s
  Epoch 156/800 | Total: 4.200 Edge: 0.355 Con: 0.155 Cls: 1.256 | 0.8s
  Epoch 157/800 | Total: 4.339 Edge: 0.361 Con: 0.153 Cls: 1.300 | 0.8s
  Epoch 158/800 | Total: 4.196 Edge: 0.359 Con: 0.154 Cls: 1.253 | 0.8s
  Epoch 159/800 | Total: 4.261 Edge: 0.359 Con: 0.153 Cls: 1.275 | 0.8s
  Epoch 160/800 | Total: 4.385 Edge: 0.361 Con: 0.154 Cls: 1.316 | Val F1: 0.3007 | 0.8s
  Epoch 161/800 | Total: 4.480 Edge: 0.364 Con: 0.154 Cls: 1.346 | 0.8s
  Epoch 162/800 | Total: 4.370 Edge: 0.377 Con: 0.157 Cls: 1.305 | 0.8s
  Epoch 163/800 | Total: 4.358 Edge: 0.369 Con: 0.154 Cls: 1.304 | 0.8s
  Epoch 164/800 | Total: 4.276 Edge: 0.360 Con: 0.153 Cls: 1.280 | 0.8s
  Epoch 165/800 | Total: 4.189 Edge: 0.359 Con: 0.153 Cls: 1.251 | Val F1: 0.3115 | 0.8s
  Epoch 166/800 | Total: 4.157 Edge: 0.356 Con: 0.153 Cls: 1.241 | 0.8s
  Epoch 167/800 | Total: 4.220 Edge: 0.351 Con: 0.154 Cls: 1.264 | 0.8s
  Epoch 168/800 | Total: 4.173 Edge: 0.348 Con: 0.152 Cls: 1.250 | 0.8s
  Epoch 169/800 | Total: 4.123 Edge: 0.349 Con: 0.152 Cls: 1.233 | 0.8s
  Epoch 170/800 | Total: 4.134 Edge: 0.352 Con: 0.154 Cls: 1.235 | Val F1: 0.3160 | 0.8s
  Epoch 171/800 | Total: 4.107 Edge: 0.346 Con: 0.155 Cls: 1.228 | 0.8s
  Epoch 172/800 | Total: 4.210 Edge: 0.350 Con: 0.153 Cls: 1.261 | 0.8s
  Epoch 173/800 | Total: 4.269 Edge: 0.358 Con: 0.151 Cls: 1.278 | 0.8s
  Epoch 174/800 | Total: 4.183 Edge: 0.356 Con: 0.154 Cls: 1.250 | 0.8s
  Epoch 175/800 | Total: 4.238 Edge: 0.362 Con: 0.153 Cls: 1.266 | Val F1: 0.2761 | 0.8s
  Epoch 176/800 | Total: 4.143 Edge: 0.364 Con: 0.155 Cls: 1.234 | 0.8s
  Epoch 177/800 | Total: 4.080 Edge: 0.361 Con: 0.150 Cls: 1.215 | 0.8s
  Epoch 178/800 | Total: 4.202 Edge: 0.353 Con: 0.154 Cls: 1.257 | 0.8s
  Epoch 179/800 | Total: 4.517 Edge: 0.367 Con: 0.155 Cls: 1.357 | 0.8s
  Epoch 180/800 | Total: 4.311 Edge: 0.367 Con: 0.153 Cls: 1.289 | Val F1: 0.3027 | 0.8s
  Epoch 181/800 | Total: 4.127 Edge: 0.361 Con: 0.154 Cls: 1.230 | 0.8s
  Epoch 182/800 | Total: 4.093 Edge: 0.346 Con: 0.155 Cls: 1.223 | 0.8s
  Epoch 183/800 | Total: 4.073 Edge: 0.344 Con: 0.152 Cls: 1.218 | 0.8s
  Epoch 184/800 | Total: 4.104 Edge: 0.342 Con: 0.152 Cls: 1.229 | 0.8s
  Epoch 185/800 | Total: 3.969 Edge: 0.340 Con: 0.151 Cls: 1.184 | Val F1: 0.3263 | 0.8s
  Epoch 186/800 | Total: 3.984 Edge: 0.339 Con: 0.154 Cls: 1.190 | 0.8s
  Epoch 187/800 | Total: 4.048 Edge: 0.345 Con: 0.152 Cls: 1.209 | 0.8s
  Epoch 188/800 | Total: 4.043 Edge: 0.351 Con: 0.152 Cls: 1.205 | 0.8s
  Epoch 189/800 | Total: 4.062 Edge: 0.342 Con: 0.154 Cls: 1.214 | 0.8s
  Epoch 190/800 | Total: 4.204 Edge: 0.359 Con: 0.152 Cls: 1.256 | Val F1: 0.2932 | 0.8s
  Epoch 191/800 | Total: 4.217 Edge: 0.354 Con: 0.152 Cls: 1.262 | 0.8s
  Epoch 192/800 | Total: 4.077 Edge: 0.355 Con: 0.155 Cls: 1.215 | 0.8s
  Epoch 193/800 | Total: 4.018 Edge: 0.349 Con: 0.153 Cls: 1.198 | 0.8s
  Epoch 194/800 | Total: 4.026 Edge: 0.346 Con: 0.151 Cls: 1.201 | 0.8s
  Epoch 195/800 | Total: 4.007 Edge: 0.347 Con: 0.151 Cls: 1.195 | Val F1: 0.2798 | 0.8s
  Epoch 196/800 | Total: 4.340 Edge: 0.357 Con: 0.155 Cls: 1.302 | 0.8s
  Epoch 197/800 | Total: 4.062 Edge: 0.350 Con: 0.152 Cls: 1.212 | 0.8s
  Epoch 198/800 | Total: 4.049 Edge: 0.354 Con: 0.155 Cls: 1.206 | 0.8s
  Epoch 199/800 | Total: 4.105 Edge: 0.348 Con: 0.152 Cls: 1.227 | 0.8s
  Epoch 200/800 | Total: 4.044 Edge: 0.346 Con: 0.152 Cls: 1.207 | Val F1: 0.3241 | 0.8s
  Epoch 201/800 | Total: 4.015 Edge: 0.346 Con: 0.154 Cls: 1.197 | 0.8s
  Epoch 202/800 | Total: 4.199 Edge: 0.345 Con: 0.152 Cls: 1.259 | 0.8s
  Epoch 203/800 | Total: 4.164 Edge: 0.349 Con: 0.153 Cls: 1.246 | 0.8s
  Epoch 204/800 | Total: 4.348 Edge: 0.344 Con: 0.150 Cls: 1.310 | 0.8s
  Epoch 205/800 | Total: 4.279 Edge: 0.351 Con: 0.155 Cls: 1.284 | Val F1: 0.3132 | 0.8s
  Epoch 206/800 | Total: 4.138 Edge: 0.352 Con: 0.157 Cls: 1.236 | 0.8s
  Epoch 207/800 | Total: 4.028 Edge: 0.342 Con: 0.154 Cls: 1.203 | 0.8s
  Epoch 208/800 | Total: 4.031 Edge: 0.344 Con: 0.154 Cls: 1.203 | 0.8s
  Epoch 209/800 | Total: 3.942 Edge: 0.341 Con: 0.152 Cls: 1.175 | 0.8s
  Epoch 210/800 | Total: 3.957 Edge: 0.343 Con: 0.153 Cls: 1.179 | Val F1: 0.3124 | 0.8s
  Epoch 211/800 | Total: 3.968 Edge: 0.343 Con: 0.152 Cls: 1.183 | 0.8s
  Epoch 212/800 | Total: 3.968 Edge: 0.343 Con: 0.152 Cls: 1.183 | 0.8s
  Epoch 213/800 | Total: 4.167 Edge: 0.348 Con: 0.153 Cls: 1.248 | 0.8s
  Epoch 214/800 | Total: 4.061 Edge: 0.348 Con: 0.154 Cls: 1.212 | 0.8s
  Epoch 215/800 | Total: 4.070 Edge: 0.349 Con: 0.153 Cls: 1.215 | Val F1: 0.3070 | 0.8s
  Epoch 216/800 | Total: 3.955 Edge: 0.347 Con: 0.152 Cls: 1.177 | 0.8s
  Epoch 217/800 | Total: 3.894 Edge: 0.341 Con: 0.152 Cls: 1.159 | 0.8s
  Epoch 218/800 | Total: 3.911 Edge: 0.339 Con: 0.154 Cls: 1.165 | 0.8s
  Epoch 219/800 | Total: 4.020 Edge: 0.340 Con: 0.154 Cls: 1.201 | 0.8s
  Epoch 220/800 | Total: 4.058 Edge: 0.338 Con: 0.153 Cls: 1.214 | Val F1: 0.3213 | 0.8s
  Epoch 221/800 | Total: 3.984 Edge: 0.339 Con: 0.152 Cls: 1.190 | 0.8s
  Epoch 222/800 | Total: 3.944 Edge: 0.342 Con: 0.152 Cls: 1.175 | 0.8s
  Epoch 223/800 | Total: 3.965 Edge: 0.348 Con: 0.150 Cls: 1.181 | 0.8s
  Epoch 224/800 | Total: 3.887 Edge: 0.339 Con: 0.152 Cls: 1.157 | 0.8s
  Epoch 225/800 | Total: 3.873 Edge: 0.336 Con: 0.150 Cls: 1.154 | Val F1: 0.3268 | 0.8s
  Epoch 226/800 | Total: 4.217 Edge: 0.352 Con: 0.155 Cls: 1.263 | 0.8s
  Epoch 227/800 | Total: 4.358 Edge: 0.399 Con: 0.155 Cls: 1.294 | 0.8s
  Epoch 228/800 | Total: 4.444 Edge: 0.369 Con: 0.158 Cls: 1.332 | 0.8s
  Epoch 229/800 | Total: 4.214 Edge: 0.359 Con: 0.152 Cls: 1.260 | 0.8s
  Epoch 230/800 | Total: 4.149 Edge: 0.358 Con: 0.151 Cls: 1.238 | Val F1: 0.3215 | 0.8s
  Epoch 231/800 | Total: 3.999 Edge: 0.349 Con: 0.149 Cls: 1.192 | 0.8s
  Epoch 232/800 | Total: 3.926 Edge: 0.345 Con: 0.155 Cls: 1.168 | 0.8s
  Epoch 233/800 | Total: 3.902 Edge: 0.341 Con: 0.152 Cls: 1.162 | 0.8s
  Epoch 234/800 | Total: 4.093 Edge: 0.343 Con: 0.151 Cls: 1.225 | 0.8s
  Epoch 235/800 | Total: 3.929 Edge: 0.345 Con: 0.152 Cls: 1.169 | Val F1: 0.3158 | 0.8s
  Epoch 236/800 | Total: 3.976 Edge: 0.347 Con: 0.151 Cls: 1.185 | 0.8s
  Epoch 237/800 | Total: 4.045 Edge: 0.346 Con: 0.152 Cls: 1.208 | 0.8s
  Epoch 238/800 | Total: 3.867 Edge: 0.340 Con: 0.151 Cls: 1.150 | 0.8s
  Epoch 239/800 | Total: 3.792 Edge: 0.338 Con: 0.152 Cls: 1.126 | 0.8s
  Epoch 240/800 | Total: 3.843 Edge: 0.336 Con: 0.152 Cls: 1.144 | Val F1: 0.3157 | 0.8s
  Epoch 241/800 | Total: 3.896 Edge: 0.337 Con: 0.151 Cls: 1.161 | 0.8s
  Epoch 242/800 | Total: 4.021 Edge: 0.342 Con: 0.149 Cls: 1.202 | 0.8s
  Epoch 243/800 | Total: 3.949 Edge: 0.342 Con: 0.152 Cls: 1.177 | 0.8s
  Epoch 244/800 | Total: 3.906 Edge: 0.333 Con: 0.150 Cls: 1.166 | 0.8s
  Epoch 245/800 | Total: 3.916 Edge: 0.335 Con: 0.152 Cls: 1.168 | Val F1: 0.3170 | 0.8s
  Epoch 246/800 | Total: 3.781 Edge: 0.336 Con: 0.151 Cls: 1.123 | 0.8s
  Epoch 247/800 | Total: 3.848 Edge: 0.334 Con: 0.152 Cls: 1.146 | 0.8s
  Epoch 248/800 | Total: 3.757 Edge: 0.334 Con: 0.149 Cls: 1.116 | 0.8s
  Epoch 249/800 | Total: 3.844 Edge: 0.334 Con: 0.152 Cls: 1.145 | 0.8s
  Epoch 250/800 | Total: 3.921 Edge: 0.337 Con: 0.150 Cls: 1.170 | Val F1: 0.3344 | 0.8s
  Epoch 251/800 | Total: 3.941 Edge: 0.339 Con: 0.151 Cls: 1.176 | 0.8s
  Epoch 252/800 | Total: 3.892 Edge: 0.332 Con: 0.148 Cls: 1.162 | 0.8s
  Epoch 253/800 | Total: 4.007 Edge: 0.339 Con: 0.151 Cls: 1.197 | 0.8s
  Epoch 254/800 | Total: 3.841 Edge: 0.334 Con: 0.151 Cls: 1.144 | 0.8s
  Epoch 255/800 | Total: 3.775 Edge: 0.330 Con: 0.152 Cls: 1.123 | Val F1: 0.3303 | 0.8s
  Epoch 256/800 | Total: 3.866 Edge: 0.339 Con: 0.151 Cls: 1.151 | 0.8s
  Epoch 257/800 | Total: 3.870 Edge: 0.337 Con: 0.151 Cls: 1.153 | 0.8s
  Epoch 258/800 | Total: 3.748 Edge: 0.345 Con: 0.153 Cls: 1.109 | 0.8s
  Epoch 259/800 | Total: 3.832 Edge: 0.344 Con: 0.149 Cls: 1.138 | 0.8s
  Epoch 260/800 | Total: 3.745 Edge: 0.339 Con: 0.150 Cls: 1.110 | Val F1: 0.3258 | 0.8s
  Epoch 261/800 | Total: 3.798 Edge: 0.337 Con: 0.152 Cls: 1.129 | 0.8s
  Epoch 262/800 | Total: 3.798 Edge: 0.333 Con: 0.149 Cls: 1.130 | 0.8s
  Epoch 263/800 | Total: 3.796 Edge: 0.338 Con: 0.151 Cls: 1.127 | 0.8s
  Epoch 264/800 | Total: 3.763 Edge: 0.336 Con: 0.149 Cls: 1.117 | 0.8s
  Epoch 265/800 | Total: 3.777 Edge: 0.331 Con: 0.148 Cls: 1.124 | Val F1: 0.3338 | 0.8s
  Epoch 266/800 | Total: 3.764 Edge: 0.333 Con: 0.151 Cls: 1.119 | 0.8s
  Epoch 267/800 | Total: 3.728 Edge: 0.331 Con: 0.150 Cls: 1.108 | 0.8s
  Epoch 268/800 | Total: 3.721 Edge: 0.327 Con: 0.151 Cls: 1.106 | 0.8s
  Epoch 269/800 | Total: 3.656 Edge: 0.325 Con: 0.150 Cls: 1.085 | 0.8s
  Epoch 270/800 | Total: 3.699 Edge: 0.327 Con: 0.150 Cls: 1.099 | Val F1: 0.3201 | 0.8s
  Epoch 271/800 | Total: 3.670 Edge: 0.331 Con: 0.151 Cls: 1.088 | 0.8s
  Epoch 272/800 | Total: 3.707 Edge: 0.333 Con: 0.151 Cls: 1.100 | 0.8s
  Epoch 273/800 | Total: 3.832 Edge: 0.335 Con: 0.151 Cls: 1.140 | 0.8s
  Epoch 274/800 | Total: 3.737 Edge: 0.332 Con: 0.147 Cls: 1.111 | 0.8s
  Epoch 275/800 | Total: 3.723 Edge: 0.333 Con: 0.152 Cls: 1.105 | Val F1: 0.3360 | 0.8s
  Epoch 276/800 | Total: 3.765 Edge: 0.335 Con: 0.150 Cls: 1.118 | 0.8s
  Epoch 277/800 | Total: 4.060 Edge: 0.339 Con: 0.149 Cls: 1.215 | 0.8s
  Epoch 278/800 | Total: 3.918 Edge: 0.343 Con: 0.151 Cls: 1.167 | 0.8s
  Epoch 279/800 | Total: 4.125 Edge: 0.347 Con: 0.151 Cls: 1.234 | 0.8s
  Epoch 280/800 | Total: 3.996 Edge: 0.347 Con: 0.152 Cls: 1.191 | Val F1: 0.3187 | 0.8s
  Epoch 281/800 | Total: 3.841 Edge: 0.345 Con: 0.154 Cls: 1.140 | 0.8s
  Epoch 282/800 | Total: 3.825 Edge: 0.341 Con: 0.152 Cls: 1.136 | 0.8s
  Epoch 283/800 | Total: 3.778 Edge: 0.338 Con: 0.150 Cls: 1.122 | 0.8s
  Epoch 284/800 | Total: 3.881 Edge: 0.340 Con: 0.151 Cls: 1.155 | 0.8s
  Epoch 285/800 | Total: 3.865 Edge: 0.337 Con: 0.148 Cls: 1.151 | Val F1: 0.3365 | 0.8s
  Epoch 286/800 | Total: 3.932 Edge: 0.336 Con: 0.149 Cls: 1.174 | 0.8s
  Epoch 287/800 | Total: 3.882 Edge: 0.332 Con: 0.150 Cls: 1.159 | 0.8s
  Epoch 288/800 | Total: 3.776 Edge: 0.335 Con: 0.150 Cls: 1.122 | 0.8s
  Epoch 289/800 | Total: 3.698 Edge: 0.328 Con: 0.147 Cls: 1.099 | 0.8s
  Epoch 290/800 | Total: 3.673 Edge: 0.325 Con: 0.149 Cls: 1.091 | Val F1: 0.3417 | 0.8s
  Epoch 291/800 | Total: 3.749 Edge: 0.330 Con: 0.150 Cls: 1.115 | 0.8s
  Epoch 292/800 | Total: 3.677 Edge: 0.325 Con: 0.148 Cls: 1.093 | 0.8s
  Epoch 293/800 | Total: 3.709 Edge: 0.330 Con: 0.148 Cls: 1.102 | 0.8s
  Epoch 294/800 | Total: 3.702 Edge: 0.343 Con: 0.150 Cls: 1.095 | 0.8s
  Epoch 295/800 | Total: 3.697 Edge: 0.342 Con: 0.149 Cls: 1.094 | Val F1: 0.3404 | 0.8s
  Epoch 296/800 | Total: 3.638 Edge: 0.338 Con: 0.148 Cls: 1.075 | 0.8s
  Epoch 297/800 | Total: 3.703 Edge: 0.335 Con: 0.150 Cls: 1.098 | 0.8s
  Epoch 298/800 | Total: 3.736 Edge: 0.339 Con: 0.151 Cls: 1.107 | 0.8s
  Epoch 299/800 | Total: 3.823 Edge: 0.340 Con: 0.150 Cls: 1.136 | 0.8s
  Epoch 300/800 | Total: 3.719 Edge: 0.333 Con: 0.149 Cls: 1.104 | Val F1: 0.3300 | 0.8s
  Epoch 301/800 | Total: 3.823 Edge: 0.334 Con: 0.149 Cls: 1.138 | 0.8s
  Epoch 302/800 | Total: 3.699 Edge: 0.326 Con: 0.148 Cls: 1.100 | 0.8s
  Epoch 303/800 | Total: 3.704 Edge: 0.333 Con: 0.148 Cls: 1.099 | 0.8s
  Epoch 304/800 | Total: 3.704 Edge: 0.332 Con: 0.149 Cls: 1.099 | 0.8s
  Epoch 305/800 | Total: 3.605 Edge: 0.328 Con: 0.149 Cls: 1.068 | Val F1: 0.3369 | 0.8s
  Epoch 306/800 | Total: 3.760 Edge: 0.328 Con: 0.151 Cls: 1.119 | 0.8s
  Epoch 307/800 | Total: 3.680 Edge: 0.329 Con: 0.148 Cls: 1.092 | 0.8s
  Epoch 308/800 | Total: 3.651 Edge: 0.329 Con: 0.149 Cls: 1.082 | 0.8s
  Epoch 309/800 | Total: 3.642 Edge: 0.333 Con: 0.151 Cls: 1.078 | 0.8s
  Epoch 310/800 | Total: 3.612 Edge: 0.331 Con: 0.150 Cls: 1.068 | Val F1: 0.3396 | 0.8s
  Epoch 311/800 | Total: 3.561 Edge: 0.337 Con: 0.148 Cls: 1.050 | 0.8s
  Epoch 312/800 | Total: 3.785 Edge: 0.330 Con: 0.150 Cls: 1.127 | 0.8s
  Epoch 313/800 | Total: 3.655 Edge: 0.334 Con: 0.151 Cls: 1.082 | 0.8s
  Epoch 314/800 | Total: 3.686 Edge: 0.329 Con: 0.146 Cls: 1.095 | 0.8s
  Epoch 315/800 | Total: 3.644 Edge: 0.327 Con: 0.147 Cls: 1.081 | Val F1: 0.3384 | 0.8s
  Epoch 316/800 | Total: 3.534 Edge: 0.323 Con: 0.150 Cls: 1.045 | 0.8s
  Epoch 317/800 | Total: 3.568 Edge: 0.321 Con: 0.148 Cls: 1.057 | 0.8s
  Epoch 318/800 | Total: 3.640 Edge: 0.320 Con: 0.149 Cls: 1.082 | 0.8s
  Epoch 319/800 | Total: 3.547 Edge: 0.322 Con: 0.149 Cls: 1.050 | 0.8s
  Epoch 320/800 | Total: 3.678 Edge: 0.323 Con: 0.151 Cls: 1.093 | Val F1: 0.3332 | 0.8s
  Epoch 321/800 | Total: 3.585 Edge: 0.328 Con: 0.150 Cls: 1.061 | 0.8s
  Epoch 322/800 | Total: 3.580 Edge: 0.326 Con: 0.149 Cls: 1.060 | 0.8s
  Epoch 323/800 | Total: 3.553 Edge: 0.323 Con: 0.153 Cls: 1.051 | 0.8s
  Epoch 324/800 | Total: 3.608 Edge: 0.325 Con: 0.150 Cls: 1.070 | 0.8s
  Epoch 325/800 | Total: 3.625 Edge: 0.324 Con: 0.151 Cls: 1.075 | Val F1: 0.3376 | 0.8s
  Epoch 326/800 | Total: 3.707 Edge: 0.328 Con: 0.150 Cls: 1.101 | 0.8s
  Epoch 327/800 | Total: 3.615 Edge: 0.333 Con: 0.149 Cls: 1.069 | 0.8s
  Epoch 328/800 | Total: 3.548 Edge: 0.332 Con: 0.151 Cls: 1.047 | 0.8s
  Epoch 329/800 | Total: 3.636 Edge: 0.331 Con: 0.151 Cls: 1.077 | 0.8s
  Epoch 330/800 | Total: 3.626 Edge: 0.331 Con: 0.153 Cls: 1.073 | Val F1: 0.3229 | 0.8s
  Epoch 331/800 | Total: 3.808 Edge: 0.344 Con: 0.154 Cls: 1.129 | 0.8s
  Epoch 332/800 | Total: 3.721 Edge: 0.340 Con: 0.149 Cls: 1.102 | 0.8s
  Epoch 333/800 | Total: 3.628 Edge: 0.328 Con: 0.149 Cls: 1.075 | 0.8s
  Epoch 334/800 | Total: 3.594 Edge: 0.327 Con: 0.148 Cls: 1.064 | 0.8s
  Epoch 335/800 | Total: 4.109 Edge: 0.335 Con: 0.150 Cls: 1.233 | Val F1: 0.3205 | 0.8s
  Epoch 336/800 | Total: 4.010 Edge: 0.348 Con: 0.156 Cls: 1.195 | 0.8s
  Epoch 337/800 | Total: 4.013 Edge: 0.356 Con: 0.152 Cls: 1.194 | 0.8s
  Epoch 338/800 | Total: 3.729 Edge: 0.349 Con: 0.149 Cls: 1.102 | 0.8s
  Epoch 339/800 | Total: 3.678 Edge: 0.342 Con: 0.151 Cls: 1.087 | 0.8s
  Epoch 340/800 | Total: 3.606 Edge: 0.336 Con: 0.150 Cls: 1.065 | Val F1: 0.3388 | 0.8s
  Epoch 341/800 | Total: 3.521 Edge: 0.329 Con: 0.152 Cls: 1.039 | 0.8s
  Epoch 342/800 | Total: 3.495 Edge: 0.327 Con: 0.148 Cls: 1.031 | 0.8s
  Epoch 343/800 | Total: 3.543 Edge: 0.323 Con: 0.148 Cls: 1.049 | 0.8s
  Epoch 344/800 | Total: 3.451 Edge: 0.321 Con: 0.150 Cls: 1.019 | 0.8s
  Epoch 345/800 | Total: 3.416 Edge: 0.318 Con: 0.149 Cls: 1.008 | Val F1: 0.3316 | 0.8s
  Epoch 346/800 | Total: 3.427 Edge: 0.318 Con: 0.151 Cls: 1.011 | 0.8s
  Epoch 347/800 | Total: 3.489 Edge: 0.320 Con: 0.151 Cls: 1.031 | 0.8s
  Epoch 348/800 | Total: 3.484 Edge: 0.326 Con: 0.149 Cls: 1.028 | 0.8s
  Epoch 349/800 | Total: 3.533 Edge: 0.328 Con: 0.151 Cls: 1.043 | 0.8s
  Epoch 350/800 | Total: 3.806 Edge: 0.335 Con: 0.152 Cls: 1.132 | Val F1: 0.3200 | 0.8s
  Epoch 351/800 | Total: 3.703 Edge: 0.333 Con: 0.154 Cls: 1.098 | 0.8s
  Epoch 352/800 | Total: 3.544 Edge: 0.330 Con: 0.149 Cls: 1.047 | 0.8s
  Epoch 353/800 | Total: 3.549 Edge: 0.323 Con: 0.151 Cls: 1.050 | 0.8s
  Epoch 354/800 | Total: 3.553 Edge: 0.320 Con: 0.147 Cls: 1.053 | 0.8s
  Epoch 355/800 | Total: 3.663 Edge: 0.328 Con: 0.150 Cls: 1.087 | Val F1: 0.3484 | 0.8s
  Epoch 356/800 | Total: 3.517 Edge: 0.326 Con: 0.152 Cls: 1.038 | 0.8s
  Epoch 357/800 | Total: 3.545 Edge: 0.326 Con: 0.149 Cls: 1.048 | 0.8s
  Epoch 358/800 | Total: 3.516 Edge: 0.323 Con: 0.150 Cls: 1.039 | 0.8s
  Epoch 359/800 | Total: 3.532 Edge: 0.331 Con: 0.150 Cls: 1.042 | 0.8s
  Epoch 360/800 | Total: 3.596 Edge: 0.336 Con: 0.149 Cls: 1.062 | Val F1: 0.3312 | 0.8s
  Epoch 361/800 | Total: 3.554 Edge: 0.331 Con: 0.150 Cls: 1.049 | 0.8s
  Epoch 362/800 | Total: 3.644 Edge: 0.331 Con: 0.152 Cls: 1.079 | 0.8s
  Epoch 363/800 | Total: 4.028 Edge: 0.355 Con: 0.155 Cls: 1.198 | 0.8s
  Epoch 364/800 | Total: 3.825 Edge: 0.345 Con: 0.152 Cls: 1.135 | 0.8s
  Epoch 365/800 | Total: 3.543 Edge: 0.334 Con: 0.151 Cls: 1.044 | Val F1: 0.3403 | 0.8s
  Epoch 366/800 | Total: 3.472 Edge: 0.330 Con: 0.150 Cls: 1.022 | 0.8s
  Epoch 367/800 | Total: 3.465 Edge: 0.328 Con: 0.150 Cls: 1.021 | 0.8s
  Epoch 368/800 | Total: 3.457 Edge: 0.328 Con: 0.151 Cls: 1.018 | 0.8s
  Epoch 369/800 | Total: 3.472 Edge: 0.323 Con: 0.148 Cls: 1.025 | 0.8s
  Epoch 370/800 | Total: 3.443 Edge: 0.321 Con: 0.151 Cls: 1.015 | Val F1: 0.3409 | 0.8s
  Epoch 371/800 | Total: 3.506 Edge: 0.319 Con: 0.151 Cls: 1.037 | 0.8s
  Epoch 372/800 | Total: 3.443 Edge: 0.318 Con: 0.151 Cls: 1.017 | 0.8s
  Epoch 373/800 | Total: 3.507 Edge: 0.319 Con: 0.150 Cls: 1.038 | 0.8s
  Epoch 374/800 | Total: 3.380 Edge: 0.319 Con: 0.149 Cls: 0.995 | 0.8s
  Epoch 375/800 | Total: 3.437 Edge: 0.321 Con: 0.148 Cls: 1.014 | Val F1: 0.3390 | 0.8s
  Epoch 376/800 | Total: 3.486 Edge: 0.332 Con: 0.151 Cls: 1.026 | 0.8s
  Epoch 377/800 | Total: 3.487 Edge: 0.327 Con: 0.150 Cls: 1.028 | 0.8s
  Epoch 378/800 | Total: 3.561 Edge: 0.332 Con: 0.149 Cls: 1.052 | 0.8s
  Epoch 379/800 | Total: 3.588 Edge: 0.336 Con: 0.150 Cls: 1.059 | 0.8s
  Epoch 380/800 | Total: 3.482 Edge: 0.339 Con: 0.151 Cls: 1.023 | Val F1: 0.3287 | 0.8s
  Epoch 381/800 | Total: 3.502 Edge: 0.330 Con: 0.151 Cls: 1.032 | 0.8s
  Epoch 382/800 | Total: 3.444 Edge: 0.326 Con: 0.151 Cls: 1.014 | 0.8s
  Epoch 383/800 | Total: 3.420 Edge: 0.327 Con: 0.148 Cls: 1.007 | 0.8s
  Epoch 384/800 | Total: 3.430 Edge: 0.326 Con: 0.147 Cls: 1.010 | 0.8s
  Epoch 385/800 | Total: 3.478 Edge: 0.325 Con: 0.148 Cls: 1.026 | Val F1: 0.3309 | 0.8s
  Epoch 386/800 | Total: 3.404 Edge: 0.328 Con: 0.151 Cls: 1.000 | 0.8s
  Epoch 387/800 | Total: 3.464 Edge: 0.326 Con: 0.152 Cls: 1.020 | 0.8s
  Epoch 388/800 | Total: 3.529 Edge: 0.327 Con: 0.148 Cls: 1.043 | 0.8s
  Epoch 389/800 | Total: 3.475 Edge: 0.324 Con: 0.150 Cls: 1.025 | 0.8s
  Epoch 390/800 | Total: 3.372 Edge: 0.324 Con: 0.150 Cls: 0.991 | Val F1: 0.3463 | 0.8s
  Epoch 391/800 | Total: 3.357 Edge: 0.321 Con: 0.149 Cls: 0.987 | 0.8s
  Epoch 392/800 | Total: 3.399 Edge: 0.320 Con: 0.146 Cls: 1.002 | 0.8s
  Epoch 393/800 | Total: 3.466 Edge: 0.324 Con: 0.148 Cls: 1.022 | 0.8s
  Epoch 394/800 | Total: 3.473 Edge: 0.332 Con: 0.150 Cls: 1.022 | 0.8s
  Epoch 395/800 | Total: 3.488 Edge: 0.329 Con: 0.150 Cls: 1.028 | Val F1: 0.3367 | 0.8s
  Epoch 396/800 | Total: 3.498 Edge: 0.325 Con: 0.150 Cls: 1.032 | 0.8s
  Epoch 397/800 | Total: 3.414 Edge: 0.321 Con: 0.150 Cls: 1.006 | 0.8s
  Epoch 398/800 | Total: 3.360 Edge: 0.320 Con: 0.148 Cls: 0.989 | 0.8s
  Epoch 399/800 | Total: 3.411 Edge: 0.323 Con: 0.149 Cls: 1.005 | 0.8s
  Epoch 400/800 | Total: 3.344 Edge: 0.321 Con: 0.149 Cls: 0.983 | Val F1: 0.3447 | 0.8s
  Epoch 401/800 | Total: 3.417 Edge: 0.320 Con: 0.151 Cls: 1.007 | 0.8s
  Epoch 402/800 | Total: 3.592 Edge: 0.331 Con: 0.150 Cls: 1.062 | 0.8s
  Epoch 403/800 | Total: 3.474 Edge: 0.342 Con: 0.149 Cls: 1.019 | 0.8s
  Epoch 404/800 | Total: 3.360 Edge: 0.332 Con: 0.151 Cls: 0.984 | 0.8s
  Epoch 405/800 | Total: 3.354 Edge: 0.337 Con: 0.150 Cls: 0.980 | Val F1: 0.3408 | 0.8s
  Epoch 406/800 | Total: 3.394 Edge: 0.332 Con: 0.147 Cls: 0.996 | 0.8s
  Epoch 407/800 | Total: 3.376 Edge: 0.329 Con: 0.151 Cls: 0.991 | 0.8s
  Epoch 408/800 | Total: 3.307 Edge: 0.322 Con: 0.150 Cls: 0.970 | 0.8s
  Epoch 409/800 | Total: 3.381 Edge: 0.323 Con: 0.151 Cls: 0.994 | 0.8s
  Epoch 410/800 | Total: 3.420 Edge: 0.323 Con: 0.149 Cls: 1.008 | Val F1: 0.3453 | 0.8s
  Epoch 411/800 | Total: 3.604 Edge: 0.322 Con: 0.148 Cls: 1.069 | 0.8s
  Epoch 412/800 | Total: 3.530 Edge: 0.330 Con: 0.149 Cls: 1.042 | 0.8s
  Epoch 413/800 | Total: 3.456 Edge: 0.330 Con: 0.149 Cls: 1.017 | 0.8s
  Epoch 414/800 | Total: 3.343 Edge: 0.326 Con: 0.150 Cls: 0.981 | 0.8s
  Epoch 415/800 | Total: 3.394 Edge: 0.326 Con: 0.151 Cls: 0.998 | Val F1: 0.3519 | 0.8s
  Epoch 416/800 | Total: 3.429 Edge: 0.322 Con: 0.150 Cls: 1.011 | 0.8s
  Epoch 417/800 | Total: 3.311 Edge: 0.320 Con: 0.147 Cls: 0.972 | 0.8s
  Epoch 418/800 | Total: 3.314 Edge: 0.323 Con: 0.148 Cls: 0.972 | 0.8s
  Epoch 419/800 | Total: 3.332 Edge: 0.322 Con: 0.147 Cls: 0.979 | 0.8s
  Epoch 420/800 | Total: 3.298 Edge: 0.318 Con: 0.148 Cls: 0.969 | Val F1: 0.3555 | 0.8s
  Epoch 421/800 | Total: 3.280 Edge: 0.320 Con: 0.150 Cls: 0.962 | 0.8s
  Epoch 422/800 | Total: 3.412 Edge: 0.322 Con: 0.148 Cls: 1.005 | 0.8s
  Epoch 423/800 | Total: 3.592 Edge: 0.328 Con: 0.152 Cls: 1.063 | 0.8s
  Epoch 424/800 | Total: 3.984 Edge: 0.351 Con: 0.154 Cls: 1.185 | 0.8s
  Epoch 425/800 | Total: 3.929 Edge: 0.353 Con: 0.156 Cls: 1.166 | Val F1: 0.2963 | 0.8s
  Epoch 426/800 | Total: 3.521 Edge: 0.329 Con: 0.150 Cls: 1.039 | 0.8s
  Epoch 427/800 | Total: 3.692 Edge: 0.333 Con: 0.148 Cls: 1.095 | 0.8s
  Epoch 428/800 | Total: 3.791 Edge: 0.337 Con: 0.151 Cls: 1.126 | 0.8s
  Epoch 429/800 | Total: 3.599 Edge: 0.328 Con: 0.151 Cls: 1.065 | 0.8s
  Epoch 430/800 | Total: 3.418 Edge: 0.330 Con: 0.149 Cls: 1.005 | Val F1: 0.3441 | 0.8s
  Epoch 431/800 | Total: 3.327 Edge: 0.321 Con: 0.151 Cls: 0.977 | 0.8s
  Epoch 432/800 | Total: 3.333 Edge: 0.322 Con: 0.149 Cls: 0.979 | 0.8s
  Epoch 433/800 | Total: 3.289 Edge: 0.320 Con: 0.148 Cls: 0.965 | 0.8s
  Epoch 434/800 | Total: 3.244 Edge: 0.318 Con: 0.152 Cls: 0.950 | 0.8s
  Epoch 435/800 | Total: 3.225 Edge: 0.318 Con: 0.150 Cls: 0.944 | Val F1: 0.3508 | 0.8s
  Epoch 436/800 | Total: 3.263 Edge: 0.317 Con: 0.151 Cls: 0.957 | 0.8s
  Epoch 437/800 | Total: 3.269 Edge: 0.320 Con: 0.148 Cls: 0.958 | 0.8s
  Epoch 438/800 | Total: 3.283 Edge: 0.324 Con: 0.149 Cls: 0.961 | 0.8s
  Epoch 439/800 | Total: 3.360 Edge: 0.322 Con: 0.146 Cls: 0.989 | 0.8s
  Epoch 440/800 | Total: 3.279 Edge: 0.321 Con: 0.149 Cls: 0.961 | Val F1: 0.3457 | 0.8s
  Epoch 441/800 | Total: 3.453 Edge: 0.323 Con: 0.150 Cls: 1.018 | 0.8s
  Epoch 442/800 | Total: 3.396 Edge: 0.319 Con: 0.152 Cls: 1.000 | 0.8s
  Epoch 443/800 | Total: 4.567 Edge: 0.355 Con: 0.155 Cls: 1.378 | 0.8s
  Epoch 444/800 | Total: 3.871 Edge: 0.354 Con: 0.152 Cls: 1.147 | 0.8s
  Epoch 445/800 | Total: 3.536 Edge: 0.342 Con: 0.153 Cls: 1.039 | Val F1: 0.3481 | 0.8s
  Epoch 446/800 | Total: 3.387 Edge: 0.330 Con: 0.151 Cls: 0.994 | 0.8s
  Epoch 447/800 | Total: 3.307 Edge: 0.325 Con: 0.151 Cls: 0.969 | 0.8s
  Epoch 448/800 | Total: 3.331 Edge: 0.320 Con: 0.151 Cls: 0.979 | 0.8s
  Epoch 449/800 | Total: 3.428 Edge: 0.318 Con: 0.150 Cls: 1.012 | 0.8s
  Epoch 450/800 | Total: 3.652 Edge: 0.327 Con: 0.153 Cls: 1.083 | Val F1: 0.3373 | 0.8s
  Epoch 451/800 | Total: 3.693 Edge: 0.338 Con: 0.152 Cls: 1.093 | 0.8s
  Epoch 452/800 | Total: 3.609 Edge: 0.342 Con: 0.150 Cls: 1.064 | 0.8s
  Epoch 453/800 | Total: 3.473 Edge: 0.344 Con: 0.150 Cls: 1.018 | 0.8s
  Epoch 454/800 | Total: 3.378 Edge: 0.331 Con: 0.148 Cls: 0.991 | 0.8s
  Epoch 455/800 | Total: 3.316 Edge: 0.332 Con: 0.147 Cls: 0.970 | Val F1: 0.3470 | 0.8s
  Epoch 456/800 | Total: 3.292 Edge: 0.322 Con: 0.149 Cls: 0.965 | 0.8s
  Epoch 457/800 | Total: 3.227 Edge: 0.319 Con: 0.149 Cls: 0.945 | 0.8s
  Epoch 458/800 | Total: 3.242 Edge: 0.318 Con: 0.148 Cls: 0.950 | 0.8s
  Epoch 459/800 | Total: 3.172 Edge: 0.318 Con: 0.150 Cls: 0.926 | 0.8s
  Epoch 460/800 | Total: 3.221 Edge: 0.323 Con: 0.151 Cls: 0.941 | Val F1: 0.3457 | 0.8s
  Epoch 461/800 | Total: 3.282 Edge: 0.323 Con: 0.148 Cls: 0.962 | 0.8s
  Epoch 462/800 | Total: 3.206 Edge: 0.318 Con: 0.149 Cls: 0.938 | 0.8s
  Epoch 463/800 | Total: 3.174 Edge: 0.316 Con: 0.149 Cls: 0.928 | 0.8s
  Epoch 464/800 | Total: 3.247 Edge: 0.317 Con: 0.151 Cls: 0.952 | 0.8s
  Epoch 465/800 | Total: 3.297 Edge: 0.317 Con: 0.149 Cls: 0.968 | Val F1: 0.3464 | 0.8s
  Epoch 466/800 | Total: 3.263 Edge: 0.316 Con: 0.148 Cls: 0.958 | 0.8s
  Epoch 467/800 | Total: 3.141 Edge: 0.319 Con: 0.147 Cls: 0.916 | 0.8s
  Epoch 468/800 | Total: 3.280 Edge: 0.319 Con: 0.148 Cls: 0.963 | 0.8s
  Epoch 469/800 | Total: 3.579 Edge: 0.337 Con: 0.151 Cls: 1.055 | 0.8s
  Epoch 470/800 | Total: 3.426 Edge: 0.350 Con: 0.149 Cls: 1.000 | Val F1: 0.3394 | 0.8s
  Epoch 471/800 | Total: 3.344 Edge: 0.356 Con: 0.150 Cls: 0.971 | 0.8s
  Epoch 472/800 | Total: 3.348 Edge: 0.340 Con: 0.149 Cls: 0.978 | 0.8s
  Epoch 473/800 | Total: 3.290 Edge: 0.330 Con: 0.150 Cls: 0.962 | 0.8s
  Epoch 474/800 | Total: 3.253 Edge: 0.323 Con: 0.149 Cls: 0.952 | 0.8s
  Epoch 475/800 | Total: 3.185 Edge: 0.318 Con: 0.150 Cls: 0.931 | Val F1: 0.3500 | 0.8s
  Epoch 476/800 | Total: 3.156 Edge: 0.316 Con: 0.151 Cls: 0.922 | 0.8s
  Epoch 477/800 | Total: 3.225 Edge: 0.318 Con: 0.149 Cls: 0.944 | 0.8s
  Epoch 478/800 | Total: 3.183 Edge: 0.316 Con: 0.149 Cls: 0.931 | 0.8s
  Epoch 479/800 | Total: 3.301 Edge: 0.321 Con: 0.151 Cls: 0.968 | 0.8s
  Epoch 480/800 | Total: 3.268 Edge: 0.318 Con: 0.148 Cls: 0.959 | Val F1: 0.3460 | 0.8s
  Epoch 481/800 | Total: 3.300 Edge: 0.320 Con: 0.147 Cls: 0.969 | 0.8s
  Epoch 482/800 | Total: 3.390 Edge: 0.321 Con: 0.150 Cls: 0.998 | 0.8s
  Epoch 483/800 | Total: 4.365 Edge: 0.364 Con: 0.154 Cls: 1.308 | 0.8s
  Epoch 484/800 | Total: 3.924 Edge: 0.345 Con: 0.154 Cls: 1.167 | 0.8s
  Epoch 485/800 | Total: 4.013 Edge: 0.336 Con: 0.150 Cls: 1.201 | Val F1: 0.3211 | 0.8s
  Epoch 486/800 | Total: 3.584 Edge: 0.329 Con: 0.152 Cls: 1.060 | 0.8s
  Epoch 487/800 | Total: 3.347 Edge: 0.325 Con: 0.149 Cls: 0.982 | 0.8s
  Epoch 488/800 | Total: 3.229 Edge: 0.328 Con: 0.149 Cls: 0.942 | 0.8s
  Epoch 489/800 | Total: 3.228 Edge: 0.323 Con: 0.149 Cls: 0.943 | 0.8s
  Epoch 490/800 | Total: 3.231 Edge: 0.317 Con: 0.149 Cls: 0.946 | Val F1: 0.3601 | 0.8s
  Epoch 491/800 | Total: 3.286 Edge: 0.319 Con: 0.150 Cls: 0.964 | 0.8s
  Epoch 492/800 | Total: 3.233 Edge: 0.319 Con: 0.151 Cls: 0.946 | 0.8s
  Epoch 493/800 | Total: 3.207 Edge: 0.317 Con: 0.149 Cls: 0.938 | 0.8s
  Epoch 494/800 | Total: 3.161 Edge: 0.317 Con: 0.151 Cls: 0.923 | 0.8s
  Epoch 495/800 | Total: 3.286 Edge: 0.320 Con: 0.148 Cls: 0.964 | Val F1: 0.3467 | 0.8s
  Epoch 496/800 | Total: 3.184 Edge: 0.318 Con: 0.149 Cls: 0.930 | 0.8s
  Epoch 497/800 | Total: 3.113 Edge: 0.313 Con: 0.148 Cls: 0.909 | 0.8s
  Epoch 498/800 | Total: 3.089 Edge: 0.313 Con: 0.149 Cls: 0.900 | 0.8s
  Epoch 499/800 | Total: 3.163 Edge: 0.313 Con: 0.148 Cls: 0.925 | 0.8s
  Epoch 500/800 | Total: 3.281 Edge: 0.315 Con: 0.149 Cls: 0.964 | Val F1: 0.3322 | 0.8s
  Epoch 501/800 | Total: 3.269 Edge: 0.315 Con: 0.148 Cls: 0.960 | 0.8s
  Epoch 502/800 | Total: 3.271 Edge: 0.325 Con: 0.150 Cls: 0.957 | 0.8s
  Epoch 503/800 | Total: 3.217 Edge: 0.328 Con: 0.147 Cls: 0.938 | 0.8s
  Epoch 504/800 | Total: 3.268 Edge: 0.326 Con: 0.149 Cls: 0.956 | 0.8s
  Epoch 505/800 | Total: 3.249 Edge: 0.316 Con: 0.148 Cls: 0.953 | Val F1: 0.3579 | 0.8s
  Epoch 506/800 | Total: 3.157 Edge: 0.323 Con: 0.149 Cls: 0.920 | 0.8s
  Epoch 507/800 | Total: 3.182 Edge: 0.329 Con: 0.147 Cls: 0.927 | 0.8s
  Epoch 508/800 | Total: 3.386 Edge: 0.330 Con: 0.150 Cls: 0.994 | 0.8s
  Epoch 509/800 | Total: 3.469 Edge: 0.333 Con: 0.149 Cls: 1.020 | 0.8s
  Epoch 510/800 | Total: 3.288 Edge: 0.327 Con: 0.150 Cls: 0.962 | Val F1: 0.3528 | 0.8s
  Epoch 511/800 | Total: 3.211 Edge: 0.320 Con: 0.149 Cls: 0.939 | 0.8s
  Epoch 512/800 | Total: 3.163 Edge: 0.316 Con: 0.149 Cls: 0.924 | 0.8s
  Epoch 513/800 | Total: 3.130 Edge: 0.319 Con: 0.149 Cls: 0.912 | 0.8s
  Epoch 514/800 | Total: 3.167 Edge: 0.318 Con: 0.148 Cls: 0.925 | 0.8s
  Epoch 515/800 | Total: 3.143 Edge: 0.325 Con: 0.149 Cls: 0.915 | Val F1: 0.3595 | 0.8s
  Epoch 516/800 | Total: 3.177 Edge: 0.328 Con: 0.150 Cls: 0.925 | 0.8s
  Epoch 517/800 | Total: 3.228 Edge: 0.328 Con: 0.150 Cls: 0.942 | 0.8s
  Epoch 518/800 | Total: 3.193 Edge: 0.319 Con: 0.147 Cls: 0.933 | 0.8s
  Epoch 519/800 | Total: 3.167 Edge: 0.320 Con: 0.148 Cls: 0.924 | 0.8s
  Epoch 520/800 | Total: 3.181 Edge: 0.317 Con: 0.149 Cls: 0.930 | Val F1: 0.3469 | 0.8s
  Epoch 521/800 | Total: 3.264 Edge: 0.319 Con: 0.148 Cls: 0.957 | 0.8s
  Epoch 522/800 | Total: 3.181 Edge: 0.319 Con: 0.147 Cls: 0.929 | 0.8s
  Epoch 523/800 | Total: 3.185 Edge: 0.318 Con: 0.147 Cls: 0.931 | 0.8s
  Epoch 524/800 | Total: 3.298 Edge: 0.320 Con: 0.150 Cls: 0.968 | 0.8s
  Epoch 525/800 | Total: 3.123 Edge: 0.320 Con: 0.147 Cls: 0.910 | Val F1: 0.3538 | 0.8s
  Epoch 526/800 | Total: 3.124 Edge: 0.322 Con: 0.150 Cls: 0.909 | 0.8s
  Epoch 527/800 | Total: 3.094 Edge: 0.316 Con: 0.147 Cls: 0.902 | 0.8s
  Epoch 528/800 | Total: 3.207 Edge: 0.328 Con: 0.149 Cls: 0.935 | 0.8s
  Epoch 529/800 | Total: 3.159 Edge: 0.317 Con: 0.149 Cls: 0.922 | 0.8s
  Epoch 530/800 | Total: 3.162 Edge: 0.319 Con: 0.149 Cls: 0.923 | Val F1: 0.3437 | 0.8s
  Epoch 531/800 | Total: 3.352 Edge: 0.324 Con: 0.149 Cls: 0.985 | 0.8s
  Epoch 532/800 | Total: 3.313 Edge: 0.323 Con: 0.148 Cls: 0.972 | 0.8s
  Epoch 533/800 | Total: 3.293 Edge: 0.318 Con: 0.149 Cls: 0.967 | 0.8s
  Epoch 534/800 | Total: 3.131 Edge: 0.314 Con: 0.150 Cls: 0.914 | 0.8s
  Epoch 535/800 | Total: 3.178 Edge: 0.314 Con: 0.147 Cls: 0.930 | Val F1: 0.3549 | 0.8s
  Epoch 536/800 | Total: 3.132 Edge: 0.321 Con: 0.146 Cls: 0.913 | 0.8s
  Epoch 537/800 | Total: 3.136 Edge: 0.325 Con: 0.146 Cls: 0.913 | 0.8s
  Epoch 538/800 | Total: 3.113 Edge: 0.329 Con: 0.148 Cls: 0.903 | 0.8s
  Epoch 539/800 | Total: 3.110 Edge: 0.318 Con: 0.148 Cls: 0.906 | 0.8s
  Epoch 540/800 | Total: 3.106 Edge: 0.318 Con: 0.147 Cls: 0.905 | Val F1: 0.3485 | 0.8s
  Epoch 541/800 | Total: 3.118 Edge: 0.316 Con: 0.149 Cls: 0.909 | 0.8s
  Epoch 542/800 | Total: 3.127 Edge: 0.328 Con: 0.150 Cls: 0.908 | 0.8s
  Epoch 543/800 | Total: 3.082 Edge: 0.326 Con: 0.148 Cls: 0.894 | 0.8s
  Epoch 544/800 | Total: 3.057 Edge: 0.316 Con: 0.148 Cls: 0.889 | 0.8s
  Epoch 545/800 | Total: 3.167 Edge: 0.314 Con: 0.146 Cls: 0.926 | Val F1: 0.3438 | 0.8s
  Epoch 546/800 | Total: 3.120 Edge: 0.313 Con: 0.149 Cls: 0.911 | 0.8s
  Epoch 547/800 | Total: 3.225 Edge: 0.316 Con: 0.147 Cls: 0.945 | 0.8s
  Epoch 548/800 | Total: 3.227 Edge: 0.321 Con: 0.150 Cls: 0.943 | 0.8s
  Epoch 549/800 | Total: 3.226 Edge: 0.321 Con: 0.149 Cls: 0.943 | 0.8s
  Epoch 550/800 | Total: 3.252 Edge: 0.325 Con: 0.149 Cls: 0.951 | Val F1: 0.3465 | 0.8s
  Epoch 551/800 | Total: 3.267 Edge: 0.319 Con: 0.147 Cls: 0.958 | 0.8s
  Epoch 552/800 | Total: 3.189 Edge: 0.320 Con: 0.146 Cls: 0.932 | 0.8s
  Epoch 553/800 | Total: 3.182 Edge: 0.319 Con: 0.147 Cls: 0.930 | 0.8s
  Epoch 554/800 | Total: 3.301 Edge: 0.323 Con: 0.150 Cls: 0.968 | 0.8s
  Epoch 555/800 | Total: 3.178 Edge: 0.321 Con: 0.148 Cls: 0.928 | Val F1: 0.3467 | 0.8s
  Epoch 556/800 | Total: 3.135 Edge: 0.316 Con: 0.150 Cls: 0.915 | 0.8s
  Epoch 557/800 | Total: 3.120 Edge: 0.318 Con: 0.148 Cls: 0.909 | 0.8s
  Epoch 558/800 | Total: 3.127 Edge: 0.317 Con: 0.147 Cls: 0.912 | 0.8s
  Epoch 559/800 | Total: 3.007 Edge: 0.316 Con: 0.148 Cls: 0.872 | 0.8s
  Epoch 560/800 | Total: 3.043 Edge: 0.312 Con: 0.150 Cls: 0.885 | Val F1: 0.3585 | 0.8s
  Epoch 561/800 | Total: 3.055 Edge: 0.313 Con: 0.146 Cls: 0.890 | 0.8s
  Epoch 562/800 | Total: 3.140 Edge: 0.316 Con: 0.148 Cls: 0.917 | 0.8s
  Epoch 563/800 | Total: 3.133 Edge: 0.322 Con: 0.149 Cls: 0.912 | 0.8s
  Epoch 564/800 | Total: 3.146 Edge: 0.318 Con: 0.148 Cls: 0.918 | 0.8s
  Epoch 565/800 | Total: 3.122 Edge: 0.319 Con: 0.149 Cls: 0.910 | Val F1: 0.3492 | 0.8s
  Epoch 566/800 | Total: 3.099 Edge: 0.317 Con: 0.151 Cls: 0.902 | 0.8s
  Epoch 567/800 | Total: 3.090 Edge: 0.326 Con: 0.147 Cls: 0.897 | 0.8s
  Epoch 568/800 | Total: 3.040 Edge: 0.320 Con: 0.148 Cls: 0.882 | 0.8s
  Epoch 569/800 | Total: 3.022 Edge: 0.312 Con: 0.147 Cls: 0.879 | 0.8s
  Epoch 570/800 | Total: 3.060 Edge: 0.312 Con: 0.150 Cls: 0.891 | Val F1: 0.3428 | 0.8s
  Epoch 571/800 | Total: 3.051 Edge: 0.312 Con: 0.148 Cls: 0.889 | 0.8s
  Epoch 572/800 | Total: 2.997 Edge: 0.312 Con: 0.149 Cls: 0.870 | 0.8s
  Epoch 573/800 | Total: 3.001 Edge: 0.316 Con: 0.148 Cls: 0.871 | 0.8s
  Epoch 574/800 | Total: 3.005 Edge: 0.316 Con: 0.148 Cls: 0.872 | 0.8s
  Epoch 575/800 | Total: 3.046 Edge: 0.314 Con: 0.149 Cls: 0.886 | Val F1: 0.3536 | 0.8s
  Epoch 576/800 | Total: 3.000 Edge: 0.311 Con: 0.148 Cls: 0.872 | 0.8s
  Epoch 577/800 | Total: 3.224 Edge: 0.319 Con: 0.151 Cls: 0.943 | 0.8s
  Epoch 578/800 | Total: 3.421 Edge: 0.326 Con: 0.150 Cls: 1.007 | 0.8s
  Epoch 579/800 | Total: 3.295 Edge: 0.329 Con: 0.152 Cls: 0.963 | 0.8s
  Epoch 580/800 | Total: 3.292 Edge: 0.322 Con: 0.151 Cls: 0.965 | Val F1: 0.3505 | 0.8s
  Epoch 581/800 | Total: 3.172 Edge: 0.324 Con: 0.151 Cls: 0.924 | 0.8s
  Epoch 582/800 | Total: 3.230 Edge: 0.327 Con: 0.150 Cls: 0.943 | 0.8s
  Epoch 583/800 | Total: 3.170 Edge: 0.322 Con: 0.149 Cls: 0.924 | 0.8s
  Epoch 584/800 | Total: 3.200 Edge: 0.318 Con: 0.146 Cls: 0.936 | 0.8s
  Epoch 585/800 | Total: 3.036 Edge: 0.316 Con: 0.148 Cls: 0.882 | Val F1: 0.3479 | 0.8s
  Epoch 586/800 | Total: 2.998 Edge: 0.314 Con: 0.148 Cls: 0.870 | 0.8s
  Epoch 587/800 | Total: 3.032 Edge: 0.313 Con: 0.149 Cls: 0.881 | 0.8s
  Epoch 588/800 | Total: 3.024 Edge: 0.312 Con: 0.149 Cls: 0.879 | 0.8s
  Epoch 589/800 | Total: 3.050 Edge: 0.317 Con: 0.149 Cls: 0.886 | 0.8s
  Epoch 590/800 | Total: 3.125 Edge: 0.316 Con: 0.151 Cls: 0.911 | Val F1: 0.3469 | 0.8s
  Early stopping at epoch 590
  Best Val F1: 0.3601 | Test F1: 0.3560
  Total training time: 533.0s (8.9 min)

======================================================================
  Val  Macro-F1: 0.3601
  Test Macro-F1: 0.3560
  Test Accuracy: 0.5866
  Time: 534.7s
======================================================================

  Results saved to: results/NESS_ogbn-arxiv_MCAR_0.95_20260724_101244
