/home/erfan/MATE/venv/lib/python3.13/site-packages/outdated/__init__.py:36: UserWarning: pkg_resources is deprecated as an API. See https://setuptools.pypa.io/en/latest/pkg_resources.html. The pkg_resources package is slated for removal as early as 2025-11-30. Refrain from using this package or pin to Setuptools<81.
  from pkg_resources import parse_version
/home/erfan/MATE/ogbn_benchmarks/data_loader.py:96: UserWarning: Sparse invariant checks are implicitly disabled. Memory errors (e.g. SEGFAULT) will occur when operating on a sparse tensor which violates the invariants, but checks incur performance overhead. To silence this warning, explicitly opt in or out. See `torch.sparse.check_sparse_tensor_invariants.__doc__` for guidance.  (Triggered internally at /pytorch/aten/src/ATen/Context.cpp:760.)
  adj = torch.sparse_coo_tensor(edge_index, vals, (num_nodes, num_nodes)).coalesce()
======================================================================
  NESS | ogbn-arxiv | MCAR @ 60%
======================================================================
[1/3] Loading ogbn-arxiv...
  169,343 nodes | 128 dims | 40 classes
[2/3] Simulating MCAR missingness...
Simulating MCAR missingness at 60% rate...
  MCAR: Uniform random selection
  Observable: 67,738 (40.0%)
  Masked: 101,605 (60.0%)
  Observable: 67,738 | Val: 50,802 | Test: 50,803
[3/3] Running NESS...
  Prefilling missing nodes via Feature Propagation (40 iters)...
  Computing neighbor label-histogram target (2-hop, observable labels)...
  Partitioning graph into 20 clusters (cache_device=gpu)...
  Cached 20 clusters
  Training NESS for up to 400 epochs (patience=20)...
  Epoch 1/400 | Total: 8.267 Edge: 0.669 Con: 0.546 Cls: 3.617 Hist: 2.7454 Path: 0.6890 | 10.6s
  Epoch 2/400 | Total: 7.246 Edge: 0.620 Con: 0.410 Cls: 3.229 Hist: 2.3115 Path: 0.6749 | 1.0s
  Epoch 3/400 | Total: 6.925 Edge: 0.579 Con: 0.383 Cls: 3.085 Hist: 2.2146 Path: 0.6643 | 1.3s
  Epoch 4/400 | Total: 6.811 Edge: 0.567 Con: 0.362 Cls: 3.054 Hist: 2.1687 Path: 0.6599 | 0.9s
  Epoch 5/400 | Total: 6.679 Edge: 0.563 Con: 0.339 Cls: 3.014 Hist: 2.1083 Path: 0.6541 | Val F1: 0.0323 | 1.1s
  Epoch 6/400 | Total: 6.496 Edge: 0.554 Con: 0.304 Cls: 2.967 Hist: 2.0254 Path: 0.6451 | 1.0s
  Epoch 7/400 | Total: 6.220 Edge: 0.545 Con: 0.272 Cls: 2.867 Hist: 1.8999 Path: 0.6365 | 1.1s
  Epoch 8/400 | Total: 5.910 Edge: 0.541 Con: 0.249 Cls: 2.711 Hist: 1.7768 Path: 0.6317 | 1.2s
  Epoch 9/400 | Total: 5.607 Edge: 0.536 Con: 0.233 Cls: 2.541 Hist: 1.6706 Path: 0.6259 | 1.3s
  Epoch 10/400 | Total: 5.387 Edge: 0.546 Con: 0.225 Cls: 2.407 Hist: 1.5841 Path: 0.6245 | Val F1: 0.0552 | 1.0s
  Epoch 11/400 | Total: 5.197 Edge: 0.527 Con: 0.216 Cls: 2.310 Hist: 1.5342 Path: 0.6103 | 1.1s
  Epoch 12/400 | Total: 5.119 Edge: 0.519 Con: 0.208 Cls: 2.279 Hist: 1.5084 Path: 0.6044 | 1.1s
  Epoch 13/400 | Total: 5.057 Edge: 0.521 Con: 0.206 Cls: 2.246 Hist: 1.4795 Path: 0.6041 | 1.1s
  Epoch 14/400 | Total: 4.926 Edge: 0.528 Con: 0.203 Cls: 2.165 Hist: 1.4277 Path: 0.6031 | 1.1s
  Epoch 15/400 | Total: 4.820 Edge: 0.513 Con: 0.198 Cls: 2.116 Hist: 1.3931 Path: 0.6001 | Val F1: 0.1121 | 1.1s
  Epoch 16/400 | Total: 4.751 Edge: 0.500 Con: 0.198 Cls: 2.092 Hist: 1.3697 Path: 0.5916 | 1.1s
  Epoch 17/400 | Total: 4.791 Edge: 0.501 Con: 0.194 Cls: 2.120 Hist: 1.3871 Path: 0.5901 | 1.0s
  Epoch 18/400 | Total: 4.717 Edge: 0.496 Con: 0.190 Cls: 2.094 Hist: 1.3504 Path: 0.5858 | 1.2s
  Epoch 19/400 | Total: 4.758 Edge: 0.489 Con: 0.188 Cls: 2.120 Hist: 1.3826 Path: 0.5781 | 1.0s
  Epoch 20/400 | Total: 4.647 Edge: 0.491 Con: 0.187 Cls: 2.061 Hist: 1.3351 Path: 0.5725 | Val F1: 0.1381 | 1.1s
  Epoch 21/400 | Total: 4.619 Edge: 0.479 Con: 0.185 Cls: 2.057 Hist: 1.3292 Path: 0.5685 | 1.1s
  Epoch 22/400 | Total: 4.529 Edge: 0.475 Con: 0.187 Cls: 2.006 Hist: 1.2960 Path: 0.5651 | 1.0s
  Epoch 23/400 | Total: 4.548 Edge: 0.481 Con: 0.184 Cls: 2.021 Hist: 1.2892 Path: 0.5725 | 1.0s
  Epoch 24/400 | Total: 4.562 Edge: 0.486 Con: 0.186 Cls: 2.024 Hist: 1.2945 Path: 0.5716 | 1.0s
  Epoch 25/400 | Total: 4.566 Edge: 0.495 Con: 0.183 Cls: 2.018 Hist: 1.2955 Path: 0.5747 | Val F1: 0.1535 | 1.1s
  Epoch 26/400 | Total: 4.579 Edge: 0.503 Con: 0.184 Cls: 2.025 Hist: 1.2973 Path: 0.5689 | 1.1s
  Epoch 27/400 | Total: 4.398 Edge: 0.483 Con: 0.180 Cls: 1.934 Hist: 1.2394 Path: 0.5626 | 1.2s
  Epoch 28/400 | Total: 4.382 Edge: 0.466 Con: 0.178 Cls: 1.939 Hist: 1.2478 Path: 0.5507 | 1.2s
  Epoch 29/400 | Total: 4.323 Edge: 0.473 Con: 0.179 Cls: 1.892 Hist: 1.2253 Path: 0.5533 | 1.0s
  Epoch 30/400 | Total: 4.251 Edge: 0.471 Con: 0.180 Cls: 1.858 Hist: 1.1933 Path: 0.5490 | Val F1: 0.1650 | 1.1s
  Epoch 31/400 | Total: 4.248 Edge: 0.455 Con: 0.177 Cls: 1.874 Hist: 1.2019 Path: 0.5407 | 1.0s
  Epoch 32/400 | Total: 4.260 Edge: 0.458 Con: 0.173 Cls: 1.886 Hist: 1.2081 Path: 0.5351 | 1.1s
  Epoch 33/400 | Total: 4.116 Edge: 0.455 Con: 0.172 Cls: 1.794 Hist: 1.1605 Path: 0.5338 | 1.1s
  Epoch 34/400 | Total: 4.157 Edge: 0.452 Con: 0.172 Cls: 1.824 Hist: 1.1803 Path: 0.5294 | 1.0s
  Epoch 35/400 | Total: 4.154 Edge: 0.461 Con: 0.172 Cls: 1.808 Hist: 1.1680 Path: 0.5453 | Val F1: 0.2150 | 1.0s
  Epoch 36/400 | Total: 4.169 Edge: 0.454 Con: 0.171 Cls: 1.827 Hist: 1.1859 Path: 0.5309 | 1.2s
  Epoch 37/400 | Total: 4.127 Edge: 0.451 Con: 0.175 Cls: 1.803 Hist: 1.1635 Path: 0.5346 | 1.1s
  Epoch 38/400 | Total: 4.143 Edge: 0.442 Con: 0.173 Cls: 1.821 Hist: 1.1833 Path: 0.5236 | 1.2s
  Epoch 39/400 | Total: 4.141 Edge: 0.449 Con: 0.169 Cls: 1.817 Hist: 1.1675 Path: 0.5387 | 1.1s
  Epoch 40/400 | Total: 4.127 Edge: 0.449 Con: 0.167 Cls: 1.805 Hist: 1.1709 Path: 0.5351 | Val F1: 0.2275 | 1.0s
  Epoch 41/400 | Total: 4.079 Edge: 0.456 Con: 0.168 Cls: 1.773 Hist: 1.1501 Path: 0.5321 | 1.0s
  Epoch 42/400 | Total: 4.064 Edge: 0.451 Con: 0.168 Cls: 1.770 Hist: 1.1485 Path: 0.5263 | 1.1s
  Epoch 43/400 | Total: 4.052 Edge: 0.450 Con: 0.171 Cls: 1.765 Hist: 1.1411 Path: 0.5250 | 1.1s
  Epoch 44/400 | Total: 4.032 Edge: 0.445 Con: 0.165 Cls: 1.763 Hist: 1.1359 Path: 0.5238 | 1.0s
  Epoch 45/400 | Total: 4.022 Edge: 0.438 Con: 0.169 Cls: 1.758 Hist: 1.1350 Path: 0.5226 | Val F1: 0.2361 | 1.0s
  Epoch 46/400 | Total: 4.001 Edge: 0.433 Con: 0.168 Cls: 1.748 Hist: 1.1379 Path: 0.5137 | 1.3s
  Epoch 47/400 | Total: 4.000 Edge: 0.428 Con: 0.167 Cls: 1.758 Hist: 1.1336 Path: 0.5125 | 1.0s
  Epoch 48/400 | Total: 3.959 Edge: 0.429 Con: 0.168 Cls: 1.738 Hist: 1.1185 Path: 0.5052 | 0.9s
  Epoch 49/400 | Total: 3.957 Edge: 0.431 Con: 0.166 Cls: 1.734 Hist: 1.1134 Path: 0.5124 | 0.9s
  Epoch 50/400 | Total: 3.925 Edge: 0.422 Con: 0.161 Cls: 1.724 Hist: 1.1154 Path: 0.5028 | Val F1: 0.2303 | 1.0s
  Epoch 51/400 | Total: 3.885 Edge: 0.429 Con: 0.164 Cls: 1.703 Hist: 1.0879 Path: 0.5015 | 1.0s
  Epoch 52/400 | Total: 3.928 Edge: 0.426 Con: 0.164 Cls: 1.724 Hist: 1.1128 Path: 0.5010 | 1.1s
  Epoch 53/400 | Total: 4.014 Edge: 0.431 Con: 0.162 Cls: 1.778 Hist: 1.1376 Path: 0.5049 | 1.1s
  Epoch 54/400 | Total: 4.010 Edge: 0.432 Con: 0.166 Cls: 1.771 Hist: 1.1377 Path: 0.5034 | 1.4s
  Epoch 55/400 | Total: 3.905 Edge: 0.427 Con: 0.162 Cls: 1.712 Hist: 1.1040 Path: 0.5000 | Val F1: 0.2345 | 1.1s
  Epoch 56/400 | Total: 3.948 Edge: 0.431 Con: 0.166 Cls: 1.733 Hist: 1.1157 Path: 0.5024 | 1.1s
  Epoch 57/400 | Total: 3.982 Edge: 0.433 Con: 0.166 Cls: 1.752 Hist: 1.1266 Path: 0.5043 | 1.2s
  Epoch 58/400 | Total: 3.976 Edge: 0.422 Con: 0.163 Cls: 1.752 Hist: 1.1394 Path: 0.4994 | 1.0s
  Epoch 59/400 | Total: 3.870 Edge: 0.422 Con: 0.164 Cls: 1.694 Hist: 1.0882 Path: 0.5021 | 0.9s
  Epoch 60/400 | Total: 3.880 Edge: 0.420 Con: 0.161 Cls: 1.707 Hist: 1.0953 Path: 0.4973 | Val F1: 0.2339 | 0.9s
  Epoch 61/400 | Total: 3.918 Edge: 0.424 Con: 0.165 Cls: 1.721 Hist: 1.1057 Path: 0.5022 | 1.0s
  Epoch 62/400 | Total: 3.826 Edge: 0.421 Con: 0.165 Cls: 1.673 Hist: 1.0720 Path: 0.4941 | 1.0s
  Epoch 63/400 | Total: 3.859 Edge: 0.417 Con: 0.160 Cls: 1.692 Hist: 1.0933 Path: 0.4964 | 0.9s
  Epoch 64/400 | Total: 3.933 Edge: 0.424 Con: 0.164 Cls: 1.733 Hist: 1.1088 Path: 0.5028 | 1.0s
  Epoch 65/400 | Total: 3.864 Edge: 0.431 Con: 0.165 Cls: 1.680 Hist: 1.0836 Path: 0.5038 | Val F1: 0.2360 | 1.0s
  Epoch 66/400 | Total: 3.827 Edge: 0.420 Con: 0.163 Cls: 1.673 Hist: 1.0732 Path: 0.4975 | 1.1s
  Epoch 67/400 | Total: 3.852 Edge: 0.410 Con: 0.161 Cls: 1.691 Hist: 1.0999 Path: 0.4893 | 1.0s
  Epoch 68/400 | Total: 3.832 Edge: 0.422 Con: 0.162 Cls: 1.678 Hist: 1.0721 Path: 0.4973 | 0.9s
  Epoch 69/400 | Total: 3.882 Edge: 0.415 Con: 0.165 Cls: 1.698 Hist: 1.0980 Path: 0.5061 | 1.0s
  Epoch 70/400 | Total: 3.836 Edge: 0.414 Con: 0.160 Cls: 1.691 Hist: 1.0829 Path: 0.4871 | Val F1: 0.2348 | 1.1s
  Epoch 71/400 | Total: 3.833 Edge: 0.428 Con: 0.163 Cls: 1.667 Hist: 1.0668 Path: 0.5088 | 1.2s
  Epoch 72/400 | Total: 3.838 Edge: 0.421 Con: 0.162 Cls: 1.679 Hist: 1.0751 Path: 0.5004 | 1.0s
  Epoch 73/400 | Total: 3.801 Edge: 0.406 Con: 0.163 Cls: 1.669 Hist: 1.0778 Path: 0.4846 | 1.0s
  Epoch 74/400 | Total: 3.811 Edge: 0.412 Con: 0.158 Cls: 1.674 Hist: 1.0847 Path: 0.4821 | 1.0s
  Epoch 75/400 | Total: 3.851 Edge: 0.431 Con: 0.166 Cls: 1.684 Hist: 1.0831 Path: 0.4881 | Val F1: 0.2514 | 1.0s
  Epoch 76/400 | Total: 3.777 Edge: 0.410 Con: 0.160 Cls: 1.659 Hist: 1.0671 Path: 0.4812 | 1.0s
  Epoch 77/400 | Total: 3.742 Edge: 0.410 Con: 0.160 Cls: 1.635 Hist: 1.0512 Path: 0.4855 | 1.3s
  Epoch 78/400 | Total: 3.737 Edge: 0.410 Con: 0.161 Cls: 1.634 Hist: 1.0498 Path: 0.4819 | 1.1s
  Epoch 79/400 | Total: 3.755 Edge: 0.414 Con: 0.163 Cls: 1.642 Hist: 1.0565 Path: 0.4787 | 1.1s
  Epoch 80/400 | Total: 3.804 Edge: 0.412 Con: 0.163 Cls: 1.676 Hist: 1.0730 Path: 0.4791 | Val F1: 0.2408 | 1.2s
  Epoch 81/400 | Total: 3.792 Edge: 0.409 Con: 0.161 Cls: 1.673 Hist: 1.0708 Path: 0.4782 | 0.9s
  Epoch 82/400 | Total: 3.769 Edge: 0.417 Con: 0.162 Cls: 1.646 Hist: 1.0617 Path: 0.4824 | 1.2s
  Epoch 83/400 | Total: 3.798 Edge: 0.421 Con: 0.162 Cls: 1.667 Hist: 1.0681 Path: 0.4812 | 0.9s
  Epoch 84/400 | Total: 3.772 Edge: 0.431 Con: 0.161 Cls: 1.642 Hist: 1.0534 Path: 0.4846 | 1.0s
  Epoch 85/400 | Total: 3.776 Edge: 0.423 Con: 0.161 Cls: 1.649 Hist: 1.0599 Path: 0.4843 | Val F1: 0.2573 | 1.1s
  Epoch 86/400 | Total: 3.778 Edge: 0.428 Con: 0.162 Cls: 1.635 Hist: 1.0515 Path: 0.5019 | 1.3s
  Epoch 87/400 | Total: 3.751 Edge: 0.410 Con: 0.160 Cls: 1.633 Hist: 1.0527 Path: 0.4955 | 1.2s
  Epoch 88/400 | Total: 3.759 Edge: 0.408 Con: 0.165 Cls: 1.640 Hist: 1.0616 Path: 0.4844 | 1.0s
  Epoch 89/400 | Total: 3.683 Edge: 0.403 Con: 0.162 Cls: 1.604 Hist: 1.0349 Path: 0.4783 | 1.1s
  Epoch 90/400 | Total: 3.708 Edge: 0.411 Con: 0.163 Cls: 1.619 Hist: 1.0414 Path: 0.4732 | Val F1: 0.2556 | 1.0s
  Epoch 91/400 | Total: 3.673 Edge: 0.409 Con: 0.164 Cls: 1.602 Hist: 1.0249 Path: 0.4738 | 1.1s
  Epoch 92/400 | Total: 3.689 Edge: 0.399 Con: 0.162 Cls: 1.615 Hist: 1.0439 Path: 0.4693 | 0.9s
  Epoch 93/400 | Total: 3.698 Edge: 0.410 Con: 0.160 Cls: 1.616 Hist: 1.0365 Path: 0.4745 | 1.0s
  Epoch 94/400 | Total: 3.686 Edge: 0.405 Con: 0.165 Cls: 1.610 Hist: 1.0308 Path: 0.4757 | 1.0s
  Epoch 95/400 | Total: 3.738 Edge: 0.405 Con: 0.164 Cls: 1.643 Hist: 1.0531 Path: 0.4726 | Val F1: 0.2485 | 1.0s
  Epoch 96/400 | Total: 3.715 Edge: 0.402 Con: 0.159 Cls: 1.634 Hist: 1.0481 Path: 0.4727 | 1.0s
  Epoch 97/400 | Total: 3.647 Edge: 0.402 Con: 0.164 Cls: 1.585 Hist: 1.0177 Path: 0.4780 | 1.1s
  Epoch 98/400 | Total: 3.693 Edge: 0.398 Con: 0.161 Cls: 1.612 Hist: 1.0419 Path: 0.4801 | 1.1s
  Epoch 99/400 | Total: 3.654 Edge: 0.398 Con: 0.163 Cls: 1.596 Hist: 1.0249 Path: 0.4723 | 1.1s
  Epoch 100/400 | Total: 3.681 Edge: 0.402 Con: 0.163 Cls: 1.606 Hist: 1.0389 Path: 0.4714 | Val F1: 0.2685 | 1.0s
  Epoch 101/400 | Total: 3.672 Edge: 0.408 Con: 0.160 Cls: 1.601 Hist: 1.0355 Path: 0.4670 | 1.0s
  Epoch 102/400 | Total: 3.714 Edge: 0.406 Con: 0.163 Cls: 1.625 Hist: 1.0514 Path: 0.4688 | 1.0s
  Epoch 103/400 | Total: 3.621 Edge: 0.403 Con: 0.161 Cls: 1.573 Hist: 1.0149 Path: 0.4693 | 1.0s
  Epoch 104/400 | Total: 3.601 Edge: 0.400 Con: 0.161 Cls: 1.566 Hist: 1.0074 Path: 0.4669 | 1.3s
  Epoch 105/400 | Total: 3.618 Edge: 0.395 Con: 0.163 Cls: 1.577 Hist: 1.0173 Path: 0.4663 | Val F1: 0.2827 | 1.1s
  Epoch 106/400 | Total: 3.617 Edge: 0.404 Con: 0.161 Cls: 1.573 Hist: 1.0101 Path: 0.4690 | 1.1s
  Epoch 107/400 | Total: 3.616 Edge: 0.396 Con: 0.160 Cls: 1.579 Hist: 1.0147 Path: 0.4653 | 1.2s
  Epoch 108/400 | Total: 3.638 Edge: 0.391 Con: 0.159 Cls: 1.597 Hist: 1.0334 Path: 0.4572 | 1.1s
  Epoch 109/400 | Total: 3.639 Edge: 0.397 Con: 0.163 Cls: 1.594 Hist: 1.0217 Path: 0.4632 | 1.1s
  Epoch 110/400 | Total: 3.654 Edge: 0.396 Con: 0.159 Cls: 1.601 Hist: 1.0349 Path: 0.4626 | Val F1: 0.2712 | 1.1s
  Epoch 111/400 | Total: 3.587 Edge: 0.390 Con: 0.162 Cls: 1.567 Hist: 1.0110 Path: 0.4568 | 1.0s
  Epoch 112/400 | Total: 3.558 Edge: 0.392 Con: 0.163 Cls: 1.550 Hist: 0.9946 Path: 0.4578 | 1.2s
  Epoch 113/400 | Total: 3.584 Edge: 0.403 Con: 0.161 Cls: 1.553 Hist: 1.0062 Path: 0.4604 | 1.1s
  Epoch 114/400 | Total: 3.612 Edge: 0.395 Con: 0.161 Cls: 1.579 Hist: 1.0162 Path: 0.4603 | 1.0s
  Epoch 115/400 | Total: 3.579 Edge: 0.394 Con: 0.160 Cls: 1.557 Hist: 1.0074 Path: 0.4609 | Val F1: 0.2934 | 1.1s
  Epoch 116/400 | Total: 3.604 Edge: 0.398 Con: 0.162 Cls: 1.568 Hist: 1.0144 Path: 0.4615 | 1.1s
  Epoch 117/400 | Total: 3.579 Edge: 0.394 Con: 0.162 Cls: 1.557 Hist: 1.0019 Path: 0.4652 | 1.1s
  Epoch 118/400 | Total: 3.645 Edge: 0.398 Con: 0.165 Cls: 1.594 Hist: 1.0241 Path: 0.4646 | 1.1s
  Epoch 119/400 | Total: 3.645 Edge: 0.399 Con: 0.161 Cls: 1.596 Hist: 1.0275 Path: 0.4619 | 1.1s
  Epoch 120/400 | Total: 3.610 Edge: 0.406 Con: 0.162 Cls: 1.567 Hist: 1.0065 Path: 0.4678 | Val F1: 0.2812 | 1.2s
  Epoch 121/400 | Total: 3.623 Edge: 0.398 Con: 0.163 Cls: 1.584 Hist: 1.0072 Path: 0.4705 | 1.0s
  Epoch 122/400 | Total: 3.642 Edge: 0.390 Con: 0.162 Cls: 1.594 Hist: 1.0302 Path: 0.4657 | 1.2s
  Epoch 123/400 | Total: 3.615 Edge: 0.388 Con: 0.160 Cls: 1.580 Hist: 1.0212 Path: 0.4656 | 1.1s
  Epoch 124/400 | Total: 3.566 Edge: 0.387 Con: 0.162 Cls: 1.558 Hist: 0.9969 Path: 0.4617 | 0.9s
  Epoch 125/400 | Total: 3.557 Edge: 0.387 Con: 0.158 Cls: 1.553 Hist: 0.9950 Path: 0.4633 | Val F1: 0.2966 | 0.9s
  Epoch 126/400 | Total: 3.560 Edge: 0.394 Con: 0.164 Cls: 1.547 Hist: 0.9980 Path: 0.4569 | 0.9s
  Epoch 127/400 | Total: 3.595 Edge: 0.398 Con: 0.163 Cls: 1.561 Hist: 1.0160 Path: 0.4575 | 1.1s
  Epoch 128/400 | Total: 3.542 Edge: 0.403 Con: 0.161 Cls: 1.531 Hist: 0.9823 Path: 0.4642 | 1.0s
  Epoch 129/400 | Total: 3.580 Edge: 0.394 Con: 0.160 Cls: 1.558 Hist: 1.0096 Path: 0.4581 | 0.9s
  Epoch 130/400 | Total: 3.596 Edge: 0.409 Con: 0.164 Cls: 1.543 Hist: 0.9998 Path: 0.4799 | Val F1: 0.2903 | 1.0s
  Epoch 131/400 | Total: 3.588 Edge: 0.399 Con: 0.160 Cls: 1.555 Hist: 1.0112 Path: 0.4631 | 1.1s
  Epoch 132/400 | Total: 3.578 Edge: 0.399 Con: 0.162 Cls: 1.545 Hist: 1.0085 Path: 0.4638 | 1.1s
  Epoch 133/400 | Total: 3.576 Edge: 0.396 Con: 0.163 Cls: 1.552 Hist: 1.0016 Path: 0.4632 | 1.0s
  Epoch 134/400 | Total: 3.575 Edge: 0.396 Con: 0.164 Cls: 1.553 Hist: 1.0059 Path: 0.4558 | 1.1s
  Epoch 135/400 | Total: 3.562 Edge: 0.388 Con: 0.163 Cls: 1.555 Hist: 1.0023 Path: 0.4537 | Val F1: 0.2964 | 1.0s
  Epoch 136/400 | Total: 3.579 Edge: 0.381 Con: 0.161 Cls: 1.565 Hist: 1.0181 Path: 0.4542 | 1.1s
  Epoch 137/400 | Total: 3.556 Edge: 0.385 Con: 0.160 Cls: 1.558 Hist: 1.0019 Path: 0.4525 | 1.0s
  Epoch 138/400 | Total: 3.594 Edge: 0.387 Con: 0.162 Cls: 1.568 Hist: 1.0207 Path: 0.4559 | 1.0s
  Epoch 139/400 | Total: 3.535 Edge: 0.385 Con: 0.158 Cls: 1.538 Hist: 0.9948 Path: 0.4595 | 1.0s
  Epoch 140/400 | Total: 3.550 Edge: 0.391 Con: 0.158 Cls: 1.545 Hist: 1.0019 Path: 0.4541 | Val F1: 0.2968 | 1.2s
  Epoch 141/400 | Total: 3.545 Edge: 0.395 Con: 0.167 Cls: 1.532 Hist: 0.9933 Path: 0.4576 | 1.0s
  Epoch 142/400 | Total: 3.532 Edge: 0.386 Con: 0.165 Cls: 1.535 Hist: 0.9964 Path: 0.4496 | 1.1s
  Epoch 143/400 | Total: 3.478 Edge: 0.381 Con: 0.159 Cls: 1.510 Hist: 0.9810 Path: 0.4477 | 0.9s
  Epoch 144/400 | Total: 3.494 Edge: 0.388 Con: 0.163 Cls: 1.512 Hist: 0.9775 Path: 0.4539 | 1.1s
  Epoch 145/400 | Total: 3.521 Edge: 0.385 Con: 0.163 Cls: 1.536 Hist: 0.9871 Path: 0.4493 | Val F1: 0.2983 | 1.1s
  Epoch 146/400 | Total: 3.536 Edge: 0.403 Con: 0.168 Cls: 1.524 Hist: 0.9848 Path: 0.4561 | 1.0s
  Epoch 147/400 | Total: 3.534 Edge: 0.393 Con: 0.164 Cls: 1.526 Hist: 0.9953 Path: 0.4544 | 0.9s
  Epoch 148/400 | Total: 3.535 Edge: 0.399 Con: 0.162 Cls: 1.525 Hist: 0.9887 Path: 0.4601 | 0.9s
  Epoch 149/400 | Total: 3.483 Edge: 0.389 Con: 0.159 Cls: 1.504 Hist: 0.9763 Path: 0.4542 | 1.4s
  Epoch 150/400 | Total: 3.514 Edge: 0.384 Con: 0.161 Cls: 1.525 Hist: 0.9914 Path: 0.4525 | Val F1: 0.3085 | 1.0s
  Epoch 151/400 | Total: 3.503 Edge: 0.385 Con: 0.161 Cls: 1.519 Hist: 0.9879 Path: 0.4496 | 1.1s
  Epoch 152/400 | Total: 3.521 Edge: 0.391 Con: 0.162 Cls: 1.528 Hist: 0.9911 Path: 0.4493 | 1.0s
  Epoch 153/400 | Total: 3.546 Edge: 0.400 Con: 0.163 Cls: 1.530 Hist: 0.9873 Path: 0.4662 | 1.0s
  Epoch 154/400 | Total: 3.519 Edge: 0.385 Con: 0.163 Cls: 1.521 Hist: 0.9990 Path: 0.4511 | 0.9s
  Epoch 155/400 | Total: 3.503 Edge: 0.383 Con: 0.159 Cls: 1.523 Hist: 0.9886 Path: 0.4500 | Val F1: 0.3082 | 1.1s
  Epoch 156/400 | Total: 3.489 Edge: 0.381 Con: 0.159 Cls: 1.519 Hist: 0.9827 Path: 0.4473 | 0.9s
  Epoch 157/400 | Total: 3.527 Edge: 0.379 Con: 0.162 Cls: 1.545 Hist: 0.9937 Path: 0.4474 | 1.0s
  Epoch 158/400 | Total: 3.539 Edge: 0.386 Con: 0.161 Cls: 1.548 Hist: 0.9880 Path: 0.4564 | 1.0s
  Epoch 159/400 | Total: 3.537 Edge: 0.380 Con: 0.158 Cls: 1.550 Hist: 1.0016 Path: 0.4465 | 0.9s
  Epoch 160/400 | Total: 3.512 Edge: 0.382 Con: 0.160 Cls: 1.527 Hist: 0.9959 Path: 0.4470 | Val F1: 0.3099 | 1.0s
  Epoch 161/400 | Total: 3.523 Edge: 0.383 Con: 0.158 Cls: 1.528 Hist: 0.9937 Path: 0.4600 | 1.1s
  Epoch 162/400 | Total: 3.524 Edge: 0.394 Con: 0.160 Cls: 1.524 Hist: 0.9825 Path: 0.4626 | 1.0s
  Epoch 163/400 | Total: 3.518 Edge: 0.380 Con: 0.161 Cls: 1.528 Hist: 0.9953 Path: 0.4536 | 0.9s
  Epoch 164/400 | Total: 3.516 Edge: 0.382 Con: 0.160 Cls: 1.529 Hist: 0.9930 Path: 0.4522 | 1.0s
  Epoch 165/400 | Total: 3.542 Edge: 0.377 Con: 0.161 Cls: 1.543 Hist: 1.0110 Path: 0.4488 | Val F1: 0.3152 | 1.0s
  Epoch 166/400 | Total: 3.467 Edge: 0.387 Con: 0.162 Cls: 1.500 Hist: 0.9732 Path: 0.4445 | 1.0s
  Epoch 167/400 | Total: 3.501 Edge: 0.389 Con: 0.163 Cls: 1.515 Hist: 0.9837 Path: 0.4514 | 1.0s
  Epoch 168/400 | Total: 3.489 Edge: 0.382 Con: 0.160 Cls: 1.520 Hist: 0.9848 Path: 0.4419 | 1.0s
  Epoch 169/400 | Total: 3.502 Edge: 0.382 Con: 0.160 Cls: 1.521 Hist: 0.9950 Path: 0.4441 | 0.9s
  Epoch 170/400 | Total: 3.539 Edge: 0.389 Con: 0.166 Cls: 1.535 Hist: 1.0060 Path: 0.4426 | Val F1: 0.3152 | 1.1s
  Epoch 171/400 | Total: 3.444 Edge: 0.387 Con: 0.161 Cls: 1.489 Hist: 0.9604 Path: 0.4469 | 1.2s
  Epoch 172/400 | Total: 3.545 Edge: 0.380 Con: 0.160 Cls: 1.544 Hist: 1.0114 Path: 0.4505 | 1.0s
  Epoch 173/400 | Total: 3.497 Edge: 0.385 Con: 0.165 Cls: 1.520 Hist: 0.9764 Path: 0.4508 | 1.0s
  Epoch 174/400 | Total: 3.465 Edge: 0.375 Con: 0.158 Cls: 1.507 Hist: 0.9834 Path: 0.4409 | 1.1s
  Epoch 175/400 | Total: 3.540 Edge: 0.381 Con: 0.164 Cls: 1.540 Hist: 1.0119 Path: 0.4429 | Val F1: 0.3220 | 1.3s
  Epoch 176/400 | Total: 3.455 Edge: 0.378 Con: 0.162 Cls: 1.498 Hist: 0.9706 Path: 0.4463 | 1.0s
  Epoch 177/400 | Total: 3.462 Edge: 0.381 Con: 0.162 Cls: 1.500 Hist: 0.9724 Path: 0.4460 | 1.1s
  Epoch 178/400 | Total: 3.486 Edge: 0.379 Con: 0.163 Cls: 1.517 Hist: 0.9777 Path: 0.4497 | 0.9s
  Epoch 179/400 | Total: 3.458 Edge: 0.374 Con: 0.163 Cls: 1.509 Hist: 0.9746 Path: 0.4374 | 1.1s
  Epoch 180/400 | Total: 3.499 Edge: 0.382 Con: 0.163 Cls: 1.525 Hist: 0.9874 Path: 0.4425 | Val F1: 0.3113 | 1.2s
  Epoch 181/400 | Total: 3.538 Edge: 0.377 Con: 0.160 Cls: 1.547 Hist: 1.0054 Path: 0.4484 | 1.0s
  Epoch 182/400 | Total: 3.506 Edge: 0.391 Con: 0.162 Cls: 1.507 Hist: 0.9792 Path: 0.4663 | 1.0s
  Epoch 183/400 | Total: 3.503 Edge: 0.389 Con: 0.161 Cls: 1.509 Hist: 0.9787 Path: 0.4653 | 1.0s
  Epoch 184/400 | Total: 3.547 Edge: 0.382 Con: 0.162 Cls: 1.547 Hist: 1.0092 Path: 0.4475 | 1.0s
  Epoch 185/400 | Total: 3.473 Edge: 0.380 Con: 0.160 Cls: 1.508 Hist: 0.9780 Path: 0.4466 | Val F1: 0.3265 | 1.0s
  Epoch 186/400 | Total: 3.477 Edge: 0.383 Con: 0.160 Cls: 1.511 Hist: 0.9824 Path: 0.4406 | 1.0s
  Epoch 187/400 | Total: 3.524 Edge: 0.383 Con: 0.161 Cls: 1.540 Hist: 0.9921 Path: 0.4484 | 1.1s
  Epoch 188/400 | Total: 3.548 Edge: 0.381 Con: 0.162 Cls: 1.550 Hist: 1.0067 Path: 0.4482 | 1.0s
  Epoch 189/400 | Total: 3.449 Edge: 0.383 Con: 0.158 Cls: 1.489 Hist: 0.9653 Path: 0.4536 | 0.9s
  Epoch 190/400 | Total: 3.487 Edge: 0.386 Con: 0.165 Cls: 1.509 Hist: 0.9773 Path: 0.4497 | Val F1: 0.3284 | 1.0s
  Epoch 191/400 | Total: 3.480 Edge: 0.385 Con: 0.164 Cls: 1.508 Hist: 0.9820 Path: 0.4412 | 1.0s
  Epoch 192/400 | Total: 3.489 Edge: 0.379 Con: 0.161 Cls: 1.525 Hist: 0.9827 Path: 0.4418 | 1.0s
  Epoch 193/400 | Total: 3.502 Edge: 0.393 Con: 0.164 Cls: 1.508 Hist: 0.9843 Path: 0.4526 | 1.2s
  Epoch 194/400 | Total: 3.503 Edge: 0.386 Con: 0.160 Cls: 1.530 Hist: 0.9845 Path: 0.4427 | 1.0s
  Epoch 195/400 | Total: 3.588 Edge: 0.397 Con: 0.163 Cls: 1.566 Hist: 1.0078 Path: 0.4548 | Val F1: 0.3193 | 1.0s
  Epoch 196/400 | Total: 3.474 Edge: 0.382 Con: 0.160 Cls: 1.506 Hist: 0.9740 Path: 0.4518 | 0.9s
  Epoch 197/400 | Total: 3.500 Edge: 0.374 Con: 0.161 Cls: 1.520 Hist: 0.9978 Path: 0.4469 | 0.9s
  Epoch 198/400 | Total: 3.460 Edge: 0.381 Con: 0.162 Cls: 1.499 Hist: 0.9679 Path: 0.4503 | 1.1s
  Epoch 199/400 | Total: 3.451 Edge: 0.375 Con: 0.162 Cls: 1.502 Hist: 0.9718 Path: 0.4409 | 1.1s
  Epoch 200/400 | Total: 3.487 Edge: 0.374 Con: 0.160 Cls: 1.523 Hist: 0.9827 Path: 0.4475 | Val F1: 0.3144 | 1.2s
  Epoch 201/400 | Total: 3.482 Edge: 0.381 Con: 0.162 Cls: 1.516 Hist: 0.9821 Path: 0.4411 | 1.1s
  Epoch 202/400 | Total: 3.520 Edge: 0.383 Con: 0.164 Cls: 1.530 Hist: 0.9999 Path: 0.4436 | 1.3s
  Epoch 203/400 | Total: 3.449 Edge: 0.380 Con: 0.160 Cls: 1.495 Hist: 0.9711 Path: 0.4438 | 1.0s
  Epoch 204/400 | Total: 3.540 Edge: 0.382 Con: 0.163 Cls: 1.545 Hist: 1.0040 Path: 0.4468 | 0.9s
  Epoch 205/400 | Total: 3.482 Edge: 0.374 Con: 0.159 Cls: 1.520 Hist: 0.9886 Path: 0.4411 | Val F1: 0.3220 | 1.1s
  Epoch 206/400 | Total: 3.481 Edge: 0.377 Con: 0.159 Cls: 1.513 Hist: 0.9862 Path: 0.4461 | 1.1s
  Epoch 207/400 | Total: 3.470 Edge: 0.382 Con: 0.161 Cls: 1.502 Hist: 0.9825 Path: 0.4417 | 1.1s
  Epoch 208/400 | Total: 3.457 Edge: 0.365 Con: 0.157 Cls: 1.509 Hist: 0.9907 Path: 0.4351 | 1.0s
  Epoch 209/400 | Total: 3.471 Edge: 0.376 Con: 0.160 Cls: 1.512 Hist: 0.9846 Path: 0.4385 | 1.0s
  Epoch 210/400 | Total: 3.581 Edge: 0.375 Con: 0.159 Cls: 1.580 Hist: 1.0278 Path: 0.4400 | Val F1: 0.3189 | 1.2s
  Epoch 211/400 | Total: 3.491 Edge: 0.380 Con: 0.159 Cls: 1.517 Hist: 0.9855 Path: 0.4489 | 1.0s
  Epoch 212/400 | Total: 3.456 Edge: 0.378 Con: 0.161 Cls: 1.497 Hist: 0.9752 Path: 0.4445 | 0.9s
  Epoch 213/400 | Total: 3.479 Edge: 0.385 Con: 0.164 Cls: 1.509 Hist: 0.9828 Path: 0.4383 | 1.0s
  Epoch 214/400 | Total: 3.474 Edge: 0.385 Con: 0.167 Cls: 1.500 Hist: 0.9832 Path: 0.4386 | 1.0s
  Epoch 215/400 | Total: 3.448 Edge: 0.390 Con: 0.163 Cls: 1.485 Hist: 0.9657 Path: 0.4448 | Val F1: 0.3229 | 1.1s
  Epoch 216/400 | Total: 3.441 Edge: 0.395 Con: 0.159 Cls: 1.478 Hist: 0.9555 Path: 0.4532 | 1.0s
  Epoch 217/400 | Total: 3.482 Edge: 0.373 Con: 0.160 Cls: 1.518 Hist: 0.9890 Path: 0.4425 | 0.9s
  Epoch 218/400 | Total: 3.437 Edge: 0.378 Con: 0.160 Cls: 1.495 Hist: 0.9631 Path: 0.4422 | 1.0s
  Epoch 219/400 | Total: 3.432 Edge: 0.381 Con: 0.162 Cls: 1.483 Hist: 0.9663 Path: 0.4389 | 1.2s
  Epoch 220/400 | Total: 3.462 Edge: 0.378 Con: 0.161 Cls: 1.502 Hist: 0.9789 Path: 0.4424 | Val F1: 0.3241 | 1.0s
  Epoch 221/400 | Total: 3.440 Edge: 0.376 Con: 0.162 Cls: 1.493 Hist: 0.9693 Path: 0.4395 | 1.1s
  Epoch 222/400 | Total: 3.449 Edge: 0.377 Con: 0.162 Cls: 1.501 Hist: 0.9649 Path: 0.4435 | 1.2s
  Epoch 223/400 | Total: 3.453 Edge: 0.375 Con: 0.162 Cls: 1.504 Hist: 0.9702 Path: 0.4429 | 1.0s
  Epoch 224/400 | Total: 3.457 Edge: 0.376 Con: 0.162 Cls: 1.499 Hist: 0.9770 Path: 0.4428 | 1.0s
  Epoch 225/400 | Total: 3.518 Edge: 0.387 Con: 0.161 Cls: 1.524 Hist: 0.9976 Path: 0.4482 | Val F1: 0.3224 | 1.0s
  Epoch 226/400 | Total: 3.419 Edge: 0.376 Con: 0.161 Cls: 1.485 Hist: 0.9547 Path: 0.4430 | 0.9s
  Epoch 227/400 | Total: 3.414 Edge: 0.376 Con: 0.158 Cls: 1.479 Hist: 0.9567 Path: 0.4442 | 0.9s
  Epoch 228/400 | Total: 3.497 Edge: 0.378 Con: 0.166 Cls: 1.518 Hist: 0.9934 Path: 0.4416 | 1.1s
  Epoch 229/400 | Total: 3.446 Edge: 0.380 Con: 0.160 Cls: 1.493 Hist: 0.9704 Path: 0.4433 | 1.0s
  Epoch 230/400 | Total: 3.449 Edge: 0.380 Con: 0.157 Cls: 1.498 Hist: 0.9751 Path: 0.4400 | Val F1: 0.3259 | 1.0s
  Epoch 231/400 | Total: 3.430 Edge: 0.377 Con: 0.161 Cls: 1.485 Hist: 0.9702 Path: 0.4364 | 1.0s
  Epoch 232/400 | Total: 3.490 Edge: 0.375 Con: 0.161 Cls: 1.529 Hist: 0.9870 Path: 0.4377 | 1.1s
  Epoch 233/400 | Total: 3.441 Edge: 0.383 Con: 0.163 Cls: 1.493 Hist: 0.9596 Path: 0.4436 | 0.9s
  Epoch 234/400 | Total: 3.502 Edge: 0.384 Con: 0.163 Cls: 1.523 Hist: 0.9883 Path: 0.4436 | 1.0s
  Epoch 235/400 | Total: 3.470 Edge: 0.380 Con: 0.163 Cls: 1.505 Hist: 0.9777 Path: 0.4444 | Val F1: 0.3190 | 1.1s
  Epoch 236/400 | Total: 3.482 Edge: 0.374 Con: 0.160 Cls: 1.521 Hist: 0.9903 Path: 0.4363 | 1.0s
  Epoch 237/400 | Total: 3.432 Edge: 0.377 Con: 0.162 Cls: 1.484 Hist: 0.9734 Path: 0.4353 | 1.3s
  Epoch 238/400 | Total: 3.467 Edge: 0.376 Con: 0.162 Cls: 1.513 Hist: 0.9773 Path: 0.4387 | 1.0s
  Epoch 239/400 | Total: 3.472 Edge: 0.379 Con: 0.163 Cls: 1.504 Hist: 0.9784 Path: 0.4466 | 0.9s
  Epoch 240/400 | Total: 3.470 Edge: 0.382 Con: 0.161 Cls: 1.502 Hist: 0.9718 Path: 0.4527 | Val F1: 0.3243 | 1.0s
  Epoch 241/400 | Total: 3.457 Edge: 0.370 Con: 0.159 Cls: 1.513 Hist: 0.9796 Path: 0.4357 | 1.1s
  Epoch 242/400 | Total: 3.491 Edge: 0.389 Con: 0.165 Cls: 1.513 Hist: 0.9814 Path: 0.4424 | 1.1s
  Epoch 243/400 | Total: 3.458 Edge: 0.383 Con: 0.162 Cls: 1.490 Hist: 0.9771 Path: 0.4463 | 1.0s
  Epoch 244/400 | Total: 3.385 Edge: 0.372 Con: 0.158 Cls: 1.472 Hist: 0.9491 Path: 0.4342 | 0.9s
  Epoch 245/400 | Total: 3.371 Edge: 0.371 Con: 0.159 Cls: 1.460 Hist: 0.9482 Path: 0.4331 | Val F1: 0.3439 | 0.9s
  Epoch 246/400 | Total: 3.403 Edge: 0.368 Con: 0.160 Cls: 1.475 Hist: 0.9660 Path: 0.4339 | 1.0s
  Epoch 247/400 | Total: 3.390 Edge: 0.374 Con: 0.163 Cls: 1.461 Hist: 0.9559 Path: 0.4358 | 0.9s
  Epoch 248/400 | Total: 3.424 Edge: 0.370 Con: 0.162 Cls: 1.485 Hist: 0.9650 Path: 0.4420 | 1.1s
  Epoch 249/400 | Total: 3.445 Edge: 0.373 Con: 0.161 Cls: 1.496 Hist: 0.9821 Path: 0.4328 | 1.1s
  Epoch 250/400 | Total: 3.430 Edge: 0.374 Con: 0.161 Cls: 1.487 Hist: 0.9731 Path: 0.4342 | Val F1: 0.3287 | 0.9s
  Epoch 251/400 | Total: 3.461 Edge: 0.376 Con: 0.165 Cls: 1.501 Hist: 0.9798 Path: 0.4382 | 1.1s
  Epoch 252/400 | Total: 3.400 Edge: 0.374 Con: 0.159 Cls: 1.475 Hist: 0.9571 Path: 0.4345 | 1.0s
  Epoch 253/400 | Total: 3.427 Edge: 0.365 Con: 0.157 Cls: 1.496 Hist: 0.9740 Path: 0.4352 | 1.0s
  Epoch 254/400 | Total: 3.475 Edge: 0.382 Con: 0.166 Cls: 1.506 Hist: 0.9847 Path: 0.4377 | 1.0s
  Epoch 255/400 | Total: 3.431 Edge: 0.375 Con: 0.157 Cls: 1.487 Hist: 0.9772 Path: 0.4344 | Val F1: 0.3241 | 1.0s
  Epoch 256/400 | Total: 3.413 Edge: 0.373 Con: 0.162 Cls: 1.481 Hist: 0.9579 Path: 0.4400 | 1.1s
  Epoch 257/400 | Total: 3.462 Edge: 0.377 Con: 0.163 Cls: 1.502 Hist: 0.9789 Path: 0.4414 | 0.9s
  Epoch 258/400 | Total: 3.450 Edge: 0.370 Con: 0.160 Cls: 1.508 Hist: 0.9757 Path: 0.4372 | 0.9s
  Epoch 259/400 | Total: 3.428 Edge: 0.370 Con: 0.162 Cls: 1.487 Hist: 0.9620 Path: 0.4470 | 1.2s
  Epoch 260/400 | Total: 3.406 Edge: 0.369 Con: 0.159 Cls: 1.480 Hist: 0.9633 Path: 0.4345 | Val F1: 0.3354 | 1.2s
  Epoch 261/400 | Total: 3.378 Edge: 0.367 Con: 0.160 Cls: 1.464 Hist: 0.9555 Path: 0.4311 | 1.0s
  Epoch 262/400 | Total: 3.419 Edge: 0.368 Con: 0.162 Cls: 1.489 Hist: 0.9695 Path: 0.4313 | 1.1s
  Epoch 263/400 | Total: 3.419 Edge: 0.369 Con: 0.160 Cls: 1.488 Hist: 0.9712 Path: 0.4300 | 1.2s
  Epoch 264/400 | Total: 3.405 Edge: 0.387 Con: 0.160 Cls: 1.467 Hist: 0.9568 Path: 0.4342 | 1.0s
  Epoch 265/400 | Total: 3.414 Edge: 0.387 Con: 0.158 Cls: 1.467 Hist: 0.9561 Path: 0.4464 | Val F1: 0.3429 | 0.9s
  Epoch 266/400 | Total: 3.477 Edge: 0.391 Con: 0.161 Cls: 1.501 Hist: 0.9778 Path: 0.4458 | 0.9s
  Epoch 267/400 | Total: 3.417 Edge: 0.379 Con: 0.160 Cls: 1.471 Hist: 0.9568 Path: 0.4503 | 1.1s
  Epoch 268/400 | Total: 3.426 Edge: 0.375 Con: 0.160 Cls: 1.481 Hist: 0.9664 Path: 0.4448 | 1.1s
  Epoch 269/400 | Total: 3.412 Edge: 0.371 Con: 0.160 Cls: 1.478 Hist: 0.9641 Path: 0.4390 | 1.0s
  Epoch 270/400 | Total: 3.431 Edge: 0.364 Con: 0.160 Cls: 1.497 Hist: 0.9790 Path: 0.4314 | Val F1: 0.3381 | 1.0s
  Epoch 271/400 | Total: 3.450 Edge: 0.373 Con: 0.162 Cls: 1.502 Hist: 0.9801 Path: 0.4331 | 1.1s
  Epoch 272/400 | Total: 3.484 Edge: 0.384 Con: 0.160 Cls: 1.518 Hist: 0.9862 Path: 0.4359 | 1.0s
  Epoch 273/400 | Total: 3.474 Edge: 0.388 Con: 0.161 Cls: 1.506 Hist: 0.9780 Path: 0.4408 | 1.0s
  Epoch 274/400 | Total: 3.399 Edge: 0.376 Con: 0.160 Cls: 1.466 Hist: 0.9508 Path: 0.4467 | 1.2s
  Epoch 275/400 | Total: 3.420 Edge: 0.366 Con: 0.162 Cls: 1.483 Hist: 0.9711 Path: 0.4373 | Val F1: 0.3388 | 0.9s
  Epoch 276/400 | Total: 3.407 Edge: 0.372 Con: 0.162 Cls: 1.479 Hist: 0.9599 Path: 0.4342 | 1.2s
  Epoch 277/400 | Total: 3.434 Edge: 0.367 Con: 0.159 Cls: 1.494 Hist: 0.9745 Path: 0.4387 | 1.1s
  Epoch 278/400 | Total: 3.411 Edge: 0.364 Con: 0.160 Cls: 1.485 Hist: 0.9671 Path: 0.4347 | 1.0s
  Epoch 279/400 | Total: 3.374 Edge: 0.367 Con: 0.158 Cls: 1.465 Hist: 0.9552 Path: 0.4286 | 1.2s
  Epoch 280/400 | Total: 3.359 Edge: 0.367 Con: 0.160 Cls: 1.462 Hist: 0.9426 Path: 0.4278 | Val F1: 0.3459 | 1.0s
  Epoch 281/400 | Total: 3.429 Edge: 0.372 Con: 0.156 Cls: 1.493 Hist: 0.9745 Path: 0.4334 | 1.1s
  Epoch 282/400 | Total: 3.374 Edge: 0.368 Con: 0.161 Cls: 1.463 Hist: 0.9499 Path: 0.4328 | 1.2s
  Epoch 283/400 | Total: 3.342 Edge: 0.360 Con: 0.156 Cls: 1.452 Hist: 0.9441 Path: 0.4293 | 1.2s
  Epoch 284/400 | Total: 3.370 Edge: 0.361 Con: 0.157 Cls: 1.465 Hist: 0.9600 Path: 0.4260 | 1.1s
  Epoch 285/400 | Total: 3.397 Edge: 0.373 Con: 0.159 Cls: 1.473 Hist: 0.9625 Path: 0.4288 | Val F1: 0.3383 | 1.1s
  Epoch 286/400 | Total: 3.427 Edge: 0.375 Con: 0.165 Cls: 1.487 Hist: 0.9678 Path: 0.4314 | 1.0s
  Epoch 287/400 | Total: 3.387 Edge: 0.369 Con: 0.161 Cls: 1.468 Hist: 0.9571 Path: 0.4319 | 0.9s
  Epoch 288/400 | Total: 3.399 Edge: 0.364 Con: 0.158 Cls: 1.484 Hist: 0.9641 Path: 0.4298 | 1.0s
  Epoch 289/400 | Total: 3.411 Edge: 0.368 Con: 0.157 Cls: 1.489 Hist: 0.9690 Path: 0.4289 | 1.0s
  Epoch 290/400 | Total: 3.444 Edge: 0.375 Con: 0.161 Cls: 1.505 Hist: 0.9688 Path: 0.4348 | Val F1: 0.3244 | 1.1s
  Epoch 291/400 | Total: 3.420 Edge: 0.371 Con: 0.160 Cls: 1.493 Hist: 0.9657 Path: 0.4306 | 1.0s
  Epoch 292/400 | Total: 3.497 Edge: 0.375 Con: 0.165 Cls: 1.529 Hist: 0.9956 Path: 0.4320 | 1.0s
  Epoch 293/400 | Total: 3.377 Edge: 0.374 Con: 0.160 Cls: 1.467 Hist: 0.9479 Path: 0.4285 | 1.0s
  Epoch 294/400 | Total: 3.391 Edge: 0.369 Con: 0.158 Cls: 1.478 Hist: 0.9538 Path: 0.4324 | 1.2s
  Epoch 295/400 | Total: 3.366 Edge: 0.369 Con: 0.161 Cls: 1.455 Hist: 0.9426 Path: 0.4377 | Val F1: 0.3491 | 1.1s
  Epoch 296/400 | Total: 3.405 Edge: 0.371 Con: 0.159 Cls: 1.478 Hist: 0.9600 Path: 0.4378 | 0.9s
  Epoch 297/400 | Total: 3.395 Edge: 0.370 Con: 0.160 Cls: 1.474 Hist: 0.9528 Path: 0.4383 | 0.9s
  Epoch 298/400 | Total: 3.438 Edge: 0.386 Con: 0.159 Cls: 1.484 Hist: 0.9696 Path: 0.4393 | 0.9s
  Epoch 299/400 | Total: 3.441 Edge: 0.366 Con: 0.164 Cls: 1.499 Hist: 0.9803 Path: 0.4320 | 1.3s
  Epoch 300/400 | Total: 3.373 Edge: 0.358 Con: 0.158 Cls: 1.474 Hist: 0.9581 Path: 0.4248 | Val F1: 0.3438 | 1.0s
  Epoch 301/400 | Total: 3.378 Edge: 0.367 Con: 0.159 Cls: 1.467 Hist: 0.9577 Path: 0.4273 | 1.1s
  Epoch 302/400 | Total: 3.376 Edge: 0.366 Con: 0.159 Cls: 1.466 Hist: 0.9516 Path: 0.4329 | 1.1s
  Epoch 303/400 | Total: 3.431 Edge: 0.365 Con: 0.162 Cls: 1.500 Hist: 0.9796 Path: 0.4247 | 1.0s
  Epoch 304/400 | Total: 3.417 Edge: 0.373 Con: 0.163 Cls: 1.486 Hist: 0.9646 Path: 0.4314 | 1.3s
  Epoch 305/400 | Total: 3.401 Edge: 0.361 Con: 0.157 Cls: 1.487 Hist: 0.9704 Path: 0.4248 | Val F1: 0.3465 | 1.1s
  Epoch 306/400 | Total: 3.362 Edge: 0.366 Con: 0.158 Cls: 1.463 Hist: 0.9481 Path: 0.4271 | 1.1s
  Epoch 307/400 | Total: 3.316 Edge: 0.368 Con: 0.157 Cls: 1.440 Hist: 0.9220 Path: 0.4306 | 1.2s
  Epoch 308/400 | Total: 3.463 Edge: 0.378 Con: 0.161 Cls: 1.500 Hist: 0.9900 Path: 0.4345 | 1.0s
  Epoch 309/400 | Total: 3.379 Edge: 0.367 Con: 0.160 Cls: 1.466 Hist: 0.9508 Path: 0.4362 | 0.9s
  Epoch 310/400 | Total: 3.381 Edge: 0.363 Con: 0.158 Cls: 1.461 Hist: 0.9648 Path: 0.4343 | Val F1: 0.3386 | 1.1s
  Epoch 311/400 | Total: 3.390 Edge: 0.358 Con: 0.156 Cls: 1.483 Hist: 0.9668 Path: 0.4268 | 1.3s
  Epoch 312/400 | Total: 3.425 Edge: 0.373 Con: 0.163 Cls: 1.486 Hist: 0.9698 Path: 0.4323 | 1.1s
  Epoch 313/400 | Total: 3.344 Edge: 0.364 Con: 0.156 Cls: 1.456 Hist: 0.9438 Path: 0.4239 | 0.9s
  Epoch 314/400 | Total: 3.364 Edge: 0.371 Con: 0.163 Cls: 1.457 Hist: 0.9464 Path: 0.4267 | 0.9s
  Epoch 315/400 | Total: 3.347 Edge: 0.366 Con: 0.158 Cls: 1.452 Hist: 0.9409 Path: 0.4296 | Val F1: 0.3445 | 1.0s
  Epoch 316/400 | Total: 3.383 Edge: 0.373 Con: 0.159 Cls: 1.461 Hist: 0.9533 Path: 0.4374 | 1.0s
  Epoch 317/400 | Total: 3.413 Edge: 0.371 Con: 0.164 Cls: 1.477 Hist: 0.9659 Path: 0.4357 | 1.0s
  Epoch 318/400 | Total: 3.371 Edge: 0.370 Con: 0.158 Cls: 1.461 Hist: 0.9479 Path: 0.4348 | 1.2s
  Epoch 319/400 | Total: 3.409 Edge: 0.365 Con: 0.158 Cls: 1.482 Hist: 0.9722 Path: 0.4322 | 1.4s
  Epoch 320/400 | Total: 3.355 Edge: 0.367 Con: 0.160 Cls: 1.451 Hist: 0.9394 Path: 0.4378 | Val F1: 0.3352 | 1.0s
  Epoch 321/400 | Total: 3.470 Edge: 0.366 Con: 0.161 Cls: 1.507 Hist: 0.9925 Path: 0.4439 | 0.9s
  Epoch 322/400 | Total: 3.362 Edge: 0.375 Con: 0.164 Cls: 1.455 Hist: 0.9357 Path: 0.4324 | 1.1s
  Epoch 323/400 | Total: 3.406 Edge: 0.373 Con: 0.163 Cls: 1.476 Hist: 0.9637 Path: 0.4304 | 0.9s
  Epoch 324/400 | Total: 3.378 Edge: 0.364 Con: 0.159 Cls: 1.471 Hist: 0.9568 Path: 0.4280 | 0.9s
  Epoch 325/400 | Total: 3.408 Edge: 0.370 Con: 0.164 Cls: 1.483 Hist: 0.9591 Path: 0.4319 | Val F1: 0.3439 | 1.1s
  Epoch 326/400 | Total: 3.376 Edge: 0.361 Con: 0.159 Cls: 1.471 Hist: 0.9559 Path: 0.4287 | 1.1s
  Epoch 327/400 | Total: 3.377 Edge: 0.359 Con: 0.161 Cls: 1.467 Hist: 0.9600 Path: 0.4308 | 1.0s
  Epoch 328/400 | Total: 3.411 Edge: 0.367 Con: 0.160 Cls: 1.483 Hist: 0.9726 Path: 0.4285 | 0.9s
  Epoch 329/400 | Total: 3.345 Edge: 0.361 Con: 0.155 Cls: 1.458 Hist: 0.9436 Path: 0.4271 | 0.9s
  Epoch 330/400 | Total: 3.386 Edge: 0.362 Con: 0.159 Cls: 1.470 Hist: 0.9631 Path: 0.4305 | Val F1: 0.3484 | 1.0s
  Epoch 331/400 | Total: 3.358 Edge: 0.363 Con: 0.161 Cls: 1.457 Hist: 0.9461 Path: 0.4320 | 1.2s
  Epoch 332/400 | Total: 3.397 Edge: 0.378 Con: 0.156 Cls: 1.477 Hist: 0.9533 Path: 0.4324 | 1.1s
  Epoch 333/400 | Total: 3.419 Edge: 0.378 Con: 0.161 Cls: 1.488 Hist: 0.9609 Path: 0.4305 | 1.0s
  Epoch 334/400 | Total: 3.451 Edge: 0.375 Con: 0.161 Cls: 1.512 Hist: 0.9746 Path: 0.4284 | 1.1s
  Epoch 335/400 | Total: 3.356 Edge: 0.365 Con: 0.158 Cls: 1.462 Hist: 0.9442 Path: 0.4270 | Val F1: 0.3507 | 1.1s
  Epoch 336/400 | Total: 3.395 Edge: 0.367 Con: 0.158 Cls: 1.480 Hist: 0.9588 Path: 0.4310 | 1.0s
  Epoch 337/400 | Total: 3.347 Edge: 0.368 Con: 0.157 Cls: 1.449 Hist: 0.9438 Path: 0.4295 | 1.0s
  Epoch 338/400 | Total: 3.325 Edge: 0.360 Con: 0.158 Cls: 1.442 Hist: 0.9351 Path: 0.4293 | 1.0s
  Epoch 339/400 | Total: 3.412 Edge: 0.375 Con: 0.159 Cls: 1.476 Hist: 0.9624 Path: 0.4404 | 1.2s
  Epoch 340/400 | Total: 3.372 Edge: 0.363 Con: 0.158 Cls: 1.463 Hist: 0.9538 Path: 0.4349 | Val F1: 0.3510 | 1.0s
  Epoch 341/400 | Total: 3.382 Edge: 0.371 Con: 0.163 Cls: 1.463 Hist: 0.9521 Path: 0.4332 | 1.1s
  Epoch 342/400 | Total: 3.347 Edge: 0.373 Con: 0.162 Cls: 1.446 Hist: 0.9352 Path: 0.4304 | 1.2s
  Epoch 343/400 | Total: 3.370 Edge: 0.370 Con: 0.160 Cls: 1.460 Hist: 0.9511 Path: 0.4292 | 1.2s
  Epoch 344/400 | Total: 3.432 Edge: 0.394 Con: 0.160 Cls: 1.466 Hist: 0.9621 Path: 0.4496 | 1.0s
  Epoch 345/400 | Total: 3.386 Edge: 0.368 Con: 0.160 Cls: 1.464 Hist: 0.9521 Path: 0.4425 | Val F1: 0.3434 | 1.1s
  Epoch 346/400 | Total: 3.393 Edge: 0.375 Con: 0.160 Cls: 1.463 Hist: 0.9597 Path: 0.4344 | 1.1s
  Epoch 347/400 | Total: 3.404 Edge: 0.369 Con: 0.159 Cls: 1.478 Hist: 0.9648 Path: 0.4323 | 1.0s
  Epoch 348/400 | Total: 3.403 Edge: 0.377 Con: 0.167 Cls: 1.468 Hist: 0.9535 Path: 0.4376 | 0.9s
  Epoch 349/400 | Total: 3.467 Edge: 0.369 Con: 0.164 Cls: 1.515 Hist: 0.9892 Path: 0.4302 | 0.9s
  Epoch 350/400 | Total: 3.395 Edge: 0.369 Con: 0.159 Cls: 1.477 Hist: 0.9609 Path: 0.4284 | Val F1: 0.3484 | 0.9s
  Epoch 351/400 | Total: 3.399 Edge: 0.369 Con: 0.158 Cls: 1.472 Hist: 0.9601 Path: 0.4403 | 1.1s
  Epoch 352/400 | Total: 3.379 Edge: 0.362 Con: 0.159 Cls: 1.470 Hist: 0.9609 Path: 0.4274 | 1.0s
  Epoch 353/400 | Total: 3.358 Edge: 0.360 Con: 0.156 Cls: 1.464 Hist: 0.9532 Path: 0.4247 | 1.0s
  Epoch 354/400 | Total: 3.378 Edge: 0.370 Con: 0.161 Cls: 1.465 Hist: 0.9568 Path: 0.4252 | 1.2s
  Epoch 355/400 | Total: 3.380 Edge: 0.367 Con: 0.160 Cls: 1.466 Hist: 0.9601 Path: 0.4275 | Val F1: 0.3527 | 1.2s
  Epoch 356/400 | Total: 3.425 Edge: 0.369 Con: 0.161 Cls: 1.492 Hist: 0.9765 Path: 0.4260 | 0.9s
  Epoch 357/400 | Total: 3.356 Edge: 0.358 Con: 0.160 Cls: 1.464 Hist: 0.9509 Path: 0.4224 | 1.1s
  Epoch 358/400 | Total: 3.399 Edge: 0.363 Con: 0.160 Cls: 1.484 Hist: 0.9699 Path: 0.4228 | 1.1s
  Epoch 359/400 | Total: 3.359 Edge: 0.366 Con: 0.161 Cls: 1.467 Hist: 0.9429 Path: 0.4214 | 1.1s
  Epoch 360/400 | Total: 3.405 Edge: 0.361 Con: 0.159 Cls: 1.494 Hist: 0.9673 Path: 0.4227 | Val F1: 0.3514 | 1.1s
  Epoch 361/400 | Total: 3.372 Edge: 0.365 Con: 0.160 Cls: 1.465 Hist: 0.9482 Path: 0.4332 | 0.9s
  Epoch 362/400 | Total: 3.296 Edge: 0.353 Con: 0.157 Cls: 1.432 Hist: 0.9313 Path: 0.4231 | 1.0s
  Epoch 363/400 | Total: 3.302 Edge: 0.359 Con: 0.160 Cls: 1.430 Hist: 0.9277 Path: 0.4248 | 1.0s
  Epoch 364/400 | Total: 3.362 Edge: 0.370 Con: 0.160 Cls: 1.461 Hist: 0.9517 Path: 0.4203 | 1.0s
  Epoch 365/400 | Total: 3.342 Edge: 0.365 Con: 0.159 Cls: 1.447 Hist: 0.9443 Path: 0.4273 | Val F1: 0.3462 | 0.9s
  Epoch 366/400 | Total: 3.372 Edge: 0.368 Con: 0.162 Cls: 1.460 Hist: 0.9543 Path: 0.4275 | 1.1s
  Epoch 367/400 | Total: 3.436 Edge: 0.375 Con: 0.161 Cls: 1.498 Hist: 0.9728 Path: 0.4283 | 1.0s
  Epoch 368/400 | Total: 3.367 Edge: 0.364 Con: 0.159 Cls: 1.467 Hist: 0.9556 Path: 0.4215 | 1.2s
  Epoch 369/400 | Total: 3.377 Edge: 0.361 Con: 0.160 Cls: 1.473 Hist: 0.9554 Path: 0.4271 | 1.4s
  Epoch 370/400 | Total: 3.345 Edge: 0.362 Con: 0.160 Cls: 1.453 Hist: 0.9452 Path: 0.4251 | Val F1: 0.3445 | 1.1s
  Epoch 371/400 | Total: 3.384 Edge: 0.365 Con: 0.162 Cls: 1.473 Hist: 0.9626 Path: 0.4214 | 0.9s
  Epoch 372/400 | Total: 3.322 Edge: 0.369 Con: 0.158 Cls: 1.436 Hist: 0.9264 Path: 0.4324 | 1.1s
  Epoch 373/400 | Total: 3.386 Edge: 0.374 Con: 0.163 Cls: 1.465 Hist: 0.9582 Path: 0.4257 | 1.1s
  Epoch 374/400 | Total: 3.366 Edge: 0.370 Con: 0.159 Cls: 1.461 Hist: 0.9525 Path: 0.4233 | 1.0s
  Epoch 375/400 | Total: 3.432 Edge: 0.372 Con: 0.164 Cls: 1.488 Hist: 0.9728 Path: 0.4357 | Val F1: 0.3554 | 1.0s
  Epoch 376/400 | Total: 3.361 Edge: 0.366 Con: 0.161 Cls: 1.453 Hist: 0.9486 Path: 0.4327 | 1.0s
  Epoch 377/400 | Total: 3.366 Edge: 0.369 Con: 0.158 Cls: 1.456 Hist: 0.9530 Path: 0.4295 | 1.2s
  Epoch 378/400 | Total: 3.383 Edge: 0.365 Con: 0.160 Cls: 1.468 Hist: 0.9601 Path: 0.4291 | 1.0s
  Epoch 379/400 | Total: 3.373 Edge: 0.357 Con: 0.157 Cls: 1.479 Hist: 0.9571 Path: 0.4227 | 1.1s
  Epoch 380/400 | Total: 3.341 Edge: 0.358 Con: 0.156 Cls: 1.457 Hist: 0.9482 Path: 0.4207 | Val F1: 0.3552 | 1.2s
  Epoch 381/400 | Total: 3.383 Edge: 0.367 Con: 0.160 Cls: 1.472 Hist: 0.9604 Path: 0.4230 | 1.0s
  Epoch 382/400 | Total: 3.318 Edge: 0.368 Con: 0.159 Cls: 1.435 Hist: 0.9290 Path: 0.4275 | 0.9s
  Epoch 383/400 | Total: 3.404 Edge: 0.377 Con: 0.163 Cls: 1.471 Hist: 0.9610 Path: 0.4317 | 1.0s
  Epoch 384/400 | Total: 3.376 Edge: 0.364 Con: 0.161 Cls: 1.476 Hist: 0.9511 Path: 0.4242 | 1.3s
  Epoch 385/400 | Total: 3.406 Edge: 0.365 Con: 0.160 Cls: 1.486 Hist: 0.9665 Path: 0.4292 | Val F1: 0.3416 | 1.1s
  Epoch 386/400 | Total: 3.369 Edge: 0.369 Con: 0.163 Cls: 1.460 Hist: 0.9518 Path: 0.4257 | 0.9s
  Epoch 387/400 | Total: 3.405 Edge: 0.369 Con: 0.159 Cls: 1.486 Hist: 0.9660 Path: 0.4248 | 1.0s
  Epoch 388/400 | Total: 3.419 Edge: 0.365 Con: 0.159 Cls: 1.489 Hist: 0.9746 Path: 0.4305 | 0.9s
  Epoch 389/400 | Total: 3.318 Edge: 0.363 Con: 0.159 Cls: 1.440 Hist: 0.9322 Path: 0.4250 | 0.9s
  Epoch 390/400 | Total: 3.317 Edge: 0.361 Con: 0.160 Cls: 1.443 Hist: 0.9286 Path: 0.4248 | Val F1: 0.3575 | 1.0s
  Epoch 391/400 | Total: 3.358 Edge: 0.361 Con: 0.161 Cls: 1.454 Hist: 0.9538 Path: 0.4288 | 1.2s
  Epoch 392/400 | Total: 3.368 Edge: 0.358 Con: 0.157 Cls: 1.471 Hist: 0.9558 Path: 0.4261 | 1.1s
  Epoch 393/400 | Total: 3.406 Edge: 0.355 Con: 0.158 Cls: 1.497 Hist: 0.9753 Path: 0.4215 | 1.1s
  Epoch 394/400 | Total: 3.356 Edge: 0.366 Con: 0.161 Cls: 1.465 Hist: 0.9423 Path: 0.4220 | 1.0s
  Epoch 395/400 | Total: 3.354 Edge: 0.359 Con: 0.156 Cls: 1.463 Hist: 0.9520 Path: 0.4245 | Val F1: 0.3500 | 1.0s
  Epoch 396/400 | Total: 3.356 Edge: 0.367 Con: 0.157 Cls: 1.461 Hist: 0.9460 Path: 0.4256 | 0.9s
  Epoch 397/400 | Total: 3.408 Edge: 0.375 Con: 0.164 Cls: 1.481 Hist: 0.9565 Path: 0.4320 | 0.9s
  Epoch 398/400 | Total: 3.354 Edge: 0.365 Con: 0.163 Cls: 1.453 Hist: 0.9499 Path: 0.4229 | 0.9s
  Epoch 399/400 | Total: 3.363 Edge: 0.371 Con: 0.159 Cls: 1.459 Hist: 0.9461 Path: 0.4271 | 1.1s
  Epoch 400/400 | Total: 3.405 Edge: 0.374 Con: 0.161 Cls: 1.478 Hist: 0.9691 Path: 0.4217 | Val F1: 0.3342 | 1.3s
  Best Val F1: 0.3575 | Test F1: 0.3582
  Total training time: 463.8s (7.7 min)

======================================================================
  Val  Macro-F1: 0.3575
  Test Macro-F1: 0.3582
  Test Accuracy: 0.6275
  Time: 465.7s
======================================================================

  Results saved to: results/NESS_ogbn-arxiv_MCAR_0.6_20260722_072747
