/home/erfan/MATE/venv/lib/python3.13/site-packages/outdated/__init__.py:36: UserWarning: pkg_resources is deprecated as an API. See https://setuptools.pypa.io/en/latest/pkg_resources.html. The pkg_resources package is slated for removal as early as 2025-11-30. Refrain from using this package or pin to Setuptools<81.
  from pkg_resources import parse_version
/home/erfan/MATE/ogbn_benchmarks/data_loader.py:96: UserWarning: Sparse invariant checks are implicitly disabled. Memory errors (e.g. SEGFAULT) will occur when operating on a sparse tensor which violates the invariants, but checks incur performance overhead. To silence this warning, explicitly opt in or out. See `torch.sparse.check_sparse_tensor_invariants.__doc__` for guidance.  (Triggered internally at /pytorch/aten/src/ATen/Context.cpp:760.)
  adj = torch.sparse_coo_tensor(edge_index, vals, (num_nodes, num_nodes)).coalesce()
======================================================================
  NESS | ogbn-arxiv | MCAR @ 60%
======================================================================
[1/3] Loading ogbn-arxiv...
  169,343 nodes | 128 dims | 40 classes
[2/3] Simulating MCAR missingness...
Simulating MCAR missingness at 60% rate...
  MCAR: Uniform random selection
  Observable: 67,738 (40.0%)
  Masked: 101,605 (60.0%)
  Observable: 67,738 | Val: 50,802 | Test: 50,803
[3/3] Running NESS...
  Prefilling missing nodes via Feature Propagation (40 iters)...
  Computing neighbor label-histogram target (2-hop, observable labels)...
  Partitioning graph into 20 clusters (cache_device=gpu)...
  Cached 20 clusters
  Training NESS for up to 400 epochs (patience=20)...
  Epoch 1/400 | Total: 8.178 Edge: 0.666 Con: 0.483 Cls: 3.615 Hist: 2.7265 Path: 0.6882 | 10.5s
  Epoch 2/400 | Total: 7.162 Edge: 0.612 Con: 0.387 Cls: 3.211 Hist: 2.2808 Path: 0.6719 | 1.1s
  Epoch 3/400 | Total: 6.868 Edge: 0.573 Con: 0.356 Cls: 3.089 Hist: 2.1903 Path: 0.6589 | 1.0s
  Epoch 4/400 | Total: 6.632 Edge: 0.557 Con: 0.319 Cls: 3.009 Hist: 2.1008 Path: 0.6468 | 1.4s
  Epoch 5/400 | Total: 6.369 Edge: 0.545 Con: 0.269 Cls: 2.933 Hist: 1.9885 Path: 0.6334 | Val F1: 0.0317 | 1.0s
  Epoch 6/400 | Total: 6.099 Edge: 0.542 Con: 0.237 Cls: 2.814 Hist: 1.8707 Path: 0.6355 | 1.0s
  Epoch 7/400 | Total: 5.750 Edge: 0.539 Con: 0.215 Cls: 2.626 Hist: 1.7303 Path: 0.6391 | 1.0s
  Epoch 8/400 | Total: 5.475 Edge: 0.539 Con: 0.200 Cls: 2.483 Hist: 1.6311 Path: 0.6224 | 0.9s
  Epoch 9/400 | Total: 5.288 Edge: 0.536 Con: 0.190 Cls: 2.380 Hist: 1.5607 Path: 0.6213 | 1.1s
  Epoch 10/400 | Total: 5.161 Edge: 0.521 Con: 0.181 Cls: 2.319 Hist: 1.5279 Path: 0.6127 | Val F1: 0.0951 | 1.2s
  Epoch 11/400 | Total: 5.014 Edge: 0.519 Con: 0.175 Cls: 2.246 Hist: 1.4649 Path: 0.6096 | 1.1s
  Epoch 12/400 | Total: 4.879 Edge: 0.513 Con: 0.169 Cls: 2.176 Hist: 1.4193 Path: 0.6019 | 0.9s
  Epoch 13/400 | Total: 4.778 Edge: 0.508 Con: 0.164 Cls: 2.123 Hist: 1.3828 Path: 0.6006 | 1.3s
  Epoch 14/400 | Total: 4.689 Edge: 0.500 Con: 0.162 Cls: 2.083 Hist: 1.3496 Path: 0.5953 | 1.0s
  Epoch 15/400 | Total: 4.645 Edge: 0.496 Con: 0.159 Cls: 2.065 Hist: 1.3302 Path: 0.5946 | Val F1: 0.1194 | 1.0s
  Epoch 16/400 | Total: 4.557 Edge: 0.487 Con: 0.156 Cls: 2.023 Hist: 1.3072 Path: 0.5845 | 1.0s
  Epoch 17/400 | Total: 4.560 Edge: 0.484 Con: 0.153 Cls: 2.028 Hist: 1.3113 Path: 0.5826 | 1.1s
  Epoch 18/400 | Total: 4.445 Edge: 0.476 Con: 0.150 Cls: 1.974 Hist: 1.2715 Path: 0.5734 | 1.1s
  Epoch 19/400 | Total: 4.410 Edge: 0.472 Con: 0.147 Cls: 1.963 Hist: 1.2616 Path: 0.5666 | 1.0s
  Epoch 20/400 | Total: 4.318 Edge: 0.467 Con: 0.146 Cls: 1.909 Hist: 1.2344 Path: 0.5613 | Val F1: 0.1705 | 1.0s
  Epoch 21/400 | Total: 4.272 Edge: 0.459 Con: 0.143 Cls: 1.890 Hist: 1.2267 Path: 0.5539 | 1.0s
  Epoch 22/400 | Total: 4.245 Edge: 0.456 Con: 0.142 Cls: 1.881 Hist: 1.2155 Path: 0.5500 | 1.0s
  Epoch 23/400 | Total: 4.215 Edge: 0.464 Con: 0.139 Cls: 1.858 Hist: 1.2039 Path: 0.5512 | 1.2s
  Epoch 24/400 | Total: 4.136 Edge: 0.444 Con: 0.137 Cls: 1.828 Hist: 1.1840 Path: 0.5427 | 1.1s
  Epoch 25/400 | Total: 4.122 Edge: 0.447 Con: 0.135 Cls: 1.820 Hist: 1.1767 Path: 0.5431 | Val F1: 0.2155 | 1.1s
  Epoch 26/400 | Total: 4.158 Edge: 0.449 Con: 0.133 Cls: 1.848 Hist: 1.1849 Path: 0.5426 | 1.0s
  Epoch 27/400 | Total: 4.085 Edge: 0.457 Con: 0.132 Cls: 1.787 Hist: 1.1611 Path: 0.5485 | 1.2s
  Epoch 28/400 | Total: 4.002 Edge: 0.444 Con: 0.130 Cls: 1.750 Hist: 1.1380 Path: 0.5406 | 1.0s
  Epoch 29/400 | Total: 4.026 Edge: 0.439 Con: 0.130 Cls: 1.774 Hist: 1.1506 Path: 0.5323 | 1.1s
  Epoch 30/400 | Total: 3.994 Edge: 0.438 Con: 0.128 Cls: 1.759 Hist: 1.1383 Path: 0.5307 | Val F1: 0.2207 | 1.2s
  Epoch 31/400 | Total: 3.946 Edge: 0.432 Con: 0.127 Cls: 1.741 Hist: 1.1285 Path: 0.5178 | 1.2s
  Epoch 32/400 | Total: 3.962 Edge: 0.426 Con: 0.126 Cls: 1.759 Hist: 1.1322 Path: 0.5178 | 1.1s
  Epoch 33/400 | Total: 4.030 Edge: 0.432 Con: 0.125 Cls: 1.799 Hist: 1.1490 Path: 0.5242 | 1.2s
  Epoch 34/400 | Total: 3.904 Edge: 0.428 Con: 0.124 Cls: 1.722 Hist: 1.1121 Path: 0.5182 | 1.0s
  Epoch 35/400 | Total: 3.883 Edge: 0.420 Con: 0.123 Cls: 1.718 Hist: 1.1102 Path: 0.5122 | Val F1: 0.2266 | 1.3s
  Epoch 36/400 | Total: 3.879 Edge: 0.418 Con: 0.123 Cls: 1.717 Hist: 1.1105 Path: 0.5089 | 1.0s
  Epoch 37/400 | Total: 3.893 Edge: 0.415 Con: 0.122 Cls: 1.730 Hist: 1.1169 Path: 0.5089 | 1.8s
  Epoch 38/400 | Total: 3.893 Edge: 0.424 Con: 0.122 Cls: 1.721 Hist: 1.1038 Path: 0.5226 | 2.1s
  Epoch 39/400 | Total: 3.838 Edge: 0.414 Con: 0.122 Cls: 1.696 Hist: 1.0964 Path: 0.5098 | 2.1s
  Epoch 40/400 | Total: 3.780 Edge: 0.412 Con: 0.121 Cls: 1.673 Hist: 1.0735 Path: 0.5002 | Val F1: 0.2273 | 2.0s
  Epoch 41/400 | Total: 3.804 Edge: 0.412 Con: 0.120 Cls: 1.687 Hist: 1.0847 Path: 0.4998 | 2.2s
  Epoch 42/400 | Total: 3.819 Edge: 0.410 Con: 0.119 Cls: 1.698 Hist: 1.0940 Path: 0.4979 | 2.3s
  Epoch 43/400 | Total: 3.883 Edge: 0.424 Con: 0.120 Cls: 1.724 Hist: 1.1048 Path: 0.5104 | 2.1s
  Epoch 44/400 | Total: 3.838 Edge: 0.425 Con: 0.119 Cls: 1.696 Hist: 1.0910 Path: 0.5071 | 2.0s
  Epoch 45/400 | Total: 3.806 Edge: 0.428 Con: 0.119 Cls: 1.674 Hist: 1.0722 Path: 0.5127 | Val F1: 0.2283 | 2.1s
  Epoch 46/400 | Total: 3.793 Edge: 0.420 Con: 0.119 Cls: 1.675 Hist: 1.0726 Path: 0.5069 | 2.1s
  Epoch 47/400 | Total: 3.773 Edge: 0.420 Con: 0.118 Cls: 1.663 Hist: 1.0708 Path: 0.5009 | 2.1s
  Epoch 48/400 | Total: 3.717 Edge: 0.404 Con: 0.117 Cls: 1.644 Hist: 1.0618 Path: 0.4896 | 2.1s
  Epoch 49/400 | Total: 3.717 Edge: 0.412 Con: 0.117 Cls: 1.639 Hist: 1.0535 Path: 0.4956 | 2.1s
  Epoch 50/400 | Total: 3.702 Edge: 0.405 Con: 0.117 Cls: 1.633 Hist: 1.0557 Path: 0.4921 | Val F1: 0.2453 | 2.1s
  Epoch 51/400 | Total: 3.734 Edge: 0.404 Con: 0.117 Cls: 1.660 Hist: 1.0686 Path: 0.4851 | 2.2s
  Epoch 52/400 | Total: 3.722 Edge: 0.403 Con: 0.117 Cls: 1.653 Hist: 1.0599 Path: 0.4895 | 2.2s
  Epoch 53/400 | Total: 3.718 Edge: 0.396 Con: 0.116 Cls: 1.661 Hist: 1.0595 Path: 0.4852 | 2.2s
  Epoch 54/400 | Total: 3.661 Edge: 0.399 Con: 0.116 Cls: 1.621 Hist: 1.0417 Path: 0.4833 | 2.0s
  Epoch 55/400 | Total: 3.663 Edge: 0.405 Con: 0.116 Cls: 1.621 Hist: 1.0375 Path: 0.4847 | Val F1: 0.2378 | 2.2s
  Epoch 56/400 | Total: 3.683 Edge: 0.400 Con: 0.115 Cls: 1.635 Hist: 1.0486 Path: 0.4841 | 1.9s
  Epoch 57/400 | Total: 3.658 Edge: 0.400 Con: 0.115 Cls: 1.623 Hist: 1.0343 Path: 0.4859 | 1.5s
  Epoch 58/400 | Total: 3.670 Edge: 0.397 Con: 0.115 Cls: 1.629 Hist: 1.0432 Path: 0.4857 | 1.5s
  Epoch 59/400 | Total: 3.674 Edge: 0.400 Con: 0.115 Cls: 1.634 Hist: 1.0437 Path: 0.4816 | 1.6s
  Epoch 60/400 | Total: 3.709 Edge: 0.412 Con: 0.115 Cls: 1.643 Hist: 1.0501 Path: 0.4889 | Val F1: 0.2492 | 1.7s
  Epoch 61/400 | Total: 3.622 Edge: 0.403 Con: 0.115 Cls: 1.603 Hist: 1.0244 Path: 0.4781 | 1.7s
  Epoch 62/400 | Total: 3.598 Edge: 0.404 Con: 0.114 Cls: 1.585 Hist: 1.0183 Path: 0.4761 | 1.2s
  Epoch 63/400 | Total: 3.593 Edge: 0.400 Con: 0.114 Cls: 1.582 Hist: 1.0190 Path: 0.4779 | 1.2s
  Epoch 64/400 | Total: 3.579 Edge: 0.401 Con: 0.114 Cls: 1.574 Hist: 1.0124 Path: 0.4783 | 1.3s
  Epoch 65/400 | Total: 3.587 Edge: 0.390 Con: 0.114 Cls: 1.583 Hist: 1.0198 Path: 0.4799 | Val F1: 0.2676 | 1.6s
  Epoch 66/400 | Total: 3.588 Edge: 0.386 Con: 0.114 Cls: 1.591 Hist: 1.0239 Path: 0.4733 | 1.7s
  Epoch 67/400 | Total: 3.560 Edge: 0.384 Con: 0.114 Cls: 1.575 Hist: 1.0156 Path: 0.4723 | 1.9s
  Epoch 68/400 | Total: 3.542 Edge: 0.384 Con: 0.114 Cls: 1.566 Hist: 1.0086 Path: 0.4696 | 1.8s
  Epoch 69/400 | Total: 3.521 Edge: 0.386 Con: 0.113 Cls: 1.551 Hist: 0.9983 Path: 0.4728 | 1.5s
  Epoch 70/400 | Total: 3.545 Edge: 0.396 Con: 0.113 Cls: 1.560 Hist: 0.9997 Path: 0.4768 | Val F1: 0.2525 | 1.5s
  Epoch 71/400 | Total: 3.583 Edge: 0.391 Con: 0.113 Cls: 1.587 Hist: 1.0164 Path: 0.4760 | 1.4s
  Epoch 72/400 | Total: 3.533 Edge: 0.395 Con: 0.112 Cls: 1.550 Hist: 0.9974 Path: 0.4793 | 1.7s
  Epoch 73/400 | Total: 3.533 Edge: 0.384 Con: 0.112 Cls: 1.557 Hist: 1.0058 Path: 0.4739 | 1.6s
  Epoch 74/400 | Total: 3.508 Edge: 0.383 Con: 0.112 Cls: 1.545 Hist: 1.0003 Path: 0.4675 | 1.9s
  Epoch 75/400 | Total: 3.494 Edge: 0.378 Con: 0.112 Cls: 1.543 Hist: 0.9967 Path: 0.4638 | Val F1: 0.2873 | 1.1s
  Epoch 76/400 | Total: 3.475 Edge: 0.382 Con: 0.111 Cls: 1.529 Hist: 0.9863 Path: 0.4658 | 1.6s
  Epoch 77/400 | Total: 3.481 Edge: 0.379 Con: 0.111 Cls: 1.532 Hist: 0.9943 Path: 0.4635 | 1.5s
  Epoch 78/400 | Total: 3.485 Edge: 0.381 Con: 0.112 Cls: 1.533 Hist: 0.9971 Path: 0.4628 | 1.4s
  Epoch 79/400 | Total: 3.473 Edge: 0.382 Con: 0.112 Cls: 1.527 Hist: 0.9857 Path: 0.4669 | 1.7s
  Epoch 80/400 | Total: 3.476 Edge: 0.379 Con: 0.112 Cls: 1.531 Hist: 0.9900 Path: 0.4635 | Val F1: 0.2900 | 2.0s
  Epoch 81/400 | Total: 3.442 Edge: 0.376 Con: 0.111 Cls: 1.514 Hist: 0.9804 Path: 0.4594 | 1.3s
  Epoch 82/400 | Total: 3.507 Edge: 0.378 Con: 0.111 Cls: 1.561 Hist: 1.0004 Path: 0.4563 | 1.3s
  Epoch 83/400 | Total: 3.455 Edge: 0.375 Con: 0.111 Cls: 1.528 Hist: 0.9850 Path: 0.4569 | 1.7s
  Epoch 84/400 | Total: 3.434 Edge: 0.373 Con: 0.111 Cls: 1.515 Hist: 0.9790 Path: 0.4566 | 1.4s
  Epoch 85/400 | Total: 3.431 Edge: 0.371 Con: 0.111 Cls: 1.511 Hist: 0.9842 Path: 0.4540 | Val F1: 0.2950 | 1.7s
  Epoch 86/400 | Total: 3.409 Edge: 0.368 Con: 0.110 Cls: 1.505 Hist: 0.9763 Path: 0.4502 | 1.6s
  Epoch 87/400 | Total: 3.414 Edge: 0.370 Con: 0.111 Cls: 1.503 Hist: 0.9754 Path: 0.4546 | 1.9s
  Epoch 88/400 | Total: 3.409 Edge: 0.374 Con: 0.111 Cls: 1.495 Hist: 0.9706 Path: 0.4585 | 1.3s
  Epoch 89/400 | Total: 3.418 Edge: 0.373 Con: 0.111 Cls: 1.506 Hist: 0.9722 Path: 0.4559 | 1.1s
  Epoch 90/400 | Total: 3.425 Edge: 0.372 Con: 0.111 Cls: 1.512 Hist: 0.9769 Path: 0.4530 | Val F1: 0.2918 | 1.5s
  Epoch 91/400 | Total: 3.403 Edge: 0.366 Con: 0.111 Cls: 1.503 Hist: 0.9735 Path: 0.4494 | 1.4s
  Epoch 92/400 | Total: 3.410 Edge: 0.365 Con: 0.111 Cls: 1.509 Hist: 0.9789 Path: 0.4460 | 1.5s
  Epoch 93/400 | Total: 3.421 Edge: 0.368 Con: 0.110 Cls: 1.512 Hist: 0.9824 Path: 0.4485 | 1.8s
  Epoch 94/400 | Total: 3.405 Edge: 0.371 Con: 0.110 Cls: 1.498 Hist: 0.9745 Path: 0.4525 | 1.8s
  Epoch 95/400 | Total: 3.422 Edge: 0.374 Con: 0.110 Cls: 1.504 Hist: 0.9790 Path: 0.4535 | Val F1: 0.3131 | 1.4s
  Epoch 96/400 | Total: 3.366 Edge: 0.369 Con: 0.110 Cls: 1.482 Hist: 0.9587 Path: 0.4473 | 1.2s
  Epoch 97/400 | Total: 3.396 Edge: 0.371 Con: 0.110 Cls: 1.497 Hist: 0.9705 Path: 0.4482 | 1.1s
  Epoch 98/400 | Total: 3.376 Edge: 0.369 Con: 0.110 Cls: 1.484 Hist: 0.9648 Path: 0.4477 | 1.2s
  Epoch 99/400 | Total: 3.399 Edge: 0.374 Con: 0.110 Cls: 1.492 Hist: 0.9692 Path: 0.4537 | 1.2s
  Epoch 100/400 | Total: 3.424 Edge: 0.365 Con: 0.110 Cls: 1.514 Hist: 0.9858 Path: 0.4493 | Val F1: 0.3153 | 1.0s
  Epoch 101/400 | Total: 3.379 Edge: 0.370 Con: 0.110 Cls: 1.490 Hist: 0.9619 Path: 0.4466 | 1.1s
  Epoch 102/400 | Total: 3.397 Edge: 0.373 Con: 0.110 Cls: 1.493 Hist: 0.9678 Path: 0.4534 | 1.1s
  Epoch 103/400 | Total: 3.365 Edge: 0.364 Con: 0.110 Cls: 1.480 Hist: 0.9619 Path: 0.4495 | 1.1s
  Epoch 104/400 | Total: 3.355 Edge: 0.363 Con: 0.110 Cls: 1.478 Hist: 0.9577 Path: 0.4467 | 1.1s
  Epoch 105/400 | Total: 3.364 Edge: 0.360 Con: 0.110 Cls: 1.483 Hist: 0.9601 Path: 0.4512 | Val F1: 0.3144 | 1.1s
  Epoch 106/400 | Total: 3.350 Edge: 0.362 Con: 0.109 Cls: 1.471 Hist: 0.9581 Path: 0.4501 | 1.1s
  Epoch 107/400 | Total: 3.350 Edge: 0.364 Con: 0.110 Cls: 1.475 Hist: 0.9580 Path: 0.4429 | 1.1s
  Epoch 108/400 | Total: 3.327 Edge: 0.361 Con: 0.109 Cls: 1.468 Hist: 0.9523 Path: 0.4367 | 1.1s
  Epoch 109/400 | Total: 3.344 Edge: 0.358 Con: 0.109 Cls: 1.474 Hist: 0.9645 Path: 0.4380 | 1.4s
  Epoch 110/400 | Total: 3.328 Edge: 0.358 Con: 0.109 Cls: 1.465 Hist: 0.9598 Path: 0.4357 | Val F1: 0.3221 | 1.4s
  Epoch 111/400 | Total: 3.328 Edge: 0.358 Con: 0.109 Cls: 1.465 Hist: 0.9567 Path: 0.4386 | 1.4s
  Epoch 112/400 | Total: 3.319 Edge: 0.359 Con: 0.108 Cls: 1.464 Hist: 0.9494 Path: 0.4390 | 1.0s
  Epoch 113/400 | Total: 3.331 Edge: 0.356 Con: 0.109 Cls: 1.468 Hist: 0.9589 Path: 0.4388 | 1.0s
  Epoch 114/400 | Total: 3.338 Edge: 0.357 Con: 0.109 Cls: 1.474 Hist: 0.9601 Path: 0.4375 | 1.1s
  Epoch 115/400 | Total: 3.323 Edge: 0.361 Con: 0.110 Cls: 1.458 Hist: 0.9528 Path: 0.4421 | Val F1: 0.3247 | 1.0s
  Epoch 116/400 | Total: 3.301 Edge: 0.357 Con: 0.109 Cls: 1.452 Hist: 0.9478 Path: 0.4361 | 1.1s
  Epoch 117/400 | Total: 3.321 Edge: 0.355 Con: 0.109 Cls: 1.463 Hist: 0.9564 Path: 0.4377 | 1.0s
  Epoch 118/400 | Total: 3.330 Edge: 0.360 Con: 0.108 Cls: 1.471 Hist: 0.9570 Path: 0.4345 | 1.0s
  Epoch 119/400 | Total: 3.326 Edge: 0.364 Con: 0.109 Cls: 1.463 Hist: 0.9565 Path: 0.4332 | 1.0s
  Epoch 120/400 | Total: 3.307 Edge: 0.357 Con: 0.109 Cls: 1.458 Hist: 0.9501 Path: 0.4334 | Val F1: 0.3192 | 1.2s
  Epoch 121/400 | Total: 3.338 Edge: 0.363 Con: 0.109 Cls: 1.469 Hist: 0.9568 Path: 0.4404 | 1.1s
  Epoch 122/400 | Total: 3.366 Edge: 0.378 Con: 0.109 Cls: 1.467 Hist: 0.9547 Path: 0.4572 | 1.1s
  Epoch 123/400 | Total: 3.347 Edge: 0.366 Con: 0.110 Cls: 1.463 Hist: 0.9555 Path: 0.4521 | 1.1s
  Epoch 124/400 | Total: 3.322 Edge: 0.360 Con: 0.109 Cls: 1.461 Hist: 0.9499 Path: 0.4422 | 1.2s
  Epoch 125/400 | Total: 3.353 Edge: 0.359 Con: 0.109 Cls: 1.480 Hist: 0.9655 Path: 0.4401 | Val F1: 0.3225 | 1.0s
  Epoch 126/400 | Total: 3.361 Edge: 0.359 Con: 0.109 Cls: 1.489 Hist: 0.9660 Path: 0.4375 | 1.0s
  Epoch 127/400 | Total: 3.329 Edge: 0.359 Con: 0.108 Cls: 1.471 Hist: 0.9579 Path: 0.4328 | 1.1s
  Epoch 128/400 | Total: 3.301 Edge: 0.355 Con: 0.110 Cls: 1.454 Hist: 0.9475 Path: 0.4350 | 1.1s
  Epoch 129/400 | Total: 3.298 Edge: 0.356 Con: 0.109 Cls: 1.453 Hist: 0.9438 Path: 0.4355 | 1.1s
  Epoch 130/400 | Total: 3.295 Edge: 0.354 Con: 0.109 Cls: 1.452 Hist: 0.9483 Path: 0.4321 | Val F1: 0.3383 | 1.1s
  Epoch 131/400 | Total: 3.306 Edge: 0.358 Con: 0.109 Cls: 1.453 Hist: 0.9458 Path: 0.4397 | 1.3s
  Epoch 132/400 | Total: 3.315 Edge: 0.357 Con: 0.109 Cls: 1.459 Hist: 0.9552 Path: 0.4339 | 1.2s
  Epoch 133/400 | Total: 3.323 Edge: 0.368 Con: 0.109 Cls: 1.454 Hist: 0.9505 Path: 0.4416 | 1.3s
  Epoch 134/400 | Total: 3.305 Edge: 0.364 Con: 0.108 Cls: 1.447 Hist: 0.9457 Path: 0.4403 | 1.7s
  Epoch 135/400 | Total: 3.289 Edge: 0.356 Con: 0.109 Cls: 1.445 Hist: 0.9433 Path: 0.4366 | Val F1: 0.3331 | 1.2s
  Epoch 136/400 | Total: 3.340 Edge: 0.357 Con: 0.109 Cls: 1.478 Hist: 0.9592 Path: 0.4375 | 1.1s
  Epoch 137/400 | Total: 3.296 Edge: 0.360 Con: 0.108 Cls: 1.448 Hist: 0.9431 Path: 0.4369 | 1.1s
  Epoch 138/400 | Total: 3.291 Edge: 0.360 Con: 0.108 Cls: 1.440 Hist: 0.9429 Path: 0.4392 | 1.0s
  Epoch 139/400 | Total: 3.345 Edge: 0.358 Con: 0.109 Cls: 1.478 Hist: 0.9653 Path: 0.4349 | 1.1s
  Epoch 140/400 | Total: 3.298 Edge: 0.358 Con: 0.108 Cls: 1.450 Hist: 0.9456 Path: 0.4363 | Val F1: 0.3357 | 1.0s
  Epoch 141/400 | Total: 3.307 Edge: 0.360 Con: 0.109 Cls: 1.453 Hist: 0.9475 Path: 0.4364 | 1.0s
  Epoch 142/400 | Total: 3.281 Edge: 0.354 Con: 0.108 Cls: 1.442 Hist: 0.9450 Path: 0.4321 | 1.0s
  Epoch 143/400 | Total: 3.271 Edge: 0.351 Con: 0.108 Cls: 1.441 Hist: 0.9415 Path: 0.4305 | 1.1s
  Epoch 144/400 | Total: 3.267 Edge: 0.349 Con: 0.108 Cls: 1.438 Hist: 0.9410 Path: 0.4308 | 1.0s
  Epoch 145/400 | Total: 3.264 Edge: 0.348 Con: 0.108 Cls: 1.440 Hist: 0.9425 Path: 0.4245 | Val F1: 0.3410 | 1.1s
  Epoch 146/400 | Total: 3.274 Edge: 0.349 Con: 0.108 Cls: 1.444 Hist: 0.9479 Path: 0.4247 | 1.1s
  Epoch 147/400 | Total: 3.286 Edge: 0.349 Con: 0.108 Cls: 1.450 Hist: 0.9520 Path: 0.4265 | 1.0s
  Epoch 148/400 | Total: 3.262 Edge: 0.351 Con: 0.108 Cls: 1.439 Hist: 0.9375 Path: 0.4257 | 1.0s
  Epoch 149/400 | Total: 3.265 Edge: 0.351 Con: 0.108 Cls: 1.443 Hist: 0.9368 Path: 0.4272 | 1.1s
  Epoch 150/400 | Total: 3.253 Edge: 0.350 Con: 0.108 Cls: 1.430 Hist: 0.9353 Path: 0.4291 | Val F1: 0.3285 | 1.1s
  Epoch 151/400 | Total: 3.268 Edge: 0.353 Con: 0.108 Cls: 1.438 Hist: 0.9395 Path: 0.4291 | 1.0s
  Epoch 152/400 | Total: 3.264 Edge: 0.353 Con: 0.109 Cls: 1.437 Hist: 0.9360 Path: 0.4298 | 1.0s
  Epoch 153/400 | Total: 3.265 Edge: 0.354 Con: 0.108 Cls: 1.435 Hist: 0.9390 Path: 0.4290 | 1.0s
  Epoch 154/400 | Total: 3.286 Edge: 0.351 Con: 0.108 Cls: 1.446 Hist: 0.9471 Path: 0.4334 | 1.1s
  Epoch 155/400 | Total: 3.283 Edge: 0.354 Con: 0.109 Cls: 1.448 Hist: 0.9394 Path: 0.4336 | Val F1: 0.3475 | 1.1s
  Epoch 156/400 | Total: 3.273 Edge: 0.355 Con: 0.109 Cls: 1.439 Hist: 0.9383 Path: 0.4321 | 1.2s
  Epoch 157/400 | Total: 3.271 Edge: 0.361 Con: 0.108 Cls: 1.438 Hist: 0.9354 Path: 0.4289 | 1.1s
  Epoch 158/400 | Total: 3.310 Edge: 0.368 Con: 0.108 Cls: 1.441 Hist: 0.9424 Path: 0.4506 | 1.1s
  Epoch 159/400 | Total: 3.307 Edge: 0.358 Con: 0.108 Cls: 1.452 Hist: 0.9482 Path: 0.4413 | 1.3s
  Epoch 160/400 | Total: 3.291 Edge: 0.349 Con: 0.108 Cls: 1.453 Hist: 0.9476 Path: 0.4332 | Val F1: 0.3401 | 1.1s
  Epoch 161/400 | Total: 3.259 Edge: 0.353 Con: 0.108 Cls: 1.429 Hist: 0.9321 Path: 0.4366 | 1.4s
  Epoch 162/400 | Total: 3.252 Edge: 0.350 Con: 0.108 Cls: 1.429 Hist: 0.9333 Path: 0.4329 | 1.2s
  Epoch 163/400 | Total: 3.314 Edge: 0.353 Con: 0.108 Cls: 1.457 Hist: 0.9561 Path: 0.4384 | 1.1s
  Epoch 164/400 | Total: 3.323 Edge: 0.359 Con: 0.107 Cls: 1.461 Hist: 0.9491 Path: 0.4462 | 1.1s
  Epoch 165/400 | Total: 3.274 Edge: 0.349 Con: 0.108 Cls: 1.444 Hist: 0.9426 Path: 0.4304 | Val F1: 0.3310 | 1.1s
  Epoch 166/400 | Total: 3.253 Edge: 0.349 Con: 0.108 Cls: 1.433 Hist: 0.9349 Path: 0.4276 | 0.9s
  Epoch 167/400 | Total: 3.258 Edge: 0.350 Con: 0.108 Cls: 1.434 Hist: 0.9385 Path: 0.4280 | 0.9s
  Epoch 168/400 | Total: 3.270 Edge: 0.354 Con: 0.108 Cls: 1.432 Hist: 0.9346 Path: 0.4411 | 1.0s
  Epoch 169/400 | Total: 3.234 Edge: 0.348 Con: 0.108 Cls: 1.421 Hist: 0.9297 Path: 0.4278 | 1.0s
  Epoch 170/400 | Total: 3.248 Edge: 0.345 Con: 0.108 Cls: 1.433 Hist: 0.9392 Path: 0.4237 | Val F1: 0.3446 | 0.9s
  Epoch 171/400 | Total: 3.290 Edge: 0.352 Con: 0.108 Cls: 1.454 Hist: 0.9481 Path: 0.4291 | 0.9s
  Epoch 172/400 | Total: 3.249 Edge: 0.351 Con: 0.108 Cls: 1.428 Hist: 0.9346 Path: 0.4277 | 1.1s
  Epoch 173/400 | Total: 3.243 Edge: 0.349 Con: 0.108 Cls: 1.428 Hist: 0.9320 Path: 0.4255 | 0.9s
  Epoch 174/400 | Total: 3.263 Edge: 0.347 Con: 0.107 Cls: 1.441 Hist: 0.9439 Path: 0.4231 | 0.9s
  Epoch 175/400 | Total: 3.266 Edge: 0.346 Con: 0.108 Cls: 1.443 Hist: 0.9452 Path: 0.4236 | Val F1: 0.3411 | 0.9s
  Epoch 176/400 | Total: 3.227 Edge: 0.348 Con: 0.108 Cls: 1.421 Hist: 0.9303 Path: 0.4211 | 1.1s
  Epoch 177/400 | Total: 3.268 Edge: 0.360 Con: 0.107 Cls: 1.436 Hist: 0.9360 Path: 0.4279 | 1.1s
  Epoch 178/400 | Total: 3.271 Edge: 0.355 Con: 0.108 Cls: 1.441 Hist: 0.9351 Path: 0.4329 | 1.1s
  Epoch 179/400 | Total: 3.246 Edge: 0.349 Con: 0.108 Cls: 1.429 Hist: 0.9329 Path: 0.4268 | 1.1s
  Epoch 180/400 | Total: 3.222 Edge: 0.346 Con: 0.108 Cls: 1.419 Hist: 0.9247 Path: 0.4250 | Val F1: 0.3439 | 1.1s
  Epoch 181/400 | Total: 3.233 Edge: 0.347 Con: 0.107 Cls: 1.426 Hist: 0.9302 Path: 0.4231 | 1.1s
  Epoch 182/400 | Total: 3.272 Edge: 0.346 Con: 0.108 Cls: 1.450 Hist: 0.9456 Path: 0.4227 | 1.1s
  Epoch 183/400 | Total: 3.234 Edge: 0.345 Con: 0.108 Cls: 1.428 Hist: 0.9289 Path: 0.4235 | 0.9s
  Epoch 184/400 | Total: 3.240 Edge: 0.347 Con: 0.108 Cls: 1.431 Hist: 0.9336 Path: 0.4209 | 1.1s
  Epoch 185/400 | Total: 3.235 Edge: 0.345 Con: 0.108 Cls: 1.429 Hist: 0.9349 Path: 0.4185 | Val F1: 0.3453 | 1.1s
  Epoch 186/400 | Total: 3.224 Edge: 0.348 Con: 0.108 Cls: 1.419 Hist: 0.9257 Path: 0.4231 | 1.2s
  Epoch 187/400 | Total: 3.247 Edge: 0.349 Con: 0.108 Cls: 1.425 Hist: 0.9358 Path: 0.4296 | 1.1s
  Epoch 188/400 | Total: 3.215 Edge: 0.343 Con: 0.108 Cls: 1.412 Hist: 0.9286 Path: 0.4231 | 1.2s
  Epoch 189/400 | Total: 3.218 Edge: 0.343 Con: 0.107 Cls: 1.420 Hist: 0.9271 Path: 0.4206 | 1.2s
  Epoch 190/400 | Total: 3.214 Edge: 0.345 Con: 0.107 Cls: 1.415 Hist: 0.9249 Path: 0.4224 | Val F1: 0.3419 | 1.7s
  Epoch 191/400 | Total: 3.211 Edge: 0.342 Con: 0.107 Cls: 1.412 Hist: 0.9311 Path: 0.4177 | 1.2s
  Epoch 192/400 | Total: 3.206 Edge: 0.343 Con: 0.108 Cls: 1.413 Hist: 0.9254 Path: 0.4169 | 1.2s
  Epoch 193/400 | Total: 3.213 Edge: 0.349 Con: 0.108 Cls: 1.409 Hist: 0.9218 Path: 0.4249 | 0.9s
  Epoch 194/400 | Total: 3.210 Edge: 0.343 Con: 0.108 Cls: 1.414 Hist: 0.9210 Path: 0.4239 | 0.9s
  Epoch 195/400 | Total: 3.227 Edge: 0.346 Con: 0.108 Cls: 1.419 Hist: 0.9299 Path: 0.4245 | Val F1: 0.3416 | 1.1s
  Epoch 196/400 | Total: 3.212 Edge: 0.346 Con: 0.107 Cls: 1.409 Hist: 0.9222 Path: 0.4271 | 1.0s
  Epoch 197/400 | Total: 3.212 Edge: 0.348 Con: 0.108 Cls: 1.404 Hist: 0.9204 Path: 0.4309 | 1.1s
  Epoch 198/400 | Total: 3.213 Edge: 0.345 Con: 0.108 Cls: 1.417 Hist: 0.9210 Path: 0.4229 | 0.9s
  Epoch 199/400 | Total: 3.217 Edge: 0.343 Con: 0.107 Cls: 1.422 Hist: 0.9258 Path: 0.4190 | 1.0s
  Epoch 200/400 | Total: 3.220 Edge: 0.343 Con: 0.107 Cls: 1.418 Hist: 0.9313 Path: 0.4211 | Val F1: 0.3450 | 1.1s
  Epoch 201/400 | Total: 3.206 Edge: 0.342 Con: 0.108 Cls: 1.413 Hist: 0.9251 Path: 0.4180 | 1.1s
  Epoch 202/400 | Total: 3.206 Edge: 0.345 Con: 0.107 Cls: 1.414 Hist: 0.9243 Path: 0.4158 | 1.0s
  Epoch 203/400 | Total: 3.206 Edge: 0.347 Con: 0.108 Cls: 1.410 Hist: 0.9204 Path: 0.4205 | 1.1s
  Epoch 204/400 | Total: 3.219 Edge: 0.349 Con: 0.107 Cls: 1.416 Hist: 0.9260 Path: 0.4211 | 1.1s
  Epoch 205/400 | Total: 3.260 Edge: 0.352 Con: 0.108 Cls: 1.438 Hist: 0.9365 Path: 0.4248 | Val F1: 0.3446 | 1.0s
  Epoch 206/400 | Total: 3.255 Edge: 0.354 Con: 0.107 Cls: 1.429 Hist: 0.9295 Path: 0.4347 | 1.0s
  Epoch 207/400 | Total: 3.232 Edge: 0.353 Con: 0.108 Cls: 1.413 Hist: 0.9207 Path: 0.4380 | 1.1s
  Epoch 208/400 | Total: 3.206 Edge: 0.341 Con: 0.107 Cls: 1.414 Hist: 0.9242 Path: 0.4190 | 1.1s
  Epoch 209/400 | Total: 3.224 Edge: 0.343 Con: 0.107 Cls: 1.423 Hist: 0.9316 Path: 0.4200 | 1.1s
  Epoch 210/400 | Total: 3.217 Edge: 0.346 Con: 0.107 Cls: 1.420 Hist: 0.9231 Path: 0.4218 | Val F1: 0.3397 | 1.2s
  Epoch 211/400 | Total: 3.224 Edge: 0.345 Con: 0.107 Cls: 1.424 Hist: 0.9275 Path: 0.4194 | 1.2s
  Epoch 212/400 | Total: 3.193 Edge: 0.343 Con: 0.108 Cls: 1.406 Hist: 0.9159 Path: 0.4201 | 1.3s
  Epoch 213/400 | Total: 3.221 Edge: 0.343 Con: 0.106 Cls: 1.423 Hist: 0.9318 Path: 0.4177 | 1.6s
  Epoch 214/400 | Total: 3.224 Edge: 0.351 Con: 0.107 Cls: 1.416 Hist: 0.9275 Path: 0.4214 | 1.1s
  Epoch 215/400 | Total: 3.201 Edge: 0.345 Con: 0.107 Cls: 1.407 Hist: 0.9215 Path: 0.4201 | Val F1: 0.3541 | 1.1s
  Epoch 216/400 | Total: 3.201 Edge: 0.341 Con: 0.107 Cls: 1.412 Hist: 0.9240 Path: 0.4174 | 1.1s
  Epoch 217/400 | Total: 3.203 Edge: 0.342 Con: 0.107 Cls: 1.411 Hist: 0.9198 Path: 0.4224 | 1.1s
  Epoch 218/400 | Total: 3.221 Edge: 0.339 Con: 0.107 Cls: 1.425 Hist: 0.9310 Path: 0.4190 | 0.9s
  Epoch 219/400 | Total: 3.209 Edge: 0.339 Con: 0.107 Cls: 1.421 Hist: 0.9311 Path: 0.4120 | 1.1s
  Epoch 220/400 | Total: 3.199 Edge: 0.341 Con: 0.108 Cls: 1.410 Hist: 0.9213 Path: 0.4183 | Val F1: 0.3394 | 1.0s
  Epoch 221/400 | Total: 3.213 Edge: 0.342 Con: 0.107 Cls: 1.419 Hist: 0.9288 Path: 0.4154 | 0.9s
  Epoch 222/400 | Total: 3.207 Edge: 0.342 Con: 0.107 Cls: 1.416 Hist: 0.9235 Path: 0.4191 | 0.9s
  Epoch 223/400 | Total: 3.173 Edge: 0.340 Con: 0.107 Cls: 1.399 Hist: 0.9136 Path: 0.4137 | 0.9s
  Epoch 224/400 | Total: 3.186 Edge: 0.343 Con: 0.108 Cls: 1.399 Hist: 0.9182 Path: 0.4172 | 0.9s
  Epoch 225/400 | Total: 3.238 Edge: 0.341 Con: 0.107 Cls: 1.437 Hist: 0.9354 Path: 0.4165 | Val F1: 0.3450 | 1.1s
  Epoch 226/400 | Total: 3.192 Edge: 0.344 Con: 0.107 Cls: 1.405 Hist: 0.9159 Path: 0.4201 | 0.9s
  Epoch 227/400 | Total: 3.174 Edge: 0.339 Con: 0.106 Cls: 1.397 Hist: 0.9125 Path: 0.4185 | 1.1s
  Epoch 228/400 | Total: 3.207 Edge: 0.343 Con: 0.107 Cls: 1.405 Hist: 0.9234 Path: 0.4281 | 1.1s
  Epoch 229/400 | Total: 3.220 Edge: 0.345 Con: 0.107 Cls: 1.409 Hist: 0.9236 Path: 0.4360 | 1.0s
  Epoch 230/400 | Total: 3.245 Edge: 0.346 Con: 0.108 Cls: 1.425 Hist: 0.9319 Path: 0.4348 | Val F1: 0.3500 | 1.1s
  Epoch 231/400 | Total: 3.212 Edge: 0.346 Con: 0.107 Cls: 1.405 Hist: 0.9186 Path: 0.4349 | 1.1s
  Epoch 232/400 | Total: 3.203 Edge: 0.345 Con: 0.108 Cls: 1.407 Hist: 0.9185 Path: 0.4243 | 1.1s
  Epoch 233/400 | Total: 3.165 Edge: 0.348 Con: 0.108 Cls: 1.383 Hist: 0.9057 Path: 0.4208 | 0.9s
  Epoch 234/400 | Total: 3.220 Edge: 0.341 Con: 0.107 Cls: 1.427 Hist: 0.9274 Path: 0.4178 | 1.2s
  Epoch 235/400 | Total: 3.197 Edge: 0.340 Con: 0.107 Cls: 1.411 Hist: 0.9225 Path: 0.4159 | Val F1: 0.3599 | 1.2s
  Epoch 236/400 | Total: 3.192 Edge: 0.343 Con: 0.107 Cls: 1.403 Hist: 0.9185 Path: 0.4200 | 1.2s
  Epoch 237/400 | Total: 3.186 Edge: 0.341 Con: 0.107 Cls: 1.400 Hist: 0.9191 Path: 0.4186 | 1.4s
  Epoch 238/400 | Total: 3.179 Edge: 0.338 Con: 0.107 Cls: 1.399 Hist: 0.9207 Path: 0.4140 | 1.4s
  Epoch 239/400 | Total: 3.158 Edge: 0.337 Con: 0.106 Cls: 1.392 Hist: 0.9099 Path: 0.4120 | 1.1s
  Epoch 240/400 | Total: 3.177 Edge: 0.338 Con: 0.108 Cls: 1.402 Hist: 0.9150 Path: 0.4138 | Val F1: 0.3634 | 1.2s
  Epoch 241/400 | Total: 3.172 Edge: 0.339 Con: 0.108 Cls: 1.399 Hist: 0.9124 Path: 0.4134 | 0.9s
  Epoch 242/400 | Total: 3.166 Edge: 0.337 Con: 0.107 Cls: 1.398 Hist: 0.9139 Path: 0.4104 | 0.9s
  Epoch 243/400 | Total: 3.173 Edge: 0.337 Con: 0.107 Cls: 1.399 Hist: 0.9188 Path: 0.4117 | 0.9s
  Epoch 244/400 | Total: 3.159 Edge: 0.337 Con: 0.107 Cls: 1.392 Hist: 0.9134 Path: 0.4092 | 1.1s
  Epoch 245/400 | Total: 3.167 Edge: 0.337 Con: 0.107 Cls: 1.398 Hist: 0.9147 Path: 0.4098 | Val F1: 0.3636 | 0.9s
  Epoch 246/400 | Total: 3.160 Edge: 0.338 Con: 0.107 Cls: 1.395 Hist: 0.9131 Path: 0.4072 | 1.1s
  Epoch 247/400 | Total: 3.168 Edge: 0.337 Con: 0.107 Cls: 1.397 Hist: 0.9183 Path: 0.4082 | 0.9s
  Epoch 248/400 | Total: 3.143 Edge: 0.337 Con: 0.107 Cls: 1.383 Hist: 0.9050 Path: 0.4115 | 0.9s
  Epoch 249/400 | Total: 3.154 Edge: 0.340 Con: 0.107 Cls: 1.390 Hist: 0.9041 Path: 0.4136 | 1.1s
  Epoch 250/400 | Total: 3.168 Edge: 0.342 Con: 0.107 Cls: 1.396 Hist: 0.9073 Path: 0.4162 | Val F1: 0.3535 | 0.9s
  Epoch 251/400 | Total: 3.175 Edge: 0.339 Con: 0.107 Cls: 1.399 Hist: 0.9192 Path: 0.4113 | 0.9s
  Epoch 252/400 | Total: 3.172 Edge: 0.337 Con: 0.107 Cls: 1.403 Hist: 0.9159 Path: 0.4101 | 1.2s
  Epoch 253/400 | Total: 3.163 Edge: 0.336 Con: 0.107 Cls: 1.398 Hist: 0.9133 Path: 0.4085 | 0.9s
  Epoch 254/400 | Total: 3.176 Edge: 0.338 Con: 0.107 Cls: 1.404 Hist: 0.9142 Path: 0.4128 | 1.4s
  Epoch 255/400 | Total: 3.167 Edge: 0.334 Con: 0.107 Cls: 1.396 Hist: 0.9180 Path: 0.4110 | Val F1: 0.3624 | 0.9s
  Epoch 256/400 | Total: 3.178 Edge: 0.336 Con: 0.108 Cls: 1.405 Hist: 0.9167 Path: 0.4132 | 1.2s
  Epoch 257/400 | Total: 3.214 Edge: 0.337 Con: 0.107 Cls: 1.426 Hist: 0.9316 Path: 0.4131 | 1.0s
  Epoch 258/400 | Total: 3.197 Edge: 0.339 Con: 0.107 Cls: 1.415 Hist: 0.9234 Path: 0.4129 | 0.9s
  Epoch 259/400 | Total: 3.211 Edge: 0.340 Con: 0.107 Cls: 1.417 Hist: 0.9322 Path: 0.4150 | 0.9s
  Epoch 260/400 | Total: 3.200 Edge: 0.351 Con: 0.107 Cls: 1.402 Hist: 0.9151 Path: 0.4245 | Val F1: 0.3632 | 1.0s
  Epoch 261/400 | Total: 3.166 Edge: 0.342 Con: 0.106 Cls: 1.388 Hist: 0.9052 Path: 0.4244 | 0.9s
  Epoch 262/400 | Total: 3.175 Edge: 0.335 Con: 0.107 Cls: 1.399 Hist: 0.9201 Path: 0.4135 | 0.9s
  Epoch 263/400 | Total: 3.148 Edge: 0.336 Con: 0.107 Cls: 1.384 Hist: 0.9086 Path: 0.4131 | 1.0s
  Epoch 264/400 | Total: 3.169 Edge: 0.337 Con: 0.107 Cls: 1.398 Hist: 0.9187 Path: 0.4087 | 1.0s
  Epoch 265/400 | Total: 3.150 Edge: 0.339 Con: 0.107 Cls: 1.386 Hist: 0.9055 Path: 0.4120 | Val F1: 0.3679 | 1.0s
  Epoch 266/400 | Total: 3.141 Edge: 0.339 Con: 0.106 Cls: 1.381 Hist: 0.9051 Path: 0.4098 | 1.3s
  Epoch 267/400 | Total: 3.150 Edge: 0.339 Con: 0.107 Cls: 1.386 Hist: 0.9057 Path: 0.4124 | 1.0s
  Epoch 268/400 | Total: 3.165 Edge: 0.340 Con: 0.107 Cls: 1.394 Hist: 0.9088 Path: 0.4150 | 1.0s
  Epoch 269/400 | Total: 3.192 Edge: 0.341 Con: 0.107 Cls: 1.415 Hist: 0.9143 Path: 0.4144 | 1.1s
  Epoch 270/400 | Total: 3.186 Edge: 0.337 Con: 0.107 Cls: 1.408 Hist: 0.9186 Path: 0.4148 | Val F1: 0.3656 | 1.0s
  Epoch 271/400 | Total: 3.178 Edge: 0.338 Con: 0.107 Cls: 1.399 Hist: 0.9169 Path: 0.4173 | 1.0s
  Epoch 272/400 | Total: 3.157 Edge: 0.335 Con: 0.107 Cls: 1.389 Hist: 0.9150 Path: 0.4115 | 1.0s
  Epoch 273/400 | Total: 3.158 Edge: 0.335 Con: 0.107 Cls: 1.394 Hist: 0.9126 Path: 0.4096 | 0.9s
  Epoch 274/400 | Total: 3.163 Edge: 0.333 Con: 0.107 Cls: 1.397 Hist: 0.9153 Path: 0.4113 | 0.9s
  Epoch 275/400 | Total: 3.164 Edge: 0.334 Con: 0.107 Cls: 1.401 Hist: 0.9141 Path: 0.4076 | Val F1: 0.3650 | 0.9s
  Epoch 276/400 | Total: 3.167 Edge: 0.334 Con: 0.107 Cls: 1.401 Hist: 0.9166 Path: 0.4092 | 1.0s
  Epoch 277/400 | Total: 3.193 Edge: 0.334 Con: 0.106 Cls: 1.413 Hist: 0.9288 Path: 0.4106 | 1.1s
  Epoch 278/400 | Total: 3.142 Edge: 0.333 Con: 0.106 Cls: 1.389 Hist: 0.9056 Path: 0.4086 | 1.0s
  Epoch 279/400 | Total: 3.222 Edge: 0.340 Con: 0.107 Cls: 1.426 Hist: 0.9343 Path: 0.4145 | 0.9s
  Epoch 280/400 | Total: 3.158 Edge: 0.338 Con: 0.107 Cls: 1.394 Hist: 0.9099 Path: 0.4092 | Val F1: 0.3558 | 1.0s
  Epoch 281/400 | Total: 3.144 Edge: 0.334 Con: 0.106 Cls: 1.382 Hist: 0.9116 Path: 0.4092 | 1.1s
  Epoch 282/400 | Total: 3.145 Edge: 0.333 Con: 0.107 Cls: 1.392 Hist: 0.9062 Path: 0.4065 | 0.9s
  Epoch 283/400 | Total: 3.193 Edge: 0.340 Con: 0.107 Cls: 1.412 Hist: 0.9194 Path: 0.4147 | 1.0s
  Epoch 284/400 | Total: 3.183 Edge: 0.339 Con: 0.106 Cls: 1.402 Hist: 0.9146 Path: 0.4203 | 1.0s
  Epoch 285/400 | Total: 3.157 Edge: 0.340 Con: 0.107 Cls: 1.390 Hist: 0.9047 Path: 0.4149 | Val F1: 0.3638 | 0.9s
  Epoch 286/400 | Total: 3.148 Edge: 0.338 Con: 0.106 Cls: 1.386 Hist: 0.9075 Path: 0.4103 | 1.2s
  Epoch 287/400 | Total: 3.156 Edge: 0.339 Con: 0.107 Cls: 1.388 Hist: 0.9144 Path: 0.4077 | 1.0s
  Epoch 288/400 | Total: 3.155 Edge: 0.336 Con: 0.106 Cls: 1.392 Hist: 0.9133 Path: 0.4078 | 1.1s
  Epoch 289/400 | Total: 3.146 Edge: 0.337 Con: 0.107 Cls: 1.385 Hist: 0.9097 Path: 0.4078 | 1.0s
  Epoch 290/400 | Total: 3.165 Edge: 0.337 Con: 0.107 Cls: 1.397 Hist: 0.9150 Path: 0.4090 | Val F1: 0.3719 | 1.1s
  Epoch 291/400 | Total: 3.180 Edge: 0.342 Con: 0.107 Cls: 1.409 Hist: 0.9067 Path: 0.4158 | 1.0s
  Epoch 292/400 | Total: 3.184 Edge: 0.337 Con: 0.107 Cls: 1.411 Hist: 0.9182 Path: 0.4117 | 1.1s
  Epoch 293/400 | Total: 3.154 Edge: 0.332 Con: 0.106 Cls: 1.397 Hist: 0.9086 Path: 0.4093 | 1.2s
  Epoch 294/400 | Total: 3.182 Edge: 0.340 Con: 0.107 Cls: 1.404 Hist: 0.9126 Path: 0.4185 | 1.1s
  Epoch 295/400 | Total: 3.217 Edge: 0.345 Con: 0.107 Cls: 1.420 Hist: 0.9251 Path: 0.4202 | Val F1: 0.3583 | 1.2s
  Epoch 296/400 | Total: 3.181 Edge: 0.340 Con: 0.107 Cls: 1.401 Hist: 0.9201 Path: 0.4128 | 1.0s
  Epoch 297/400 | Total: 3.140 Edge: 0.333 Con: 0.107 Cls: 1.387 Hist: 0.9065 Path: 0.4067 | 0.9s
  Epoch 298/400 | Total: 3.142 Edge: 0.332 Con: 0.107 Cls: 1.389 Hist: 0.9067 Path: 0.4068 | 1.1s
  Epoch 299/400 | Total: 3.147 Edge: 0.333 Con: 0.107 Cls: 1.390 Hist: 0.9109 Path: 0.4071 | 0.9s
  Epoch 300/400 | Total: 3.126 Edge: 0.332 Con: 0.106 Cls: 1.379 Hist: 0.9032 Path: 0.4061 | Val F1: 0.3698 | 0.9s
  Epoch 301/400 | Total: 3.134 Edge: 0.331 Con: 0.106 Cls: 1.381 Hist: 0.9103 Path: 0.4056 | 0.9s
  Epoch 302/400 | Total: 3.160 Edge: 0.332 Con: 0.106 Cls: 1.399 Hist: 0.9164 Path: 0.4070 | 1.1s
  Epoch 303/400 | Total: 3.146 Edge: 0.334 Con: 0.106 Cls: 1.388 Hist: 0.9082 Path: 0.4107 | 1.1s
  Epoch 304/400 | Total: 3.170 Edge: 0.340 Con: 0.107 Cls: 1.393 Hist: 0.9101 Path: 0.4199 | 1.0s
  Epoch 305/400 | Total: 3.155 Edge: 0.337 Con: 0.106 Cls: 1.389 Hist: 0.9098 Path: 0.4124 | Val F1: 0.3701 | 1.1s
  Epoch 306/400 | Total: 3.161 Edge: 0.335 Con: 0.106 Cls: 1.394 Hist: 0.9129 Path: 0.4126 | 1.1s
  Epoch 307/400 | Total: 3.138 Edge: 0.333 Con: 0.107 Cls: 1.385 Hist: 0.9036 Path: 0.4108 | 1.1s
  Epoch 308/400 | Total: 3.113 Edge: 0.331 Con: 0.105 Cls: 1.374 Hist: 0.8990 Path: 0.4038 | 1.0s
  Epoch 309/400 | Total: 3.123 Edge: 0.335 Con: 0.106 Cls: 1.374 Hist: 0.9025 Path: 0.4048 | 1.1s
  Epoch 310/400 | Total: 3.105 Edge: 0.337 Con: 0.106 Cls: 1.364 Hist: 0.8926 Path: 0.4051 | Val F1: 0.3777 | 1.3s
  Epoch 311/400 | Total: 3.141 Edge: 0.337 Con: 0.106 Cls: 1.385 Hist: 0.9070 Path: 0.4055 | 1.1s
  Epoch 312/400 | Total: 3.127 Edge: 0.334 Con: 0.107 Cls: 1.378 Hist: 0.9051 Path: 0.4039 | 1.2s
  Epoch 313/400 | Total: 3.142 Edge: 0.332 Con: 0.106 Cls: 1.390 Hist: 0.9099 Path: 0.4046 | 1.1s
  Epoch 314/400 | Total: 3.138 Edge: 0.332 Con: 0.106 Cls: 1.384 Hist: 0.9077 Path: 0.4074 | 0.9s
  Epoch 315/400 | Total: 3.135 Edge: 0.333 Con: 0.107 Cls: 1.384 Hist: 0.9020 Path: 0.4089 | Val F1: 0.3723 | 0.9s
  Epoch 316/400 | Total: 3.168 Edge: 0.332 Con: 0.106 Cls: 1.403 Hist: 0.9177 Path: 0.4094 | 0.9s
  Epoch 317/400 | Total: 3.136 Edge: 0.335 Con: 0.107 Cls: 1.380 Hist: 0.9018 Path: 0.4128 | 1.1s
  Epoch 318/400 | Total: 3.132 Edge: 0.336 Con: 0.106 Cls: 1.379 Hist: 0.9006 Path: 0.4109 | 1.1s
  Epoch 319/400 | Total: 3.148 Edge: 0.335 Con: 0.107 Cls: 1.389 Hist: 0.9045 Path: 0.4132 | 1.2s
  Epoch 320/400 | Total: 3.147 Edge: 0.333 Con: 0.106 Cls: 1.387 Hist: 0.9075 Path: 0.4120 | Val F1: 0.3744 | 1.0s
  Epoch 321/400 | Total: 3.107 Edge: 0.333 Con: 0.106 Cls: 1.364 Hist: 0.8943 Path: 0.4089 | 0.9s
  Epoch 322/400 | Total: 3.147 Edge: 0.330 Con: 0.105 Cls: 1.393 Hist: 0.9102 Path: 0.4091 | 0.9s
  Epoch 323/400 | Total: 3.149 Edge: 0.332 Con: 0.106 Cls: 1.387 Hist: 0.9145 Path: 0.4098 | 1.1s
  Epoch 324/400 | Total: 3.126 Edge: 0.335 Con: 0.106 Cls: 1.379 Hist: 0.8967 Path: 0.4083 | 1.1s
  Epoch 325/400 | Total: 3.131 Edge: 0.333 Con: 0.107 Cls: 1.382 Hist: 0.9035 Path: 0.4057 | Val F1: 0.3781 | 1.1s
  Epoch 326/400 | Total: 3.116 Edge: 0.332 Con: 0.106 Cls: 1.373 Hist: 0.9018 Path: 0.4037 | 1.0s
  Epoch 327/400 | Total: 3.120 Edge: 0.333 Con: 0.106 Cls: 1.372 Hist: 0.8978 Path: 0.4122 | 0.9s
  Epoch 328/400 | Total: 3.131 Edge: 0.331 Con: 0.106 Cls: 1.377 Hist: 0.9050 Path: 0.4116 | 1.1s
  Epoch 329/400 | Total: 3.132 Edge: 0.333 Con: 0.106 Cls: 1.379 Hist: 0.9010 Path: 0.4133 | 1.2s
  Epoch 330/400 | Total: 3.113 Edge: 0.332 Con: 0.106 Cls: 1.370 Hist: 0.8963 Path: 0.4098 | Val F1: 0.3682 | 1.0s
  Epoch 331/400 | Total: 3.145 Edge: 0.331 Con: 0.106 Cls: 1.387 Hist: 0.9087 Path: 0.4128 | 1.1s
  Epoch 332/400 | Total: 3.120 Edge: 0.331 Con: 0.106 Cls: 1.377 Hist: 0.9017 Path: 0.4049 | 1.1s
  Epoch 333/400 | Total: 3.118 Edge: 0.333 Con: 0.107 Cls: 1.371 Hist: 0.8994 Path: 0.4086 | 1.0s
  Epoch 334/400 | Total: 3.138 Edge: 0.344 Con: 0.106 Cls: 1.378 Hist: 0.8956 Path: 0.4149 | 0.9s
  Epoch 335/400 | Total: 3.134 Edge: 0.336 Con: 0.106 Cls: 1.379 Hist: 0.8966 Path: 0.4173 | Val F1: 0.3708 | 1.0s
  Epoch 336/400 | Total: 3.120 Edge: 0.329 Con: 0.106 Cls: 1.376 Hist: 0.9030 Path: 0.4058 | 1.0s
  Epoch 337/400 | Total: 3.144 Edge: 0.330 Con: 0.107 Cls: 1.392 Hist: 0.9120 Path: 0.4030 | 1.1s
  Epoch 338/400 | Total: 3.141 Edge: 0.331 Con: 0.106 Cls: 1.392 Hist: 0.9073 Path: 0.4034 | 1.0s
  Epoch 339/400 | Total: 3.141 Edge: 0.335 Con: 0.106 Cls: 1.388 Hist: 0.9080 Path: 0.4038 | 1.0s
  Epoch 340/400 | Total: 3.126 Edge: 0.338 Con: 0.106 Cls: 1.375 Hist: 0.8987 Path: 0.4090 | Val F1: 0.3745 | 1.0s
  Epoch 341/400 | Total: 3.119 Edge: 0.333 Con: 0.106 Cls: 1.376 Hist: 0.9015 Path: 0.4029 | 0.9s
  Epoch 342/400 | Total: 3.131 Edge: 0.336 Con: 0.106 Cls: 1.379 Hist: 0.9061 Path: 0.4040 | 1.1s
  Epoch 343/400 | Total: 3.116 Edge: 0.330 Con: 0.106 Cls: 1.376 Hist: 0.9010 Path: 0.4028 | 0.9s
  Epoch 344/400 | Total: 3.113 Edge: 0.330 Con: 0.106 Cls: 1.376 Hist: 0.8996 Path: 0.4018 | 1.0s
  Epoch 345/400 | Total: 3.118 Edge: 0.336 Con: 0.106 Cls: 1.371 Hist: 0.8981 Path: 0.4056 | Val F1: 0.3730 | 0.9s
  Epoch 346/400 | Total: 3.104 Edge: 0.330 Con: 0.105 Cls: 1.370 Hist: 0.8971 Path: 0.4017 | 0.9s
  Epoch 347/400 | Total: 3.116 Edge: 0.329 Con: 0.105 Cls: 1.377 Hist: 0.9045 Path: 0.4015 | 1.1s
  Epoch 348/400 | Total: 3.131 Edge: 0.334 Con: 0.106 Cls: 1.381 Hist: 0.8992 Path: 0.4103 | 1.2s
  Epoch 349/400 | Total: 3.110 Edge: 0.331 Con: 0.105 Cls: 1.371 Hist: 0.8966 Path: 0.4057 | 1.0s
  Epoch 350/400 | Total: 3.113 Edge: 0.331 Con: 0.105 Cls: 1.375 Hist: 0.8988 Path: 0.4039 | Val F1: 0.3723 | 1.1s
  Epoch 351/400 | Total: 3.123 Edge: 0.332 Con: 0.106 Cls: 1.379 Hist: 0.9000 Path: 0.4061 | 1.2s
  Epoch 352/400 | Total: 3.121 Edge: 0.334 Con: 0.105 Cls: 1.374 Hist: 0.8972 Path: 0.4106 | 1.1s
  Epoch 353/400 | Total: 3.117 Edge: 0.331 Con: 0.105 Cls: 1.375 Hist: 0.8993 Path: 0.4065 | 1.0s
  Epoch 354/400 | Total: 3.113 Edge: 0.331 Con: 0.106 Cls: 1.373 Hist: 0.8957 Path: 0.4067 | 1.0s
  Epoch 355/400 | Total: 3.121 Edge: 0.333 Con: 0.106 Cls: 1.372 Hist: 0.8988 Path: 0.4122 | Val F1: 0.3677 | 0.9s
  Epoch 356/400 | Total: 3.162 Edge: 0.331 Con: 0.106 Cls: 1.402 Hist: 0.9116 Path: 0.4115 | 1.0s
  Epoch 357/400 | Total: 3.129 Edge: 0.328 Con: 0.105 Cls: 1.389 Hist: 0.9036 Path: 0.4034 | 0.9s
  Epoch 358/400 | Total: 3.108 Edge: 0.326 Con: 0.106 Cls: 1.380 Hist: 0.8981 Path: 0.3991 | 1.0s
  Epoch 359/400 | Total: 3.102 Edge: 0.327 Con: 0.105 Cls: 1.371 Hist: 0.8991 Path: 0.4005 | 1.0s
  Epoch 360/400 | Total: 3.104 Edge: 0.324 Con: 0.106 Cls: 1.373 Hist: 0.9031 Path: 0.3976 | Val F1: 0.3805 | 0.9s
  Epoch 361/400 | Total: 3.085 Edge: 0.327 Con: 0.106 Cls: 1.361 Hist: 0.8922 Path: 0.3990 | 1.1s
  Epoch 362/400 | Total: 3.095 Edge: 0.332 Con: 0.106 Cls: 1.362 Hist: 0.8930 Path: 0.4026 | 1.2s
  Epoch 363/400 | Total: 3.108 Edge: 0.329 Con: 0.106 Cls: 1.371 Hist: 0.9003 Path: 0.4019 | 1.0s
  Epoch 364/400 | Total: 3.100 Edge: 0.328 Con: 0.106 Cls: 1.370 Hist: 0.8956 Path: 0.4006 | 1.0s
  Epoch 365/400 | Total: 3.116 Edge: 0.327 Con: 0.105 Cls: 1.380 Hist: 0.9047 Path: 0.3988 | Val F1: 0.3701 | 1.1s
  Epoch 366/400 | Total: 3.132 Edge: 0.329 Con: 0.105 Cls: 1.386 Hist: 0.9014 Path: 0.4093 | 1.2s
  Epoch 367/400 | Total: 3.138 Edge: 0.333 Con: 0.105 Cls: 1.384 Hist: 0.9029 Path: 0.4129 | 1.2s
  Epoch 368/400 | Total: 3.130 Edge: 0.338 Con: 0.106 Cls: 1.376 Hist: 0.9008 Path: 0.4099 | 1.0s
  Epoch 369/400 | Total: 3.151 Edge: 0.338 Con: 0.105 Cls: 1.387 Hist: 0.9120 Path: 0.4082 | 1.0s
  Epoch 370/400 | Total: 3.150 Edge: 0.332 Con: 0.106 Cls: 1.394 Hist: 0.9104 Path: 0.4081 | Val F1: 0.3635 | 1.3s
  Epoch 371/400 | Total: 3.125 Edge: 0.329 Con: 0.106 Cls: 1.385 Hist: 0.9018 Path: 0.4035 | 0.9s
  Epoch 372/400 | Total: 3.128 Edge: 0.331 Con: 0.106 Cls: 1.383 Hist: 0.9024 Path: 0.4060 | 0.9s
  Epoch 373/400 | Total: 3.120 Edge: 0.331 Con: 0.105 Cls: 1.376 Hist: 0.9009 Path: 0.4069 | 0.9s
  Epoch 374/400 | Total: 3.111 Edge: 0.333 Con: 0.105 Cls: 1.370 Hist: 0.8985 Path: 0.4041 | 1.0s
  Epoch 375/400 | Total: 3.095 Edge: 0.328 Con: 0.105 Cls: 1.368 Hist: 0.8956 Path: 0.3977 | Val F1: 0.3805 | 1.2s
  Epoch 376/400 | Total: 3.089 Edge: 0.325 Con: 0.106 Cls: 1.363 Hist: 0.8954 Path: 0.3994 | 1.0s
  Epoch 377/400 | Total: 3.114 Edge: 0.328 Con: 0.106 Cls: 1.376 Hist: 0.9050 Path: 0.3996 | 1.1s
  Epoch 378/400 | Total: 3.100 Edge: 0.328 Con: 0.106 Cls: 1.372 Hist: 0.8946 Path: 0.3997 | 1.2s
  Epoch 379/400 | Total: 3.094 Edge: 0.329 Con: 0.105 Cls: 1.364 Hist: 0.8917 Path: 0.4039 | 1.0s
  Epoch 380/400 | Total: 3.122 Edge: 0.337 Con: 0.105 Cls: 1.371 Hist: 0.9005 Path: 0.4081 | Val F1: 0.3668 | 1.1s
  Epoch 381/400 | Total: 3.115 Edge: 0.337 Con: 0.105 Cls: 1.369 Hist: 0.8932 Path: 0.4106 | 1.1s
  Epoch 382/400 | Total: 3.097 Edge: 0.330 Con: 0.106 Cls: 1.360 Hist: 0.8930 Path: 0.4078 | 1.1s
  Epoch 383/400 | Total: 3.106 Edge: 0.327 Con: 0.106 Cls: 1.371 Hist: 0.8973 Path: 0.4044 | 1.1s
  Epoch 384/400 | Total: 3.121 Edge: 0.328 Con: 0.105 Cls: 1.381 Hist: 0.9056 Path: 0.4017 | 1.1s
  Epoch 385/400 | Total: 3.112 Edge: 0.329 Con: 0.106 Cls: 1.374 Hist: 0.9008 Path: 0.4020 | Val F1: 0.3718 | 1.1s
  Epoch 386/400 | Total: 3.114 Edge: 0.332 Con: 0.105 Cls: 1.372 Hist: 0.9026 Path: 0.4027 | 1.0s
  Epoch 387/400 | Total: 3.139 Edge: 0.332 Con: 0.105 Cls: 1.390 Hist: 0.9101 Path: 0.4019 | 1.0s
  Epoch 388/400 | Total: 3.112 Edge: 0.327 Con: 0.105 Cls: 1.378 Hist: 0.9025 Path: 0.3985 | 1.1s
  Epoch 389/400 | Total: 3.098 Edge: 0.327 Con: 0.106 Cls: 1.366 Hist: 0.8977 Path: 0.4011 | 1.2s
  Epoch 390/400 | Total: 3.094 Edge: 0.325 Con: 0.105 Cls: 1.366 Hist: 0.8978 Path: 0.4005 | Val F1: 0.3792 | 1.2s
  Epoch 391/400 | Total: 3.120 Edge: 0.329 Con: 0.105 Cls: 1.380 Hist: 0.9066 Path: 0.3986 | 1.1s
  Epoch 392/400 | Total: 3.111 Edge: 0.339 Con: 0.105 Cls: 1.368 Hist: 0.8940 Path: 0.4052 | 0.9s
  Epoch 393/400 | Total: 3.104 Edge: 0.329 Con: 0.106 Cls: 1.369 Hist: 0.8987 Path: 0.4024 | 0.9s
  Epoch 394/400 | Total: 3.099 Edge: 0.324 Con: 0.105 Cls: 1.369 Hist: 0.9023 Path: 0.3981 | 1.0s
  Epoch 395/400 | Total: 3.097 Edge: 0.326 Con: 0.105 Cls: 1.373 Hist: 0.8938 Path: 0.3993 | Val F1: 0.3687 | 1.1s
  Epoch 396/400 | Total: 3.110 Edge: 0.328 Con: 0.105 Cls: 1.382 Hist: 0.8954 Path: 0.3997 | 1.2s
  Epoch 397/400 | Total: 3.162 Edge: 0.332 Con: 0.105 Cls: 1.405 Hist: 0.9181 Path: 0.4027 | 1.2s
  Epoch 398/400 | Total: 3.140 Edge: 0.336 Con: 0.105 Cls: 1.388 Hist: 0.9057 Path: 0.4042 | 1.0s
  Epoch 399/400 | Total: 3.178 Edge: 0.335 Con: 0.106 Cls: 1.406 Hist: 0.9250 Path: 0.4064 | 1.2s
  Epoch 400/400 | Total: 3.128 Edge: 0.341 Con: 0.106 Cls: 1.378 Hist: 0.8964 Path: 0.4069 | Val F1: 0.3635 | 1.0s
  Best Val F1: 0.3805 | Test F1: 0.3795
  Total training time: 511.1s (8.5 min)

======================================================================
  Val  Macro-F1: 0.3805
  Test Macro-F1: 0.3795
  Test Accuracy: 0.6387
  Time: 512.9s
======================================================================

  Results saved to: results/NESS_ogbn-arxiv_MCAR_0.6_20260722_071911
