/home/erfan/MATE/venv/lib/python3.13/site-packages/outdated/__init__.py:36: UserWarning: pkg_resources is deprecated as an API. See https://setuptools.pypa.io/en/latest/pkg_resources.html. The pkg_resources package is slated for removal as early as 2025-11-30. Refrain from using this package or pin to Setuptools<81.
  from pkg_resources import parse_version
/home/erfan/MATE/ogbn_benchmarks/data_loader.py:96: UserWarning: Sparse invariant checks are implicitly disabled. Memory errors (e.g. SEGFAULT) will occur when operating on a sparse tensor which violates the invariants, but checks incur performance overhead. To silence this warning, explicitly opt in or out. See `torch.sparse.check_sparse_tensor_invariants.__doc__` for guidance.  (Triggered internally at /pytorch/aten/src/ATen/Context.cpp:760.)
  adj = torch.sparse_coo_tensor(edge_index, vals, (num_nodes, num_nodes)).coalesce()
======================================================================
  NESS | ogbn-arxiv | MCAR @ 60%
======================================================================
[1/3] Loading ogbn-arxiv...
  169,343 nodes | 128 dims | 40 classes
[2/3] Simulating MCAR missingness...
Simulating MCAR missingness at 60% rate...
  MCAR: Uniform random selection
  Observable: 67,738 (40.0%)
  Masked: 101,605 (60.0%)
  Observable: 67,738 | Val: 50,802 | Test: 50,803
[3/3] Running NESS...
  Prefilling missing nodes via Feature Propagation (40 iters)...
  Computing neighbor label-histogram target (2-hop, observable labels)...
  Partitioning graph into 20 clusters (cache_device=gpu)...
  Cached 20 clusters
  Training NESS for up to 400 epochs (patience=20)...
  Epoch 1/400 | Total: 8.338 Edge: 0.675 Con: 0.612 Cls: 3.620 Hist: 2.7420 Path: 0.6892 | 10.7s
  Epoch 2/400 | Total: 7.311 Edge: 0.639 Con: 0.474 Cls: 3.215 Hist: 2.3073 Path: 0.6752 | 1.1s
  Epoch 3/400 | Total: 7.067 Edge: 0.610 Con: 0.439 Cls: 3.120 Hist: 2.2339 Path: 0.6643 | 1.0s
  Epoch 4/400 | Total: 6.905 Edge: 0.602 Con: 0.415 Cls: 3.058 Hist: 2.1696 Path: 0.6614 | 1.1s
  Epoch 5/400 | Total: 6.727 Edge: 0.588 Con: 0.379 Cls: 3.014 Hist: 2.0943 Path: 0.6512 | Val F1: 0.0142 | 1.0s
  Epoch 6/400 | Total: 6.512 Edge: 0.577 Con: 0.340 Cls: 2.954 Hist: 1.9983 Path: 0.6431 | 1.0s
  Epoch 7/400 | Total: 6.193 Edge: 0.576 Con: 0.311 Cls: 2.803 Hist: 1.8626 Path: 0.6409 | 1.1s
  Epoch 8/400 | Total: 5.847 Edge: 0.566 Con: 0.288 Cls: 2.615 Hist: 1.7391 Path: 0.6392 | 1.1s
  Epoch 9/400 | Total: 5.666 Edge: 0.548 Con: 0.277 Cls: 2.526 Hist: 1.6914 Path: 0.6227 | 1.1s
  Epoch 10/400 | Total: 5.452 Edge: 0.551 Con: 0.267 Cls: 2.404 Hist: 1.6066 Path: 0.6243 | Val F1: 0.0765 | 1.0s
  Epoch 11/400 | Total: 5.307 Edge: 0.544 Con: 0.260 Cls: 2.337 Hist: 1.5496 Path: 0.6176 | 0.9s
  Epoch 12/400 | Total: 5.159 Edge: 0.537 Con: 0.254 Cls: 2.257 Hist: 1.4969 Path: 0.6143 | 1.0s
  Epoch 13/400 | Total: 5.082 Edge: 0.533 Con: 0.249 Cls: 2.225 Hist: 1.4662 Path: 0.6081 | 1.0s
  Epoch 14/400 | Total: 5.062 Edge: 0.534 Con: 0.246 Cls: 2.208 Hist: 1.4643 Path: 0.6097 | 1.0s
  Epoch 15/400 | Total: 4.940 Edge: 0.530 Con: 0.244 Cls: 2.143 Hist: 1.4172 Path: 0.6066 | Val F1: 0.1246 | 1.0s
  Epoch 16/400 | Total: 4.906 Edge: 0.525 Con: 0.241 Cls: 2.134 Hist: 1.4067 Path: 0.6004 | 1.1s
  Epoch 17/400 | Total: 4.879 Edge: 0.522 Con: 0.240 Cls: 2.128 Hist: 1.3940 Path: 0.5953 | 1.0s
  Epoch 18/400 | Total: 4.866 Edge: 0.521 Con: 0.238 Cls: 2.126 Hist: 1.3871 Path: 0.5945 | 0.9s
  Epoch 19/400 | Total: 4.747 Edge: 0.507 Con: 0.236 Cls: 2.067 Hist: 1.3524 Path: 0.5850 | 0.9s
  Epoch 20/400 | Total: 4.696 Edge: 0.507 Con: 0.235 Cls: 2.032 Hist: 1.3372 Path: 0.5858 | Val F1: 0.1290 | 0.9s
  Epoch 21/400 | Total: 4.695 Edge: 0.503 Con: 0.234 Cls: 2.039 Hist: 1.3365 Path: 0.5828 | 1.5s
  Epoch 22/400 | Total: 4.600 Edge: 0.500 Con: 0.234 Cls: 1.985 Hist: 1.3059 Path: 0.5754 | 2.1s
  Epoch 23/400 | Total: 4.554 Edge: 0.497 Con: 0.233 Cls: 1.964 Hist: 1.2918 Path: 0.5693 | 2.3s
  Epoch 24/400 | Total: 4.490 Edge: 0.492 Con: 0.232 Cls: 1.930 Hist: 1.2703 Path: 0.5657 | 2.1s
  Epoch 25/400 | Total: 4.508 Edge: 0.495 Con: 0.233 Cls: 1.932 Hist: 1.2766 Path: 0.5711 | Val F1: 0.1854 | 2.3s
  Epoch 26/400 | Total: 4.490 Edge: 0.492 Con: 0.230 Cls: 1.933 Hist: 1.2689 Path: 0.5662 | 2.2s
  Epoch 27/400 | Total: 4.426 Edge: 0.492 Con: 0.229 Cls: 1.893 Hist: 1.2457 Path: 0.5654 | 2.1s
  Epoch 28/400 | Total: 4.420 Edge: 0.481 Con: 0.229 Cls: 1.901 Hist: 1.2548 Path: 0.5542 | 2.2s
  Epoch 29/400 | Total: 4.391 Edge: 0.478 Con: 0.227 Cls: 1.888 Hist: 1.2458 Path: 0.5529 | 2.2s
  Epoch 30/400 | Total: 4.344 Edge: 0.477 Con: 0.228 Cls: 1.864 Hist: 1.2291 Path: 0.5465 | Val F1: 0.2119 | 2.3s
  Epoch 31/400 | Total: 4.327 Edge: 0.474 Con: 0.228 Cls: 1.858 Hist: 1.2228 Path: 0.5446 | 2.2s
  Epoch 32/400 | Total: 4.288 Edge: 0.473 Con: 0.227 Cls: 1.828 Hist: 1.2107 Path: 0.5489 | 2.2s
  Epoch 33/400 | Total: 4.264 Edge: 0.474 Con: 0.226 Cls: 1.820 Hist: 1.1992 Path: 0.5446 | 2.2s
  Epoch 34/400 | Total: 4.295 Edge: 0.469 Con: 0.225 Cls: 1.850 Hist: 1.2130 Path: 0.5376 | 2.3s
  Epoch 35/400 | Total: 4.293 Edge: 0.469 Con: 0.224 Cls: 1.839 Hist: 1.2152 Path: 0.5464 | Val F1: 0.2134 | 2.3s
  Epoch 36/400 | Total: 4.241 Edge: 0.465 Con: 0.224 Cls: 1.813 Hist: 1.2022 Path: 0.5372 | 2.2s
  Epoch 37/400 | Total: 4.187 Edge: 0.460 Con: 0.224 Cls: 1.786 Hist: 1.1789 Path: 0.5369 | 2.2s
  Epoch 38/400 | Total: 4.188 Edge: 0.468 Con: 0.223 Cls: 1.786 Hist: 1.1778 Path: 0.5341 | 2.2s
  Epoch 39/400 | Total: 4.211 Edge: 0.477 Con: 0.222 Cls: 1.794 Hist: 1.1821 Path: 0.5368 | 2.4s
  Epoch 40/400 | Total: 4.201 Edge: 0.463 Con: 0.224 Cls: 1.793 Hist: 1.1783 Path: 0.5440 | Val F1: 0.2276 | 1.8s
  Epoch 41/400 | Total: 4.144 Edge: 0.465 Con: 0.222 Cls: 1.763 Hist: 1.1620 Path: 0.5326 | 1.6s
  Epoch 42/400 | Total: 4.132 Edge: 0.458 Con: 0.222 Cls: 1.765 Hist: 1.1624 Path: 0.5249 | 1.5s
  Epoch 43/400 | Total: 4.141 Edge: 0.453 Con: 0.221 Cls: 1.776 Hist: 1.1689 Path: 0.5224 | 1.8s
  Epoch 44/400 | Total: 4.119 Edge: 0.454 Con: 0.222 Cls: 1.756 Hist: 1.1613 Path: 0.5260 | 1.8s
  Epoch 45/400 | Total: 4.071 Edge: 0.454 Con: 0.220 Cls: 1.729 Hist: 1.1473 Path: 0.5208 | Val F1: 0.2334 | 1.1s
  Epoch 46/400 | Total: 4.074 Edge: 0.451 Con: 0.221 Cls: 1.736 Hist: 1.1436 Path: 0.5220 | 1.2s
  Epoch 47/400 | Total: 4.063 Edge: 0.452 Con: 0.221 Cls: 1.725 Hist: 1.1422 Path: 0.5239 | 1.4s
  Epoch 48/400 | Total: 4.048 Edge: 0.454 Con: 0.221 Cls: 1.715 Hist: 1.1298 Path: 0.5285 | 1.6s
  Epoch 49/400 | Total: 4.095 Edge: 0.450 Con: 0.219 Cls: 1.747 Hist: 1.1562 Path: 0.5219 | 1.7s
  Epoch 50/400 | Total: 4.093 Edge: 0.453 Con: 0.219 Cls: 1.742 Hist: 1.1527 Path: 0.5265 | Val F1: 0.2401 | 1.9s
  Epoch 51/400 | Total: 4.064 Edge: 0.454 Con: 0.220 Cls: 1.728 Hist: 1.1391 Path: 0.5239 | 1.7s
  Epoch 52/400 | Total: 4.040 Edge: 0.441 Con: 0.219 Cls: 1.729 Hist: 1.1382 Path: 0.5130 | 1.6s
  Epoch 53/400 | Total: 4.069 Edge: 0.443 Con: 0.219 Cls: 1.742 Hist: 1.1498 Path: 0.5153 | 1.5s
  Epoch 54/400 | Total: 4.025 Edge: 0.449 Con: 0.218 Cls: 1.712 Hist: 1.1302 Path: 0.5152 | 1.5s
  Epoch 55/400 | Total: 4.003 Edge: 0.446 Con: 0.218 Cls: 1.699 Hist: 1.1239 Path: 0.5154 | Val F1: 0.2420 | 1.8s
  Epoch 56/400 | Total: 4.000 Edge: 0.447 Con: 0.218 Cls: 1.698 Hist: 1.1230 Path: 0.5136 | 2.1s
  Epoch 57/400 | Total: 3.966 Edge: 0.448 Con: 0.219 Cls: 1.679 Hist: 1.1095 Path: 0.5110 | 1.3s
  Epoch 58/400 | Total: 3.986 Edge: 0.438 Con: 0.218 Cls: 1.701 Hist: 1.1203 Path: 0.5084 | 1.4s
  Epoch 59/400 | Total: 3.966 Edge: 0.440 Con: 0.217 Cls: 1.689 Hist: 1.1139 Path: 0.5065 | 1.7s
  Epoch 60/400 | Total: 3.926 Edge: 0.436 Con: 0.218 Cls: 1.669 Hist: 1.1006 Path: 0.5036 | Val F1: 0.2433 | 1.4s
  Epoch 61/400 | Total: 3.953 Edge: 0.434 Con: 0.217 Cls: 1.688 Hist: 1.1107 Path: 0.5034 | 1.8s
  Epoch 62/400 | Total: 3.938 Edge: 0.434 Con: 0.218 Cls: 1.676 Hist: 1.1064 Path: 0.5032 | 2.0s
  Epoch 63/400 | Total: 3.973 Edge: 0.437 Con: 0.217 Cls: 1.696 Hist: 1.1163 Path: 0.5072 | 1.2s
  Epoch 64/400 | Total: 3.940 Edge: 0.433 Con: 0.217 Cls: 1.681 Hist: 1.1070 Path: 0.5027 | 1.2s
  Epoch 65/400 | Total: 3.955 Edge: 0.434 Con: 0.216 Cls: 1.691 Hist: 1.1119 Path: 0.5026 | Val F1: 0.2414 | 1.7s
  Epoch 66/400 | Total: 3.890 Edge: 0.437 Con: 0.217 Cls: 1.652 Hist: 1.0863 Path: 0.4979 | 1.5s
  Epoch 67/400 | Total: 3.903 Edge: 0.433 Con: 0.218 Cls: 1.659 Hist: 1.0947 Path: 0.4981 | 1.8s
  Epoch 68/400 | Total: 3.880 Edge: 0.432 Con: 0.218 Cls: 1.648 Hist: 1.0836 Path: 0.4992 | 1.9s
  Epoch 69/400 | Total: 3.913 Edge: 0.432 Con: 0.216 Cls: 1.663 Hist: 1.0972 Path: 0.5038 | 1.8s
  Epoch 70/400 | Total: 3.868 Edge: 0.431 Con: 0.217 Cls: 1.633 Hist: 1.0823 Path: 0.5045 | Val F1: 0.2553 | 1.3s
  Epoch 71/400 | Total: 3.863 Edge: 0.429 Con: 0.215 Cls: 1.639 Hist: 1.0835 Path: 0.4965 | 1.4s
  Epoch 72/400 | Total: 3.876 Edge: 0.432 Con: 0.219 Cls: 1.643 Hist: 1.0827 Path: 0.4993 | 1.6s
  Epoch 73/400 | Total: 3.851 Edge: 0.434 Con: 0.217 Cls: 1.630 Hist: 1.0719 Path: 0.4981 | 1.5s
  Epoch 74/400 | Total: 3.908 Edge: 0.446 Con: 0.217 Cls: 1.644 Hist: 1.0886 Path: 0.5123 | 1.7s
  Epoch 75/400 | Total: 3.870 Edge: 0.433 Con: 0.217 Cls: 1.635 Hist: 1.0763 Path: 0.5081 | Val F1: 0.2651 | 2.1s
  Epoch 76/400 | Total: 3.839 Edge: 0.434 Con: 0.218 Cls: 1.617 Hist: 1.0681 Path: 0.5030 | 1.4s
  Epoch 77/400 | Total: 3.825 Edge: 0.424 Con: 0.217 Cls: 1.625 Hist: 1.0702 Path: 0.4885 | 1.2s
  Epoch 78/400 | Total: 3.880 Edge: 0.425 Con: 0.217 Cls: 1.659 Hist: 1.0899 Path: 0.4891 | 1.2s
  Epoch 79/400 | Total: 3.788 Edge: 0.423 Con: 0.218 Cls: 1.599 Hist: 1.0581 Path: 0.4909 | 1.1s
  Epoch 80/400 | Total: 3.778 Edge: 0.421 Con: 0.216 Cls: 1.598 Hist: 1.0583 Path: 0.4845 | Val F1: 0.2625 | 1.2s
  Epoch 81/400 | Total: 3.806 Edge: 0.420 Con: 0.215 Cls: 1.617 Hist: 1.0636 Path: 0.4903 | 1.1s
  Epoch 82/400 | Total: 3.788 Edge: 0.422 Con: 0.216 Cls: 1.604 Hist: 1.0585 Path: 0.4878 | 1.2s
  Epoch 83/400 | Total: 3.791 Edge: 0.424 Con: 0.217 Cls: 1.602 Hist: 1.0581 Path: 0.4904 | 1.1s
  Epoch 84/400 | Total: 3.782 Edge: 0.423 Con: 0.218 Cls: 1.597 Hist: 1.0568 Path: 0.4877 | 1.1s
  Epoch 85/400 | Total: 3.773 Edge: 0.428 Con: 0.216 Cls: 1.587 Hist: 1.0501 Path: 0.4910 | Val F1: 0.2699 | 1.2s
  Epoch 86/400 | Total: 3.762 Edge: 0.423 Con: 0.216 Cls: 1.585 Hist: 1.0519 Path: 0.4857 | 1.2s
  Epoch 87/400 | Total: 3.762 Edge: 0.427 Con: 0.217 Cls: 1.584 Hist: 1.0453 Path: 0.4885 | 1.1s
  Epoch 88/400 | Total: 3.747 Edge: 0.418 Con: 0.216 Cls: 1.587 Hist: 1.0460 Path: 0.4811 | 1.1s
  Epoch 89/400 | Total: 3.736 Edge: 0.418 Con: 0.216 Cls: 1.577 Hist: 1.0449 Path: 0.4800 | 1.2s
  Epoch 90/400 | Total: 3.739 Edge: 0.419 Con: 0.218 Cls: 1.576 Hist: 1.0410 Path: 0.4848 | Val F1: 0.2717 | 1.4s
  Epoch 91/400 | Total: 3.724 Edge: 0.413 Con: 0.215 Cls: 1.574 Hist: 1.0441 Path: 0.4783 | 1.2s
  Epoch 92/400 | Total: 3.722 Edge: 0.413 Con: 0.214 Cls: 1.574 Hist: 1.0451 Path: 0.4764 | 1.3s
  Epoch 93/400 | Total: 3.703 Edge: 0.414 Con: 0.214 Cls: 1.560 Hist: 1.0373 Path: 0.4779 | 1.0s
  Epoch 94/400 | Total: 3.739 Edge: 0.417 Con: 0.214 Cls: 1.580 Hist: 1.0488 Path: 0.4792 | 0.9s
  Epoch 95/400 | Total: 3.729 Edge: 0.416 Con: 0.214 Cls: 1.572 Hist: 1.0454 Path: 0.4815 | Val F1: 0.2862 | 1.1s
  Epoch 96/400 | Total: 3.716 Edge: 0.416 Con: 0.214 Cls: 1.567 Hist: 1.0413 Path: 0.4780 | 0.9s
  Epoch 97/400 | Total: 3.711 Edge: 0.413 Con: 0.216 Cls: 1.570 Hist: 1.0387 Path: 0.4739 | 1.1s
  Epoch 98/400 | Total: 3.709 Edge: 0.414 Con: 0.214 Cls: 1.566 Hist: 1.0388 Path: 0.4763 | 1.0s
  Epoch 99/400 | Total: 3.710 Edge: 0.413 Con: 0.215 Cls: 1.563 Hist: 1.0410 Path: 0.4776 | 1.0s
  Epoch 100/400 | Total: 3.710 Edge: 0.416 Con: 0.216 Cls: 1.563 Hist: 1.0359 Path: 0.4795 | Val F1: 0.2753 | 1.0s
  Epoch 101/400 | Total: 3.744 Edge: 0.414 Con: 0.214 Cls: 1.584 Hist: 1.0505 Path: 0.4810 | 1.1s
  Epoch 102/400 | Total: 3.697 Edge: 0.415 Con: 0.215 Cls: 1.551 Hist: 1.0347 Path: 0.4812 | 1.1s
  Epoch 103/400 | Total: 3.710 Edge: 0.420 Con: 0.214 Cls: 1.556 Hist: 1.0353 Path: 0.4850 | 1.1s
  Epoch 104/400 | Total: 3.718 Edge: 0.414 Con: 0.214 Cls: 1.571 Hist: 1.0434 Path: 0.4756 | 1.1s
  Epoch 105/400 | Total: 3.707 Edge: 0.412 Con: 0.214 Cls: 1.565 Hist: 1.0372 Path: 0.4780 | Val F1: 0.2864 | 1.1s
  Epoch 106/400 | Total: 3.661 Edge: 0.410 Con: 0.214 Cls: 1.539 Hist: 1.0230 Path: 0.4752 | 1.1s
  Epoch 107/400 | Total: 3.680 Edge: 0.408 Con: 0.214 Cls: 1.549 Hist: 1.0331 Path: 0.4747 | 1.0s
  Epoch 108/400 | Total: 3.680 Edge: 0.411 Con: 0.215 Cls: 1.547 Hist: 1.0341 Path: 0.4732 | 1.1s
  Epoch 109/400 | Total: 3.667 Edge: 0.409 Con: 0.213 Cls: 1.542 Hist: 1.0344 Path: 0.4690 | 1.1s
  Epoch 110/400 | Total: 3.658 Edge: 0.408 Con: 0.213 Cls: 1.541 Hist: 1.0284 Path: 0.4673 | Val F1: 0.2953 | 1.1s
  Epoch 111/400 | Total: 3.673 Edge: 0.407 Con: 0.215 Cls: 1.557 Hist: 1.0306 Path: 0.4640 | 1.3s
  Epoch 112/400 | Total: 3.678 Edge: 0.406 Con: 0.214 Cls: 1.554 Hist: 1.0372 Path: 0.4663 | 1.1s
  Epoch 113/400 | Total: 3.640 Edge: 0.406 Con: 0.214 Cls: 1.530 Hist: 1.0231 Path: 0.4667 | 1.2s
  Epoch 114/400 | Total: 3.657 Edge: 0.404 Con: 0.213 Cls: 1.544 Hist: 1.0316 Path: 0.4650 | 1.3s
  Epoch 115/400 | Total: 3.649 Edge: 0.404 Con: 0.215 Cls: 1.537 Hist: 1.0275 Path: 0.4656 | Val F1: 0.3087 | 1.7s
  Epoch 116/400 | Total: 3.661 Edge: 0.406 Con: 0.212 Cls: 1.547 Hist: 1.0318 Path: 0.4651 | 1.2s
  Epoch 117/400 | Total: 3.648 Edge: 0.410 Con: 0.215 Cls: 1.531 Hist: 1.0213 Path: 0.4697 | 1.1s
  Epoch 118/400 | Total: 3.688 Edge: 0.406 Con: 0.214 Cls: 1.557 Hist: 1.0402 Path: 0.4709 | 1.1s
  Epoch 119/400 | Total: 3.656 Edge: 0.404 Con: 0.214 Cls: 1.539 Hist: 1.0335 Path: 0.4657 | 0.9s
  Epoch 120/400 | Total: 3.620 Edge: 0.403 Con: 0.214 Cls: 1.520 Hist: 1.0163 Path: 0.4658 | Val F1: 0.3061 | 1.1s
  Epoch 121/400 | Total: 3.620 Edge: 0.404 Con: 0.214 Cls: 1.520 Hist: 1.0165 Path: 0.4653 | 0.9s
  Epoch 122/400 | Total: 3.609 Edge: 0.403 Con: 0.215 Cls: 1.511 Hist: 1.0136 Path: 0.4659 | 0.9s
  Epoch 123/400 | Total: 3.636 Edge: 0.404 Con: 0.213 Cls: 1.529 Hist: 1.0228 Path: 0.4669 | 0.9s
  Epoch 124/400 | Total: 3.681 Edge: 0.409 Con: 0.214 Cls: 1.549 Hist: 1.0397 Path: 0.4701 | 1.0s
  Epoch 125/400 | Total: 3.655 Edge: 0.418 Con: 0.213 Cls: 1.528 Hist: 1.0191 Path: 0.4763 | Val F1: 0.2958 | 1.1s
  Epoch 126/400 | Total: 3.642 Edge: 0.413 Con: 0.215 Cls: 1.520 Hist: 1.0218 Path: 0.4729 | 1.1s
  Epoch 127/400 | Total: 3.616 Edge: 0.410 Con: 0.215 Cls: 1.511 Hist: 1.0131 Path: 0.4675 | 1.1s
  Epoch 128/400 | Total: 3.589 Edge: 0.403 Con: 0.214 Cls: 1.499 Hist: 1.0064 Path: 0.4665 | 0.9s
  Epoch 129/400 | Total: 3.633 Edge: 0.404 Con: 0.215 Cls: 1.530 Hist: 1.0244 Path: 0.4609 | 1.1s
  Epoch 130/400 | Total: 3.618 Edge: 0.405 Con: 0.214 Cls: 1.517 Hist: 1.0190 Path: 0.4636 | Val F1: 0.3163 | 1.1s
  Epoch 131/400 | Total: 3.639 Edge: 0.406 Con: 0.214 Cls: 1.528 Hist: 1.0241 Path: 0.4676 | 1.1s
  Epoch 132/400 | Total: 3.645 Edge: 0.401 Con: 0.214 Cls: 1.535 Hist: 1.0297 Path: 0.4649 | 1.1s
  Epoch 133/400 | Total: 3.596 Edge: 0.400 Con: 0.212 Cls: 1.511 Hist: 1.0168 Path: 0.4565 | 0.9s
  Epoch 134/400 | Total: 3.603 Edge: 0.398 Con: 0.214 Cls: 1.516 Hist: 1.0174 Path: 0.4574 | 1.1s
  Epoch 135/400 | Total: 3.625 Edge: 0.403 Con: 0.215 Cls: 1.525 Hist: 1.0261 Path: 0.4572 | Val F1: 0.3110 | 1.1s
  Epoch 136/400 | Total: 3.594 Edge: 0.402 Con: 0.214 Cls: 1.511 Hist: 1.0063 Path: 0.4610 | 1.1s
  Epoch 137/400 | Total: 3.638 Edge: 0.407 Con: 0.212 Cls: 1.534 Hist: 1.0274 Path: 0.4579 | 1.3s
  Epoch 138/400 | Total: 3.609 Edge: 0.409 Con: 0.214 Cls: 1.511 Hist: 1.0128 Path: 0.4628 | 1.1s
  Epoch 139/400 | Total: 3.607 Edge: 0.407 Con: 0.214 Cls: 1.506 Hist: 1.0117 Path: 0.4679 | 1.2s
  Epoch 140/400 | Total: 3.587 Edge: 0.400 Con: 0.214 Cls: 1.503 Hist: 1.0088 Path: 0.4614 | Val F1: 0.3194 | 1.2s
  Epoch 141/400 | Total: 3.628 Edge: 0.399 Con: 0.214 Cls: 1.532 Hist: 1.0258 Path: 0.4578 | 1.6s
  Epoch 142/400 | Total: 3.594 Edge: 0.399 Con: 0.214 Cls: 1.511 Hist: 1.0124 Path: 0.4585 | 1.1s
  Epoch 143/400 | Total: 3.584 Edge: 0.404 Con: 0.212 Cls: 1.501 Hist: 1.0084 Path: 0.4581 | 1.2s
  Epoch 144/400 | Total: 3.585 Edge: 0.401 Con: 0.214 Cls: 1.505 Hist: 1.0074 Path: 0.4579 | 1.2s
  Epoch 145/400 | Total: 3.588 Edge: 0.399 Con: 0.214 Cls: 1.510 Hist: 1.0090 Path: 0.4561 | Val F1: 0.3053 | 1.0s
  Epoch 146/400 | Total: 3.602 Edge: 0.400 Con: 0.213 Cls: 1.515 Hist: 1.0193 Path: 0.4550 | 0.9s
  Epoch 147/400 | Total: 3.603 Edge: 0.400 Con: 0.212 Cls: 1.514 Hist: 1.0147 Path: 0.4614 | 0.9s
  Epoch 148/400 | Total: 3.583 Edge: 0.402 Con: 0.214 Cls: 1.500 Hist: 1.0045 Path: 0.4622 | 0.9s
  Epoch 149/400 | Total: 3.573 Edge: 0.400 Con: 0.213 Cls: 1.500 Hist: 1.0018 Path: 0.4589 | 1.1s
  Epoch 150/400 | Total: 3.642 Edge: 0.397 Con: 0.213 Cls: 1.546 Hist: 1.0291 Path: 0.4577 | Val F1: 0.3059 | 0.9s
  Epoch 151/400 | Total: 3.607 Edge: 0.397 Con: 0.212 Cls: 1.524 Hist: 1.0195 Path: 0.4540 | 0.9s
  Epoch 152/400 | Total: 3.567 Edge: 0.396 Con: 0.212 Cls: 1.499 Hist: 1.0040 Path: 0.4556 | 0.9s
  Epoch 153/400 | Total: 3.577 Edge: 0.396 Con: 0.213 Cls: 1.505 Hist: 1.0090 Path: 0.4532 | 1.1s
  Epoch 154/400 | Total: 3.554 Edge: 0.396 Con: 0.212 Cls: 1.493 Hist: 1.0002 Path: 0.4531 | 0.9s
  Epoch 155/400 | Total: 3.583 Edge: 0.396 Con: 0.213 Cls: 1.510 Hist: 1.0131 Path: 0.4507 | Val F1: 0.3239 | 0.9s
  Epoch 156/400 | Total: 3.604 Edge: 0.400 Con: 0.212 Cls: 1.521 Hist: 1.0187 Path: 0.4520 | 1.0s
  Epoch 157/400 | Total: 3.558 Edge: 0.407 Con: 0.212 Cls: 1.486 Hist: 0.9926 Path: 0.4602 | 1.1s
  Epoch 158/400 | Total: 3.612 Edge: 0.403 Con: 0.213 Cls: 1.517 Hist: 1.0192 Path: 0.4608 | 1.1s
  Epoch 159/400 | Total: 3.598 Edge: 0.396 Con: 0.212 Cls: 1.517 Hist: 1.0193 Path: 0.4537 | 1.2s
  Epoch 160/400 | Total: 3.558 Edge: 0.396 Con: 0.213 Cls: 1.492 Hist: 1.0070 Path: 0.4499 | Val F1: 0.3180 | 1.1s
  Epoch 161/400 | Total: 3.559 Edge: 0.395 Con: 0.211 Cls: 1.496 Hist: 1.0035 Path: 0.4536 | 1.2s
  Epoch 162/400 | Total: 3.560 Edge: 0.395 Con: 0.212 Cls: 1.496 Hist: 1.0031 Path: 0.4540 | 0.9s
  Epoch 163/400 | Total: 3.570 Edge: 0.394 Con: 0.211 Cls: 1.496 Hist: 1.0103 Path: 0.4578 | 1.1s
  Epoch 164/400 | Total: 3.580 Edge: 0.399 Con: 0.212 Cls: 1.502 Hist: 1.0048 Path: 0.4618 | 1.1s
  Epoch 165/400 | Total: 3.591 Edge: 0.401 Con: 0.213 Cls: 1.507 Hist: 1.0089 Path: 0.4624 | Val F1: 0.3274 | 1.1s
  Epoch 166/400 | Total: 3.576 Edge: 0.396 Con: 0.213 Cls: 1.504 Hist: 1.0075 Path: 0.4556 | 1.1s
  Epoch 167/400 | Total: 3.605 Edge: 0.394 Con: 0.213 Cls: 1.520 Hist: 1.0229 Path: 0.4553 | 1.2s
  Epoch 168/400 | Total: 3.617 Edge: 0.397 Con: 0.212 Cls: 1.525 Hist: 1.0280 Path: 0.4555 | 1.2s
  Epoch 169/400 | Total: 3.600 Edge: 0.398 Con: 0.212 Cls: 1.519 Hist: 1.0207 Path: 0.4503 | 1.6s
  Epoch 170/400 | Total: 3.530 Edge: 0.393 Con: 0.211 Cls: 1.485 Hist: 0.9932 Path: 0.4479 | Val F1: 0.3225 | 1.1s
  Epoch 171/400 | Total: 3.545 Edge: 0.391 Con: 0.211 Cls: 1.491 Hist: 1.0040 Path: 0.4480 | 1.2s
  Epoch 172/400 | Total: 3.547 Edge: 0.391 Con: 0.213 Cls: 1.493 Hist: 1.0023 Path: 0.4479 | 0.9s
  Epoch 173/400 | Total: 3.533 Edge: 0.391 Con: 0.212 Cls: 1.485 Hist: 0.9952 Path: 0.4500 | 0.9s
  Epoch 174/400 | Total: 3.539 Edge: 0.397 Con: 0.211 Cls: 1.486 Hist: 0.9976 Path: 0.4478 | 1.1s
  Epoch 175/400 | Total: 3.517 Edge: 0.394 Con: 0.212 Cls: 1.469 Hist: 0.9932 Path: 0.4488 | Val F1: 0.3229 | 0.9s
  Epoch 176/400 | Total: 3.549 Edge: 0.397 Con: 0.212 Cls: 1.486 Hist: 1.0028 Path: 0.4518 | 1.1s
  Epoch 177/400 | Total: 3.544 Edge: 0.396 Con: 0.211 Cls: 1.486 Hist: 0.9984 Path: 0.4522 | 0.9s
  Epoch 178/400 | Total: 3.533 Edge: 0.400 Con: 0.211 Cls: 1.478 Hist: 0.9905 Path: 0.4548 | 1.0s
  Epoch 179/400 | Total: 3.557 Edge: 0.402 Con: 0.212 Cls: 1.487 Hist: 0.9955 Path: 0.4600 | 1.1s
  Epoch 180/400 | Total: 3.538 Edge: 0.396 Con: 0.212 Cls: 1.480 Hist: 0.9940 Path: 0.4572 | Val F1: 0.3258 | 1.2s
  Epoch 181/400 | Total: 3.566 Edge: 0.399 Con: 0.211 Cls: 1.494 Hist: 1.0056 Path: 0.4562 | 1.1s
  Epoch 182/400 | Total: 3.571 Edge: 0.393 Con: 0.212 Cls: 1.499 Hist: 1.0119 Path: 0.4550 | 1.2s
  Epoch 183/400 | Total: 3.566 Edge: 0.392 Con: 0.210 Cls: 1.499 Hist: 1.0100 Path: 0.4550 | 1.2s
  Epoch 184/400 | Total: 3.561 Edge: 0.393 Con: 0.212 Cls: 1.496 Hist: 1.0088 Path: 0.4504 | 0.9s
  Epoch 185/400 | Total: 3.536 Edge: 0.395 Con: 0.211 Cls: 1.485 Hist: 0.9983 Path: 0.4476 | Val F1: 0.3362 | 1.1s
  Epoch 186/400 | Total: 3.544 Edge: 0.397 Con: 0.211 Cls: 1.489 Hist: 0.9999 Path: 0.4467 | 1.0s
  Epoch 187/400 | Total: 3.540 Edge: 0.395 Con: 0.211 Cls: 1.486 Hist: 1.0002 Path: 0.4475 | 1.2s
  Epoch 188/400 | Total: 3.547 Edge: 0.390 Con: 0.210 Cls: 1.496 Hist: 1.0084 Path: 0.4426 | 1.1s
  Epoch 189/400 | Total: 3.556 Edge: 0.394 Con: 0.210 Cls: 1.497 Hist: 1.0055 Path: 0.4498 | 1.1s
  Epoch 190/400 | Total: 3.534 Edge: 0.395 Con: 0.211 Cls: 1.483 Hist: 0.9954 Path: 0.4501 | Val F1: 0.3422 | 1.2s
  Epoch 191/400 | Total: 3.513 Edge: 0.392 Con: 0.211 Cls: 1.475 Hist: 0.9902 Path: 0.4462 | 1.3s
  Epoch 192/400 | Total: 3.546 Edge: 0.392 Con: 0.211 Cls: 1.488 Hist: 1.0039 Path: 0.4511 | 1.4s
  Epoch 193/400 | Total: 3.546 Edge: 0.392 Con: 0.210 Cls: 1.492 Hist: 1.0016 Path: 0.4502 | 1.0s
  Epoch 194/400 | Total: 3.543 Edge: 0.390 Con: 0.212 Cls: 1.493 Hist: 0.9995 Path: 0.4486 | 1.1s
  Epoch 195/400 | Total: 3.495 Edge: 0.388 Con: 0.211 Cls: 1.466 Hist: 0.9855 Path: 0.4438 | Val F1: 0.3415 | 1.2s
  Epoch 196/400 | Total: 3.512 Edge: 0.389 Con: 0.211 Cls: 1.474 Hist: 0.9934 Path: 0.4445 | 1.1s
  Epoch 197/400 | Total: 3.499 Edge: 0.391 Con: 0.212 Cls: 1.467 Hist: 0.9867 Path: 0.4433 | 1.1s
  Epoch 198/400 | Total: 3.526 Edge: 0.397 Con: 0.213 Cls: 1.476 Hist: 0.9938 Path: 0.4471 | 0.9s
  Epoch 199/400 | Total: 3.523 Edge: 0.394 Con: 0.212 Cls: 1.475 Hist: 0.9932 Path: 0.4479 | 1.1s
  Epoch 200/400 | Total: 3.532 Edge: 0.390 Con: 0.211 Cls: 1.488 Hist: 0.9986 Path: 0.4448 | Val F1: 0.3355 | 0.9s
  Epoch 201/400 | Total: 3.524 Edge: 0.391 Con: 0.210 Cls: 1.481 Hist: 0.9957 Path: 0.4461 | 0.9s
  Epoch 202/400 | Total: 3.560 Edge: 0.390 Con: 0.212 Cls: 1.503 Hist: 1.0113 Path: 0.4436 | 0.9s
  Epoch 203/400 | Total: 3.547 Edge: 0.393 Con: 0.212 Cls: 1.496 Hist: 1.0004 Path: 0.4454 | 1.1s
  Epoch 204/400 | Total: 3.526 Edge: 0.394 Con: 0.210 Cls: 1.486 Hist: 0.9883 Path: 0.4482 | 1.1s
  Epoch 205/400 | Total: 3.565 Edge: 0.396 Con: 0.212 Cls: 1.506 Hist: 1.0061 Path: 0.4447 | Val F1: 0.3331 | 1.0s
  Epoch 206/400 | Total: 3.514 Edge: 0.393 Con: 0.211 Cls: 1.476 Hist: 0.9859 Path: 0.4482 | 1.1s
  Epoch 207/400 | Total: 3.512 Edge: 0.392 Con: 0.211 Cls: 1.468 Hist: 0.9917 Path: 0.4486 | 1.1s
  Epoch 208/400 | Total: 3.502 Edge: 0.388 Con: 0.211 Cls: 1.468 Hist: 0.9869 Path: 0.4486 | 1.1s
  Epoch 209/400 | Total: 3.509 Edge: 0.387 Con: 0.212 Cls: 1.474 Hist: 0.9895 Path: 0.4465 | 0.9s
  Epoch 210/400 | Total: 3.488 Edge: 0.388 Con: 0.211 Cls: 1.461 Hist: 0.9831 Path: 0.4449 | Val F1: 0.3389 | 1.1s
  Epoch 211/400 | Total: 3.535 Edge: 0.392 Con: 0.210 Cls: 1.485 Hist: 0.9974 Path: 0.4516 | 1.1s
  Epoch 212/400 | Total: 3.537 Edge: 0.393 Con: 0.211 Cls: 1.488 Hist: 1.0002 Path: 0.4457 | 1.2s
  Epoch 213/400 | Total: 3.523 Edge: 0.391 Con: 0.211 Cls: 1.488 Hist: 0.9896 Path: 0.4432 | 1.1s
  Epoch 214/400 | Total: 3.537 Edge: 0.393 Con: 0.212 Cls: 1.490 Hist: 0.9962 Path: 0.4452 | 1.3s
  Epoch 215/400 | Total: 3.514 Edge: 0.387 Con: 0.211 Cls: 1.485 Hist: 0.9907 Path: 0.4404 | Val F1: 0.3425 | 1.3s
  Epoch 216/400 | Total: 3.525 Edge: 0.387 Con: 0.209 Cls: 1.487 Hist: 1.0002 Path: 0.4418 | 1.6s
  Epoch 217/400 | Total: 3.480 Edge: 0.387 Con: 0.208 Cls: 1.463 Hist: 0.9839 Path: 0.4378 | 1.1s
  Epoch 218/400 | Total: 3.516 Edge: 0.389 Con: 0.211 Cls: 1.482 Hist: 0.9911 Path: 0.4434 | 1.2s
  Epoch 219/400 | Total: 3.515 Edge: 0.389 Con: 0.209 Cls: 1.478 Hist: 0.9952 Path: 0.4434 | 1.1s
  Epoch 220/400 | Total: 3.479 Edge: 0.391 Con: 0.210 Cls: 1.457 Hist: 0.9770 Path: 0.4431 | Val F1: 0.3427 | 0.9s
  Epoch 221/400 | Total: 3.509 Edge: 0.392 Con: 0.210 Cls: 1.475 Hist: 0.9881 Path: 0.4444 | 0.9s
  Epoch 222/400 | Total: 3.499 Edge: 0.388 Con: 0.211 Cls: 1.472 Hist: 0.9868 Path: 0.4417 | 1.1s
  Epoch 223/400 | Total: 3.483 Edge: 0.384 Con: 0.210 Cls: 1.463 Hist: 0.9870 Path: 0.4387 | 0.9s
  Epoch 224/400 | Total: 3.494 Edge: 0.387 Con: 0.209 Cls: 1.469 Hist: 0.9864 Path: 0.4424 | 0.9s
  Epoch 225/400 | Total: 3.484 Edge: 0.388 Con: 0.208 Cls: 1.461 Hist: 0.9827 Path: 0.4437 | Val F1: 0.3444 | 1.1s
  Epoch 226/400 | Total: 3.479 Edge: 0.387 Con: 0.210 Cls: 1.463 Hist: 0.9811 Path: 0.4382 | 1.0s
  Epoch 227/400 | Total: 3.524 Edge: 0.386 Con: 0.208 Cls: 1.489 Hist: 0.9968 Path: 0.4437 | 1.1s
  Epoch 228/400 | Total: 3.508 Edge: 0.388 Con: 0.209 Cls: 1.479 Hist: 0.9889 Path: 0.4427 | 1.0s
  Epoch 229/400 | Total: 3.554 Edge: 0.388 Con: 0.210 Cls: 1.503 Hist: 1.0086 Path: 0.4440 | 0.9s
  Epoch 230/400 | Total: 3.503 Edge: 0.388 Con: 0.210 Cls: 1.470 Hist: 0.9878 Path: 0.4473 | Val F1: 0.3499 | 1.5s
  Epoch 231/400 | Total: 3.502 Edge: 0.388 Con: 0.211 Cls: 1.471 Hist: 0.9826 Path: 0.4496 | 2.4s
  Epoch 232/400 | Total: 3.490 Edge: 0.388 Con: 0.210 Cls: 1.458 Hist: 0.9827 Path: 0.4517 | 2.3s
  Epoch 233/400 | Total: 3.496 Edge: 0.385 Con: 0.210 Cls: 1.471 Hist: 0.9904 Path: 0.4397 | 2.2s
  Epoch 234/400 | Total: 3.470 Edge: 0.385 Con: 0.209 Cls: 1.459 Hist: 0.9788 Path: 0.4384 | 2.3s
  Epoch 235/400 | Total: 3.484 Edge: 0.385 Con: 0.210 Cls: 1.464 Hist: 0.9867 Path: 0.4385 | Val F1: 0.3455 | 2.2s
  Epoch 236/400 | Total: 3.472 Edge: 0.388 Con: 0.210 Cls: 1.457 Hist: 0.9801 Path: 0.4369 | 2.3s
  Epoch 237/400 | Total: 3.504 Edge: 0.393 Con: 0.210 Cls: 1.472 Hist: 0.9831 Path: 0.4463 | 2.2s
  Epoch 238/400 | Total: 3.486 Edge: 0.396 Con: 0.209 Cls: 1.464 Hist: 0.9764 Path: 0.4400 | 2.3s
  Epoch 239/400 | Total: 3.473 Edge: 0.391 Con: 0.211 Cls: 1.457 Hist: 0.9796 Path: 0.4353 | 2.1s
  Epoch 240/400 | Total: 3.481 Edge: 0.389 Con: 0.210 Cls: 1.461 Hist: 0.9815 Path: 0.4397 | Val F1: 0.3529 | 2.2s
  Epoch 241/400 | Total: 3.529 Edge: 0.389 Con: 0.209 Cls: 1.490 Hist: 1.0013 Path: 0.4397 | 2.2s
  Epoch 242/400 | Total: 3.484 Edge: 0.388 Con: 0.209 Cls: 1.462 Hist: 0.9824 Path: 0.4420 | 2.2s
  Epoch 243/400 | Total: 3.477 Edge: 0.385 Con: 0.211 Cls: 1.461 Hist: 0.9824 Path: 0.4379 | 2.3s
  Epoch 244/400 | Total: 3.504 Edge: 0.386 Con: 0.208 Cls: 1.474 Hist: 0.9925 Path: 0.4437 | 2.3s
  Epoch 245/400 | Total: 3.504 Edge: 0.387 Con: 0.210 Cls: 1.477 Hist: 0.9893 Path: 0.4409 | Val F1: 0.3387 | 2.5s
  Epoch 246/400 | Total: 3.458 Edge: 0.386 Con: 0.211 Cls: 1.448 Hist: 0.9739 Path: 0.4399 | 2.3s
  Epoch 247/400 | Total: 3.514 Edge: 0.388 Con: 0.209 Cls: 1.480 Hist: 0.9951 Path: 0.4413 | 2.3s
  Epoch 248/400 | Total: 3.495 Edge: 0.392 Con: 0.210 Cls: 1.469 Hist: 0.9842 Path: 0.4398 | 2.4s
  Epoch 249/400 | Total: 3.463 Edge: 0.388 Con: 0.210 Cls: 1.449 Hist: 0.9748 Path: 0.4414 | 2.3s
  Epoch 250/400 | Total: 3.489 Edge: 0.385 Con: 0.210 Cls: 1.470 Hist: 0.9872 Path: 0.4367 | Val F1: 0.3501 | 2.2s
  Epoch 251/400 | Total: 3.477 Edge: 0.388 Con: 0.210 Cls: 1.461 Hist: 0.9816 Path: 0.4376 | 2.4s
  Epoch 252/400 | Total: 3.488 Edge: 0.386 Con: 0.210 Cls: 1.465 Hist: 0.9878 Path: 0.4390 | 2.3s
  Epoch 253/400 | Total: 3.485 Edge: 0.392 Con: 0.211 Cls: 1.457 Hist: 0.9774 Path: 0.4469 | 2.3s
  Epoch 254/400 | Total: 3.467 Edge: 0.389 Con: 0.209 Cls: 1.454 Hist: 0.9736 Path: 0.4415 | 2.3s
  Epoch 255/400 | Total: 3.455 Edge: 0.387 Con: 0.208 Cls: 1.445 Hist: 0.9737 Path: 0.4412 | Val F1: 0.3555 | 2.2s
  Epoch 256/400 | Total: 3.461 Edge: 0.385 Con: 0.210 Cls: 1.448 Hist: 0.9738 Path: 0.4443 | 2.2s
  Epoch 257/400 | Total: 3.505 Edge: 0.390 Con: 0.208 Cls: 1.473 Hist: 0.9960 Path: 0.4381 | 2.2s
  Epoch 258/400 | Total: 3.471 Edge: 0.383 Con: 0.207 Cls: 1.461 Hist: 0.9833 Path: 0.4368 | 2.3s
  Epoch 259/400 | Total: 3.455 Edge: 0.383 Con: 0.210 Cls: 1.453 Hist: 0.9756 Path: 0.4339 | 2.2s
  Epoch 260/400 | Total: 3.452 Edge: 0.379 Con: 0.208 Cls: 1.453 Hist: 0.9800 Path: 0.4319 | Val F1: 0.3578 | 2.2s
  Epoch 261/400 | Total: 3.452 Edge: 0.381 Con: 0.209 Cls: 1.453 Hist: 0.9767 Path: 0.4330 | 2.2s
  Epoch 262/400 | Total: 3.458 Edge: 0.381 Con: 0.209 Cls: 1.454 Hist: 0.9822 Path: 0.4319 | 2.2s
  Epoch 263/400 | Total: 3.476 Edge: 0.384 Con: 0.209 Cls: 1.463 Hist: 0.9814 Path: 0.4382 | 2.2s
  Epoch 264/400 | Total: 3.449 Edge: 0.383 Con: 0.210 Cls: 1.449 Hist: 0.9716 Path: 0.4355 | 2.2s
  Epoch 265/400 | Total: 3.475 Edge: 0.384 Con: 0.207 Cls: 1.464 Hist: 0.9811 Path: 0.4385 | Val F1: 0.3426 | 2.2s
  Epoch 266/400 | Total: 3.491 Edge: 0.383 Con: 0.208 Cls: 1.475 Hist: 0.9884 Path: 0.4370 | 2.2s
  Epoch 267/400 | Total: 3.513 Edge: 0.390 Con: 0.208 Cls: 1.480 Hist: 0.9933 Path: 0.4422 | 2.2s
  Epoch 268/400 | Total: 3.504 Edge: 0.390 Con: 0.209 Cls: 1.477 Hist: 0.9836 Path: 0.4436 | 2.3s
  Epoch 269/400 | Total: 3.467 Edge: 0.385 Con: 0.208 Cls: 1.456 Hist: 0.9764 Path: 0.4420 | 2.2s
  Epoch 270/400 | Total: 3.476 Edge: 0.383 Con: 0.208 Cls: 1.464 Hist: 0.9828 Path: 0.4381 | Val F1: 0.3442 | 2.1s
  Epoch 271/400 | Total: 3.445 Edge: 0.382 Con: 0.210 Cls: 1.450 Hist: 0.9685 Path: 0.4347 | 2.3s
  Epoch 272/400 | Total: 3.448 Edge: 0.383 Con: 0.209 Cls: 1.452 Hist: 0.9695 Path: 0.4353 | 2.2s
  Epoch 273/400 | Total: 3.443 Edge: 0.381 Con: 0.208 Cls: 1.447 Hist: 0.9730 Path: 0.4342 | 2.2s
  Epoch 274/400 | Total: 3.444 Edge: 0.381 Con: 0.207 Cls: 1.446 Hist: 0.9754 Path: 0.4345 | 2.2s
  Epoch 275/400 | Total: 3.438 Edge: 0.382 Con: 0.208 Cls: 1.446 Hist: 0.9697 Path: 0.4318 | Val F1: 0.3475 | 2.3s
  Epoch 276/400 | Total: 3.492 Edge: 0.383 Con: 0.209 Cls: 1.477 Hist: 0.9871 Path: 0.4357 | 2.3s
  Epoch 277/400 | Total: 3.489 Edge: 0.382 Con: 0.209 Cls: 1.479 Hist: 0.9851 Path: 0.4339 | 2.3s
  Epoch 278/400 | Total: 3.447 Edge: 0.382 Con: 0.208 Cls: 1.445 Hist: 0.9731 Path: 0.4378 | 2.3s
  Epoch 279/400 | Total: 3.438 Edge: 0.382 Con: 0.207 Cls: 1.445 Hist: 0.9685 Path: 0.4354 | 2.3s
  Epoch 280/400 | Total: 3.449 Edge: 0.384 Con: 0.207 Cls: 1.453 Hist: 0.9729 Path: 0.4322 | Val F1: 0.3473 | 2.2s
  Epoch 281/400 | Total: 3.446 Edge: 0.386 Con: 0.208 Cls: 1.446 Hist: 0.9693 Path: 0.4376 | 2.2s
  Epoch 282/400 | Total: 3.470 Edge: 0.393 Con: 0.209 Cls: 1.452 Hist: 0.9756 Path: 0.4405 | 2.3s
  Epoch 283/400 | Total: 3.479 Edge: 0.387 Con: 0.208 Cls: 1.464 Hist: 0.9831 Path: 0.4365 | 2.3s
  Epoch 284/400 | Total: 3.513 Edge: 0.388 Con: 0.207 Cls: 1.487 Hist: 0.9955 Path: 0.4352 | 2.3s
  Epoch 285/400 | Total: 3.504 Edge: 0.388 Con: 0.209 Cls: 1.485 Hist: 0.9872 Path: 0.4347 | Val F1: 0.3452 | 2.3s
  Epoch 286/400 | Total: 3.429 Edge: 0.384 Con: 0.207 Cls: 1.440 Hist: 0.9654 Path: 0.4318 | 2.2s
  Epoch 287/400 | Total: 3.429 Edge: 0.385 Con: 0.208 Cls: 1.437 Hist: 0.9668 Path: 0.4330 | 2.3s
  Epoch 288/400 | Total: 3.460 Edge: 0.380 Con: 0.208 Cls: 1.461 Hist: 0.9794 Path: 0.4321 | 2.4s
  Epoch 289/400 | Total: 3.437 Edge: 0.380 Con: 0.208 Cls: 1.444 Hist: 0.9694 Path: 0.4351 | 2.4s
  Epoch 290/400 | Total: 3.456 Edge: 0.381 Con: 0.207 Cls: 1.456 Hist: 0.9798 Path: 0.4327 | Val F1: 0.3561 | 2.4s
  Epoch 291/400 | Total: 3.432 Edge: 0.381 Con: 0.208 Cls: 1.443 Hist: 0.9702 Path: 0.4296 | 2.3s
  Epoch 292/400 | Total: 3.444 Edge: 0.381 Con: 0.208 Cls: 1.448 Hist: 0.9741 Path: 0.4320 | 2.2s
  Epoch 293/400 | Total: 3.451 Edge: 0.380 Con: 0.208 Cls: 1.454 Hist: 0.9788 Path: 0.4303 | 2.3s
  Epoch 294/400 | Total: 3.440 Edge: 0.380 Con: 0.207 Cls: 1.447 Hist: 0.9747 Path: 0.4326 | 1.9s
  Epoch 295/400 | Total: 3.434 Edge: 0.381 Con: 0.208 Cls: 1.442 Hist: 0.9741 Path: 0.4289 | Val F1: 0.3466 | 1.6s
  Epoch 296/400 | Total: 3.444 Edge: 0.379 Con: 0.209 Cls: 1.451 Hist: 0.9738 Path: 0.4306 | 1.5s
  Epoch 297/400 | Total: 3.419 Edge: 0.379 Con: 0.208 Cls: 1.438 Hist: 0.9640 Path: 0.4301 | 1.7s
  Epoch 298/400 | Total: 3.444 Edge: 0.379 Con: 0.208 Cls: 1.449 Hist: 0.9773 Path: 0.4317 | 1.5s
  Epoch 299/400 | Total: 3.471 Edge: 0.381 Con: 0.208 Cls: 1.465 Hist: 0.9837 Path: 0.4317 | 1.2s
  Epoch 300/400 | Total: 3.460 Edge: 0.381 Con: 0.207 Cls: 1.458 Hist: 0.9760 Path: 0.4381 | Val F1: 0.3585 | 1.4s
  Epoch 301/400 | Total: 3.435 Edge: 0.380 Con: 0.209 Cls: 1.440 Hist: 0.9694 Path: 0.4372 | 1.8s
  Epoch 302/400 | Total: 3.425 Edge: 0.379 Con: 0.206 Cls: 1.437 Hist: 0.9694 Path: 0.4333 | 1.8s
  Epoch 303/400 | Total: 3.438 Edge: 0.387 Con: 0.209 Cls: 1.437 Hist: 0.9661 Path: 0.4386 | 1.7s
  Epoch 304/400 | Total: 3.460 Edge: 0.392 Con: 0.208 Cls: 1.446 Hist: 0.9727 Path: 0.4412 | 1.7s
  Epoch 305/400 | Total: 3.426 Edge: 0.382 Con: 0.207 Cls: 1.434 Hist: 0.9691 Path: 0.4336 | Val F1: 0.3533 | 1.7s
  Epoch 306/400 | Total: 3.411 Edge: 0.379 Con: 0.208 Cls: 1.431 Hist: 0.9606 Path: 0.4312 | 2.1s
  Epoch 307/400 | Total: 3.463 Edge: 0.380 Con: 0.208 Cls: 1.461 Hist: 0.9824 Path: 0.4322 | 1.8s
  Epoch 308/400 | Total: 3.429 Edge: 0.384 Con: 0.207 Cls: 1.441 Hist: 0.9660 Path: 0.4317 | 1.8s
  Epoch 309/400 | Total: 3.440 Edge: 0.380 Con: 0.208 Cls: 1.449 Hist: 0.9748 Path: 0.4286 | 1.5s
  Epoch 310/400 | Total: 3.438 Edge: 0.380 Con: 0.208 Cls: 1.449 Hist: 0.9740 Path: 0.4273 | Val F1: 0.3637 | 1.5s
  Epoch 311/400 | Total: 3.425 Edge: 0.380 Con: 0.207 Cls: 1.441 Hist: 0.9683 Path: 0.4286 | 1.1s
  Epoch 312/400 | Total: 3.424 Edge: 0.383 Con: 0.208 Cls: 1.436 Hist: 0.9652 Path: 0.4317 | 1.2s
  Epoch 313/400 | Total: 3.431 Edge: 0.383 Con: 0.207 Cls: 1.438 Hist: 0.9662 Path: 0.4371 | 1.3s
  Epoch 314/400 | Total: 3.444 Edge: 0.382 Con: 0.207 Cls: 1.452 Hist: 0.9707 Path: 0.4323 | 1.1s
  Epoch 315/400 | Total: 3.452 Edge: 0.380 Con: 0.208 Cls: 1.455 Hist: 0.9799 Path: 0.4288 | Val F1: 0.3550 | 1.2s
  Epoch 316/400 | Total: 3.424 Edge: 0.379 Con: 0.207 Cls: 1.441 Hist: 0.9653 Path: 0.4319 | 1.3s
  Epoch 317/400 | Total: 3.451 Edge: 0.379 Con: 0.207 Cls: 1.462 Hist: 0.9723 Path: 0.4299 | 1.5s
  Epoch 318/400 | Total: 3.443 Edge: 0.382 Con: 0.207 Cls: 1.452 Hist: 0.9713 Path: 0.4303 | 1.3s
  Epoch 319/400 | Total: 3.418 Edge: 0.377 Con: 0.206 Cls: 1.440 Hist: 0.9664 Path: 0.4286 | 1.5s
  Epoch 320/400 | Total: 3.435 Edge: 0.379 Con: 0.207 Cls: 1.443 Hist: 0.9762 Path: 0.4313 | Val F1: 0.3567 | 1.6s
  Epoch 321/400 | Total: 3.467 Edge: 0.379 Con: 0.207 Cls: 1.462 Hist: 0.9828 Path: 0.4364 | 1.3s
  Epoch 322/400 | Total: 3.477 Edge: 0.380 Con: 0.208 Cls: 1.462 Hist: 0.9776 Path: 0.4487 | 1.6s
  Epoch 323/400 | Total: 3.508 Edge: 0.381 Con: 0.208 Cls: 1.477 Hist: 0.9868 Path: 0.4549 | 1.8s
  Epoch 324/400 | Total: 3.472 Edge: 0.387 Con: 0.207 Cls: 1.451 Hist: 0.9786 Path: 0.4485 | 1.7s
  Epoch 325/400 | Total: 3.467 Edge: 0.395 Con: 0.209 Cls: 1.448 Hist: 0.9734 Path: 0.4427 | Val F1: 0.3615 | 1.7s
  Epoch 326/400 | Total: 3.469 Edge: 0.383 Con: 0.210 Cls: 1.459 Hist: 0.9810 Path: 0.4356 | 1.7s
  Epoch 327/400 | Total: 3.452 Edge: 0.378 Con: 0.208 Cls: 1.460 Hist: 0.9793 Path: 0.4268 | 1.9s
  Epoch 328/400 | Total: 3.423 Edge: 0.378 Con: 0.207 Cls: 1.442 Hist: 0.9689 Path: 0.4270 | 1.7s
  Epoch 329/400 | Total: 3.403 Edge: 0.378 Con: 0.207 Cls: 1.428 Hist: 0.9637 Path: 0.4267 | 2.2s
  Epoch 330/400 | Total: 3.409 Edge: 0.381 Con: 0.207 Cls: 1.432 Hist: 0.9642 Path: 0.4253 | Val F1: 0.3593 | 2.1s
  Epoch 331/400 | Total: 3.408 Edge: 0.376 Con: 0.207 Cls: 1.432 Hist: 0.9648 Path: 0.4280 | 1.5s
  Epoch 332/400 | Total: 3.415 Edge: 0.376 Con: 0.207 Cls: 1.438 Hist: 0.9679 Path: 0.4257 | 1.6s
  Epoch 333/400 | Total: 3.420 Edge: 0.376 Con: 0.207 Cls: 1.444 Hist: 0.9671 Path: 0.4263 | 1.2s
  Epoch 334/400 | Total: 3.424 Edge: 0.381 Con: 0.206 Cls: 1.438 Hist: 0.9710 Path: 0.4282 | 1.4s
  Epoch 335/400 | Total: 3.405 Edge: 0.381 Con: 0.208 Cls: 1.428 Hist: 0.9613 Path: 0.4275 | Val F1: 0.3665 | 1.1s
  Epoch 336/400 | Total: 3.413 Edge: 0.379 Con: 0.207 Cls: 1.434 Hist: 0.9659 Path: 0.4260 | 1.3s
  Epoch 337/400 | Total: 3.401 Edge: 0.381 Con: 0.208 Cls: 1.428 Hist: 0.9578 Path: 0.4263 | 1.1s
  Epoch 338/400 | Total: 3.416 Edge: 0.380 Con: 0.206 Cls: 1.436 Hist: 0.9647 Path: 0.4296 | 1.1s
  Epoch 339/400 | Total: 3.409 Edge: 0.378 Con: 0.208 Cls: 1.429 Hist: 0.9661 Path: 0.4289 | 1.1s
  Epoch 340/400 | Total: 3.413 Edge: 0.377 Con: 0.206 Cls: 1.432 Hist: 0.9700 Path: 0.4280 | Val F1: 0.3573 | 1.6s
  Epoch 341/400 | Total: 3.435 Edge: 0.375 Con: 0.206 Cls: 1.449 Hist: 0.9782 Path: 0.4263 | 1.3s
  Epoch 342/400 | Total: 3.435 Edge: 0.377 Con: 0.207 Cls: 1.448 Hist: 0.9743 Path: 0.4295 | 1.6s
  Epoch 343/400 | Total: 3.390 Edge: 0.379 Con: 0.207 Cls: 1.422 Hist: 0.9510 Path: 0.4303 | 1.5s
  Epoch 344/400 | Total: 3.420 Edge: 0.378 Con: 0.208 Cls: 1.436 Hist: 0.9698 Path: 0.4296 | 1.4s
  Epoch 345/400 | Total: 3.423 Edge: 0.386 Con: 0.206 Cls: 1.435 Hist: 0.9646 Path: 0.4317 | Val F1: 0.3600 | 1.4s
  Epoch 346/400 | Total: 3.424 Edge: 0.387 Con: 0.208 Cls: 1.439 Hist: 0.9642 Path: 0.4272 | 1.2s
  Epoch 347/400 | Total: 3.450 Edge: 0.382 Con: 0.207 Cls: 1.458 Hist: 0.9744 Path: 0.4281 | 1.8s
  Epoch 348/400 | Total: 3.430 Edge: 0.380 Con: 0.207 Cls: 1.446 Hist: 0.9692 Path: 0.4270 | 1.8s
  Epoch 349/400 | Total: 3.460 Edge: 0.379 Con: 0.208 Cls: 1.460 Hist: 0.9838 Path: 0.4291 | 1.6s
  Epoch 350/400 | Total: 3.432 Edge: 0.381 Con: 0.208 Cls: 1.441 Hist: 0.9677 Path: 0.4342 | Val F1: 0.3591 | 1.7s
  Epoch 351/400 | Total: 3.429 Edge: 0.377 Con: 0.207 Cls: 1.447 Hist: 0.9705 Path: 0.4281 | 1.8s
  Epoch 352/400 | Total: 3.392 Edge: 0.381 Con: 0.208 Cls: 1.420 Hist: 0.9523 Path: 0.4313 | 2.0s
  Epoch 353/400 | Total: 3.463 Edge: 0.379 Con: 0.207 Cls: 1.460 Hist: 0.9858 Path: 0.4312 | 2.2s
  Epoch 354/400 | Total: 3.436 Edge: 0.377 Con: 0.207 Cls: 1.451 Hist: 0.9730 Path: 0.4281 | 1.7s
  Epoch 355/400 | Total: 3.400 Edge: 0.377 Con: 0.207 Cls: 1.431 Hist: 0.9628 Path: 0.4234 | Val F1: 0.3612 | 1.7s
  Epoch 356/400 | Total: 3.409 Edge: 0.380 Con: 0.208 Cls: 1.429 Hist: 0.9646 Path: 0.4265 | 1.7s
  Epoch 357/400 | Total: 3.399 Edge: 0.376 Con: 0.206 Cls: 1.430 Hist: 0.9621 Path: 0.4245 | 1.2s
  Epoch 358/400 | Total: 3.408 Edge: 0.377 Con: 0.206 Cls: 1.435 Hist: 0.9642 Path: 0.4269 | 1.3s
  Epoch 359/400 | Total: 3.450 Edge: 0.381 Con: 0.207 Cls: 1.454 Hist: 0.9736 Path: 0.4349 | 1.7s
  Epoch 360/400 | Total: 3.426 Edge: 0.381 Con: 0.208 Cls: 1.439 Hist: 0.9643 Path: 0.4338 | Val F1: 0.3571 | 1.1s
  Epoch 361/400 | Total: 3.402 Edge: 0.381 Con: 0.207 Cls: 1.423 Hist: 0.9601 Path: 0.4317 | 1.5s
  Epoch 362/400 | Total: 3.385 Edge: 0.380 Con: 0.208 Cls: 1.418 Hist: 0.9524 Path: 0.4271 | 1.5s
  Epoch 363/400 | Total: 3.437 Edge: 0.381 Con: 0.208 Cls: 1.445 Hist: 0.9688 Path: 0.4351 | 1.9s
  Epoch 364/400 | Total: 3.472 Edge: 0.379 Con: 0.207 Cls: 1.465 Hist: 0.9901 Path: 0.4323 | 1.7s
  Epoch 365/400 | Total: 3.438 Edge: 0.381 Con: 0.208 Cls: 1.448 Hist: 0.9685 Path: 0.4318 | Val F1: 0.3563 | 1.4s
  Epoch 366/400 | Total: 3.430 Edge: 0.377 Con: 0.207 Cls: 1.450 Hist: 0.9670 Path: 0.4278 | 1.4s
  Epoch 367/400 | Total: 3.404 Edge: 0.376 Con: 0.207 Cls: 1.432 Hist: 0.9638 Path: 0.4258 | 1.6s
  Epoch 368/400 | Total: 3.407 Edge: 0.383 Con: 0.208 Cls: 1.429 Hist: 0.9607 Path: 0.4255 | 1.6s
  Epoch 369/400 | Total: 3.409 Edge: 0.381 Con: 0.206 Cls: 1.435 Hist: 0.9630 Path: 0.4236 | 1.5s
  Epoch 370/400 | Total: 3.430 Edge: 0.379 Con: 0.208 Cls: 1.449 Hist: 0.9704 Path: 0.4233 | Val F1: 0.3558 | 1.8s
  Epoch 371/400 | Total: 3.401 Edge: 0.378 Con: 0.208 Cls: 1.434 Hist: 0.9605 Path: 0.4208 | 1.8s
  Epoch 372/400 | Total: 3.415 Edge: 0.377 Con: 0.206 Cls: 1.439 Hist: 0.9696 Path: 0.4244 | 1.7s
  Epoch 373/400 | Total: 3.417 Edge: 0.391 Con: 0.207 Cls: 1.430 Hist: 0.9581 Path: 0.4316 | 2.1s
  Epoch 374/400 | Total: 3.430 Edge: 0.391 Con: 0.207 Cls: 1.430 Hist: 0.9640 Path: 0.4373 | 2.0s
  Epoch 375/400 | Total: 3.445 Edge: 0.392 Con: 0.207 Cls: 1.437 Hist: 0.9670 Path: 0.4430 | Val F1: 0.3592 | 1.8s
  Epoch 376/400 | Total: 3.447 Edge: 0.390 Con: 0.207 Cls: 1.442 Hist: 0.9648 Path: 0.4437 | 1.7s
  Epoch 377/400 | Total: 3.421 Edge: 0.378 Con: 0.207 Cls: 1.440 Hist: 0.9696 Path: 0.4256 | 1.3s
  Epoch 378/400 | Total: 3.450 Edge: 0.376 Con: 0.207 Cls: 1.455 Hist: 0.9835 Path: 0.4288 | 1.7s
  Epoch 379/400 | Total: 3.377 Edge: 0.374 Con: 0.208 Cls: 1.417 Hist: 0.9531 Path: 0.4243 | 1.4s
  Epoch 380/400 | Total: 3.397 Edge: 0.373 Con: 0.207 Cls: 1.431 Hist: 0.9638 Path: 0.4219 | Val F1: 0.3611 | 1.3s
  Epoch 381/400 | Total: 3.376 Edge: 0.373 Con: 0.205 Cls: 1.421 Hist: 0.9564 Path: 0.4207 | 1.4s
  Epoch 382/400 | Total: 3.406 Edge: 0.373 Con: 0.207 Cls: 1.433 Hist: 0.9691 Path: 0.4236 | 1.5s
  Epoch 383/400 | Total: 3.389 Edge: 0.374 Con: 0.207 Cls: 1.426 Hist: 0.9582 Path: 0.4244 | 1.7s
  Epoch 384/400 | Total: 3.391 Edge: 0.375 Con: 0.206 Cls: 1.428 Hist: 0.9614 Path: 0.4208 | 1.6s
  Epoch 385/400 | Total: 3.393 Edge: 0.373 Con: 0.206 Cls: 1.432 Hist: 0.9587 Path: 0.4230 | Val F1: 0.3601 | 1.5s
  Epoch 386/400 | Total: 3.415 Edge: 0.377 Con: 0.207 Cls: 1.437 Hist: 0.9647 Path: 0.4283 | 1.4s
  Epoch 387/400 | Total: 3.423 Edge: 0.380 Con: 0.207 Cls: 1.442 Hist: 0.9637 Path: 0.4311 | 1.4s
  Epoch 388/400 | Total: 3.455 Edge: 0.383 Con: 0.207 Cls: 1.459 Hist: 0.9732 Path: 0.4328 | 1.7s
  Epoch 389/400 | Total: 3.423 Edge: 0.377 Con: 0.206 Cls: 1.445 Hist: 0.9701 Path: 0.4248 | 1.7s
  Epoch 390/400 | Total: 3.372 Edge: 0.374 Con: 0.206 Cls: 1.417 Hist: 0.9542 Path: 0.4205 | Val F1: 0.3657 | 1.8s
  Epoch 391/400 | Total: 3.386 Edge: 0.374 Con: 0.205 Cls: 1.425 Hist: 0.9616 Path: 0.4197 | 1.7s
  Epoch 392/400 | Total: 3.396 Edge: 0.375 Con: 0.207 Cls: 1.432 Hist: 0.9613 Path: 0.4216 | 1.7s
  Epoch 393/400 | Total: 3.413 Edge: 0.380 Con: 0.209 Cls: 1.436 Hist: 0.9641 Path: 0.4239 | 2.1s
  Epoch 394/400 | Total: 3.395 Edge: 0.381 Con: 0.207 Cls: 1.422 Hist: 0.9591 Path: 0.4257 | 2.1s
  Epoch 395/400 | Total: 3.422 Edge: 0.382 Con: 0.207 Cls: 1.433 Hist: 0.9697 Path: 0.4303 | Val F1: 0.3716 | 1.7s
  Epoch 396/400 | Total: 3.398 Edge: 0.376 Con: 0.207 Cls: 1.427 Hist: 0.9650 Path: 0.4234 | 1.9s
  Epoch 397/400 | Total: 3.388 Edge: 0.377 Con: 0.206 Cls: 1.421 Hist: 0.9588 Path: 0.4250 | 1.2s
  Epoch 398/400 | Total: 3.442 Edge: 0.379 Con: 0.206 Cls: 1.453 Hist: 0.9741 Path: 0.4293 | 1.3s
  Epoch 399/400 | Total: 3.402 Edge: 0.381 Con: 0.208 Cls: 1.429 Hist: 0.9599 Path: 0.4247 | 1.4s
  Epoch 400/400 | Total: 3.411 Edge: 0.380 Con: 0.207 Cls: 1.430 Hist: 0.9608 Path: 0.4334 | Val F1: 0.3644 | 1.6s
  Best Val F1: 0.3716 | Test F1: 0.3755
  Total training time: 649.7s (10.8 min)

======================================================================
  Val  Macro-F1: 0.3716
  Test Macro-F1: 0.3755
  Test Accuracy: 0.6301
  Time: 651.7s
======================================================================

  Results saved to: results/NESS_ogbn-arxiv_MCAR_0.6_20260722_074332
