/home/erfan/MATE/venv/lib/python3.13/site-packages/outdated/__init__.py:36: UserWarning: pkg_resources is deprecated as an API. See https://setuptools.pypa.io/en/latest/pkg_resources.html. The pkg_resources package is slated for removal as early as 2025-11-30. Refrain from using this package or pin to Setuptools<81.
  from pkg_resources import parse_version
/home/erfan/MATE/ogbn_benchmarks/data_loader.py:96: UserWarning: Sparse invariant checks are implicitly disabled. Memory errors (e.g. SEGFAULT) will occur when operating on a sparse tensor which violates the invariants, but checks incur performance overhead. To silence this warning, explicitly opt in or out. See `torch.sparse.check_sparse_tensor_invariants.__doc__` for guidance.  (Triggered internally at /pytorch/aten/src/ATen/Context.cpp:760.)
  adj = torch.sparse_coo_tensor(edge_index, vals, (num_nodes, num_nodes)).coalesce()
======================================================================
  NESS | ogbn-arxiv | MCAR @ 60%
======================================================================
[1/3] Loading ogbn-arxiv...
  169,343 nodes | 128 dims | 40 classes
[2/3] Simulating MCAR missingness...
Simulating MCAR missingness at 60% rate...
  MCAR: Uniform random selection
  Observable: 67,738 (40.0%)
  Masked: 101,605 (60.0%)
  Observable: 67,738 | Val: 50,802 | Test: 50,803
[3/3] Running NESS...
  Prefilling missing nodes via Feature Propagation (40 iters)...
  Computing neighbor label-histogram target (2-hop, observable labels)...
  Partitioning graph into 20 clusters (cache_device=gpu)...
  Cached 20 clusters
  Training NESS for up to 400 epochs (patience=20)...
  Epoch 1/400 | Total: 8.211 Edge: 0.666 Con: 0.513 Cls: 3.616 Hist: 2.7277 Path: 0.6881 | 10.6s
  Epoch 2/400 | Total: 7.151 Edge: 0.612 Con: 0.399 Cls: 3.195 Hist: 2.2744 Path: 0.6715 | 1.1s
  Epoch 3/400 | Total: 6.887 Edge: 0.571 Con: 0.365 Cls: 3.093 Hist: 2.1998 Path: 0.6586 | 1.2s
  Epoch 4/400 | Total: 6.696 Edge: 0.563 Con: 0.332 Cls: 3.031 Hist: 2.1198 Path: 0.6507 | 1.0s
  Epoch 5/400 | Total: 6.445 Edge: 0.548 Con: 0.289 Cls: 2.959 Hist: 2.0103 Path: 0.6387 | Val F1: 0.0150 | 0.9s
  Epoch 6/400 | Total: 6.217 Edge: 0.547 Con: 0.255 Cls: 2.877 Hist: 1.8988 Path: 0.6398 | 1.1s
  Epoch 7/400 | Total: 5.863 Edge: 0.546 Con: 0.234 Cls: 2.692 Hist: 1.7609 Path: 0.6300 | 1.0s
  Epoch 8/400 | Total: 5.496 Edge: 0.530 Con: 0.218 Cls: 2.491 Hist: 1.6364 Path: 0.6210 | 1.0s
  Epoch 9/400 | Total: 5.340 Edge: 0.516 Con: 0.207 Cls: 2.418 Hist: 1.5911 Path: 0.6086 | 1.1s
  Epoch 10/400 | Total: 5.146 Edge: 0.525 Con: 0.198 Cls: 2.304 Hist: 1.5084 Path: 0.6098 | Val F1: 0.0863 | 1.0s
  Epoch 11/400 | Total: 5.010 Edge: 0.518 Con: 0.192 Cls: 2.241 Hist: 1.4545 Path: 0.6052 | 1.3s
  Epoch 12/400 | Total: 4.896 Edge: 0.509 Con: 0.188 Cls: 2.183 Hist: 1.4121 Path: 0.6031 | 1.0s
  Epoch 13/400 | Total: 4.810 Edge: 0.504 Con: 0.181 Cls: 2.143 Hist: 1.3871 Path: 0.5953 | 1.1s
  Epoch 14/400 | Total: 4.776 Edge: 0.503 Con: 0.179 Cls: 2.121 Hist: 1.3754 Path: 0.5979 | 1.1s
  Epoch 15/400 | Total: 4.663 Edge: 0.493 Con: 0.176 Cls: 2.065 Hist: 1.3353 Path: 0.5934 | Val F1: 0.1242 | 1.1s
  Epoch 16/400 | Total: 4.628 Edge: 0.488 Con: 0.174 Cls: 2.059 Hist: 1.3211 Path: 0.5855 | 0.9s
  Epoch 17/400 | Total: 4.581 Edge: 0.479 Con: 0.172 Cls: 2.046 Hist: 1.3047 Path: 0.5793 | 1.2s
  Epoch 18/400 | Total: 4.579 Edge: 0.493 Con: 0.170 Cls: 2.039 Hist: 1.2977 Path: 0.5793 | 1.0s
  Epoch 19/400 | Total: 4.461 Edge: 0.471 Con: 0.168 Cls: 1.987 Hist: 1.2706 Path: 0.5649 | 0.9s
  Epoch 20/400 | Total: 4.387 Edge: 0.476 Con: 0.165 Cls: 1.935 Hist: 1.2415 Path: 0.5696 | Val F1: 0.1272 | 0.9s
  Epoch 21/400 | Total: 4.378 Edge: 0.461 Con: 0.164 Cls: 1.951 Hist: 1.2468 Path: 0.5550 | 0.9s
  Epoch 22/400 | Total: 4.253 Edge: 0.458 Con: 0.162 Cls: 1.876 Hist: 1.2021 Path: 0.5541 | 1.1s
  Epoch 23/400 | Total: 4.221 Edge: 0.454 Con: 0.160 Cls: 1.867 Hist: 1.1971 Path: 0.5438 | 1.0s
  Epoch 24/400 | Total: 4.144 Edge: 0.446 Con: 0.159 Cls: 1.829 Hist: 1.1706 Path: 0.5391 | 1.0s
  Epoch 25/400 | Total: 4.178 Edge: 0.449 Con: 0.157 Cls: 1.843 Hist: 1.1811 Path: 0.5470 | Val F1: 0.1940 | 1.0s
  Epoch 26/400 | Total: 4.203 Edge: 0.472 Con: 0.155 Cls: 1.842 Hist: 1.1774 Path: 0.5562 | 1.1s
  Epoch 27/400 | Total: 4.120 Edge: 0.458 Con: 0.155 Cls: 1.803 Hist: 1.1495 Path: 0.5542 | 1.3s
  Epoch 28/400 | Total: 4.068 Edge: 0.435 Con: 0.154 Cls: 1.796 Hist: 1.1523 Path: 0.5300 | 1.1s
  Epoch 29/400 | Total: 4.063 Edge: 0.436 Con: 0.151 Cls: 1.794 Hist: 1.1534 Path: 0.5284 | 1.0s
  Epoch 30/400 | Total: 4.018 Edge: 0.429 Con: 0.151 Cls: 1.777 Hist: 1.1388 Path: 0.5224 | Val F1: 0.2251 | 1.0s
  Epoch 31/400 | Total: 3.970 Edge: 0.422 Con: 0.150 Cls: 1.755 Hist: 1.1268 Path: 0.5160 | 1.0s
  Epoch 32/400 | Total: 3.933 Edge: 0.421 Con: 0.149 Cls: 1.732 Hist: 1.1176 Path: 0.5145 | 1.2s
  Epoch 33/400 | Total: 3.915 Edge: 0.422 Con: 0.149 Cls: 1.726 Hist: 1.1062 Path: 0.5123 | 1.1s
  Epoch 34/400 | Total: 3.924 Edge: 0.419 Con: 0.148 Cls: 1.738 Hist: 1.1095 Path: 0.5095 | 1.2s
  Epoch 35/400 | Total: 3.949 Edge: 0.420 Con: 0.147 Cls: 1.746 Hist: 1.1188 Path: 0.5177 | Val F1: 0.2278 | 1.1s
  Epoch 36/400 | Total: 3.916 Edge: 0.420 Con: 0.146 Cls: 1.725 Hist: 1.1069 Path: 0.5180 | 0.9s
  Epoch 37/400 | Total: 3.858 Edge: 0.415 Con: 0.146 Cls: 1.698 Hist: 1.0853 Path: 0.5133 | 1.0s
  Epoch 38/400 | Total: 3.865 Edge: 0.426 Con: 0.146 Cls: 1.692 Hist: 1.0832 Path: 0.5185 | 1.1s
  Epoch 39/400 | Total: 3.887 Edge: 0.435 Con: 0.144 Cls: 1.702 Hist: 1.0901 Path: 0.5157 | 1.2s
  Epoch 40/400 | Total: 3.862 Edge: 0.413 Con: 0.145 Cls: 1.705 Hist: 1.0911 Path: 0.5088 | Val F1: 0.2358 | 1.1s
  Epoch 41/400 | Total: 3.798 Edge: 0.413 Con: 0.144 Cls: 1.672 Hist: 1.0695 Path: 0.4995 | 1.1s
  Epoch 42/400 | Total: 3.803 Edge: 0.412 Con: 0.144 Cls: 1.676 Hist: 1.0713 Path: 0.5001 | 1.3s
  Epoch 43/400 | Total: 3.804 Edge: 0.406 Con: 0.143 Cls: 1.681 Hist: 1.0741 Path: 0.4997 | 1.4s
  Epoch 44/400 | Total: 3.815 Edge: 0.407 Con: 0.143 Cls: 1.687 Hist: 1.0779 Path: 0.4997 | 1.0s
  Epoch 45/400 | Total: 3.759 Edge: 0.408 Con: 0.143 Cls: 1.653 Hist: 1.0608 Path: 0.4939 | Val F1: 0.2382 | 1.0s
  Epoch 46/400 | Total: 3.739 Edge: 0.402 Con: 0.142 Cls: 1.649 Hist: 1.0534 Path: 0.4930 | 1.0s
  Epoch 47/400 | Total: 3.736 Edge: 0.404 Con: 0.142 Cls: 1.643 Hist: 1.0528 Path: 0.4945 | 1.0s
  Epoch 48/400 | Total: 3.725 Edge: 0.405 Con: 0.142 Cls: 1.636 Hist: 1.0430 Path: 0.4993 | 1.2s
  Epoch 49/400 | Total: 3.749 Edge: 0.401 Con: 0.142 Cls: 1.652 Hist: 1.0585 Path: 0.4960 | 1.0s
  Epoch 50/400 | Total: 3.753 Edge: 0.399 Con: 0.141 Cls: 1.654 Hist: 1.0589 Path: 0.5006 | Val F1: 0.2476 | 1.1s
  Epoch 51/400 | Total: 3.735 Edge: 0.398 Con: 0.141 Cls: 1.652 Hist: 1.0495 Path: 0.4936 | 1.0s
  Epoch 52/400 | Total: 3.703 Edge: 0.392 Con: 0.141 Cls: 1.642 Hist: 1.0428 Path: 0.4853 | 1.1s
  Epoch 53/400 | Total: 3.721 Edge: 0.395 Con: 0.141 Cls: 1.650 Hist: 1.0492 Path: 0.4854 | 1.2s
  Epoch 54/400 | Total: 3.702 Edge: 0.398 Con: 0.141 Cls: 1.637 Hist: 1.0429 Path: 0.4838 | 1.1s
  Epoch 55/400 | Total: 3.660 Edge: 0.391 Con: 0.140 Cls: 1.617 Hist: 1.0305 Path: 0.4817 | Val F1: 0.2503 | 1.3s
  Epoch 56/400 | Total: 3.662 Edge: 0.396 Con: 0.140 Cls: 1.613 Hist: 1.0303 Path: 0.4823 | 1.2s
  Epoch 57/400 | Total: 3.619 Edge: 0.396 Con: 0.141 Cls: 1.592 Hist: 1.0116 Path: 0.4790 | 1.1s
  Epoch 58/400 | Total: 3.637 Edge: 0.386 Con: 0.140 Cls: 1.611 Hist: 1.0239 Path: 0.4762 | 1.0s
  Epoch 59/400 | Total: 3.633 Edge: 0.386 Con: 0.139 Cls: 1.612 Hist: 1.0235 Path: 0.4730 | 1.0s
  Epoch 60/400 | Total: 3.581 Edge: 0.384 Con: 0.140 Cls: 1.578 Hist: 1.0020 Path: 0.4779 | Val F1: 0.2589 | 1.0s
  Epoch 61/400 | Total: 3.625 Edge: 0.397 Con: 0.139 Cls: 1.592 Hist: 1.0087 Path: 0.4887 | 1.0s
  Epoch 62/400 | Total: 3.624 Edge: 0.398 Con: 0.140 Cls: 1.594 Hist: 1.0113 Path: 0.4809 | 1.0s
  Epoch 63/400 | Total: 3.658 Edge: 0.407 Con: 0.139 Cls: 1.608 Hist: 1.0191 Path: 0.4858 | 1.0s
  Epoch 64/400 | Total: 3.619 Edge: 0.395 Con: 0.140 Cls: 1.595 Hist: 1.0103 Path: 0.4790 | 1.0s
  Epoch 65/400 | Total: 3.606 Edge: 0.387 Con: 0.139 Cls: 1.592 Hist: 1.0094 Path: 0.4787 | Val F1: 0.2535 | 1.1s
  Epoch 66/400 | Total: 3.563 Edge: 0.386 Con: 0.139 Cls: 1.571 Hist: 0.9972 Path: 0.4704 | 1.3s
  Epoch 67/400 | Total: 3.544 Edge: 0.378 Con: 0.139 Cls: 1.566 Hist: 0.9952 Path: 0.4660 | 1.1s
  Epoch 68/400 | Total: 3.530 Edge: 0.380 Con: 0.140 Cls: 1.556 Hist: 0.9872 Path: 0.4668 | 1.0s
  Epoch 69/400 | Total: 3.582 Edge: 0.381 Con: 0.139 Cls: 1.584 Hist: 1.0086 Path: 0.4699 | 1.0s
  Epoch 70/400 | Total: 3.539 Edge: 0.384 Con: 0.138 Cls: 1.554 Hist: 0.9905 Path: 0.4717 | Val F1: 0.2664 | 1.0s
  Epoch 71/400 | Total: 3.538 Edge: 0.381 Con: 0.137 Cls: 1.558 Hist: 0.9944 Path: 0.4682 | 1.0s
  Epoch 72/400 | Total: 3.515 Edge: 0.377 Con: 0.139 Cls: 1.552 Hist: 0.9855 Path: 0.4616 | 1.2s
  Epoch 73/400 | Total: 3.492 Edge: 0.377 Con: 0.138 Cls: 1.540 Hist: 0.9761 Path: 0.4606 | 1.2s
  Epoch 74/400 | Total: 3.547 Edge: 0.388 Con: 0.138 Cls: 1.555 Hist: 0.9914 Path: 0.4736 | 1.2s
  Epoch 75/400 | Total: 3.525 Edge: 0.378 Con: 0.138 Cls: 1.558 Hist: 0.9865 Path: 0.4637 | Val F1: 0.2782 | 1.0s
  Epoch 76/400 | Total: 3.490 Edge: 0.381 Con: 0.138 Cls: 1.534 Hist: 0.9751 Path: 0.4615 | 1.1s
  Epoch 77/400 | Total: 3.478 Edge: 0.372 Con: 0.138 Cls: 1.537 Hist: 0.9737 Path: 0.4571 | 0.9s
  Epoch 78/400 | Total: 3.526 Edge: 0.373 Con: 0.138 Cls: 1.565 Hist: 0.9930 Path: 0.4570 | 1.0s
  Epoch 79/400 | Total: 3.467 Edge: 0.371 Con: 0.138 Cls: 1.525 Hist: 0.9755 Path: 0.4574 | 1.0s
  Epoch 80/400 | Total: 3.448 Edge: 0.369 Con: 0.137 Cls: 1.519 Hist: 0.9697 Path: 0.4531 | Val F1: 0.2775 | 1.0s
  Epoch 81/400 | Total: 3.473 Edge: 0.370 Con: 0.137 Cls: 1.533 Hist: 0.9723 Path: 0.4612 | 1.0s
  Epoch 82/400 | Total: 3.442 Edge: 0.369 Con: 0.137 Cls: 1.515 Hist: 0.9652 Path: 0.4554 | 1.3s
  Epoch 83/400 | Total: 3.445 Edge: 0.370 Con: 0.138 Cls: 1.519 Hist: 0.9647 Path: 0.4528 | 1.1s
  Epoch 84/400 | Total: 3.430 Edge: 0.368 Con: 0.138 Cls: 1.510 Hist: 0.9639 Path: 0.4505 | 1.0s
  Epoch 85/400 | Total: 3.422 Edge: 0.368 Con: 0.137 Cls: 1.505 Hist: 0.9582 Path: 0.4535 | Val F1: 0.2911 | 1.0s
  Epoch 86/400 | Total: 3.415 Edge: 0.367 Con: 0.137 Cls: 1.501 Hist: 0.9589 Path: 0.4502 | 1.0s
  Epoch 87/400 | Total: 3.425 Edge: 0.370 Con: 0.138 Cls: 1.505 Hist: 0.9574 Path: 0.4550 | 1.0s
  Epoch 88/400 | Total: 3.402 Edge: 0.365 Con: 0.137 Cls: 1.501 Hist: 0.9536 Path: 0.4456 | 1.0s
  Epoch 89/400 | Total: 3.391 Edge: 0.361 Con: 0.137 Cls: 1.496 Hist: 0.9566 Path: 0.4410 | 1.0s
  Epoch 90/400 | Total: 3.391 Edge: 0.363 Con: 0.138 Cls: 1.492 Hist: 0.9509 Path: 0.4470 | Val F1: 0.2920 | 1.0s
  Epoch 91/400 | Total: 3.392 Edge: 0.357 Con: 0.137 Cls: 1.499 Hist: 0.9553 Path: 0.4432 | 1.2s
  Epoch 92/400 | Total: 3.386 Edge: 0.358 Con: 0.136 Cls: 1.494 Hist: 0.9550 Path: 0.4424 | 1.2s
  Epoch 93/400 | Total: 3.373 Edge: 0.358 Con: 0.136 Cls: 1.485 Hist: 0.9520 Path: 0.4405 | 1.2s
  Epoch 94/400 | Total: 3.385 Edge: 0.359 Con: 0.136 Cls: 1.493 Hist: 0.9543 Path: 0.4419 | 0.9s
  Epoch 95/400 | Total: 3.390 Edge: 0.361 Con: 0.137 Cls: 1.493 Hist: 0.9578 Path: 0.4413 | Val F1: 0.3013 | 1.1s
  Epoch 96/400 | Total: 3.376 Edge: 0.363 Con: 0.137 Cls: 1.483 Hist: 0.9500 Path: 0.4439 | 1.0s
  Epoch 97/400 | Total: 3.375 Edge: 0.362 Con: 0.137 Cls: 1.485 Hist: 0.9483 Path: 0.4430 | 1.2s
  Epoch 98/400 | Total: 3.392 Edge: 0.365 Con: 0.136 Cls: 1.488 Hist: 0.9524 Path: 0.4492 | 1.0s
  Epoch 99/400 | Total: 3.379 Edge: 0.359 Con: 0.137 Cls: 1.488 Hist: 0.9528 Path: 0.4423 | 1.1s
  Epoch 100/400 | Total: 3.374 Edge: 0.360 Con: 0.137 Cls: 1.484 Hist: 0.9472 Path: 0.4462 | Val F1: 0.2927 | 1.0s
  Epoch 101/400 | Total: 3.416 Edge: 0.363 Con: 0.136 Cls: 1.503 Hist: 0.9622 Path: 0.4509 | 1.1s
  Epoch 102/400 | Total: 3.372 Edge: 0.361 Con: 0.137 Cls: 1.477 Hist: 0.9483 Path: 0.4492 | 1.2s
  Epoch 103/400 | Total: 3.368 Edge: 0.360 Con: 0.137 Cls: 1.476 Hist: 0.9474 Path: 0.4472 | 1.1s
  Epoch 104/400 | Total: 3.379 Edge: 0.355 Con: 0.136 Cls: 1.494 Hist: 0.9531 Path: 0.4400 | 1.1s
  Epoch 105/400 | Total: 3.374 Edge: 0.356 Con: 0.137 Cls: 1.490 Hist: 0.9503 Path: 0.4414 | Val F1: 0.3049 | 1.2s
  Epoch 106/400 | Total: 3.329 Edge: 0.356 Con: 0.136 Cls: 1.461 Hist: 0.9368 Path: 0.4385 | 1.3s
  Epoch 107/400 | Total: 3.337 Edge: 0.352 Con: 0.136 Cls: 1.474 Hist: 0.9437 Path: 0.4314 | 1.1s
  Epoch 108/400 | Total: 3.347 Edge: 0.352 Con: 0.137 Cls: 1.477 Hist: 0.9479 Path: 0.4334 | 1.0s
  Epoch 109/400 | Total: 3.349 Edge: 0.357 Con: 0.137 Cls: 1.472 Hist: 0.9482 Path: 0.4352 | 1.0s
  Epoch 110/400 | Total: 3.340 Edge: 0.357 Con: 0.136 Cls: 1.469 Hist: 0.9407 Path: 0.4382 | Val F1: 0.3057 | 1.0s
  Epoch 111/400 | Total: 3.346 Edge: 0.352 Con: 0.137 Cls: 1.481 Hist: 0.9442 Path: 0.4321 | 1.1s
  Epoch 112/400 | Total: 3.348 Edge: 0.354 Con: 0.136 Cls: 1.478 Hist: 0.9474 Path: 0.4319 | 1.1s
  Epoch 113/400 | Total: 3.328 Edge: 0.357 Con: 0.136 Cls: 1.462 Hist: 0.9390 Path: 0.4346 | 1.2s
  Epoch 114/400 | Total: 3.335 Edge: 0.354 Con: 0.136 Cls: 1.469 Hist: 0.9428 Path: 0.4332 | 1.2s
  Epoch 115/400 | Total: 3.339 Edge: 0.361 Con: 0.137 Cls: 1.466 Hist: 0.9380 Path: 0.4367 | Val F1: 0.3200 | 1.5s
  Epoch 116/400 | Total: 3.342 Edge: 0.355 Con: 0.135 Cls: 1.472 Hist: 0.9440 Path: 0.4363 | 1.0s
  Epoch 117/400 | Total: 3.332 Edge: 0.354 Con: 0.137 Cls: 1.467 Hist: 0.9395 Path: 0.4354 | 1.0s
  Epoch 118/400 | Total: 3.343 Edge: 0.356 Con: 0.136 Cls: 1.468 Hist: 0.9408 Path: 0.4416 | 1.0s
  Epoch 119/400 | Total: 3.338 Edge: 0.351 Con: 0.136 Cls: 1.471 Hist: 0.9497 Path: 0.4305 | 1.1s
  Epoch 120/400 | Total: 3.305 Edge: 0.351 Con: 0.136 Cls: 1.454 Hist: 0.9318 Path: 0.4321 | Val F1: 0.3148 | 1.1s
  Epoch 121/400 | Total: 3.314 Edge: 0.356 Con: 0.137 Cls: 1.454 Hist: 0.9333 Path: 0.4348 | 1.0s
  Epoch 122/400 | Total: 3.298 Edge: 0.352 Con: 0.136 Cls: 1.442 Hist: 0.9281 Path: 0.4384 | 1.0s
  Epoch 123/400 | Total: 3.302 Edge: 0.352 Con: 0.136 Cls: 1.451 Hist: 0.9298 Path: 0.4335 | 1.0s
  Epoch 124/400 | Total: 3.359 Edge: 0.359 Con: 0.136 Cls: 1.478 Hist: 0.9520 Path: 0.4336 | 1.0s
  Epoch 125/400 | Total: 3.318 Edge: 0.354 Con: 0.136 Cls: 1.460 Hist: 0.9352 Path: 0.4330 | Val F1: 0.2989 | 1.1s
  Epoch 126/400 | Total: 3.318 Edge: 0.356 Con: 0.137 Cls: 1.454 Hist: 0.9345 Path: 0.4370 | 1.1s
  Epoch 127/400 | Total: 3.300 Edge: 0.355 Con: 0.136 Cls: 1.445 Hist: 0.9306 Path: 0.4332 | 1.2s
  Epoch 128/400 | Total: 3.261 Edge: 0.350 Con: 0.136 Cls: 1.429 Hist: 0.9178 Path: 0.4291 | 1.1s
  Epoch 129/400 | Total: 3.299 Edge: 0.346 Con: 0.136 Cls: 1.455 Hist: 0.9350 Path: 0.4266 | 1.0s
  Epoch 130/400 | Total: 3.297 Edge: 0.349 Con: 0.137 Cls: 1.450 Hist: 0.9331 Path: 0.4284 | Val F1: 0.3262 | 1.0s
  Epoch 131/400 | Total: 3.304 Edge: 0.348 Con: 0.136 Cls: 1.455 Hist: 0.9356 Path: 0.4289 | 1.1s
  Epoch 132/400 | Total: 3.314 Edge: 0.348 Con: 0.136 Cls: 1.463 Hist: 0.9399 Path: 0.4265 | 1.2s
  Epoch 133/400 | Total: 3.292 Edge: 0.347 Con: 0.136 Cls: 1.450 Hist: 0.9355 Path: 0.4240 | 1.1s
  Epoch 134/400 | Total: 3.285 Edge: 0.343 Con: 0.136 Cls: 1.451 Hist: 0.9326 Path: 0.4225 | 1.2s
  Epoch 135/400 | Total: 3.299 Edge: 0.346 Con: 0.136 Cls: 1.458 Hist: 0.9363 Path: 0.4229 | Val F1: 0.3192 | 1.1s
  Epoch 136/400 | Total: 3.277 Edge: 0.347 Con: 0.136 Cls: 1.446 Hist: 0.9204 Path: 0.4278 | 1.1s
  Epoch 137/400 | Total: 3.308 Edge: 0.346 Con: 0.135 Cls: 1.462 Hist: 0.9406 Path: 0.4237 | 1.1s
  Epoch 138/400 | Total: 3.279 Edge: 0.348 Con: 0.137 Cls: 1.442 Hist: 0.9258 Path: 0.4264 | 0.9s
  Epoch 139/400 | Total: 3.262 Edge: 0.345 Con: 0.136 Cls: 1.432 Hist: 0.9237 Path: 0.4246 | 0.9s
  Epoch 140/400 | Total: 3.265 Edge: 0.350 Con: 0.136 Cls: 1.429 Hist: 0.9196 Path: 0.4311 | Val F1: 0.3317 | 1.1s
  Epoch 141/400 | Total: 3.295 Edge: 0.346 Con: 0.135 Cls: 1.454 Hist: 0.9330 Path: 0.4277 | 1.0s
  Epoch 142/400 | Total: 3.286 Edge: 0.347 Con: 0.136 Cls: 1.444 Hist: 0.9260 Path: 0.4326 | 0.9s
  Epoch 143/400 | Total: 3.286 Edge: 0.354 Con: 0.136 Cls: 1.439 Hist: 0.9259 Path: 0.4316 | 1.0s
  Epoch 144/400 | Total: 3.275 Edge: 0.348 Con: 0.136 Cls: 1.440 Hist: 0.9226 Path: 0.4281 | 1.0s
  Epoch 145/400 | Total: 3.262 Edge: 0.343 Con: 0.136 Cls: 1.438 Hist: 0.9218 Path: 0.4234 | Val F1: 0.3214 | 1.0s
  Epoch 146/400 | Total: 3.275 Edge: 0.342 Con: 0.136 Cls: 1.443 Hist: 0.9313 Path: 0.4221 | 1.2s
  Epoch 147/400 | Total: 3.285 Edge: 0.347 Con: 0.135 Cls: 1.442 Hist: 0.9260 Path: 0.4346 | 1.0s
  Epoch 148/400 | Total: 3.263 Edge: 0.349 Con: 0.136 Cls: 1.429 Hist: 0.9161 Path: 0.4328 | 1.0s
  Epoch 149/400 | Total: 3.252 Edge: 0.344 Con: 0.136 Cls: 1.429 Hist: 0.9170 Path: 0.4261 | 1.1s
  Epoch 150/400 | Total: 3.305 Edge: 0.343 Con: 0.136 Cls: 1.463 Hist: 0.9369 Path: 0.4266 | Val F1: 0.3183 | 1.0s
  Epoch 151/400 | Total: 3.298 Edge: 0.342 Con: 0.136 Cls: 1.456 Hist: 0.9354 Path: 0.4283 | 1.0s
  Epoch 152/400 | Total: 3.257 Edge: 0.341 Con: 0.135 Cls: 1.433 Hist: 0.9210 Path: 0.4267 | 1.2s
  Epoch 153/400 | Total: 3.266 Edge: 0.339 Con: 0.136 Cls: 1.441 Hist: 0.9274 Path: 0.4226 | 1.1s
  Epoch 154/400 | Total: 3.240 Edge: 0.338 Con: 0.135 Cls: 1.430 Hist: 0.9166 Path: 0.4207 | 1.2s
  Epoch 155/400 | Total: 3.255 Edge: 0.338 Con: 0.136 Cls: 1.438 Hist: 0.9248 Path: 0.4191 | Val F1: 0.3327 | 1.1s
  Epoch 156/400 | Total: 3.284 Edge: 0.346 Con: 0.135 Cls: 1.451 Hist: 0.9285 Path: 0.4229 | 1.1s
  Epoch 157/400 | Total: 3.243 Edge: 0.351 Con: 0.136 Cls: 1.420 Hist: 0.9084 Path: 0.4285 | 1.0s
  Epoch 158/400 | Total: 3.281 Edge: 0.343 Con: 0.135 Cls: 1.450 Hist: 0.9283 Path: 0.4244 | 1.1s
  Epoch 159/400 | Total: 3.285 Edge: 0.343 Con: 0.136 Cls: 1.448 Hist: 0.9319 Path: 0.4268 | 1.1s
  Epoch 160/400 | Total: 3.250 Edge: 0.338 Con: 0.136 Cls: 1.431 Hist: 0.9241 Path: 0.4216 | Val F1: 0.3262 | 1.0s
  Epoch 161/400 | Total: 3.254 Edge: 0.339 Con: 0.135 Cls: 1.437 Hist: 0.9220 Path: 0.4210 | 1.0s
  Epoch 162/400 | Total: 3.240 Edge: 0.337 Con: 0.136 Cls: 1.429 Hist: 0.9186 Path: 0.4205 | 1.1s
  Epoch 163/400 | Total: 3.256 Edge: 0.342 Con: 0.135 Cls: 1.427 Hist: 0.9194 Path: 0.4323 | 1.1s
  Epoch 164/400 | Total: 3.278 Edge: 0.346 Con: 0.136 Cls: 1.442 Hist: 0.9240 Path: 0.4306 | 1.2s
  Epoch 165/400 | Total: 3.269 Edge: 0.344 Con: 0.136 Cls: 1.440 Hist: 0.9245 Path: 0.4244 | Val F1: 0.3369 | 1.0s
  Epoch 166/400 | Total: 3.244 Edge: 0.338 Con: 0.136 Cls: 1.433 Hist: 0.9182 Path: 0.4192 | 1.1s
  Epoch 167/400 | Total: 3.284 Edge: 0.339 Con: 0.136 Cls: 1.455 Hist: 0.9346 Path: 0.4190 | 1.1s
  Epoch 168/400 | Total: 3.322 Edge: 0.345 Con: 0.135 Cls: 1.468 Hist: 0.9468 Path: 0.4264 | 1.1s
  Epoch 169/400 | Total: 3.302 Edge: 0.349 Con: 0.135 Cls: 1.453 Hist: 0.9363 Path: 0.4272 | 1.1s
  Epoch 170/400 | Total: 3.222 Edge: 0.338 Con: 0.135 Cls: 1.422 Hist: 0.9102 Path: 0.4166 | Val F1: 0.3332 | 1.2s
  Epoch 171/400 | Total: 3.234 Edge: 0.336 Con: 0.135 Cls: 1.425 Hist: 0.9207 Path: 0.4166 | 1.2s
  Epoch 172/400 | Total: 3.233 Edge: 0.335 Con: 0.136 Cls: 1.427 Hist: 0.9190 Path: 0.4149 | 1.0s
  Epoch 173/400 | Total: 3.217 Edge: 0.336 Con: 0.136 Cls: 1.417 Hist: 0.9113 Path: 0.4169 | 1.1s
  Epoch 174/400 | Total: 3.217 Edge: 0.341 Con: 0.135 Cls: 1.413 Hist: 0.9099 Path: 0.4186 | 1.3s
  Epoch 175/400 | Total: 3.202 Edge: 0.336 Con: 0.136 Cls: 1.403 Hist: 0.9089 Path: 0.4184 | Val F1: 0.3366 | 1.1s
  Epoch 176/400 | Total: 3.224 Edge: 0.336 Con: 0.136 Cls: 1.418 Hist: 0.9143 Path: 0.4194 | 0.9s
  Epoch 177/400 | Total: 3.221 Edge: 0.335 Con: 0.136 Cls: 1.418 Hist: 0.9120 Path: 0.4204 | 0.9s
  Epoch 178/400 | Total: 3.210 Edge: 0.340 Con: 0.135 Cls: 1.410 Hist: 0.9048 Path: 0.4200 | 0.9s
  Epoch 179/400 | Total: 3.233 Edge: 0.342 Con: 0.136 Cls: 1.424 Hist: 0.9100 Path: 0.4213 | 1.1s
  Epoch 180/400 | Total: 3.202 Edge: 0.337 Con: 0.135 Cls: 1.406 Hist: 0.9052 Path: 0.4186 | Val F1: 0.3376 | 1.2s
  Epoch 181/400 | Total: 3.231 Edge: 0.338 Con: 0.135 Cls: 1.419 Hist: 0.9166 Path: 0.4229 | 1.0s
  Epoch 182/400 | Total: 3.252 Edge: 0.340 Con: 0.135 Cls: 1.429 Hist: 0.9224 Path: 0.4255 | 1.0s
  Epoch 183/400 | Total: 3.247 Edge: 0.340 Con: 0.135 Cls: 1.428 Hist: 0.9212 Path: 0.4234 | 1.1s
  Epoch 184/400 | Total: 3.243 Edge: 0.340 Con: 0.136 Cls: 1.426 Hist: 0.9185 Path: 0.4225 | 1.1s
  Epoch 185/400 | Total: 3.212 Edge: 0.336 Con: 0.135 Cls: 1.414 Hist: 0.9112 Path: 0.4159 | Val F1: 0.3473 | 1.0s
  Epoch 186/400 | Total: 3.217 Edge: 0.336 Con: 0.135 Cls: 1.418 Hist: 0.9117 Path: 0.4170 | 0.9s
  Epoch 187/400 | Total: 3.213 Edge: 0.336 Con: 0.136 Cls: 1.414 Hist: 0.9098 Path: 0.4170 | 0.9s
  Epoch 188/400 | Total: 3.227 Edge: 0.331 Con: 0.135 Cls: 1.427 Hist: 0.9207 Path: 0.4133 | 1.0s
  Epoch 189/400 | Total: 3.229 Edge: 0.333 Con: 0.135 Cls: 1.424 Hist: 0.9167 Path: 0.4195 | 1.1s
  Epoch 190/400 | Total: 3.203 Edge: 0.331 Con: 0.135 Cls: 1.414 Hist: 0.9088 Path: 0.4137 | Val F1: 0.3524 | 1.1s
  Epoch 191/400 | Total: 3.184 Edge: 0.331 Con: 0.135 Cls: 1.404 Hist: 0.9014 Path: 0.4123 | 1.0s
  Epoch 192/400 | Total: 3.220 Edge: 0.334 Con: 0.135 Cls: 1.418 Hist: 0.9148 Path: 0.4172 | 1.1s
  Epoch 193/400 | Total: 3.226 Edge: 0.332 Con: 0.135 Cls: 1.426 Hist: 0.9163 Path: 0.4169 | 0.9s
  Epoch 194/400 | Total: 3.233 Edge: 0.332 Con: 0.135 Cls: 1.430 Hist: 0.9195 Path: 0.4167 | 1.0s
  Epoch 195/400 | Total: 3.188 Edge: 0.333 Con: 0.135 Cls: 1.403 Hist: 0.9010 Path: 0.4157 | Val F1: 0.3552 | 1.3s
  Epoch 196/400 | Total: 3.200 Edge: 0.336 Con: 0.135 Cls: 1.406 Hist: 0.9081 Path: 0.4143 | 1.1s
  Epoch 197/400 | Total: 3.173 Edge: 0.334 Con: 0.136 Cls: 1.394 Hist: 0.8958 Path: 0.4135 | 1.3s
  Epoch 198/400 | Total: 3.201 Edge: 0.337 Con: 0.136 Cls: 1.406 Hist: 0.9064 Path: 0.4153 | 1.0s
  Epoch 199/400 | Total: 3.192 Edge: 0.334 Con: 0.135 Cls: 1.403 Hist: 0.9067 Path: 0.4131 | 1.0s
  Epoch 200/400 | Total: 3.197 Edge: 0.331 Con: 0.135 Cls: 1.414 Hist: 0.9083 Path: 0.4085 | Val F1: 0.3467 | 1.0s
  Epoch 201/400 | Total: 3.192 Edge: 0.330 Con: 0.135 Cls: 1.408 Hist: 0.9081 Path: 0.4105 | 1.1s
  Epoch 202/400 | Total: 3.233 Edge: 0.336 Con: 0.135 Cls: 1.430 Hist: 0.9234 Path: 0.4091 | 0.9s
  Epoch 203/400 | Total: 3.242 Edge: 0.346 Con: 0.135 Cls: 1.425 Hist: 0.9141 Path: 0.4224 | 1.0s
  Epoch 204/400 | Total: 3.236 Edge: 0.357 Con: 0.135 Cls: 1.409 Hist: 0.9002 Path: 0.4351 | 1.1s
  Epoch 205/400 | Total: 3.276 Edge: 0.352 Con: 0.136 Cls: 1.441 Hist: 0.9194 Path: 0.4273 | Val F1: 0.3561 | 1.1s
  Epoch 206/400 | Total: 3.223 Edge: 0.346 Con: 0.136 Cls: 1.411 Hist: 0.9031 Path: 0.4274 | 1.1s
  Epoch 207/400 | Total: 3.197 Edge: 0.334 Con: 0.136 Cls: 1.400 Hist: 0.9069 Path: 0.4198 | 1.2s
  Epoch 208/400 | Total: 3.190 Edge: 0.332 Con: 0.136 Cls: 1.400 Hist: 0.9017 Path: 0.4201 | 1.0s
  Epoch 209/400 | Total: 3.183 Edge: 0.328 Con: 0.135 Cls: 1.402 Hist: 0.9054 Path: 0.4123 | 1.0s
  Epoch 210/400 | Total: 3.165 Edge: 0.329 Con: 0.136 Cls: 1.393 Hist: 0.8975 Path: 0.4108 | Val F1: 0.3564 | 1.2s
  Epoch 211/400 | Total: 3.188 Edge: 0.328 Con: 0.135 Cls: 1.407 Hist: 0.9062 Path: 0.4119 | 1.2s
  Epoch 212/400 | Total: 3.197 Edge: 0.330 Con: 0.135 Cls: 1.412 Hist: 0.9101 Path: 0.4090 | 1.1s
  Epoch 213/400 | Total: 3.193 Edge: 0.333 Con: 0.136 Cls: 1.412 Hist: 0.9020 Path: 0.4102 | 1.1s
  Epoch 214/400 | Total: 3.202 Edge: 0.332 Con: 0.136 Cls: 1.415 Hist: 0.9082 Path: 0.4116 | 1.1s
  Epoch 215/400 | Total: 3.204 Edge: 0.329 Con: 0.135 Cls: 1.419 Hist: 0.9100 Path: 0.4106 | Val F1: 0.3501 | 1.2s
  Epoch 216/400 | Total: 3.217 Edge: 0.331 Con: 0.135 Cls: 1.419 Hist: 0.9179 Path: 0.4138 | 1.0s
  Epoch 217/400 | Total: 3.165 Edge: 0.330 Con: 0.134 Cls: 1.395 Hist: 0.8962 Path: 0.4085 | 1.0s
  Epoch 218/400 | Total: 3.195 Edge: 0.332 Con: 0.135 Cls: 1.411 Hist: 0.9033 Path: 0.4137 | 1.0s
  Epoch 219/400 | Total: 3.199 Edge: 0.331 Con: 0.134 Cls: 1.405 Hist: 0.9110 Path: 0.4165 | 0.9s
  Epoch 220/400 | Total: 3.161 Edge: 0.332 Con: 0.135 Cls: 1.388 Hist: 0.8936 Path: 0.4124 | Val F1: 0.3541 | 1.0s
  Epoch 221/400 | Total: 3.191 Edge: 0.337 Con: 0.135 Cls: 1.400 Hist: 0.9013 Path: 0.4185 | 1.1s
  Epoch 222/400 | Total: 3.185 Edge: 0.332 Con: 0.135 Cls: 1.399 Hist: 0.9021 Path: 0.4162 | 1.1s
  Epoch 223/400 | Total: 3.172 Edge: 0.328 Con: 0.135 Cls: 1.397 Hist: 0.9034 Path: 0.4085 | 1.1s
  Epoch 224/400 | Total: 3.179 Edge: 0.330 Con: 0.135 Cls: 1.401 Hist: 0.9009 Path: 0.4117 | 1.0s
  Epoch 225/400 | Total: 3.168 Edge: 0.329 Con: 0.134 Cls: 1.392 Hist: 0.8974 Path: 0.4151 | Val F1: 0.3555 | 0.9s
  Epoch 226/400 | Total: 3.160 Edge: 0.328 Con: 0.135 Cls: 1.392 Hist: 0.8953 Path: 0.4092 | 1.0s
  Epoch 227/400 | Total: 3.191 Edge: 0.328 Con: 0.135 Cls: 1.409 Hist: 0.9063 Path: 0.4128 | 1.2s
  Epoch 228/400 | Total: 3.189 Edge: 0.330 Con: 0.135 Cls: 1.409 Hist: 0.9028 Path: 0.4117 | 1.1s
  Epoch 229/400 | Total: 3.252 Edge: 0.337 Con: 0.135 Cls: 1.438 Hist: 0.9241 Path: 0.4180 | 1.1s
  Epoch 230/400 | Total: 3.189 Edge: 0.331 Con: 0.135 Cls: 1.405 Hist: 0.9020 Path: 0.4153 | Val F1: 0.3634 | 1.0s
  Epoch 231/400 | Total: 3.178 Edge: 0.329 Con: 0.135 Cls: 1.404 Hist: 0.8974 Path: 0.4126 | 1.0s
  Epoch 232/400 | Total: 3.166 Edge: 0.332 Con: 0.135 Cls: 1.388 Hist: 0.8958 Path: 0.4157 | 1.0s
  Epoch 233/400 | Total: 3.173 Edge: 0.329 Con: 0.135 Cls: 1.397 Hist: 0.9035 Path: 0.4083 | 0.9s
  Epoch 234/400 | Total: 3.142 Edge: 0.325 Con: 0.135 Cls: 1.385 Hist: 0.8916 Path: 0.4059 | 0.9s
  Epoch 235/400 | Total: 3.168 Edge: 0.327 Con: 0.135 Cls: 1.398 Hist: 0.9050 Path: 0.4031 | Val F1: 0.3588 | 0.9s
  Epoch 236/400 | Total: 3.147 Edge: 0.325 Con: 0.135 Cls: 1.390 Hist: 0.8962 Path: 0.4013 | 1.2s
  Epoch 237/400 | Total: 3.168 Edge: 0.327 Con: 0.135 Cls: 1.403 Hist: 0.8977 Path: 0.4060 | 0.9s
  Epoch 238/400 | Total: 3.156 Edge: 0.330 Con: 0.135 Cls: 1.391 Hist: 0.8918 Path: 0.4077 | 1.2s
  Epoch 239/400 | Total: 3.143 Edge: 0.326 Con: 0.136 Cls: 1.385 Hist: 0.8945 Path: 0.4015 | 1.1s
  Epoch 240/400 | Total: 3.151 Edge: 0.327 Con: 0.135 Cls: 1.389 Hist: 0.8932 Path: 0.4067 | Val F1: 0.3664 | 1.1s
  Epoch 241/400 | Total: 3.197 Edge: 0.328 Con: 0.135 Cls: 1.418 Hist: 0.9117 Path: 0.4051 | 0.9s
  Epoch 242/400 | Total: 3.166 Edge: 0.331 Con: 0.135 Cls: 1.394 Hist: 0.8982 Path: 0.4082 | 1.0s
  Epoch 243/400 | Total: 3.176 Edge: 0.326 Con: 0.135 Cls: 1.402 Hist: 0.9052 Path: 0.4085 | 1.2s
  Epoch 244/400 | Total: 3.204 Edge: 0.332 Con: 0.134 Cls: 1.409 Hist: 0.9095 Path: 0.4195 | 0.9s
  Epoch 245/400 | Total: 3.202 Edge: 0.329 Con: 0.135 Cls: 1.416 Hist: 0.9083 Path: 0.4136 | Val F1: 0.3548 | 1.0s
  Epoch 246/400 | Total: 3.136 Edge: 0.326 Con: 0.135 Cls: 1.377 Hist: 0.8885 Path: 0.4082 | 1.0s
  Epoch 247/400 | Total: 3.182 Edge: 0.331 Con: 0.135 Cls: 1.404 Hist: 0.9047 Path: 0.4079 | 1.0s
  Epoch 248/400 | Total: 3.179 Edge: 0.335 Con: 0.135 Cls: 1.402 Hist: 0.8991 Path: 0.4081 | 1.0s
  Epoch 249/400 | Total: 3.151 Edge: 0.330 Con: 0.135 Cls: 1.383 Hist: 0.8933 Path: 0.4100 | 1.0s
  Epoch 250/400 | Total: 3.156 Edge: 0.326 Con: 0.136 Cls: 1.389 Hist: 0.8985 Path: 0.4064 | Val F1: 0.3650 | 1.0s
  Epoch 251/400 | Total: 3.154 Edge: 0.326 Con: 0.135 Cls: 1.391 Hist: 0.8958 Path: 0.4055 | 1.0s
  Epoch 252/400 | Total: 3.174 Edge: 0.331 Con: 0.135 Cls: 1.397 Hist: 0.9053 Path: 0.4059 | 1.2s
  Epoch 253/400 | Total: 3.162 Edge: 0.334 Con: 0.135 Cls: 1.384 Hist: 0.8905 Path: 0.4176 | 0.9s
  Epoch 254/400 | Total: 3.162 Edge: 0.330 Con: 0.135 Cls: 1.384 Hist: 0.8908 Path: 0.4214 | 1.2s
  Epoch 255/400 | Total: 3.167 Edge: 0.335 Con: 0.135 Cls: 1.381 Hist: 0.8920 Path: 0.4243 | Val F1: 0.3718 | 1.2s
  Epoch 256/400 | Total: 3.151 Edge: 0.329 Con: 0.136 Cls: 1.379 Hist: 0.8884 Path: 0.4183 | 1.0s
  Epoch 257/400 | Total: 3.188 Edge: 0.332 Con: 0.135 Cls: 1.400 Hist: 0.9077 Path: 0.4140 | 1.2s
  Epoch 258/400 | Total: 3.170 Edge: 0.328 Con: 0.134 Cls: 1.397 Hist: 0.9005 Path: 0.4113 | 1.1s
  Epoch 259/400 | Total: 3.145 Edge: 0.322 Con: 0.135 Cls: 1.390 Hist: 0.8950 Path: 0.4033 | 1.0s
  Epoch 260/400 | Total: 3.135 Edge: 0.321 Con: 0.134 Cls: 1.384 Hist: 0.8935 Path: 0.4015 | Val F1: 0.3688 | 1.1s
  Epoch 261/400 | Total: 3.135 Edge: 0.322 Con: 0.135 Cls: 1.385 Hist: 0.8919 Path: 0.4015 | 0.9s
  Epoch 262/400 | Total: 3.138 Edge: 0.321 Con: 0.135 Cls: 1.385 Hist: 0.8959 Path: 0.4014 | 1.0s
  Epoch 263/400 | Total: 3.152 Edge: 0.325 Con: 0.135 Cls: 1.392 Hist: 0.8943 Path: 0.4052 | 1.0s
  Epoch 264/400 | Total: 3.125 Edge: 0.323 Con: 0.136 Cls: 1.377 Hist: 0.8865 Path: 0.4022 | 1.1s
  Epoch 265/400 | Total: 3.148 Edge: 0.322 Con: 0.134 Cls: 1.392 Hist: 0.8973 Path: 0.4022 | Val F1: 0.3510 | 1.0s
  Epoch 266/400 | Total: 3.164 Edge: 0.327 Con: 0.134 Cls: 1.399 Hist: 0.9006 Path: 0.4031 | 1.1s
  Epoch 267/400 | Total: 3.174 Edge: 0.342 Con: 0.134 Cls: 1.391 Hist: 0.8946 Path: 0.4123 | 1.0s
  Epoch 268/400 | Total: 3.202 Edge: 0.338 Con: 0.135 Cls: 1.412 Hist: 0.8992 Path: 0.4184 | 1.1s
  Epoch 269/400 | Total: 3.177 Edge: 0.344 Con: 0.135 Cls: 1.388 Hist: 0.8900 Path: 0.4210 | 1.0s
  Epoch 270/400 | Total: 3.160 Edge: 0.330 Con: 0.135 Cls: 1.387 Hist: 0.8935 Path: 0.4147 | Val F1: 0.3580 | 1.2s
  Epoch 271/400 | Total: 3.131 Edge: 0.325 Con: 0.135 Cls: 1.379 Hist: 0.8860 Path: 0.4058 | 1.1s
  Epoch 272/400 | Total: 3.126 Edge: 0.323 Con: 0.135 Cls: 1.380 Hist: 0.8834 Path: 0.4037 | 0.9s
  Epoch 273/400 | Total: 3.123 Edge: 0.320 Con: 0.135 Cls: 1.376 Hist: 0.8892 Path: 0.4029 | 1.1s
  Epoch 274/400 | Total: 3.125 Edge: 0.322 Con: 0.135 Cls: 1.376 Hist: 0.8895 Path: 0.4035 | 1.1s
  Epoch 275/400 | Total: 3.115 Edge: 0.323 Con: 0.135 Cls: 1.375 Hist: 0.8826 Path: 0.3996 | Val F1: 0.3565 | 1.1s
  Epoch 276/400 | Total: 3.171 Edge: 0.324 Con: 0.135 Cls: 1.408 Hist: 0.9017 Path: 0.4032 | 1.3s
  Epoch 277/400 | Total: 3.159 Edge: 0.325 Con: 0.135 Cls: 1.401 Hist: 0.8954 Path: 0.4044 | 1.1s
  Epoch 278/400 | Total: 3.147 Edge: 0.329 Con: 0.134 Cls: 1.383 Hist: 0.8945 Path: 0.4064 | 1.0s
  Epoch 279/400 | Total: 3.126 Edge: 0.328 Con: 0.134 Cls: 1.374 Hist: 0.8838 Path: 0.4054 | 1.1s
  Epoch 280/400 | Total: 3.132 Edge: 0.327 Con: 0.134 Cls: 1.379 Hist: 0.8870 Path: 0.4047 | Val F1: 0.3601 | 1.0s
  Epoch 281/400 | Total: 3.119 Edge: 0.324 Con: 0.135 Cls: 1.372 Hist: 0.8854 Path: 0.4031 | 1.0s
  Epoch 282/400 | Total: 3.133 Edge: 0.325 Con: 0.135 Cls: 1.380 Hist: 0.8902 Path: 0.4028 | 1.2s
  Epoch 283/400 | Total: 3.136 Edge: 0.326 Con: 0.134 Cls: 1.380 Hist: 0.8901 Path: 0.4050 | 0.9s
  Epoch 284/400 | Total: 3.181 Edge: 0.327 Con: 0.135 Cls: 1.406 Hist: 0.9042 Path: 0.4086 | 1.1s
  Epoch 285/400 | Total: 3.194 Edge: 0.328 Con: 0.135 Cls: 1.418 Hist: 0.9054 Path: 0.4077 | Val F1: 0.3590 | 1.0s
  Epoch 286/400 | Total: 3.117 Edge: 0.321 Con: 0.134 Cls: 1.377 Hist: 0.8826 Path: 0.4017 | 1.1s
  Epoch 287/400 | Total: 3.123 Edge: 0.321 Con: 0.135 Cls: 1.376 Hist: 0.8875 Path: 0.4036 | 1.1s
  Epoch 288/400 | Total: 3.143 Edge: 0.320 Con: 0.135 Cls: 1.392 Hist: 0.8939 Path: 0.4014 | 1.2s
  Epoch 289/400 | Total: 3.120 Edge: 0.322 Con: 0.135 Cls: 1.373 Hist: 0.8830 Path: 0.4070 | 1.2s
  Epoch 290/400 | Total: 3.147 Edge: 0.323 Con: 0.134 Cls: 1.388 Hist: 0.8975 Path: 0.4042 | Val F1: 0.3642 | 1.2s
  Epoch 291/400 | Total: 3.113 Edge: 0.319 Con: 0.135 Cls: 1.373 Hist: 0.8859 Path: 0.4004 | 0.9s
  Epoch 292/400 | Total: 3.130 Edge: 0.323 Con: 0.135 Cls: 1.377 Hist: 0.8899 Path: 0.4048 | 1.2s
  Epoch 293/400 | Total: 3.141 Edge: 0.321 Con: 0.135 Cls: 1.387 Hist: 0.8954 Path: 0.4038 | 1.2s
  Epoch 294/400 | Total: 3.136 Edge: 0.320 Con: 0.134 Cls: 1.384 Hist: 0.8950 Path: 0.4027 | 1.2s
  Epoch 295/400 | Total: 3.118 Edge: 0.323 Con: 0.135 Cls: 1.374 Hist: 0.8898 Path: 0.3968 | Val F1: 0.3640 | 1.0s
  Epoch 296/400 | Total: 3.133 Edge: 0.322 Con: 0.135 Cls: 1.385 Hist: 0.8920 Path: 0.3987 | 1.0s
  Epoch 297/400 | Total: 3.091 Edge: 0.322 Con: 0.134 Cls: 1.363 Hist: 0.8753 Path: 0.3974 | 1.2s
  Epoch 298/400 | Total: 3.108 Edge: 0.319 Con: 0.135 Cls: 1.370 Hist: 0.8862 Path: 0.3978 | 1.0s
  Epoch 299/400 | Total: 3.152 Edge: 0.324 Con: 0.135 Cls: 1.394 Hist: 0.8968 Path: 0.4013 | 1.0s
  Epoch 300/400 | Total: 3.151 Edge: 0.326 Con: 0.134 Cls: 1.391 Hist: 0.8921 Path: 0.4075 | Val F1: 0.3707 | 1.1s
  Epoch 301/400 | Total: 3.128 Edge: 0.327 Con: 0.135 Cls: 1.373 Hist: 0.8884 Path: 0.4055 | 1.1s
  Epoch 302/400 | Total: 3.138 Edge: 0.334 Con: 0.134 Cls: 1.372 Hist: 0.8874 Path: 0.4110 | 1.0s
  Epoch 303/400 | Total: 3.138 Edge: 0.334 Con: 0.136 Cls: 1.372 Hist: 0.8864 Path: 0.4095 | 1.0s
  Epoch 304/400 | Total: 3.134 Edge: 0.326 Con: 0.136 Cls: 1.379 Hist: 0.8896 Path: 0.4051 | 1.2s
  Epoch 305/400 | Total: 3.125 Edge: 0.325 Con: 0.135 Cls: 1.374 Hist: 0.8887 Path: 0.4029 | Val F1: 0.3666 | 1.0s
  Epoch 306/400 | Total: 3.096 Edge: 0.322 Con: 0.135 Cls: 1.363 Hist: 0.8761 Path: 0.3996 | 1.0s
  Epoch 307/400 | Total: 3.135 Edge: 0.323 Con: 0.135 Cls: 1.383 Hist: 0.8933 Path: 0.4011 | 1.2s
  Epoch 308/400 | Total: 3.103 Edge: 0.323 Con: 0.134 Cls: 1.365 Hist: 0.8797 Path: 0.4005 | 1.2s
  Epoch 309/400 | Total: 3.112 Edge: 0.321 Con: 0.135 Cls: 1.372 Hist: 0.8870 Path: 0.3971 | 1.0s
  Epoch 310/400 | Total: 3.125 Edge: 0.324 Con: 0.135 Cls: 1.379 Hist: 0.8879 Path: 0.3995 | Val F1: 0.3765 | 1.2s
  Epoch 311/400 | Total: 3.112 Edge: 0.325 Con: 0.135 Cls: 1.369 Hist: 0.8829 Path: 0.4012 | 1.1s
  Epoch 312/400 | Total: 3.114 Edge: 0.326 Con: 0.135 Cls: 1.367 Hist: 0.8803 Path: 0.4059 | 1.0s
  Epoch 313/400 | Total: 3.124 Edge: 0.327 Con: 0.135 Cls: 1.371 Hist: 0.8853 Path: 0.4063 | 1.2s
  Epoch 314/400 | Total: 3.127 Edge: 0.324 Con: 0.134 Cls: 1.379 Hist: 0.8873 Path: 0.4023 | 1.0s
  Epoch 315/400 | Total: 3.138 Edge: 0.319 Con: 0.135 Cls: 1.387 Hist: 0.8966 Path: 0.4000 | Val F1: 0.3635 | 1.0s
  Epoch 316/400 | Total: 3.105 Edge: 0.318 Con: 0.134 Cls: 1.371 Hist: 0.8816 Path: 0.4004 | 1.1s
  Epoch 317/400 | Total: 3.125 Edge: 0.317 Con: 0.135 Cls: 1.388 Hist: 0.8867 Path: 0.3989 | 1.0s
  Epoch 318/400 | Total: 3.114 Edge: 0.319 Con: 0.135 Cls: 1.377 Hist: 0.8862 Path: 0.3976 | 1.0s
  Epoch 319/400 | Total: 3.102 Edge: 0.315 Con: 0.134 Cls: 1.371 Hist: 0.8860 Path: 0.3956 | 1.0s
  Epoch 320/400 | Total: 3.116 Edge: 0.318 Con: 0.135 Cls: 1.374 Hist: 0.8907 Path: 0.3979 | Val F1: 0.3660 | 1.1s
  Epoch 321/400 | Total: 3.156 Edge: 0.320 Con: 0.134 Cls: 1.398 Hist: 0.9020 Path: 0.4007 | 1.2s
  Epoch 322/400 | Total: 3.127 Edge: 0.322 Con: 0.135 Cls: 1.380 Hist: 0.8885 Path: 0.4015 | 1.2s
  Epoch 323/400 | Total: 3.154 Edge: 0.325 Con: 0.135 Cls: 1.397 Hist: 0.8971 Path: 0.4001 | 1.1s
  Epoch 324/400 | Total: 3.138 Edge: 0.333 Con: 0.134 Cls: 1.374 Hist: 0.8921 Path: 0.4041 | 1.2s
  Epoch 325/400 | Total: 3.123 Edge: 0.328 Con: 0.135 Cls: 1.372 Hist: 0.8851 Path: 0.4026 | Val F1: 0.3750 | 1.2s
  Epoch 326/400 | Total: 3.135 Edge: 0.323 Con: 0.136 Cls: 1.381 Hist: 0.8902 Path: 0.4046 | 1.1s
  Epoch 327/400 | Total: 3.145 Edge: 0.319 Con: 0.135 Cls: 1.393 Hist: 0.8965 Path: 0.4023 | 1.0s
  Epoch 328/400 | Total: 3.108 Edge: 0.319 Con: 0.135 Cls: 1.369 Hist: 0.8826 Path: 0.4022 | 1.3s
  Epoch 329/400 | Total: 3.091 Edge: 0.317 Con: 0.135 Cls: 1.362 Hist: 0.8786 Path: 0.3986 | 1.2s
  Epoch 330/400 | Total: 3.096 Edge: 0.320 Con: 0.135 Cls: 1.365 Hist: 0.8816 Path: 0.3946 | Val F1: 0.3721 | 1.1s
  Epoch 331/400 | Total: 3.101 Edge: 0.318 Con: 0.135 Cls: 1.369 Hist: 0.8826 Path: 0.3956 | 1.0s
  Epoch 332/400 | Total: 3.102 Edge: 0.318 Con: 0.135 Cls: 1.370 Hist: 0.8813 Path: 0.3985 | 1.0s
  Epoch 333/400 | Total: 3.100 Edge: 0.318 Con: 0.135 Cls: 1.369 Hist: 0.8799 Path: 0.3985 | 1.2s
  Epoch 334/400 | Total: 3.108 Edge: 0.321 Con: 0.134 Cls: 1.367 Hist: 0.8864 Path: 0.3991 | 1.0s
  Epoch 335/400 | Total: 3.098 Edge: 0.320 Con: 0.135 Cls: 1.363 Hist: 0.8805 Path: 0.4005 | Val F1: 0.3777 | 1.0s
  Epoch 336/400 | Total: 3.091 Edge: 0.318 Con: 0.135 Cls: 1.365 Hist: 0.8771 Path: 0.3957 | 1.0s
  Epoch 337/400 | Total: 3.079 Edge: 0.320 Con: 0.135 Cls: 1.355 Hist: 0.8732 Path: 0.3960 | 1.0s
  Epoch 338/400 | Total: 3.101 Edge: 0.320 Con: 0.134 Cls: 1.366 Hist: 0.8805 Path: 0.4002 | 1.0s
  Epoch 339/400 | Total: 3.096 Edge: 0.319 Con: 0.135 Cls: 1.364 Hist: 0.8825 Path: 0.3961 | 1.0s
  Epoch 340/400 | Total: 3.096 Edge: 0.316 Con: 0.135 Cls: 1.364 Hist: 0.8847 Path: 0.3967 | Val F1: 0.3647 | 1.3s
  Epoch 341/400 | Total: 3.135 Edge: 0.317 Con: 0.134 Cls: 1.389 Hist: 0.8988 Path: 0.3955 | 1.0s
  Epoch 342/400 | Total: 3.126 Edge: 0.318 Con: 0.135 Cls: 1.382 Hist: 0.8911 Path: 0.3994 | 1.1s
  Epoch 343/400 | Total: 3.080 Edge: 0.321 Con: 0.135 Cls: 1.355 Hist: 0.8681 Path: 0.4013 | 1.1s
  Epoch 344/400 | Total: 3.104 Edge: 0.318 Con: 0.135 Cls: 1.365 Hist: 0.8850 Path: 0.4001 | 1.4s
  Epoch 345/400 | Total: 3.114 Edge: 0.327 Con: 0.134 Cls: 1.367 Hist: 0.8803 Path: 0.4049 | Val F1: 0.3667 | 1.0s
  Epoch 346/400 | Total: 3.113 Edge: 0.324 Con: 0.135 Cls: 1.375 Hist: 0.8799 Path: 0.3986 | 1.0s
  Epoch 347/400 | Total: 3.128 Edge: 0.323 Con: 0.134 Cls: 1.386 Hist: 0.8856 Path: 0.3994 | 1.1s
  Epoch 348/400 | Total: 3.132 Edge: 0.319 Con: 0.135 Cls: 1.389 Hist: 0.8909 Path: 0.3986 | 1.2s
  Epoch 349/400 | Total: 3.149 Edge: 0.319 Con: 0.135 Cls: 1.396 Hist: 0.8980 Path: 0.3999 | 1.0s
  Epoch 350/400 | Total: 3.124 Edge: 0.327 Con: 0.135 Cls: 1.373 Hist: 0.8828 Path: 0.4065 | Val F1: 0.3634 | 1.0s
  Epoch 351/400 | Total: 3.119 Edge: 0.319 Con: 0.135 Cls: 1.377 Hist: 0.8872 Path: 0.4007 | 1.0s
  Epoch 352/400 | Total: 3.084 Edge: 0.322 Con: 0.135 Cls: 1.352 Hist: 0.8713 Path: 0.4038 | 1.0s
  Epoch 353/400 | Total: 3.139 Edge: 0.320 Con: 0.135 Cls: 1.384 Hist: 0.8961 Path: 0.4031 | 1.0s
  Epoch 354/400 | Total: 3.133 Edge: 0.321 Con: 0.136 Cls: 1.383 Hist: 0.8896 Path: 0.4048 | 1.2s
  Epoch 355/400 | Total: 3.095 Edge: 0.318 Con: 0.135 Cls: 1.366 Hist: 0.8786 Path: 0.3972 | Val F1: 0.3688 | 1.1s
  Epoch 356/400 | Total: 3.088 Edge: 0.319 Con: 0.135 Cls: 1.360 Hist: 0.8774 Path: 0.3955 | 1.1s
  Epoch 357/400 | Total: 3.087 Edge: 0.318 Con: 0.135 Cls: 1.361 Hist: 0.8778 Path: 0.3958 | 0.9s
  Epoch 358/400 | Total: 3.096 Edge: 0.316 Con: 0.135 Cls: 1.368 Hist: 0.8809 Path: 0.3962 | 0.9s
  Epoch 359/400 | Total: 3.124 Edge: 0.324 Con: 0.135 Cls: 1.377 Hist: 0.8844 Path: 0.4040 | 1.0s
  Epoch 360/400 | Total: 3.117 Edge: 0.322 Con: 0.135 Cls: 1.370 Hist: 0.8854 Path: 0.4045 | Val F1: 0.3627 | 1.1s
  Epoch 361/400 | Total: 3.089 Edge: 0.319 Con: 0.134 Cls: 1.358 Hist: 0.8768 Path: 0.4006 | 1.0s
  Epoch 362/400 | Total: 3.072 Edge: 0.317 Con: 0.135 Cls: 1.353 Hist: 0.8696 Path: 0.3971 | 1.1s
  Epoch 363/400 | Total: 3.104 Edge: 0.320 Con: 0.135 Cls: 1.370 Hist: 0.8813 Path: 0.3979 | 1.0s
  Epoch 364/400 | Total: 3.136 Edge: 0.317 Con: 0.135 Cls: 1.390 Hist: 0.8994 Path: 0.3953 | 0.9s
  Epoch 365/400 | Total: 3.112 Edge: 0.322 Con: 0.135 Cls: 1.374 Hist: 0.8828 Path: 0.3971 | Val F1: 0.3626 | 1.2s
  Epoch 366/400 | Total: 3.111 Edge: 0.320 Con: 0.135 Cls: 1.377 Hist: 0.8840 Path: 0.3966 | 1.2s
  Epoch 367/400 | Total: 3.103 Edge: 0.321 Con: 0.135 Cls: 1.366 Hist: 0.8843 Path: 0.3970 | 1.3s
  Epoch 368/400 | Total: 3.100 Edge: 0.320 Con: 0.135 Cls: 1.364 Hist: 0.8757 Path: 0.4049 | 0.9s
  Epoch 369/400 | Total: 3.091 Edge: 0.316 Con: 0.134 Cls: 1.368 Hist: 0.8791 Path: 0.3954 | 0.9s
  Epoch 370/400 | Total: 3.104 Edge: 0.316 Con: 0.135 Cls: 1.375 Hist: 0.8819 Path: 0.3955 | Val F1: 0.3650 | 0.9s
  Epoch 371/400 | Total: 3.079 Edge: 0.314 Con: 0.135 Cls: 1.362 Hist: 0.8759 Path: 0.3923 | 1.1s
  Epoch 372/400 | Total: 3.088 Edge: 0.316 Con: 0.134 Cls: 1.362 Hist: 0.8810 Path: 0.3945 | 1.0s
  Epoch 373/400 | Total: 3.105 Edge: 0.332 Con: 0.135 Cls: 1.365 Hist: 0.8726 Path: 0.3997 | 1.2s
  Epoch 374/400 | Total: 3.114 Edge: 0.327 Con: 0.135 Cls: 1.369 Hist: 0.8824 Path: 0.3996 | 1.1s
  Epoch 375/400 | Total: 3.115 Edge: 0.326 Con: 0.135 Cls: 1.367 Hist: 0.8829 Path: 0.4037 | Val F1: 0.3671 | 1.0s
  Epoch 376/400 | Total: 3.104 Edge: 0.320 Con: 0.134 Cls: 1.370 Hist: 0.8792 Path: 0.3997 | 0.9s
  Epoch 377/400 | Total: 3.089 Edge: 0.317 Con: 0.135 Cls: 1.364 Hist: 0.8789 Path: 0.3941 | 1.0s
  Epoch 378/400 | Total: 3.124 Edge: 0.315 Con: 0.135 Cls: 1.383 Hist: 0.8959 Path: 0.3950 | 1.0s
  Epoch 379/400 | Total: 3.063 Edge: 0.312 Con: 0.135 Cls: 1.353 Hist: 0.8723 Path: 0.3905 | 1.1s
  Epoch 380/400 | Total: 3.079 Edge: 0.313 Con: 0.135 Cls: 1.361 Hist: 0.8800 Path: 0.3898 | Val F1: 0.3725 | 1.2s
  Epoch 381/400 | Total: 3.061 Edge: 0.312 Con: 0.134 Cls: 1.353 Hist: 0.8731 Path: 0.3894 | 1.0s
  Epoch 382/400 | Total: 3.081 Edge: 0.312 Con: 0.134 Cls: 1.359 Hist: 0.8821 Path: 0.3936 | 1.1s
  Epoch 383/400 | Total: 3.069 Edge: 0.313 Con: 0.135 Cls: 1.356 Hist: 0.8732 Path: 0.3923 | 1.3s
  Epoch 384/400 | Total: 3.066 Edge: 0.313 Con: 0.135 Cls: 1.354 Hist: 0.8751 Path: 0.3891 | 1.1s
  Epoch 385/400 | Total: 3.067 Edge: 0.312 Con: 0.135 Cls: 1.357 Hist: 0.8739 Path: 0.3897 | Val F1: 0.3680 | 1.0s
  Epoch 386/400 | Total: 3.079 Edge: 0.315 Con: 0.135 Cls: 1.362 Hist: 0.8748 Path: 0.3921 | 1.1s
  Epoch 387/400 | Total: 3.095 Edge: 0.319 Con: 0.135 Cls: 1.365 Hist: 0.8777 Path: 0.3988 | 1.0s
  Epoch 388/400 | Total: 3.129 Edge: 0.324 Con: 0.135 Cls: 1.382 Hist: 0.8868 Path: 0.4013 | 1.2s
  Epoch 389/400 | Total: 3.113 Edge: 0.320 Con: 0.135 Cls: 1.375 Hist: 0.8843 Path: 0.3990 | 1.0s
  Epoch 390/400 | Total: 3.064 Edge: 0.316 Con: 0.135 Cls: 1.352 Hist: 0.8701 Path: 0.3922 | Val F1: 0.3727 | 1.1s
  Epoch 391/400 | Total: 3.090 Edge: 0.315 Con: 0.134 Cls: 1.367 Hist: 0.8818 Path: 0.3916 | 1.0s
  Epoch 392/400 | Total: 3.080 Edge: 0.314 Con: 0.135 Cls: 1.365 Hist: 0.8767 Path: 0.3904 | 1.0s
  Epoch 393/400 | Total: 3.102 Edge: 0.319 Con: 0.136 Cls: 1.372 Hist: 0.8822 Path: 0.3938 | 0.9s
  Epoch 394/400 | Total: 3.083 Edge: 0.319 Con: 0.135 Cls: 1.357 Hist: 0.8758 Path: 0.3963 | 1.0s
  Epoch 395/400 | Total: 3.113 Edge: 0.322 Con: 0.135 Cls: 1.367 Hist: 0.8857 Path: 0.4035 | Val F1: 0.3756 | 1.0s
  Epoch 396/400 | Total: 3.092 Edge: 0.319 Con: 0.135 Cls: 1.360 Hist: 0.8802 Path: 0.3983 | 1.0s
  Epoch 397/400 | Total: 3.090 Edge: 0.320 Con: 0.135 Cls: 1.357 Hist: 0.8764 Path: 0.4022 | 1.0s
  Epoch 398/400 | Total: 3.123 Edge: 0.318 Con: 0.135 Cls: 1.378 Hist: 0.8885 Path: 0.4027 | 1.2s
  Epoch 399/400 | Total: 3.084 Edge: 0.317 Con: 0.135 Cls: 1.359 Hist: 0.8761 Path: 0.3973 | 1.0s
  Epoch 400/400 | Total: 3.088 Edge: 0.316 Con: 0.135 Cls: 1.360 Hist: 0.8752 Path: 0.4017 | Val F1: 0.3776 | 1.1s
  Best Val F1: 0.3777 | Test F1: 0.3778
  Total training time: 470.3s (7.8 min)

======================================================================
  Val  Macro-F1: 0.3777
  Test Macro-F1: 0.3778
  Test Accuracy: 0.6333
  Time: 472.1s
======================================================================

  Results saved to: results/NESS_ogbn-arxiv_MCAR_0.6_20260722_071115
