/home/erfan/MATE/venv/lib/python3.13/site-packages/outdated/__init__.py:36: UserWarning: pkg_resources is deprecated as an API. See https://setuptools.pypa.io/en/latest/pkg_resources.html. The pkg_resources package is slated for removal as early as 2025-11-30. Refrain from using this package or pin to Setuptools<81.
  from pkg_resources import parse_version
/home/erfan/MATE/ogbn_benchmarks/data_loader.py:96: UserWarning: Sparse invariant checks are implicitly disabled. Memory errors (e.g. SEGFAULT) will occur when operating on a sparse tensor which violates the invariants, but checks incur performance overhead. To silence this warning, explicitly opt in or out. See `torch.sparse.check_sparse_tensor_invariants.__doc__` for guidance.  (Triggered internally at /pytorch/aten/src/ATen/Context.cpp:760.)
  adj = torch.sparse_coo_tensor(edge_index, vals, (num_nodes, num_nodes)).coalesce()
======================================================================
  NESS | ogbn-arxiv | MCAR @ 80% | lr=0.001
======================================================================
[1/3] Loading ogbn-arxiv...
  169,343 nodes | 128 dims | 40 classes
[2/3] Simulating MCAR missingness...
Simulating MCAR missingness at 80% rate...
  MCAR: Uniform random selection
  Observable: 33,869 (20.0%)
  Masked: 135,474 (80.0%)
  Observable: 33,869 | Val: 67,737 | Test: 67,737
[3/3] Running NESS...
  single_view=True -> forcing w_con=0 (contrastive is trivial with one view)
  Prefilling missing nodes via Feature Propagation (40 iters)...
  Partitioning graph into 20 clusters (cache_device=gpu)...
  Cached 20 clusters
  Training NESS for up to 800 epochs (patience=20)...
  Epoch 1/800 | Total: 4.188 Edge: 0.675 Con: 0.105 Cls: 3.512 | 1.3s
  Epoch 2/800 | Total: 3.722 Edge: 0.621 Con: 0.185 Cls: 3.102 | 0.8s
  Epoch 3/800 | Total: 3.606 Edge: 0.603 Con: 0.137 Cls: 3.003 | 0.7s
  Epoch 4/800 | Total: 3.525 Edge: 0.583 Con: 0.117 Cls: 2.942 | 0.9s
  Epoch 5/800 | Total: 3.401 Edge: 0.579 Con: 0.119 Cls: 2.822 | Val F1: 0.0223 | 0.8s
  Epoch 6/800 | Total: 3.282 Edge: 0.568 Con: 0.124 Cls: 2.714 | 0.7s
  Epoch 7/800 | Total: 3.118 Edge: 0.593 Con: 0.130 Cls: 2.526 | 0.7s
  Epoch 8/800 | Total: 3.052 Edge: 0.581 Con: 0.128 Cls: 2.471 | 0.7s
  Epoch 9/800 | Total: 2.933 Edge: 0.576 Con: 0.129 Cls: 2.357 | 0.9s
  Epoch 10/800 | Total: 2.842 Edge: 0.532 Con: 0.121 Cls: 2.309 | Val F1: 0.0886 | 0.7s
  Epoch 11/800 | Total: 2.793 Edge: 0.524 Con: 0.122 Cls: 2.268 | 0.7s
  Epoch 12/800 | Total: 2.731 Edge: 0.527 Con: 0.127 Cls: 2.203 | 0.7s
  Epoch 13/800 | Total: 2.896 Edge: 0.513 Con: 0.132 Cls: 2.383 | 0.8s
  Epoch 14/800 | Total: 2.754 Edge: 0.504 Con: 0.116 Cls: 2.250 | 0.7s
  Epoch 15/800 | Total: 2.748 Edge: 0.515 Con: 0.122 Cls: 2.233 | Val F1: 0.1276 | 0.7s
  Epoch 16/800 | Total: 2.625 Edge: 0.494 Con: 0.115 Cls: 2.131 | 0.8s
  Epoch 17/800 | Total: 2.543 Edge: 0.483 Con: 0.118 Cls: 2.060 | 0.9s
  Epoch 18/800 | Total: 2.499 Edge: 0.480 Con: 0.113 Cls: 2.019 | 0.8s
  Epoch 19/800 | Total: 2.507 Edge: 0.483 Con: 0.115 Cls: 2.024 | 0.8s
  Epoch 20/800 | Total: 2.485 Edge: 0.470 Con: 0.110 Cls: 2.015 | Val F1: 0.1682 | 0.8s
  Epoch 21/800 | Total: 2.415 Edge: 0.472 Con: 0.112 Cls: 1.943 | 0.7s
  Epoch 22/800 | Total: 2.411 Edge: 0.464 Con: 0.107 Cls: 1.947 | 0.7s
  Epoch 23/800 | Total: 2.376 Edge: 0.461 Con: 0.107 Cls: 1.914 | 0.7s
  Epoch 24/800 | Total: 2.375 Edge: 0.454 Con: 0.107 Cls: 1.921 | 0.8s
  Epoch 25/800 | Total: 2.360 Edge: 0.446 Con: 0.103 Cls: 1.914 | Val F1: 0.1699 | 0.9s
  Epoch 26/800 | Total: 2.358 Edge: 0.458 Con: 0.104 Cls: 1.899 | 0.9s
  Epoch 27/800 | Total: 2.372 Edge: 0.463 Con: 0.106 Cls: 1.909 | 0.7s
  Epoch 28/800 | Total: 2.368 Edge: 0.462 Con: 0.102 Cls: 1.907 | 0.7s
  Epoch 29/800 | Total: 2.329 Edge: 0.458 Con: 0.102 Cls: 1.871 | 0.7s
  Epoch 30/800 | Total: 2.297 Edge: 0.446 Con: 0.100 Cls: 1.851 | Val F1: 0.1934 | 0.7s
  Epoch 31/800 | Total: 2.300 Edge: 0.449 Con: 0.101 Cls: 1.851 | 0.7s
  Epoch 32/800 | Total: 2.390 Edge: 0.448 Con: 0.101 Cls: 1.942 | 0.7s
  Epoch 33/800 | Total: 2.333 Edge: 0.440 Con: 0.099 Cls: 1.893 | 0.8s
  Epoch 34/800 | Total: 2.292 Edge: 0.439 Con: 0.100 Cls: 1.853 | 0.9s
  Epoch 35/800 | Total: 2.239 Edge: 0.428 Con: 0.097 Cls: 1.811 | Val F1: 0.2103 | 0.8s
  Epoch 36/800 | Total: 2.228 Edge: 0.434 Con: 0.097 Cls: 1.794 | 0.8s
  Epoch 37/800 | Total: 2.247 Edge: 0.434 Con: 0.096 Cls: 1.813 | 0.8s
  Epoch 38/800 | Total: 2.222 Edge: 0.428 Con: 0.095 Cls: 1.794 | 0.8s
  Epoch 39/800 | Total: 2.200 Edge: 0.423 Con: 0.094 Cls: 1.777 | 0.8s
  Epoch 40/800 | Total: 2.185 Edge: 0.414 Con: 0.093 Cls: 1.771 | Val F1: 0.2281 | 0.8s
  Epoch 41/800 | Total: 2.196 Edge: 0.411 Con: 0.092 Cls: 1.785 | 0.8s
  Epoch 42/800 | Total: 2.222 Edge: 0.419 Con: 0.092 Cls: 1.803 | 0.7s
  Epoch 43/800 | Total: 2.182 Edge: 0.423 Con: 0.091 Cls: 1.760 | 0.7s
  Epoch 44/800 | Total: 2.186 Edge: 0.420 Con: 0.092 Cls: 1.766 | 0.8s
  Epoch 45/800 | Total: 2.232 Edge: 0.421 Con: 0.093 Cls: 1.811 | Val F1: 0.2415 | 1.0s
  Epoch 46/800 | Total: 2.272 Edge: 0.423 Con: 0.093 Cls: 1.849 | 1.2s
  Epoch 47/800 | Total: 2.174 Edge: 0.415 Con: 0.091 Cls: 1.759 | 1.3s
  Epoch 48/800 | Total: 2.167 Edge: 0.410 Con: 0.091 Cls: 1.757 | 1.2s
  Epoch 49/800 | Total: 2.140 Edge: 0.418 Con: 0.091 Cls: 1.722 | 1.3s
  Epoch 50/800 | Total: 2.120 Edge: 0.411 Con: 0.091 Cls: 1.709 | Val F1: 0.2454 | 1.3s
  Epoch 51/800 | Total: 2.120 Edge: 0.409 Con: 0.090 Cls: 1.711 | 1.3s
  Epoch 52/800 | Total: 2.125 Edge: 0.406 Con: 0.089 Cls: 1.719 | 1.3s
  Epoch 53/800 | Total: 2.130 Edge: 0.416 Con: 0.089 Cls: 1.715 | 1.3s
  Epoch 54/800 | Total: 2.136 Edge: 0.409 Con: 0.089 Cls: 1.727 | 1.3s
  Epoch 55/800 | Total: 2.120 Edge: 0.405 Con: 0.087 Cls: 1.714 | Val F1: 0.2478 | 1.3s
  Epoch 56/800 | Total: 2.091 Edge: 0.400 Con: 0.087 Cls: 1.691 | 1.3s
  Epoch 57/800 | Total: 2.089 Edge: 0.405 Con: 0.086 Cls: 1.685 | 1.3s
  Epoch 58/800 | Total: 2.102 Edge: 0.395 Con: 0.086 Cls: 1.707 | 1.3s
  Epoch 59/800 | Total: 2.087 Edge: 0.391 Con: 0.085 Cls: 1.695 | 1.3s
  Epoch 60/800 | Total: 2.086 Edge: 0.393 Con: 0.084 Cls: 1.693 | Val F1: 0.2574 | 1.2s
  Epoch 61/800 | Total: 2.070 Edge: 0.391 Con: 0.084 Cls: 1.678 | 1.3s
  Epoch 62/800 | Total: 2.071 Edge: 0.397 Con: 0.084 Cls: 1.674 | 1.3s
  Epoch 63/800 | Total: 2.092 Edge: 0.396 Con: 0.085 Cls: 1.696 | 1.3s
  Epoch 64/800 | Total: 2.078 Edge: 0.396 Con: 0.086 Cls: 1.682 | 1.3s
  Epoch 65/800 | Total: 2.054 Edge: 0.390 Con: 0.086 Cls: 1.664 | Val F1: 0.2528 | 1.3s
  Epoch 66/800 | Total: 2.068 Edge: 0.394 Con: 0.087 Cls: 1.674 | 1.3s
  Epoch 67/800 | Total: 2.057 Edge: 0.390 Con: 0.084 Cls: 1.667 | 1.3s
  Epoch 68/800 | Total: 2.051 Edge: 0.386 Con: 0.082 Cls: 1.665 | 1.2s
  Epoch 69/800 | Total: 2.053 Edge: 0.387 Con: 0.083 Cls: 1.666 | 1.3s
  Epoch 70/800 | Total: 2.025 Edge: 0.380 Con: 0.083 Cls: 1.645 | Val F1: 0.2498 | 1.3s
  Epoch 71/800 | Total: 2.060 Edge: 0.385 Con: 0.083 Cls: 1.675 | 1.3s
  Epoch 72/800 | Total: 2.070 Edge: 0.395 Con: 0.083 Cls: 1.675 | 1.3s
  Epoch 73/800 | Total: 2.114 Edge: 0.401 Con: 0.085 Cls: 1.713 | 1.3s
  Epoch 74/800 | Total: 2.043 Edge: 0.388 Con: 0.083 Cls: 1.655 | 1.3s
  Epoch 75/800 | Total: 2.077 Edge: 0.386 Con: 0.084 Cls: 1.691 | Val F1: 0.2543 | 1.3s
  Epoch 76/800 | Total: 2.074 Edge: 0.391 Con: 0.085 Cls: 1.683 | 1.3s
  Epoch 77/800 | Total: 2.076 Edge: 0.392 Con: 0.082 Cls: 1.684 | 1.3s
  Epoch 78/800 | Total: 2.044 Edge: 0.404 Con: 0.084 Cls: 1.641 | 1.2s
  Epoch 79/800 | Total: 2.085 Edge: 0.402 Con: 0.084 Cls: 1.683 | 1.2s
  Epoch 80/800 | Total: 2.052 Edge: 0.396 Con: 0.082 Cls: 1.656 | Val F1: 0.2586 | 1.3s
  Epoch 81/800 | Total: 2.043 Edge: 0.391 Con: 0.080 Cls: 1.652 | 1.3s
  Epoch 82/800 | Total: 2.036 Edge: 0.387 Con: 0.081 Cls: 1.648 | 1.3s
  Epoch 83/800 | Total: 2.035 Edge: 0.380 Con: 0.082 Cls: 1.655 | 1.3s
  Epoch 84/800 | Total: 2.024 Edge: 0.381 Con: 0.081 Cls: 1.643 | 1.3s
  Epoch 85/800 | Total: 2.029 Edge: 0.376 Con: 0.080 Cls: 1.653 | Val F1: 0.2608 | 1.2s
  Epoch 86/800 | Total: 2.027 Edge: 0.375 Con: 0.080 Cls: 1.651 | 1.3s
  Epoch 87/800 | Total: 2.005 Edge: 0.377 Con: 0.080 Cls: 1.628 | 1.3s
  Epoch 88/800 | Total: 1.997 Edge: 0.378 Con: 0.080 Cls: 1.618 | 1.3s
  Epoch 89/800 | Total: 2.001 Edge: 0.374 Con: 0.079 Cls: 1.626 | 1.3s
  Epoch 90/800 | Total: 1.995 Edge: 0.378 Con: 0.078 Cls: 1.617 | Val F1: 0.2790 | 1.3s
  Epoch 91/800 | Total: 1.999 Edge: 0.380 Con: 0.078 Cls: 1.619 | 1.3s
  Epoch 92/800 | Total: 2.025 Edge: 0.384 Con: 0.080 Cls: 1.641 | 1.3s
  Epoch 93/800 | Total: 2.047 Edge: 0.379 Con: 0.080 Cls: 1.669 | 1.3s
  Epoch 94/800 | Total: 2.023 Edge: 0.383 Con: 0.078 Cls: 1.640 | 1.2s
  Epoch 95/800 | Total: 2.047 Edge: 0.389 Con: 0.081 Cls: 1.657 | Val F1: 0.2836 | 1.3s
  Epoch 96/800 | Total: 2.000 Edge: 0.381 Con: 0.078 Cls: 1.620 | 1.2s
  Epoch 97/800 | Total: 1.980 Edge: 0.372 Con: 0.078 Cls: 1.608 | 1.3s
  Epoch 98/800 | Total: 1.975 Edge: 0.369 Con: 0.078 Cls: 1.606 | 1.2s
  Epoch 99/800 | Total: 1.991 Edge: 0.370 Con: 0.078 Cls: 1.621 | 1.3s
  Epoch 100/800 | Total: 1.983 Edge: 0.369 Con: 0.079 Cls: 1.614 | Val F1: 0.2813 | 1.3s
  Epoch 101/800 | Total: 1.999 Edge: 0.371 Con: 0.078 Cls: 1.627 | 1.3s
  Epoch 102/800 | Total: 1.989 Edge: 0.374 Con: 0.078 Cls: 1.614 | 1.2s
  Epoch 103/800 | Total: 1.978 Edge: 0.369 Con: 0.078 Cls: 1.609 | 1.3s
  Epoch 104/800 | Total: 2.000 Edge: 0.363 Con: 0.077 Cls: 1.638 | 1.3s
  Epoch 105/800 | Total: 1.965 Edge: 0.366 Con: 0.078 Cls: 1.599 | Val F1: 0.2670 | 1.2s
  Epoch 106/800 | Total: 1.996 Edge: 0.369 Con: 0.077 Cls: 1.627 | 1.3s
  Epoch 107/800 | Total: 1.973 Edge: 0.364 Con: 0.076 Cls: 1.609 | 1.3s
  Epoch 108/800 | Total: 1.976 Edge: 0.366 Con: 0.078 Cls: 1.610 | 1.3s
  Epoch 109/800 | Total: 1.969 Edge: 0.365 Con: 0.076 Cls: 1.604 | 1.2s
  Epoch 110/800 | Total: 1.966 Edge: 0.362 Con: 0.076 Cls: 1.604 | Val F1: 0.2969 | 1.3s
  Epoch 111/800 | Total: 1.958 Edge: 0.367 Con: 0.077 Cls: 1.591 | 1.3s
  Epoch 112/800 | Total: 1.957 Edge: 0.370 Con: 0.076 Cls: 1.587 | 1.3s
  Epoch 113/800 | Total: 1.973 Edge: 0.372 Con: 0.076 Cls: 1.602 | 1.3s
  Epoch 114/800 | Total: 1.946 Edge: 0.365 Con: 0.076 Cls: 1.581 | 1.3s
  Epoch 115/800 | Total: 1.985 Edge: 0.372 Con: 0.075 Cls: 1.613 | Val F1: 0.3012 | 1.2s
  Epoch 116/800 | Total: 2.123 Edge: 0.377 Con: 0.076 Cls: 1.746 | 1.2s
  Epoch 117/800 | Total: 2.040 Edge: 0.382 Con: 0.080 Cls: 1.658 | 1.2s
  Epoch 118/800 | Total: 1.976 Edge: 0.372 Con: 0.077 Cls: 1.604 | 1.3s
  Epoch 119/800 | Total: 1.967 Edge: 0.364 Con: 0.076 Cls: 1.602 | 1.3s
  Epoch 120/800 | Total: 1.970 Edge: 0.365 Con: 0.076 Cls: 1.605 | Val F1: 0.2765 | 1.2s
  Epoch 121/800 | Total: 1.953 Edge: 0.366 Con: 0.075 Cls: 1.588 | 1.3s
  Epoch 122/800 | Total: 1.948 Edge: 0.365 Con: 0.075 Cls: 1.583 | 1.3s
  Epoch 123/800 | Total: 1.964 Edge: 0.362 Con: 0.074 Cls: 1.601 | 1.2s
  Epoch 124/800 | Total: 1.946 Edge: 0.360 Con: 0.074 Cls: 1.586 | 1.2s
  Epoch 125/800 | Total: 1.936 Edge: 0.356 Con: 0.074 Cls: 1.580 | Val F1: 0.3127 | 1.3s
  Epoch 126/800 | Total: 1.968 Edge: 0.365 Con: 0.073 Cls: 1.603 | 1.3s
  Epoch 127/800 | Total: 1.943 Edge: 0.361 Con: 0.075 Cls: 1.583 | 1.3s
  Epoch 128/800 | Total: 1.923 Edge: 0.357 Con: 0.073 Cls: 1.566 | 1.3s
  Epoch 129/800 | Total: 1.944 Edge: 0.364 Con: 0.075 Cls: 1.581 | 1.3s
  Epoch 130/800 | Total: 1.966 Edge: 0.373 Con: 0.074 Cls: 1.593 | Val F1: 0.2984 | 1.2s
  Epoch 131/800 | Total: 1.939 Edge: 0.364 Con: 0.075 Cls: 1.576 | 1.3s
  Epoch 132/800 | Total: 1.936 Edge: 0.358 Con: 0.073 Cls: 1.578 | 1.3s
  Epoch 133/800 | Total: 1.962 Edge: 0.362 Con: 0.074 Cls: 1.600 | 1.3s
  Epoch 134/800 | Total: 1.953 Edge: 0.354 Con: 0.074 Cls: 1.599 | 1.3s
  Epoch 135/800 | Total: 1.983 Edge: 0.358 Con: 0.072 Cls: 1.625 | Val F1: 0.3054 | 1.2s
  Epoch 136/800 | Total: 1.971 Edge: 0.361 Con: 0.075 Cls: 1.610 | 1.3s
  Epoch 137/800 | Total: 1.984 Edge: 0.358 Con: 0.074 Cls: 1.626 | 1.3s
  Epoch 138/800 | Total: 1.936 Edge: 0.361 Con: 0.073 Cls: 1.575 | 1.3s
  Epoch 139/800 | Total: 1.928 Edge: 0.355 Con: 0.073 Cls: 1.573 | 1.2s
  Epoch 140/800 | Total: 1.943 Edge: 0.365 Con: 0.072 Cls: 1.579 | Val F1: 0.3083 | 1.2s
  Epoch 141/800 | Total: 1.918 Edge: 0.358 Con: 0.072 Cls: 1.560 | 1.3s
  Epoch 142/800 | Total: 1.918 Edge: 0.352 Con: 0.072 Cls: 1.566 | 1.3s
  Epoch 143/800 | Total: 1.924 Edge: 0.358 Con: 0.072 Cls: 1.566 | 1.3s
  Epoch 144/800 | Total: 1.948 Edge: 0.367 Con: 0.074 Cls: 1.581 | 1.2s
  Epoch 145/800 | Total: 1.963 Edge: 0.368 Con: 0.073 Cls: 1.596 | Val F1: 0.3019 | 1.3s
  Epoch 146/800 | Total: 1.953 Edge: 0.364 Con: 0.072 Cls: 1.588 | 1.3s
  Epoch 147/800 | Total: 1.910 Edge: 0.351 Con: 0.071 Cls: 1.559 | 1.3s
  Epoch 148/800 | Total: 1.924 Edge: 0.356 Con: 0.071 Cls: 1.568 | 1.3s
  Epoch 149/800 | Total: 1.930 Edge: 0.356 Con: 0.072 Cls: 1.575 | 1.3s
  Epoch 150/800 | Total: 1.982 Edge: 0.356 Con: 0.072 Cls: 1.626 | Val F1: 0.3028 | 1.3s
  Epoch 151/800 | Total: 1.960 Edge: 0.358 Con: 0.070 Cls: 1.602 | 1.3s
  Epoch 152/800 | Total: 1.941 Edge: 0.354 Con: 0.070 Cls: 1.587 | 1.3s
  Epoch 153/800 | Total: 1.931 Edge: 0.357 Con: 0.071 Cls: 1.575 | 1.2s
  Epoch 154/800 | Total: 1.930 Edge: 0.353 Con: 0.071 Cls: 1.577 | 1.0s
  Epoch 155/800 | Total: 1.917 Edge: 0.352 Con: 0.070 Cls: 1.565 | Val F1: 0.3047 | 1.0s
  Epoch 156/800 | Total: 1.918 Edge: 0.353 Con: 0.069 Cls: 1.565 | 1.1s
  Epoch 157/800 | Total: 1.904 Edge: 0.355 Con: 0.069 Cls: 1.549 | 1.0s
  Epoch 158/800 | Total: 1.898 Edge: 0.350 Con: 0.070 Cls: 1.548 | 1.0s
  Epoch 159/800 | Total: 1.910 Edge: 0.350 Con: 0.070 Cls: 1.560 | 1.1s
  Epoch 160/800 | Total: 1.912 Edge: 0.348 Con: 0.069 Cls: 1.563 | Val F1: 0.3008 | 1.0s
  Epoch 161/800 | Total: 1.901 Edge: 0.348 Con: 0.070 Cls: 1.553 | 1.0s
  Epoch 162/800 | Total: 1.905 Edge: 0.350 Con: 0.070 Cls: 1.555 | 1.0s
  Epoch 163/800 | Total: 1.938 Edge: 0.350 Con: 0.070 Cls: 1.588 | 0.9s
  Epoch 164/800 | Total: 1.923 Edge: 0.349 Con: 0.070 Cls: 1.575 | 1.1s
  Epoch 165/800 | Total: 1.950 Edge: 0.355 Con: 0.069 Cls: 1.595 | Val F1: 0.2978 | 1.1s
  Epoch 166/800 | Total: 1.938 Edge: 0.356 Con: 0.070 Cls: 1.581 | 1.1s
  Epoch 167/800 | Total: 1.926 Edge: 0.353 Con: 0.069 Cls: 1.574 | 1.2s
  Epoch 168/800 | Total: 2.009 Edge: 0.364 Con: 0.070 Cls: 1.645 | 1.2s
  Epoch 169/800 | Total: 1.948 Edge: 0.359 Con: 0.071 Cls: 1.589 | 1.2s
  Epoch 170/800 | Total: 1.957 Edge: 0.356 Con: 0.070 Cls: 1.601 | Val F1: 0.2949 | 1.1s
  Epoch 171/800 | Total: 1.928 Edge: 0.352 Con: 0.071 Cls: 1.577 | 1.2s
  Epoch 172/800 | Total: 1.917 Edge: 0.351 Con: 0.069 Cls: 1.566 | 1.2s
  Epoch 173/800 | Total: 1.913 Edge: 0.348 Con: 0.069 Cls: 1.565 | 1.3s
  Epoch 174/800 | Total: 1.902 Edge: 0.348 Con: 0.068 Cls: 1.553 | 1.1s
  Epoch 175/800 | Total: 1.908 Edge: 0.351 Con: 0.068 Cls: 1.556 | Val F1: 0.3135 | 1.1s
  Epoch 176/800 | Total: 1.934 Edge: 0.355 Con: 0.068 Cls: 1.579 | 1.1s
  Epoch 177/800 | Total: 1.905 Edge: 0.350 Con: 0.069 Cls: 1.555 | 1.1s
  Epoch 178/800 | Total: 1.922 Edge: 0.346 Con: 0.068 Cls: 1.576 | 1.0s
  Epoch 179/800 | Total: 1.886 Edge: 0.344 Con: 0.068 Cls: 1.542 | 0.8s
  Epoch 180/800 | Total: 1.912 Edge: 0.348 Con: 0.067 Cls: 1.564 | Val F1: 0.3285 | 0.9s
  Epoch 181/800 | Total: 1.902 Edge: 0.344 Con: 0.068 Cls: 1.559 | 0.8s
  Epoch 182/800 | Total: 1.882 Edge: 0.344 Con: 0.069 Cls: 1.538 | 0.8s
  Epoch 183/800 | Total: 1.880 Edge: 0.341 Con: 0.067 Cls: 1.539 | 1.0s
  Epoch 184/800 | Total: 1.903 Edge: 0.346 Con: 0.069 Cls: 1.557 | 0.8s
  Epoch 185/800 | Total: 1.891 Edge: 0.342 Con: 0.067 Cls: 1.549 | Val F1: 0.3127 | 1.0s
  Epoch 186/800 | Total: 1.887 Edge: 0.346 Con: 0.069 Cls: 1.541 | 1.0s
  Epoch 187/800 | Total: 1.904 Edge: 0.350 Con: 0.068 Cls: 1.554 | 1.1s
  Epoch 188/800 | Total: 1.919 Edge: 0.355 Con: 0.070 Cls: 1.563 | 1.1s
  Epoch 189/800 | Total: 1.918 Edge: 0.363 Con: 0.069 Cls: 1.554 | 1.0s
  Epoch 190/800 | Total: 1.930 Edge: 0.365 Con: 0.070 Cls: 1.565 | Val F1: 0.3219 | 1.2s
  Epoch 191/800 | Total: 1.895 Edge: 0.360 Con: 0.069 Cls: 1.535 | 0.9s
  Epoch 192/800 | Total: 1.904 Edge: 0.353 Con: 0.068 Cls: 1.551 | 1.0s
  Epoch 193/800 | Total: 1.924 Edge: 0.352 Con: 0.068 Cls: 1.572 | 1.0s
  Epoch 194/800 | Total: 1.898 Edge: 0.355 Con: 0.068 Cls: 1.542 | 0.9s
  Epoch 195/800 | Total: 1.921 Edge: 0.357 Con: 0.067 Cls: 1.563 | Val F1: 0.3231 | 1.1s
  Epoch 196/800 | Total: 1.908 Edge: 0.351 Con: 0.069 Cls: 1.557 | 1.1s
  Epoch 197/800 | Total: 1.955 Edge: 0.349 Con: 0.068 Cls: 1.606 | 1.1s
  Epoch 198/800 | Total: 1.928 Edge: 0.349 Con: 0.068 Cls: 1.579 | 1.1s
  Epoch 199/800 | Total: 2.006 Edge: 0.357 Con: 0.068 Cls: 1.650 | 1.1s
  Epoch 200/800 | Total: 1.961 Edge: 0.351 Con: 0.069 Cls: 1.610 | Val F1: 0.3169 | 1.0s
  Epoch 201/800 | Total: 1.894 Edge: 0.344 Con: 0.067 Cls: 1.550 | 1.1s
  Epoch 202/800 | Total: 1.874 Edge: 0.340 Con: 0.066 Cls: 1.534 | 1.1s
  Epoch 203/800 | Total: 1.889 Edge: 0.340 Con: 0.065 Cls: 1.548 | 1.2s
  Epoch 204/800 | Total: 1.879 Edge: 0.340 Con: 0.066 Cls: 1.539 | 1.2s
  Epoch 205/800 | Total: 1.879 Edge: 0.340 Con: 0.068 Cls: 1.538 | Val F1: 0.3108 | 1.2s
  Epoch 206/800 | Total: 1.891 Edge: 0.346 Con: 0.068 Cls: 1.545 | 1.3s
  Epoch 207/800 | Total: 1.915 Edge: 0.348 Con: 0.067 Cls: 1.566 | 1.0s
  Epoch 208/800 | Total: 2.000 Edge: 0.357 Con: 0.067 Cls: 1.643 | 1.1s
  Epoch 209/800 | Total: 2.099 Edge: 0.355 Con: 0.068 Cls: 1.744 | 1.1s
  Epoch 210/800 | Total: 1.952 Edge: 0.343 Con: 0.067 Cls: 1.608 | Val F1: 0.3096 | 1.1s
  Epoch 211/800 | Total: 1.898 Edge: 0.348 Con: 0.065 Cls: 1.550 | 1.0s
  Epoch 212/800 | Total: 1.871 Edge: 0.344 Con: 0.065 Cls: 1.528 | 0.9s
  Epoch 213/800 | Total: 1.869 Edge: 0.342 Con: 0.065 Cls: 1.526 | 1.0s
  Epoch 214/800 | Total: 1.902 Edge: 0.341 Con: 0.065 Cls: 1.561 | 0.8s
  Epoch 215/800 | Total: 1.871 Edge: 0.338 Con: 0.064 Cls: 1.533 | Val F1: 0.3251 | 1.0s
  Epoch 216/800 | Total: 1.879 Edge: 0.340 Con: 0.064 Cls: 1.539 | 1.0s
  Epoch 217/800 | Total: 1.879 Edge: 0.344 Con: 0.066 Cls: 1.535 | 0.8s
  Epoch 218/800 | Total: 1.893 Edge: 0.342 Con: 0.065 Cls: 1.551 | 1.1s
  Epoch 219/800 | Total: 1.922 Edge: 0.340 Con: 0.065 Cls: 1.582 | 1.0s
  Epoch 220/800 | Total: 1.898 Edge: 0.343 Con: 0.066 Cls: 1.555 | Val F1: 0.3280 | 1.2s
  Epoch 221/800 | Total: 1.885 Edge: 0.342 Con: 0.067 Cls: 1.543 | 1.1s
  Epoch 222/800 | Total: 1.929 Edge: 0.346 Con: 0.064 Cls: 1.584 | 1.1s
  Epoch 223/800 | Total: 1.938 Edge: 0.365 Con: 0.067 Cls: 1.573 | 0.9s
  Epoch 224/800 | Total: 1.939 Edge: 0.367 Con: 0.066 Cls: 1.572 | 1.0s
  Epoch 225/800 | Total: 1.906 Edge: 0.360 Con: 0.067 Cls: 1.546 | Val F1: 0.3316 | 1.0s
  Epoch 226/800 | Total: 1.882 Edge: 0.341 Con: 0.066 Cls: 1.540 | 0.9s
  Epoch 227/800 | Total: 1.898 Edge: 0.345 Con: 0.065 Cls: 1.554 | 1.1s
  Epoch 228/800 | Total: 1.852 Edge: 0.340 Con: 0.066 Cls: 1.512 | 1.2s
  Epoch 229/800 | Total: 1.852 Edge: 0.336 Con: 0.065 Cls: 1.516 | 1.2s
  Epoch 230/800 | Total: 1.863 Edge: 0.337 Con: 0.064 Cls: 1.526 | Val F1: 0.3377 | 1.2s
  Epoch 231/800 | Total: 1.866 Edge: 0.338 Con: 0.065 Cls: 1.528 | 1.1s
  Epoch 232/800 | Total: 1.909 Edge: 0.339 Con: 0.065 Cls: 1.570 | 1.2s
  Epoch 233/800 | Total: 1.980 Edge: 0.350 Con: 0.065 Cls: 1.630 | 1.1s
  Epoch 234/800 | Total: 1.896 Edge: 0.349 Con: 0.066 Cls: 1.547 | 1.2s
  Epoch 235/800 | Total: 1.917 Edge: 0.354 Con: 0.066 Cls: 1.563 | Val F1: 0.3350 | 1.2s
  Epoch 236/800 | Total: 1.890 Edge: 0.349 Con: 0.065 Cls: 1.541 | 1.2s
  Epoch 237/800 | Total: 1.885 Edge: 0.343 Con: 0.065 Cls: 1.542 | 1.1s
  Epoch 238/800 | Total: 1.892 Edge: 0.345 Con: 0.065 Cls: 1.548 | 1.1s
  Epoch 239/800 | Total: 1.879 Edge: 0.342 Con: 0.065 Cls: 1.536 | 1.1s
  Epoch 240/800 | Total: 1.870 Edge: 0.338 Con: 0.065 Cls: 1.532 | Val F1: 0.3408 | 1.2s
  Epoch 241/800 | Total: 1.856 Edge: 0.338 Con: 0.064 Cls: 1.518 | 0.9s
  Epoch 242/800 | Total: 1.872 Edge: 0.335 Con: 0.064 Cls: 1.538 | 1.0s
  Epoch 243/800 | Total: 1.876 Edge: 0.336 Con: 0.065 Cls: 1.539 | 0.9s
  Epoch 244/800 | Total: 1.872 Edge: 0.337 Con: 0.065 Cls: 1.535 | 0.8s
  Epoch 245/800 | Total: 1.847 Edge: 0.335 Con: 0.065 Cls: 1.512 | Val F1: 0.3277 | 1.0s
  Epoch 246/800 | Total: 1.914 Edge: 0.343 Con: 0.064 Cls: 1.571 | 0.9s
  Epoch 247/800 | Total: 1.901 Edge: 0.347 Con: 0.065 Cls: 1.555 | 0.8s
  Epoch 248/800 | Total: 1.889 Edge: 0.339 Con: 0.064 Cls: 1.550 | 1.0s
  Epoch 249/800 | Total: 1.851 Edge: 0.342 Con: 0.065 Cls: 1.509 | 1.2s
  Epoch 250/800 | Total: 1.866 Edge: 0.335 Con: 0.064 Cls: 1.531 | Val F1: 0.3399 | 1.0s
  Epoch 251/800 | Total: 1.851 Edge: 0.331 Con: 0.064 Cls: 1.520 | 1.1s
  Epoch 252/800 | Total: 1.859 Edge: 0.335 Con: 0.063 Cls: 1.524 | 1.0s
  Epoch 253/800 | Total: 1.878 Edge: 0.348 Con: 0.064 Cls: 1.530 | 1.1s
  Epoch 254/800 | Total: 1.871 Edge: 0.354 Con: 0.062 Cls: 1.517 | 1.0s
  Epoch 255/800 | Total: 1.858 Edge: 0.349 Con: 0.063 Cls: 1.509 | Val F1: 0.3390 | 0.8s
  Epoch 256/800 | Total: 1.852 Edge: 0.338 Con: 0.064 Cls: 1.515 | 1.0s
  Epoch 257/800 | Total: 1.858 Edge: 0.336 Con: 0.063 Cls: 1.522 | 1.0s
  Epoch 258/800 | Total: 1.878 Edge: 0.341 Con: 0.064 Cls: 1.537 | 1.0s
  Epoch 259/800 | Total: 1.879 Edge: 0.341 Con: 0.064 Cls: 1.538 | 0.9s
  Epoch 260/800 | Total: 1.844 Edge: 0.336 Con: 0.064 Cls: 1.508 | Val F1: 0.3284 | 1.0s
  Epoch 261/800 | Total: 1.882 Edge: 0.337 Con: 0.064 Cls: 1.545 | 1.2s
  Epoch 262/800 | Total: 1.916 Edge: 0.342 Con: 0.063 Cls: 1.574 | 1.1s
  Epoch 263/800 | Total: 1.880 Edge: 0.337 Con: 0.064 Cls: 1.542 | 1.3s
  Epoch 264/800 | Total: 1.867 Edge: 0.336 Con: 0.065 Cls: 1.530 | 1.1s
  Epoch 265/800 | Total: 1.859 Edge: 0.335 Con: 0.063 Cls: 1.525 | Val F1: 0.3387 | 1.2s
  Epoch 266/800 | Total: 1.866 Edge: 0.335 Con: 0.063 Cls: 1.531 | 1.1s
  Epoch 267/800 | Total: 1.854 Edge: 0.333 Con: 0.064 Cls: 1.521 | 1.3s
  Epoch 268/800 | Total: 1.855 Edge: 0.334 Con: 0.063 Cls: 1.521 | 1.2s
  Epoch 269/800 | Total: 1.849 Edge: 0.333 Con: 0.064 Cls: 1.517 | 1.2s
  Epoch 270/800 | Total: 1.846 Edge: 0.330 Con: 0.064 Cls: 1.516 | Val F1: 0.3450 | 1.2s
  Epoch 271/800 | Total: 1.852 Edge: 0.333 Con: 0.064 Cls: 1.519 | 1.1s
  Epoch 272/800 | Total: 1.868 Edge: 0.330 Con: 0.062 Cls: 1.538 | 1.0s
  Epoch 273/800 | Total: 1.845 Edge: 0.333 Con: 0.064 Cls: 1.511 | 1.1s
  Epoch 274/800 | Total: 1.870 Edge: 0.335 Con: 0.063 Cls: 1.536 | 1.0s
  Epoch 275/800 | Total: 1.893 Edge: 0.338 Con: 0.064 Cls: 1.555 | Val F1: 0.3489 | 0.9s
  Epoch 276/800 | Total: 1.877 Edge: 0.342 Con: 0.064 Cls: 1.534 | 0.8s
  Epoch 277/800 | Total: 1.900 Edge: 0.338 Con: 0.062 Cls: 1.563 | 1.0s
  Epoch 278/800 | Total: 1.887 Edge: 0.338 Con: 0.063 Cls: 1.549 | 0.9s
  Epoch 279/800 | Total: 1.858 Edge: 0.333 Con: 0.063 Cls: 1.525 | 1.1s
  Epoch 280/800 | Total: 1.863 Edge: 0.331 Con: 0.062 Cls: 1.532 | Val F1: 0.3402 | 0.8s
  Epoch 281/800 | Total: 1.846 Edge: 0.335 Con: 0.062 Cls: 1.511 | 1.1s
  Epoch 282/800 | Total: 1.849 Edge: 0.334 Con: 0.063 Cls: 1.515 | 1.0s
  Epoch 283/800 | Total: 1.853 Edge: 0.334 Con: 0.063 Cls: 1.520 | 1.0s
  Epoch 284/800 | Total: 1.851 Edge: 0.333 Con: 0.064 Cls: 1.518 | 1.0s
  Epoch 285/800 | Total: 1.838 Edge: 0.334 Con: 0.062 Cls: 1.504 | Val F1: 0.3328 | 1.1s
  Epoch 286/800 | Total: 1.849 Edge: 0.336 Con: 0.063 Cls: 1.513 | 1.0s
  Epoch 287/800 | Total: 1.860 Edge: 0.341 Con: 0.064 Cls: 1.519 | 0.9s
  Epoch 288/800 | Total: 1.856 Edge: 0.336 Con: 0.063 Cls: 1.520 | 0.9s
  Epoch 289/800 | Total: 1.840 Edge: 0.332 Con: 0.063 Cls: 1.508 | 1.0s
  Epoch 290/800 | Total: 1.855 Edge: 0.336 Con: 0.063 Cls: 1.519 | Val F1: 0.3210 | 1.1s
  Epoch 291/800 | Total: 1.866 Edge: 0.337 Con: 0.063 Cls: 1.529 | 1.0s
  Epoch 292/800 | Total: 1.864 Edge: 0.343 Con: 0.062 Cls: 1.521 | 1.2s
  Epoch 293/800 | Total: 1.860 Edge: 0.336 Con: 0.064 Cls: 1.524 | 1.1s
  Epoch 294/800 | Total: 1.855 Edge: 0.332 Con: 0.063 Cls: 1.523 | 1.2s
  Epoch 295/800 | Total: 1.889 Edge: 0.336 Con: 0.063 Cls: 1.553 | Val F1: 0.3358 | 1.1s
  Epoch 296/800 | Total: 1.869 Edge: 0.334 Con: 0.063 Cls: 1.535 | 1.1s
  Epoch 297/800 | Total: 1.872 Edge: 0.333 Con: 0.063 Cls: 1.539 | 1.1s
  Epoch 298/800 | Total: 1.905 Edge: 0.341 Con: 0.062 Cls: 1.564 | 1.1s
  Epoch 299/800 | Total: 1.884 Edge: 0.349 Con: 0.063 Cls: 1.535 | 1.2s
  Epoch 300/800 | Total: 1.859 Edge: 0.340 Con: 0.063 Cls: 1.518 | Val F1: 0.3346 | 1.3s
  Epoch 301/800 | Total: 1.868 Edge: 0.334 Con: 0.062 Cls: 1.534 | 1.1s
  Epoch 302/800 | Total: 1.902 Edge: 0.338 Con: 0.063 Cls: 1.564 | 1.2s
  Epoch 303/800 | Total: 1.893 Edge: 0.336 Con: 0.063 Cls: 1.557 | 1.2s
  Epoch 304/800 | Total: 1.862 Edge: 0.333 Con: 0.064 Cls: 1.528 | 1.1s
  Epoch 305/800 | Total: 1.861 Edge: 0.335 Con: 0.063 Cls: 1.526 | Val F1: 0.3300 | 1.0s
  Epoch 306/800 | Total: 1.844 Edge: 0.331 Con: 0.063 Cls: 1.513 | 0.9s
  Epoch 307/800 | Total: 1.840 Edge: 0.336 Con: 0.063 Cls: 1.504 | 0.9s
  Epoch 308/800 | Total: 1.848 Edge: 0.334 Con: 0.062 Cls: 1.514 | 1.0s
  Epoch 309/800 | Total: 1.846 Edge: 0.339 Con: 0.062 Cls: 1.506 | 0.9s
  Epoch 310/800 | Total: 1.871 Edge: 0.341 Con: 0.061 Cls: 1.529 | Val F1: 0.3331 | 0.9s
  Epoch 311/800 | Total: 1.847 Edge: 0.331 Con: 0.061 Cls: 1.516 | 1.0s
  Epoch 312/800 | Total: 1.830 Edge: 0.335 Con: 0.061 Cls: 1.495 | 0.9s
  Epoch 313/800 | Total: 1.851 Edge: 0.334 Con: 0.063 Cls: 1.517 | 1.1s
  Epoch 314/800 | Total: 1.914 Edge: 0.338 Con: 0.062 Cls: 1.576 | 1.1s
  Epoch 315/800 | Total: 2.028 Edge: 0.356 Con: 0.065 Cls: 1.672 | Val F1: 0.3159 | 1.1s
  Epoch 316/800 | Total: 1.942 Edge: 0.355 Con: 0.064 Cls: 1.587 | 0.9s
  Epoch 317/800 | Total: 1.888 Edge: 0.343 Con: 0.063 Cls: 1.545 | 1.1s
  Epoch 318/800 | Total: 1.843 Edge: 0.337 Con: 0.064 Cls: 1.506 | 0.9s
  Epoch 319/800 | Total: 1.844 Edge: 0.330 Con: 0.062 Cls: 1.514 | 1.0s
  Epoch 320/800 | Total: 1.875 Edge: 0.336 Con: 0.063 Cls: 1.540 | Val F1: 0.3401 | 1.0s
  Epoch 321/800 | Total: 1.868 Edge: 0.344 Con: 0.063 Cls: 1.524 | 1.0s
  Epoch 322/800 | Total: 1.853 Edge: 0.334 Con: 0.063 Cls: 1.519 | 1.0s
  Epoch 323/800 | Total: 1.861 Edge: 0.335 Con: 0.063 Cls: 1.527 | 1.1s
  Epoch 324/800 | Total: 1.881 Edge: 0.335 Con: 0.062 Cls: 1.547 | 1.1s
  Epoch 325/800 | Total: 1.861 Edge: 0.333 Con: 0.062 Cls: 1.527 | Val F1: 0.3445 | 1.1s
  Epoch 326/800 | Total: 1.844 Edge: 0.334 Con: 0.062 Cls: 1.510 | 1.1s
  Epoch 327/800 | Total: 1.882 Edge: 0.330 Con: 0.062 Cls: 1.551 | 1.1s
  Epoch 328/800 | Total: 1.862 Edge: 0.336 Con: 0.062 Cls: 1.526 | 1.2s
  Epoch 329/800 | Total: 1.834 Edge: 0.332 Con: 0.063 Cls: 1.502 | 1.2s
  Epoch 330/800 | Total: 1.839 Edge: 0.331 Con: 0.062 Cls: 1.508 | Val F1: 0.3516 | 1.1s
  Epoch 331/800 | Total: 1.830 Edge: 0.328 Con: 0.062 Cls: 1.502 | 1.3s
  Epoch 332/800 | Total: 1.825 Edge: 0.326 Con: 0.061 Cls: 1.499 | 1.2s
  Epoch 333/800 | Total: 1.821 Edge: 0.323 Con: 0.061 Cls: 1.498 | 1.1s
  Epoch 334/800 | Total: 1.827 Edge: 0.326 Con: 0.061 Cls: 1.501 | 1.2s
  Epoch 335/800 | Total: 1.827 Edge: 0.331 Con: 0.060 Cls: 1.496 | Val F1: 0.3459 | 1.1s
  Epoch 336/800 | Total: 1.839 Edge: 0.335 Con: 0.060 Cls: 1.503 | 1.1s
  Epoch 337/800 | Total: 1.840 Edge: 0.329 Con: 0.062 Cls: 1.511 | 0.9s
  Epoch 338/800 | Total: 1.838 Edge: 0.330 Con: 0.061 Cls: 1.508 | 0.9s
  Epoch 339/800 | Total: 1.833 Edge: 0.327 Con: 0.061 Cls: 1.506 | 1.0s
  Epoch 340/800 | Total: 1.831 Edge: 0.325 Con: 0.061 Cls: 1.507 | Val F1: 0.3521 | 0.9s
  Epoch 341/800 | Total: 1.853 Edge: 0.334 Con: 0.062 Cls: 1.519 | 1.0s
  Epoch 342/800 | Total: 1.845 Edge: 0.337 Con: 0.062 Cls: 1.507 | 0.8s
  Epoch 343/800 | Total: 1.874 Edge: 0.331 Con: 0.061 Cls: 1.543 | 0.9s
  Epoch 344/800 | Total: 1.878 Edge: 0.330 Con: 0.062 Cls: 1.548 | 1.0s
  Epoch 345/800 | Total: 1.866 Edge: 0.332 Con: 0.062 Cls: 1.534 | Val F1: 0.3428 | 0.8s
  Epoch 346/800 | Total: 1.842 Edge: 0.331 Con: 0.061 Cls: 1.511 | 0.8s
  Epoch 347/800 | Total: 1.823 Edge: 0.328 Con: 0.061 Cls: 1.495 | 1.0s
  Epoch 348/800 | Total: 1.862 Edge: 0.331 Con: 0.061 Cls: 1.531 | 0.8s
  Epoch 349/800 | Total: 1.845 Edge: 0.333 Con: 0.061 Cls: 1.512 | 0.9s
  Epoch 350/800 | Total: 1.845 Edge: 0.332 Con: 0.061 Cls: 1.513 | Val F1: 0.3499 | 0.9s
  Epoch 351/800 | Total: 1.840 Edge: 0.332 Con: 0.063 Cls: 1.508 | 0.8s
  Epoch 352/800 | Total: 1.844 Edge: 0.332 Con: 0.063 Cls: 1.512 | 0.7s
  Epoch 353/800 | Total: 1.849 Edge: 0.329 Con: 0.062 Cls: 1.521 | 0.9s
  Epoch 354/800 | Total: 1.892 Edge: 0.334 Con: 0.062 Cls: 1.558 | 0.8s
  Epoch 355/800 | Total: 1.870 Edge: 0.332 Con: 0.062 Cls: 1.538 | Val F1: 0.3420 | 0.9s
  Epoch 356/800 | Total: 1.879 Edge: 0.330 Con: 0.061 Cls: 1.549 | 0.8s
  Epoch 357/800 | Total: 1.853 Edge: 0.332 Con: 0.061 Cls: 1.521 | 0.8s
  Epoch 358/800 | Total: 1.828 Edge: 0.334 Con: 0.061 Cls: 1.494 | 0.7s
  Epoch 359/800 | Total: 1.835 Edge: 0.341 Con: 0.060 Cls: 1.494 | 0.9s
  Epoch 360/800 | Total: 1.830 Edge: 0.338 Con: 0.061 Cls: 1.492 | Val F1: 0.3499 | 0.9s
  Epoch 361/800 | Total: 1.837 Edge: 0.333 Con: 0.060 Cls: 1.505 | 0.9s
  Epoch 362/800 | Total: 1.853 Edge: 0.327 Con: 0.060 Cls: 1.526 | 0.7s
  Epoch 363/800 | Total: 1.834 Edge: 0.329 Con: 0.061 Cls: 1.505 | 0.9s
  Epoch 364/800 | Total: 1.837 Edge: 0.333 Con: 0.061 Cls: 1.503 | 0.7s
  Epoch 365/800 | Total: 1.865 Edge: 0.347 Con: 0.062 Cls: 1.517 | Val F1: 0.3337 | 0.8s
  Epoch 366/800 | Total: 1.862 Edge: 0.344 Con: 0.063 Cls: 1.518 | 0.8s
  Epoch 367/800 | Total: 1.843 Edge: 0.330 Con: 0.062 Cls: 1.513 | 0.9s
  Epoch 368/800 | Total: 1.842 Edge: 0.332 Con: 0.062 Cls: 1.510 | 0.7s
  Epoch 369/800 | Total: 1.832 Edge: 0.327 Con: 0.061 Cls: 1.505 | 0.8s
  Epoch 370/800 | Total: 1.833 Edge: 0.326 Con: 0.060 Cls: 1.507 | Val F1: 0.3457 | 0.9s
  Epoch 371/800 | Total: 1.842 Edge: 0.327 Con: 0.060 Cls: 1.515 | 0.8s
  Epoch 372/800 | Total: 1.846 Edge: 0.330 Con: 0.061 Cls: 1.515 | 0.8s
  Epoch 373/800 | Total: 1.863 Edge: 0.331 Con: 0.062 Cls: 1.533 | 0.9s
  Epoch 374/800 | Total: 1.893 Edge: 0.331 Con: 0.061 Cls: 1.562 | 0.8s
  Epoch 375/800 | Total: 1.875 Edge: 0.329 Con: 0.063 Cls: 1.546 | Val F1: 0.3356 | 0.9s
  Epoch 376/800 | Total: 1.858 Edge: 0.327 Con: 0.060 Cls: 1.532 | 0.8s
  Epoch 377/800 | Total: 1.841 Edge: 0.329 Con: 0.061 Cls: 1.512 | 0.7s
  Epoch 378/800 | Total: 1.840 Edge: 0.330 Con: 0.061 Cls: 1.509 | 0.8s
  Epoch 379/800 | Total: 1.842 Edge: 0.330 Con: 0.061 Cls: 1.513 | 0.9s
  Epoch 380/800 | Total: 1.863 Edge: 0.338 Con: 0.060 Cls: 1.525 | Val F1: 0.3206 | 0.9s
  Epoch 381/800 | Total: 1.875 Edge: 0.334 Con: 0.061 Cls: 1.541 | 0.8s
  Epoch 382/800 | Total: 1.828 Edge: 0.334 Con: 0.061 Cls: 1.494 | 0.8s
  Epoch 383/800 | Total: 1.828 Edge: 0.330 Con: 0.060 Cls: 1.498 | 0.9s
  Epoch 384/800 | Total: 1.819 Edge: 0.324 Con: 0.060 Cls: 1.494 | 0.9s
  Epoch 385/800 | Total: 1.808 Edge: 0.321 Con: 0.060 Cls: 1.487 | Val F1: 0.3595 | 0.8s
  Epoch 386/800 | Total: 1.799 Edge: 0.323 Con: 0.059 Cls: 1.476 | 0.9s
  Epoch 387/800 | Total: 1.809 Edge: 0.322 Con: 0.060 Cls: 1.487 | 0.9s
  Epoch 388/800 | Total: 1.834 Edge: 0.328 Con: 0.059 Cls: 1.506 | 0.8s
  Epoch 389/800 | Total: 1.838 Edge: 0.329 Con: 0.061 Cls: 1.510 | 0.8s
  Epoch 390/800 | Total: 1.836 Edge: 0.328 Con: 0.060 Cls: 1.508 | Val F1: 0.3480 | 1.0s
  Epoch 391/800 | Total: 1.862 Edge: 0.328 Con: 0.060 Cls: 1.534 | 0.9s
  Epoch 392/800 | Total: 1.887 Edge: 0.346 Con: 0.063 Cls: 1.541 | 0.9s
  Epoch 393/800 | Total: 1.841 Edge: 0.330 Con: 0.063 Cls: 1.511 | 0.8s
  Epoch 394/800 | Total: 1.823 Edge: 0.330 Con: 0.061 Cls: 1.492 | 0.8s
  Epoch 395/800 | Total: 1.827 Edge: 0.327 Con: 0.061 Cls: 1.500 | Val F1: 0.3519 | 0.8s
  Epoch 396/800 | Total: 1.847 Edge: 0.325 Con: 0.061 Cls: 1.522 | 0.9s
  Epoch 397/800 | Total: 1.844 Edge: 0.331 Con: 0.062 Cls: 1.514 | 1.0s
  Epoch 398/800 | Total: 1.866 Edge: 0.329 Con: 0.059 Cls: 1.537 | 1.1s
  Epoch 399/800 | Total: 1.898 Edge: 0.340 Con: 0.060 Cls: 1.558 | 1.1s
  Epoch 400/800 | Total: 1.837 Edge: 0.332 Con: 0.060 Cls: 1.505 | Val F1: 0.3350 | 1.2s
  Epoch 401/800 | Total: 1.887 Edge: 0.333 Con: 0.059 Cls: 1.554 | 0.9s
  Epoch 402/800 | Total: 1.845 Edge: 0.333 Con: 0.061 Cls: 1.511 | 0.8s
  Epoch 403/800 | Total: 1.841 Edge: 0.338 Con: 0.060 Cls: 1.503 | 0.9s
  Epoch 404/800 | Total: 1.839 Edge: 0.336 Con: 0.061 Cls: 1.503 | 0.8s
  Epoch 405/800 | Total: 1.864 Edge: 0.339 Con: 0.062 Cls: 1.525 | Val F1: 0.3351 | 0.9s
  Epoch 406/800 | Total: 1.821 Edge: 0.327 Con: 0.062 Cls: 1.495 | 0.9s
  Epoch 407/800 | Total: 1.820 Edge: 0.325 Con: 0.061 Cls: 1.494 | 0.8s
  Epoch 408/800 | Total: 1.832 Edge: 0.326 Con: 0.060 Cls: 1.506 | 0.8s
  Epoch 409/800 | Total: 1.827 Edge: 0.324 Con: 0.061 Cls: 1.503 | 0.9s
  Epoch 410/800 | Total: 1.844 Edge: 0.325 Con: 0.059 Cls: 1.518 | Val F1: 0.3460 | 0.9s
  Epoch 411/800 | Total: 1.815 Edge: 0.322 Con: 0.060 Cls: 1.493 | 0.9s
  Epoch 412/800 | Total: 1.823 Edge: 0.324 Con: 0.059 Cls: 1.499 | 0.7s
  Epoch 413/800 | Total: 1.835 Edge: 0.327 Con: 0.061 Cls: 1.508 | 0.7s
  Epoch 414/800 | Total: 1.823 Edge: 0.325 Con: 0.060 Cls: 1.498 | 0.7s
  Epoch 415/800 | Total: 1.816 Edge: 0.324 Con: 0.060 Cls: 1.492 | Val F1: 0.3510 | 0.7s
  Epoch 416/800 | Total: 1.838 Edge: 0.322 Con: 0.060 Cls: 1.516 | 0.9s
  Epoch 417/800 | Total: 1.850 Edge: 0.331 Con: 0.060 Cls: 1.519 | 0.8s
  Epoch 418/800 | Total: 1.838 Edge: 0.328 Con: 0.060 Cls: 1.509 | 0.8s
  Epoch 419/800 | Total: 1.844 Edge: 0.333 Con: 0.060 Cls: 1.511 | 0.9s
  Epoch 420/800 | Total: 1.859 Edge: 0.338 Con: 0.061 Cls: 1.521 | Val F1: 0.3379 | 0.7s
  Epoch 421/800 | Total: 1.891 Edge: 0.334 Con: 0.061 Cls: 1.557 | 0.7s
  Epoch 422/800 | Total: 1.868 Edge: 0.337 Con: 0.061 Cls: 1.531 | 0.9s
  Epoch 423/800 | Total: 1.817 Edge: 0.328 Con: 0.060 Cls: 1.489 | 0.7s
  Epoch 424/800 | Total: 1.816 Edge: 0.325 Con: 0.060 Cls: 1.491 | 0.7s
  Epoch 425/800 | Total: 1.814 Edge: 0.323 Con: 0.060 Cls: 1.491 | Val F1: 0.3495 | 0.9s
  Epoch 426/800 | Total: 1.823 Edge: 0.324 Con: 0.060 Cls: 1.499 | 0.7s
  Epoch 427/800 | Total: 1.812 Edge: 0.323 Con: 0.059 Cls: 1.489 | 0.7s
  Epoch 428/800 | Total: 1.800 Edge: 0.319 Con: 0.059 Cls: 1.481 | 0.7s
  Epoch 429/800 | Total: 1.804 Edge: 0.318 Con: 0.060 Cls: 1.486 | 0.7s
  Epoch 430/800 | Total: 1.816 Edge: 0.323 Con: 0.059 Cls: 1.493 | Val F1: 0.3611 | 0.9s
  Epoch 431/800 | Total: 1.832 Edge: 0.323 Con: 0.060 Cls: 1.509 | 0.7s
  Epoch 432/800 | Total: 1.831 Edge: 0.329 Con: 0.059 Cls: 1.502 | 0.7s
  Epoch 433/800 | Total: 1.875 Edge: 0.332 Con: 0.060 Cls: 1.543 | 0.7s
  Epoch 434/800 | Total: 1.839 Edge: 0.332 Con: 0.061 Cls: 1.507 | 0.7s
  Epoch 435/800 | Total: 1.824 Edge: 0.327 Con: 0.062 Cls: 1.497 | Val F1: 0.3471 | 0.8s
  Epoch 436/800 | Total: 1.834 Edge: 0.326 Con: 0.059 Cls: 1.509 | 0.8s
  Epoch 437/800 | Total: 1.832 Edge: 0.322 Con: 0.060 Cls: 1.510 | 0.7s
  Epoch 438/800 | Total: 1.819 Edge: 0.326 Con: 0.059 Cls: 1.493 | 0.7s
  Epoch 439/800 | Total: 1.807 Edge: 0.324 Con: 0.059 Cls: 1.482 | 0.9s
  Epoch 440/800 | Total: 1.810 Edge: 0.325 Con: 0.059 Cls: 1.485 | Val F1: 0.3551 | 0.7s
  Epoch 441/800 | Total: 1.798 Edge: 0.321 Con: 0.059 Cls: 1.477 | 0.9s
  Epoch 442/800 | Total: 1.810 Edge: 0.321 Con: 0.059 Cls: 1.489 | 0.7s
  Epoch 443/800 | Total: 1.830 Edge: 0.327 Con: 0.059 Cls: 1.504 | 0.8s
  Epoch 444/800 | Total: 1.827 Edge: 0.328 Con: 0.059 Cls: 1.499 | 0.7s
  Epoch 445/800 | Total: 1.816 Edge: 0.325 Con: 0.059 Cls: 1.490 | Val F1: 0.3352 | 0.8s
  Epoch 446/800 | Total: 1.834 Edge: 0.326 Con: 0.059 Cls: 1.509 | 0.7s
  Epoch 447/800 | Total: 1.809 Edge: 0.320 Con: 0.059 Cls: 1.489 | 0.8s
  Epoch 448/800 | Total: 1.825 Edge: 0.325 Con: 0.060 Cls: 1.500 | 0.7s
  Epoch 449/800 | Total: 1.830 Edge: 0.327 Con: 0.059 Cls: 1.503 | 0.8s
  Epoch 450/800 | Total: 1.826 Edge: 0.327 Con: 0.058 Cls: 1.499 | Val F1: 0.3531 | 0.9s
  Epoch 451/800 | Total: 1.807 Edge: 0.332 Con: 0.061 Cls: 1.475 | 0.8s
  Epoch 452/800 | Total: 1.826 Edge: 0.337 Con: 0.060 Cls: 1.489 | 0.8s
  Epoch 453/800 | Total: 1.827 Edge: 0.329 Con: 0.059 Cls: 1.498 | 0.9s
  Epoch 454/800 | Total: 1.810 Edge: 0.326 Con: 0.061 Cls: 1.485 | 0.9s
  Epoch 455/800 | Total: 1.807 Edge: 0.325 Con: 0.059 Cls: 1.482 | Val F1: 0.3489 | 0.9s
  Epoch 456/800 | Total: 1.813 Edge: 0.321 Con: 0.059 Cls: 1.492 | 0.8s
  Epoch 457/800 | Total: 1.811 Edge: 0.320 Con: 0.059 Cls: 1.490 | 0.9s
  Epoch 458/800 | Total: 1.829 Edge: 0.322 Con: 0.059 Cls: 1.506 | 0.7s
  Epoch 459/800 | Total: 1.809 Edge: 0.322 Con: 0.060 Cls: 1.487 | 1.0s
  Epoch 460/800 | Total: 1.815 Edge: 0.321 Con: 0.059 Cls: 1.494 | Val F1: 0.3353 | 0.8s
  Epoch 461/800 | Total: 1.822 Edge: 0.323 Con: 0.058 Cls: 1.499 | 0.9s
  Epoch 462/800 | Total: 1.824 Edge: 0.323 Con: 0.059 Cls: 1.502 | 0.7s
  Epoch 463/800 | Total: 1.825 Edge: 0.322 Con: 0.057 Cls: 1.503 | 0.8s
  Epoch 464/800 | Total: 1.814 Edge: 0.327 Con: 0.060 Cls: 1.487 | 0.7s
  Epoch 465/800 | Total: 1.833 Edge: 0.332 Con: 0.059 Cls: 1.501 | Val F1: 0.3267 | 0.9s
  Epoch 466/800 | Total: 1.845 Edge: 0.340 Con: 0.059 Cls: 1.505 | 0.8s
  Epoch 467/800 | Total: 1.825 Edge: 0.332 Con: 0.062 Cls: 1.493 | 0.9s
  Epoch 468/800 | Total: 1.861 Edge: 0.331 Con: 0.061 Cls: 1.530 | 0.8s
  Epoch 469/800 | Total: 1.833 Edge: 0.332 Con: 0.062 Cls: 1.501 | 0.8s
  Epoch 470/800 | Total: 1.832 Edge: 0.328 Con: 0.060 Cls: 1.504 | Val F1: 0.3361 | 0.7s
  Epoch 471/800 | Total: 1.835 Edge: 0.327 Con: 0.060 Cls: 1.508 | 0.8s
  Epoch 472/800 | Total: 1.841 Edge: 0.326 Con: 0.061 Cls: 1.515 | 0.8s
  Epoch 473/800 | Total: 1.848 Edge: 0.331 Con: 0.060 Cls: 1.517 | 0.7s
  Epoch 474/800 | Total: 1.826 Edge: 0.325 Con: 0.059 Cls: 1.501 | 0.7s
  Epoch 475/800 | Total: 1.815 Edge: 0.330 Con: 0.058 Cls: 1.485 | Val F1: 0.3534 | 0.9s
  Epoch 476/800 | Total: 1.819 Edge: 0.327 Con: 0.061 Cls: 1.492 | 0.7s
  Epoch 477/800 | Total: 1.813 Edge: 0.328 Con: 0.058 Cls: 1.485 | 0.8s
  Epoch 478/800 | Total: 1.812 Edge: 0.329 Con: 0.059 Cls: 1.483 | 0.7s
  Epoch 479/800 | Total: 1.834 Edge: 0.325 Con: 0.058 Cls: 1.509 | 0.8s
  Epoch 480/800 | Total: 1.823 Edge: 0.321 Con: 0.058 Cls: 1.502 | Val F1: 0.3696 | 0.8s
  Epoch 481/800 | Total: 1.807 Edge: 0.320 Con: 0.057 Cls: 1.487 | 0.9s
  Epoch 482/800 | Total: 1.808 Edge: 0.320 Con: 0.058 Cls: 1.487 | 0.8s
  Epoch 483/800 | Total: 1.809 Edge: 0.324 Con: 0.058 Cls: 1.485 | 1.0s
  Epoch 484/800 | Total: 1.821 Edge: 0.325 Con: 0.057 Cls: 1.496 | 0.8s
  Epoch 485/800 | Total: 1.835 Edge: 0.331 Con: 0.059 Cls: 1.505 | Val F1: 0.3455 | 0.8s
  Epoch 486/800 | Total: 1.820 Edge: 0.328 Con: 0.059 Cls: 1.492 | 1.0s
  Epoch 487/800 | Total: 1.812 Edge: 0.328 Con: 0.059 Cls: 1.484 | 0.8s
  Epoch 488/800 | Total: 1.812 Edge: 0.329 Con: 0.061 Cls: 1.483 | 0.8s
  Epoch 489/800 | Total: 1.841 Edge: 0.325 Con: 0.059 Cls: 1.516 | 0.9s
  Epoch 490/800 | Total: 1.821 Edge: 0.323 Con: 0.060 Cls: 1.497 | Val F1: 0.3424 | 0.9s
  Epoch 491/800 | Total: 1.810 Edge: 0.322 Con: 0.058 Cls: 1.489 | 0.9s
  Epoch 492/800 | Total: 1.802 Edge: 0.321 Con: 0.059 Cls: 1.480 | 0.9s
  Epoch 493/800 | Total: 1.797 Edge: 0.319 Con: 0.059 Cls: 1.478 | 0.9s
  Epoch 494/800 | Total: 1.813 Edge: 0.326 Con: 0.059 Cls: 1.487 | 0.8s
  Epoch 495/800 | Total: 1.815 Edge: 0.332 Con: 0.059 Cls: 1.483 | Val F1: 0.3446 | 1.0s
  Epoch 496/800 | Total: 1.815 Edge: 0.330 Con: 0.060 Cls: 1.485 | 1.0s
  Epoch 497/800 | Total: 1.821 Edge: 0.327 Con: 0.060 Cls: 1.494 | 0.9s
  Epoch 498/800 | Total: 1.815 Edge: 0.323 Con: 0.059 Cls: 1.493 | 1.1s
  Epoch 499/800 | Total: 1.856 Edge: 0.329 Con: 0.059 Cls: 1.527 | 1.1s
  Epoch 500/800 | Total: 1.885 Edge: 0.339 Con: 0.059 Cls: 1.545 | Val F1: 0.3390 | 1.1s
  Epoch 501/800 | Total: 1.836 Edge: 0.329 Con: 0.060 Cls: 1.506 | 1.1s
  Epoch 502/800 | Total: 1.829 Edge: 0.333 Con: 0.060 Cls: 1.496 | 0.8s
  Epoch 503/800 | Total: 1.814 Edge: 0.326 Con: 0.059 Cls: 1.488 | 0.8s
  Epoch 504/800 | Total: 1.790 Edge: 0.322 Con: 0.059 Cls: 1.468 | 0.8s
  Epoch 505/800 | Total: 1.784 Edge: 0.318 Con: 0.059 Cls: 1.466 | Val F1: 0.3474 | 0.9s
  Epoch 506/800 | Total: 1.820 Edge: 0.324 Con: 0.059 Cls: 1.496 | 0.8s
  Epoch 507/800 | Total: 1.829 Edge: 0.331 Con: 0.059 Cls: 1.497 | 0.8s
  Epoch 508/800 | Total: 1.910 Edge: 0.338 Con: 0.061 Cls: 1.572 | 0.8s
  Epoch 509/800 | Total: 1.942 Edge: 0.357 Con: 0.060 Cls: 1.585 | 0.9s
  Epoch 510/800 | Total: 1.877 Edge: 0.357 Con: 0.059 Cls: 1.520 | Val F1: 0.3277 | 0.8s
  Epoch 511/800 | Total: 1.849 Edge: 0.336 Con: 0.059 Cls: 1.513 | 0.9s
  Epoch 512/800 | Total: 1.837 Edge: 0.333 Con: 0.059 Cls: 1.504 | 0.8s
  Epoch 513/800 | Total: 1.814 Edge: 0.322 Con: 0.058 Cls: 1.492 | 0.7s
  Epoch 514/800 | Total: 1.815 Edge: 0.323 Con: 0.058 Cls: 1.493 | 0.7s
  Epoch 515/800 | Total: 1.808 Edge: 0.324 Con: 0.058 Cls: 1.484 | Val F1: 0.3422 | 0.7s
  Epoch 516/800 | Total: 1.804 Edge: 0.321 Con: 0.058 Cls: 1.483 | 0.7s
  Epoch 517/800 | Total: 1.808 Edge: 0.323 Con: 0.058 Cls: 1.485 | 0.9s
  Epoch 518/800 | Total: 1.814 Edge: 0.324 Con: 0.058 Cls: 1.490 | 0.7s
  Epoch 519/800 | Total: 1.807 Edge: 0.320 Con: 0.058 Cls: 1.488 | 0.7s
  Epoch 520/800 | Total: 1.806 Edge: 0.321 Con: 0.057 Cls: 1.484 | Val F1: 0.3527 | 0.9s
  Epoch 521/800 | Total: 1.815 Edge: 0.325 Con: 0.057 Cls: 1.491 | 0.8s
  Epoch 522/800 | Total: 1.810 Edge: 0.322 Con: 0.058 Cls: 1.489 | 0.8s
  Epoch 523/800 | Total: 1.808 Edge: 0.320 Con: 0.057 Cls: 1.488 | 0.9s
  Epoch 524/800 | Total: 1.806 Edge: 0.321 Con: 0.058 Cls: 1.486 | 0.7s
  Epoch 525/800 | Total: 1.829 Edge: 0.319 Con: 0.057 Cls: 1.510 | Val F1: 0.3547 | 0.7s
  Epoch 526/800 | Total: 1.820 Edge: 0.322 Con: 0.057 Cls: 1.499 | 0.9s
  Epoch 527/800 | Total: 1.832 Edge: 0.322 Con: 0.058 Cls: 1.510 | 0.7s
  Epoch 528/800 | Total: 1.827 Edge: 0.327 Con: 0.059 Cls: 1.500 | 0.8s
  Epoch 529/800 | Total: 1.805 Edge: 0.324 Con: 0.058 Cls: 1.481 | 0.8s
  Epoch 530/800 | Total: 1.807 Edge: 0.319 Con: 0.057 Cls: 1.489 | Val F1: 0.3573 | 0.8s
  Epoch 531/800 | Total: 1.797 Edge: 0.324 Con: 0.057 Cls: 1.473 | 0.7s
  Epoch 532/800 | Total: 1.794 Edge: 0.320 Con: 0.056 Cls: 1.474 | 0.7s
  Epoch 533/800 | Total: 1.818 Edge: 0.319 Con: 0.056 Cls: 1.499 | 0.9s
  Epoch 534/800 | Total: 1.824 Edge: 0.320 Con: 0.055 Cls: 1.503 | 0.8s
  Epoch 535/800 | Total: 1.805 Edge: 0.321 Con: 0.056 Cls: 1.484 | Val F1: 0.3491 | 0.9s
  Epoch 536/800 | Total: 1.816 Edge: 0.321 Con: 0.057 Cls: 1.495 | 0.7s
  Epoch 537/800 | Total: 1.820 Edge: 0.319 Con: 0.057 Cls: 1.501 | 0.7s
  Epoch 538/800 | Total: 1.808 Edge: 0.318 Con: 0.057 Cls: 1.490 | 0.8s
  Epoch 539/800 | Total: 1.825 Edge: 0.321 Con: 0.056 Cls: 1.504 | 0.8s
  Epoch 540/800 | Total: 1.817 Edge: 0.330 Con: 0.058 Cls: 1.487 | Val F1: 0.3566 | 0.7s
  Epoch 541/800 | Total: 1.804 Edge: 0.322 Con: 0.058 Cls: 1.482 | 0.8s
  Epoch 542/800 | Total: 1.815 Edge: 0.329 Con: 0.058 Cls: 1.486 | 0.7s
  Epoch 543/800 | Total: 1.802 Edge: 0.322 Con: 0.057 Cls: 1.480 | 0.9s
  Epoch 544/800 | Total: 1.781 Edge: 0.317 Con: 0.058 Cls: 1.464 | 0.7s
  Epoch 545/800 | Total: 1.808 Edge: 0.323 Con: 0.058 Cls: 1.485 | Val F1: 0.3577 | 0.8s
  Epoch 546/800 | Total: 1.822 Edge: 0.325 Con: 0.059 Cls: 1.497 | 0.7s
  Epoch 547/800 | Total: 1.837 Edge: 0.321 Con: 0.059 Cls: 1.515 | 0.9s
  Epoch 548/800 | Total: 1.836 Edge: 0.326 Con: 0.058 Cls: 1.510 | 0.7s
  Epoch 549/800 | Total: 1.824 Edge: 0.327 Con: 0.060 Cls: 1.497 | 0.7s
  Epoch 550/800 | Total: 1.836 Edge: 0.327 Con: 0.057 Cls: 1.509 | Val F1: 0.3494 | 0.8s
  Epoch 551/800 | Total: 1.823 Edge: 0.322 Con: 0.057 Cls: 1.501 | 0.9s
  Epoch 552/800 | Total: 1.811 Edge: 0.326 Con: 0.058 Cls: 1.484 | 0.8s
  Epoch 553/800 | Total: 1.830 Edge: 0.325 Con: 0.058 Cls: 1.505 | 0.7s
  Epoch 554/800 | Total: 1.842 Edge: 0.330 Con: 0.058 Cls: 1.512 | 0.7s
  Epoch 555/800 | Total: 1.824 Edge: 0.329 Con: 0.057 Cls: 1.495 | Val F1: 0.3297 | 0.7s
  Epoch 556/800 | Total: 1.826 Edge: 0.328 Con: 0.056 Cls: 1.498 | 0.8s
  Epoch 557/800 | Total: 1.821 Edge: 0.325 Con: 0.058 Cls: 1.496 | 0.9s
  Epoch 558/800 | Total: 1.849 Edge: 0.324 Con: 0.058 Cls: 1.525 | 0.9s
  Epoch 559/800 | Total: 1.809 Edge: 0.322 Con: 0.057 Cls: 1.488 | 0.8s
  Epoch 560/800 | Total: 1.809 Edge: 0.324 Con: 0.058 Cls: 1.486 | Val F1: 0.3434 | 0.8s
  Epoch 561/800 | Total: 1.817 Edge: 0.321 Con: 0.057 Cls: 1.496 | 0.8s
  Epoch 562/800 | Total: 1.811 Edge: 0.320 Con: 0.057 Cls: 1.491 | 0.9s
  Epoch 563/800 | Total: 1.807 Edge: 0.323 Con: 0.057 Cls: 1.484 | 0.7s
  Epoch 564/800 | Total: 1.801 Edge: 0.327 Con: 0.056 Cls: 1.474 | 0.9s
  Epoch 565/800 | Total: 1.788 Edge: 0.320 Con: 0.057 Cls: 1.468 | Val F1: 0.3548 | 0.8s
  Epoch 566/800 | Total: 1.788 Edge: 0.321 Con: 0.056 Cls: 1.467 | 0.8s
  Epoch 567/800 | Total: 1.791 Edge: 0.320 Con: 0.056 Cls: 1.471 | 0.8s
  Epoch 568/800 | Total: 1.826 Edge: 0.322 Con: 0.057 Cls: 1.504 | 0.8s
  Epoch 569/800 | Total: 1.798 Edge: 0.319 Con: 0.056 Cls: 1.479 | 0.7s
  Epoch 570/800 | Total: 1.795 Edge: 0.318 Con: 0.056 Cls: 1.478 | Val F1: 0.3520 | 0.9s
  Epoch 571/800 | Total: 1.793 Edge: 0.318 Con: 0.057 Cls: 1.475 | 0.8s
  Epoch 572/800 | Total: 1.809 Edge: 0.323 Con: 0.056 Cls: 1.486 | 0.8s
  Epoch 573/800 | Total: 1.801 Edge: 0.323 Con: 0.057 Cls: 1.478 | 0.8s
  Epoch 574/800 | Total: 1.811 Edge: 0.324 Con: 0.058 Cls: 1.487 | 0.8s
  Epoch 575/800 | Total: 1.832 Edge: 0.327 Con: 0.058 Cls: 1.505 | Val F1: 0.3485 | 0.8s
  Epoch 576/800 | Total: 1.804 Edge: 0.321 Con: 0.057 Cls: 1.483 | 0.9s
  Epoch 577/800 | Total: 1.838 Edge: 0.331 Con: 0.057 Cls: 1.507 | 0.7s
  Epoch 578/800 | Total: 1.864 Edge: 0.342 Con: 0.059 Cls: 1.522 | 0.8s
  Epoch 579/800 | Total: 1.872 Edge: 0.334 Con: 0.057 Cls: 1.538 | 0.9s
  Epoch 580/800 | Total: 1.830 Edge: 0.329 Con: 0.058 Cls: 1.500 | Val F1: 0.3555 | 0.8s
  Early stopping at epoch 580
  Best Val F1: 0.3696 | Test F1: 0.3748
  Total training time: 632.4s (10.5 min)

======================================================================
  Val  Macro-F1: 0.3696
  Test Macro-F1: 0.3748
  Test Accuracy: 0.6184
  Time: 634.0s
======================================================================

  Results saved to: results/NESS_ogbn-arxiv_MCAR_0.8_20260723_111830
