/home/erfan/MATE/venv/lib/python3.13/site-packages/outdated/__init__.py:36: UserWarning: pkg_resources is deprecated as an API. See https://setuptools.pypa.io/en/latest/pkg_resources.html. The pkg_resources package is slated for removal as early as 2025-11-30. Refrain from using this package or pin to Setuptools<81.
  from pkg_resources import parse_version
/home/erfan/MATE/ogbn_benchmarks/data_loader.py:96: UserWarning: Sparse invariant checks are implicitly disabled. Memory errors (e.g. SEGFAULT) will occur when operating on a sparse tensor which violates the invariants, but checks incur performance overhead. To silence this warning, explicitly opt in or out. See `torch.sparse.check_sparse_tensor_invariants.__doc__` for guidance.  (Triggered internally at /pytorch/aten/src/ATen/Context.cpp:760.)
  adj = torch.sparse_coo_tensor(edge_index, vals, (num_nodes, num_nodes)).coalesce()
======================================================================
  NESS | ogbn-arxiv | MCAR @ 80% | lr=0.001
======================================================================
[1/3] Loading ogbn-arxiv...
  169,343 nodes | 128 dims | 40 classes
[2/3] Simulating MCAR missingness...
Simulating MCAR missingness at 80% rate...
  MCAR: Uniform random selection
  Observable: 33,869 (20.0%)
  Masked: 135,474 (80.0%)
  Observable: 33,869 | Val: 67,737 | Test: 67,737
[3/3] Running NESS...
  Prefilling missing nodes via Feature Propagation (40 iters)...
  Partitioning graph into 20 clusters (cache_device=gpu)...
  Cached 20 clusters
  Training NESS for up to 800 epochs (patience=20)...
  Epoch 1/800 | Total: 5.503 Edge: 0.675 Con: 0.620 Cls: 3.518 Path: 0.6900 | 11.0s
  Epoch 2/800 | Total: 4.843 Edge: 0.606 Con: 0.444 Cls: 3.117 Path: 0.6765 | 1.2s
  Epoch 3/800 | Total: 4.661 Edge: 0.593 Con: 0.383 Cls: 3.019 Path: 0.6670 | 1.2s
  Epoch 4/800 | Total: 4.539 Edge: 0.579 Con: 0.351 Cls: 2.945 Path: 0.6636 | 1.6s
  Epoch 5/800 | Total: 4.442 Edge: 0.574 Con: 0.331 Cls: 2.876 Path: 0.6602 | Val F1: 0.0150 | 1.6s
  Epoch 6/800 | Total: 4.366 Edge: 0.574 Con: 0.320 Cls: 2.815 Path: 0.6574 | 1.3s
  Epoch 7/800 | Total: 4.184 Edge: 0.572 Con: 0.305 Cls: 2.648 Path: 0.6591 | 1.2s
  Epoch 8/800 | Total: 4.010 Edge: 0.549 Con: 0.291 Cls: 2.529 Path: 0.6407 | 1.0s
  Epoch 9/800 | Total: 3.880 Edge: 0.538 Con: 0.280 Cls: 2.422 Path: 0.6396 | 1.0s
  Epoch 10/800 | Total: 3.797 Edge: 0.530 Con: 0.273 Cls: 2.368 Path: 0.6261 | Val F1: 0.0673 | 1.1s
  Epoch 11/800 | Total: 3.710 Edge: 0.524 Con: 0.272 Cls: 2.297 Path: 0.6166 | 1.2s
  Epoch 12/800 | Total: 3.647 Edge: 0.519 Con: 0.265 Cls: 2.246 Path: 0.6165 | 1.2s
  Epoch 13/800 | Total: 3.564 Edge: 0.519 Con: 0.260 Cls: 2.171 Path: 0.6142 | 1.2s
  Epoch 14/800 | Total: 3.526 Edge: 0.513 Con: 0.256 Cls: 2.149 Path: 0.6077 | 1.0s
  Epoch 15/800 | Total: 3.477 Edge: 0.503 Con: 0.256 Cls: 2.122 Path: 0.5954 | Val F1: 0.1371 | 0.9s
  Epoch 16/800 | Total: 3.437 Edge: 0.503 Con: 0.254 Cls: 2.086 Path: 0.5935 | 1.0s
  Epoch 17/800 | Total: 3.432 Edge: 0.504 Con: 0.253 Cls: 2.082 Path: 0.5938 | 0.9s
  Epoch 18/800 | Total: 3.429 Edge: 0.505 Con: 0.252 Cls: 2.081 Path: 0.5913 | 0.9s
  Epoch 19/800 | Total: 3.332 Edge: 0.492 Con: 0.249 Cls: 2.006 Path: 0.5846 | 0.9s
  Epoch 20/800 | Total: 3.314 Edge: 0.493 Con: 0.246 Cls: 1.974 Path: 0.6012 | Val F1: 0.1388 | 1.1s
  Epoch 21/800 | Total: 3.313 Edge: 0.485 Con: 0.248 Cls: 1.999 Path: 0.5820 | 1.0s
  Epoch 22/800 | Total: 3.245 Edge: 0.486 Con: 0.246 Cls: 1.937 Path: 0.5755 | 0.9s
  Epoch 23/800 | Total: 3.280 Edge: 0.479 Con: 0.247 Cls: 1.990 Path: 0.5649 | 0.9s
  Epoch 24/800 | Total: 3.211 Edge: 0.477 Con: 0.245 Cls: 1.924 Path: 0.5650 | 0.9s
  Epoch 25/800 | Total: 3.190 Edge: 0.474 Con: 0.243 Cls: 1.911 Path: 0.5615 | Val F1: 0.1597 | 1.0s
  Epoch 26/800 | Total: 3.227 Edge: 0.470 Con: 0.243 Cls: 1.949 Path: 0.5641 | 0.9s
  Epoch 27/800 | Total: 3.200 Edge: 0.470 Con: 0.244 Cls: 1.928 Path: 0.5573 | 1.0s
  Epoch 28/800 | Total: 3.165 Edge: 0.469 Con: 0.243 Cls: 1.898 Path: 0.5544 | 0.9s
  Epoch 29/800 | Total: 3.146 Edge: 0.465 Con: 0.237 Cls: 1.898 Path: 0.5461 | 0.9s
  Epoch 30/800 | Total: 3.184 Edge: 0.469 Con: 0.239 Cls: 1.914 Path: 0.5608 | Val F1: 0.1694 | 1.0s
  Epoch 31/800 | Total: 3.117 Edge: 0.461 Con: 0.240 Cls: 1.868 Path: 0.5491 | 1.0s
  Epoch 32/800 | Total: 3.087 Edge: 0.459 Con: 0.237 Cls: 1.851 Path: 0.5404 | 0.9s
  Epoch 33/800 | Total: 3.083 Edge: 0.459 Con: 0.239 Cls: 1.844 Path: 0.5412 | 1.0s
  Epoch 34/800 | Total: 3.101 Edge: 0.460 Con: 0.236 Cls: 1.854 Path: 0.5515 | 0.9s
  Epoch 35/800 | Total: 3.116 Edge: 0.466 Con: 0.233 Cls: 1.861 Path: 0.5554 | Val F1: 0.1927 | 1.0s
  Epoch 36/800 | Total: 3.075 Edge: 0.458 Con: 0.237 Cls: 1.843 Path: 0.5370 | 0.9s
  Epoch 37/800 | Total: 3.024 Edge: 0.452 Con: 0.236 Cls: 1.803 Path: 0.5334 | 0.9s
  Epoch 38/800 | Total: 3.002 Edge: 0.453 Con: 0.234 Cls: 1.788 Path: 0.5268 | 0.9s
  Epoch 39/800 | Total: 3.014 Edge: 0.457 Con: 0.235 Cls: 1.786 Path: 0.5369 | 1.0s
  Epoch 40/800 | Total: 3.016 Edge: 0.453 Con: 0.233 Cls: 1.797 Path: 0.5323 | Val F1: 0.2020 | 0.9s
  Epoch 41/800 | Total: 2.971 Edge: 0.452 Con: 0.230 Cls: 1.769 Path: 0.5200 | 0.9s
  Epoch 42/800 | Total: 2.957 Edge: 0.452 Con: 0.230 Cls: 1.748 Path: 0.5267 | 1.0s
  Epoch 43/800 | Total: 2.940 Edge: 0.447 Con: 0.231 Cls: 1.742 Path: 0.5203 | 0.9s
  Epoch 44/800 | Total: 2.953 Edge: 0.442 Con: 0.229 Cls: 1.754 Path: 0.5276 | 1.0s
  Epoch 45/800 | Total: 2.908 Edge: 0.439 Con: 0.230 Cls: 1.726 Path: 0.5136 | Val F1: 0.2142 | 0.9s
  Epoch 46/800 | Total: 2.942 Edge: 0.442 Con: 0.229 Cls: 1.750 Path: 0.5208 | 0.9s
  Epoch 47/800 | Total: 2.938 Edge: 0.446 Con: 0.230 Cls: 1.742 Path: 0.5203 | 0.9s
  Epoch 48/800 | Total: 2.905 Edge: 0.438 Con: 0.230 Cls: 1.725 Path: 0.5117 | 0.9s
  Epoch 49/800 | Total: 2.905 Edge: 0.437 Con: 0.228 Cls: 1.729 Path: 0.5112 | 1.0s
  Epoch 50/800 | Total: 2.902 Edge: 0.433 Con: 0.227 Cls: 1.735 Path: 0.5066 | Val F1: 0.2253 | 1.0s
  Epoch 51/800 | Total: 2.912 Edge: 0.437 Con: 0.230 Cls: 1.735 Path: 0.5102 | 1.0s
  Epoch 52/800 | Total: 2.851 Edge: 0.431 Con: 0.226 Cls: 1.690 Path: 0.5046 | 1.0s
  Epoch 53/800 | Total: 2.852 Edge: 0.429 Con: 0.227 Cls: 1.691 Path: 0.5053 | 1.1s
  Epoch 54/800 | Total: 2.871 Edge: 0.431 Con: 0.228 Cls: 1.706 Path: 0.5067 | 1.1s
  Epoch 55/800 | Total: 2.830 Edge: 0.426 Con: 0.228 Cls: 1.680 Path: 0.4963 | Val F1: 0.2288 | 1.1s
  Epoch 56/800 | Total: 2.828 Edge: 0.427 Con: 0.225 Cls: 1.679 Path: 0.4975 | 1.0s
  Epoch 57/800 | Total: 2.828 Edge: 0.430 Con: 0.228 Cls: 1.670 Path: 0.4997 | 0.9s
  Epoch 58/800 | Total: 2.819 Edge: 0.424 Con: 0.224 Cls: 1.672 Path: 0.4990 | 1.2s
  Epoch 59/800 | Total: 2.823 Edge: 0.424 Con: 0.227 Cls: 1.676 Path: 0.4971 | 1.0s
  Epoch 60/800 | Total: 2.789 Edge: 0.423 Con: 0.227 Cls: 1.646 Path: 0.4919 | Val F1: 0.2432 | 1.0s
  Epoch 61/800 | Total: 2.806 Edge: 0.425 Con: 0.222 Cls: 1.661 Path: 0.4974 | 1.1s
  Epoch 62/800 | Total: 2.818 Edge: 0.435 Con: 0.228 Cls: 1.661 Path: 0.4935 | 1.1s
  Epoch 63/800 | Total: 2.778 Edge: 0.426 Con: 0.225 Cls: 1.632 Path: 0.4943 | 0.9s
  Epoch 64/800 | Total: 2.795 Edge: 0.423 Con: 0.227 Cls: 1.649 Path: 0.4958 | 1.0s
  Epoch 65/800 | Total: 2.799 Edge: 0.424 Con: 0.224 Cls: 1.654 Path: 0.4975 | Val F1: 0.2377 | 1.2s
  Epoch 66/800 | Total: 2.786 Edge: 0.421 Con: 0.224 Cls: 1.652 Path: 0.4886 | 0.9s
  Epoch 67/800 | Total: 2.782 Edge: 0.417 Con: 0.223 Cls: 1.654 Path: 0.4869 | 1.1s
  Epoch 68/800 | Total: 2.765 Edge: 0.419 Con: 0.226 Cls: 1.633 Path: 0.4879 | 1.0s
  Epoch 69/800 | Total: 2.768 Edge: 0.421 Con: 0.227 Cls: 1.633 Path: 0.4879 | 0.9s
  Epoch 70/800 | Total: 2.788 Edge: 0.423 Con: 0.225 Cls: 1.634 Path: 0.5053 | Val F1: 0.2462 | 1.0s
  Epoch 71/800 | Total: 2.771 Edge: 0.417 Con: 0.222 Cls: 1.654 Path: 0.4788 | 1.1s
  Epoch 72/800 | Total: 2.735 Edge: 0.413 Con: 0.227 Cls: 1.617 Path: 0.4775 | 1.0s
  Epoch 73/800 | Total: 2.713 Edge: 0.410 Con: 0.222 Cls: 1.607 Path: 0.4745 | 0.9s
  Epoch 74/800 | Total: 2.721 Edge: 0.409 Con: 0.220 Cls: 1.616 Path: 0.4753 | 1.0s
  Epoch 75/800 | Total: 2.732 Edge: 0.410 Con: 0.220 Cls: 1.629 Path: 0.4723 | Val F1: 0.2543 | 0.9s
  Epoch 76/800 | Total: 2.717 Edge: 0.413 Con: 0.223 Cls: 1.610 Path: 0.4714 | 1.0s
  Epoch 77/800 | Total: 2.742 Edge: 0.424 Con: 0.224 Cls: 1.614 Path: 0.4796 | 1.0s
  Epoch 78/800 | Total: 2.767 Edge: 0.417 Con: 0.223 Cls: 1.640 Path: 0.4869 | 1.0s
  Epoch 79/800 | Total: 2.730 Edge: 0.411 Con: 0.222 Cls: 1.622 Path: 0.4755 | 1.2s
  Epoch 80/800 | Total: 2.688 Edge: 0.406 Con: 0.220 Cls: 1.595 Path: 0.4680 | Val F1: 0.2551 | 1.2s
  Epoch 81/800 | Total: 2.707 Edge: 0.403 Con: 0.223 Cls: 1.608 Path: 0.4727 | 1.2s
  Epoch 82/800 | Total: 2.690 Edge: 0.407 Con: 0.221 Cls: 1.583 Path: 0.4792 | 1.0s
  Epoch 83/800 | Total: 2.689 Edge: 0.407 Con: 0.223 Cls: 1.585 Path: 0.4745 | 1.2s
  Epoch 84/800 | Total: 2.677 Edge: 0.407 Con: 0.224 Cls: 1.579 Path: 0.4667 | 1.0s
  Epoch 85/800 | Total: 2.672 Edge: 0.405 Con: 0.223 Cls: 1.573 Path: 0.4709 | Val F1: 0.2607 | 1.2s
  Epoch 86/800 | Total: 2.671 Edge: 0.405 Con: 0.221 Cls: 1.579 Path: 0.4670 | 1.1s
  Epoch 87/800 | Total: 2.682 Edge: 0.405 Con: 0.222 Cls: 1.592 Path: 0.4632 | 1.1s
  Epoch 88/800 | Total: 2.672 Edge: 0.407 Con: 0.224 Cls: 1.580 Path: 0.4613 | 1.3s
  Epoch 89/800 | Total: 2.665 Edge: 0.402 Con: 0.221 Cls: 1.580 Path: 0.4625 | 1.2s
  Epoch 90/800 | Total: 2.671 Edge: 0.400 Con: 0.221 Cls: 1.588 Path: 0.4618 | Val F1: 0.2682 | 1.2s
  Epoch 91/800 | Total: 2.675 Edge: 0.402 Con: 0.221 Cls: 1.584 Path: 0.4680 | 1.1s
  Epoch 92/800 | Total: 2.672 Edge: 0.404 Con: 0.221 Cls: 1.573 Path: 0.4749 | 1.2s
  Epoch 93/800 | Total: 2.656 Edge: 0.400 Con: 0.223 Cls: 1.571 Path: 0.4629 | 1.1s
  Epoch 94/800 | Total: 2.645 Edge: 0.398 Con: 0.220 Cls: 1.564 Path: 0.4622 | 1.7s
  Epoch 95/800 | Total: 2.660 Edge: 0.402 Con: 0.221 Cls: 1.579 Path: 0.4579 | Val F1: 0.2708 | 1.6s
  Epoch 96/800 | Total: 2.647 Edge: 0.401 Con: 0.220 Cls: 1.569 Path: 0.4566 | 1.3s
  Epoch 97/800 | Total: 2.639 Edge: 0.401 Con: 0.221 Cls: 1.555 Path: 0.4623 | 1.1s
  Epoch 98/800 | Total: 2.643 Edge: 0.400 Con: 0.219 Cls: 1.565 Path: 0.4592 | 1.2s
  Epoch 99/800 | Total: 2.669 Edge: 0.400 Con: 0.220 Cls: 1.592 Path: 0.4564 | 1.0s
  Epoch 100/800 | Total: 2.664 Edge: 0.401 Con: 0.222 Cls: 1.579 Path: 0.4620 | Val F1: 0.2688 | 1.1s
  Epoch 101/800 | Total: 2.696 Edge: 0.402 Con: 0.221 Cls: 1.607 Path: 0.4658 | 1.0s
  Epoch 102/800 | Total: 2.648 Edge: 0.399 Con: 0.219 Cls: 1.561 Path: 0.4685 | 1.0s
  Epoch 103/800 | Total: 2.631 Edge: 0.399 Con: 0.221 Cls: 1.543 Path: 0.4680 | 1.2s
  Epoch 104/800 | Total: 2.641 Edge: 0.399 Con: 0.222 Cls: 1.563 Path: 0.4566 | 1.0s
  Epoch 105/800 | Total: 2.652 Edge: 0.400 Con: 0.220 Cls: 1.573 Path: 0.4586 | Val F1: 0.2764 | 1.0s
  Epoch 106/800 | Total: 2.657 Edge: 0.397 Con: 0.220 Cls: 1.583 Path: 0.4569 | 0.9s
  Epoch 107/800 | Total: 2.641 Edge: 0.397 Con: 0.223 Cls: 1.574 Path: 0.4474 | 1.1s
  Epoch 108/800 | Total: 2.607 Edge: 0.394 Con: 0.221 Cls: 1.541 Path: 0.4505 | 0.9s
  Epoch 109/800 | Total: 2.599 Edge: 0.392 Con: 0.222 Cls: 1.533 Path: 0.4514 | 0.9s
  Epoch 110/800 | Total: 2.593 Edge: 0.392 Con: 0.218 Cls: 1.533 Path: 0.4501 | Val F1: 0.2752 | 0.9s
  Epoch 111/800 | Total: 2.607 Edge: 0.393 Con: 0.221 Cls: 1.544 Path: 0.4490 | 1.0s
  Epoch 112/800 | Total: 2.609 Edge: 0.395 Con: 0.223 Cls: 1.535 Path: 0.4549 | 0.9s
  Epoch 113/800 | Total: 2.598 Edge: 0.397 Con: 0.222 Cls: 1.522 Path: 0.4567 | 1.0s
  Epoch 114/800 | Total: 2.594 Edge: 0.398 Con: 0.218 Cls: 1.521 Path: 0.4576 | 0.9s
  Epoch 115/800 | Total: 2.605 Edge: 0.402 Con: 0.220 Cls: 1.521 Path: 0.4623 | Val F1: 0.2964 | 0.9s
  Epoch 116/800 | Total: 2.592 Edge: 0.393 Con: 0.221 Cls: 1.528 Path: 0.4506 | 1.1s
  Epoch 117/800 | Total: 2.633 Edge: 0.406 Con: 0.221 Cls: 1.549 Path: 0.4570 | 1.0s
  Epoch 118/800 | Total: 2.581 Edge: 0.394 Con: 0.221 Cls: 1.514 Path: 0.4515 | 0.9s
  Epoch 119/800 | Total: 2.599 Edge: 0.394 Con: 0.220 Cls: 1.528 Path: 0.4571 | 0.9s
  Epoch 120/800 | Total: 2.588 Edge: 0.390 Con: 0.216 Cls: 1.533 Path: 0.4486 | Val F1: 0.2862 | 0.9s
  Epoch 121/800 | Total: 2.557 Edge: 0.390 Con: 0.219 Cls: 1.507 Path: 0.4412 | 0.9s
  Epoch 122/800 | Total: 2.551 Edge: 0.385 Con: 0.220 Cls: 1.510 Path: 0.4361 | 0.9s
  Epoch 123/800 | Total: 2.549 Edge: 0.387 Con: 0.219 Cls: 1.505 Path: 0.4390 | 1.0s
  Epoch 124/800 | Total: 2.584 Edge: 0.390 Con: 0.217 Cls: 1.533 Path: 0.4433 | 1.0s
  Epoch 125/800 | Total: 2.612 Edge: 0.390 Con: 0.223 Cls: 1.555 Path: 0.4442 | Val F1: 0.2907 | 0.9s
  Epoch 126/800 | Total: 2.575 Edge: 0.395 Con: 0.219 Cls: 1.514 Path: 0.4463 | 1.0s
  Epoch 127/800 | Total: 2.612 Edge: 0.398 Con: 0.223 Cls: 1.532 Path: 0.4594 | 0.9s
  Epoch 128/800 | Total: 2.565 Edge: 0.392 Con: 0.221 Cls: 1.503 Path: 0.4491 | 1.1s
  Epoch 129/800 | Total: 2.565 Edge: 0.388 Con: 0.219 Cls: 1.512 Path: 0.4462 | 0.9s
  Epoch 130/800 | Total: 2.572 Edge: 0.386 Con: 0.221 Cls: 1.523 Path: 0.4418 | Val F1: 0.2902 | 0.9s
  Epoch 131/800 | Total: 2.563 Edge: 0.385 Con: 0.219 Cls: 1.521 Path: 0.4388 | 1.1s
  Epoch 132/800 | Total: 2.567 Edge: 0.387 Con: 0.219 Cls: 1.522 Path: 0.4387 | 0.9s
  Epoch 133/800 | Total: 2.546 Edge: 0.387 Con: 0.219 Cls: 1.499 Path: 0.4403 | 1.0s
  Epoch 134/800 | Total: 2.573 Edge: 0.385 Con: 0.220 Cls: 1.527 Path: 0.4409 | 0.9s
  Epoch 135/800 | Total: 2.591 Edge: 0.386 Con: 0.217 Cls: 1.542 Path: 0.4456 | Val F1: 0.2979 | 1.1s
  Epoch 136/800 | Total: 2.580 Edge: 0.387 Con: 0.220 Cls: 1.524 Path: 0.4487 | 1.1s
  Epoch 137/800 | Total: 2.563 Edge: 0.385 Con: 0.218 Cls: 1.513 Path: 0.4466 | 1.0s
  Epoch 138/800 | Total: 2.560 Edge: 0.385 Con: 0.219 Cls: 1.512 Path: 0.4441 | 1.0s
  Epoch 139/800 | Total: 2.550 Edge: 0.389 Con: 0.220 Cls: 1.498 Path: 0.4415 | 1.0s
  Epoch 140/800 | Total: 2.530 Edge: 0.387 Con: 0.219 Cls: 1.489 Path: 0.4352 | Val F1: 0.3040 | 1.0s
  Epoch 141/800 | Total: 2.527 Edge: 0.386 Con: 0.217 Cls: 1.490 Path: 0.4353 | 1.0s
  Epoch 142/800 | Total: 2.553 Edge: 0.385 Con: 0.217 Cls: 1.513 Path: 0.4379 | 1.1s
  Epoch 143/800 | Total: 2.545 Edge: 0.387 Con: 0.220 Cls: 1.501 Path: 0.4363 | 0.9s
  Epoch 144/800 | Total: 2.540 Edge: 0.384 Con: 0.220 Cls: 1.495 Path: 0.4403 | 1.2s
  Epoch 145/800 | Total: 2.522 Edge: 0.385 Con: 0.218 Cls: 1.480 Path: 0.4395 | Val F1: 0.3037 | 0.9s
  Epoch 146/800 | Total: 2.549 Edge: 0.382 Con: 0.218 Cls: 1.510 Path: 0.4384 | 1.0s
  Epoch 147/800 | Total: 2.549 Edge: 0.384 Con: 0.218 Cls: 1.500 Path: 0.4466 | 1.0s
  Epoch 148/800 | Total: 2.571 Edge: 0.392 Con: 0.219 Cls: 1.496 Path: 0.4635 | 1.1s
  Epoch 149/800 | Total: 2.536 Edge: 0.386 Con: 0.221 Cls: 1.486 Path: 0.4433 | 1.0s
  Epoch 150/800 | Total: 2.539 Edge: 0.382 Con: 0.218 Cls: 1.506 Path: 0.4334 | Val F1: 0.3023 | 1.1s
  Epoch 151/800 | Total: 2.541 Edge: 0.382 Con: 0.221 Cls: 1.501 Path: 0.4365 | 1.0s
  Epoch 152/800 | Total: 2.538 Edge: 0.381 Con: 0.218 Cls: 1.500 Path: 0.4381 | 1.1s
  Epoch 153/800 | Total: 2.546 Edge: 0.386 Con: 0.219 Cls: 1.506 Path: 0.4350 | 1.0s
  Epoch 154/800 | Total: 2.553 Edge: 0.384 Con: 0.219 Cls: 1.515 Path: 0.4342 | 0.9s
  Epoch 155/800 | Total: 2.548 Edge: 0.385 Con: 0.219 Cls: 1.515 Path: 0.4303 | Val F1: 0.2917 | 1.0s
  Epoch 156/800 | Total: 2.542 Edge: 0.392 Con: 0.221 Cls: 1.495 Path: 0.4344 | 1.0s
  Epoch 157/800 | Total: 2.522 Edge: 0.396 Con: 0.219 Cls: 1.471 Path: 0.4364 | 1.0s
  Epoch 158/800 | Total: 2.533 Edge: 0.388 Con: 0.220 Cls: 1.490 Path: 0.4356 | 1.1s
  Epoch 159/800 | Total: 2.516 Edge: 0.382 Con: 0.220 Cls: 1.480 Path: 0.4337 | 1.0s
  Epoch 160/800 | Total: 2.536 Edge: 0.380 Con: 0.218 Cls: 1.502 Path: 0.4361 | Val F1: 0.2790 | 0.9s
  Epoch 161/800 | Total: 2.544 Edge: 0.377 Con: 0.217 Cls: 1.519 Path: 0.4317 | 0.9s
  Epoch 162/800 | Total: 2.514 Edge: 0.378 Con: 0.218 Cls: 1.488 Path: 0.4299 | 1.0s
  Epoch 163/800 | Total: 2.510 Edge: 0.378 Con: 0.219 Cls: 1.484 Path: 0.4283 | 1.0s
  Epoch 164/800 | Total: 2.505 Edge: 0.379 Con: 0.219 Cls: 1.478 Path: 0.4291 | 1.0s
  Epoch 165/800 | Total: 2.529 Edge: 0.381 Con: 0.221 Cls: 1.492 Path: 0.4356 | Val F1: 0.3106 | 1.2s
  Epoch 166/800 | Total: 2.533 Edge: 0.383 Con: 0.218 Cls: 1.495 Path: 0.4372 | 1.0s
  Epoch 167/800 | Total: 2.595 Edge: 0.384 Con: 0.219 Cls: 1.552 Path: 0.4395 | 1.0s
  Epoch 168/800 | Total: 2.642 Edge: 0.394 Con: 0.222 Cls: 1.577 Path: 0.4484 | 1.2s
  Epoch 169/800 | Total: 2.598 Edge: 0.404 Con: 0.220 Cls: 1.508 Path: 0.4660 | 1.0s
  Epoch 170/800 | Total: 2.563 Edge: 0.390 Con: 0.219 Cls: 1.513 Path: 0.4407 | Val F1: 0.3048 | 1.2s
  Epoch 171/800 | Total: 2.525 Edge: 0.382 Con: 0.219 Cls: 1.490 Path: 0.4346 | 1.0s
  Epoch 172/800 | Total: 2.521 Edge: 0.378 Con: 0.218 Cls: 1.496 Path: 0.4288 | 1.2s
  Epoch 173/800 | Total: 2.529 Edge: 0.380 Con: 0.220 Cls: 1.498 Path: 0.4305 | 1.0s
  Epoch 174/800 | Total: 2.486 Edge: 0.378 Con: 0.218 Cls: 1.463 Path: 0.4268 | 1.1s
  Epoch 175/800 | Total: 2.490 Edge: 0.381 Con: 0.219 Cls: 1.463 Path: 0.4267 | Val F1: 0.3152 | 1.2s
  Epoch 176/800 | Total: 2.495 Edge: 0.378 Con: 0.218 Cls: 1.471 Path: 0.4285 | 1.2s
  Epoch 177/800 | Total: 2.504 Edge: 0.377 Con: 0.219 Cls: 1.481 Path: 0.4273 | 1.2s
  Epoch 178/800 | Total: 2.491 Edge: 0.379 Con: 0.217 Cls: 1.464 Path: 0.4317 | 1.0s
  Epoch 179/800 | Total: 2.510 Edge: 0.383 Con: 0.216 Cls: 1.475 Path: 0.4366 | 1.2s
  Epoch 180/800 | Total: 2.495 Edge: 0.378 Con: 0.217 Cls: 1.471 Path: 0.4284 | Val F1: 0.3204 | 1.0s
  Epoch 181/800 | Total: 2.513 Edge: 0.385 Con: 0.221 Cls: 1.469 Path: 0.4381 | 1.6s
  Epoch 182/800 | Total: 2.564 Edge: 0.387 Con: 0.219 Cls: 1.513 Path: 0.4440 | 1.6s
  Epoch 183/800 | Total: 2.559 Edge: 0.384 Con: 0.219 Cls: 1.517 Path: 0.4393 | 1.3s
  Epoch 184/800 | Total: 2.513 Edge: 0.381 Con: 0.218 Cls: 1.481 Path: 0.4329 | 1.1s
  Epoch 185/800 | Total: 2.489 Edge: 0.376 Con: 0.219 Cls: 1.471 Path: 0.4233 | Val F1: 0.3186 | 1.0s
  Epoch 186/800 | Total: 2.475 Edge: 0.375 Con: 0.218 Cls: 1.462 Path: 0.4205 | 1.0s
  Epoch 187/800 | Total: 2.476 Edge: 0.376 Con: 0.218 Cls: 1.460 Path: 0.4215 | 1.2s
  Epoch 188/800 | Total: 2.482 Edge: 0.376 Con: 0.218 Cls: 1.466 Path: 0.4224 | 1.1s
  Epoch 189/800 | Total: 2.477 Edge: 0.374 Con: 0.217 Cls: 1.466 Path: 0.4205 | 1.1s
  Epoch 190/800 | Total: 2.482 Edge: 0.374 Con: 0.216 Cls: 1.473 Path: 0.4182 | Val F1: 0.3315 | 1.2s
  Epoch 191/800 | Total: 2.478 Edge: 0.372 Con: 0.216 Cls: 1.469 Path: 0.4206 | 1.1s
  Epoch 192/800 | Total: 2.503 Edge: 0.374 Con: 0.217 Cls: 1.487 Path: 0.4251 | 0.9s
  Epoch 193/800 | Total: 2.493 Edge: 0.372 Con: 0.216 Cls: 1.485 Path: 0.4206 | 1.1s
  Epoch 194/800 | Total: 2.496 Edge: 0.371 Con: 0.218 Cls: 1.483 Path: 0.4237 | 0.9s
  Epoch 195/800 | Total: 2.469 Edge: 0.372 Con: 0.217 Cls: 1.458 Path: 0.4214 | Val F1: 0.3280 | 0.9s
  Epoch 196/800 | Total: 2.461 Edge: 0.369 Con: 0.218 Cls: 1.455 Path: 0.4186 | 0.9s
  Epoch 197/800 | Total: 2.457 Edge: 0.370 Con: 0.217 Cls: 1.449 Path: 0.4207 | 1.1s
  Epoch 198/800 | Total: 2.474 Edge: 0.372 Con: 0.218 Cls: 1.465 Path: 0.4195 | 0.9s
  Epoch 199/800 | Total: 2.484 Edge: 0.376 Con: 0.221 Cls: 1.464 Path: 0.4231 | 0.9s
  Epoch 200/800 | Total: 2.493 Edge: 0.375 Con: 0.219 Cls: 1.468 Path: 0.4302 | Val F1: 0.3249 | 1.1s
  Epoch 201/800 | Total: 2.481 Edge: 0.378 Con: 0.219 Cls: 1.456 Path: 0.4283 | 0.9s
  Epoch 202/800 | Total: 2.507 Edge: 0.378 Con: 0.216 Cls: 1.485 Path: 0.4288 | 1.1s
  Epoch 203/800 | Total: 2.522 Edge: 0.386 Con: 0.222 Cls: 1.470 Path: 0.4444 | 0.9s
  Epoch 204/800 | Total: 2.491 Edge: 0.385 Con: 0.219 Cls: 1.451 Path: 0.4355 | 1.0s
  Epoch 205/800 | Total: 2.469 Edge: 0.378 Con: 0.218 Cls: 1.450 Path: 0.4236 | Val F1: 0.3355 | 1.1s
  Epoch 206/800 | Total: 2.477 Edge: 0.372 Con: 0.217 Cls: 1.469 Path: 0.4188 | 0.9s
  Epoch 207/800 | Total: 2.485 Edge: 0.373 Con: 0.218 Cls: 1.471 Path: 0.4237 | 0.9s
  Epoch 208/800 | Total: 2.482 Edge: 0.375 Con: 0.218 Cls: 1.469 Path: 0.4202 | 1.1s
  Epoch 209/800 | Total: 2.478 Edge: 0.373 Con: 0.218 Cls: 1.467 Path: 0.4203 | 0.9s
  Epoch 210/800 | Total: 2.463 Edge: 0.370 Con: 0.219 Cls: 1.455 Path: 0.4196 | Val F1: 0.3363 | 0.9s
  Epoch 211/800 | Total: 2.469 Edge: 0.372 Con: 0.219 Cls: 1.452 Path: 0.4253 | 0.9s
  Epoch 212/800 | Total: 2.491 Edge: 0.378 Con: 0.220 Cls: 1.461 Path: 0.4324 | 1.1s
  Epoch 213/800 | Total: 2.476 Edge: 0.376 Con: 0.216 Cls: 1.461 Path: 0.4233 | 1.0s
  Epoch 214/800 | Total: 2.472 Edge: 0.378 Con: 0.219 Cls: 1.449 Path: 0.4265 | 0.9s
  Epoch 215/800 | Total: 2.471 Edge: 0.380 Con: 0.220 Cls: 1.451 Path: 0.4212 | Val F1: 0.3424 | 0.9s
  Epoch 216/800 | Total: 2.478 Edge: 0.375 Con: 0.218 Cls: 1.467 Path: 0.4181 | 1.1s
  Epoch 217/800 | Total: 2.449 Edge: 0.372 Con: 0.218 Cls: 1.446 Path: 0.4129 | 0.9s
  Epoch 218/800 | Total: 2.461 Edge: 0.372 Con: 0.218 Cls: 1.457 Path: 0.4139 | 1.1s
  Epoch 219/800 | Total: 2.455 Edge: 0.375 Con: 0.219 Cls: 1.450 Path: 0.4122 | 0.9s
  Epoch 220/800 | Total: 2.446 Edge: 0.369 Con: 0.215 Cls: 1.450 Path: 0.4121 | Val F1: 0.3305 | 1.1s
  Epoch 221/800 | Total: 2.444 Edge: 0.369 Con: 0.217 Cls: 1.446 Path: 0.4129 | 0.9s
  Epoch 222/800 | Total: 2.446 Edge: 0.370 Con: 0.218 Cls: 1.443 Path: 0.4158 | 0.9s
  Epoch 223/800 | Total: 2.457 Edge: 0.370 Con: 0.218 Cls: 1.453 Path: 0.4165 | 0.9s
  Epoch 224/800 | Total: 2.453 Edge: 0.373 Con: 0.218 Cls: 1.442 Path: 0.4204 | 1.0s
  Epoch 225/800 | Total: 2.450 Edge: 0.371 Con: 0.218 Cls: 1.444 Path: 0.4171 | Val F1: 0.3446 | 0.9s
  Epoch 226/800 | Total: 2.443 Edge: 0.371 Con: 0.218 Cls: 1.438 Path: 0.4156 | 0.9s
  Epoch 227/800 | Total: 2.474 Edge: 0.374 Con: 0.217 Cls: 1.456 Path: 0.4267 | 1.1s
  Epoch 228/800 | Total: 2.515 Edge: 0.378 Con: 0.218 Cls: 1.486 Path: 0.4333 | 1.1s
  Epoch 229/800 | Total: 2.485 Edge: 0.376 Con: 0.217 Cls: 1.462 Path: 0.4303 | 1.3s
  Epoch 230/800 | Total: 2.476 Edge: 0.373 Con: 0.218 Cls: 1.464 Path: 0.4210 | Val F1: 0.3320 | 1.0s
  Epoch 231/800 | Total: 2.451 Edge: 0.369 Con: 0.217 Cls: 1.452 Path: 0.4134 | 1.0s
  Epoch 232/800 | Total: 2.443 Edge: 0.368 Con: 0.216 Cls: 1.444 Path: 0.4143 | 1.1s
  Epoch 233/800 | Total: 2.469 Edge: 0.371 Con: 0.218 Cls: 1.466 Path: 0.4150 | 0.9s
  Epoch 234/800 | Total: 2.448 Edge: 0.368 Con: 0.217 Cls: 1.446 Path: 0.4159 | 1.0s
  Epoch 235/800 | Total: 2.461 Edge: 0.370 Con: 0.219 Cls: 1.458 Path: 0.4144 | Val F1: 0.3306 | 1.1s
  Epoch 236/800 | Total: 2.472 Edge: 0.368 Con: 0.218 Cls: 1.470 Path: 0.4149 | 1.0s
  Epoch 237/800 | Total: 2.465 Edge: 0.367 Con: 0.217 Cls: 1.465 Path: 0.4155 | 1.0s
  Epoch 238/800 | Total: 2.447 Edge: 0.370 Con: 0.217 Cls: 1.445 Path: 0.4150 | 1.0s
  Epoch 239/800 | Total: 2.448 Edge: 0.374 Con: 0.216 Cls: 1.441 Path: 0.4168 | 1.0s
  Epoch 240/800 | Total: 2.468 Edge: 0.376 Con: 0.219 Cls: 1.452 Path: 0.4214 | Val F1: 0.3428 | 1.1s
  Epoch 241/800 | Total: 2.460 Edge: 0.368 Con: 0.218 Cls: 1.457 Path: 0.4162 | 1.0s
  Epoch 242/800 | Total: 2.463 Edge: 0.370 Con: 0.218 Cls: 1.458 Path: 0.4181 | 0.9s
  Epoch 243/800 | Total: 2.466 Edge: 0.368 Con: 0.216 Cls: 1.462 Path: 0.4203 | 0.9s
  Epoch 244/800 | Total: 2.471 Edge: 0.370 Con: 0.216 Cls: 1.462 Path: 0.4235 | 1.1s
  Epoch 245/800 | Total: 2.458 Edge: 0.370 Con: 0.218 Cls: 1.455 Path: 0.4148 | Val F1: 0.3329 | 1.2s
  Epoch 246/800 | Total: 2.454 Edge: 0.370 Con: 0.216 Cls: 1.452 Path: 0.4148 | 0.9s
  Epoch 247/800 | Total: 2.463 Edge: 0.373 Con: 0.218 Cls: 1.455 Path: 0.4171 | 0.9s
  Epoch 248/800 | Total: 2.455 Edge: 0.371 Con: 0.217 Cls: 1.451 Path: 0.4162 | 0.9s
  Epoch 249/800 | Total: 2.472 Edge: 0.369 Con: 0.215 Cls: 1.467 Path: 0.4197 | 0.9s
  Epoch 250/800 | Total: 2.496 Edge: 0.369 Con: 0.218 Cls: 1.488 Path: 0.4205 | Val F1: 0.3385 | 1.0s
  Epoch 251/800 | Total: 2.470 Edge: 0.371 Con: 0.217 Cls: 1.458 Path: 0.4235 | 1.0s
  Epoch 252/800 | Total: 2.449 Edge: 0.372 Con: 0.218 Cls: 1.444 Path: 0.4152 | 1.3s
  Epoch 253/800 | Total: 2.453 Edge: 0.368 Con: 0.218 Cls: 1.450 Path: 0.4180 | 1.0s
  Epoch 254/800 | Total: 2.451 Edge: 0.368 Con: 0.217 Cls: 1.454 Path: 0.4123 | 1.0s
  Epoch 255/800 | Total: 2.440 Edge: 0.371 Con: 0.217 Cls: 1.439 Path: 0.4139 | Val F1: 0.3433 | 0.9s
  Epoch 256/800 | Total: 2.442 Edge: 0.369 Con: 0.218 Cls: 1.433 Path: 0.4225 | 1.2s
  Epoch 257/800 | Total: 2.435 Edge: 0.367 Con: 0.218 Cls: 1.436 Path: 0.4133 | 1.4s
  Epoch 258/800 | Total: 2.426 Edge: 0.366 Con: 0.215 Cls: 1.435 Path: 0.4099 | 1.3s
  Epoch 259/800 | Total: 2.412 Edge: 0.364 Con: 0.215 Cls: 1.430 Path: 0.4021 | 1.0s
  Epoch 260/800 | Total: 2.431 Edge: 0.366 Con: 0.216 Cls: 1.444 Path: 0.4056 | Val F1: 0.3428 | 0.9s
  Epoch 261/800 | Total: 2.414 Edge: 0.366 Con: 0.214 Cls: 1.427 Path: 0.4064 | 1.0s
  Epoch 262/800 | Total: 2.435 Edge: 0.370 Con: 0.216 Cls: 1.440 Path: 0.4086 | 1.1s
  Epoch 263/800 | Total: 2.456 Edge: 0.372 Con: 0.219 Cls: 1.448 Path: 0.4175 | 1.2s
  Epoch 264/800 | Total: 2.435 Edge: 0.369 Con: 0.217 Cls: 1.433 Path: 0.4165 | 1.3s
  Epoch 265/800 | Total: 2.461 Edge: 0.367 Con: 0.217 Cls: 1.463 Path: 0.4137 | Val F1: 0.3248 | 1.1s
  Epoch 266/800 | Total: 2.446 Edge: 0.369 Con: 0.218 Cls: 1.450 Path: 0.4093 | 1.1s
  Epoch 267/800 | Total: 2.439 Edge: 0.369 Con: 0.217 Cls: 1.442 Path: 0.4110 | 1.1s
  Epoch 268/800 | Total: 2.479 Edge: 0.368 Con: 0.216 Cls: 1.476 Path: 0.4186 | 0.9s
  Epoch 269/800 | Total: 2.427 Edge: 0.366 Con: 0.216 Cls: 1.432 Path: 0.4123 | 0.9s
  Epoch 270/800 | Total: 2.441 Edge: 0.367 Con: 0.218 Cls: 1.441 Path: 0.4143 | Val F1: 0.3485 | 1.1s
  Epoch 271/800 | Total: 2.436 Edge: 0.370 Con: 0.217 Cls: 1.438 Path: 0.4105 | 1.1s
  Epoch 272/800 | Total: 2.411 Edge: 0.363 Con: 0.215 Cls: 1.426 Path: 0.4064 | 1.1s
  Epoch 273/800 | Total: 2.391 Edge: 0.363 Con: 0.216 Cls: 1.411 Path: 0.4017 | 1.0s
  Epoch 274/800 | Total: 2.389 Edge: 0.361 Con: 0.214 Cls: 1.411 Path: 0.4031 | 1.0s
  Epoch 275/800 | Total: 2.403 Edge: 0.363 Con: 0.218 Cls: 1.413 Path: 0.4096 | Val F1: 0.3447 | 1.1s
  Epoch 276/800 | Total: 2.425 Edge: 0.362 Con: 0.215 Cls: 1.437 Path: 0.4100 | 1.1s
  Epoch 277/800 | Total: 2.408 Edge: 0.361 Con: 0.216 Cls: 1.421 Path: 0.4102 | 1.0s
  Epoch 278/800 | Total: 2.404 Edge: 0.362 Con: 0.215 Cls: 1.419 Path: 0.4085 | 1.0s
  Epoch 279/800 | Total: 2.406 Edge: 0.363 Con: 0.215 Cls: 1.420 Path: 0.4079 | 0.9s
  Epoch 280/800 | Total: 2.405 Edge: 0.364 Con: 0.214 Cls: 1.421 Path: 0.4064 | Val F1: 0.3376 | 0.9s
  Epoch 281/800 | Total: 2.402 Edge: 0.363 Con: 0.215 Cls: 1.416 Path: 0.4077 | 1.0s
  Epoch 282/800 | Total: 2.404 Edge: 0.365 Con: 0.216 Cls: 1.417 Path: 0.4065 | 1.0s
  Epoch 283/800 | Total: 2.406 Edge: 0.363 Con: 0.214 Cls: 1.417 Path: 0.4110 | 0.9s
  Epoch 284/800 | Total: 2.444 Edge: 0.366 Con: 0.218 Cls: 1.446 Path: 0.4134 | 1.0s
  Epoch 285/800 | Total: 2.452 Edge: 0.369 Con: 0.217 Cls: 1.454 Path: 0.4118 | Val F1: 0.3365 | 1.0s
  Epoch 286/800 | Total: 2.422 Edge: 0.366 Con: 0.216 Cls: 1.428 Path: 0.4113 | 1.2s
  Epoch 287/800 | Total: 2.424 Edge: 0.369 Con: 0.215 Cls: 1.425 Path: 0.4152 | 1.2s
  Epoch 288/800 | Total: 2.437 Edge: 0.365 Con: 0.216 Cls: 1.447 Path: 0.4088 | 1.2s
  Epoch 289/800 | Total: 2.418 Edge: 0.362 Con: 0.216 Cls: 1.434 Path: 0.4053 | 1.0s
  Epoch 290/800 | Total: 2.399 Edge: 0.361 Con: 0.214 Cls: 1.420 Path: 0.4040 | Val F1: 0.3472 | 1.0s
  Epoch 291/800 | Total: 2.421 Edge: 0.365 Con: 0.215 Cls: 1.437 Path: 0.4035 | 1.0s
  Epoch 292/800 | Total: 2.419 Edge: 0.363 Con: 0.217 Cls: 1.430 Path: 0.4092 | 0.9s
  Epoch 293/800 | Total: 2.460 Edge: 0.368 Con: 0.217 Cls: 1.460 Path: 0.4151 | 1.0s
  Epoch 294/800 | Total: 2.441 Edge: 0.364 Con: 0.215 Cls: 1.455 Path: 0.4067 | 1.0s
  Epoch 295/800 | Total: 2.447 Edge: 0.364 Con: 0.215 Cls: 1.459 Path: 0.4094 | Val F1: 0.3447 | 1.0s
  Epoch 296/800 | Total: 2.420 Edge: 0.363 Con: 0.216 Cls: 1.433 Path: 0.4082 | 1.1s
  Epoch 297/800 | Total: 2.384 Edge: 0.360 Con: 0.215 Cls: 1.403 Path: 0.4055 | 1.0s
  Epoch 298/800 | Total: 2.405 Edge: 0.363 Con: 0.217 Cls: 1.419 Path: 0.4068 | 1.2s
  Epoch 299/800 | Total: 2.426 Edge: 0.365 Con: 0.219 Cls: 1.431 Path: 0.4114 | 1.1s
  Epoch 300/800 | Total: 2.420 Edge: 0.366 Con: 0.216 Cls: 1.425 Path: 0.4127 | Val F1: 0.3454 | 1.0s
  Epoch 301/800 | Total: 2.409 Edge: 0.363 Con: 0.214 Cls: 1.421 Path: 0.4103 | 1.0s
  Epoch 302/800 | Total: 2.410 Edge: 0.358 Con: 0.214 Cls: 1.435 Path: 0.4033 | 1.2s
  Epoch 303/800 | Total: 2.401 Edge: 0.362 Con: 0.215 Cls: 1.419 Path: 0.4049 | 0.9s
  Epoch 304/800 | Total: 2.446 Edge: 0.360 Con: 0.217 Cls: 1.463 Path: 0.4052 | 1.0s
  Epoch 305/800 | Total: 2.399 Edge: 0.359 Con: 0.215 Cls: 1.424 Path: 0.4026 | Val F1: 0.3563 | 1.1s
  Epoch 306/800 | Total: 2.394 Edge: 0.363 Con: 0.217 Cls: 1.408 Path: 0.4062 | 1.0s
  Epoch 307/800 | Total: 2.394 Edge: 0.365 Con: 0.216 Cls: 1.410 Path: 0.4019 | 1.1s
  Epoch 308/800 | Total: 2.395 Edge: 0.361 Con: 0.215 Cls: 1.414 Path: 0.4049 | 1.2s
  Epoch 309/800 | Total: 2.382 Edge: 0.361 Con: 0.217 Cls: 1.403 Path: 0.4009 | 1.0s
  Epoch 310/800 | Total: 2.383 Edge: 0.359 Con: 0.216 Cls: 1.407 Path: 0.4013 | Val F1: 0.3508 | 1.0s
  Epoch 311/800 | Total: 2.387 Edge: 0.359 Con: 0.215 Cls: 1.410 Path: 0.4033 | 1.0s
  Epoch 312/800 | Total: 2.384 Edge: 0.357 Con: 0.214 Cls: 1.409 Path: 0.4040 | 0.9s
  Epoch 313/800 | Total: 2.412 Edge: 0.359 Con: 0.215 Cls: 1.432 Path: 0.4068 | 0.9s
  Epoch 314/800 | Total: 2.431 Edge: 0.362 Con: 0.215 Cls: 1.436 Path: 0.4190 | 1.0s
  Epoch 315/800 | Total: 2.416 Edge: 0.361 Con: 0.213 Cls: 1.432 Path: 0.4097 | Val F1: 0.3442 | 1.0s
  Epoch 316/800 | Total: 2.393 Edge: 0.360 Con: 0.216 Cls: 1.409 Path: 0.4081 | 1.0s
  Epoch 317/800 | Total: 2.390 Edge: 0.362 Con: 0.217 Cls: 1.405 Path: 0.4052 | 1.1s
  Epoch 318/800 | Total: 2.377 Edge: 0.358 Con: 0.214 Cls: 1.400 Path: 0.4054 | 1.2s
  Epoch 319/800 | Total: 2.382 Edge: 0.356 Con: 0.214 Cls: 1.412 Path: 0.4006 | 1.1s
  Epoch 320/800 | Total: 2.385 Edge: 0.357 Con: 0.215 Cls: 1.414 Path: 0.3990 | Val F1: 0.3484 | 1.0s
  Epoch 321/800 | Total: 2.416 Edge: 0.363 Con: 0.213 Cls: 1.431 Path: 0.4092 | 1.0s
  Epoch 322/800 | Total: 2.422 Edge: 0.365 Con: 0.216 Cls: 1.435 Path: 0.4066 | 1.1s
  Epoch 323/800 | Total: 2.435 Edge: 0.383 Con: 0.216 Cls: 1.419 Path: 0.4178 | 1.0s
  Epoch 324/800 | Total: 2.486 Edge: 0.392 Con: 0.216 Cls: 1.444 Path: 0.4342 | 1.1s
  Epoch 325/800 | Total: 2.451 Edge: 0.382 Con: 0.216 Cls: 1.431 Path: 0.4217 | Val F1: 0.3478 | 0.9s
  Epoch 326/800 | Total: 2.448 Edge: 0.374 Con: 0.215 Cls: 1.439 Path: 0.4202 | 0.9s
  Epoch 327/800 | Total: 2.461 Edge: 0.371 Con: 0.215 Cls: 1.468 Path: 0.4072 | 1.0s
  Epoch 328/800 | Total: 2.411 Edge: 0.366 Con: 0.214 Cls: 1.428 Path: 0.4030 | 1.1s
  Epoch 329/800 | Total: 2.384 Edge: 0.358 Con: 0.213 Cls: 1.411 Path: 0.4019 | 1.0s
  Epoch 330/800 | Total: 2.400 Edge: 0.358 Con: 0.216 Cls: 1.427 Path: 0.3998 | Val F1: 0.3520 | 1.0s
  Epoch 331/800 | Total: 2.414 Edge: 0.358 Con: 0.214 Cls: 1.441 Path: 0.4011 | 1.1s
  Epoch 332/800 | Total: 2.422 Edge: 0.360 Con: 0.215 Cls: 1.441 Path: 0.4055 | 1.0s
  Epoch 333/800 | Total: 2.461 Edge: 0.365 Con: 0.216 Cls: 1.469 Path: 0.4104 | 1.0s
  Epoch 334/800 | Total: 2.392 Edge: 0.363 Con: 0.215 Cls: 1.412 Path: 0.4022 | 1.1s
  Epoch 335/800 | Total: 2.385 Edge: 0.360 Con: 0.213 Cls: 1.408 Path: 0.4030 | Val F1: 0.3632 | 1.1s
  Epoch 336/800 | Total: 2.374 Edge: 0.359 Con: 0.214 Cls: 1.401 Path: 0.4000 | 1.0s
  Epoch 337/800 | Total: 2.380 Edge: 0.358 Con: 0.212 Cls: 1.410 Path: 0.3993 | 1.0s
  Epoch 338/800 | Total: 2.370 Edge: 0.355 Con: 0.214 Cls: 1.403 Path: 0.3981 | 1.0s
  Epoch 339/800 | Total: 2.361 Edge: 0.356 Con: 0.212 Cls: 1.400 Path: 0.3929 | 1.0s
  Epoch 340/800 | Total: 2.360 Edge: 0.354 Con: 0.215 Cls: 1.395 Path: 0.3959 | Val F1: 0.3470 | 0.9s
  Epoch 341/800 | Total: 2.406 Edge: 0.359 Con: 0.214 Cls: 1.431 Path: 0.4025 | 0.9s
  Epoch 342/800 | Total: 2.425 Edge: 0.360 Con: 0.215 Cls: 1.446 Path: 0.4033 | 0.9s
  Epoch 343/800 | Total: 2.415 Edge: 0.360 Con: 0.215 Cls: 1.434 Path: 0.4065 | 0.9s
  Epoch 344/800 | Total: 2.382 Edge: 0.360 Con: 0.215 Cls: 1.400 Path: 0.4073 | 1.1s
  Epoch 345/800 | Total: 2.441 Edge: 0.365 Con: 0.216 Cls: 1.435 Path: 0.4240 | Val F1: 0.3406 | 0.9s
  Epoch 346/800 | Total: 2.414 Edge: 0.363 Con: 0.216 Cls: 1.422 Path: 0.4131 | 0.9s
  Epoch 347/800 | Total: 2.395 Edge: 0.363 Con: 0.215 Cls: 1.409 Path: 0.4074 | 1.2s
  Epoch 348/800 | Total: 2.387 Edge: 0.357 Con: 0.214 Cls: 1.413 Path: 0.4023 | 1.2s
  Epoch 349/800 | Total: 2.398 Edge: 0.359 Con: 0.216 Cls: 1.416 Path: 0.4074 | 1.1s
  Epoch 350/800 | Total: 2.388 Edge: 0.362 Con: 0.214 Cls: 1.405 Path: 0.4076 | Val F1: 0.3449 | 1.1s
  Epoch 351/800 | Total: 2.388 Edge: 0.354 Con: 0.212 Cls: 1.424 Path: 0.3967 | 1.0s
  Epoch 352/800 | Total: 2.371 Edge: 0.356 Con: 0.215 Cls: 1.403 Path: 0.3969 | 1.0s
  Epoch 353/800 | Total: 2.381 Edge: 0.357 Con: 0.214 Cls: 1.414 Path: 0.3962 | 1.2s
  Epoch 354/800 | Total: 2.385 Edge: 0.360 Con: 0.213 Cls: 1.407 Path: 0.4050 | 0.9s
  Epoch 355/800 | Total: 2.371 Edge: 0.355 Con: 0.213 Cls: 1.405 Path: 0.3981 | Val F1: 0.3591 | 1.0s
  Epoch 356/800 | Total: 2.367 Edge: 0.354 Con: 0.214 Cls: 1.400 Path: 0.3986 | 1.0s
  Epoch 357/800 | Total: 2.352 Edge: 0.354 Con: 0.211 Cls: 1.385 Path: 0.4008 | 0.9s
  Epoch 358/800 | Total: 2.373 Edge: 0.356 Con: 0.214 Cls: 1.406 Path: 0.3972 | 1.0s
  Epoch 359/800 | Total: 2.387 Edge: 0.357 Con: 0.215 Cls: 1.413 Path: 0.4018 | 0.9s
  Epoch 360/800 | Total: 2.375 Edge: 0.357 Con: 0.214 Cls: 1.407 Path: 0.3961 | Val F1: 0.3494 | 0.9s
  Epoch 361/800 | Total: 2.368 Edge: 0.357 Con: 0.213 Cls: 1.396 Path: 0.4011 | 0.9s
  Epoch 362/800 | Total: 2.383 Edge: 0.356 Con: 0.213 Cls: 1.415 Path: 0.4005 | 1.0s
  Epoch 363/800 | Total: 2.388 Edge: 0.359 Con: 0.214 Cls: 1.410 Path: 0.4055 | 1.0s
  Epoch 364/800 | Total: 2.381 Edge: 0.360 Con: 0.215 Cls: 1.401 Path: 0.4051 | 1.2s
  Epoch 365/800 | Total: 2.393 Edge: 0.364 Con: 0.214 Cls: 1.406 Path: 0.4094 | Val F1: 0.3465 | 1.2s
  Epoch 366/800 | Total: 2.403 Edge: 0.362 Con: 0.212 Cls: 1.417 Path: 0.4113 | 1.0s
  Epoch 367/800 | Total: 2.406 Edge: 0.363 Con: 0.210 Cls: 1.422 Path: 0.4102 | 1.0s
  Epoch 368/800 | Total: 2.415 Edge: 0.370 Con: 0.215 Cls: 1.422 Path: 0.4075 | 1.0s
  Epoch 369/800 | Total: 2.494 Edge: 0.370 Con: 0.217 Cls: 1.488 Path: 0.4196 | 1.0s
  Epoch 370/800 | Total: 2.419 Edge: 0.369 Con: 0.216 Cls: 1.426 Path: 0.4081 | Val F1: 0.3552 | 0.9s
  Epoch 371/800 | Total: 2.378 Edge: 0.364 Con: 0.213 Cls: 1.403 Path: 0.3983 | 0.9s
  Epoch 372/800 | Total: 2.372 Edge: 0.354 Con: 0.215 Cls: 1.406 Path: 0.3972 | 0.9s
  Epoch 373/800 | Total: 2.359 Edge: 0.356 Con: 0.214 Cls: 1.393 Path: 0.3959 | 0.9s
  Epoch 374/800 | Total: 2.366 Edge: 0.353 Con: 0.215 Cls: 1.405 Path: 0.3935 | 1.0s
  Epoch 375/800 | Total: 2.359 Edge: 0.351 Con: 0.212 Cls: 1.401 Path: 0.3947 | Val F1: 0.3600 | 0.9s
  Epoch 376/800 | Total: 2.355 Edge: 0.352 Con: 0.211 Cls: 1.398 Path: 0.3949 | 1.0s
  Epoch 377/800 | Total: 2.355 Edge: 0.352 Con: 0.212 Cls: 1.395 Path: 0.3947 | 1.0s
  Epoch 378/800 | Total: 2.373 Edge: 0.351 Con: 0.213 Cls: 1.405 Path: 0.4041 | 1.0s
  Epoch 379/800 | Total: 2.381 Edge: 0.354 Con: 0.214 Cls: 1.397 Path: 0.4162 | 0.9s
  Epoch 380/800 | Total: 2.377 Edge: 0.352 Con: 0.213 Cls: 1.405 Path: 0.4077 | Val F1: 0.3626 | 1.0s
  Epoch 381/800 | Total: 2.361 Edge: 0.352 Con: 0.213 Cls: 1.392 Path: 0.4039 | 1.0s
  Epoch 382/800 | Total: 2.414 Edge: 0.356 Con: 0.213 Cls: 1.441 Path: 0.4035 | 1.0s
  Epoch 383/800 | Total: 2.399 Edge: 0.357 Con: 0.215 Cls: 1.428 Path: 0.3993 | 1.1s
  Epoch 384/800 | Total: 2.373 Edge: 0.356 Con: 0.215 Cls: 1.408 Path: 0.3946 | 1.0s
  Epoch 385/800 | Total: 2.351 Edge: 0.354 Con: 0.212 Cls: 1.392 Path: 0.3931 | Val F1: 0.3550 | 0.9s
  Epoch 386/800 | Total: 2.357 Edge: 0.356 Con: 0.213 Cls: 1.389 Path: 0.3990 | 1.2s
  Epoch 387/800 | Total: 2.378 Edge: 0.359 Con: 0.213 Cls: 1.405 Path: 0.4016 | 1.1s
  Epoch 388/800 | Total: 2.402 Edge: 0.364 Con: 0.212 Cls: 1.422 Path: 0.4041 | 0.9s
  Epoch 389/800 | Total: 2.396 Edge: 0.366 Con: 0.215 Cls: 1.406 Path: 0.4093 | 0.9s
  Epoch 390/800 | Total: 2.381 Edge: 0.361 Con: 0.213 Cls: 1.400 Path: 0.4071 | Val F1: 0.3513 | 0.9s
  Epoch 391/800 | Total: 2.421 Edge: 0.359 Con: 0.213 Cls: 1.453 Path: 0.3971 | 1.4s
  Epoch 392/800 | Total: 2.384 Edge: 0.355 Con: 0.212 Cls: 1.421 Path: 0.3956 | 1.1s
  Epoch 393/800 | Total: 2.370 Edge: 0.355 Con: 0.213 Cls: 1.407 Path: 0.3947 | 1.0s
  Epoch 394/800 | Total: 2.354 Edge: 0.355 Con: 0.214 Cls: 1.393 Path: 0.3915 | 1.0s
  Epoch 395/800 | Total: 2.360 Edge: 0.355 Con: 0.213 Cls: 1.393 Path: 0.3990 | Val F1: 0.3565 | 1.0s
  Epoch 396/800 | Total: 2.349 Edge: 0.353 Con: 0.211 Cls: 1.393 Path: 0.3926 | 1.0s
  Epoch 397/800 | Total: 2.358 Edge: 0.355 Con: 0.213 Cls: 1.393 Path: 0.3969 | 0.9s
  Epoch 398/800 | Total: 2.354 Edge: 0.352 Con: 0.211 Cls: 1.393 Path: 0.3982 | 1.0s
  Epoch 399/800 | Total: 2.346 Edge: 0.353 Con: 0.213 Cls: 1.385 Path: 0.3947 | 1.0s
  Epoch 400/800 | Total: 2.349 Edge: 0.350 Con: 0.211 Cls: 1.395 Path: 0.3928 | Val F1: 0.3659 | 1.2s
  Epoch 401/800 | Total: 2.339 Edge: 0.349 Con: 0.211 Cls: 1.387 Path: 0.3922 | 1.0s
  Epoch 402/800 | Total: 2.369 Edge: 0.353 Con: 0.213 Cls: 1.408 Path: 0.3944 | 1.0s
  Epoch 403/800 | Total: 2.356 Edge: 0.352 Con: 0.213 Cls: 1.394 Path: 0.3962 | 1.0s
  Epoch 404/800 | Total: 2.356 Edge: 0.357 Con: 0.213 Cls: 1.387 Path: 0.3992 | 1.2s
  Epoch 405/800 | Total: 2.387 Edge: 0.354 Con: 0.212 Cls: 1.426 Path: 0.3951 | Val F1: 0.3516 | 1.0s
  Epoch 406/800 | Total: 2.370 Edge: 0.354 Con: 0.211 Cls: 1.405 Path: 0.3999 | 1.1s
  Epoch 407/800 | Total: 2.375 Edge: 0.356 Con: 0.213 Cls: 1.405 Path: 0.4007 | 0.9s
  Epoch 408/800 | Total: 2.372 Edge: 0.358 Con: 0.213 Cls: 1.406 Path: 0.3947 | 1.2s
  Epoch 409/800 | Total: 2.360 Edge: 0.357 Con: 0.212 Cls: 1.395 Path: 0.3963 | 1.0s
  Epoch 410/800 | Total: 2.383 Edge: 0.359 Con: 0.214 Cls: 1.415 Path: 0.3953 | Val F1: 0.3591 | 1.0s
  Epoch 411/800 | Total: 2.376 Edge: 0.359 Con: 0.215 Cls: 1.401 Path: 0.4004 | 0.9s
  Epoch 412/800 | Total: 2.379 Edge: 0.361 Con: 0.212 Cls: 1.407 Path: 0.3990 | 1.1s
  Epoch 413/800 | Total: 2.394 Edge: 0.370 Con: 0.216 Cls: 1.399 Path: 0.4091 | 1.0s
  Epoch 414/800 | Total: 2.395 Edge: 0.373 Con: 0.212 Cls: 1.395 Path: 0.4149 | 1.1s
  Epoch 415/800 | Total: 2.405 Edge: 0.364 Con: 0.216 Cls: 1.417 Path: 0.4082 | Val F1: 0.3503 | 1.2s
  Epoch 416/800 | Total: 2.382 Edge: 0.356 Con: 0.212 Cls: 1.413 Path: 0.4000 | 1.1s
  Epoch 417/800 | Total: 2.363 Edge: 0.354 Con: 0.215 Cls: 1.395 Path: 0.3990 | 0.9s
  Epoch 418/800 | Total: 2.379 Edge: 0.353 Con: 0.212 Cls: 1.413 Path: 0.4011 | 1.0s
  Epoch 419/800 | Total: 2.365 Edge: 0.356 Con: 0.213 Cls: 1.398 Path: 0.3984 | 1.2s
  Epoch 420/800 | Total: 2.375 Edge: 0.358 Con: 0.213 Cls: 1.400 Path: 0.4043 | Val F1: 0.3474 | 0.9s
  Epoch 421/800 | Total: 2.364 Edge: 0.352 Con: 0.211 Cls: 1.403 Path: 0.3985 | 1.1s
  Epoch 422/800 | Total: 2.357 Edge: 0.354 Con: 0.211 Cls: 1.392 Path: 0.4005 | 1.0s
  Epoch 423/800 | Total: 2.348 Edge: 0.352 Con: 0.213 Cls: 1.386 Path: 0.3977 | 0.9s
  Epoch 424/800 | Total: 2.366 Edge: 0.354 Con: 0.212 Cls: 1.401 Path: 0.3993 | 0.9s
  Epoch 425/800 | Total: 2.367 Edge: 0.354 Con: 0.214 Cls: 1.399 Path: 0.3994 | Val F1: 0.3601 | 0.9s
  Epoch 426/800 | Total: 2.359 Edge: 0.352 Con: 0.212 Cls: 1.397 Path: 0.3972 | 0.9s
  Epoch 427/800 | Total: 2.349 Edge: 0.354 Con: 0.211 Cls: 1.388 Path: 0.3966 | 1.1s
  Epoch 428/800 | Total: 2.375 Edge: 0.356 Con: 0.213 Cls: 1.405 Path: 0.4007 | 0.9s
  Epoch 429/800 | Total: 2.372 Edge: 0.356 Con: 0.211 Cls: 1.404 Path: 0.4002 | 1.2s
  Epoch 430/800 | Total: 2.360 Edge: 0.355 Con: 0.210 Cls: 1.396 Path: 0.3989 | Val F1: 0.3714 | 1.2s
  Epoch 431/800 | Total: 2.352 Edge: 0.357 Con: 0.215 Cls: 1.386 Path: 0.3938 | 1.0s
  Epoch 432/800 | Total: 2.367 Edge: 0.356 Con: 0.212 Cls: 1.405 Path: 0.3938 | 1.2s
  Epoch 433/800 | Total: 2.346 Edge: 0.352 Con: 0.210 Cls: 1.391 Path: 0.3927 | 0.9s
  Epoch 434/800 | Total: 2.348 Edge: 0.353 Con: 0.211 Cls: 1.388 Path: 0.3954 | 1.0s
  Epoch 435/800 | Total: 2.345 Edge: 0.353 Con: 0.210 Cls: 1.386 Path: 0.3969 | Val F1: 0.3580 | 1.2s
  Epoch 436/800 | Total: 2.331 Edge: 0.352 Con: 0.213 Cls: 1.373 Path: 0.3941 | 1.0s
  Epoch 437/800 | Total: 2.371 Edge: 0.355 Con: 0.212 Cls: 1.401 Path: 0.4031 | 1.0s
  Epoch 438/800 | Total: 2.350 Edge: 0.351 Con: 0.213 Cls: 1.392 Path: 0.3947 | 1.0s
  Epoch 439/800 | Total: 2.330 Edge: 0.349 Con: 0.211 Cls: 1.373 Path: 0.3968 | 0.9s
  Epoch 440/800 | Total: 2.358 Edge: 0.349 Con: 0.209 Cls: 1.405 Path: 0.3944 | Val F1: 0.3508 | 1.2s
  Epoch 441/800 | Total: 2.368 Edge: 0.352 Con: 0.212 Cls: 1.401 Path: 0.4025 | 1.0s
  Epoch 442/800 | Total: 2.350 Edge: 0.353 Con: 0.212 Cls: 1.386 Path: 0.4004 | 0.9s
  Epoch 443/800 | Total: 2.372 Edge: 0.358 Con: 0.212 Cls: 1.405 Path: 0.3971 | 1.0s
  Epoch 444/800 | Total: 2.347 Edge: 0.354 Con: 0.209 Cls: 1.387 Path: 0.3978 | 1.3s
  Epoch 445/800 | Total: 2.360 Edge: 0.354 Con: 0.211 Cls: 1.401 Path: 0.3932 | Val F1: 0.3537 | 1.0s
  Epoch 446/800 | Total: 2.347 Edge: 0.356 Con: 0.212 Cls: 1.386 Path: 0.3930 | 1.0s
  Epoch 447/800 | Total: 2.343 Edge: 0.351 Con: 0.210 Cls: 1.392 Path: 0.3908 | 0.9s
  Epoch 448/800 | Total: 2.360 Edge: 0.348 Con: 0.212 Cls: 1.411 Path: 0.3880 | 0.9s
  Epoch 449/800 | Total: 2.340 Edge: 0.353 Con: 0.211 Cls: 1.386 Path: 0.3900 | 0.9s
  Epoch 450/800 | Total: 2.343 Edge: 0.356 Con: 0.210 Cls: 1.382 Path: 0.3954 | Val F1: 0.3574 | 1.1s
  Epoch 451/800 | Total: 2.368 Edge: 0.358 Con: 0.210 Cls: 1.398 Path: 0.4018 | 1.1s
  Epoch 452/800 | Total: 2.361 Edge: 0.354 Con: 0.211 Cls: 1.394 Path: 0.4008 | 0.9s
  Epoch 453/800 | Total: 2.351 Edge: 0.356 Con: 0.211 Cls: 1.378 Path: 0.4058 | 0.9s
  Epoch 454/800 | Total: 2.363 Edge: 0.355 Con: 0.211 Cls: 1.399 Path: 0.3986 | 0.9s
  Epoch 455/800 | Total: 2.362 Edge: 0.354 Con: 0.213 Cls: 1.392 Path: 0.4036 | Val F1: 0.3598 | 0.9s
  Epoch 456/800 | Total: 2.366 Edge: 0.353 Con: 0.213 Cls: 1.401 Path: 0.3998 | 1.1s
  Epoch 457/800 | Total: 2.391 Edge: 0.357 Con: 0.211 Cls: 1.413 Path: 0.4102 | 0.9s
  Epoch 458/800 | Total: 2.388 Edge: 0.354 Con: 0.212 Cls: 1.424 Path: 0.3990 | 0.9s
  Epoch 459/800 | Total: 2.379 Edge: 0.352 Con: 0.211 Cls: 1.424 Path: 0.3923 | 1.0s
  Epoch 460/800 | Total: 2.422 Edge: 0.358 Con: 0.213 Cls: 1.451 Path: 0.4003 | Val F1: 0.3518 | 1.1s
  Epoch 461/800 | Total: 2.389 Edge: 0.356 Con: 0.214 Cls: 1.421 Path: 0.3979 | 1.1s
  Epoch 462/800 | Total: 2.384 Edge: 0.353 Con: 0.210 Cls: 1.427 Path: 0.3940 | 0.9s
  Epoch 463/800 | Total: 2.346 Edge: 0.353 Con: 0.213 Cls: 1.387 Path: 0.3925 | 0.9s
  Epoch 464/800 | Total: 2.350 Edge: 0.352 Con: 0.212 Cls: 1.390 Path: 0.3958 | 1.1s
  Epoch 465/800 | Total: 2.358 Edge: 0.359 Con: 0.212 Cls: 1.389 Path: 0.3972 | Val F1: 0.3707 | 1.2s
  Epoch 466/800 | Total: 2.344 Edge: 0.357 Con: 0.211 Cls: 1.380 Path: 0.3959 | 1.0s
  Epoch 467/800 | Total: 2.343 Edge: 0.356 Con: 0.211 Cls: 1.381 Path: 0.3954 | 0.9s
  Epoch 468/800 | Total: 2.340 Edge: 0.353 Con: 0.210 Cls: 1.385 Path: 0.3918 | 1.0s
  Epoch 469/800 | Total: 2.367 Edge: 0.356 Con: 0.211 Cls: 1.402 Path: 0.3976 | 1.1s
  Epoch 470/800 | Total: 2.348 Edge: 0.351 Con: 0.211 Cls: 1.394 Path: 0.3924 | Val F1: 0.3553 | 1.0s
  Epoch 471/800 | Total: 2.350 Edge: 0.350 Con: 0.210 Cls: 1.394 Path: 0.3961 | 1.0s
  Epoch 472/800 | Total: 2.368 Edge: 0.352 Con: 0.212 Cls: 1.404 Path: 0.3994 | 1.0s
  Epoch 473/800 | Total: 2.363 Edge: 0.353 Con: 0.211 Cls: 1.398 Path: 0.4011 | 0.9s
  Epoch 474/800 | Total: 2.328 Edge: 0.352 Con: 0.210 Cls: 1.373 Path: 0.3935 | 0.9s
  Epoch 475/800 | Total: 2.345 Edge: 0.352 Con: 0.211 Cls: 1.384 Path: 0.3987 | Val F1: 0.3688 | 1.0s
  Epoch 476/800 | Total: 2.338 Edge: 0.349 Con: 0.209 Cls: 1.386 Path: 0.3928 | 1.1s
  Epoch 477/800 | Total: 2.332 Edge: 0.354 Con: 0.212 Cls: 1.370 Path: 0.3958 | 0.9s
  Epoch 478/800 | Total: 2.345 Edge: 0.348 Con: 0.214 Cls: 1.386 Path: 0.3973 | 1.0s
  Epoch 479/800 | Total: 2.344 Edge: 0.351 Con: 0.210 Cls: 1.387 Path: 0.3956 | 1.0s
  Epoch 480/800 | Total: 2.329 Edge: 0.353 Con: 0.209 Cls: 1.378 Path: 0.3903 | Val F1: 0.3685 | 1.1s
  Epoch 481/800 | Total: 2.337 Edge: 0.351 Con: 0.210 Cls: 1.384 Path: 0.3929 | 1.1s
  Epoch 482/800 | Total: 2.351 Edge: 0.351 Con: 0.212 Cls: 1.396 Path: 0.3928 | 0.9s
  Epoch 483/800 | Total: 2.331 Edge: 0.350 Con: 0.210 Cls: 1.380 Path: 0.3905 | 1.0s
  Epoch 484/800 | Total: 2.357 Edge: 0.353 Con: 0.211 Cls: 1.401 Path: 0.3913 | 1.1s
  Epoch 485/800 | Total: 2.344 Edge: 0.350 Con: 0.210 Cls: 1.393 Path: 0.3918 | Val F1: 0.3548 | 1.0s
  Epoch 486/800 | Total: 2.339 Edge: 0.350 Con: 0.210 Cls: 1.386 Path: 0.3928 | 1.0s
  Epoch 487/800 | Total: 2.356 Edge: 0.354 Con: 0.209 Cls: 1.394 Path: 0.3983 | 0.9s
  Epoch 488/800 | Total: 2.355 Edge: 0.354 Con: 0.210 Cls: 1.393 Path: 0.3983 | 0.9s
  Epoch 489/800 | Total: 2.345 Edge: 0.351 Con: 0.209 Cls: 1.391 Path: 0.3953 | 1.1s
  Epoch 490/800 | Total: 2.328 Edge: 0.349 Con: 0.209 Cls: 1.376 Path: 0.3925 | Val F1: 0.3598 | 0.9s
  Epoch 491/800 | Total: 2.415 Edge: 0.353 Con: 0.211 Cls: 1.450 Path: 0.4003 | 1.0s
  Epoch 492/800 | Total: 2.412 Edge: 0.356 Con: 0.212 Cls: 1.435 Path: 0.4080 | 0.9s
  Epoch 493/800 | Total: 2.359 Edge: 0.354 Con: 0.211 Cls: 1.389 Path: 0.4059 | 1.0s
  Epoch 494/800 | Total: 2.349 Edge: 0.353 Con: 0.210 Cls: 1.388 Path: 0.3987 | 1.0s
  Epoch 495/800 | Total: 2.345 Edge: 0.355 Con: 0.212 Cls: 1.385 Path: 0.3936 | Val F1: 0.3609 | 1.2s
  Epoch 496/800 | Total: 2.343 Edge: 0.353 Con: 0.212 Cls: 1.387 Path: 0.3904 | 1.0s
  Epoch 497/800 | Total: 2.334 Edge: 0.350 Con: 0.209 Cls: 1.384 Path: 0.3913 | 1.0s
  Epoch 498/800 | Total: 2.347 Edge: 0.354 Con: 0.212 Cls: 1.383 Path: 0.3972 | 0.9s
  Epoch 499/800 | Total: 2.407 Edge: 0.355 Con: 0.211 Cls: 1.440 Path: 0.4013 | 0.9s
  Epoch 500/800 | Total: 2.350 Edge: 0.353 Con: 0.211 Cls: 1.388 Path: 0.3975 | Val F1: 0.3576 | 0.9s
  Epoch 501/800 | Total: 2.341 Edge: 0.354 Con: 0.210 Cls: 1.382 Path: 0.3957 | 1.1s
  Epoch 502/800 | Total: 2.327 Edge: 0.353 Con: 0.211 Cls: 1.370 Path: 0.3927 | 1.0s
  Epoch 503/800 | Total: 2.344 Edge: 0.360 Con: 0.210 Cls: 1.378 Path: 0.3959 | 0.9s
  Epoch 504/800 | Total: 2.362 Edge: 0.360 Con: 0.212 Cls: 1.395 Path: 0.3950 | 0.9s
  Epoch 505/800 | Total: 2.377 Edge: 0.358 Con: 0.210 Cls: 1.407 Path: 0.4014 | Val F1: 0.3546 | 1.1s
  Epoch 506/800 | Total: 2.343 Edge: 0.352 Con: 0.212 Cls: 1.385 Path: 0.3935 | 1.2s
  Epoch 507/800 | Total: 2.344 Edge: 0.355 Con: 0.212 Cls: 1.384 Path: 0.3936 | 1.0s
  Epoch 508/800 | Total: 2.356 Edge: 0.355 Con: 0.212 Cls: 1.392 Path: 0.3960 | 0.9s
  Epoch 509/800 | Total: 2.340 Edge: 0.356 Con: 0.210 Cls: 1.376 Path: 0.3977 | 1.2s
  Epoch 510/800 | Total: 2.348 Edge: 0.351 Con: 0.209 Cls: 1.395 Path: 0.3923 | Val F1: 0.3534 | 1.0s
  Epoch 511/800 | Total: 2.343 Edge: 0.358 Con: 0.212 Cls: 1.381 Path: 0.3924 | 1.0s
  Epoch 512/800 | Total: 2.328 Edge: 0.351 Con: 0.209 Cls: 1.378 Path: 0.3890 | 1.0s
  Epoch 513/800 | Total: 2.356 Edge: 0.351 Con: 0.209 Cls: 1.407 Path: 0.3897 | 0.9s
  Epoch 514/800 | Total: 2.322 Edge: 0.348 Con: 0.208 Cls: 1.380 Path: 0.3866 | 1.1s
  Epoch 515/800 | Total: 2.319 Edge: 0.349 Con: 0.210 Cls: 1.373 Path: 0.3864 | Val F1: 0.3684 | 0.9s
  Epoch 516/800 | Total: 2.302 Edge: 0.348 Con: 0.207 Cls: 1.362 Path: 0.3840 | 0.9s
  Epoch 517/800 | Total: 2.312 Edge: 0.348 Con: 0.210 Cls: 1.369 Path: 0.3850 | 1.0s
  Epoch 518/800 | Total: 2.327 Edge: 0.350 Con: 0.209 Cls: 1.374 Path: 0.3946 | 1.1s
  Epoch 519/800 | Total: 2.339 Edge: 0.351 Con: 0.211 Cls: 1.379 Path: 0.3974 | 1.0s
  Epoch 520/800 | Total: 2.336 Edge: 0.352 Con: 0.211 Cls: 1.382 Path: 0.3914 | Val F1: 0.3644 | 1.1s
  Epoch 521/800 | Total: 2.321 Edge: 0.349 Con: 0.211 Cls: 1.375 Path: 0.3862 | 1.1s
  Epoch 522/800 | Total: 2.327 Edge: 0.348 Con: 0.210 Cls: 1.380 Path: 0.3892 | 1.1s
  Epoch 523/800 | Total: 2.325 Edge: 0.350 Con: 0.208 Cls: 1.378 Path: 0.3898 | 1.0s
  Epoch 524/800 | Total: 2.334 Edge: 0.349 Con: 0.209 Cls: 1.386 Path: 0.3890 | 0.9s
  Epoch 525/800 | Total: 2.347 Edge: 0.348 Con: 0.210 Cls: 1.397 Path: 0.3916 | Val F1: 0.3700 | 1.2s
  Epoch 526/800 | Total: 2.354 Edge: 0.352 Con: 0.212 Cls: 1.392 Path: 0.3978 | 1.0s
  Epoch 527/800 | Total: 2.418 Edge: 0.353 Con: 0.209 Cls: 1.457 Path: 0.3981 | 1.0s
  Epoch 528/800 | Total: 2.337 Edge: 0.353 Con: 0.211 Cls: 1.380 Path: 0.3934 | 1.0s
  Epoch 529/800 | Total: 2.348 Edge: 0.350 Con: 0.209 Cls: 1.399 Path: 0.3897 | 1.1s
  Epoch 530/800 | Total: 2.350 Edge: 0.352 Con: 0.211 Cls: 1.397 Path: 0.3899 | Val F1: 0.3661 | 1.0s
  Early stopping at epoch 530
  Best Val F1: 0.3714 | Test F1: 0.3760
  Total training time: 612.0s (10.2 min)

======================================================================
  Val  Macro-F1: 0.3714
  Test Macro-F1: 0.3760
  Test Accuracy: 0.6213
  Time: 613.7s
======================================================================

  Results saved to: results/NESS_ogbn-arxiv_MCAR_0.8_20260723_102042
