/home/erfan/MATE/venv/lib/python3.13/site-packages/outdated/__init__.py:36: UserWarning: pkg_resources is deprecated as an API. See https://setuptools.pypa.io/en/latest/pkg_resources.html. The pkg_resources package is slated for removal as early as 2025-11-30. Refrain from using this package or pin to Setuptools<81.
  from pkg_resources import parse_version
/home/erfan/MATE/ogbn_benchmarks/data_loader.py:96: UserWarning: Sparse invariant checks are implicitly disabled. Memory errors (e.g. SEGFAULT) will occur when operating on a sparse tensor which violates the invariants, but checks incur performance overhead. To silence this warning, explicitly opt in or out. See `torch.sparse.check_sparse_tensor_invariants.__doc__` for guidance.  (Triggered internally at /pytorch/aten/src/ATen/Context.cpp:760.)
  adj = torch.sparse_coo_tensor(edge_index, vals, (num_nodes, num_nodes)).coalesce()
======================================================================
  NESS | ogbn-arxiv | MCAR @ 80% | lr=0.001
======================================================================
[1/3] Loading ogbn-arxiv...
  169,343 nodes | 128 dims | 40 classes
[2/3] Simulating MCAR missingness...
Simulating MCAR missingness at 80% rate...
  MCAR: Uniform random selection
  Observable: 33,869 (20.0%)
  Masked: 135,474 (80.0%)
  Observable: 33,869 | Val: 67,737 | Test: 67,737
[3/3] Running NESS...
  Prefilling missing nodes via Feature Propagation (40 iters)...
  Partitioning graph into 20 clusters (cache_device=gpu)...
  Cached 20 clusters
  Training NESS for up to 800 epochs (patience=20)...
  Epoch 1/800 | Total: 4.828 Edge: 0.676 Con: 0.612 Cls: 3.513 Anchor: 0.0261 | 1.6s
  Epoch 2/800 | Total: 4.253 Edge: 0.612 Con: 0.449 Cls: 3.164 Anchor: 0.0275 | 0.8s
  Epoch 3/800 | Total: 4.048 Edge: 0.586 Con: 0.392 Cls: 3.045 Anchor: 0.0246 | 0.8s
  Epoch 4/800 | Total: 3.918 Edge: 0.576 Con: 0.357 Cls: 2.962 Anchor: 0.0233 | 0.9s
  Epoch 5/800 | Total: 3.870 Edge: 0.586 Con: 0.336 Cls: 2.925 Anchor: 0.0232 | Val F1: 0.0256 | 0.8s
  Epoch 6/800 | Total: 3.729 Edge: 0.582 Con: 0.323 Cls: 2.800 Anchor: 0.0232 | 0.8s
  Epoch 7/800 | Total: 3.642 Edge: 0.565 Con: 0.309 Cls: 2.744 Anchor: 0.0235 | 0.8s
  Epoch 8/800 | Total: 3.498 Edge: 0.574 Con: 0.297 Cls: 2.602 Anchor: 0.0243 | 0.8s
  Epoch 9/800 | Total: 3.342 Edge: 0.550 Con: 0.285 Cls: 2.483 Anchor: 0.0236 | 0.9s
  Epoch 10/800 | Total: 3.214 Edge: 0.543 Con: 0.280 Cls: 2.368 Anchor: 0.0236 | Val F1: 0.0660 | 0.9s
  Epoch 11/800 | Total: 3.161 Edge: 0.542 Con: 0.274 Cls: 2.321 Anchor: 0.0236 | 0.8s
  Epoch 12/800 | Total: 3.129 Edge: 0.544 Con: 0.274 Cls: 2.289 Anchor: 0.0228 | 0.8s
  Epoch 13/800 | Total: 3.185 Edge: 0.530 Con: 0.272 Cls: 2.359 Anchor: 0.0236 | 0.8s
  Epoch 14/800 | Total: 2.991 Edge: 0.516 Con: 0.263 Cls: 2.189 Anchor: 0.0229 | 0.8s
  Epoch 15/800 | Total: 2.897 Edge: 0.509 Con: 0.257 Cls: 2.108 Anchor: 0.0226 | Val F1: 0.1173 | 0.9s
  Epoch 16/800 | Total: 2.883 Edge: 0.510 Con: 0.252 Cls: 2.099 Anchor: 0.0221 | 0.9s
  Epoch 17/800 | Total: 2.801 Edge: 0.501 Con: 0.249 Cls: 2.029 Anchor: 0.0222 | 0.8s
  Epoch 18/800 | Total: 2.780 Edge: 0.497 Con: 0.246 Cls: 2.015 Anchor: 0.0223 | 0.8s
  Epoch 19/800 | Total: 2.843 Edge: 0.502 Con: 0.245 Cls: 2.074 Anchor: 0.0221 | 0.8s
  Epoch 20/800 | Total: 2.776 Edge: 0.493 Con: 0.242 Cls: 2.018 Anchor: 0.0231 | Val F1: 0.1482 | 0.9s
  Epoch 21/800 | Total: 2.717 Edge: 0.493 Con: 0.244 Cls: 1.956 Anchor: 0.0231 | 0.8s
  Epoch 22/800 | Total: 2.692 Edge: 0.489 Con: 0.246 Cls: 1.933 Anchor: 0.0230 | 1.0s
  Epoch 23/800 | Total: 2.735 Edge: 0.494 Con: 0.242 Cls: 1.976 Anchor: 0.0224 | 0.8s
  Epoch 24/800 | Total: 2.685 Edge: 0.484 Con: 0.241 Cls: 1.937 Anchor: 0.0223 | 0.9s
  Epoch 25/800 | Total: 2.668 Edge: 0.483 Con: 0.242 Cls: 1.921 Anchor: 0.0216 | Val F1: 0.1543 | 1.1s
  Epoch 26/800 | Total: 2.655 Edge: 0.476 Con: 0.238 Cls: 1.919 Anchor: 0.0216 | 0.9s
  Epoch 27/800 | Total: 2.629 Edge: 0.473 Con: 0.240 Cls: 1.894 Anchor: 0.0220 | 0.8s
  Epoch 28/800 | Total: 2.606 Edge: 0.471 Con: 0.238 Cls: 1.875 Anchor: 0.0217 | 0.8s
  Epoch 29/800 | Total: 2.621 Edge: 0.477 Con: 0.235 Cls: 1.887 Anchor: 0.0216 | 0.9s
  Epoch 30/800 | Total: 2.580 Edge: 0.477 Con: 0.236 Cls: 1.846 Anchor: 0.0220 | Val F1: 0.1821 | 1.1s
  Epoch 31/800 | Total: 2.568 Edge: 0.473 Con: 0.234 Cls: 1.839 Anchor: 0.0218 | 0.8s
  Epoch 32/800 | Total: 2.551 Edge: 0.469 Con: 0.235 Cls: 1.824 Anchor: 0.0222 | 0.8s
  Epoch 33/800 | Total: 2.537 Edge: 0.465 Con: 0.235 Cls: 1.814 Anchor: 0.0220 | 0.8s
  Epoch 34/800 | Total: 2.514 Edge: 0.459 Con: 0.233 Cls: 1.800 Anchor: 0.0220 | 1.0s
  Epoch 35/800 | Total: 2.504 Edge: 0.458 Con: 0.234 Cls: 1.790 Anchor: 0.0218 | Val F1: 0.2004 | 1.0s
  Epoch 36/800 | Total: 2.487 Edge: 0.457 Con: 0.233 Cls: 1.775 Anchor: 0.0224 | 0.9s
  Epoch 37/800 | Total: 2.507 Edge: 0.454 Con: 0.231 Cls: 1.799 Anchor: 0.0221 | 0.8s
  Epoch 38/800 | Total: 2.475 Edge: 0.451 Con: 0.233 Cls: 1.769 Anchor: 0.0218 | 0.8s
  Epoch 39/800 | Total: 2.459 Edge: 0.453 Con: 0.230 Cls: 1.754 Anchor: 0.0219 | 0.7s
  Epoch 40/800 | Total: 2.455 Edge: 0.451 Con: 0.232 Cls: 1.751 Anchor: 0.0216 | Val F1: 0.2214 | 0.8s
  Epoch 41/800 | Total: 2.455 Edge: 0.451 Con: 0.227 Cls: 1.755 Anchor: 0.0215 | 0.8s
  Epoch 42/800 | Total: 2.459 Edge: 0.450 Con: 0.229 Cls: 1.758 Anchor: 0.0216 | 1.1s
  Epoch 43/800 | Total: 2.444 Edge: 0.449 Con: 0.230 Cls: 1.743 Anchor: 0.0224 | 0.8s
  Epoch 44/800 | Total: 2.438 Edge: 0.447 Con: 0.226 Cls: 1.743 Anchor: 0.0214 | 0.9s
  Epoch 45/800 | Total: 2.454 Edge: 0.452 Con: 0.227 Cls: 1.754 Anchor: 0.0220 | Val F1: 0.2122 | 1.0s
  Epoch 46/800 | Total: 2.460 Edge: 0.449 Con: 0.226 Cls: 1.764 Anchor: 0.0217 | 1.1s
  Epoch 47/800 | Total: 2.444 Edge: 0.447 Con: 0.231 Cls: 1.743 Anchor: 0.0219 | 0.9s
  Epoch 48/800 | Total: 2.404 Edge: 0.443 Con: 0.226 Cls: 1.713 Anchor: 0.0219 | 0.8s
  Epoch 49/800 | Total: 2.407 Edge: 0.439 Con: 0.228 Cls: 1.718 Anchor: 0.0213 | 0.8s
  Epoch 50/800 | Total: 2.411 Edge: 0.444 Con: 0.226 Cls: 1.720 Anchor: 0.0213 | Val F1: 0.2138 | 0.8s
  Epoch 51/800 | Total: 2.397 Edge: 0.435 Con: 0.226 Cls: 1.715 Anchor: 0.0212 | 0.8s
  Epoch 52/800 | Total: 2.380 Edge: 0.439 Con: 0.227 Cls: 1.693 Anchor: 0.0212 | 0.9s
  Epoch 53/800 | Total: 2.390 Edge: 0.437 Con: 0.225 Cls: 1.707 Anchor: 0.0212 | 0.9s
  Epoch 54/800 | Total: 2.381 Edge: 0.439 Con: 0.226 Cls: 1.694 Anchor: 0.0211 | 0.8s
  Epoch 55/800 | Total: 2.405 Edge: 0.446 Con: 0.228 Cls: 1.708 Anchor: 0.0228 | Val F1: 0.2312 | 0.8s
  Epoch 56/800 | Total: 2.381 Edge: 0.451 Con: 0.225 Cls: 1.683 Anchor: 0.0218 | 1.0s
  Epoch 57/800 | Total: 2.364 Edge: 0.438 Con: 0.224 Cls: 1.681 Anchor: 0.0215 | 0.8s
  Epoch 58/800 | Total: 2.353 Edge: 0.436 Con: 0.225 Cls: 1.669 Anchor: 0.0218 | 0.9s
  Epoch 59/800 | Total: 2.350 Edge: 0.430 Con: 0.223 Cls: 1.675 Anchor: 0.0211 | 0.8s
  Epoch 60/800 | Total: 2.339 Edge: 0.430 Con: 0.225 Cls: 1.663 Anchor: 0.0209 | Val F1: 0.2336 | 0.8s
  Epoch 61/800 | Total: 2.341 Edge: 0.431 Con: 0.224 Cls: 1.666 Anchor: 0.0208 | 0.8s
  Epoch 62/800 | Total: 2.325 Edge: 0.427 Con: 0.225 Cls: 1.652 Anchor: 0.0210 | 0.8s
  Epoch 63/800 | Total: 2.332 Edge: 0.428 Con: 0.226 Cls: 1.657 Anchor: 0.0208 | 0.9s
  Epoch 64/800 | Total: 2.310 Edge: 0.426 Con: 0.222 Cls: 1.639 Anchor: 0.0215 | 0.8s
  Epoch 65/800 | Total: 2.320 Edge: 0.426 Con: 0.222 Cls: 1.649 Anchor: 0.0225 | Val F1: 0.2406 | 1.2s
  Epoch 66/800 | Total: 2.324 Edge: 0.433 Con: 0.221 Cls: 1.647 Anchor: 0.0221 | 0.9s
  Epoch 67/800 | Total: 2.377 Edge: 0.429 Con: 0.225 Cls: 1.700 Anchor: 0.0224 | 0.8s
  Epoch 68/800 | Total: 2.303 Edge: 0.431 Con: 0.220 Cls: 1.629 Anchor: 0.0228 | 0.9s
  Epoch 69/800 | Total: 2.292 Edge: 0.425 Con: 0.224 Cls: 1.622 Anchor: 0.0219 | 0.8s
  Epoch 70/800 | Total: 2.275 Edge: 0.426 Con: 0.222 Cls: 1.607 Anchor: 0.0212 | Val F1: 0.2505 | 0.9s
  Epoch 71/800 | Total: 2.278 Edge: 0.428 Con: 0.222 Cls: 1.608 Anchor: 0.0208 | 0.8s
  Epoch 72/800 | Total: 2.329 Edge: 0.431 Con: 0.224 Cls: 1.652 Anchor: 0.0216 | 0.8s
  Epoch 73/800 | Total: 2.342 Edge: 0.431 Con: 0.223 Cls: 1.665 Anchor: 0.0223 | 0.9s
  Epoch 74/800 | Total: 2.355 Edge: 0.433 Con: 0.221 Cls: 1.680 Anchor: 0.0212 | 0.9s
  Epoch 75/800 | Total: 2.308 Edge: 0.423 Con: 0.219 Cls: 1.644 Anchor: 0.0216 | Val F1: 0.2300 | 1.0s
  Epoch 76/800 | Total: 2.297 Edge: 0.422 Con: 0.220 Cls: 1.633 Anchor: 0.0214 | 1.0s
  Epoch 77/800 | Total: 2.275 Edge: 0.425 Con: 0.222 Cls: 1.606 Anchor: 0.0214 | 0.8s
  Epoch 78/800 | Total: 2.269 Edge: 0.418 Con: 0.220 Cls: 1.610 Anchor: 0.0212 | 0.7s
  Epoch 79/800 | Total: 2.285 Edge: 0.418 Con: 0.224 Cls: 1.621 Anchor: 0.0219 | 0.7s
  Epoch 80/800 | Total: 2.244 Edge: 0.414 Con: 0.220 Cls: 1.590 Anchor: 0.0201 | Val F1: 0.2541 | 0.8s
  Epoch 81/800 | Total: 2.244 Edge: 0.413 Con: 0.218 Cls: 1.593 Anchor: 0.0200 | 1.0s
  Epoch 82/800 | Total: 2.242 Edge: 0.415 Con: 0.217 Cls: 1.589 Anchor: 0.0203 | 0.9s
  Epoch 83/800 | Total: 2.257 Edge: 0.411 Con: 0.221 Cls: 1.604 Anchor: 0.0205 | 0.9s
  Epoch 84/800 | Total: 2.262 Edge: 0.413 Con: 0.222 Cls: 1.607 Anchor: 0.0202 | 0.8s
  Epoch 85/800 | Total: 2.256 Edge: 0.413 Con: 0.219 Cls: 1.603 Anchor: 0.0209 | Val F1: 0.2648 | 0.9s
  Epoch 86/800 | Total: 2.244 Edge: 0.412 Con: 0.219 Cls: 1.592 Anchor: 0.0205 | 0.8s
  Epoch 87/800 | Total: 2.251 Edge: 0.417 Con: 0.221 Cls: 1.592 Anchor: 0.0205 | 0.8s
  Epoch 88/800 | Total: 2.249 Edge: 0.422 Con: 0.220 Cls: 1.587 Anchor: 0.0207 | 0.7s
  Epoch 89/800 | Total: 2.246 Edge: 0.418 Con: 0.219 Cls: 1.588 Anchor: 0.0210 | 0.8s
  Epoch 90/800 | Total: 2.295 Edge: 0.423 Con: 0.220 Cls: 1.631 Anchor: 0.0207 | Val F1: 0.2606 | 1.0s
  Epoch 91/800 | Total: 2.235 Edge: 0.415 Con: 0.219 Cls: 1.581 Anchor: 0.0206 | 1.0s
  Epoch 92/800 | Total: 2.238 Edge: 0.407 Con: 0.217 Cls: 1.593 Anchor: 0.0205 | 0.9s
  Epoch 93/800 | Total: 2.214 Edge: 0.406 Con: 0.218 Cls: 1.569 Anchor: 0.0200 | 0.7s
  Epoch 94/800 | Total: 2.222 Edge: 0.408 Con: 0.217 Cls: 1.576 Anchor: 0.0205 | 0.8s
  Epoch 95/800 | Total: 2.226 Edge: 0.407 Con: 0.219 Cls: 1.580 Anchor: 0.0199 | Val F1: 0.2688 | 1.1s
  Epoch 96/800 | Total: 2.222 Edge: 0.407 Con: 0.218 Cls: 1.577 Anchor: 0.0202 | 0.9s
  Epoch 97/800 | Total: 2.222 Edge: 0.407 Con: 0.219 Cls: 1.577 Anchor: 0.0203 | 0.7s
  Epoch 98/800 | Total: 2.216 Edge: 0.407 Con: 0.217 Cls: 1.572 Anchor: 0.0203 | 0.8s
  Epoch 99/800 | Total: 2.225 Edge: 0.408 Con: 0.218 Cls: 1.579 Anchor: 0.0204 | 0.9s
  Epoch 100/800 | Total: 2.189 Edge: 0.407 Con: 0.216 Cls: 1.545 Anchor: 0.0208 | Val F1: 0.2686 | 0.9s
  Epoch 101/800 | Total: 2.226 Edge: 0.408 Con: 0.219 Cls: 1.579 Anchor: 0.0203 | 0.8s
  Epoch 102/800 | Total: 2.211 Edge: 0.411 Con: 0.216 Cls: 1.563 Anchor: 0.0206 | 0.9s
  Epoch 103/800 | Total: 2.212 Edge: 0.408 Con: 0.220 Cls: 1.563 Anchor: 0.0206 | 0.8s
  Epoch 104/800 | Total: 2.203 Edge: 0.412 Con: 0.217 Cls: 1.553 Anchor: 0.0207 | 0.9s
  Epoch 105/800 | Total: 2.215 Edge: 0.404 Con: 0.217 Cls: 1.573 Anchor: 0.0212 | Val F1: 0.2772 | 1.0s
  Epoch 106/800 | Total: 2.210 Edge: 0.407 Con: 0.218 Cls: 1.563 Anchor: 0.0221 | 0.8s
  Epoch 107/800 | Total: 2.193 Edge: 0.406 Con: 0.217 Cls: 1.549 Anchor: 0.0217 | 0.9s
  Epoch 108/800 | Total: 2.204 Edge: 0.408 Con: 0.217 Cls: 1.558 Anchor: 0.0211 | 0.8s
  Epoch 109/800 | Total: 2.202 Edge: 0.402 Con: 0.216 Cls: 1.562 Anchor: 0.0213 | 0.8s
  Epoch 110/800 | Total: 2.184 Edge: 0.408 Con: 0.216 Cls: 1.540 Anchor: 0.0206 | Val F1: 0.2857 | 0.8s
  Epoch 111/800 | Total: 2.180 Edge: 0.403 Con: 0.218 Cls: 1.538 Anchor: 0.0202 | 0.8s
  Epoch 112/800 | Total: 2.155 Edge: 0.398 Con: 0.217 Cls: 1.519 Anchor: 0.0203 | 0.8s
  Epoch 113/800 | Total: 2.189 Edge: 0.398 Con: 0.216 Cls: 1.554 Anchor: 0.0202 | 0.8s
  Epoch 114/800 | Total: 2.167 Edge: 0.397 Con: 0.217 Cls: 1.533 Anchor: 0.0205 | 0.9s
  Epoch 115/800 | Total: 2.193 Edge: 0.403 Con: 0.219 Cls: 1.551 Anchor: 0.0201 | Val F1: 0.2735 | 1.0s
  Epoch 116/800 | Total: 2.203 Edge: 0.403 Con: 0.217 Cls: 1.562 Anchor: 0.0206 | 0.9s
  Epoch 117/800 | Total: 2.173 Edge: 0.412 Con: 0.217 Cls: 1.525 Anchor: 0.0200 | 0.8s
  Epoch 118/800 | Total: 2.202 Edge: 0.414 Con: 0.216 Cls: 1.552 Anchor: 0.0206 | 0.9s
  Epoch 119/800 | Total: 2.200 Edge: 0.410 Con: 0.219 Cls: 1.551 Anchor: 0.0206 | 0.8s
  Epoch 120/800 | Total: 2.173 Edge: 0.405 Con: 0.218 Cls: 1.530 Anchor: 0.0206 | Val F1: 0.2826 | 1.0s
  Epoch 121/800 | Total: 2.175 Edge: 0.403 Con: 0.215 Cls: 1.537 Anchor: 0.0205 | 0.9s
  Epoch 122/800 | Total: 2.171 Edge: 0.402 Con: 0.217 Cls: 1.533 Anchor: 0.0202 | 0.9s
  Epoch 123/800 | Total: 2.167 Edge: 0.398 Con: 0.215 Cls: 1.533 Anchor: 0.0207 | 0.9s
  Epoch 124/800 | Total: 2.155 Edge: 0.407 Con: 0.218 Cls: 1.509 Anchor: 0.0203 | 0.8s
  Epoch 125/800 | Total: 2.166 Edge: 0.402 Con: 0.217 Cls: 1.526 Anchor: 0.0206 | Val F1: 0.3002 | 1.1s
  Epoch 126/800 | Total: 2.161 Edge: 0.397 Con: 0.216 Cls: 1.528 Anchor: 0.0200 | 0.8s
  Epoch 127/800 | Total: 2.148 Edge: 0.397 Con: 0.215 Cls: 1.516 Anchor: 0.0205 | 0.9s
  Epoch 128/800 | Total: 2.167 Edge: 0.396 Con: 0.215 Cls: 1.535 Anchor: 0.0207 | 0.8s
  Epoch 129/800 | Total: 2.172 Edge: 0.395 Con: 0.217 Cls: 1.540 Anchor: 0.0202 | 0.8s
  Epoch 130/800 | Total: 2.191 Edge: 0.395 Con: 0.215 Cls: 1.559 Anchor: 0.0212 | Val F1: 0.2855 | 0.8s
  Epoch 131/800 | Total: 2.201 Edge: 0.395 Con: 0.218 Cls: 1.567 Anchor: 0.0209 | 1.1s
  Epoch 132/800 | Total: 2.176 Edge: 0.397 Con: 0.217 Cls: 1.541 Anchor: 0.0206 | 1.0s
  Epoch 133/800 | Total: 2.156 Edge: 0.397 Con: 0.216 Cls: 1.522 Anchor: 0.0206 | 0.9s
  Epoch 134/800 | Total: 2.142 Edge: 0.398 Con: 0.217 Cls: 1.506 Anchor: 0.0210 | 0.8s
  Epoch 135/800 | Total: 2.193 Edge: 0.407 Con: 0.217 Cls: 1.549 Anchor: 0.0210 | Val F1: 0.2840 | 1.0s
  Epoch 136/800 | Total: 2.174 Edge: 0.411 Con: 0.214 Cls: 1.530 Anchor: 0.0196 | 0.8s
  Epoch 137/800 | Total: 2.151 Edge: 0.407 Con: 0.216 Cls: 1.508 Anchor: 0.0199 | 0.8s
  Epoch 138/800 | Total: 2.144 Edge: 0.395 Con: 0.217 Cls: 1.510 Anchor: 0.0207 | 0.8s
  Epoch 139/800 | Total: 2.140 Edge: 0.399 Con: 0.215 Cls: 1.505 Anchor: 0.0204 | 0.8s
  Epoch 140/800 | Total: 2.151 Edge: 0.398 Con: 0.216 Cls: 1.517 Anchor: 0.0208 | Val F1: 0.2941 | 0.9s
  Epoch 141/800 | Total: 2.148 Edge: 0.401 Con: 0.217 Cls: 1.509 Anchor: 0.0211 | 0.9s
  Epoch 142/800 | Total: 2.175 Edge: 0.403 Con: 0.216 Cls: 1.534 Anchor: 0.0213 | 0.9s
  Epoch 143/800 | Total: 2.139 Edge: 0.397 Con: 0.216 Cls: 1.506 Anchor: 0.0206 | 0.8s
  Epoch 144/800 | Total: 2.120 Edge: 0.392 Con: 0.212 Cls: 1.495 Anchor: 0.0207 | 0.8s
  Epoch 145/800 | Total: 2.130 Edge: 0.391 Con: 0.215 Cls: 1.503 Anchor: 0.0207 | Val F1: 0.2993 | 1.0s
  Epoch 146/800 | Total: 2.139 Edge: 0.392 Con: 0.215 Cls: 1.511 Anchor: 0.0207 | 0.8s
  Epoch 147/800 | Total: 2.132 Edge: 0.394 Con: 0.213 Cls: 1.504 Anchor: 0.0207 | 0.7s
  Epoch 148/800 | Total: 2.159 Edge: 0.393 Con: 0.214 Cls: 1.531 Anchor: 0.0206 | 0.8s
  Epoch 149/800 | Total: 2.293 Edge: 0.404 Con: 0.220 Cls: 1.646 Anchor: 0.0219 | 0.8s
  Epoch 150/800 | Total: 2.173 Edge: 0.403 Con: 0.214 Cls: 1.534 Anchor: 0.0229 | Val F1: 0.2887 | 0.8s
  Epoch 151/800 | Total: 2.150 Edge: 0.392 Con: 0.214 Cls: 1.523 Anchor: 0.0213 | 0.8s
  Epoch 152/800 | Total: 2.149 Edge: 0.393 Con: 0.217 Cls: 1.518 Anchor: 0.0207 | 0.8s
  Epoch 153/800 | Total: 2.134 Edge: 0.395 Con: 0.215 Cls: 1.505 Anchor: 0.0206 | 0.8s
  Epoch 154/800 | Total: 2.131 Edge: 0.392 Con: 0.214 Cls: 1.505 Anchor: 0.0197 | 0.8s
  Epoch 155/800 | Total: 2.126 Edge: 0.390 Con: 0.216 Cls: 1.500 Anchor: 0.0204 | Val F1: 0.2963 | 0.8s
  Epoch 156/800 | Total: 2.107 Edge: 0.391 Con: 0.215 Cls: 1.480 Anchor: 0.0206 | 0.9s
  Epoch 157/800 | Total: 2.131 Edge: 0.391 Con: 0.213 Cls: 1.506 Anchor: 0.0202 | 0.9s
  Epoch 158/800 | Total: 2.116 Edge: 0.400 Con: 0.214 Cls: 1.482 Anchor: 0.0199 | 1.0s
  Epoch 159/800 | Total: 2.139 Edge: 0.395 Con: 0.215 Cls: 1.508 Anchor: 0.0204 | 0.8s
  Epoch 160/800 | Total: 2.130 Edge: 0.393 Con: 0.213 Cls: 1.504 Anchor: 0.0213 | Val F1: 0.2944 | 0.8s
  Epoch 161/800 | Total: 2.111 Edge: 0.387 Con: 0.214 Cls: 1.489 Anchor: 0.0207 | 0.8s
  Epoch 162/800 | Total: 2.100 Edge: 0.385 Con: 0.211 Cls: 1.482 Anchor: 0.0218 | 0.8s
  Epoch 163/800 | Total: 2.117 Edge: 0.387 Con: 0.214 Cls: 1.495 Anchor: 0.0214 | 0.8s
  Epoch 164/800 | Total: 2.151 Edge: 0.396 Con: 0.214 Cls: 1.520 Anchor: 0.0209 | 0.8s
  Epoch 165/800 | Total: 2.124 Edge: 0.394 Con: 0.214 Cls: 1.496 Anchor: 0.0205 | Val F1: 0.3096 | 0.9s
  Epoch 166/800 | Total: 2.108 Edge: 0.388 Con: 0.211 Cls: 1.489 Anchor: 0.0197 | 0.8s
  Epoch 167/800 | Total: 2.092 Edge: 0.384 Con: 0.213 Cls: 1.475 Anchor: 0.0199 | 0.9s
  Epoch 168/800 | Total: 2.098 Edge: 0.389 Con: 0.214 Cls: 1.475 Anchor: 0.0200 | 0.9s
  Epoch 169/800 | Total: 2.102 Edge: 0.385 Con: 0.211 Cls: 1.486 Anchor: 0.0203 | 0.9s
  Epoch 170/800 | Total: 2.117 Edge: 0.385 Con: 0.214 Cls: 1.497 Anchor: 0.0215 | Val F1: 0.3172 | 1.0s
  Epoch 171/800 | Total: 2.121 Edge: 0.387 Con: 0.215 Cls: 1.499 Anchor: 0.0207 | 0.8s
  Epoch 172/800 | Total: 2.159 Edge: 0.389 Con: 0.216 Cls: 1.532 Anchor: 0.0210 | 0.7s
  Epoch 173/800 | Total: 2.128 Edge: 0.387 Con: 0.212 Cls: 1.509 Anchor: 0.0210 | 0.7s
  Epoch 174/800 | Total: 2.108 Edge: 0.389 Con: 0.215 Cls: 1.483 Anchor: 0.0207 | 0.8s
  Epoch 175/800 | Total: 2.130 Edge: 0.391 Con: 0.211 Cls: 1.508 Anchor: 0.0208 | Val F1: 0.3066 | 0.8s
  Epoch 176/800 | Total: 2.127 Edge: 0.393 Con: 0.214 Cls: 1.499 Anchor: 0.0208 | 0.8s
  Epoch 177/800 | Total: 2.115 Edge: 0.391 Con: 0.213 Cls: 1.491 Anchor: 0.0205 | 0.7s
  Epoch 178/800 | Total: 2.116 Edge: 0.388 Con: 0.213 Cls: 1.495 Anchor: 0.0207 | 0.8s
  Epoch 179/800 | Total: 2.119 Edge: 0.388 Con: 0.213 Cls: 1.498 Anchor: 0.0205 | 0.7s
  Epoch 180/800 | Total: 2.136 Edge: 0.395 Con: 0.215 Cls: 1.505 Anchor: 0.0212 | Val F1: 0.3132 | 0.8s
  Epoch 181/800 | Total: 2.116 Edge: 0.393 Con: 0.212 Cls: 1.490 Anchor: 0.0206 | 0.9s
  Epoch 182/800 | Total: 2.106 Edge: 0.393 Con: 0.213 Cls: 1.479 Anchor: 0.0208 | 0.8s
  Epoch 183/800 | Total: 2.095 Edge: 0.385 Con: 0.212 Cls: 1.478 Anchor: 0.0211 | 1.5s
  Epoch 184/800 | Total: 2.105 Edge: 0.385 Con: 0.216 Cls: 1.483 Anchor: 0.0209 | 1.4s
  Epoch 185/800 | Total: 2.083 Edge: 0.383 Con: 0.213 Cls: 1.466 Anchor: 0.0207 | Val F1: 0.3141 | 2.0s
  Epoch 186/800 | Total: 2.102 Edge: 0.384 Con: 0.213 Cls: 1.484 Anchor: 0.0208 | 1.4s
  Epoch 187/800 | Total: 2.096 Edge: 0.387 Con: 0.214 Cls: 1.474 Anchor: 0.0211 | 1.5s
  Epoch 188/800 | Total: 2.225 Edge: 0.391 Con: 0.212 Cls: 1.601 Anchor: 0.0212 | 1.5s
  Epoch 189/800 | Total: 2.259 Edge: 0.393 Con: 0.222 Cls: 1.623 Anchor: 0.0209 | 1.5s
  Epoch 190/800 | Total: 2.143 Edge: 0.391 Con: 0.217 Cls: 1.515 Anchor: 0.0205 | Val F1: 0.3191 | 2.1s
  Epoch 191/800 | Total: 2.128 Edge: 0.391 Con: 0.216 Cls: 1.501 Anchor: 0.0203 | 1.5s
  Epoch 192/800 | Total: 2.102 Edge: 0.389 Con: 0.214 Cls: 1.478 Anchor: 0.0205 | 1.5s
  Epoch 193/800 | Total: 2.105 Edge: 0.389 Con: 0.214 Cls: 1.481 Anchor: 0.0209 | 1.5s
  Epoch 194/800 | Total: 2.117 Edge: 0.392 Con: 0.213 Cls: 1.491 Anchor: 0.0202 | 1.5s
  Epoch 195/800 | Total: 2.102 Edge: 0.385 Con: 0.212 Cls: 1.484 Anchor: 0.0208 | Val F1: 0.3149 | 2.1s
  Epoch 196/800 | Total: 2.098 Edge: 0.383 Con: 0.212 Cls: 1.482 Anchor: 0.0207 | 1.5s
  Epoch 197/800 | Total: 2.090 Edge: 0.385 Con: 0.212 Cls: 1.472 Anchor: 0.0209 | 1.5s
  Epoch 198/800 | Total: 2.078 Edge: 0.386 Con: 0.212 Cls: 1.458 Anchor: 0.0212 | 1.5s
  Epoch 199/800 | Total: 2.091 Edge: 0.384 Con: 0.211 Cls: 1.475 Anchor: 0.0204 | 1.5s
  Epoch 200/800 | Total: 2.083 Edge: 0.387 Con: 0.212 Cls: 1.463 Anchor: 0.0200 | Val F1: 0.3147 | 2.1s
  Epoch 201/800 | Total: 2.070 Edge: 0.381 Con: 0.211 Cls: 1.457 Anchor: 0.0211 | 1.5s
  Epoch 202/800 | Total: 2.090 Edge: 0.388 Con: 0.212 Cls: 1.470 Anchor: 0.0206 | 1.6s
  Epoch 203/800 | Total: 2.080 Edge: 0.383 Con: 0.212 Cls: 1.465 Anchor: 0.0202 | 1.5s
  Epoch 204/800 | Total: 2.109 Edge: 0.387 Con: 0.212 Cls: 1.489 Anchor: 0.0202 | 1.6s
  Epoch 205/800 | Total: 2.083 Edge: 0.382 Con: 0.212 Cls: 1.469 Anchor: 0.0201 | Val F1: 0.3190 | 2.2s
  Epoch 206/800 | Total: 2.109 Edge: 0.389 Con: 0.211 Cls: 1.489 Anchor: 0.0200 | 1.5s
  Epoch 207/800 | Total: 2.083 Edge: 0.386 Con: 0.210 Cls: 1.467 Anchor: 0.0194 | 1.5s
  Epoch 208/800 | Total: 2.071 Edge: 0.384 Con: 0.212 Cls: 1.456 Anchor: 0.0196 | 1.6s
  Epoch 209/800 | Total: 2.073 Edge: 0.381 Con: 0.211 Cls: 1.462 Anchor: 0.0196 | 1.6s
  Epoch 210/800 | Total: 2.080 Edge: 0.380 Con: 0.212 Cls: 1.468 Anchor: 0.0202 | Val F1: 0.3153 | 2.1s
  Epoch 211/800 | Total: 2.084 Edge: 0.386 Con: 0.210 Cls: 1.467 Anchor: 0.0207 | 1.5s
  Epoch 212/800 | Total: 2.086 Edge: 0.390 Con: 0.211 Cls: 1.465 Anchor: 0.0203 | 1.5s
  Epoch 213/800 | Total: 2.113 Edge: 0.388 Con: 0.212 Cls: 1.492 Anchor: 0.0205 | 1.6s
  Epoch 214/800 | Total: 2.095 Edge: 0.385 Con: 0.211 Cls: 1.479 Anchor: 0.0206 | 1.5s
  Epoch 215/800 | Total: 2.088 Edge: 0.383 Con: 0.213 Cls: 1.473 Anchor: 0.0192 | Val F1: 0.3177 | 2.1s
  Epoch 216/800 | Total: 2.081 Edge: 0.379 Con: 0.210 Cls: 1.472 Anchor: 0.0195 | 1.5s
  Epoch 217/800 | Total: 2.091 Edge: 0.380 Con: 0.212 Cls: 1.479 Anchor: 0.0195 | 1.6s
  Epoch 218/800 | Total: 2.136 Edge: 0.383 Con: 0.213 Cls: 1.521 Anchor: 0.0196 | 1.6s
  Epoch 219/800 | Total: 2.109 Edge: 0.385 Con: 0.211 Cls: 1.494 Anchor: 0.0190 | 1.5s
  Epoch 220/800 | Total: 2.090 Edge: 0.382 Con: 0.211 Cls: 1.477 Anchor: 0.0199 | Val F1: 0.3184 | 2.1s
  Epoch 221/800 | Total: 2.071 Edge: 0.382 Con: 0.210 Cls: 1.459 Anchor: 0.0201 | 1.6s
  Epoch 222/800 | Total: 2.047 Edge: 0.379 Con: 0.212 Cls: 1.437 Anchor: 0.0195 | 1.5s
  Epoch 223/800 | Total: 2.062 Edge: 0.378 Con: 0.209 Cls: 1.455 Anchor: 0.0199 | 1.6s
  Epoch 224/800 | Total: 2.068 Edge: 0.378 Con: 0.208 Cls: 1.462 Anchor: 0.0199 | 1.5s
  Epoch 225/800 | Total: 2.061 Edge: 0.377 Con: 0.210 Cls: 1.454 Anchor: 0.0200 | Val F1: 0.3311 | 2.2s
  Epoch 226/800 | Total: 2.046 Edge: 0.378 Con: 0.211 Cls: 1.437 Anchor: 0.0197 | 1.5s
  Epoch 227/800 | Total: 2.073 Edge: 0.379 Con: 0.212 Cls: 1.462 Anchor: 0.0195 | 1.5s
  Epoch 228/800 | Total: 2.060 Edge: 0.377 Con: 0.210 Cls: 1.453 Anchor: 0.0199 | 1.4s
  Epoch 229/800 | Total: 2.055 Edge: 0.376 Con: 0.212 Cls: 1.447 Anchor: 0.0194 | 1.6s
  Epoch 230/800 | Total: 2.061 Edge: 0.377 Con: 0.210 Cls: 1.453 Anchor: 0.0201 | Val F1: 0.3297 | 2.2s
  Epoch 231/800 | Total: 2.084 Edge: 0.379 Con: 0.209 Cls: 1.476 Anchor: 0.0201 | 1.5s
  Epoch 232/800 | Total: 2.096 Edge: 0.380 Con: 0.210 Cls: 1.486 Anchor: 0.0195 | 1.5s
  Epoch 233/800 | Total: 2.079 Edge: 0.378 Con: 0.211 Cls: 1.470 Anchor: 0.0197 | 1.6s
  Epoch 234/800 | Total: 2.111 Edge: 0.380 Con: 0.211 Cls: 1.500 Anchor: 0.0197 | 1.5s
  Epoch 235/800 | Total: 2.096 Edge: 0.387 Con: 0.211 Cls: 1.479 Anchor: 0.0193 | Val F1: 0.3072 | 2.3s
  Epoch 236/800 | Total: 2.081 Edge: 0.385 Con: 0.212 Cls: 1.463 Anchor: 0.0199 | 1.5s
  Epoch 237/800 | Total: 2.066 Edge: 0.377 Con: 0.209 Cls: 1.460 Anchor: 0.0196 | 1.5s
  Epoch 238/800 | Total: 2.061 Edge: 0.376 Con: 0.210 Cls: 1.455 Anchor: 0.0201 | 1.5s
  Epoch 239/800 | Total: 2.091 Edge: 0.377 Con: 0.212 Cls: 1.482 Anchor: 0.0200 | 1.5s
  Epoch 240/800 | Total: 2.077 Edge: 0.380 Con: 0.209 Cls: 1.466 Anchor: 0.0207 | Val F1: 0.3135 | 2.2s
  Epoch 241/800 | Total: 2.079 Edge: 0.378 Con: 0.211 Cls: 1.470 Anchor: 0.0210 | 1.5s
  Epoch 242/800 | Total: 2.059 Edge: 0.384 Con: 0.209 Cls: 1.445 Anchor: 0.0208 | 1.4s
  Epoch 243/800 | Total: 2.071 Edge: 0.384 Con: 0.209 Cls: 1.458 Anchor: 0.0201 | 1.5s
  Epoch 244/800 | Total: 2.075 Edge: 0.377 Con: 0.212 Cls: 1.466 Anchor: 0.0198 | 1.5s
  Epoch 245/800 | Total: 2.115 Edge: 0.385 Con: 0.210 Cls: 1.501 Anchor: 0.0198 | Val F1: 0.3145 | 2.1s
  Epoch 246/800 | Total: 2.093 Edge: 0.381 Con: 0.211 Cls: 1.481 Anchor: 0.0203 | 1.5s
  Epoch 247/800 | Total: 2.063 Edge: 0.377 Con: 0.211 Cls: 1.455 Anchor: 0.0196 | 1.5s
  Epoch 248/800 | Total: 2.062 Edge: 0.378 Con: 0.209 Cls: 1.455 Anchor: 0.0197 | 1.5s
  Epoch 249/800 | Total: 2.053 Edge: 0.378 Con: 0.211 Cls: 1.445 Anchor: 0.0200 | 1.6s
  Epoch 250/800 | Total: 2.055 Edge: 0.375 Con: 0.210 Cls: 1.449 Anchor: 0.0211 | Val F1: 0.3398 | 2.3s
  Epoch 251/800 | Total: 2.041 Edge: 0.373 Con: 0.208 Cls: 1.440 Anchor: 0.0205 | 1.6s
  Epoch 252/800 | Total: 2.051 Edge: 0.376 Con: 0.207 Cls: 1.447 Anchor: 0.0204 | 1.5s
  Epoch 253/800 | Total: 2.073 Edge: 0.382 Con: 0.210 Cls: 1.461 Anchor: 0.0208 | 1.5s
  Epoch 254/800 | Total: 2.063 Edge: 0.379 Con: 0.211 Cls: 1.453 Anchor: 0.0204 | 1.5s
  Epoch 255/800 | Total: 2.060 Edge: 0.376 Con: 0.208 Cls: 1.455 Anchor: 0.0203 | Val F1: 0.3266 | 2.1s
  Epoch 256/800 | Total: 2.062 Edge: 0.378 Con: 0.209 Cls: 1.454 Anchor: 0.0199 | 1.4s
  Epoch 257/800 | Total: 2.068 Edge: 0.376 Con: 0.211 Cls: 1.461 Anchor: 0.0201 | 1.5s
  Epoch 258/800 | Total: 2.053 Edge: 0.376 Con: 0.210 Cls: 1.448 Anchor: 0.0197 | 1.5s
  Epoch 259/800 | Total: 2.066 Edge: 0.379 Con: 0.210 Cls: 1.457 Anchor: 0.0203 | 1.5s
  Epoch 260/800 | Total: 2.064 Edge: 0.379 Con: 0.209 Cls: 1.456 Anchor: 0.0206 | Val F1: 0.3298 | 2.2s
  Epoch 261/800 | Total: 2.074 Edge: 0.382 Con: 0.211 Cls: 1.461 Anchor: 0.0207 | 1.5s
  Epoch 262/800 | Total: 2.109 Edge: 0.384 Con: 0.209 Cls: 1.496 Anchor: 0.0201 | 1.5s
  Epoch 263/800 | Total: 2.070 Edge: 0.379 Con: 0.211 Cls: 1.460 Anchor: 0.0201 | 1.5s
  Epoch 264/800 | Total: 2.061 Edge: 0.376 Con: 0.210 Cls: 1.454 Anchor: 0.0201 | 1.4s
  Epoch 265/800 | Total: 2.069 Edge: 0.380 Con: 0.208 Cls: 1.461 Anchor: 0.0200 | Val F1: 0.3321 | 2.3s
  Epoch 266/800 | Total: 2.085 Edge: 0.378 Con: 0.212 Cls: 1.475 Anchor: 0.0196 | 1.5s
  Epoch 267/800 | Total: 2.072 Edge: 0.381 Con: 0.209 Cls: 1.462 Anchor: 0.0200 | 1.5s
  Epoch 268/800 | Total: 2.067 Edge: 0.380 Con: 0.210 Cls: 1.457 Anchor: 0.0201 | 1.5s
  Epoch 269/800 | Total: 2.046 Edge: 0.374 Con: 0.208 Cls: 1.444 Anchor: 0.0198 | 1.1s
  Epoch 270/800 | Total: 2.093 Edge: 0.377 Con: 0.209 Cls: 1.487 Anchor: 0.0200 | Val F1: 0.3308 | 1.4s
  Epoch 271/800 | Total: 2.091 Edge: 0.377 Con: 0.209 Cls: 1.485 Anchor: 0.0202 | 1.2s
  Epoch 272/800 | Total: 2.082 Edge: 0.375 Con: 0.210 Cls: 1.476 Anchor: 0.0203 | 1.1s
  Epoch 273/800 | Total: 2.044 Edge: 0.374 Con: 0.208 Cls: 1.442 Anchor: 0.0197 | 1.1s
  Epoch 274/800 | Total: 2.058 Edge: 0.376 Con: 0.210 Cls: 1.451 Anchor: 0.0206 | 1.2s
  Epoch 275/800 | Total: 2.086 Edge: 0.380 Con: 0.210 Cls: 1.476 Anchor: 0.0204 | Val F1: 0.3387 | 1.2s
  Epoch 276/800 | Total: 2.068 Edge: 0.396 Con: 0.211 Cls: 1.442 Anchor: 0.0199 | 1.0s
  Epoch 277/800 | Total: 2.063 Edge: 0.384 Con: 0.208 Cls: 1.450 Anchor: 0.0208 | 1.0s
  Epoch 278/800 | Total: 2.054 Edge: 0.382 Con: 0.209 Cls: 1.442 Anchor: 0.0205 | 1.1s
  Epoch 279/800 | Total: 2.058 Edge: 0.384 Con: 0.208 Cls: 1.445 Anchor: 0.0208 | 1.2s
  Epoch 280/800 | Total: 2.063 Edge: 0.379 Con: 0.210 Cls: 1.454 Anchor: 0.0204 | Val F1: 0.3347 | 1.6s
  Epoch 281/800 | Total: 2.031 Edge: 0.374 Con: 0.208 Cls: 1.429 Anchor: 0.0205 | 1.4s
  Epoch 282/800 | Total: 2.040 Edge: 0.371 Con: 0.209 Cls: 1.439 Anchor: 0.0204 | 1.3s
  Epoch 283/800 | Total: 2.055 Edge: 0.373 Con: 0.210 Cls: 1.452 Anchor: 0.0203 | 1.3s
  Epoch 284/800 | Total: 2.032 Edge: 0.373 Con: 0.207 Cls: 1.431 Anchor: 0.0206 | 1.4s
  Epoch 285/800 | Total: 2.032 Edge: 0.373 Con: 0.208 Cls: 1.431 Anchor: 0.0208 | Val F1: 0.3069 | 2.2s
  Epoch 286/800 | Total: 2.099 Edge: 0.379 Con: 0.208 Cls: 1.492 Anchor: 0.0202 | 1.3s
  Epoch 287/800 | Total: 2.048 Edge: 0.383 Con: 0.209 Cls: 1.436 Anchor: 0.0204 | 1.4s
  Epoch 288/800 | Total: 2.040 Edge: 0.377 Con: 0.208 Cls: 1.434 Anchor: 0.0203 | 1.1s
  Epoch 289/800 | Total: 2.046 Edge: 0.375 Con: 0.207 Cls: 1.444 Anchor: 0.0203 | 1.2s
  Epoch 290/800 | Total: 2.060 Edge: 0.372 Con: 0.207 Cls: 1.462 Anchor: 0.0194 | Val F1: 0.3341 | 1.3s
  Epoch 291/800 | Total: 2.067 Edge: 0.372 Con: 0.210 Cls: 1.464 Anchor: 0.0200 | 0.9s
  Epoch 292/800 | Total: 2.039 Edge: 0.371 Con: 0.208 Cls: 1.440 Anchor: 0.0203 | 1.0s
  Epoch 293/800 | Total: 2.048 Edge: 0.373 Con: 0.208 Cls: 1.447 Anchor: 0.0199 | 0.9s
  Epoch 294/800 | Total: 2.061 Edge: 0.375 Con: 0.209 Cls: 1.458 Anchor: 0.0202 | 0.9s
  Epoch 295/800 | Total: 2.063 Edge: 0.376 Con: 0.209 Cls: 1.459 Anchor: 0.0194 | Val F1: 0.3288 | 1.0s
  Epoch 296/800 | Total: 2.049 Edge: 0.374 Con: 0.205 Cls: 1.450 Anchor: 0.0197 | 1.2s
  Epoch 297/800 | Total: 2.035 Edge: 0.375 Con: 0.208 Cls: 1.432 Anchor: 0.0199 | 1.1s
  Epoch 298/800 | Total: 2.019 Edge: 0.374 Con: 0.207 Cls: 1.418 Anchor: 0.0196 | 1.1s
  Epoch 299/800 | Total: 2.039 Edge: 0.374 Con: 0.205 Cls: 1.441 Anchor: 0.0193 | 1.3s
  Epoch 300/800 | Total: 2.062 Edge: 0.375 Con: 0.207 Cls: 1.460 Anchor: 0.0202 | Val F1: 0.3211 | 1.6s
  Epoch 301/800 | Total: 2.035 Edge: 0.373 Con: 0.208 Cls: 1.434 Anchor: 0.0203 | 1.0s
  Epoch 302/800 | Total: 2.050 Edge: 0.378 Con: 0.207 Cls: 1.446 Anchor: 0.0199 | 1.0s
  Epoch 303/800 | Total: 2.065 Edge: 0.376 Con: 0.207 Cls: 1.461 Anchor: 0.0205 | 1.0s
  Epoch 304/800 | Total: 2.040 Edge: 0.376 Con: 0.207 Cls: 1.437 Anchor: 0.0199 | 0.9s
  Epoch 305/800 | Total: 2.064 Edge: 0.379 Con: 0.207 Cls: 1.458 Anchor: 0.0201 | Val F1: 0.3436 | 1.3s
  Epoch 306/800 | Total: 2.037 Edge: 0.375 Con: 0.206 Cls: 1.435 Anchor: 0.0202 | 1.1s
  Epoch 307/800 | Total: 2.020 Edge: 0.371 Con: 0.205 Cls: 1.424 Anchor: 0.0201 | 1.2s
  Epoch 308/800 | Total: 2.057 Edge: 0.372 Con: 0.208 Cls: 1.456 Anchor: 0.0206 | 1.2s
  Epoch 309/800 | Total: 2.033 Edge: 0.369 Con: 0.207 Cls: 1.437 Anchor: 0.0202 | 1.1s
  Epoch 310/800 | Total: 2.169 Edge: 0.381 Con: 0.208 Cls: 1.560 Anchor: 0.0203 | Val F1: 0.3204 | 1.5s
  Epoch 311/800 | Total: 2.144 Edge: 0.392 Con: 0.213 Cls: 1.518 Anchor: 0.0205 | 1.2s
  Epoch 312/800 | Total: 2.131 Edge: 0.388 Con: 0.210 Cls: 1.513 Anchor: 0.0206 | 1.3s
  Epoch 313/800 | Total: 2.064 Edge: 0.380 Con: 0.210 Cls: 1.455 Anchor: 0.0196 | 1.4s
  Epoch 314/800 | Total: 2.045 Edge: 0.377 Con: 0.211 Cls: 1.437 Anchor: 0.0201 | 1.5s
  Epoch 315/800 | Total: 2.034 Edge: 0.375 Con: 0.207 Cls: 1.433 Anchor: 0.0196 | Val F1: 0.3386 | 1.8s
  Epoch 316/800 | Total: 2.058 Edge: 0.373 Con: 0.207 Cls: 1.458 Anchor: 0.0197 | 1.2s
  Epoch 317/800 | Total: 2.037 Edge: 0.374 Con: 0.208 Cls: 1.435 Anchor: 0.0203 | 1.2s
  Epoch 318/800 | Total: 2.030 Edge: 0.370 Con: 0.207 Cls: 1.433 Anchor: 0.0197 | 1.2s
  Epoch 319/800 | Total: 2.032 Edge: 0.370 Con: 0.206 Cls: 1.437 Anchor: 0.0198 | 1.1s
  Epoch 320/800 | Total: 2.030 Edge: 0.375 Con: 0.208 Cls: 1.428 Anchor: 0.0200 | Val F1: 0.3386 | 1.2s
  Epoch 321/800 | Total: 2.026 Edge: 0.370 Con: 0.205 Cls: 1.431 Anchor: 0.0196 | 0.9s
  Epoch 322/800 | Total: 2.022 Edge: 0.370 Con: 0.206 Cls: 1.426 Anchor: 0.0194 | 0.9s
  Epoch 323/800 | Total: 2.009 Edge: 0.369 Con: 0.205 Cls: 1.415 Anchor: 0.0193 | 0.9s
  Epoch 324/800 | Total: 2.024 Edge: 0.367 Con: 0.206 Cls: 1.432 Anchor: 0.0196 | 1.0s
  Epoch 325/800 | Total: 2.019 Edge: 0.367 Con: 0.206 Cls: 1.425 Anchor: 0.0200 | Val F1: 0.3462 | 1.0s
  Epoch 326/800 | Total: 2.010 Edge: 0.366 Con: 0.204 Cls: 1.421 Anchor: 0.0197 | 1.1s
  Epoch 327/800 | Total: 2.014 Edge: 0.367 Con: 0.207 Cls: 1.419 Anchor: 0.0204 | 1.2s
  Epoch 328/800 | Total: 2.008 Edge: 0.369 Con: 0.206 Cls: 1.413 Anchor: 0.0199 | 1.2s
  Epoch 329/800 | Total: 2.021 Edge: 0.370 Con: 0.206 Cls: 1.425 Anchor: 0.0200 | 1.2s
  Epoch 330/800 | Total: 2.032 Edge: 0.372 Con: 0.207 Cls: 1.433 Anchor: 0.0202 | Val F1: 0.3409 | 1.3s
  Epoch 331/800 | Total: 2.036 Edge: 0.371 Con: 0.207 Cls: 1.438 Anchor: 0.0204 | 1.2s
  Epoch 332/800 | Total: 2.020 Edge: 0.369 Con: 0.206 Cls: 1.425 Anchor: 0.0198 | 1.1s
  Epoch 333/800 | Total: 2.002 Edge: 0.366 Con: 0.206 Cls: 1.410 Anchor: 0.0197 | 1.0s
  Epoch 334/800 | Total: 2.015 Edge: 0.367 Con: 0.206 Cls: 1.422 Anchor: 0.0196 | 1.1s
  Epoch 335/800 | Total: 2.040 Edge: 0.372 Con: 0.208 Cls: 1.440 Anchor: 0.0200 | Val F1: 0.3446 | 1.8s
  Epoch 336/800 | Total: 2.021 Edge: 0.369 Con: 0.207 Cls: 1.425 Anchor: 0.0199 | 1.4s
  Epoch 337/800 | Total: 2.003 Edge: 0.367 Con: 0.204 Cls: 1.411 Anchor: 0.0204 | 1.3s
  Epoch 338/800 | Total: 2.017 Edge: 0.366 Con: 0.205 Cls: 1.425 Anchor: 0.0204 | 1.3s
  Epoch 339/800 | Total: 2.065 Edge: 0.368 Con: 0.205 Cls: 1.471 Anchor: 0.0204 | 1.2s
  Epoch 340/800 | Total: 2.109 Edge: 0.372 Con: 0.209 Cls: 1.507 Anchor: 0.0212 | Val F1: 0.3282 | 1.9s
  Epoch 341/800 | Total: 2.061 Edge: 0.375 Con: 0.208 Cls: 1.458 Anchor: 0.0205 | 1.4s
  Epoch 342/800 | Total: 2.070 Edge: 0.377 Con: 0.208 Cls: 1.464 Anchor: 0.0205 | 1.2s
  Epoch 343/800 | Total: 2.051 Edge: 0.378 Con: 0.204 Cls: 1.449 Anchor: 0.0204 | 1.3s
  Epoch 344/800 | Total: 2.040 Edge: 0.372 Con: 0.205 Cls: 1.443 Anchor: 0.0199 | 1.2s
  Epoch 345/800 | Total: 2.021 Edge: 0.370 Con: 0.205 Cls: 1.425 Anchor: 0.0203 | Val F1: 0.3389 | 1.5s
  Epoch 346/800 | Total: 2.016 Edge: 0.366 Con: 0.206 Cls: 1.424 Anchor: 0.0200 | 0.9s
  Epoch 347/800 | Total: 2.006 Edge: 0.368 Con: 0.203 Cls: 1.416 Anchor: 0.0193 | 0.9s
  Epoch 348/800 | Total: 2.024 Edge: 0.368 Con: 0.205 Cls: 1.432 Anchor: 0.0192 | 1.0s
  Epoch 349/800 | Total: 2.011 Edge: 0.368 Con: 0.206 Cls: 1.417 Anchor: 0.0193 | 0.9s
  Epoch 350/800 | Total: 2.016 Edge: 0.370 Con: 0.207 Cls: 1.418 Anchor: 0.0202 | Val F1: 0.3471 | 1.1s
  Epoch 351/800 | Total: 2.013 Edge: 0.368 Con: 0.205 Cls: 1.420 Anchor: 0.0199 | 0.9s
  Epoch 352/800 | Total: 2.027 Edge: 0.368 Con: 0.207 Cls: 1.433 Anchor: 0.0199 | 1.0s
  Epoch 353/800 | Total: 2.015 Edge: 0.368 Con: 0.205 Cls: 1.422 Anchor: 0.0202 | 1.3s
  Epoch 354/800 | Total: 2.018 Edge: 0.370 Con: 0.207 Cls: 1.421 Anchor: 0.0203 | 1.1s
  Epoch 355/800 | Total: 2.008 Edge: 0.370 Con: 0.205 Cls: 1.413 Anchor: 0.0200 | Val F1: 0.3480 | 1.6s
  Epoch 356/800 | Total: 2.044 Edge: 0.375 Con: 0.206 Cls: 1.442 Anchor: 0.0199 | 1.1s
  Epoch 357/800 | Total: 2.037 Edge: 0.373 Con: 0.206 Cls: 1.438 Anchor: 0.0199 | 1.2s
  Epoch 358/800 | Total: 2.036 Edge: 0.367 Con: 0.204 Cls: 1.445 Anchor: 0.0197 | 0.9s
  Epoch 359/800 | Total: 2.022 Edge: 0.369 Con: 0.205 Cls: 1.428 Anchor: 0.0203 | 1.0s
  Epoch 360/800 | Total: 2.033 Edge: 0.371 Con: 0.204 Cls: 1.438 Anchor: 0.0204 | Val F1: 0.3418 | 1.1s
  Epoch 361/800 | Total: 2.020 Edge: 0.368 Con: 0.206 Cls: 1.426 Anchor: 0.0198 | 1.1s
  Epoch 362/800 | Total: 2.019 Edge: 0.368 Con: 0.207 Cls: 1.424 Anchor: 0.0206 | 0.9s
  Epoch 363/800 | Total: 2.021 Edge: 0.368 Con: 0.206 Cls: 1.427 Anchor: 0.0205 | 1.2s
  Epoch 364/800 | Total: 2.010 Edge: 0.366 Con: 0.204 Cls: 1.420 Anchor: 0.0203 | 1.2s
  Epoch 365/800 | Total: 2.005 Edge: 0.371 Con: 0.205 Cls: 1.410 Anchor: 0.0195 | Val F1: 0.3468 | 1.7s
  Epoch 366/800 | Total: 2.022 Edge: 0.365 Con: 0.205 Cls: 1.432 Anchor: 0.0194 | 1.3s
  Epoch 367/800 | Total: 2.032 Edge: 0.369 Con: 0.205 Cls: 1.438 Anchor: 0.0198 | 1.3s
  Epoch 368/800 | Total: 2.011 Edge: 0.366 Con: 0.204 Cls: 1.422 Anchor: 0.0192 | 1.3s
  Epoch 369/800 | Total: 2.023 Edge: 0.370 Con: 0.205 Cls: 1.429 Anchor: 0.0192 | 1.4s
  Epoch 370/800 | Total: 2.018 Edge: 0.372 Con: 0.207 Cls: 1.418 Anchor: 0.0203 | Val F1: 0.3457 | 1.9s
  Epoch 371/800 | Total: 2.026 Edge: 0.373 Con: 0.207 Cls: 1.427 Anchor: 0.0200 | 1.4s
  Epoch 372/800 | Total: 2.002 Edge: 0.368 Con: 0.205 Cls: 1.410 Anchor: 0.0196 | 1.3s
  Epoch 373/800 | Total: 2.073 Edge: 0.369 Con: 0.205 Cls: 1.478 Anchor: 0.0204 | 1.3s
  Epoch 374/800 | Total: 2.052 Edge: 0.370 Con: 0.206 Cls: 1.455 Anchor: 0.0204 | 1.1s
  Epoch 375/800 | Total: 2.038 Edge: 0.367 Con: 0.205 Cls: 1.447 Anchor: 0.0197 | Val F1: 0.3482 | 1.2s
  Epoch 376/800 | Total: 1.998 Edge: 0.369 Con: 0.204 Cls: 1.406 Anchor: 0.0195 | 0.9s
  Epoch 377/800 | Total: 2.015 Edge: 0.371 Con: 0.205 Cls: 1.418 Anchor: 0.0201 | 0.9s
  Epoch 378/800 | Total: 2.000 Edge: 0.369 Con: 0.205 Cls: 1.406 Anchor: 0.0197 | 1.2s
  Epoch 379/800 | Total: 2.003 Edge: 0.367 Con: 0.204 Cls: 1.412 Anchor: 0.0191 | 0.9s
  Epoch 380/800 | Total: 2.034 Edge: 0.372 Con: 0.206 Cls: 1.436 Anchor: 0.0199 | Val F1: 0.3535 | 1.3s
  Epoch 381/800 | Total: 2.020 Edge: 0.367 Con: 0.206 Cls: 1.428 Anchor: 0.0194 | 1.3s
  Epoch 382/800 | Total: 1.996 Edge: 0.366 Con: 0.204 Cls: 1.406 Anchor: 0.0197 | 1.0s
  Epoch 383/800 | Total: 2.018 Edge: 0.369 Con: 0.204 Cls: 1.425 Anchor: 0.0201 | 1.0s
  Epoch 384/800 | Total: 2.022 Edge: 0.372 Con: 0.205 Cls: 1.424 Anchor: 0.0199 | 1.2s
  Epoch 385/800 | Total: 2.026 Edge: 0.376 Con: 0.205 Cls: 1.426 Anchor: 0.0194 | Val F1: 0.3512 | 1.5s
  Epoch 386/800 | Total: 2.032 Edge: 0.375 Con: 0.206 Cls: 1.432 Anchor: 0.0193 | 1.1s
  Epoch 387/800 | Total: 2.025 Edge: 0.373 Con: 0.206 Cls: 1.427 Anchor: 0.0189 | 1.1s
  Epoch 388/800 | Total: 2.010 Edge: 0.367 Con: 0.204 Cls: 1.418 Anchor: 0.0196 | 1.0s
  Epoch 389/800 | Total: 1.993 Edge: 0.364 Con: 0.206 Cls: 1.404 Anchor: 0.0194 | 1.3s
  Epoch 390/800 | Total: 1.988 Edge: 0.362 Con: 0.200 Cls: 1.405 Anchor: 0.0205 | Val F1: 0.3614 | 1.2s
  Epoch 391/800 | Total: 1.986 Edge: 0.364 Con: 0.204 Cls: 1.397 Anchor: 0.0202 | 1.3s
  Epoch 392/800 | Total: 1.992 Edge: 0.364 Con: 0.203 Cls: 1.405 Anchor: 0.0199 | 1.4s
  Epoch 393/800 | Total: 2.025 Edge: 0.365 Con: 0.204 Cls: 1.436 Anchor: 0.0200 | 1.2s
  Epoch 394/800 | Total: 2.034 Edge: 0.365 Con: 0.205 Cls: 1.443 Anchor: 0.0198 | 1.3s
  Epoch 395/800 | Total: 1.988 Edge: 0.363 Con: 0.201 Cls: 1.404 Anchor: 0.0200 | Val F1: 0.3499 | 1.7s
  Epoch 396/800 | Total: 1.995 Edge: 0.362 Con: 0.203 Cls: 1.410 Anchor: 0.0205 | 1.4s
  Epoch 397/800 | Total: 1.993 Edge: 0.362 Con: 0.202 Cls: 1.411 Anchor: 0.0195 | 1.5s
  Epoch 398/800 | Total: 1.998 Edge: 0.362 Con: 0.205 Cls: 1.411 Anchor: 0.0200 | 1.4s
  Epoch 399/800 | Total: 2.038 Edge: 0.369 Con: 0.203 Cls: 1.446 Anchor: 0.0198 | 1.3s
  Epoch 400/800 | Total: 2.004 Edge: 0.366 Con: 0.205 Cls: 1.413 Anchor: 0.0198 | Val F1: 0.3467 | 1.7s
  Epoch 401/800 | Total: 2.002 Edge: 0.369 Con: 0.205 Cls: 1.408 Anchor: 0.0194 | 1.0s
  Epoch 402/800 | Total: 2.007 Edge: 0.370 Con: 0.203 Cls: 1.415 Anchor: 0.0198 | 0.9s
  Epoch 403/800 | Total: 2.016 Edge: 0.366 Con: 0.203 Cls: 1.428 Anchor: 0.0195 | 0.9s
  Epoch 404/800 | Total: 2.004 Edge: 0.369 Con: 0.205 Cls: 1.410 Anchor: 0.0199 | 1.0s
  Epoch 405/800 | Total: 2.013 Edge: 0.372 Con: 0.205 Cls: 1.416 Anchor: 0.0203 | Val F1: 0.3463 | 1.1s
  Epoch 406/800 | Total: 2.020 Edge: 0.379 Con: 0.204 Cls: 1.417 Anchor: 0.0198 | 0.8s
  Epoch 407/800 | Total: 2.024 Edge: 0.373 Con: 0.207 Cls: 1.423 Anchor: 0.0201 | 1.0s
  Epoch 408/800 | Total: 2.009 Edge: 0.367 Con: 0.202 Cls: 1.421 Anchor: 0.0202 | 1.0s
  Epoch 409/800 | Total: 2.032 Edge: 0.368 Con: 0.205 Cls: 1.439 Anchor: 0.0200 | 1.1s
  Epoch 410/800 | Total: 2.019 Edge: 0.370 Con: 0.205 Cls: 1.424 Anchor: 0.0197 | Val F1: 0.3343 | 1.5s
  Epoch 411/800 | Total: 2.008 Edge: 0.366 Con: 0.206 Cls: 1.417 Anchor: 0.0192 | 1.3s
  Epoch 412/800 | Total: 2.013 Edge: 0.363 Con: 0.204 Cls: 1.427 Anchor: 0.0188 | 1.1s
  Epoch 413/800 | Total: 1.997 Edge: 0.362 Con: 0.205 Cls: 1.411 Anchor: 0.0190 | 1.2s
  Epoch 414/800 | Total: 1.984 Edge: 0.361 Con: 0.205 Cls: 1.400 Anchor: 0.0188 | 1.1s
  Epoch 415/800 | Total: 1.990 Edge: 0.358 Con: 0.200 Cls: 1.412 Anchor: 0.0190 | Val F1: 0.3614 | 1.2s
  Epoch 416/800 | Total: 2.014 Edge: 0.364 Con: 0.204 Cls: 1.428 Anchor: 0.0184 | 0.9s
  Epoch 417/800 | Total: 2.011 Edge: 0.368 Con: 0.204 Cls: 1.420 Anchor: 0.0191 | 1.1s
  Epoch 418/800 | Total: 1.992 Edge: 0.370 Con: 0.202 Cls: 1.401 Anchor: 0.0188 | 1.1s
  Epoch 419/800 | Total: 2.011 Edge: 0.370 Con: 0.206 Cls: 1.417 Anchor: 0.0185 | 1.2s
  Epoch 420/800 | Total: 2.007 Edge: 0.364 Con: 0.203 Cls: 1.420 Anchor: 0.0205 | Val F1: 0.3436 | 1.6s
  Epoch 421/800 | Total: 2.009 Edge: 0.372 Con: 0.204 Cls: 1.412 Anchor: 0.0204 | 1.2s
  Epoch 422/800 | Total: 2.004 Edge: 0.367 Con: 0.203 Cls: 1.415 Anchor: 0.0195 | 1.4s
  Epoch 423/800 | Total: 2.001 Edge: 0.364 Con: 0.206 Cls: 1.411 Anchor: 0.0203 | 1.3s
  Epoch 424/800 | Total: 1.997 Edge: 0.364 Con: 0.204 Cls: 1.409 Anchor: 0.0199 | 1.3s
  Epoch 425/800 | Total: 2.021 Edge: 0.371 Con: 0.203 Cls: 1.427 Anchor: 0.0198 | Val F1: 0.3540 | 2.0s
  Epoch 426/800 | Total: 1.994 Edge: 0.369 Con: 0.204 Cls: 1.401 Anchor: 0.0204 | 1.3s
  Epoch 427/800 | Total: 2.006 Edge: 0.370 Con: 0.205 Cls: 1.412 Anchor: 0.0198 | 1.3s
  Epoch 428/800 | Total: 1.998 Edge: 0.366 Con: 0.206 Cls: 1.406 Anchor: 0.0200 | 1.3s
  Epoch 429/800 | Total: 1.990 Edge: 0.360 Con: 0.204 Cls: 1.406 Anchor: 0.0199 | 1.2s
  Epoch 430/800 | Total: 1.986 Edge: 0.360 Con: 0.204 Cls: 1.402 Anchor: 0.0197 | Val F1: 0.3663 | 1.3s
  Epoch 431/800 | Total: 1.995 Edge: 0.364 Con: 0.202 Cls: 1.409 Anchor: 0.0198 | 1.1s
  Epoch 432/800 | Total: 1.984 Edge: 0.369 Con: 0.205 Cls: 1.390 Anchor: 0.0198 | 0.9s
  Epoch 433/800 | Total: 2.017 Edge: 0.374 Con: 0.207 Cls: 1.416 Anchor: 0.0200 | 1.0s
  Epoch 434/800 | Total: 2.009 Edge: 0.377 Con: 0.206 Cls: 1.406 Anchor: 0.0201 | 1.1s
  Epoch 435/800 | Total: 2.013 Edge: 0.373 Con: 0.202 Cls: 1.417 Anchor: 0.0202 | Val F1: 0.3511 | 0.9s
  Epoch 436/800 | Total: 2.009 Edge: 0.362 Con: 0.202 Cls: 1.424 Anchor: 0.0204 | 1.0s
  Epoch 437/800 | Total: 1.995 Edge: 0.363 Con: 0.203 Cls: 1.409 Anchor: 0.0199 | 1.0s
  Epoch 438/800 | Total: 1.994 Edge: 0.362 Con: 0.202 Cls: 1.410 Anchor: 0.0199 | 0.8s
  Epoch 439/800 | Total: 2.014 Edge: 0.362 Con: 0.203 Cls: 1.429 Anchor: 0.0196 | 1.0s
  Epoch 440/800 | Total: 2.053 Edge: 0.368 Con: 0.206 Cls: 1.459 Anchor: 0.0203 | Val F1: 0.3465 | 1.0s
  Epoch 441/800 | Total: 1.992 Edge: 0.362 Con: 0.203 Cls: 1.407 Anchor: 0.0199 | 0.9s
  Epoch 442/800 | Total: 1.993 Edge: 0.362 Con: 0.203 Cls: 1.408 Anchor: 0.0201 | 1.0s
  Epoch 443/800 | Total: 1.998 Edge: 0.361 Con: 0.202 Cls: 1.414 Anchor: 0.0202 | 0.8s
  Epoch 444/800 | Total: 2.009 Edge: 0.363 Con: 0.203 Cls: 1.423 Anchor: 0.0203 | 0.9s
  Epoch 445/800 | Total: 1.985 Edge: 0.360 Con: 0.202 Cls: 1.403 Anchor: 0.0193 | Val F1: 0.3497 | 1.0s
  Epoch 446/800 | Total: 1.996 Edge: 0.360 Con: 0.204 Cls: 1.412 Anchor: 0.0195 | 0.9s
  Epoch 447/800 | Total: 2.002 Edge: 0.360 Con: 0.203 Cls: 1.420 Anchor: 0.0192 | 0.9s
  Epoch 448/800 | Total: 1.975 Edge: 0.361 Con: 0.202 Cls: 1.393 Anchor: 0.0193 | 0.9s
  Epoch 449/800 | Total: 1.983 Edge: 0.367 Con: 0.203 Cls: 1.393 Anchor: 0.0196 | 0.9s
  Epoch 450/800 | Total: 1.980 Edge: 0.367 Con: 0.201 Cls: 1.392 Anchor: 0.0200 | Val F1: 0.3525 | 0.8s
  Epoch 451/800 | Total: 1.987 Edge: 0.366 Con: 0.203 Cls: 1.399 Anchor: 0.0199 | 0.9s
  Epoch 452/800 | Total: 1.988 Edge: 0.363 Con: 0.202 Cls: 1.403 Anchor: 0.0199 | 0.8s
  Epoch 453/800 | Total: 2.003 Edge: 0.365 Con: 0.202 Cls: 1.416 Anchor: 0.0201 | 0.9s
  Epoch 454/800 | Total: 1.993 Edge: 0.361 Con: 0.203 Cls: 1.408 Anchor: 0.0203 | 0.8s
  Epoch 455/800 | Total: 2.003 Edge: 0.363 Con: 0.202 Cls: 1.418 Anchor: 0.0195 | Val F1: 0.3512 | 1.0s
  Epoch 456/800 | Total: 1.994 Edge: 0.364 Con: 0.203 Cls: 1.407 Anchor: 0.0197 | 0.9s
  Epoch 457/800 | Total: 1.994 Edge: 0.365 Con: 0.204 Cls: 1.406 Anchor: 0.0194 | 0.9s
  Epoch 458/800 | Total: 1.978 Edge: 0.365 Con: 0.203 Cls: 1.390 Anchor: 0.0195 | 0.7s
  Epoch 459/800 | Total: 1.976 Edge: 0.361 Con: 0.202 Cls: 1.393 Anchor: 0.0191 | 0.9s
  Epoch 460/800 | Total: 1.972 Edge: 0.359 Con: 0.200 Cls: 1.393 Anchor: 0.0196 | Val F1: 0.3673 | 0.8s
  Epoch 461/800 | Total: 1.980 Edge: 0.358 Con: 0.201 Cls: 1.401 Anchor: 0.0197 | 0.9s
  Epoch 462/800 | Total: 2.002 Edge: 0.361 Con: 0.201 Cls: 1.419 Anchor: 0.0199 | 0.9s
  Epoch 463/800 | Total: 2.002 Edge: 0.363 Con: 0.204 Cls: 1.415 Anchor: 0.0199 | 0.7s
  Epoch 464/800 | Total: 1.994 Edge: 0.363 Con: 0.202 Cls: 1.410 Anchor: 0.0197 | 0.9s
  Epoch 465/800 | Total: 1.997 Edge: 0.362 Con: 0.201 Cls: 1.414 Anchor: 0.0192 | Val F1: 0.3576 | 0.8s
  Epoch 466/800 | Total: 1.997 Edge: 0.361 Con: 0.201 Cls: 1.415 Anchor: 0.0195 | 0.8s
  Epoch 467/800 | Total: 1.996 Edge: 0.360 Con: 0.203 Cls: 1.413 Anchor: 0.0200 | 0.9s
  Epoch 468/800 | Total: 1.971 Edge: 0.361 Con: 0.202 Cls: 1.388 Anchor: 0.0199 | 0.7s
  Epoch 469/800 | Total: 1.976 Edge: 0.361 Con: 0.200 Cls: 1.395 Anchor: 0.0202 | 0.9s
  Epoch 470/800 | Total: 1.977 Edge: 0.361 Con: 0.202 Cls: 1.394 Anchor: 0.0200 | Val F1: 0.3498 | 1.0s
  Epoch 471/800 | Total: 1.965 Edge: 0.359 Con: 0.201 Cls: 1.385 Anchor: 0.0199 | 0.9s
  Epoch 472/800 | Total: 1.982 Edge: 0.362 Con: 0.204 Cls: 1.397 Anchor: 0.0192 | 0.8s
  Epoch 473/800 | Total: 1.977 Edge: 0.362 Con: 0.202 Cls: 1.393 Anchor: 0.0194 | 0.9s
  Epoch 474/800 | Total: 1.981 Edge: 0.364 Con: 0.202 Cls: 1.395 Anchor: 0.0198 | 1.0s
  Epoch 475/800 | Total: 1.984 Edge: 0.361 Con: 0.203 Cls: 1.399 Anchor: 0.0204 | Val F1: 0.3507 | 0.9s
  Epoch 476/800 | Total: 1.988 Edge: 0.365 Con: 0.202 Cls: 1.401 Anchor: 0.0203 | 0.9s
  Epoch 477/800 | Total: 1.981 Edge: 0.362 Con: 0.201 Cls: 1.398 Anchor: 0.0199 | 0.8s
  Epoch 478/800 | Total: 2.002 Edge: 0.365 Con: 0.202 Cls: 1.414 Anchor: 0.0203 | 1.0s
  Epoch 479/800 | Total: 1.974 Edge: 0.364 Con: 0.203 Cls: 1.386 Anchor: 0.0203 | 0.8s
  Epoch 480/800 | Total: 1.992 Edge: 0.362 Con: 0.203 Cls: 1.407 Anchor: 0.0206 | Val F1: 0.3612 | 1.0s
  Epoch 481/800 | Total: 1.995 Edge: 0.363 Con: 0.204 Cls: 1.408 Anchor: 0.0202 | 0.9s
  Epoch 482/800 | Total: 1.991 Edge: 0.366 Con: 0.204 Cls: 1.402 Anchor: 0.0200 | 0.9s
  Epoch 483/800 | Total: 1.991 Edge: 0.368 Con: 0.205 Cls: 1.398 Anchor: 0.0204 | 1.1s
  Epoch 484/800 | Total: 1.972 Edge: 0.361 Con: 0.203 Cls: 1.387 Anchor: 0.0205 | 0.9s
  Epoch 485/800 | Total: 2.033 Edge: 0.363 Con: 0.200 Cls: 1.449 Anchor: 0.0206 | Val F1: 0.3593 | 1.0s
  Epoch 486/800 | Total: 1.992 Edge: 0.365 Con: 0.205 Cls: 1.402 Anchor: 0.0201 | 1.0s
  Epoch 487/800 | Total: 2.015 Edge: 0.370 Con: 0.204 Cls: 1.422 Anchor: 0.0194 | 1.1s
  Epoch 488/800 | Total: 2.016 Edge: 0.364 Con: 0.204 Cls: 1.428 Anchor: 0.0200 | 1.3s
  Epoch 489/800 | Total: 2.016 Edge: 0.365 Con: 0.204 Cls: 1.427 Anchor: 0.0197 | 1.3s
  Epoch 490/800 | Total: 2.014 Edge: 0.367 Con: 0.205 Cls: 1.422 Anchor: 0.0200 | Val F1: 0.3681 | 1.6s
  Epoch 491/800 | Total: 1.977 Edge: 0.365 Con: 0.202 Cls: 1.390 Anchor: 0.0199 | 0.9s
  Epoch 492/800 | Total: 2.001 Edge: 0.365 Con: 0.203 Cls: 1.413 Anchor: 0.0201 | 0.9s
  Epoch 493/800 | Total: 2.011 Edge: 0.365 Con: 0.203 Cls: 1.422 Anchor: 0.0205 | 0.9s
  Epoch 494/800 | Total: 1.992 Edge: 0.367 Con: 0.205 Cls: 1.401 Anchor: 0.0199 | 1.0s
  Epoch 495/800 | Total: 1.974 Edge: 0.362 Con: 0.202 Cls: 1.391 Anchor: 0.0194 | Val F1: 0.3587 | 1.1s
  Epoch 496/800 | Total: 1.981 Edge: 0.359 Con: 0.202 Cls: 1.399 Anchor: 0.0198 | 0.9s
  Epoch 497/800 | Total: 1.973 Edge: 0.361 Con: 0.203 Cls: 1.389 Anchor: 0.0198 | 0.9s
  Epoch 498/800 | Total: 1.980 Edge: 0.362 Con: 0.204 Cls: 1.394 Anchor: 0.0203 | 1.0s
  Epoch 499/800 | Total: 1.998 Edge: 0.362 Con: 0.203 Cls: 1.413 Anchor: 0.0202 | 1.0s
  Epoch 500/800 | Total: 1.997 Edge: 0.361 Con: 0.204 Cls: 1.413 Anchor: 0.0195 | Val F1: 0.3629 | 0.8s
  Epoch 501/800 | Total: 1.998 Edge: 0.360 Con: 0.202 Cls: 1.417 Anchor: 0.0195 | 0.8s
  Epoch 502/800 | Total: 1.999 Edge: 0.366 Con: 0.204 Cls: 1.410 Anchor: 0.0188 | 0.8s
  Epoch 503/800 | Total: 2.005 Edge: 0.362 Con: 0.205 Cls: 1.419 Anchor: 0.0193 | 0.8s
  Epoch 504/800 | Total: 2.060 Edge: 0.371 Con: 0.208 Cls: 1.462 Anchor: 0.0197 | 0.9s
  Epoch 505/800 | Total: 2.028 Edge: 0.368 Con: 0.205 Cls: 1.434 Anchor: 0.0205 | Val F1: 0.3472 | 0.8s
  Epoch 506/800 | Total: 2.019 Edge: 0.369 Con: 0.204 Cls: 1.426 Anchor: 0.0198 | 0.9s
  Epoch 507/800 | Total: 1.986 Edge: 0.363 Con: 0.203 Cls: 1.402 Anchor: 0.0189 | 0.8s
  Epoch 508/800 | Total: 1.976 Edge: 0.360 Con: 0.201 Cls: 1.395 Anchor: 0.0198 | 0.8s
  Epoch 509/800 | Total: 1.973 Edge: 0.362 Con: 0.201 Cls: 1.390 Anchor: 0.0203 | 0.8s
  Epoch 510/800 | Total: 1.975 Edge: 0.360 Con: 0.202 Cls: 1.393 Anchor: 0.0200 | Val F1: 0.3660 | 1.0s
  Epoch 511/800 | Total: 2.002 Edge: 0.360 Con: 0.202 Cls: 1.420 Anchor: 0.0205 | 0.8s
  Epoch 512/800 | Total: 1.986 Edge: 0.357 Con: 0.200 Cls: 1.410 Anchor: 0.0199 | 0.9s
  Epoch 513/800 | Total: 1.973 Edge: 0.359 Con: 0.203 Cls: 1.391 Anchor: 0.0194 | 0.8s
  Epoch 514/800 | Total: 1.978 Edge: 0.363 Con: 0.202 Cls: 1.394 Anchor: 0.0195 | 0.8s
  Epoch 515/800 | Total: 1.977 Edge: 0.363 Con: 0.202 Cls: 1.392 Anchor: 0.0197 | Val F1: 0.3637 | 0.8s
  Epoch 516/800 | Total: 1.993 Edge: 0.376 Con: 0.202 Cls: 1.395 Anchor: 0.0194 | 0.8s
  Epoch 517/800 | Total: 1.977 Edge: 0.362 Con: 0.201 Cls: 1.394 Anchor: 0.0201 | 0.9s
  Epoch 518/800 | Total: 2.005 Edge: 0.363 Con: 0.204 Cls: 1.418 Anchor: 0.0207 | 0.8s
  Epoch 519/800 | Total: 1.971 Edge: 0.362 Con: 0.202 Cls: 1.387 Anchor: 0.0203 | 0.8s
  Epoch 520/800 | Total: 1.971 Edge: 0.359 Con: 0.202 Cls: 1.390 Anchor: 0.0200 | Val F1: 0.3616 | 0.8s
  Epoch 521/800 | Total: 1.966 Edge: 0.356 Con: 0.201 Cls: 1.389 Anchor: 0.0196 | 0.9s
  Epoch 522/800 | Total: 1.954 Edge: 0.353 Con: 0.201 Cls: 1.379 Anchor: 0.0199 | 0.8s
  Epoch 523/800 | Total: 1.956 Edge: 0.354 Con: 0.200 Cls: 1.382 Anchor: 0.0198 | 0.9s
  Epoch 524/800 | Total: 1.960 Edge: 0.356 Con: 0.202 Cls: 1.382 Anchor: 0.0198 | 0.8s
  Epoch 525/800 | Total: 2.013 Edge: 0.358 Con: 0.203 Cls: 1.432 Anchor: 0.0197 | Val F1: 0.3429 | 1.0s
  Epoch 526/800 | Total: 2.034 Edge: 0.364 Con: 0.203 Cls: 1.448 Anchor: 0.0196 | 0.8s
  Epoch 527/800 | Total: 1.987 Edge: 0.366 Con: 0.204 Cls: 1.397 Anchor: 0.0202 | 0.9s
  Epoch 528/800 | Total: 1.979 Edge: 0.367 Con: 0.205 Cls: 1.388 Anchor: 0.0197 | 0.8s
  Epoch 529/800 | Total: 1.989 Edge: 0.368 Con: 0.202 Cls: 1.399 Anchor: 0.0199 | 0.9s
  Epoch 530/800 | Total: 1.977 Edge: 0.368 Con: 0.202 Cls: 1.387 Anchor: 0.0195 | Val F1: 0.3599 | 0.8s
  Epoch 531/800 | Total: 1.970 Edge: 0.363 Con: 0.201 Cls: 1.387 Anchor: 0.0193 | 0.9s
  Epoch 532/800 | Total: 1.966 Edge: 0.362 Con: 0.201 Cls: 1.384 Anchor: 0.0190 | 0.8s
  Epoch 533/800 | Total: 1.979 Edge: 0.361 Con: 0.202 Cls: 1.396 Anchor: 0.0198 | 0.9s
  Epoch 534/800 | Total: 1.970 Edge: 0.361 Con: 0.201 Cls: 1.388 Anchor: 0.0198 | 0.9s
  Epoch 535/800 | Total: 1.959 Edge: 0.356 Con: 0.199 Cls: 1.384 Anchor: 0.0197 | Val F1: 0.3641 | 1.0s
  Epoch 536/800 | Total: 1.961 Edge: 0.357 Con: 0.200 Cls: 1.383 Anchor: 0.0202 | 0.9s
  Epoch 537/800 | Total: 2.011 Edge: 0.361 Con: 0.201 Cls: 1.428 Anchor: 0.0204 | 0.8s
  Epoch 538/800 | Total: 2.013 Edge: 0.360 Con: 0.202 Cls: 1.430 Anchor: 0.0197 | 0.9s
  Epoch 539/800 | Total: 2.008 Edge: 0.362 Con: 0.202 Cls: 1.424 Anchor: 0.0199 | 0.9s
  Epoch 540/800 | Total: 2.112 Edge: 0.365 Con: 0.205 Cls: 1.521 Anchor: 0.0209 | Val F1: 0.2850 | 1.1s
  Epoch 541/800 | Total: 2.121 Edge: 0.368 Con: 0.208 Cls: 1.523 Anchor: 0.0210 | 0.9s
  Epoch 542/800 | Total: 2.020 Edge: 0.369 Con: 0.206 Cls: 1.424 Anchor: 0.0205 | 0.9s
  Epoch 543/800 | Total: 2.011 Edge: 0.371 Con: 0.203 Cls: 1.416 Anchor: 0.0205 | 0.9s
  Epoch 544/800 | Total: 1.993 Edge: 0.367 Con: 0.204 Cls: 1.401 Anchor: 0.0207 | 0.9s
  Epoch 545/800 | Total: 1.985 Edge: 0.367 Con: 0.203 Cls: 1.394 Anchor: 0.0208 | Val F1: 0.3561 | 1.0s
  Epoch 546/800 | Total: 1.988 Edge: 0.368 Con: 0.201 Cls: 1.398 Anchor: 0.0210 | 0.7s
  Epoch 547/800 | Total: 2.001 Edge: 0.372 Con: 0.203 Cls: 1.405 Anchor: 0.0206 | 0.9s
  Epoch 548/800 | Total: 1.970 Edge: 0.362 Con: 0.201 Cls: 1.386 Anchor: 0.0208 | 0.8s
  Epoch 549/800 | Total: 1.966 Edge: 0.358 Con: 0.201 Cls: 1.387 Anchor: 0.0203 | 0.8s
  Epoch 550/800 | Total: 1.965 Edge: 0.357 Con: 0.200 Cls: 1.387 Anchor: 0.0203 | Val F1: 0.3668 | 1.0s
  Epoch 551/800 | Total: 1.976 Edge: 0.361 Con: 0.202 Cls: 1.393 Anchor: 0.0197 | 0.9s
  Epoch 552/800 | Total: 1.979 Edge: 0.359 Con: 0.200 Cls: 1.400 Anchor: 0.0201 | 0.9s
  Epoch 553/800 | Total: 1.975 Edge: 0.358 Con: 0.202 Cls: 1.395 Anchor: 0.0199 | 0.8s
  Epoch 554/800 | Total: 1.970 Edge: 0.357 Con: 0.200 Cls: 1.393 Anchor: 0.0197 | 0.9s
  Epoch 555/800 | Total: 1.961 Edge: 0.356 Con: 0.202 Cls: 1.383 Anchor: 0.0197 | Val F1: 0.3681 | 1.0s
  Epoch 556/800 | Total: 1.973 Edge: 0.356 Con: 0.201 Cls: 1.396 Anchor: 0.0191 | 0.9s
  Epoch 557/800 | Total: 1.996 Edge: 0.359 Con: 0.202 Cls: 1.416 Anchor: 0.0195 | 0.7s
  Epoch 558/800 | Total: 1.966 Edge: 0.357 Con: 0.201 Cls: 1.389 Anchor: 0.0195 | 0.9s
  Epoch 559/800 | Total: 1.976 Edge: 0.359 Con: 0.200 Cls: 1.398 Anchor: 0.0195 | 0.9s
  Epoch 560/800 | Total: 1.990 Edge: 0.361 Con: 0.200 Cls: 1.410 Anchor: 0.0185 | Val F1: 0.3471 | 0.8s
  Epoch 561/800 | Total: 1.990 Edge: 0.365 Con: 0.202 Cls: 1.404 Anchor: 0.0191 | 0.9s
  Epoch 562/800 | Total: 1.978 Edge: 0.369 Con: 0.200 Cls: 1.390 Anchor: 0.0189 | 0.9s
  Epoch 563/800 | Total: 1.984 Edge: 0.377 Con: 0.203 Cls: 1.384 Anchor: 0.0195 | 0.9s
  Epoch 564/800 | Total: 1.958 Edge: 0.363 Con: 0.202 Cls: 1.374 Anchor: 0.0188 | 0.7s
  Epoch 565/800 | Total: 1.964 Edge: 0.360 Con: 0.203 Cls: 1.382 Anchor: 0.0199 | Val F1: 0.3649 | 1.2s
  Epoch 566/800 | Total: 2.003 Edge: 0.360 Con: 0.202 Cls: 1.422 Anchor: 0.0197 | 1.0s
  Epoch 567/800 | Total: 1.979 Edge: 0.361 Con: 0.201 Cls: 1.397 Anchor: 0.0200 | 0.9s
  Epoch 568/800 | Total: 1.964 Edge: 0.361 Con: 0.201 Cls: 1.380 Anchor: 0.0208 | 0.9s
  Epoch 569/800 | Total: 1.965 Edge: 0.359 Con: 0.203 Cls: 1.384 Anchor: 0.0198 | 0.9s
  Epoch 570/800 | Total: 1.962 Edge: 0.360 Con: 0.202 Cls: 1.381 Anchor: 0.0191 | Val F1: 0.3672 | 1.2s
  Epoch 571/800 | Total: 1.947 Edge: 0.357 Con: 0.200 Cls: 1.370 Anchor: 0.0195 | 1.0s
  Epoch 572/800 | Total: 1.981 Edge: 0.359 Con: 0.202 Cls: 1.401 Anchor: 0.0193 | 1.0s
  Epoch 573/800 | Total: 1.984 Edge: 0.357 Con: 0.202 Cls: 1.405 Anchor: 0.0193 | 1.0s
  Epoch 574/800 | Total: 1.983 Edge: 0.357 Con: 0.203 Cls: 1.404 Anchor: 0.0194 | 1.0s
  Epoch 575/800 | Total: 1.981 Edge: 0.358 Con: 0.200 Cls: 1.402 Anchor: 0.0199 | Val F1: 0.3553 | 1.2s
  Epoch 576/800 | Total: 1.970 Edge: 0.357 Con: 0.202 Cls: 1.392 Anchor: 0.0202 | 1.0s
  Epoch 577/800 | Total: 1.963 Edge: 0.358 Con: 0.201 Cls: 1.384 Anchor: 0.0198 | 1.0s
  Epoch 578/800 | Total: 1.959 Edge: 0.357 Con: 0.202 Cls: 1.379 Anchor: 0.0203 | 1.0s
  Epoch 579/800 | Total: 1.955 Edge: 0.359 Con: 0.204 Cls: 1.373 Anchor: 0.0197 | 1.0s
  Epoch 580/800 | Total: 1.986 Edge: 0.364 Con: 0.203 Cls: 1.398 Anchor: 0.0199 | Val F1: 0.3616 | 1.8s
  Epoch 581/800 | Total: 1.980 Edge: 0.363 Con: 0.201 Cls: 1.396 Anchor: 0.0199 | 1.3s
  Epoch 582/800 | Total: 1.969 Edge: 0.365 Con: 0.201 Cls: 1.383 Anchor: 0.0208 | 1.1s
  Epoch 583/800 | Total: 1.981 Edge: 0.366 Con: 0.202 Cls: 1.393 Anchor: 0.0203 | 0.9s
  Epoch 584/800 | Total: 1.966 Edge: 0.360 Con: 0.201 Cls: 1.385 Anchor: 0.0204 | 0.9s
  Epoch 585/800 | Total: 1.989 Edge: 0.359 Con: 0.200 Cls: 1.408 Anchor: 0.0208 | Val F1: 0.3411 | 1.1s
  Epoch 586/800 | Total: 1.981 Edge: 0.360 Con: 0.202 Cls: 1.399 Anchor: 0.0201 | 0.8s
  Epoch 587/800 | Total: 1.989 Edge: 0.361 Con: 0.204 Cls: 1.404 Anchor: 0.0204 | 1.0s
  Epoch 588/800 | Total: 2.008 Edge: 0.360 Con: 0.202 Cls: 1.425 Anchor: 0.0200 | 0.9s
  Epoch 589/800 | Total: 2.021 Edge: 0.368 Con: 0.204 Cls: 1.429 Anchor: 0.0203 | 0.9s
  Epoch 590/800 | Total: 1.987 Edge: 0.367 Con: 0.202 Cls: 1.398 Anchor: 0.0198 | Val F1: 0.3471 | 1.0s
  Epoch 591/800 | Total: 1.977 Edge: 0.363 Con: 0.201 Cls: 1.394 Anchor: 0.0188 | 0.9s
  Epoch 592/800 | Total: 1.962 Edge: 0.356 Con: 0.199 Cls: 1.389 Anchor: 0.0189 | 0.9s
  Epoch 593/800 | Total: 1.957 Edge: 0.358 Con: 0.202 Cls: 1.378 Anchor: 0.0192 | 0.8s
  Epoch 594/800 | Total: 1.962 Edge: 0.356 Con: 0.199 Cls: 1.387 Anchor: 0.0191 | 0.8s
  Epoch 595/800 | Total: 1.963 Edge: 0.356 Con: 0.201 Cls: 1.387 Anchor: 0.0186 | Val F1: 0.3669 | 0.8s
  Epoch 596/800 | Total: 1.951 Edge: 0.354 Con: 0.201 Cls: 1.376 Anchor: 0.0191 | 0.9s
  Epoch 597/800 | Total: 1.989 Edge: 0.356 Con: 0.201 Cls: 1.414 Anchor: 0.0181 | 0.8s
  Epoch 598/800 | Total: 1.999 Edge: 0.363 Con: 0.201 Cls: 1.416 Anchor: 0.0188 | 0.8s
  Epoch 599/800 | Total: 1.976 Edge: 0.365 Con: 0.202 Cls: 1.389 Anchor: 0.0191 | 0.8s
  Epoch 600/800 | Total: 1.991 Edge: 0.364 Con: 0.204 Cls: 1.404 Anchor: 0.0191 | Val F1: 0.3592 | 0.9s
  Epoch 601/800 | Total: 1.990 Edge: 0.363 Con: 0.204 Cls: 1.404 Anchor: 0.0194 | 0.9s
  Epoch 602/800 | Total: 1.995 Edge: 0.368 Con: 0.200 Cls: 1.408 Anchor: 0.0191 | 0.8s
  Epoch 603/800 | Total: 1.983 Edge: 0.368 Con: 0.202 Cls: 1.393 Anchor: 0.0194 | 0.8s
  Epoch 604/800 | Total: 1.981 Edge: 0.375 Con: 0.202 Cls: 1.384 Anchor: 0.0194 | 0.9s
  Epoch 605/800 | Total: 1.969 Edge: 0.362 Con: 0.201 Cls: 1.386 Anchor: 0.0196 | Val F1: 0.3620 | 0.8s
  Epoch 606/800 | Total: 1.978 Edge: 0.362 Con: 0.202 Cls: 1.395 Anchor: 0.0196 | 0.9s
  Epoch 607/800 | Total: 1.962 Edge: 0.360 Con: 0.201 Cls: 1.381 Anchor: 0.0196 | 0.8s
  Epoch 608/800 | Total: 1.974 Edge: 0.357 Con: 0.200 Cls: 1.397 Anchor: 0.0193 | 0.8s
  Epoch 609/800 | Total: 1.958 Edge: 0.355 Con: 0.202 Cls: 1.382 Anchor: 0.0194 | 0.9s
  Epoch 610/800 | Total: 1.971 Edge: 0.357 Con: 0.200 Cls: 1.394 Anchor: 0.0197 | Val F1: 0.3665 | 0.8s
  Epoch 611/800 | Total: 1.968 Edge: 0.357 Con: 0.202 Cls: 1.389 Anchor: 0.0197 | 0.8s
  Epoch 612/800 | Total: 1.970 Edge: 0.357 Con: 0.201 Cls: 1.392 Anchor: 0.0203 | 0.8s
  Epoch 613/800 | Total: 1.969 Edge: 0.356 Con: 0.200 Cls: 1.393 Anchor: 0.0200 | 0.9s
  Epoch 614/800 | Total: 1.943 Edge: 0.354 Con: 0.199 Cls: 1.371 Anchor: 0.0197 | 0.8s
  Epoch 615/800 | Total: 1.953 Edge: 0.356 Con: 0.200 Cls: 1.377 Anchor: 0.0191 | Val F1: 0.3695 | 1.0s
  Epoch 616/800 | Total: 1.961 Edge: 0.357 Con: 0.199 Cls: 1.386 Anchor: 0.0185 | 0.8s
  Epoch 617/800 | Total: 1.964 Edge: 0.359 Con: 0.200 Cls: 1.386 Anchor: 0.0188 | 0.8s
  Epoch 618/800 | Total: 1.972 Edge: 0.358 Con: 0.202 Cls: 1.393 Anchor: 0.0189 | 0.9s
  Epoch 619/800 | Total: 1.966 Edge: 0.356 Con: 0.201 Cls: 1.390 Anchor: 0.0187 | 0.8s
  Epoch 620/800 | Total: 1.959 Edge: 0.356 Con: 0.201 Cls: 1.383 Anchor: 0.0197 | Val F1: 0.3617 | 1.0s
  Epoch 621/800 | Total: 1.974 Edge: 0.355 Con: 0.199 Cls: 1.400 Anchor: 0.0199 | 0.8s
  Epoch 622/800 | Total: 1.965 Edge: 0.356 Con: 0.200 Cls: 1.389 Anchor: 0.0200 | 0.9s
  Epoch 623/800 | Total: 1.977 Edge: 0.362 Con: 0.200 Cls: 1.395 Anchor: 0.0200 | 0.8s
  Epoch 624/800 | Total: 1.966 Edge: 0.367 Con: 0.202 Cls: 1.377 Anchor: 0.0204 | 0.9s
  Epoch 625/800 | Total: 1.961 Edge: 0.364 Con: 0.202 Cls: 1.374 Anchor: 0.0208 | Val F1: 0.3591 | 0.8s
  Epoch 626/800 | Total: 1.964 Edge: 0.362 Con: 0.200 Cls: 1.381 Anchor: 0.0207 | 0.9s
  Epoch 627/800 | Total: 1.957 Edge: 0.359 Con: 0.201 Cls: 1.377 Anchor: 0.0204 | 0.8s
  Epoch 628/800 | Total: 1.969 Edge: 0.361 Con: 0.202 Cls: 1.385 Anchor: 0.0208 | 0.8s
  Epoch 629/800 | Total: 1.974 Edge: 0.364 Con: 0.202 Cls: 1.388 Anchor: 0.0203 | 0.7s
  Epoch 630/800 | Total: 1.974 Edge: 0.362 Con: 0.200 Cls: 1.392 Anchor: 0.0204 | Val F1: 0.3489 | 1.0s
  Epoch 631/800 | Total: 2.002 Edge: 0.363 Con: 0.201 Cls: 1.418 Anchor: 0.0195 | 0.8s
  Epoch 632/800 | Total: 2.016 Edge: 0.360 Con: 0.201 Cls: 1.435 Anchor: 0.0198 | 0.8s
  Epoch 633/800 | Total: 1.994 Edge: 0.360 Con: 0.202 Cls: 1.412 Anchor: 0.0197 | 0.8s
  Epoch 634/800 | Total: 1.998 Edge: 0.364 Con: 0.201 Cls: 1.413 Anchor: 0.0199 | 0.9s
  Epoch 635/800 | Total: 1.985 Edge: 0.366 Con: 0.202 Cls: 1.398 Anchor: 0.0191 | Val F1: 0.3492 | 0.8s
  Epoch 636/800 | Total: 2.002 Edge: 0.367 Con: 0.202 Cls: 1.413 Anchor: 0.0195 | 1.0s
  Epoch 637/800 | Total: 1.966 Edge: 0.361 Con: 0.203 Cls: 1.382 Anchor: 0.0191 | 0.9s
  Epoch 638/800 | Total: 1.974 Edge: 0.360 Con: 0.200 Cls: 1.394 Anchor: 0.0191 | 0.9s
  Epoch 639/800 | Total: 1.990 Edge: 0.361 Con: 0.200 Cls: 1.409 Anchor: 0.0194 | 0.9s
  Epoch 640/800 | Total: 1.954 Edge: 0.360 Con: 0.201 Cls: 1.374 Anchor: 0.0190 | Val F1: 0.3605 | 1.1s
  Epoch 641/800 | Total: 1.941 Edge: 0.355 Con: 0.199 Cls: 1.367 Anchor: 0.0197 | 0.9s
  Epoch 642/800 | Total: 1.957 Edge: 0.353 Con: 0.200 Cls: 1.384 Anchor: 0.0193 | 0.9s
  Epoch 643/800 | Total: 1.977 Edge: 0.355 Con: 0.200 Cls: 1.403 Anchor: 0.0191 | 0.8s
  Epoch 644/800 | Total: 1.988 Edge: 0.356 Con: 0.201 Cls: 1.412 Anchor: 0.0195 | 0.9s
  Epoch 645/800 | Total: 1.959 Edge: 0.356 Con: 0.201 Cls: 1.383 Anchor: 0.0189 | Val F1: 0.3703 | 1.0s
  Epoch 646/800 | Total: 1.950 Edge: 0.358 Con: 0.202 Cls: 1.371 Anchor: 0.0191 | 0.9s
  Epoch 647/800 | Total: 1.960 Edge: 0.357 Con: 0.201 Cls: 1.384 Anchor: 0.0185 | 0.8s
  Epoch 648/800 | Total: 1.991 Edge: 0.360 Con: 0.201 Cls: 1.411 Anchor: 0.0190 | 0.9s
  Epoch 649/800 | Total: 2.004 Edge: 0.367 Con: 0.204 Cls: 1.414 Anchor: 0.0192 | 0.8s
  Epoch 650/800 | Total: 1.973 Edge: 0.361 Con: 0.201 Cls: 1.392 Anchor: 0.0190 | Val F1: 0.3676 | 1.0s
  Epoch 651/800 | Total: 1.962 Edge: 0.366 Con: 0.200 Cls: 1.378 Anchor: 0.0190 | 0.9s
  Epoch 652/800 | Total: 1.975 Edge: 0.365 Con: 0.202 Cls: 1.390 Anchor: 0.0187 | 0.8s
  Epoch 653/800 | Total: 1.964 Edge: 0.362 Con: 0.200 Cls: 1.383 Anchor: 0.0186 | 0.9s
  Epoch 654/800 | Total: 1.962 Edge: 0.364 Con: 0.201 Cls: 1.378 Anchor: 0.0190 | 0.8s
  Epoch 655/800 | Total: 1.966 Edge: 0.361 Con: 0.199 Cls: 1.386 Anchor: 0.0195 | Val F1: 0.3690 | 1.0s
  Epoch 656/800 | Total: 1.974 Edge: 0.360 Con: 0.202 Cls: 1.392 Anchor: 0.0196 | 0.8s
  Epoch 657/800 | Total: 1.980 Edge: 0.359 Con: 0.202 Cls: 1.399 Anchor: 0.0199 | 0.9s
  Epoch 658/800 | Total: 1.960 Edge: 0.357 Con: 0.201 Cls: 1.383 Anchor: 0.0195 | 0.9s
  Epoch 659/800 | Total: 1.964 Edge: 0.359 Con: 0.199 Cls: 1.386 Anchor: 0.0197 | 0.9s
  Epoch 660/800 | Total: 1.962 Edge: 0.359 Con: 0.200 Cls: 1.384 Anchor: 0.0192 | Val F1: 0.3567 | 0.9s
  Epoch 661/800 | Total: 1.964 Edge: 0.357 Con: 0.200 Cls: 1.387 Anchor: 0.0193 | 0.7s
  Epoch 662/800 | Total: 1.962 Edge: 0.357 Con: 0.202 Cls: 1.384 Anchor: 0.0192 | 0.9s
  Epoch 663/800 | Total: 1.952 Edge: 0.359 Con: 0.202 Cls: 1.373 Anchor: 0.0188 | 0.8s
  Epoch 664/800 | Total: 1.951 Edge: 0.356 Con: 0.200 Cls: 1.376 Anchor: 0.0189 | 0.9s
  Epoch 665/800 | Total: 1.942 Edge: 0.358 Con: 0.199 Cls: 1.366 Anchor: 0.0188 | Val F1: 0.3608 | 0.8s
  Epoch 666/800 | Total: 1.965 Edge: 0.355 Con: 0.198 Cls: 1.393 Anchor: 0.0194 | 1.0s
  Epoch 667/800 | Total: 1.961 Edge: 0.357 Con: 0.200 Cls: 1.384 Anchor: 0.0193 | 0.9s
  Epoch 668/800 | Total: 1.952 Edge: 0.358 Con: 0.201 Cls: 1.373 Anchor: 0.0196 | 0.9s
  Epoch 669/800 | Total: 1.944 Edge: 0.361 Con: 0.199 Cls: 1.364 Anchor: 0.0194 | 0.9s
  Epoch 670/800 | Total: 1.952 Edge: 0.368 Con: 0.199 Cls: 1.366 Anchor: 0.0193 | Val F1: 0.3705 | 1.1s
  Epoch 671/800 | Total: 1.961 Edge: 0.369 Con: 0.201 Cls: 1.371 Anchor: 0.0194 | 0.9s
  Epoch 672/800 | Total: 1.945 Edge: 0.356 Con: 0.198 Cls: 1.372 Anchor: 0.0192 | 0.9s
  Epoch 673/800 | Total: 1.939 Edge: 0.354 Con: 0.201 Cls: 1.364 Anchor: 0.0198 | 0.9s
  Epoch 674/800 | Total: 1.954 Edge: 0.355 Con: 0.199 Cls: 1.380 Anchor: 0.0193 | 1.0s
  Epoch 675/800 | Total: 1.986 Edge: 0.358 Con: 0.200 Cls: 1.408 Anchor: 0.0195 | Val F1: 0.3619 | 1.0s
  Epoch 676/800 | Total: 2.010 Edge: 0.365 Con: 0.202 Cls: 1.423 Anchor: 0.0199 | 1.0s
  Epoch 677/800 | Total: 2.038 Edge: 0.367 Con: 0.202 Cls: 1.449 Anchor: 0.0197 | 0.9s
  Epoch 678/800 | Total: 1.990 Edge: 0.365 Con: 0.201 Cls: 1.404 Anchor: 0.0196 | 1.0s
  Epoch 679/800 | Total: 1.967 Edge: 0.362 Con: 0.200 Cls: 1.386 Anchor: 0.0194 | 1.1s
  Epoch 680/800 | Total: 1.975 Edge: 0.365 Con: 0.200 Cls: 1.391 Anchor: 0.0194 | Val F1: 0.3776 | 1.0s
  Epoch 681/800 | Total: 1.957 Edge: 0.357 Con: 0.202 Cls: 1.379 Anchor: 0.0195 | 0.9s
  Epoch 682/800 | Total: 1.992 Edge: 0.360 Con: 0.202 Cls: 1.410 Anchor: 0.0204 | 1.2s
  Epoch 683/800 | Total: 1.958 Edge: 0.358 Con: 0.200 Cls: 1.381 Anchor: 0.0195 | 1.3s
  Epoch 684/800 | Total: 1.949 Edge: 0.354 Con: 0.199 Cls: 1.375 Anchor: 0.0195 | 1.3s
  Epoch 685/800 | Total: 1.943 Edge: 0.354 Con: 0.200 Cls: 1.369 Anchor: 0.0192 | Val F1: 0.3609 | 1.3s
  Epoch 686/800 | Total: 1.964 Edge: 0.355 Con: 0.200 Cls: 1.390 Anchor: 0.0194 | 0.9s
  Epoch 687/800 | Total: 1.951 Edge: 0.355 Con: 0.200 Cls: 1.376 Anchor: 0.0198 | 0.9s
  Epoch 688/800 | Total: 1.965 Edge: 0.359 Con: 0.202 Cls: 1.385 Anchor: 0.0198 | 0.9s
  Epoch 689/800 | Total: 1.940 Edge: 0.356 Con: 0.198 Cls: 1.366 Anchor: 0.0196 | 0.8s
  Epoch 690/800 | Total: 1.949 Edge: 0.356 Con: 0.199 Cls: 1.374 Anchor: 0.0198 | Val F1: 0.3660 | 0.9s
  Epoch 691/800 | Total: 1.950 Edge: 0.357 Con: 0.201 Cls: 1.372 Anchor: 0.0192 | 0.9s
  Epoch 692/800 | Total: 1.957 Edge: 0.356 Con: 0.199 Cls: 1.382 Anchor: 0.0198 | 0.9s
  Epoch 693/800 | Total: 1.961 Edge: 0.355 Con: 0.200 Cls: 1.387 Anchor: 0.0196 | 0.9s
  Epoch 694/800 | Total: 1.959 Edge: 0.357 Con: 0.199 Cls: 1.383 Anchor: 0.0206 | 0.9s
  Epoch 695/800 | Total: 1.958 Edge: 0.355 Con: 0.200 Cls: 1.383 Anchor: 0.0203 | Val F1: 0.3681 | 1.0s
  Epoch 696/800 | Total: 1.943 Edge: 0.355 Con: 0.199 Cls: 1.370 Anchor: 0.0197 | 0.9s
  Epoch 697/800 | Total: 1.952 Edge: 0.355 Con: 0.201 Cls: 1.377 Anchor: 0.0197 | 0.8s
  Epoch 698/800 | Total: 1.958 Edge: 0.355 Con: 0.199 Cls: 1.384 Anchor: 0.0203 | 0.8s
  Epoch 699/800 | Total: 1.956 Edge: 0.357 Con: 0.201 Cls: 1.379 Anchor: 0.0196 | 0.9s
  Epoch 700/800 | Total: 1.953 Edge: 0.362 Con: 0.201 Cls: 1.370 Anchor: 0.0196 | Val F1: 0.3630 | 0.8s
  Epoch 701/800 | Total: 1.942 Edge: 0.358 Con: 0.199 Cls: 1.365 Anchor: 0.0201 | 0.8s
  Epoch 702/800 | Total: 1.943 Edge: 0.354 Con: 0.199 Cls: 1.371 Anchor: 0.0193 | 0.8s
  Epoch 703/800 | Total: 1.949 Edge: 0.352 Con: 0.199 Cls: 1.378 Anchor: 0.0201 | 0.9s
  Epoch 704/800 | Total: 1.950 Edge: 0.352 Con: 0.198 Cls: 1.380 Anchor: 0.0195 | 0.8s
  Epoch 705/800 | Total: 1.969 Edge: 0.358 Con: 0.201 Cls: 1.390 Anchor: 0.0197 | Val F1: 0.3657 | 0.8s
  Epoch 706/800 | Total: 1.974 Edge: 0.359 Con: 0.201 Cls: 1.394 Anchor: 0.0197 | 0.8s
  Epoch 707/800 | Total: 1.970 Edge: 0.365 Con: 0.201 Cls: 1.384 Anchor: 0.0202 | 0.8s
  Epoch 708/800 | Total: 1.956 Edge: 0.362 Con: 0.200 Cls: 1.373 Anchor: 0.0203 | 0.9s
  Epoch 709/800 | Total: 1.965 Edge: 0.358 Con: 0.199 Cls: 1.388 Anchor: 0.0199 | 0.8s
  Epoch 710/800 | Total: 1.963 Edge: 0.356 Con: 0.197 Cls: 1.390 Anchor: 0.0200 | Val F1: 0.3668 | 0.8s
  Epoch 711/800 | Total: 1.971 Edge: 0.359 Con: 0.200 Cls: 1.392 Anchor: 0.0197 | 0.9s
  Epoch 712/800 | Total: 1.975 Edge: 0.361 Con: 0.201 Cls: 1.394 Anchor: 0.0198 | 0.8s
  Epoch 713/800 | Total: 1.985 Edge: 0.357 Con: 0.199 Cls: 1.410 Anchor: 0.0195 | 0.9s
  Epoch 714/800 | Total: 1.962 Edge: 0.357 Con: 0.199 Cls: 1.387 Anchor: 0.0196 | 0.8s
  Epoch 715/800 | Total: 1.954 Edge: 0.354 Con: 0.198 Cls: 1.381 Anchor: 0.0199 | Val F1: 0.3529 | 0.8s
  Epoch 716/800 | Total: 1.954 Edge: 0.356 Con: 0.201 Cls: 1.377 Anchor: 0.0199 | 0.8s
  Epoch 717/800 | Total: 1.978 Edge: 0.360 Con: 0.200 Cls: 1.398 Anchor: 0.0195 | 0.9s
  Epoch 718/800 | Total: 1.966 Edge: 0.366 Con: 0.201 Cls: 1.380 Anchor: 0.0194 | 0.9s
  Epoch 719/800 | Total: 1.971 Edge: 0.364 Con: 0.201 Cls: 1.387 Anchor: 0.0198 | 0.8s
  Epoch 720/800 | Total: 1.967 Edge: 0.361 Con: 0.201 Cls: 1.386 Anchor: 0.0196 | Val F1: 0.3644 | 0.8s
  Epoch 721/800 | Total: 1.985 Edge: 0.361 Con: 0.201 Cls: 1.403 Anchor: 0.0201 | 0.8s
  Epoch 722/800 | Total: 1.984 Edge: 0.358 Con: 0.200 Cls: 1.406 Anchor: 0.0201 | 0.8s
  Epoch 723/800 | Total: 1.987 Edge: 0.359 Con: 0.199 Cls: 1.410 Anchor: 0.0195 | 0.9s
  Epoch 724/800 | Total: 1.958 Edge: 0.358 Con: 0.199 Cls: 1.382 Anchor: 0.0195 | 0.8s
  Epoch 725/800 | Total: 1.953 Edge: 0.356 Con: 0.200 Cls: 1.378 Anchor: 0.0194 | Val F1: 0.3676 | 0.8s
  Epoch 726/800 | Total: 1.945 Edge: 0.356 Con: 0.198 Cls: 1.372 Anchor: 0.0192 | 0.8s
  Epoch 727/800 | Total: 1.965 Edge: 0.357 Con: 0.199 Cls: 1.389 Anchor: 0.0192 | 0.8s
  Epoch 728/800 | Total: 1.964 Edge: 0.361 Con: 0.201 Cls: 1.384 Anchor: 0.0191 | 0.9s
  Epoch 729/800 | Total: 1.954 Edge: 0.358 Con: 0.197 Cls: 1.379 Anchor: 0.0190 | 0.8s
  Epoch 730/800 | Total: 1.955 Edge: 0.357 Con: 0.198 Cls: 1.381 Anchor: 0.0197 | Val F1: 0.3684 | 0.8s
  Epoch 731/800 | Total: 1.961 Edge: 0.359 Con: 0.201 Cls: 1.381 Anchor: 0.0206 | 0.9s
  Epoch 732/800 | Total: 1.961 Edge: 0.359 Con: 0.199 Cls: 1.383 Anchor: 0.0199 | 0.8s
  Epoch 733/800 | Total: 1.953 Edge: 0.354 Con: 0.200 Cls: 1.379 Anchor: 0.0197 | 0.9s
  Epoch 734/800 | Total: 1.958 Edge: 0.357 Con: 0.199 Cls: 1.382 Anchor: 0.0195 | 0.8s
  Epoch 735/800 | Total: 1.954 Edge: 0.356 Con: 0.198 Cls: 1.381 Anchor: 0.0189 | Val F1: 0.3646 | 0.8s
  Epoch 736/800 | Total: 1.980 Edge: 0.360 Con: 0.200 Cls: 1.402 Anchor: 0.0188 | 0.9s
  Epoch 737/800 | Total: 1.992 Edge: 0.357 Con: 0.201 Cls: 1.414 Anchor: 0.0189 | 0.8s
  Epoch 738/800 | Total: 1.977 Edge: 0.359 Con: 0.198 Cls: 1.400 Anchor: 0.0189 | 1.0s
  Epoch 739/800 | Total: 1.958 Edge: 0.357 Con: 0.198 Cls: 1.384 Anchor: 0.0190 | 0.8s
  Epoch 740/800 | Total: 1.978 Edge: 0.359 Con: 0.201 Cls: 1.398 Anchor: 0.0195 | Val F1: 0.3675 | 1.2s
  Epoch 741/800 | Total: 1.958 Edge: 0.355 Con: 0.200 Cls: 1.384 Anchor: 0.0187 | 0.9s
  Epoch 742/800 | Total: 1.937 Edge: 0.354 Con: 0.198 Cls: 1.365 Anchor: 0.0193 | 0.9s
  Epoch 743/800 | Total: 1.950 Edge: 0.355 Con: 0.198 Cls: 1.378 Anchor: 0.0193 | 0.9s
  Epoch 744/800 | Total: 1.953 Edge: 0.353 Con: 0.198 Cls: 1.383 Anchor: 0.0198 | 0.9s
  Epoch 745/800 | Total: 1.946 Edge: 0.354 Con: 0.200 Cls: 1.372 Anchor: 0.0200 | Val F1: 0.3570 | 1.0s
  Epoch 746/800 | Total: 1.951 Edge: 0.354 Con: 0.200 Cls: 1.377 Anchor: 0.0199 | 0.9s
  Epoch 747/800 | Total: 1.949 Edge: 0.362 Con: 0.199 Cls: 1.368 Anchor: 0.0200 | 0.9s
  Epoch 748/800 | Total: 1.954 Edge: 0.364 Con: 0.199 Cls: 1.372 Anchor: 0.0197 | 0.9s
  Epoch 749/800 | Total: 1.969 Edge: 0.365 Con: 0.199 Cls: 1.385 Anchor: 0.0201 | 0.9s
  Epoch 750/800 | Total: 1.950 Edge: 0.358 Con: 0.200 Cls: 1.372 Anchor: 0.0203 | Val F1: 0.3737 | 1.0s
  Epoch 751/800 | Total: 1.962 Edge: 0.355 Con: 0.200 Cls: 1.387 Anchor: 0.0201 | 0.9s
  Epoch 752/800 | Total: 1.946 Edge: 0.355 Con: 0.200 Cls: 1.372 Anchor: 0.0189 | 0.9s
  Epoch 753/800 | Total: 1.955 Edge: 0.353 Con: 0.200 Cls: 1.384 Anchor: 0.0190 | 0.8s
  Epoch 754/800 | Total: 1.951 Edge: 0.360 Con: 0.200 Cls: 1.372 Anchor: 0.0190 | 0.9s
  Epoch 755/800 | Total: 1.954 Edge: 0.366 Con: 0.197 Cls: 1.371 Anchor: 0.0191 | Val F1: 0.3788 | 0.8s
  Epoch 756/800 | Total: 1.946 Edge: 0.361 Con: 0.199 Cls: 1.366 Anchor: 0.0196 | 0.9s
  Epoch 757/800 | Total: 1.968 Edge: 0.357 Con: 0.200 Cls: 1.391 Anchor: 0.0194 | 0.9s
  Epoch 758/800 | Total: 1.988 Edge: 0.360 Con: 0.201 Cls: 1.407 Anchor: 0.0193 | 0.8s
  Epoch 759/800 | Total: 1.975 Edge: 0.362 Con: 0.202 Cls: 1.390 Anchor: 0.0193 | 0.8s
  Epoch 760/800 | Total: 1.988 Edge: 0.361 Con: 0.200 Cls: 1.407 Anchor: 0.0194 | Val F1: 0.3624 | 0.9s
  Epoch 761/800 | Total: 1.956 Edge: 0.356 Con: 0.199 Cls: 1.382 Anchor: 0.0189 | 0.8s
  Epoch 762/800 | Total: 1.935 Edge: 0.354 Con: 0.199 Cls: 1.363 Anchor: 0.0188 | 0.9s
  Epoch 763/800 | Total: 1.957 Edge: 0.354 Con: 0.201 Cls: 1.382 Anchor: 0.0188 | 0.9s
  Epoch 764/800 | Total: 1.943 Edge: 0.357 Con: 0.200 Cls: 1.367 Anchor: 0.0190 | 0.8s
  Epoch 765/800 | Total: 1.950 Edge: 0.358 Con: 0.200 Cls: 1.373 Anchor: 0.0196 | Val F1: 0.3472 | 1.0s
  Epoch 766/800 | Total: 1.955 Edge: 0.353 Con: 0.197 Cls: 1.385 Anchor: 0.0193 | 0.9s
  Epoch 767/800 | Total: 1.959 Edge: 0.359 Con: 0.198 Cls: 1.382 Anchor: 0.0193 | 0.8s
  Epoch 768/800 | Total: 1.957 Edge: 0.355 Con: 0.202 Cls: 1.381 Anchor: 0.0197 | 0.9s
  Epoch 769/800 | Total: 1.961 Edge: 0.355 Con: 0.201 Cls: 1.386 Anchor: 0.0193 | 0.8s
  Epoch 770/800 | Total: 1.938 Edge: 0.353 Con: 0.198 Cls: 1.368 Anchor: 0.0194 | Val F1: 0.3732 | 1.0s
  Epoch 771/800 | Total: 1.949 Edge: 0.354 Con: 0.199 Cls: 1.376 Anchor: 0.0196 | 0.9s
  Epoch 772/800 | Total: 1.961 Edge: 0.355 Con: 0.200 Cls: 1.386 Anchor: 0.0197 | 0.9s
  Epoch 773/800 | Total: 1.953 Edge: 0.355 Con: 0.201 Cls: 1.377 Anchor: 0.0196 | 0.9s
  Epoch 774/800 | Total: 1.932 Edge: 0.357 Con: 0.201 Cls: 1.356 Anchor: 0.0189 | 1.0s
  Epoch 775/800 | Total: 1.927 Edge: 0.355 Con: 0.199 Cls: 1.353 Anchor: 0.0195 | Val F1: 0.3751 | 1.1s
  Epoch 776/800 | Total: 1.966 Edge: 0.357 Con: 0.198 Cls: 1.392 Anchor: 0.0195 | 0.9s
  Epoch 777/800 | Total: 1.971 Edge: 0.365 Con: 0.201 Cls: 1.386 Anchor: 0.0194 | 1.0s
  Epoch 778/800 | Total: 1.949 Edge: 0.357 Con: 0.200 Cls: 1.373 Anchor: 0.0194 | 0.9s
  Epoch 779/800 | Total: 1.949 Edge: 0.354 Con: 0.200 Cls: 1.376 Anchor: 0.0196 | 1.0s
  Epoch 780/800 | Total: 1.976 Edge: 0.355 Con: 0.199 Cls: 1.402 Anchor: 0.0196 | Val F1: 0.3652 | 1.0s
  Epoch 781/800 | Total: 1.978 Edge: 0.358 Con: 0.200 Cls: 1.399 Anchor: 0.0200 | 0.9s
  Epoch 782/800 | Total: 1.985 Edge: 0.363 Con: 0.203 Cls: 1.399 Anchor: 0.0196 | 0.9s
  Epoch 783/800 | Total: 1.965 Edge: 0.365 Con: 0.199 Cls: 1.381 Anchor: 0.0194 | 1.0s
  Epoch 784/800 | Total: 1.960 Edge: 0.364 Con: 0.199 Cls: 1.378 Anchor: 0.0201 | 0.9s
  Epoch 785/800 | Total: 1.956 Edge: 0.359 Con: 0.198 Cls: 1.379 Anchor: 0.0198 | Val F1: 0.3660 | 1.3s
  Epoch 786/800 | Total: 1.958 Edge: 0.355 Con: 0.200 Cls: 1.382 Anchor: 0.0201 | 1.0s
  Epoch 787/800 | Total: 1.939 Edge: 0.355 Con: 0.199 Cls: 1.365 Anchor: 0.0208 | 0.9s
  Epoch 788/800 | Total: 1.945 Edge: 0.351 Con: 0.198 Cls: 1.375 Anchor: 0.0203 | 1.4s
  Epoch 789/800 | Total: 1.955 Edge: 0.363 Con: 0.199 Cls: 1.373 Anchor: 0.0196 | 1.3s
  Epoch 790/800 | Total: 1.940 Edge: 0.358 Con: 0.198 Cls: 1.365 Anchor: 0.0190 | Val F1: 0.3695 | 1.7s
  Epoch 791/800 | Total: 1.950 Edge: 0.355 Con: 0.199 Cls: 1.377 Anchor: 0.0197 | 1.0s
  Epoch 792/800 | Total: 1.949 Edge: 0.356 Con: 0.199 Cls: 1.374 Anchor: 0.0198 | 0.9s
  Epoch 793/800 | Total: 1.937 Edge: 0.353 Con: 0.198 Cls: 1.366 Anchor: 0.0195 | 0.9s
  Epoch 794/800 | Total: 1.941 Edge: 0.351 Con: 0.198 Cls: 1.373 Anchor: 0.0185 | 0.9s
  Epoch 795/800 | Total: 1.940 Edge: 0.355 Con: 0.199 Cls: 1.366 Anchor: 0.0191 | Val F1: 0.3551 | 1.1s
  Epoch 796/800 | Total: 1.954 Edge: 0.354 Con: 0.200 Cls: 1.381 Anchor: 0.0188 | 1.0s
  Epoch 797/800 | Total: 1.959 Edge: 0.358 Con: 0.200 Cls: 1.382 Anchor: 0.0194 | 1.0s
  Epoch 798/800 | Total: 1.984 Edge: 0.360 Con: 0.200 Cls: 1.405 Anchor: 0.0190 | 0.9s
  Epoch 799/800 | Total: 1.945 Edge: 0.356 Con: 0.202 Cls: 1.369 Anchor: 0.0189 | 1.0s
  Epoch 800/800 | Total: 1.946 Edge: 0.356 Con: 0.199 Cls: 1.371 Anchor: 0.0199 | Val F1: 0.3651 | 0.8s
  Best Val F1: 0.3788 | Test F1: 0.3860
  Total training time: 915.0s (15.3 min)

======================================================================
  Val  Macro-F1: 0.3788
  Test Macro-F1: 0.3860
  Test Accuracy: 0.6294
  Time: 916.7s
======================================================================

  Results saved to: results/NESS_ogbn-arxiv_MCAR_0.8_20260723_104059
