/home/erfan/MATE/venv/lib/python3.13/site-packages/outdated/__init__.py:36: UserWarning: pkg_resources is deprecated as an API. See https://setuptools.pypa.io/en/latest/pkg_resources.html. The pkg_resources package is slated for removal as early as 2025-11-30. Refrain from using this package or pin to Setuptools<81.
  from pkg_resources import parse_version
/home/erfan/MATE/ogbn_benchmarks/data_loader.py:96: UserWarning: Sparse invariant checks are implicitly disabled. Memory errors (e.g. SEGFAULT) will occur when operating on a sparse tensor which violates the invariants, but checks incur performance overhead. To silence this warning, explicitly opt in or out. See `torch.sparse.check_sparse_tensor_invariants.__doc__` for guidance.  (Triggered internally at /pytorch/aten/src/ATen/Context.cpp:760.)
  adj = torch.sparse_coo_tensor(edge_index, vals, (num_nodes, num_nodes)).coalesce()
======================================================================
  NESS | ogbn-arxiv | MCAR @ 80% | lr=0.001
======================================================================
[1/3] Loading ogbn-arxiv...
  169,343 nodes | 128 dims | 40 classes
[2/3] Simulating MCAR missingness...
Simulating MCAR missingness at 80% rate...
  MCAR: Uniform random selection
  Observable: 33,869 (20.0%)
  Masked: 135,474 (80.0%)
  Observable: 33,869 | Val: 67,737 | Test: 67,737
[3/3] Running NESS...
  Prefilling missing nodes via Feature Propagation (40 iters)...
  Partitioning graph into 20 clusters (cache_device=gpu)...
  Cached 20 clusters
  Training NESS for up to 800 epochs (patience=20)...
  Epoch 1/800 | Total: 6.044 Edge: 0.691 Con: 0.757 Cls: 3.591 Triplet: 1.0056 | 10.6s
  Epoch 2/800 | Total: 5.342 Edge: 0.683 Con: 0.641 Cls: 3.218 Triplet: 0.8000 | 1.0s
  Epoch 3/800 | Total: 4.877 Edge: 0.676 Con: 0.529 Cls: 2.989 Triplet: 0.6829 | 1.0s
  Epoch 4/800 | Total: 4.628 Edge: 0.669 Con: 0.447 Cls: 2.849 Triplet: 0.6631 | 0.9s
  Epoch 5/800 | Total: 4.423 Edge: 0.663 Con: 0.408 Cls: 2.749 Triplet: 0.6040 | Val F1: 0.0327 | 0.9s
  Epoch 6/800 | Total: 4.269 Edge: 0.653 Con: 0.381 Cls: 2.609 Triplet: 0.6267 | 1.0s
  Epoch 7/800 | Total: 4.121 Edge: 0.648 Con: 0.367 Cls: 2.493 Triplet: 0.6119 | 1.0s
  Epoch 8/800 | Total: 3.968 Edge: 0.633 Con: 0.344 Cls: 2.402 Triplet: 0.5878 | 1.1s
  Epoch 9/800 | Total: 3.819 Edge: 0.625 Con: 0.335 Cls: 2.288 Triplet: 0.5697 | 0.9s
  Epoch 10/800 | Total: 3.717 Edge: 0.614 Con: 0.327 Cls: 2.210 Triplet: 0.5650 | Val F1: 0.0960 | 0.9s
  Epoch 11/800 | Total: 3.615 Edge: 0.607 Con: 0.319 Cls: 2.147 Triplet: 0.5422 | 0.9s
  Epoch 12/800 | Total: 3.541 Edge: 0.596 Con: 0.314 Cls: 2.083 Triplet: 0.5487 | 0.9s
  Epoch 13/800 | Total: 3.523 Edge: 0.598 Con: 0.307 Cls: 2.061 Triplet: 0.5573 | 0.9s
  Epoch 14/800 | Total: 3.474 Edge: 0.588 Con: 0.302 Cls: 2.035 Triplet: 0.5484 | 1.1s
  Epoch 15/800 | Total: 3.461 Edge: 0.594 Con: 0.305 Cls: 2.011 Triplet: 0.5501 | Val F1: 0.1562 | 1.1s
  Epoch 16/800 | Total: 3.435 Edge: 0.587 Con: 0.304 Cls: 1.986 Triplet: 0.5579 | 1.0s
  Epoch 17/800 | Total: 3.420 Edge: 0.582 Con: 0.306 Cls: 1.988 Triplet: 0.5446 | 1.0s
  Epoch 18/800 | Total: 3.411 Edge: 0.578 Con: 0.296 Cls: 2.010 Triplet: 0.5276 | 0.9s
  Epoch 19/800 | Total: 3.302 Edge: 0.572 Con: 0.299 Cls: 1.899 Triplet: 0.5322 | 0.9s
  Epoch 20/800 | Total: 3.236 Edge: 0.564 Con: 0.290 Cls: 1.886 Triplet: 0.4958 | Val F1: 0.1800 | 1.1s
  Epoch 21/800 | Total: 3.271 Edge: 0.561 Con: 0.283 Cls: 1.926 Triplet: 0.5011 | 0.9s
  Epoch 22/800 | Total: 3.287 Edge: 0.567 Con: 0.282 Cls: 1.920 Triplet: 0.5181 | 1.0s
  Epoch 23/800 | Total: 3.201 Edge: 0.556 Con: 0.286 Cls: 1.860 Triplet: 0.4999 | 0.9s
  Epoch 24/800 | Total: 3.182 Edge: 0.548 Con: 0.280 Cls: 1.857 Triplet: 0.4967 | 1.0s
  Epoch 25/800 | Total: 3.159 Edge: 0.546 Con: 0.276 Cls: 1.838 Triplet: 0.4989 | Val F1: 0.2026 | 1.0s
  Epoch 26/800 | Total: 3.143 Edge: 0.541 Con: 0.278 Cls: 1.831 Triplet: 0.4936 | 0.9s
  Epoch 27/800 | Total: 3.155 Edge: 0.547 Con: 0.283 Cls: 1.833 Triplet: 0.4917 | 1.0s
  Epoch 28/800 | Total: 3.130 Edge: 0.537 Con: 0.277 Cls: 1.822 Triplet: 0.4939 | 0.9s
  Epoch 29/800 | Total: 3.107 Edge: 0.531 Con: 0.269 Cls: 1.821 Triplet: 0.4863 | 1.1s
  Epoch 30/800 | Total: 3.102 Edge: 0.538 Con: 0.269 Cls: 1.805 Triplet: 0.4900 | Val F1: 0.2125 | 0.9s
  Epoch 31/800 | Total: 3.054 Edge: 0.531 Con: 0.274 Cls: 1.763 Triplet: 0.4852 | 0.9s
  Epoch 32/800 | Total: 3.055 Edge: 0.533 Con: 0.268 Cls: 1.772 Triplet: 0.4823 | 0.9s
  Epoch 33/800 | Total: 3.043 Edge: 0.534 Con: 0.265 Cls: 1.759 Triplet: 0.4846 | 0.9s
  Epoch 34/800 | Total: 3.028 Edge: 0.536 Con: 0.268 Cls: 1.744 Triplet: 0.4808 | 1.0s
  Epoch 35/800 | Total: 3.068 Edge: 0.548 Con: 0.266 Cls: 1.779 Triplet: 0.4743 | Val F1: 0.2135 | 1.2s
  Epoch 36/800 | Total: 3.081 Edge: 0.529 Con: 0.264 Cls: 1.800 Triplet: 0.4887 | 0.9s
  Epoch 37/800 | Total: 3.004 Edge: 0.524 Con: 0.270 Cls: 1.739 Triplet: 0.4695 | 0.9s
  Epoch 38/800 | Total: 2.988 Edge: 0.523 Con: 0.265 Cls: 1.730 Triplet: 0.4700 | 0.9s
  Epoch 39/800 | Total: 3.015 Edge: 0.525 Con: 0.262 Cls: 1.744 Triplet: 0.4838 | 1.0s
  Epoch 40/800 | Total: 3.020 Edge: 0.538 Con: 0.270 Cls: 1.743 Triplet: 0.4694 | Val F1: 0.2380 | 1.1s
  Epoch 41/800 | Total: 2.999 Edge: 0.522 Con: 0.263 Cls: 1.746 Triplet: 0.4678 | 0.9s
  Epoch 42/800 | Total: 2.981 Edge: 0.520 Con: 0.265 Cls: 1.721 Triplet: 0.4744 | 0.9s
  Epoch 43/800 | Total: 2.977 Edge: 0.521 Con: 0.261 Cls: 1.732 Triplet: 0.4628 | 1.1s
  Epoch 44/800 | Total: 2.989 Edge: 0.511 Con: 0.260 Cls: 1.747 Triplet: 0.4712 | 1.0s
  Epoch 45/800 | Total: 2.979 Edge: 0.519 Con: 0.260 Cls: 1.742 Triplet: 0.4584 | Val F1: 0.2407 | 1.0s
  Epoch 46/800 | Total: 2.955 Edge: 0.513 Con: 0.258 Cls: 1.720 Triplet: 0.4640 | 0.9s
  Epoch 47/800 | Total: 2.938 Edge: 0.507 Con: 0.257 Cls: 1.722 Triplet: 0.4523 | 0.9s
  Epoch 48/800 | Total: 2.963 Edge: 0.528 Con: 0.260 Cls: 1.712 Triplet: 0.4628 | 0.9s
  Epoch 49/800 | Total: 2.962 Edge: 0.511 Con: 0.259 Cls: 1.738 Triplet: 0.4551 | 1.0s
  Epoch 50/800 | Total: 2.926 Edge: 0.512 Con: 0.258 Cls: 1.702 Triplet: 0.4546 | Val F1: 0.2382 | 1.0s
  Epoch 51/800 | Total: 2.936 Edge: 0.503 Con: 0.261 Cls: 1.714 Triplet: 0.4588 | 1.0s
  Epoch 52/800 | Total: 2.932 Edge: 0.508 Con: 0.257 Cls: 1.700 Triplet: 0.4673 | 0.9s
  Epoch 53/800 | Total: 2.920 Edge: 0.503 Con: 0.258 Cls: 1.699 Triplet: 0.4596 | 1.1s
  Epoch 54/800 | Total: 2.935 Edge: 0.503 Con: 0.258 Cls: 1.715 Triplet: 0.4589 | 1.0s
  Epoch 55/800 | Total: 2.911 Edge: 0.505 Con: 0.257 Cls: 1.696 Triplet: 0.4524 | Val F1: 0.2425 | 0.9s
  Epoch 56/800 | Total: 2.882 Edge: 0.500 Con: 0.254 Cls: 1.670 Triplet: 0.4583 | 0.9s
  Epoch 57/800 | Total: 2.891 Edge: 0.504 Con: 0.259 Cls: 1.679 Triplet: 0.4484 | 1.1s
  Epoch 58/800 | Total: 2.878 Edge: 0.498 Con: 0.257 Cls: 1.675 Triplet: 0.4486 | 1.1s
  Epoch 59/800 | Total: 2.977 Edge: 0.506 Con: 0.258 Cls: 1.753 Triplet: 0.4607 | 1.1s
  Epoch 60/800 | Total: 2.922 Edge: 0.506 Con: 0.259 Cls: 1.694 Triplet: 0.4629 | Val F1: 0.2439 | 1.0s
  Epoch 61/800 | Total: 2.944 Edge: 0.523 Con: 0.252 Cls: 1.717 Triplet: 0.4512 | 1.1s
  Epoch 62/800 | Total: 2.947 Edge: 0.515 Con: 0.260 Cls: 1.718 Triplet: 0.4540 | 1.0s
  Epoch 63/800 | Total: 2.880 Edge: 0.507 Con: 0.259 Cls: 1.661 Triplet: 0.4525 | 1.1s
  Epoch 64/800 | Total: 2.887 Edge: 0.511 Con: 0.259 Cls: 1.669 Triplet: 0.4487 | 1.0s
  Epoch 65/800 | Total: 2.884 Edge: 0.500 Con: 0.255 Cls: 1.678 Triplet: 0.4506 | Val F1: 0.2386 | 0.9s
  Epoch 66/800 | Total: 2.875 Edge: 0.496 Con: 0.256 Cls: 1.675 Triplet: 0.4488 | 1.0s
  Epoch 67/800 | Total: 2.904 Edge: 0.495 Con: 0.252 Cls: 1.708 Triplet: 0.4495 | 1.0s
  Epoch 68/800 | Total: 2.870 Edge: 0.498 Con: 0.254 Cls: 1.673 Triplet: 0.4454 | 0.9s
  Epoch 69/800 | Total: 2.835 Edge: 0.489 Con: 0.254 Cls: 1.642 Triplet: 0.4493 | 1.2s
  Epoch 70/800 | Total: 2.831 Edge: 0.484 Con: 0.254 Cls: 1.648 Triplet: 0.4451 | Val F1: 0.2562 | 1.0s
  Epoch 71/800 | Total: 2.831 Edge: 0.487 Con: 0.249 Cls: 1.666 Triplet: 0.4292 | 1.0s
  Epoch 72/800 | Total: 2.849 Edge: 0.504 Con: 0.254 Cls: 1.644 Triplet: 0.4472 | 1.0s
  Epoch 73/800 | Total: 2.816 Edge: 0.486 Con: 0.252 Cls: 1.631 Triplet: 0.4468 | 0.9s
  Epoch 74/800 | Total: 2.806 Edge: 0.493 Con: 0.248 Cls: 1.632 Triplet: 0.4339 | 1.1s
  Epoch 75/800 | Total: 2.840 Edge: 0.500 Con: 0.247 Cls: 1.659 Triplet: 0.4348 | Val F1: 0.2638 | 0.9s
  Epoch 76/800 | Total: 2.802 Edge: 0.497 Con: 0.252 Cls: 1.619 Triplet: 0.4341 | 0.9s
  Epoch 77/800 | Total: 2.792 Edge: 0.490 Con: 0.253 Cls: 1.612 Triplet: 0.4364 | 0.9s
  Epoch 78/800 | Total: 2.880 Edge: 0.498 Con: 0.250 Cls: 1.693 Triplet: 0.4392 | 1.0s
  Epoch 79/800 | Total: 2.866 Edge: 0.493 Con: 0.250 Cls: 1.681 Triplet: 0.4423 | 0.9s
  Epoch 80/800 | Total: 2.774 Edge: 0.483 Con: 0.246 Cls: 1.617 Triplet: 0.4277 | Val F1: 0.2585 | 1.1s
  Epoch 81/800 | Total: 2.784 Edge: 0.480 Con: 0.250 Cls: 1.622 Triplet: 0.4324 | 1.1s
  Epoch 82/800 | Total: 2.780 Edge: 0.491 Con: 0.250 Cls: 1.607 Triplet: 0.4308 | 1.0s
  Epoch 83/800 | Total: 2.779 Edge: 0.484 Con: 0.248 Cls: 1.607 Triplet: 0.4405 | 1.0s
  Epoch 84/800 | Total: 2.748 Edge: 0.484 Con: 0.251 Cls: 1.594 Triplet: 0.4190 | 1.1s
  Epoch 85/800 | Total: 2.737 Edge: 0.478 Con: 0.250 Cls: 1.582 Triplet: 0.4272 | Val F1: 0.2553 | 1.0s
  Epoch 86/800 | Total: 2.742 Edge: 0.477 Con: 0.246 Cls: 1.585 Triplet: 0.4328 | 1.0s
  Epoch 87/800 | Total: 2.757 Edge: 0.482 Con: 0.249 Cls: 1.604 Triplet: 0.4212 | 0.9s
  Epoch 88/800 | Total: 2.784 Edge: 0.483 Con: 0.248 Cls: 1.622 Triplet: 0.4305 | 1.0s
  Epoch 89/800 | Total: 2.777 Edge: 0.487 Con: 0.248 Cls: 1.617 Triplet: 0.4259 | 1.0s
  Epoch 90/800 | Total: 2.766 Edge: 0.477 Con: 0.248 Cls: 1.609 Triplet: 0.4317 | Val F1: 0.2711 | 0.9s
  Epoch 91/800 | Total: 2.749 Edge: 0.482 Con: 0.247 Cls: 1.595 Triplet: 0.4261 | 1.1s
  Epoch 92/800 | Total: 2.742 Edge: 0.474 Con: 0.246 Cls: 1.588 Triplet: 0.4339 | 0.9s
  Epoch 93/800 | Total: 2.761 Edge: 0.479 Con: 0.246 Cls: 1.602 Triplet: 0.4330 | 0.9s
  Epoch 94/800 | Total: 2.772 Edge: 0.476 Con: 0.247 Cls: 1.617 Triplet: 0.4317 | 0.9s
  Epoch 95/800 | Total: 2.790 Edge: 0.485 Con: 0.249 Cls: 1.622 Triplet: 0.4336 | Val F1: 0.2743 | 1.2s
  Epoch 96/800 | Total: 2.736 Edge: 0.475 Con: 0.245 Cls: 1.596 Triplet: 0.4206 | 1.0s
  Epoch 97/800 | Total: 2.723 Edge: 0.474 Con: 0.248 Cls: 1.574 Triplet: 0.4265 | 1.0s
  Epoch 98/800 | Total: 2.748 Edge: 0.476 Con: 0.244 Cls: 1.607 Triplet: 0.4206 | 1.0s
  Epoch 99/800 | Total: 2.797 Edge: 0.476 Con: 0.244 Cls: 1.658 Triplet: 0.4185 | 0.9s
  Epoch 100/800 | Total: 2.790 Edge: 0.481 Con: 0.250 Cls: 1.621 Triplet: 0.4378 | Val F1: 0.2745 | 1.1s
  Epoch 101/800 | Total: 2.785 Edge: 0.478 Con: 0.247 Cls: 1.626 Triplet: 0.4352 | 1.0s
  Epoch 102/800 | Total: 2.736 Edge: 0.478 Con: 0.243 Cls: 1.586 Triplet: 0.4287 | 1.0s
  Epoch 103/800 | Total: 2.746 Edge: 0.489 Con: 0.248 Cls: 1.577 Triplet: 0.4317 | 0.9s
  Epoch 104/800 | Total: 2.760 Edge: 0.477 Con: 0.253 Cls: 1.602 Triplet: 0.4286 | 0.9s
  Epoch 105/800 | Total: 2.749 Edge: 0.478 Con: 0.247 Cls: 1.595 Triplet: 0.4288 | Val F1: 0.2911 | 1.0s
  Epoch 106/800 | Total: 2.759 Edge: 0.484 Con: 0.243 Cls: 1.607 Triplet: 0.4254 | 0.9s
  Epoch 107/800 | Total: 2.753 Edge: 0.479 Con: 0.246 Cls: 1.601 Triplet: 0.4269 | 1.1s
  Epoch 108/800 | Total: 2.719 Edge: 0.475 Con: 0.248 Cls: 1.570 Triplet: 0.4264 | 0.9s
  Epoch 109/800 | Total: 2.701 Edge: 0.474 Con: 0.246 Cls: 1.562 Triplet: 0.4186 | 1.0s
  Epoch 110/800 | Total: 2.685 Edge: 0.468 Con: 0.242 Cls: 1.557 Triplet: 0.4177 | Val F1: 0.2914 | 1.0s
  Epoch 111/800 | Total: 2.696 Edge: 0.472 Con: 0.240 Cls: 1.567 Triplet: 0.4167 | 0.9s
  Epoch 112/800 | Total: 2.706 Edge: 0.479 Con: 0.248 Cls: 1.563 Triplet: 0.4163 | 1.1s
  Epoch 113/800 | Total: 2.726 Edge: 0.483 Con: 0.244 Cls: 1.572 Triplet: 0.4272 | 1.0s
  Epoch 114/800 | Total: 2.722 Edge: 0.483 Con: 0.242 Cls: 1.566 Triplet: 0.4313 | 0.9s
  Epoch 115/800 | Total: 2.679 Edge: 0.468 Con: 0.243 Cls: 1.550 Triplet: 0.4184 | Val F1: 0.2989 | 1.1s
  Epoch 116/800 | Total: 2.674 Edge: 0.478 Con: 0.240 Cls: 1.544 Triplet: 0.4115 | 0.9s
  Epoch 117/800 | Total: 2.693 Edge: 0.465 Con: 0.241 Cls: 1.573 Triplet: 0.4141 | 0.9s
  Epoch 118/800 | Total: 2.712 Edge: 0.469 Con: 0.243 Cls: 1.580 Triplet: 0.4193 | 0.9s
  Epoch 119/800 | Total: 2.711 Edge: 0.466 Con: 0.241 Cls: 1.569 Triplet: 0.4350 | 0.9s
  Epoch 120/800 | Total: 2.714 Edge: 0.465 Con: 0.240 Cls: 1.593 Triplet: 0.4170 | Val F1: 0.2843 | 1.0s
  Epoch 121/800 | Total: 2.686 Edge: 0.465 Con: 0.244 Cls: 1.557 Triplet: 0.4207 | 1.0s
  Epoch 122/800 | Total: 2.653 Edge: 0.463 Con: 0.239 Cls: 1.543 Triplet: 0.4077 | 1.1s
  Epoch 123/800 | Total: 2.678 Edge: 0.463 Con: 0.241 Cls: 1.552 Triplet: 0.4225 | 1.0s
  Epoch 124/800 | Total: 2.721 Edge: 0.479 Con: 0.242 Cls: 1.574 Triplet: 0.4252 | 0.9s
  Epoch 125/800 | Total: 2.775 Edge: 0.484 Con: 0.244 Cls: 1.609 Triplet: 0.4384 | Val F1: 0.2735 | 0.9s
  Epoch 126/800 | Total: 2.791 Edge: 0.477 Con: 0.244 Cls: 1.644 Triplet: 0.4258 | 1.1s
  Epoch 127/800 | Total: 2.741 Edge: 0.480 Con: 0.249 Cls: 1.590 Triplet: 0.4216 | 0.9s
  Epoch 128/800 | Total: 2.684 Edge: 0.481 Con: 0.247 Cls: 1.539 Triplet: 0.4167 | 1.0s
  Epoch 129/800 | Total: 2.674 Edge: 0.474 Con: 0.242 Cls: 1.536 Triplet: 0.4225 | 1.0s
  Epoch 130/800 | Total: 2.676 Edge: 0.469 Con: 0.240 Cls: 1.546 Triplet: 0.4224 | Val F1: 0.2964 | 0.9s
  Epoch 131/800 | Total: 2.675 Edge: 0.467 Con: 0.239 Cls: 1.550 Triplet: 0.4192 | 1.0s
  Epoch 132/800 | Total: 2.660 Edge: 0.462 Con: 0.239 Cls: 1.544 Triplet: 0.4159 | 0.9s
  Epoch 133/800 | Total: 2.643 Edge: 0.459 Con: 0.236 Cls: 1.531 Triplet: 0.4171 | 0.9s
  Epoch 134/800 | Total: 2.651 Edge: 0.460 Con: 0.235 Cls: 1.543 Triplet: 0.4124 | 1.1s
  Epoch 135/800 | Total: 2.682 Edge: 0.461 Con: 0.236 Cls: 1.568 Triplet: 0.4173 | Val F1: 0.2977 | 1.1s
  Epoch 136/800 | Total: 2.681 Edge: 0.465 Con: 0.240 Cls: 1.548 Triplet: 0.4283 | 1.2s
  Epoch 137/800 | Total: 2.666 Edge: 0.460 Con: 0.240 Cls: 1.551 Triplet: 0.4158 | 1.0s
  Epoch 138/800 | Total: 2.669 Edge: 0.462 Con: 0.239 Cls: 1.550 Triplet: 0.4182 | 1.0s
  Epoch 139/800 | Total: 2.657 Edge: 0.465 Con: 0.239 Cls: 1.537 Triplet: 0.4159 | 1.0s
  Epoch 140/800 | Total: 2.625 Edge: 0.465 Con: 0.236 Cls: 1.517 Triplet: 0.4071 | Val F1: 0.2982 | 1.1s
  Epoch 141/800 | Total: 2.622 Edge: 0.460 Con: 0.236 Cls: 1.518 Triplet: 0.4084 | 0.9s
  Epoch 142/800 | Total: 2.632 Edge: 0.460 Con: 0.234 Cls: 1.530 Triplet: 0.4077 | 1.1s
  Epoch 143/800 | Total: 2.629 Edge: 0.464 Con: 0.238 Cls: 1.520 Triplet: 0.4073 | 1.0s
  Epoch 144/800 | Total: 2.646 Edge: 0.461 Con: 0.237 Cls: 1.529 Triplet: 0.4191 | 0.9s
  Epoch 145/800 | Total: 2.654 Edge: 0.466 Con: 0.240 Cls: 1.530 Triplet: 0.4178 | Val F1: 0.3166 | 0.9s
  Epoch 146/800 | Total: 2.675 Edge: 0.473 Con: 0.237 Cls: 1.549 Triplet: 0.4162 | 1.1s
  Epoch 147/800 | Total: 2.680 Edge: 0.470 Con: 0.234 Cls: 1.558 Triplet: 0.4179 | 1.1s
  Epoch 148/800 | Total: 2.654 Edge: 0.470 Con: 0.238 Cls: 1.529 Triplet: 0.4162 | 0.9s
  Epoch 149/800 | Total: 2.614 Edge: 0.455 Con: 0.235 Cls: 1.514 Triplet: 0.4092 | 1.2s
  Epoch 150/800 | Total: 2.639 Edge: 0.465 Con: 0.236 Cls: 1.530 Triplet: 0.4083 | Val F1: 0.2868 | 1.0s
  Epoch 151/800 | Total: 2.665 Edge: 0.474 Con: 0.239 Cls: 1.539 Triplet: 0.4129 | 1.0s
  Epoch 152/800 | Total: 2.643 Edge: 0.469 Con: 0.240 Cls: 1.521 Triplet: 0.4135 | 1.0s
  Epoch 153/800 | Total: 2.642 Edge: 0.462 Con: 0.236 Cls: 1.533 Triplet: 0.4116 | 1.0s
  Epoch 154/800 | Total: 2.642 Edge: 0.465 Con: 0.236 Cls: 1.534 Triplet: 0.4065 | 1.1s
  Epoch 155/800 | Total: 2.635 Edge: 0.470 Con: 0.233 Cls: 1.521 Triplet: 0.4105 | Val F1: 0.2988 | 1.0s
  Epoch 156/800 | Total: 2.638 Edge: 0.463 Con: 0.239 Cls: 1.528 Triplet: 0.4076 | 1.1s
  Epoch 157/800 | Total: 2.652 Edge: 0.488 Con: 0.238 Cls: 1.515 Triplet: 0.4112 | 1.0s
  Epoch 158/800 | Total: 2.667 Edge: 0.477 Con: 0.240 Cls: 1.533 Triplet: 0.4169 | 1.1s
  Epoch 159/800 | Total: 2.628 Edge: 0.464 Con: 0.237 Cls: 1.522 Triplet: 0.4040 | 1.1s
  Epoch 160/800 | Total: 2.666 Edge: 0.468 Con: 0.234 Cls: 1.554 Triplet: 0.4107 | Val F1: 0.2425 | 1.0s
  Epoch 161/800 | Total: 2.718 Edge: 0.464 Con: 0.234 Cls: 1.601 Triplet: 0.4185 | 0.9s
  Epoch 162/800 | Total: 2.647 Edge: 0.462 Con: 0.236 Cls: 1.539 Triplet: 0.4110 | 0.9s
  Epoch 163/800 | Total: 2.642 Edge: 0.456 Con: 0.237 Cls: 1.532 Triplet: 0.4170 | 1.1s
  Epoch 164/800 | Total: 2.614 Edge: 0.456 Con: 0.235 Cls: 1.522 Triplet: 0.4001 | 1.0s
  Epoch 165/800 | Total: 2.621 Edge: 0.457 Con: 0.237 Cls: 1.525 Triplet: 0.4023 | Val F1: 0.3063 | 1.0s
  Epoch 166/800 | Total: 2.612 Edge: 0.454 Con: 0.230 Cls: 1.523 Triplet: 0.4057 | 1.1s
  Epoch 167/800 | Total: 2.675 Edge: 0.463 Con: 0.235 Cls: 1.565 Triplet: 0.4117 | 1.1s
  Epoch 168/800 | Total: 2.733 Edge: 0.468 Con: 0.246 Cls: 1.580 Triplet: 0.4395 | 0.9s
  Epoch 169/800 | Total: 2.646 Edge: 0.471 Con: 0.238 Cls: 1.516 Triplet: 0.4205 | 1.2s
  Epoch 170/800 | Total: 2.628 Edge: 0.463 Con: 0.236 Cls: 1.515 Triplet: 0.4138 | Val F1: 0.3150 | 0.9s
  Epoch 171/800 | Total: 2.662 Edge: 0.472 Con: 0.236 Cls: 1.539 Triplet: 0.4144 | 0.9s
  Epoch 172/800 | Total: 2.673 Edge: 0.463 Con: 0.234 Cls: 1.559 Triplet: 0.4162 | 0.9s
  Epoch 173/800 | Total: 2.660 Edge: 0.460 Con: 0.236 Cls: 1.551 Triplet: 0.4137 | 0.9s
  Epoch 174/800 | Total: 2.607 Edge: 0.453 Con: 0.235 Cls: 1.514 Triplet: 0.4043 | 0.9s
  Epoch 175/800 | Total: 2.598 Edge: 0.453 Con: 0.236 Cls: 1.499 Triplet: 0.4098 | Val F1: 0.3150 | 1.1s
  Epoch 176/800 | Total: 2.594 Edge: 0.451 Con: 0.232 Cls: 1.502 Triplet: 0.4085 | 0.9s
  Epoch 177/800 | Total: 2.627 Edge: 0.454 Con: 0.237 Cls: 1.521 Triplet: 0.4151 | 1.2s
  Epoch 178/800 | Total: 2.577 Edge: 0.450 Con: 0.230 Cls: 1.490 Triplet: 0.4063 | 0.9s
  Epoch 179/800 | Total: 2.580 Edge: 0.459 Con: 0.232 Cls: 1.486 Triplet: 0.4030 | 0.9s
  Epoch 180/800 | Total: 2.581 Edge: 0.451 Con: 0.232 Cls: 1.499 Triplet: 0.3999 | Val F1: 0.3071 | 1.0s
  Epoch 181/800 | Total: 2.610 Edge: 0.452 Con: 0.234 Cls: 1.518 Triplet: 0.4070 | 0.9s
  Epoch 182/800 | Total: 2.668 Edge: 0.457 Con: 0.235 Cls: 1.560 Triplet: 0.4162 | 1.0s
  Epoch 183/800 | Total: 2.675 Edge: 0.460 Con: 0.237 Cls: 1.566 Triplet: 0.4122 | 0.9s
  Epoch 184/800 | Total: 2.635 Edge: 0.456 Con: 0.234 Cls: 1.535 Triplet: 0.4100 | 0.9s
  Epoch 185/800 | Total: 2.608 Edge: 0.457 Con: 0.235 Cls: 1.510 Triplet: 0.4057 | Val F1: 0.2878 | 1.0s
  Epoch 186/800 | Total: 2.594 Edge: 0.450 Con: 0.235 Cls: 1.503 Triplet: 0.4057 | 1.0s
  Epoch 187/800 | Total: 2.570 Edge: 0.452 Con: 0.231 Cls: 1.486 Triplet: 0.4012 | 0.9s
  Epoch 188/800 | Total: 2.588 Edge: 0.452 Con: 0.233 Cls: 1.503 Triplet: 0.3995 | 1.0s
  Epoch 189/800 | Total: 2.574 Edge: 0.450 Con: 0.230 Cls: 1.495 Triplet: 0.3984 | 1.0s
  Epoch 190/800 | Total: 2.574 Edge: 0.450 Con: 0.230 Cls: 1.499 Triplet: 0.3949 | Val F1: 0.3280 | 0.9s
  Epoch 191/800 | Total: 2.569 Edge: 0.447 Con: 0.232 Cls: 1.487 Triplet: 0.4033 | 0.9s
  Epoch 192/800 | Total: 2.616 Edge: 0.450 Con: 0.230 Cls: 1.524 Triplet: 0.4111 | 0.9s
  Epoch 193/800 | Total: 2.596 Edge: 0.450 Con: 0.228 Cls: 1.517 Triplet: 0.4016 | 1.1s
  Epoch 194/800 | Total: 2.637 Edge: 0.458 Con: 0.234 Cls: 1.532 Triplet: 0.4119 | 1.0s
  Epoch 195/800 | Total: 2.608 Edge: 0.468 Con: 0.232 Cls: 1.502 Triplet: 0.4068 | Val F1: 0.3100 | 1.0s
  Epoch 196/800 | Total: 2.611 Edge: 0.464 Con: 0.233 Cls: 1.500 Triplet: 0.4140 | 1.2s
  Epoch 197/800 | Total: 2.580 Edge: 0.450 Con: 0.230 Cls: 1.497 Triplet: 0.4029 | 0.9s
  Epoch 198/800 | Total: 2.587 Edge: 0.446 Con: 0.231 Cls: 1.508 Triplet: 0.4016 | 1.2s
  Epoch 199/800 | Total: 2.609 Edge: 0.451 Con: 0.235 Cls: 1.512 Triplet: 0.4110 | 1.0s
  Epoch 200/800 | Total: 2.617 Edge: 0.453 Con: 0.236 Cls: 1.518 Triplet: 0.4103 | Val F1: 0.3198 | 1.1s
  Epoch 201/800 | Total: 2.603 Edge: 0.450 Con: 0.234 Cls: 1.504 Triplet: 0.4140 | 1.1s
  Epoch 202/800 | Total: 2.597 Edge: 0.451 Con: 0.234 Cls: 1.501 Triplet: 0.4116 | 0.9s
  Epoch 203/800 | Total: 2.596 Edge: 0.461 Con: 0.235 Cls: 1.492 Triplet: 0.4087 | 0.9s
  Epoch 204/800 | Total: 2.595 Edge: 0.469 Con: 0.232 Cls: 1.491 Triplet: 0.4036 | 1.0s
  Epoch 205/800 | Total: 2.603 Edge: 0.458 Con: 0.235 Cls: 1.496 Triplet: 0.4141 | Val F1: 0.3357 | 0.9s
  Epoch 206/800 | Total: 2.634 Edge: 0.457 Con: 0.231 Cls: 1.537 Triplet: 0.4101 | 1.1s
  Epoch 207/800 | Total: 2.599 Edge: 0.449 Con: 0.233 Cls: 1.513 Triplet: 0.4039 | 0.9s
  Epoch 208/800 | Total: 2.610 Edge: 0.447 Con: 0.232 Cls: 1.522 Triplet: 0.4090 | 1.0s
  Epoch 209/800 | Total: 2.603 Edge: 0.450 Con: 0.232 Cls: 1.526 Triplet: 0.3954 | 1.0s
  Epoch 210/800 | Total: 2.594 Edge: 0.445 Con: 0.233 Cls: 1.505 Triplet: 0.4116 | Val F1: 0.3261 | 1.0s
  Epoch 211/800 | Total: 2.566 Edge: 0.447 Con: 0.232 Cls: 1.485 Triplet: 0.4024 | 1.2s
  Epoch 212/800 | Total: 2.603 Edge: 0.448 Con: 0.236 Cls: 1.509 Triplet: 0.4092 | 1.0s
  Epoch 213/800 | Total: 2.588 Edge: 0.454 Con: 0.233 Cls: 1.501 Triplet: 0.4003 | 1.0s
  Epoch 214/800 | Total: 2.596 Edge: 0.456 Con: 0.235 Cls: 1.492 Triplet: 0.4133 | 0.9s
  Epoch 215/800 | Total: 2.590 Edge: 0.449 Con: 0.234 Cls: 1.497 Triplet: 0.4105 | Val F1: 0.3358 | 1.1s
  Epoch 216/800 | Total: 2.578 Edge: 0.451 Con: 0.233 Cls: 1.492 Triplet: 0.4025 | 0.9s
  Epoch 217/800 | Total: 2.548 Edge: 0.445 Con: 0.233 Cls: 1.466 Triplet: 0.4034 | 1.0s
  Epoch 218/800 | Total: 2.558 Edge: 0.442 Con: 0.230 Cls: 1.494 Triplet: 0.3916 | 0.9s
  Epoch 219/800 | Total: 2.539 Edge: 0.443 Con: 0.229 Cls: 1.469 Triplet: 0.3966 | 1.0s
  Epoch 220/800 | Total: 2.548 Edge: 0.440 Con: 0.227 Cls: 1.482 Triplet: 0.3998 | Val F1: 0.3263 | 0.9s
  Epoch 221/800 | Total: 2.570 Edge: 0.451 Con: 0.227 Cls: 1.493 Triplet: 0.3992 | 1.0s
  Epoch 222/800 | Total: 2.571 Edge: 0.443 Con: 0.230 Cls: 1.494 Triplet: 0.4038 | 0.9s
  Epoch 223/800 | Total: 2.592 Edge: 0.447 Con: 0.232 Cls: 1.513 Triplet: 0.4008 | 1.2s
  Epoch 224/800 | Total: 2.596 Edge: 0.455 Con: 0.230 Cls: 1.500 Triplet: 0.4114 | 0.9s
  Epoch 225/800 | Total: 2.557 Edge: 0.450 Con: 0.232 Cls: 1.476 Triplet: 0.3985 | Val F1: 0.3260 | 1.3s
  Epoch 226/800 | Total: 2.545 Edge: 0.450 Con: 0.234 Cls: 1.465 Triplet: 0.3962 | 0.9s
  Epoch 227/800 | Total: 2.579 Edge: 0.450 Con: 0.231 Cls: 1.493 Triplet: 0.4061 | 0.9s
  Epoch 228/800 | Total: 2.579 Edge: 0.450 Con: 0.232 Cls: 1.496 Triplet: 0.4020 | 0.9s
  Epoch 229/800 | Total: 2.577 Edge: 0.450 Con: 0.229 Cls: 1.493 Triplet: 0.4057 | 1.0s
  Epoch 230/800 | Total: 2.620 Edge: 0.484 Con: 0.230 Cls: 1.494 Triplet: 0.4113 | Val F1: 0.3197 | 1.1s
  Epoch 231/800 | Total: 2.625 Edge: 0.460 Con: 0.237 Cls: 1.520 Triplet: 0.4077 | 0.9s
  Epoch 232/800 | Total: 2.593 Edge: 0.447 Con: 0.233 Cls: 1.507 Triplet: 0.4062 | 0.9s
  Epoch 233/800 | Total: 2.592 Edge: 0.448 Con: 0.234 Cls: 1.503 Triplet: 0.4078 | 0.9s
  Epoch 234/800 | Total: 2.588 Edge: 0.446 Con: 0.233 Cls: 1.504 Triplet: 0.4058 | 1.1s
  Epoch 235/800 | Total: 2.584 Edge: 0.444 Con: 0.236 Cls: 1.497 Triplet: 0.4054 | Val F1: 0.3167 | 1.0s
  Epoch 236/800 | Total: 2.642 Edge: 0.445 Con: 0.235 Cls: 1.552 Triplet: 0.4098 | 1.0s
  Epoch 237/800 | Total: 2.596 Edge: 0.444 Con: 0.235 Cls: 1.512 Triplet: 0.4043 | 1.0s
  Epoch 238/800 | Total: 2.557 Edge: 0.443 Con: 0.231 Cls: 1.476 Triplet: 0.4070 | 0.9s
  Epoch 239/800 | Total: 2.554 Edge: 0.447 Con: 0.228 Cls: 1.482 Triplet: 0.3970 | 0.9s
  Epoch 240/800 | Total: 2.578 Edge: 0.448 Con: 0.235 Cls: 1.498 Triplet: 0.3972 | Val F1: 0.3348 | 0.9s
  Epoch 241/800 | Total: 2.570 Edge: 0.445 Con: 0.229 Cls: 1.496 Triplet: 0.3995 | 1.1s
  Epoch 242/800 | Total: 2.577 Edge: 0.447 Con: 0.230 Cls: 1.498 Triplet: 0.4021 | 1.1s
  Epoch 243/800 | Total: 2.583 Edge: 0.458 Con: 0.230 Cls: 1.497 Triplet: 0.3987 | 1.0s
  Epoch 244/800 | Total: 2.603 Edge: 0.455 Con: 0.230 Cls: 1.506 Triplet: 0.4124 | 1.0s
  Epoch 245/800 | Total: 2.582 Edge: 0.447 Con: 0.234 Cls: 1.504 Triplet: 0.3972 | Val F1: 0.3342 | 0.9s
  Epoch 246/800 | Total: 2.572 Edge: 0.444 Con: 0.228 Cls: 1.503 Triplet: 0.3964 | 1.0s
  Epoch 247/800 | Total: 2.565 Edge: 0.446 Con: 0.229 Cls: 1.492 Triplet: 0.3983 | 1.1s
  Epoch 248/800 | Total: 2.561 Edge: 0.444 Con: 0.229 Cls: 1.487 Triplet: 0.4009 | 0.9s
  Epoch 249/800 | Total: 2.626 Edge: 0.442 Con: 0.231 Cls: 1.548 Triplet: 0.4052 | 0.9s
  Epoch 250/800 | Total: 2.708 Edge: 0.449 Con: 0.239 Cls: 1.611 Triplet: 0.4096 | Val F1: 0.3049 | 1.0s
  Epoch 251/800 | Total: 2.605 Edge: 0.452 Con: 0.235 Cls: 1.501 Triplet: 0.4161 | 1.1s
  Epoch 252/800 | Total: 2.590 Edge: 0.456 Con: 0.235 Cls: 1.492 Triplet: 0.4072 | 1.1s
  Epoch 253/800 | Total: 2.593 Edge: 0.453 Con: 0.234 Cls: 1.499 Triplet: 0.4070 | 1.0s
  Epoch 254/800 | Total: 2.581 Edge: 0.448 Con: 0.235 Cls: 1.488 Triplet: 0.4103 | 1.0s
  Epoch 255/800 | Total: 2.573 Edge: 0.457 Con: 0.235 Cls: 1.485 Triplet: 0.3968 | Val F1: 0.3342 | 1.2s
  Epoch 256/800 | Total: 2.561 Edge: 0.440 Con: 0.238 Cls: 1.485 Triplet: 0.3982 | 1.0s
  Epoch 257/800 | Total: 2.578 Edge: 0.440 Con: 0.233 Cls: 1.505 Triplet: 0.3994 | 1.0s
  Epoch 258/800 | Total: 2.571 Edge: 0.442 Con: 0.233 Cls: 1.489 Triplet: 0.4060 | 1.0s
  Epoch 259/800 | Total: 2.542 Edge: 0.443 Con: 0.232 Cls: 1.475 Triplet: 0.3924 | 1.1s
  Epoch 260/800 | Total: 2.529 Edge: 0.438 Con: 0.230 Cls: 1.466 Triplet: 0.3954 | Val F1: 0.3429 | 1.1s
  Epoch 261/800 | Total: 2.523 Edge: 0.437 Con: 0.226 Cls: 1.461 Triplet: 0.3992 | 0.9s
  Epoch 262/800 | Total: 2.523 Edge: 0.435 Con: 0.230 Cls: 1.468 Triplet: 0.3893 | 1.0s
  Epoch 263/800 | Total: 2.550 Edge: 0.438 Con: 0.232 Cls: 1.480 Triplet: 0.4010 | 1.0s
  Epoch 264/800 | Total: 2.544 Edge: 0.441 Con: 0.228 Cls: 1.477 Triplet: 0.3972 | 1.0s
  Epoch 265/800 | Total: 2.581 Edge: 0.447 Con: 0.232 Cls: 1.509 Triplet: 0.3935 | Val F1: 0.3186 | 0.9s
  Epoch 266/800 | Total: 2.559 Edge: 0.443 Con: 0.234 Cls: 1.484 Triplet: 0.3985 | 1.1s
  Epoch 267/800 | Total: 2.554 Edge: 0.441 Con: 0.231 Cls: 1.478 Triplet: 0.4046 | 1.0s
  Epoch 268/800 | Total: 2.566 Edge: 0.442 Con: 0.228 Cls: 1.498 Triplet: 0.3977 | 0.9s
  Epoch 269/800 | Total: 2.530 Edge: 0.440 Con: 0.225 Cls: 1.473 Triplet: 0.3915 | 0.9s
  Epoch 270/800 | Total: 2.562 Edge: 0.448 Con: 0.232 Cls: 1.477 Triplet: 0.4056 | Val F1: 0.3317 | 1.0s
  Epoch 271/800 | Total: 2.589 Edge: 0.455 Con: 0.231 Cls: 1.504 Triplet: 0.3990 | 1.0s
  Epoch 272/800 | Total: 2.548 Edge: 0.438 Con: 0.229 Cls: 1.477 Triplet: 0.4038 | 0.9s
  Epoch 273/800 | Total: 2.537 Edge: 0.441 Con: 0.228 Cls: 1.468 Triplet: 0.3999 | 1.1s
  Epoch 274/800 | Total: 2.517 Edge: 0.436 Con: 0.224 Cls: 1.466 Triplet: 0.3903 | 1.1s
  Epoch 275/800 | Total: 2.511 Edge: 0.439 Con: 0.234 Cls: 1.446 Triplet: 0.3924 | Val F1: 0.3320 | 0.9s
  Epoch 276/800 | Total: 2.548 Edge: 0.439 Con: 0.231 Cls: 1.476 Triplet: 0.4016 | 1.1s
  Epoch 277/800 | Total: 2.528 Edge: 0.438 Con: 0.227 Cls: 1.467 Triplet: 0.3953 | 0.9s
  Epoch 278/800 | Total: 2.522 Edge: 0.433 Con: 0.229 Cls: 1.460 Triplet: 0.3993 | 0.9s
  Epoch 279/800 | Total: 2.520 Edge: 0.434 Con: 0.225 Cls: 1.468 Triplet: 0.3931 | 0.9s
  Epoch 280/800 | Total: 2.522 Edge: 0.437 Con: 0.227 Cls: 1.461 Triplet: 0.3961 | Val F1: 0.3396 | 0.9s
  Epoch 281/800 | Total: 2.521 Edge: 0.435 Con: 0.229 Cls: 1.467 Triplet: 0.3913 | 1.1s
  Epoch 282/800 | Total: 2.531 Edge: 0.440 Con: 0.228 Cls: 1.473 Triplet: 0.3902 | 1.0s
  Epoch 283/800 | Total: 2.537 Edge: 0.441 Con: 0.230 Cls: 1.461 Triplet: 0.4058 | 1.0s
  Epoch 284/800 | Total: 2.555 Edge: 0.440 Con: 0.232 Cls: 1.488 Triplet: 0.3950 | 1.0s
  Epoch 285/800 | Total: 2.571 Edge: 0.447 Con: 0.234 Cls: 1.493 Triplet: 0.3972 | Val F1: 0.3416 | 1.1s
  Epoch 286/800 | Total: 2.545 Edge: 0.442 Con: 0.237 Cls: 1.473 Triplet: 0.3935 | 1.0s
  Epoch 287/800 | Total: 2.565 Edge: 0.441 Con: 0.231 Cls: 1.485 Triplet: 0.4087 | 0.9s
  Epoch 288/800 | Total: 2.556 Edge: 0.440 Con: 0.230 Cls: 1.483 Triplet: 0.4027 | 0.9s
  Epoch 289/800 | Total: 2.526 Edge: 0.438 Con: 0.227 Cls: 1.466 Triplet: 0.3948 | 1.0s
  Epoch 290/800 | Total: 2.513 Edge: 0.430 Con: 0.224 Cls: 1.460 Triplet: 0.3982 | Val F1: 0.3410 | 1.0s
  Epoch 291/800 | Total: 2.526 Edge: 0.433 Con: 0.224 Cls: 1.480 Triplet: 0.3893 | 1.0s
  Epoch 292/800 | Total: 2.541 Edge: 0.437 Con: 0.233 Cls: 1.476 Triplet: 0.3944 | 0.9s
  Epoch 293/800 | Total: 2.565 Edge: 0.445 Con: 0.236 Cls: 1.484 Triplet: 0.4009 | 1.0s
  Epoch 294/800 | Total: 2.562 Edge: 0.441 Con: 0.232 Cls: 1.483 Triplet: 0.4056 | 1.1s
  Epoch 295/800 | Total: 2.537 Edge: 0.442 Con: 0.228 Cls: 1.476 Triplet: 0.3914 | Val F1: 0.3453 | 1.0s
  Epoch 296/800 | Total: 2.531 Edge: 0.432 Con: 0.227 Cls: 1.469 Triplet: 0.4031 | 1.2s
  Epoch 297/800 | Total: 2.499 Edge: 0.434 Con: 0.228 Cls: 1.448 Triplet: 0.3893 | 1.2s
  Epoch 298/800 | Total: 2.514 Edge: 0.431 Con: 0.232 Cls: 1.459 Triplet: 0.3925 | 1.1s
  Epoch 299/800 | Total: 2.517 Edge: 0.437 Con: 0.231 Cls: 1.454 Triplet: 0.3939 | 0.9s
  Epoch 300/800 | Total: 2.521 Edge: 0.438 Con: 0.231 Cls: 1.456 Triplet: 0.3959 | Val F1: 0.3324 | 1.0s
  Epoch 301/800 | Total: 2.527 Edge: 0.434 Con: 0.232 Cls: 1.463 Triplet: 0.3978 | 1.1s
  Epoch 302/800 | Total: 2.503 Edge: 0.427 Con: 0.228 Cls: 1.462 Triplet: 0.3866 | 1.0s
  Epoch 303/800 | Total: 2.517 Edge: 0.435 Con: 0.230 Cls: 1.460 Triplet: 0.3916 | 0.9s
  Epoch 304/800 | Total: 2.528 Edge: 0.433 Con: 0.230 Cls: 1.461 Triplet: 0.4035 | 1.1s
  Epoch 305/800 | Total: 2.527 Edge: 0.435 Con: 0.229 Cls: 1.470 Triplet: 0.3924 | Val F1: 0.3339 | 1.0s
  Epoch 306/800 | Total: 2.524 Edge: 0.435 Con: 0.227 Cls: 1.461 Triplet: 0.4001 | 1.1s
  Epoch 307/800 | Total: 2.517 Edge: 0.432 Con: 0.228 Cls: 1.471 Triplet: 0.3852 | 1.0s
  Epoch 308/800 | Total: 2.535 Edge: 0.436 Con: 0.229 Cls: 1.473 Triplet: 0.3976 | 1.0s
  Epoch 309/800 | Total: 2.514 Edge: 0.435 Con: 0.230 Cls: 1.455 Triplet: 0.3940 | 1.0s
  Epoch 310/800 | Total: 2.496 Edge: 0.432 Con: 0.230 Cls: 1.450 Triplet: 0.3846 | Val F1: 0.3468 | 0.9s
  Epoch 311/800 | Total: 2.515 Edge: 0.430 Con: 0.229 Cls: 1.459 Triplet: 0.3969 | 1.0s
  Epoch 312/800 | Total: 2.517 Edge: 0.434 Con: 0.228 Cls: 1.462 Triplet: 0.3935 | 1.0s
  Epoch 313/800 | Total: 2.509 Edge: 0.427 Con: 0.229 Cls: 1.458 Triplet: 0.3944 | 0.9s
  Epoch 314/800 | Total: 2.522 Edge: 0.430 Con: 0.230 Cls: 1.465 Triplet: 0.3973 | 1.1s
  Epoch 315/800 | Total: 2.533 Edge: 0.431 Con: 0.227 Cls: 1.480 Triplet: 0.3948 | Val F1: 0.3458 | 0.9s
  Epoch 316/800 | Total: 2.500 Edge: 0.430 Con: 0.230 Cls: 1.455 Triplet: 0.3848 | 1.2s
  Epoch 317/800 | Total: 2.495 Edge: 0.429 Con: 0.231 Cls: 1.448 Triplet: 0.3863 | 1.1s
  Epoch 318/800 | Total: 2.488 Edge: 0.427 Con: 0.227 Cls: 1.445 Triplet: 0.3895 | 1.1s
  Epoch 319/800 | Total: 2.502 Edge: 0.428 Con: 0.227 Cls: 1.456 Triplet: 0.3910 | 1.0s
  Epoch 320/800 | Total: 2.505 Edge: 0.430 Con: 0.229 Cls: 1.452 Triplet: 0.3943 | Val F1: 0.3125 | 1.0s
  Epoch 321/800 | Total: 2.573 Edge: 0.439 Con: 0.230 Cls: 1.500 Triplet: 0.4046 | 0.9s
  Epoch 322/800 | Total: 2.559 Edge: 0.442 Con: 0.231 Cls: 1.479 Triplet: 0.4063 | 1.2s
  Epoch 323/800 | Total: 2.557 Edge: 0.451 Con: 0.236 Cls: 1.472 Triplet: 0.3986 | 1.1s
  Epoch 324/800 | Total: 2.617 Edge: 0.463 Con: 0.236 Cls: 1.518 Triplet: 0.4000 | 1.1s
  Epoch 325/800 | Total: 2.570 Edge: 0.454 Con: 0.234 Cls: 1.476 Triplet: 0.4058 | Val F1: 0.3322 | 1.1s
  Epoch 326/800 | Total: 2.550 Edge: 0.441 Con: 0.234 Cls: 1.466 Triplet: 0.4091 | 0.9s
  Epoch 327/800 | Total: 2.564 Edge: 0.435 Con: 0.229 Cls: 1.497 Triplet: 0.4031 | 1.1s
  Epoch 328/800 | Total: 2.529 Edge: 0.431 Con: 0.228 Cls: 1.467 Triplet: 0.4020 | 0.9s
  Epoch 329/800 | Total: 2.519 Edge: 0.433 Con: 0.228 Cls: 1.463 Triplet: 0.3950 | 1.0s
  Epoch 330/800 | Total: 2.529 Edge: 0.445 Con: 0.235 Cls: 1.462 Triplet: 0.3872 | Val F1: 0.3421 | 1.0s
  Epoch 331/800 | Total: 2.520 Edge: 0.435 Con: 0.229 Cls: 1.459 Triplet: 0.3973 | 0.9s
  Epoch 332/800 | Total: 2.511 Edge: 0.432 Con: 0.229 Cls: 1.454 Triplet: 0.3953 | 0.9s
  Epoch 333/800 | Total: 2.568 Edge: 0.428 Con: 0.229 Cls: 1.517 Triplet: 0.3942 | 0.9s
  Epoch 334/800 | Total: 2.523 Edge: 0.430 Con: 0.228 Cls: 1.470 Triplet: 0.3944 | 1.1s
  Epoch 335/800 | Total: 2.528 Edge: 0.430 Con: 0.227 Cls: 1.484 Triplet: 0.3872 | Val F1: 0.3496 | 1.0s
  Epoch 336/800 | Total: 2.505 Edge: 0.434 Con: 0.229 Cls: 1.452 Triplet: 0.3894 | 1.0s
  Epoch 337/800 | Total: 2.515 Edge: 0.437 Con: 0.226 Cls: 1.456 Triplet: 0.3960 | 1.0s
  Epoch 338/800 | Total: 2.513 Edge: 0.431 Con: 0.228 Cls: 1.458 Triplet: 0.3956 | 0.9s
  Epoch 339/800 | Total: 2.488 Edge: 0.431 Con: 0.224 Cls: 1.446 Triplet: 0.3874 | 0.9s
  Epoch 340/800 | Total: 2.497 Edge: 0.426 Con: 0.229 Cls: 1.450 Triplet: 0.3913 | Val F1: 0.3325 | 0.9s
  Epoch 341/800 | Total: 2.534 Edge: 0.431 Con: 0.228 Cls: 1.479 Triplet: 0.3948 | 0.9s
  Epoch 342/800 | Total: 2.552 Edge: 0.436 Con: 0.233 Cls: 1.488 Triplet: 0.3958 | 0.9s
  Epoch 343/800 | Total: 2.562 Edge: 0.435 Con: 0.234 Cls: 1.496 Triplet: 0.3961 | 0.9s
  Epoch 344/800 | Total: 2.519 Edge: 0.442 Con: 0.229 Cls: 1.459 Triplet: 0.3897 | 0.9s
  Epoch 345/800 | Total: 2.521 Edge: 0.431 Con: 0.225 Cls: 1.468 Triplet: 0.3966 | Val F1: 0.3195 | 1.2s
  Epoch 346/800 | Total: 2.564 Edge: 0.437 Con: 0.231 Cls: 1.492 Triplet: 0.4033 | 1.0s
  Epoch 347/800 | Total: 2.538 Edge: 0.437 Con: 0.232 Cls: 1.473 Triplet: 0.3958 | 1.3s
  Epoch 348/800 | Total: 2.517 Edge: 0.433 Con: 0.230 Cls: 1.456 Triplet: 0.3974 | 1.1s
  Epoch 349/800 | Total: 2.552 Edge: 0.435 Con: 0.235 Cls: 1.487 Triplet: 0.3962 | 1.0s
  Epoch 350/800 | Total: 2.521 Edge: 0.434 Con: 0.230 Cls: 1.458 Triplet: 0.3996 | Val F1: 0.3263 | 1.0s
  Epoch 351/800 | Total: 2.547 Edge: 0.432 Con: 0.227 Cls: 1.498 Triplet: 0.3906 | 1.0s
  Epoch 352/800 | Total: 2.500 Edge: 0.434 Con: 0.230 Cls: 1.447 Triplet: 0.3889 | 1.0s
  Epoch 353/800 | Total: 2.514 Edge: 0.431 Con: 0.230 Cls: 1.460 Triplet: 0.3927 | 1.1s
  Epoch 354/800 | Total: 2.501 Edge: 0.426 Con: 0.228 Cls: 1.454 Triplet: 0.3929 | 0.9s
  Epoch 355/800 | Total: 2.489 Edge: 0.425 Con: 0.227 Cls: 1.443 Triplet: 0.3934 | Val F1: 0.3503 | 0.9s
  Epoch 356/800 | Total: 2.517 Edge: 0.431 Con: 0.235 Cls: 1.453 Triplet: 0.3985 | 1.0s
  Epoch 357/800 | Total: 2.501 Edge: 0.430 Con: 0.229 Cls: 1.455 Triplet: 0.3872 | 1.0s
  Epoch 358/800 | Total: 2.483 Edge: 0.425 Con: 0.225 Cls: 1.449 Triplet: 0.3841 | 1.1s
  Epoch 359/800 | Total: 2.513 Edge: 0.427 Con: 0.228 Cls: 1.462 Triplet: 0.3961 | 1.0s
  Epoch 360/800 | Total: 2.519 Edge: 0.426 Con: 0.225 Cls: 1.477 Triplet: 0.3904 | Val F1: 0.3377 | 1.2s
  Epoch 361/800 | Total: 2.493 Edge: 0.427 Con: 0.225 Cls: 1.455 Triplet: 0.3856 | 1.1s
  Epoch 362/800 | Total: 2.507 Edge: 0.429 Con: 0.226 Cls: 1.457 Triplet: 0.3947 | 0.9s
  Epoch 363/800 | Total: 2.503 Edge: 0.431 Con: 0.232 Cls: 1.447 Triplet: 0.3929 | 1.0s
  Epoch 364/800 | Total: 2.490 Edge: 0.427 Con: 0.230 Cls: 1.446 Triplet: 0.3863 | 1.0s
  Epoch 365/800 | Total: 2.500 Edge: 0.427 Con: 0.229 Cls: 1.450 Triplet: 0.3938 | Val F1: 0.3318 | 1.0s
  Epoch 366/800 | Total: 2.503 Edge: 0.428 Con: 0.228 Cls: 1.455 Triplet: 0.3910 | 1.0s
  Epoch 367/800 | Total: 2.586 Edge: 0.444 Con: 0.230 Cls: 1.518 Triplet: 0.3942 | 0.9s
  Epoch 368/800 | Total: 2.588 Edge: 0.442 Con: 0.235 Cls: 1.507 Triplet: 0.4037 | 1.1s
  Epoch 369/800 | Total: 2.560 Edge: 0.438 Con: 0.234 Cls: 1.490 Triplet: 0.3972 | 1.3s
  Epoch 370/800 | Total: 2.534 Edge: 0.440 Con: 0.235 Cls: 1.464 Triplet: 0.3951 | Val F1: 0.3434 | 1.0s
  Epoch 371/800 | Total: 2.534 Edge: 0.436 Con: 0.232 Cls: 1.474 Triplet: 0.3923 | 1.0s
  Epoch 372/800 | Total: 2.531 Edge: 0.432 Con: 0.229 Cls: 1.473 Triplet: 0.3974 | 0.9s
  Epoch 373/800 | Total: 2.507 Edge: 0.429 Con: 0.226 Cls: 1.456 Triplet: 0.3960 | 1.0s
  Epoch 374/800 | Total: 2.522 Edge: 0.427 Con: 0.233 Cls: 1.470 Triplet: 0.3924 | 1.2s
  Epoch 375/800 | Total: 2.504 Edge: 0.428 Con: 0.231 Cls: 1.454 Triplet: 0.3909 | Val F1: 0.3423 | 1.2s
  Epoch 376/800 | Total: 2.507 Edge: 0.427 Con: 0.225 Cls: 1.464 Triplet: 0.3907 | 0.9s
  Epoch 377/800 | Total: 2.506 Edge: 0.434 Con: 0.226 Cls: 1.455 Triplet: 0.3915 | 1.0s
  Epoch 378/800 | Total: 2.509 Edge: 0.426 Con: 0.227 Cls: 1.466 Triplet: 0.3894 | 1.0s
  Epoch 379/800 | Total: 2.487 Edge: 0.425 Con: 0.228 Cls: 1.449 Triplet: 0.3857 | 0.9s
  Epoch 380/800 | Total: 2.499 Edge: 0.423 Con: 0.224 Cls: 1.464 Triplet: 0.3879 | Val F1: 0.3465 | 1.0s
  Epoch 381/800 | Total: 2.496 Edge: 0.423 Con: 0.226 Cls: 1.459 Triplet: 0.3880 | 1.0s
  Epoch 382/800 | Total: 2.491 Edge: 0.425 Con: 0.224 Cls: 1.453 Triplet: 0.3893 | 0.9s
  Epoch 383/800 | Total: 2.513 Edge: 0.425 Con: 0.228 Cls: 1.473 Triplet: 0.3862 | 1.2s
  Epoch 384/800 | Total: 2.498 Edge: 0.425 Con: 0.233 Cls: 1.451 Triplet: 0.3898 | 1.1s
  Epoch 385/800 | Total: 2.467 Edge: 0.422 Con: 0.223 Cls: 1.437 Triplet: 0.3843 | Val F1: 0.3403 | 0.9s
  Epoch 386/800 | Total: 2.486 Edge: 0.431 Con: 0.227 Cls: 1.438 Triplet: 0.3908 | 1.2s
  Epoch 387/800 | Total: 2.500 Edge: 0.430 Con: 0.229 Cls: 1.452 Triplet: 0.3887 | 0.9s
  Epoch 388/800 | Total: 2.553 Edge: 0.433 Con: 0.230 Cls: 1.492 Triplet: 0.3980 | 0.9s
  Epoch 389/800 | Total: 2.522 Edge: 0.436 Con: 0.233 Cls: 1.463 Triplet: 0.3903 | 0.9s
  Epoch 390/800 | Total: 2.515 Edge: 0.430 Con: 0.229 Cls: 1.459 Triplet: 0.3961 | Val F1: 0.3406 | 1.0s
  Epoch 391/800 | Total: 2.525 Edge: 0.427 Con: 0.228 Cls: 1.487 Triplet: 0.3830 | 1.0s
  Epoch 392/800 | Total: 2.505 Edge: 0.422 Con: 0.227 Cls: 1.463 Triplet: 0.3922 | 1.1s
  Epoch 393/800 | Total: 2.495 Edge: 0.427 Con: 0.229 Cls: 1.451 Triplet: 0.3883 | 1.0s
  Epoch 394/800 | Total: 2.494 Edge: 0.430 Con: 0.231 Cls: 1.446 Triplet: 0.3862 | 1.1s
  Epoch 395/800 | Total: 2.494 Edge: 0.426 Con: 0.229 Cls: 1.443 Triplet: 0.3971 | Val F1: 0.3333 | 0.9s
  Epoch 396/800 | Total: 2.512 Edge: 0.424 Con: 0.225 Cls: 1.478 Triplet: 0.3848 | 1.1s
  Epoch 397/800 | Total: 2.497 Edge: 0.429 Con: 0.230 Cls: 1.459 Triplet: 0.3795 | 1.1s
  Epoch 398/800 | Total: 2.503 Edge: 0.430 Con: 0.231 Cls: 1.450 Triplet: 0.3913 | 1.0s
  Epoch 399/800 | Total: 2.500 Edge: 0.426 Con: 0.229 Cls: 1.448 Triplet: 0.3966 | 1.0s
  Epoch 400/800 | Total: 2.481 Edge: 0.427 Con: 0.226 Cls: 1.443 Triplet: 0.3839 | Val F1: 0.3539 | 0.9s
  Epoch 401/800 | Total: 2.489 Edge: 0.421 Con: 0.228 Cls: 1.444 Triplet: 0.3953 | 1.0s
  Epoch 402/800 | Total: 2.508 Edge: 0.430 Con: 0.232 Cls: 1.459 Triplet: 0.3860 | 1.1s
  Epoch 403/800 | Total: 2.492 Edge: 0.426 Con: 0.229 Cls: 1.456 Triplet: 0.3826 | 1.1s
  Epoch 404/800 | Total: 2.476 Edge: 0.424 Con: 0.226 Cls: 1.445 Triplet: 0.3810 | 1.1s
  Epoch 405/800 | Total: 2.500 Edge: 0.424 Con: 0.226 Cls: 1.472 Triplet: 0.3786 | Val F1: 0.3327 | 1.0s
  Epoch 406/800 | Total: 2.505 Edge: 0.423 Con: 0.226 Cls: 1.467 Triplet: 0.3879 | 1.1s
  Epoch 407/800 | Total: 2.492 Edge: 0.425 Con: 0.232 Cls: 1.453 Triplet: 0.3832 | 1.0s
  Epoch 408/800 | Total: 2.515 Edge: 0.425 Con: 0.228 Cls: 1.473 Triplet: 0.3894 | 0.9s
  Epoch 409/800 | Total: 2.479 Edge: 0.424 Con: 0.227 Cls: 1.437 Triplet: 0.3908 | 1.1s
  Epoch 410/800 | Total: 2.511 Edge: 0.431 Con: 0.230 Cls: 1.461 Triplet: 0.3889 | Val F1: 0.3377 | 1.0s
  Epoch 411/800 | Total: 2.532 Edge: 0.448 Con: 0.234 Cls: 1.452 Triplet: 0.3988 | 0.9s
  Epoch 412/800 | Total: 2.544 Edge: 0.443 Con: 0.234 Cls: 1.472 Triplet: 0.3958 | 0.9s
  Epoch 413/800 | Total: 2.522 Edge: 0.430 Con: 0.234 Cls: 1.464 Triplet: 0.3950 | 0.9s
  Epoch 414/800 | Total: 2.510 Edge: 0.432 Con: 0.233 Cls: 1.452 Triplet: 0.3938 | 1.1s
  Epoch 415/800 | Total: 2.521 Edge: 0.429 Con: 0.237 Cls: 1.462 Triplet: 0.3921 | Val F1: 0.3362 | 1.0s
  Epoch 416/800 | Total: 2.511 Edge: 0.428 Con: 0.232 Cls: 1.462 Triplet: 0.3880 | 1.1s
  Epoch 417/800 | Total: 2.508 Edge: 0.428 Con: 0.235 Cls: 1.450 Triplet: 0.3944 | 1.0s
  Epoch 418/800 | Total: 2.493 Edge: 0.423 Con: 0.231 Cls: 1.450 Triplet: 0.3894 | 0.9s
  Epoch 419/800 | Total: 2.489 Edge: 0.425 Con: 0.229 Cls: 1.453 Triplet: 0.3818 | 0.9s
  Epoch 420/800 | Total: 2.515 Edge: 0.426 Con: 0.229 Cls: 1.470 Triplet: 0.3900 | Val F1: 0.3301 | 0.9s
  Epoch 421/800 | Total: 2.511 Edge: 0.424 Con: 0.227 Cls: 1.472 Triplet: 0.3887 | 1.0s
  Epoch 422/800 | Total: 2.487 Edge: 0.426 Con: 0.227 Cls: 1.447 Triplet: 0.3862 | 1.1s
  Epoch 423/800 | Total: 2.476 Edge: 0.423 Con: 0.227 Cls: 1.437 Triplet: 0.3897 | 1.2s
  Epoch 424/800 | Total: 2.493 Edge: 0.423 Con: 0.226 Cls: 1.458 Triplet: 0.3858 | 0.9s
  Epoch 425/800 | Total: 2.485 Edge: 0.428 Con: 0.228 Cls: 1.445 Triplet: 0.3835 | Val F1: 0.3497 | 0.9s
  Epoch 426/800 | Total: 2.490 Edge: 0.424 Con: 0.230 Cls: 1.451 Triplet: 0.3856 | 1.1s
  Epoch 427/800 | Total: 2.468 Edge: 0.419 Con: 0.225 Cls: 1.437 Triplet: 0.3859 | 1.2s
  Epoch 428/800 | Total: 2.475 Edge: 0.421 Con: 0.227 Cls: 1.445 Triplet: 0.3824 | 1.0s
  Epoch 429/800 | Total: 2.464 Edge: 0.420 Con: 0.230 Cls: 1.435 Triplet: 0.3784 | 0.9s
  Epoch 430/800 | Total: 2.470 Edge: 0.418 Con: 0.225 Cls: 1.451 Triplet: 0.3754 | Val F1: 0.3628 | 0.9s
  Epoch 431/800 | Total: 2.497 Edge: 0.424 Con: 0.232 Cls: 1.451 Triplet: 0.3900 | 0.9s
  Epoch 432/800 | Total: 2.507 Edge: 0.429 Con: 0.231 Cls: 1.460 Triplet: 0.3873 | 0.9s
  Epoch 433/800 | Total: 2.517 Edge: 0.432 Con: 0.227 Cls: 1.474 Triplet: 0.3846 | 1.1s
  Epoch 434/800 | Total: 2.494 Edge: 0.434 Con: 0.230 Cls: 1.448 Triplet: 0.3815 | 0.9s
  Epoch 435/800 | Total: 2.495 Edge: 0.424 Con: 0.228 Cls: 1.457 Triplet: 0.3866 | Val F1: 0.3445 | 1.0s
  Epoch 436/800 | Total: 2.468 Edge: 0.427 Con: 0.228 Cls: 1.428 Triplet: 0.3857 | 0.9s
  Epoch 437/800 | Total: 2.483 Edge: 0.422 Con: 0.228 Cls: 1.451 Triplet: 0.3826 | 0.9s
  Epoch 438/800 | Total: 2.478 Edge: 0.423 Con: 0.227 Cls: 1.444 Triplet: 0.3835 | 0.9s
  Epoch 439/800 | Total: 2.471 Edge: 0.421 Con: 0.229 Cls: 1.436 Triplet: 0.3853 | 1.1s
  Epoch 440/800 | Total: 2.486 Edge: 0.421 Con: 0.230 Cls: 1.456 Triplet: 0.3788 | Val F1: 0.3451 | 1.1s
  Epoch 441/800 | Total: 2.489 Edge: 0.420 Con: 0.230 Cls: 1.450 Triplet: 0.3883 | 1.0s
  Epoch 442/800 | Total: 2.496 Edge: 0.426 Con: 0.232 Cls: 1.448 Triplet: 0.3905 | 1.0s
  Epoch 443/800 | Total: 2.517 Edge: 0.426 Con: 0.230 Cls: 1.476 Triplet: 0.3856 | 1.1s
  Epoch 444/800 | Total: 2.496 Edge: 0.423 Con: 0.228 Cls: 1.455 Triplet: 0.3893 | 1.0s
  Epoch 445/800 | Total: 2.535 Edge: 0.427 Con: 0.226 Cls: 1.495 Triplet: 0.3879 | Val F1: 0.3270 | 1.1s
  Epoch 446/800 | Total: 2.494 Edge: 0.424 Con: 0.227 Cls: 1.463 Triplet: 0.3807 | 1.0s
  Epoch 447/800 | Total: 2.486 Edge: 0.422 Con: 0.225 Cls: 1.463 Triplet: 0.3761 | 1.3s
  Epoch 448/800 | Total: 2.511 Edge: 0.425 Con: 0.230 Cls: 1.464 Triplet: 0.3919 | 1.3s
  Epoch 449/800 | Total: 2.503 Edge: 0.430 Con: 0.233 Cls: 1.465 Triplet: 0.3742 | 1.0s
  Epoch 450/800 | Total: 2.476 Edge: 0.423 Con: 0.226 Cls: 1.440 Triplet: 0.3875 | Val F1: 0.3476 | 0.9s
  Epoch 451/800 | Total: 2.495 Edge: 0.427 Con: 0.226 Cls: 1.458 Triplet: 0.3832 | 0.9s
  Epoch 452/800 | Total: 2.488 Edge: 0.425 Con: 0.226 Cls: 1.451 Triplet: 0.3857 | 0.9s
  Epoch 453/800 | Total: 2.480 Edge: 0.422 Con: 0.227 Cls: 1.443 Triplet: 0.3881 | 1.0s
  Epoch 454/800 | Total: 2.503 Edge: 0.436 Con: 0.229 Cls: 1.449 Triplet: 0.3892 | 1.2s
  Epoch 455/800 | Total: 2.476 Edge: 0.429 Con: 0.231 Cls: 1.436 Triplet: 0.3804 | Val F1: 0.3444 | 1.0s
  Epoch 456/800 | Total: 2.532 Edge: 0.441 Con: 0.235 Cls: 1.456 Triplet: 0.3995 | 0.9s
  Epoch 457/800 | Total: 2.534 Edge: 0.442 Con: 0.236 Cls: 1.460 Triplet: 0.3954 | 1.0s
  Epoch 458/800 | Total: 2.512 Edge: 0.427 Con: 0.238 Cls: 1.467 Triplet: 0.3798 | 0.9s
  Epoch 459/800 | Total: 2.544 Edge: 0.442 Con: 0.231 Cls: 1.482 Triplet: 0.3895 | 0.9s
  Epoch 460/800 | Total: 2.547 Edge: 0.441 Con: 0.236 Cls: 1.478 Triplet: 0.3918 | Val F1: 0.3354 | 1.1s
  Epoch 461/800 | Total: 2.503 Edge: 0.428 Con: 0.234 Cls: 1.457 Triplet: 0.3839 | 1.0s
  Epoch 462/800 | Total: 2.487 Edge: 0.421 Con: 0.224 Cls: 1.459 Triplet: 0.3824 | 1.1s
  Epoch 463/800 | Total: 2.469 Edge: 0.422 Con: 0.224 Cls: 1.435 Triplet: 0.3884 | 0.9s
  Epoch 464/800 | Total: 2.465 Edge: 0.420 Con: 0.226 Cls: 1.440 Triplet: 0.3790 | 1.1s
  Epoch 465/800 | Total: 2.467 Edge: 0.421 Con: 0.226 Cls: 1.446 Triplet: 0.3741 | Val F1: 0.3575 | 1.1s
  Epoch 466/800 | Total: 2.460 Edge: 0.421 Con: 0.225 Cls: 1.439 Triplet: 0.3744 | 1.0s
  Epoch 467/800 | Total: 2.472 Edge: 0.422 Con: 0.225 Cls: 1.439 Triplet: 0.3864 | 1.0s
  Epoch 468/800 | Total: 2.463 Edge: 0.419 Con: 0.224 Cls: 1.441 Triplet: 0.3778 | 0.9s
  Epoch 469/800 | Total: 2.466 Edge: 0.418 Con: 0.225 Cls: 1.440 Triplet: 0.3831 | 1.0s
  Epoch 470/800 | Total: 2.483 Edge: 0.419 Con: 0.227 Cls: 1.453 Triplet: 0.3845 | Val F1: 0.3380 | 1.1s
  Epoch 471/800 | Total: 2.484 Edge: 0.424 Con: 0.228 Cls: 1.453 Triplet: 0.3785 | 0.9s
  Epoch 472/800 | Total: 2.521 Edge: 0.427 Con: 0.232 Cls: 1.483 Triplet: 0.3796 | 1.0s
  Epoch 473/800 | Total: 2.520 Edge: 0.430 Con: 0.229 Cls: 1.469 Triplet: 0.3908 | 1.2s
  Epoch 474/800 | Total: 2.491 Edge: 0.427 Con: 0.233 Cls: 1.445 Triplet: 0.3855 | 1.0s
  Epoch 475/800 | Total: 2.479 Edge: 0.425 Con: 0.229 Cls: 1.444 Triplet: 0.3802 | Val F1: 0.3559 | 0.9s
  Epoch 476/800 | Total: 2.474 Edge: 0.428 Con: 0.230 Cls: 1.440 Triplet: 0.3765 | 1.0s
  Epoch 477/800 | Total: 2.450 Edge: 0.421 Con: 0.229 Cls: 1.415 Triplet: 0.3845 | 1.2s
  Epoch 478/800 | Total: 2.463 Edge: 0.418 Con: 0.229 Cls: 1.439 Triplet: 0.3763 | 1.1s
  Epoch 479/800 | Total: 2.486 Edge: 0.428 Con: 0.227 Cls: 1.444 Triplet: 0.3871 | 1.0s
  Epoch 480/800 | Total: 2.459 Edge: 0.424 Con: 0.225 Cls: 1.438 Triplet: 0.3723 | Val F1: 0.3553 | 0.9s
  Epoch 481/800 | Total: 2.457 Edge: 0.420 Con: 0.225 Cls: 1.433 Triplet: 0.3797 | 0.9s
  Epoch 482/800 | Total: 2.483 Edge: 0.418 Con: 0.230 Cls: 1.454 Triplet: 0.3803 | 1.1s
  Epoch 483/800 | Total: 2.469 Edge: 0.420 Con: 0.225 Cls: 1.437 Triplet: 0.3867 | 1.0s
  Epoch 484/800 | Total: 2.480 Edge: 0.419 Con: 0.226 Cls: 1.456 Triplet: 0.3783 | 0.9s
  Epoch 485/800 | Total: 2.466 Edge: 0.415 Con: 0.225 Cls: 1.451 Triplet: 0.3760 | Val F1: 0.3421 | 1.0s
  Epoch 486/800 | Total: 2.466 Edge: 0.421 Con: 0.225 Cls: 1.438 Triplet: 0.3809 | 1.0s
  Epoch 487/800 | Total: 2.459 Edge: 0.420 Con: 0.226 Cls: 1.439 Triplet: 0.3751 | 1.0s
  Epoch 488/800 | Total: 2.482 Edge: 0.421 Con: 0.225 Cls: 1.456 Triplet: 0.3802 | 0.9s
  Epoch 489/800 | Total: 2.455 Edge: 0.417 Con: 0.226 Cls: 1.436 Triplet: 0.3753 | 0.9s
  Epoch 490/800 | Total: 2.443 Edge: 0.418 Con: 0.222 Cls: 1.427 Triplet: 0.3757 | Val F1: 0.3334 | 1.1s
  Epoch 491/800 | Total: 2.527 Edge: 0.424 Con: 0.226 Cls: 1.487 Triplet: 0.3907 | 1.0s
  Epoch 492/800 | Total: 2.520 Edge: 0.435 Con: 0.234 Cls: 1.464 Triplet: 0.3863 | 1.0s
  Epoch 493/800 | Total: 2.501 Edge: 0.426 Con: 0.230 Cls: 1.456 Triplet: 0.3892 | 1.2s
  Epoch 494/800 | Total: 2.483 Edge: 0.420 Con: 0.226 Cls: 1.461 Triplet: 0.3755 | 1.2s
  Epoch 495/800 | Total: 2.499 Edge: 0.428 Con: 0.229 Cls: 1.453 Triplet: 0.3881 | Val F1: 0.3537 | 0.9s
  Epoch 496/800 | Total: 2.464 Edge: 0.418 Con: 0.230 Cls: 1.437 Triplet: 0.3780 | 1.0s
  Epoch 497/800 | Total: 2.441 Edge: 0.418 Con: 0.224 Cls: 1.426 Triplet: 0.3728 | 1.2s
  Epoch 498/800 | Total: 2.473 Edge: 0.420 Con: 0.226 Cls: 1.442 Triplet: 0.3845 | 1.0s
  Epoch 499/800 | Total: 2.528 Edge: 0.421 Con: 0.230 Cls: 1.489 Triplet: 0.3879 | 1.0s
  Epoch 500/800 | Total: 2.486 Edge: 0.420 Con: 0.228 Cls: 1.450 Triplet: 0.3882 | Val F1: 0.3371 | 0.9s
  Epoch 501/800 | Total: 2.493 Edge: 0.422 Con: 0.229 Cls: 1.465 Triplet: 0.3769 | 1.0s
  Epoch 502/800 | Total: 2.463 Edge: 0.424 Con: 0.228 Cls: 1.426 Triplet: 0.3848 | 0.9s
  Epoch 503/800 | Total: 2.484 Edge: 0.419 Con: 0.225 Cls: 1.453 Triplet: 0.3863 | 1.0s
  Epoch 504/800 | Total: 2.500 Edge: 0.418 Con: 0.230 Cls: 1.462 Triplet: 0.3895 | 1.0s
  Epoch 505/800 | Total: 2.488 Edge: 0.422 Con: 0.224 Cls: 1.456 Triplet: 0.3860 | Val F1: 0.3433 | 0.9s
  Epoch 506/800 | Total: 2.465 Edge: 0.419 Con: 0.227 Cls: 1.439 Triplet: 0.3804 | 0.9s
  Epoch 507/800 | Total: 2.449 Edge: 0.420 Con: 0.229 Cls: 1.426 Triplet: 0.3736 | 0.9s
  Epoch 508/800 | Total: 2.476 Edge: 0.423 Con: 0.228 Cls: 1.439 Triplet: 0.3861 | 1.0s
  Epoch 509/800 | Total: 2.482 Edge: 0.438 Con: 0.232 Cls: 1.427 Triplet: 0.3851 | 1.0s
  Epoch 510/800 | Total: 2.566 Edge: 0.451 Con: 0.233 Cls: 1.492 Triplet: 0.3898 | Val F1: 0.3136 | 0.9s
  Epoch 511/800 | Total: 2.553 Edge: 0.448 Con: 0.237 Cls: 1.472 Triplet: 0.3943 | 1.1s
  Epoch 512/800 | Total: 2.531 Edge: 0.443 Con: 0.234 Cls: 1.466 Triplet: 0.3890 | 1.0s
  Epoch 513/800 | Total: 2.514 Edge: 0.430 Con: 0.228 Cls: 1.474 Triplet: 0.3815 | 0.9s
  Epoch 514/800 | Total: 2.467 Edge: 0.424 Con: 0.225 Cls: 1.435 Triplet: 0.3822 | 0.9s
  Epoch 515/800 | Total: 2.453 Edge: 0.416 Con: 0.225 Cls: 1.437 Triplet: 0.3749 | Val F1: 0.3508 | 0.9s
  Epoch 516/800 | Total: 2.426 Edge: 0.414 Con: 0.223 Cls: 1.420 Triplet: 0.3694 | 0.9s
  Epoch 517/800 | Total: 2.446 Edge: 0.414 Con: 0.228 Cls: 1.433 Triplet: 0.3709 | 1.0s
  Epoch 518/800 | Total: 2.480 Edge: 0.419 Con: 0.227 Cls: 1.448 Triplet: 0.3853 | 0.9s
  Epoch 519/800 | Total: 2.468 Edge: 0.419 Con: 0.226 Cls: 1.439 Triplet: 0.3831 | 1.0s
  Epoch 520/800 | Total: 2.460 Edge: 0.415 Con: 0.226 Cls: 1.436 Triplet: 0.3829 | Val F1: 0.3484 | 0.9s
  Epoch 521/800 | Total: 2.468 Edge: 0.421 Con: 0.229 Cls: 1.437 Triplet: 0.3813 | 1.0s
  Epoch 522/800 | Total: 2.473 Edge: 0.421 Con: 0.228 Cls: 1.442 Triplet: 0.3818 | 1.1s
  Epoch 523/800 | Total: 2.462 Edge: 0.418 Con: 0.224 Cls: 1.441 Triplet: 0.3786 | 1.0s
  Epoch 524/800 | Total: 2.464 Edge: 0.418 Con: 0.225 Cls: 1.446 Triplet: 0.3760 | 1.2s
  Epoch 525/800 | Total: 2.460 Edge: 0.417 Con: 0.224 Cls: 1.439 Triplet: 0.3792 | Val F1: 0.3547 | 1.0s
  Epoch 526/800 | Total: 2.464 Edge: 0.419 Con: 0.227 Cls: 1.438 Triplet: 0.3799 | 0.9s
  Epoch 527/800 | Total: 2.505 Edge: 0.420 Con: 0.226 Cls: 1.470 Triplet: 0.3888 | 1.1s
  Epoch 528/800 | Total: 2.469 Edge: 0.422 Con: 0.227 Cls: 1.436 Triplet: 0.3851 | 1.0s
  Epoch 529/800 | Total: 2.499 Edge: 0.422 Con: 0.228 Cls: 1.473 Triplet: 0.3759 | 1.1s
  Epoch 530/800 | Total: 2.486 Edge: 0.420 Con: 0.230 Cls: 1.460 Triplet: 0.3763 | Val F1: 0.3541 | 1.0s
  Early stopping at epoch 530
  Best Val F1: 0.3628 | Test F1: 0.3637
  Total training time: 594.8s (9.9 min)

======================================================================
  Val  Macro-F1: 0.3628
  Test Macro-F1: 0.3637
  Test Accuracy: 0.6171
  Time: 596.5s
======================================================================

  Results saved to: results/NESS_ogbn-arxiv_MCAR_0.8_20260723_103059
