/home/erfan/MATE/venv/lib/python3.13/site-packages/outdated/__init__.py:36: UserWarning: pkg_resources is deprecated as an API. See https://setuptools.pypa.io/en/latest/pkg_resources.html. The pkg_resources package is slated for removal as early as 2025-11-30. Refrain from using this package or pin to Setuptools<81.
  from pkg_resources import parse_version
/home/erfan/MATE/ogbn_benchmarks/data_loader.py:96: UserWarning: Sparse invariant checks are implicitly disabled. Memory errors (e.g. SEGFAULT) will occur when operating on a sparse tensor which violates the invariants, but checks incur performance overhead. To silence this warning, explicitly opt in or out. See `torch.sparse.check_sparse_tensor_invariants.__doc__` for guidance.  (Triggered internally at /pytorch/aten/src/ATen/Context.cpp:760.)
  adj = torch.sparse_coo_tensor(edge_index, vals, (num_nodes, num_nodes)).coalesce()
======================================================================
  NESS | ogbn-arxiv | MCAR @ 80% | lr=0.001
======================================================================
[1/3] Loading ogbn-arxiv...
  169,343 nodes | 128 dims | 40 classes
[2/3] Simulating MCAR missingness...
Simulating MCAR missingness at 80% rate...
  MCAR: Uniform random selection
  Observable: 33,869 (20.0%)
  Masked: 135,474 (80.0%)
  Observable: 33,869 | Val: 67,737 | Test: 67,737
[3/3] Running NESS...
  Prefilling missing nodes via Feature Propagation (40 iters)...
  Partitioning graph into 20 clusters (cache_device=gpu)...
  Cached 20 clusters
  Training NESS for up to 800 epochs (patience=20)...
  Epoch 1/800 | Total: 4.851 Edge: 0.676 Con: 0.617 Cls: 3.516 Recon: 0.0416 | 1.3s
  Epoch 2/800 | Total: 4.230 Edge: 0.613 Con: 0.452 Cls: 3.129 Recon: 0.0354 | 0.8s
  Epoch 3/800 | Total: 4.029 Edge: 0.594 Con: 0.387 Cls: 3.016 Recon: 0.0318 | 0.8s
  Epoch 4/800 | Total: 3.953 Edge: 0.574 Con: 0.354 Cls: 2.995 Recon: 0.0312 | 0.8s
  Epoch 5/800 | Total: 3.853 Edge: 0.583 Con: 0.340 Cls: 2.900 Recon: 0.0298 | Val F1: 0.0193 | 0.9s
  Epoch 6/800 | Total: 3.766 Edge: 0.610 Con: 0.325 Cls: 2.803 Recon: 0.0284 | 1.0s
  Epoch 7/800 | Total: 3.584 Edge: 0.579 Con: 0.309 Cls: 2.668 Recon: 0.0281 | 1.0s
  Epoch 8/800 | Total: 3.441 Edge: 0.570 Con: 0.298 Cls: 2.545 Recon: 0.0276 | 1.0s
  Epoch 9/800 | Total: 3.272 Edge: 0.558 Con: 0.285 Cls: 2.402 Recon: 0.0275 | 1.0s
  Epoch 10/800 | Total: 3.235 Edge: 0.541 Con: 0.278 Cls: 2.389 Recon: 0.0272 | Val F1: 0.0787 | 1.0s
  Epoch 11/800 | Total: 3.149 Edge: 0.538 Con: 0.270 Cls: 2.314 Recon: 0.0272 | 0.8s
  Epoch 12/800 | Total: 3.071 Edge: 0.525 Con: 0.268 Cls: 2.251 Recon: 0.0270 | 0.9s
  Epoch 13/800 | Total: 3.011 Edge: 0.522 Con: 0.259 Cls: 2.202 Recon: 0.0270 | 0.9s
  Epoch 14/800 | Total: 2.938 Edge: 0.516 Con: 0.256 Cls: 2.139 Recon: 0.0270 | 0.8s
  Epoch 15/800 | Total: 2.856 Edge: 0.508 Con: 0.249 Cls: 2.072 Recon: 0.0268 | Val F1: 0.1411 | 0.8s
  Epoch 16/800 | Total: 2.849 Edge: 0.517 Con: 0.256 Cls: 2.050 Recon: 0.0265 | 0.8s
  Epoch 17/800 | Total: 2.847 Edge: 0.510 Con: 0.250 Cls: 2.060 Recon: 0.0265 | 0.9s
  Epoch 18/800 | Total: 2.760 Edge: 0.500 Con: 0.248 Cls: 1.986 Recon: 0.0266 | 0.9s
  Epoch 19/800 | Total: 2.785 Edge: 0.490 Con: 0.245 Cls: 2.023 Recon: 0.0267 | 0.8s
  Epoch 20/800 | Total: 2.724 Edge: 0.490 Con: 0.245 Cls: 1.962 Recon: 0.0264 | Val F1: 0.1499 | 0.8s
  Epoch 21/800 | Total: 2.735 Edge: 0.490 Con: 0.243 Cls: 1.976 Recon: 0.0264 | 0.8s
  Epoch 22/800 | Total: 2.699 Edge: 0.482 Con: 0.242 Cls: 1.948 Recon: 0.0264 | 0.8s
  Epoch 23/800 | Total: 2.653 Edge: 0.483 Con: 0.244 Cls: 1.900 Recon: 0.0263 | 0.8s
  Epoch 24/800 | Total: 2.666 Edge: 0.483 Con: 0.242 Cls: 1.916 Recon: 0.0263 | 1.0s
  Epoch 25/800 | Total: 2.738 Edge: 0.484 Con: 0.238 Cls: 1.990 Recon: 0.0263 | Val F1: 0.1380 | 0.8s
  Epoch 26/800 | Total: 2.671 Edge: 0.488 Con: 0.242 Cls: 1.914 Recon: 0.0268 | 0.9s
  Epoch 27/800 | Total: 2.671 Edge: 0.481 Con: 0.242 Cls: 1.920 Recon: 0.0270 | 1.0s
  Epoch 28/800 | Total: 2.635 Edge: 0.481 Con: 0.240 Cls: 1.886 Recon: 0.0282 | 0.8s
  Epoch 29/800 | Total: 2.610 Edge: 0.471 Con: 0.238 Cls: 1.873 Recon: 0.0277 | 0.8s
  Epoch 30/800 | Total: 2.613 Edge: 0.470 Con: 0.237 Cls: 1.878 Recon: 0.0268 | Val F1: 0.1790 | 0.8s
  Epoch 31/800 | Total: 2.588 Edge: 0.471 Con: 0.237 Cls: 1.853 Recon: 0.0264 | 0.8s
  Epoch 32/800 | Total: 2.597 Edge: 0.466 Con: 0.237 Cls: 1.868 Recon: 0.0263 | 0.8s
  Epoch 33/800 | Total: 2.576 Edge: 0.462 Con: 0.235 Cls: 1.853 Recon: 0.0262 | 1.0s
  Epoch 34/800 | Total: 2.550 Edge: 0.465 Con: 0.235 Cls: 1.824 Recon: 0.0263 | 0.8s
  Epoch 35/800 | Total: 2.565 Edge: 0.463 Con: 0.233 Cls: 1.843 Recon: 0.0262 | Val F1: 0.1846 | 1.0s
  Epoch 36/800 | Total: 2.594 Edge: 0.458 Con: 0.233 Cls: 1.877 Recon: 0.0263 | 0.9s
  Epoch 37/800 | Total: 2.511 Edge: 0.459 Con: 0.232 Cls: 1.794 Recon: 0.0261 | 0.8s
  Epoch 38/800 | Total: 2.495 Edge: 0.453 Con: 0.231 Cls: 1.785 Recon: 0.0262 | 1.0s
  Epoch 39/800 | Total: 2.467 Edge: 0.450 Con: 0.231 Cls: 1.760 Recon: 0.0261 | 0.9s
  Epoch 40/800 | Total: 2.466 Edge: 0.450 Con: 0.231 Cls: 1.759 Recon: 0.0262 | Val F1: 0.1993 | 0.8s
  Epoch 41/800 | Total: 2.490 Edge: 0.464 Con: 0.228 Cls: 1.770 Recon: 0.0263 | 0.9s
  Epoch 42/800 | Total: 2.521 Edge: 0.470 Con: 0.233 Cls: 1.792 Recon: 0.0265 | 0.8s
  Epoch 43/800 | Total: 2.469 Edge: 0.467 Con: 0.232 Cls: 1.743 Recon: 0.0265 | 0.8s
  Epoch 44/800 | Total: 2.451 Edge: 0.452 Con: 0.226 Cls: 1.747 Recon: 0.0264 | 0.8s
  Epoch 45/800 | Total: 2.435 Edge: 0.445 Con: 0.227 Cls: 1.737 Recon: 0.0262 | Val F1: 0.2093 | 0.8s
  Epoch 46/800 | Total: 2.429 Edge: 0.448 Con: 0.227 Cls: 1.727 Recon: 0.0262 | 1.1s
  Epoch 47/800 | Total: 2.413 Edge: 0.444 Con: 0.225 Cls: 1.718 Recon: 0.0261 | 0.9s
  Epoch 48/800 | Total: 2.415 Edge: 0.439 Con: 0.226 Cls: 1.724 Recon: 0.0261 | 0.9s
  Epoch 49/800 | Total: 2.435 Edge: 0.438 Con: 0.228 Cls: 1.743 Recon: 0.0261 | 0.8s
  Epoch 50/800 | Total: 2.402 Edge: 0.437 Con: 0.225 Cls: 1.714 Recon: 0.0262 | Val F1: 0.2191 | 0.8s
  Epoch 51/800 | Total: 2.408 Edge: 0.441 Con: 0.226 Cls: 1.715 Recon: 0.0261 | 0.9s
  Epoch 52/800 | Total: 2.389 Edge: 0.443 Con: 0.226 Cls: 1.694 Recon: 0.0261 | 1.0s
  Epoch 53/800 | Total: 2.376 Edge: 0.440 Con: 0.227 Cls: 1.683 Recon: 0.0260 | 0.8s
  Epoch 54/800 | Total: 2.388 Edge: 0.440 Con: 0.227 Cls: 1.695 Recon: 0.0261 | 1.0s
  Epoch 55/800 | Total: 2.370 Edge: 0.437 Con: 0.226 Cls: 1.681 Recon: 0.0261 | Val F1: 0.2283 | 0.9s
  Epoch 56/800 | Total: 2.409 Edge: 0.441 Con: 0.227 Cls: 1.714 Recon: 0.0261 | 1.1s
  Epoch 57/800 | Total: 2.379 Edge: 0.445 Con: 0.223 Cls: 1.684 Recon: 0.0260 | 0.9s
  Epoch 58/800 | Total: 2.364 Edge: 0.439 Con: 0.225 Cls: 1.674 Recon: 0.0260 | 0.9s
  Epoch 59/800 | Total: 2.373 Edge: 0.435 Con: 0.225 Cls: 1.688 Recon: 0.0261 | 0.8s
  Epoch 60/800 | Total: 2.357 Edge: 0.440 Con: 0.228 Cls: 1.663 Recon: 0.0260 | Val F1: 0.2363 | 0.9s
  Epoch 61/800 | Total: 2.366 Edge: 0.430 Con: 0.223 Cls: 1.686 Recon: 0.0261 | 0.9s
  Epoch 62/800 | Total: 2.329 Edge: 0.431 Con: 0.223 Cls: 1.649 Recon: 0.0260 | 0.8s
  Epoch 63/800 | Total: 2.347 Edge: 0.432 Con: 0.224 Cls: 1.665 Recon: 0.0261 | 1.1s
  Epoch 64/800 | Total: 2.338 Edge: 0.425 Con: 0.223 Cls: 1.664 Recon: 0.0260 | 1.2s
  Epoch 65/800 | Total: 2.352 Edge: 0.432 Con: 0.226 Cls: 1.668 Recon: 0.0260 | Val F1: 0.2416 | 1.0s
  Epoch 66/800 | Total: 2.357 Edge: 0.433 Con: 0.226 Cls: 1.671 Recon: 0.0260 | 0.8s
  Epoch 67/800 | Total: 2.311 Edge: 0.425 Con: 0.225 Cls: 1.635 Recon: 0.0262 | 1.0s
  Epoch 68/800 | Total: 2.329 Edge: 0.424 Con: 0.221 Cls: 1.658 Recon: 0.0261 | 0.8s
  Epoch 69/800 | Total: 2.358 Edge: 0.424 Con: 0.222 Cls: 1.685 Recon: 0.0262 | 0.8s
  Epoch 70/800 | Total: 2.310 Edge: 0.436 Con: 0.222 Cls: 1.626 Recon: 0.0260 | Val F1: 0.2357 | 0.8s
  Epoch 71/800 | Total: 2.291 Edge: 0.426 Con: 0.220 Cls: 1.619 Recon: 0.0259 | 1.0s
  Epoch 72/800 | Total: 2.318 Edge: 0.426 Con: 0.223 Cls: 1.643 Recon: 0.0260 | 0.8s
  Epoch 73/800 | Total: 2.322 Edge: 0.426 Con: 0.220 Cls: 1.651 Recon: 0.0260 | 0.8s
  Epoch 74/800 | Total: 2.289 Edge: 0.423 Con: 0.218 Cls: 1.622 Recon: 0.0259 | 0.8s
  Epoch 75/800 | Total: 2.289 Edge: 0.420 Con: 0.223 Cls: 1.621 Recon: 0.0259 | Val F1: 0.2435 | 0.8s
  Epoch 76/800 | Total: 2.282 Edge: 0.417 Con: 0.222 Cls: 1.617 Recon: 0.0260 | 0.8s
  Epoch 77/800 | Total: 2.260 Edge: 0.415 Con: 0.219 Cls: 1.601 Recon: 0.0258 | 0.9s
  Epoch 78/800 | Total: 2.288 Edge: 0.417 Con: 0.222 Cls: 1.623 Recon: 0.0259 | 0.8s
  Epoch 79/800 | Total: 2.278 Edge: 0.419 Con: 0.220 Cls: 1.612 Recon: 0.0261 | 0.9s
  Epoch 80/800 | Total: 2.268 Edge: 0.416 Con: 0.218 Cls: 1.607 Recon: 0.0260 | Val F1: 0.2500 | 0.8s
  Epoch 81/800 | Total: 2.276 Edge: 0.418 Con: 0.221 Cls: 1.611 Recon: 0.0259 | 0.8s
  Epoch 82/800 | Total: 2.274 Edge: 0.421 Con: 0.222 Cls: 1.605 Recon: 0.0260 | 0.9s
  Epoch 83/800 | Total: 2.260 Edge: 0.417 Con: 0.222 Cls: 1.596 Recon: 0.0261 | 1.0s
  Epoch 84/800 | Total: 2.254 Edge: 0.418 Con: 0.222 Cls: 1.589 Recon: 0.0259 | 1.1s
  Epoch 85/800 | Total: 2.247 Edge: 0.413 Con: 0.219 Cls: 1.588 Recon: 0.0259 | Val F1: 0.2618 | 0.8s
  Epoch 86/800 | Total: 2.269 Edge: 0.415 Con: 0.218 Cls: 1.610 Recon: 0.0260 | 0.8s
  Epoch 87/800 | Total: 2.263 Edge: 0.423 Con: 0.218 Cls: 1.595 Recon: 0.0260 | 0.9s
  Epoch 88/800 | Total: 2.249 Edge: 0.414 Con: 0.219 Cls: 1.591 Recon: 0.0261 | 0.9s
  Epoch 89/800 | Total: 2.242 Edge: 0.412 Con: 0.219 Cls: 1.585 Recon: 0.0259 | 0.9s
  Epoch 90/800 | Total: 2.295 Edge: 0.413 Con: 0.222 Cls: 1.635 Recon: 0.0259 | Val F1: 0.2381 | 0.9s
  Epoch 91/800 | Total: 2.241 Edge: 0.414 Con: 0.220 Cls: 1.581 Recon: 0.0260 | 0.9s
  Epoch 92/800 | Total: 2.217 Edge: 0.408 Con: 0.217 Cls: 1.567 Recon: 0.0260 | 0.9s
  Epoch 93/800 | Total: 2.232 Edge: 0.408 Con: 0.222 Cls: 1.576 Recon: 0.0260 | 0.8s
  Epoch 94/800 | Total: 2.226 Edge: 0.408 Con: 0.218 Cls: 1.574 Recon: 0.0259 | 0.9s
  Epoch 95/800 | Total: 2.213 Edge: 0.407 Con: 0.218 Cls: 1.562 Recon: 0.0261 | Val F1: 0.2666 | 0.9s
  Epoch 96/800 | Total: 2.229 Edge: 0.417 Con: 0.219 Cls: 1.567 Recon: 0.0261 | 0.8s
  Epoch 97/800 | Total: 2.254 Edge: 0.414 Con: 0.217 Cls: 1.597 Recon: 0.0260 | 0.8s
  Epoch 98/800 | Total: 2.272 Edge: 0.414 Con: 0.217 Cls: 1.614 Recon: 0.0262 | 0.8s
  Epoch 99/800 | Total: 2.219 Edge: 0.413 Con: 0.218 Cls: 1.561 Recon: 0.0260 | 0.9s
  Epoch 100/800 | Total: 2.209 Edge: 0.408 Con: 0.216 Cls: 1.560 Recon: 0.0259 | Val F1: 0.2699 | 0.8s
  Epoch 101/800 | Total: 2.217 Edge: 0.408 Con: 0.218 Cls: 1.565 Recon: 0.0259 | 0.8s
  Epoch 102/800 | Total: 2.216 Edge: 0.404 Con: 0.220 Cls: 1.567 Recon: 0.0259 | 0.9s
  Epoch 103/800 | Total: 2.211 Edge: 0.403 Con: 0.217 Cls: 1.565 Recon: 0.0260 | 1.0s
  Epoch 104/800 | Total: 2.205 Edge: 0.407 Con: 0.216 Cls: 1.555 Recon: 0.0259 | 0.9s
  Epoch 105/800 | Total: 2.204 Edge: 0.411 Con: 0.217 Cls: 1.550 Recon: 0.0259 | Val F1: 0.2691 | 0.9s
  Epoch 106/800 | Total: 2.186 Edge: 0.410 Con: 0.216 Cls: 1.534 Recon: 0.0259 | 0.8s
  Epoch 107/800 | Total: 2.208 Edge: 0.413 Con: 0.218 Cls: 1.552 Recon: 0.0259 | 0.8s
  Epoch 108/800 | Total: 2.214 Edge: 0.408 Con: 0.218 Cls: 1.563 Recon: 0.0259 | 0.9s
  Epoch 109/800 | Total: 2.210 Edge: 0.406 Con: 0.217 Cls: 1.561 Recon: 0.0259 | 1.1s
  Epoch 110/800 | Total: 2.208 Edge: 0.403 Con: 0.217 Cls: 1.562 Recon: 0.0258 | Val F1: 0.2746 | 0.9s
  Epoch 111/800 | Total: 2.203 Edge: 0.405 Con: 0.218 Cls: 1.554 Recon: 0.0259 | 0.8s
  Epoch 112/800 | Total: 2.228 Edge: 0.407 Con: 0.219 Cls: 1.576 Recon: 0.0259 | 0.8s
  Epoch 113/800 | Total: 2.185 Edge: 0.406 Con: 0.215 Cls: 1.539 Recon: 0.0260 | 0.9s
  Epoch 114/800 | Total: 2.179 Edge: 0.403 Con: 0.215 Cls: 1.535 Recon: 0.0259 | 0.8s
  Epoch 115/800 | Total: 2.184 Edge: 0.401 Con: 0.216 Cls: 1.540 Recon: 0.0259 | Val F1: 0.2746 | 0.9s
  Epoch 116/800 | Total: 2.200 Edge: 0.400 Con: 0.217 Cls: 1.557 Recon: 0.0259 | 0.9s
  Epoch 117/800 | Total: 2.173 Edge: 0.399 Con: 0.218 Cls: 1.530 Recon: 0.0258 | 0.9s
  Epoch 118/800 | Total: 2.192 Edge: 0.406 Con: 0.217 Cls: 1.543 Recon: 0.0258 | 0.8s
  Epoch 119/800 | Total: 2.215 Edge: 0.407 Con: 0.216 Cls: 1.565 Recon: 0.0259 | 0.8s
  Epoch 120/800 | Total: 2.214 Edge: 0.400 Con: 0.215 Cls: 1.573 Recon: 0.0259 | Val F1: 0.2803 | 0.8s
  Epoch 121/800 | Total: 2.211 Edge: 0.404 Con: 0.218 Cls: 1.564 Recon: 0.0260 | 0.8s
  Epoch 122/800 | Total: 2.175 Edge: 0.395 Con: 0.214 Cls: 1.540 Recon: 0.0259 | 0.9s
  Epoch 123/800 | Total: 2.167 Edge: 0.398 Con: 0.214 Cls: 1.528 Recon: 0.0259 | 1.0s
  Epoch 124/800 | Total: 2.181 Edge: 0.403 Con: 0.218 Cls: 1.533 Recon: 0.0260 | 0.9s
  Epoch 125/800 | Total: 2.169 Edge: 0.405 Con: 0.213 Cls: 1.525 Recon: 0.0259 | Val F1: 0.2844 | 0.8s
  Epoch 126/800 | Total: 2.169 Edge: 0.405 Con: 0.217 Cls: 1.520 Recon: 0.0258 | 0.9s
  Epoch 127/800 | Total: 2.171 Edge: 0.408 Con: 0.216 Cls: 1.521 Recon: 0.0258 | 1.2s
  Epoch 128/800 | Total: 2.168 Edge: 0.397 Con: 0.215 Cls: 1.530 Recon: 0.0259 | 0.8s
  Epoch 129/800 | Total: 2.183 Edge: 0.398 Con: 0.218 Cls: 1.541 Recon: 0.0259 | 0.9s
  Epoch 130/800 | Total: 2.175 Edge: 0.397 Con: 0.216 Cls: 1.536 Recon: 0.0259 | Val F1: 0.2861 | 0.9s
  Epoch 131/800 | Total: 2.186 Edge: 0.401 Con: 0.214 Cls: 1.546 Recon: 0.0259 | 0.9s
  Epoch 132/800 | Total: 2.165 Edge: 0.396 Con: 0.214 Cls: 1.529 Recon: 0.0259 | 0.8s
  Epoch 133/800 | Total: 2.180 Edge: 0.395 Con: 0.217 Cls: 1.543 Recon: 0.0258 | 1.0s
  Epoch 134/800 | Total: 2.220 Edge: 0.406 Con: 0.220 Cls: 1.568 Recon: 0.0259 | 0.8s
  Epoch 135/800 | Total: 2.182 Edge: 0.401 Con: 0.216 Cls: 1.540 Recon: 0.0258 | Val F1: 0.3019 | 0.8s
  Epoch 136/800 | Total: 2.152 Edge: 0.398 Con: 0.214 Cls: 1.514 Recon: 0.0259 | 0.9s
  Epoch 137/800 | Total: 2.152 Edge: 0.398 Con: 0.213 Cls: 1.516 Recon: 0.0259 | 0.8s
  Epoch 138/800 | Total: 2.173 Edge: 0.400 Con: 0.213 Cls: 1.535 Recon: 0.0259 | 0.8s
  Epoch 139/800 | Total: 2.162 Edge: 0.398 Con: 0.216 Cls: 1.522 Recon: 0.0259 | 1.0s
  Epoch 140/800 | Total: 2.199 Edge: 0.398 Con: 0.214 Cls: 1.560 Recon: 0.0259 | Val F1: 0.2804 | 0.9s
  Epoch 141/800 | Total: 2.174 Edge: 0.397 Con: 0.217 Cls: 1.534 Recon: 0.0258 | 0.8s
  Epoch 142/800 | Total: 2.170 Edge: 0.397 Con: 0.215 Cls: 1.532 Recon: 0.0258 | 0.8s
  Epoch 143/800 | Total: 2.178 Edge: 0.400 Con: 0.215 Cls: 1.538 Recon: 0.0259 | 0.8s
  Epoch 144/800 | Total: 2.175 Edge: 0.396 Con: 0.214 Cls: 1.539 Recon: 0.0259 | 0.8s
  Epoch 145/800 | Total: 2.184 Edge: 0.400 Con: 0.215 Cls: 1.543 Recon: 0.0259 | Val F1: 0.2882 | 0.9s
  Epoch 146/800 | Total: 2.166 Edge: 0.407 Con: 0.214 Cls: 1.519 Recon: 0.0259 | 0.8s
  Epoch 147/800 | Total: 2.154 Edge: 0.394 Con: 0.215 Cls: 1.519 Recon: 0.0259 | 0.8s
  Epoch 148/800 | Total: 2.161 Edge: 0.392 Con: 0.213 Cls: 1.530 Recon: 0.0259 | 0.8s
  Epoch 149/800 | Total: 2.173 Edge: 0.392 Con: 0.214 Cls: 1.540 Recon: 0.0260 | 0.9s
  Epoch 150/800 | Total: 2.147 Edge: 0.391 Con: 0.213 Cls: 1.517 Recon: 0.0260 | Val F1: 0.3088 | 1.0s
  Epoch 151/800 | Total: 2.153 Edge: 0.391 Con: 0.213 Cls: 1.524 Recon: 0.0260 | 0.8s
  Epoch 152/800 | Total: 2.145 Edge: 0.391 Con: 0.213 Cls: 1.515 Recon: 0.0260 | 1.1s
  Epoch 153/800 | Total: 2.130 Edge: 0.392 Con: 0.215 Cls: 1.497 Recon: 0.0259 | 0.9s
  Epoch 154/800 | Total: 2.146 Edge: 0.394 Con: 0.214 Cls: 1.512 Recon: 0.0259 | 0.9s
  Epoch 155/800 | Total: 2.169 Edge: 0.397 Con: 0.214 Cls: 1.533 Recon: 0.0258 | Val F1: 0.3063 | 0.8s
  Epoch 156/800 | Total: 2.130 Edge: 0.396 Con: 0.213 Cls: 1.496 Recon: 0.0259 | 0.8s
  Epoch 157/800 | Total: 2.124 Edge: 0.389 Con: 0.215 Cls: 1.494 Recon: 0.0259 | 0.9s
  Epoch 158/800 | Total: 2.117 Edge: 0.393 Con: 0.212 Cls: 1.486 Recon: 0.0258 | 0.8s
  Epoch 159/800 | Total: 2.115 Edge: 0.389 Con: 0.214 Cls: 1.486 Recon: 0.0259 | 0.9s
  Epoch 160/800 | Total: 2.130 Edge: 0.393 Con: 0.214 Cls: 1.498 Recon: 0.0258 | Val F1: 0.3127 | 0.8s
  Epoch 161/800 | Total: 2.122 Edge: 0.391 Con: 0.213 Cls: 1.492 Recon: 0.0259 | 0.9s
  Epoch 162/800 | Total: 2.135 Edge: 0.390 Con: 0.214 Cls: 1.506 Recon: 0.0259 | 0.9s
  Epoch 163/800 | Total: 2.301 Edge: 0.394 Con: 0.217 Cls: 1.665 Recon: 0.0258 | 0.8s
  Epoch 164/800 | Total: 2.215 Edge: 0.398 Con: 0.216 Cls: 1.575 Recon: 0.0259 | 0.8s
  Epoch 165/800 | Total: 2.151 Edge: 0.392 Con: 0.215 Cls: 1.518 Recon: 0.0259 | Val F1: 0.3047 | 0.8s
  Epoch 166/800 | Total: 2.117 Edge: 0.387 Con: 0.212 Cls: 1.492 Recon: 0.0259 | 0.9s
  Epoch 167/800 | Total: 2.108 Edge: 0.391 Con: 0.215 Cls: 1.477 Recon: 0.0258 | 1.0s
  Epoch 168/800 | Total: 2.120 Edge: 0.391 Con: 0.214 Cls: 1.489 Recon: 0.0259 | 0.8s
  Epoch 169/800 | Total: 2.107 Edge: 0.391 Con: 0.212 Cls: 1.478 Recon: 0.0260 | 0.9s
  Epoch 170/800 | Total: 2.118 Edge: 0.391 Con: 0.215 Cls: 1.486 Recon: 0.0259 | Val F1: 0.3025 | 0.9s
  Epoch 171/800 | Total: 2.134 Edge: 0.391 Con: 0.212 Cls: 1.505 Recon: 0.0260 | 0.8s
  Epoch 172/800 | Total: 2.132 Edge: 0.388 Con: 0.212 Cls: 1.507 Recon: 0.0258 | 0.8s
  Epoch 173/800 | Total: 2.132 Edge: 0.393 Con: 0.212 Cls: 1.501 Recon: 0.0258 | 0.9s
  Epoch 174/800 | Total: 2.152 Edge: 0.392 Con: 0.213 Cls: 1.522 Recon: 0.0258 | 0.9s
  Epoch 175/800 | Total: 2.146 Edge: 0.394 Con: 0.213 Cls: 1.514 Recon: 0.0259 | Val F1: 0.3156 | 0.9s
  Epoch 176/800 | Total: 2.144 Edge: 0.399 Con: 0.213 Cls: 1.506 Recon: 0.0259 | 0.9s
  Epoch 177/800 | Total: 2.136 Edge: 0.396 Con: 0.216 Cls: 1.498 Recon: 0.0259 | 0.9s
  Epoch 178/800 | Total: 2.136 Edge: 0.394 Con: 0.213 Cls: 1.503 Recon: 0.0259 | 0.8s
  Epoch 179/800 | Total: 2.145 Edge: 0.392 Con: 0.211 Cls: 1.516 Recon: 0.0258 | 0.8s
  Epoch 180/800 | Total: 2.131 Edge: 0.389 Con: 0.214 Cls: 1.502 Recon: 0.0259 | Val F1: 0.3083 | 0.8s
  Epoch 181/800 | Total: 2.120 Edge: 0.388 Con: 0.215 Cls: 1.490 Recon: 0.0260 | 0.8s
  Epoch 182/800 | Total: 2.097 Edge: 0.384 Con: 0.211 Cls: 1.475 Recon: 0.0259 | 0.9s
  Epoch 183/800 | Total: 2.086 Edge: 0.384 Con: 0.213 Cls: 1.464 Recon: 0.0260 | 0.8s
  Epoch 184/800 | Total: 2.116 Edge: 0.387 Con: 0.212 Cls: 1.492 Recon: 0.0258 | 1.0s
  Epoch 185/800 | Total: 2.139 Edge: 0.383 Con: 0.213 Cls: 1.517 Recon: 0.0260 | Val F1: 0.3113 | 0.9s
  Epoch 186/800 | Total: 2.120 Edge: 0.395 Con: 0.215 Cls: 1.484 Recon: 0.0259 | 1.1s
  Epoch 187/800 | Total: 2.123 Edge: 0.390 Con: 0.213 Cls: 1.494 Recon: 0.0259 | 0.8s
  Epoch 188/800 | Total: 2.162 Edge: 0.390 Con: 0.212 Cls: 1.534 Recon: 0.0259 | 0.8s
  Epoch 189/800 | Total: 2.195 Edge: 0.394 Con: 0.215 Cls: 1.559 Recon: 0.0259 | 0.8s
  Epoch 190/800 | Total: 2.153 Edge: 0.392 Con: 0.217 Cls: 1.518 Recon: 0.0259 | Val F1: 0.3112 | 0.8s
  Epoch 191/800 | Total: 2.140 Edge: 0.393 Con: 0.213 Cls: 1.508 Recon: 0.0258 | 0.8s
  Epoch 192/800 | Total: 2.115 Edge: 0.390 Con: 0.213 Cls: 1.486 Recon: 0.0259 | 0.8s
  Epoch 193/800 | Total: 2.089 Edge: 0.386 Con: 0.213 Cls: 1.464 Recon: 0.0258 | 0.9s
  Epoch 194/800 | Total: 2.087 Edge: 0.385 Con: 0.212 Cls: 1.464 Recon: 0.0259 | 1.0s
  Epoch 195/800 | Total: 2.089 Edge: 0.382 Con: 0.210 Cls: 1.471 Recon: 0.0258 | Val F1: 0.3244 | 1.0s
  Epoch 196/800 | Total: 2.096 Edge: 0.381 Con: 0.212 Cls: 1.477 Recon: 0.0259 | 0.8s
  Epoch 197/800 | Total: 2.114 Edge: 0.387 Con: 0.212 Cls: 1.490 Recon: 0.0258 | 0.8s
  Epoch 198/800 | Total: 2.103 Edge: 0.386 Con: 0.212 Cls: 1.479 Recon: 0.0257 | 0.8s
  Epoch 199/800 | Total: 2.099 Edge: 0.387 Con: 0.213 Cls: 1.473 Recon: 0.0259 | 0.8s
  Epoch 200/800 | Total: 2.095 Edge: 0.382 Con: 0.211 Cls: 1.477 Recon: 0.0258 | Val F1: 0.3199 | 0.8s
  Epoch 201/800 | Total: 2.084 Edge: 0.381 Con: 0.211 Cls: 1.466 Recon: 0.0258 | 1.0s
  Epoch 202/800 | Total: 2.087 Edge: 0.381 Con: 0.211 Cls: 1.469 Recon: 0.0259 | 0.9s
  Epoch 203/800 | Total: 2.090 Edge: 0.383 Con: 0.212 Cls: 1.469 Recon: 0.0259 | 0.9s
  Epoch 204/800 | Total: 2.090 Edge: 0.382 Con: 0.213 Cls: 1.470 Recon: 0.0258 | 0.9s
  Epoch 205/800 | Total: 2.104 Edge: 0.384 Con: 0.210 Cls: 1.484 Recon: 0.0257 | Val F1: 0.3147 | 0.8s
  Epoch 206/800 | Total: 2.125 Edge: 0.390 Con: 0.214 Cls: 1.495 Recon: 0.0258 | 0.8s
  Epoch 207/800 | Total: 2.102 Edge: 0.389 Con: 0.212 Cls: 1.475 Recon: 0.0259 | 0.8s
  Epoch 208/800 | Total: 2.099 Edge: 0.387 Con: 0.211 Cls: 1.475 Recon: 0.0258 | 0.8s
  Epoch 209/800 | Total: 2.100 Edge: 0.388 Con: 0.213 Cls: 1.473 Recon: 0.0257 | 0.8s
  Epoch 210/800 | Total: 2.082 Edge: 0.382 Con: 0.212 Cls: 1.462 Recon: 0.0259 | Val F1: 0.3198 | 0.8s
  Epoch 211/800 | Total: 2.088 Edge: 0.381 Con: 0.210 Cls: 1.471 Recon: 0.0258 | 1.0s
  Epoch 212/800 | Total: 2.094 Edge: 0.381 Con: 0.212 Cls: 1.475 Recon: 0.0259 | 0.8s
  Epoch 213/800 | Total: 2.091 Edge: 0.388 Con: 0.212 Cls: 1.464 Recon: 0.0259 | 0.9s
  Epoch 214/800 | Total: 2.087 Edge: 0.382 Con: 0.208 Cls: 1.470 Recon: 0.0259 | 1.0s
  Epoch 215/800 | Total: 2.066 Edge: 0.381 Con: 0.211 Cls: 1.448 Recon: 0.0258 | Val F1: 0.3222 | 1.0s
  Epoch 216/800 | Total: 2.102 Edge: 0.381 Con: 0.212 Cls: 1.484 Recon: 0.0259 | 1.0s
  Epoch 217/800 | Total: 2.076 Edge: 0.380 Con: 0.212 Cls: 1.458 Recon: 0.0259 | 0.9s
  Epoch 218/800 | Total: 2.071 Edge: 0.377 Con: 0.212 Cls: 1.456 Recon: 0.0259 | 0.9s
  Epoch 219/800 | Total: 2.073 Edge: 0.377 Con: 0.209 Cls: 1.461 Recon: 0.0258 | 0.8s
  Epoch 220/800 | Total: 2.072 Edge: 0.379 Con: 0.210 Cls: 1.457 Recon: 0.0257 | Val F1: 0.3320 | 0.9s
  Epoch 221/800 | Total: 2.065 Edge: 0.379 Con: 0.209 Cls: 1.451 Recon: 0.0258 | 0.9s
  Epoch 222/800 | Total: 2.077 Edge: 0.376 Con: 0.210 Cls: 1.465 Recon: 0.0258 | 0.9s
  Epoch 223/800 | Total: 2.069 Edge: 0.376 Con: 0.208 Cls: 1.459 Recon: 0.0258 | 0.8s
  Epoch 224/800 | Total: 2.100 Edge: 0.382 Con: 0.212 Cls: 1.479 Recon: 0.0259 | 1.1s
  Epoch 225/800 | Total: 2.110 Edge: 0.381 Con: 0.211 Cls: 1.491 Recon: 0.0260 | Val F1: 0.3254 | 0.9s
  Epoch 226/800 | Total: 2.084 Edge: 0.381 Con: 0.210 Cls: 1.466 Recon: 0.0259 | 0.9s
  Epoch 227/800 | Total: 2.103 Edge: 0.382 Con: 0.211 Cls: 1.485 Recon: 0.0258 | 1.1s
  Epoch 228/800 | Total: 2.088 Edge: 0.381 Con: 0.210 Cls: 1.472 Recon: 0.0258 | 1.0s
  Epoch 229/800 | Total: 2.062 Edge: 0.377 Con: 0.212 Cls: 1.447 Recon: 0.0259 | 0.8s
  Epoch 230/800 | Total: 2.078 Edge: 0.380 Con: 0.210 Cls: 1.462 Recon: 0.0259 | Val F1: 0.3301 | 0.8s
  Epoch 231/800 | Total: 2.090 Edge: 0.382 Con: 0.209 Cls: 1.473 Recon: 0.0260 | 0.8s
  Epoch 232/800 | Total: 2.087 Edge: 0.379 Con: 0.210 Cls: 1.471 Recon: 0.0259 | 0.8s
  Epoch 233/800 | Total: 2.091 Edge: 0.381 Con: 0.208 Cls: 1.476 Recon: 0.0259 | 0.8s
  Epoch 234/800 | Total: 2.094 Edge: 0.383 Con: 0.212 Cls: 1.473 Recon: 0.0259 | 0.8s
  Epoch 235/800 | Total: 2.071 Edge: 0.381 Con: 0.210 Cls: 1.454 Recon: 0.0259 | Val F1: 0.3167 | 0.8s
  Epoch 236/800 | Total: 2.082 Edge: 0.383 Con: 0.211 Cls: 1.462 Recon: 0.0258 | 0.8s
  Epoch 237/800 | Total: 2.080 Edge: 0.385 Con: 0.212 Cls: 1.457 Recon: 0.0258 | 0.8s
  Epoch 238/800 | Total: 2.095 Edge: 0.378 Con: 0.211 Cls: 1.481 Recon: 0.0259 | 0.8s
  Epoch 239/800 | Total: 2.462 Edge: 0.401 Con: 0.219 Cls: 1.816 Recon: 0.0260 | 0.8s
  Epoch 240/800 | Total: 2.261 Edge: 0.408 Con: 0.222 Cls: 1.605 Recon: 0.0260 | Val F1: 0.3065 | 1.1s
  Epoch 241/800 | Total: 2.164 Edge: 0.412 Con: 0.218 Cls: 1.509 Recon: 0.0259 | 0.8s
  Epoch 242/800 | Total: 2.110 Edge: 0.393 Con: 0.211 Cls: 1.479 Recon: 0.0258 | 0.9s
  Epoch 243/800 | Total: 2.099 Edge: 0.385 Con: 0.214 Cls: 1.475 Recon: 0.0258 | 1.0s
  Epoch 244/800 | Total: 2.101 Edge: 0.382 Con: 0.211 Cls: 1.482 Recon: 0.0260 | 0.9s
  Epoch 245/800 | Total: 2.089 Edge: 0.381 Con: 0.212 Cls: 1.470 Recon: 0.0259 | Val F1: 0.3377 | 0.9s
  Epoch 246/800 | Total: 2.106 Edge: 0.381 Con: 0.211 Cls: 1.488 Recon: 0.0258 | 0.9s
  Epoch 247/800 | Total: 2.068 Edge: 0.379 Con: 0.209 Cls: 1.454 Recon: 0.0257 | 0.8s
  Epoch 248/800 | Total: 2.066 Edge: 0.379 Con: 0.211 Cls: 1.450 Recon: 0.0259 | 0.9s
  Epoch 249/800 | Total: 2.063 Edge: 0.375 Con: 0.210 Cls: 1.452 Recon: 0.0258 | 0.9s
  Epoch 250/800 | Total: 2.070 Edge: 0.373 Con: 0.209 Cls: 1.462 Recon: 0.0258 | Val F1: 0.3296 | 1.0s
  Epoch 251/800 | Total: 2.054 Edge: 0.376 Con: 0.209 Cls: 1.443 Recon: 0.0258 | 0.8s
  Epoch 252/800 | Total: 2.070 Edge: 0.377 Con: 0.208 Cls: 1.459 Recon: 0.0258 | 0.9s
  Epoch 253/800 | Total: 2.059 Edge: 0.375 Con: 0.212 Cls: 1.446 Recon: 0.0257 | 0.9s
  Epoch 254/800 | Total: 2.059 Edge: 0.375 Con: 0.208 Cls: 1.450 Recon: 0.0258 | 0.9s
  Epoch 255/800 | Total: 2.067 Edge: 0.374 Con: 0.208 Cls: 1.460 Recon: 0.0258 | Val F1: 0.3356 | 0.8s
  Epoch 256/800 | Total: 2.065 Edge: 0.377 Con: 0.212 Cls: 1.451 Recon: 0.0259 | 0.8s
  Epoch 257/800 | Total: 2.087 Edge: 0.381 Con: 0.211 Cls: 1.469 Recon: 0.0258 | 0.8s
  Epoch 258/800 | Total: 2.081 Edge: 0.378 Con: 0.209 Cls: 1.468 Recon: 0.0259 | 0.8s
  Epoch 259/800 | Total: 2.059 Edge: 0.375 Con: 0.209 Cls: 1.449 Recon: 0.0259 | 0.8s
  Epoch 260/800 | Total: 2.070 Edge: 0.385 Con: 0.210 Cls: 1.450 Recon: 0.0259 | Val F1: 0.3169 | 1.0s
  Epoch 261/800 | Total: 2.070 Edge: 0.382 Con: 0.209 Cls: 1.454 Recon: 0.0260 | 0.9s
  Epoch 262/800 | Total: 2.090 Edge: 0.379 Con: 0.210 Cls: 1.475 Recon: 0.0260 | 0.8s
  Epoch 263/800 | Total: 2.067 Edge: 0.382 Con: 0.211 Cls: 1.448 Recon: 0.0260 | 0.8s
  Epoch 264/800 | Total: 2.055 Edge: 0.380 Con: 0.209 Cls: 1.440 Recon: 0.0258 | 0.9s
  Epoch 265/800 | Total: 2.062 Edge: 0.374 Con: 0.210 Cls: 1.453 Recon: 0.0259 | Val F1: 0.3253 | 0.8s
  Epoch 266/800 | Total: 2.055 Edge: 0.371 Con: 0.208 Cls: 1.450 Recon: 0.0258 | 0.8s
  Epoch 267/800 | Total: 2.057 Edge: 0.376 Con: 0.209 Cls: 1.446 Recon: 0.0258 | 0.8s
  Epoch 268/800 | Total: 2.064 Edge: 0.376 Con: 0.208 Cls: 1.455 Recon: 0.0258 | 0.8s
  Epoch 269/800 | Total: 2.073 Edge: 0.375 Con: 0.208 Cls: 1.464 Recon: 0.0258 | 1.0s
  Epoch 270/800 | Total: 2.060 Edge: 0.380 Con: 0.213 Cls: 1.441 Recon: 0.0258 | Val F1: 0.3334 | 1.0s
  Epoch 271/800 | Total: 2.060 Edge: 0.383 Con: 0.209 Cls: 1.442 Recon: 0.0258 | 0.8s
  Epoch 272/800 | Total: 2.066 Edge: 0.383 Con: 0.209 Cls: 1.448 Recon: 0.0257 | 0.8s
  Epoch 273/800 | Total: 2.075 Edge: 0.381 Con: 0.207 Cls: 1.461 Recon: 0.0259 | 0.9s
  Epoch 274/800 | Total: 2.076 Edge: 0.374 Con: 0.211 Cls: 1.465 Recon: 0.0259 | 0.9s
  Epoch 275/800 | Total: 2.086 Edge: 0.382 Con: 0.210 Cls: 1.468 Recon: 0.0259 | Val F1: 0.3341 | 0.9s
  Epoch 276/800 | Total: 2.086 Edge: 0.385 Con: 0.211 Cls: 1.465 Recon: 0.0259 | 1.1s
  Epoch 277/800 | Total: 2.069 Edge: 0.380 Con: 0.209 Cls: 1.454 Recon: 0.0258 | 0.9s
  Epoch 278/800 | Total: 2.055 Edge: 0.377 Con: 0.210 Cls: 1.443 Recon: 0.0259 | 0.9s
  Epoch 279/800 | Total: 2.092 Edge: 0.379 Con: 0.208 Cls: 1.479 Recon: 0.0258 | 1.0s
  Epoch 280/800 | Total: 2.091 Edge: 0.379 Con: 0.210 Cls: 1.476 Recon: 0.0259 | Val F1: 0.3324 | 0.8s
  Epoch 281/800 | Total: 2.089 Edge: 0.384 Con: 0.209 Cls: 1.470 Recon: 0.0260 | 0.9s
  Epoch 282/800 | Total: 2.060 Edge: 0.374 Con: 0.209 Cls: 1.452 Recon: 0.0259 | 0.9s
  Epoch 283/800 | Total: 2.043 Edge: 0.373 Con: 0.208 Cls: 1.436 Recon: 0.0258 | 0.9s
  Epoch 284/800 | Total: 2.059 Edge: 0.376 Con: 0.209 Cls: 1.448 Recon: 0.0258 | 0.8s
  Epoch 285/800 | Total: 2.044 Edge: 0.379 Con: 0.206 Cls: 1.433 Recon: 0.0258 | Val F1: 0.3347 | 0.8s
  Epoch 286/800 | Total: 2.061 Edge: 0.385 Con: 0.209 Cls: 1.442 Recon: 0.0259 | 0.9s
  Epoch 287/800 | Total: 2.065 Edge: 0.384 Con: 0.208 Cls: 1.447 Recon: 0.0258 | 0.8s
  Epoch 288/800 | Total: 2.060 Edge: 0.375 Con: 0.208 Cls: 1.452 Recon: 0.0259 | 1.0s
  Epoch 289/800 | Total: 2.060 Edge: 0.372 Con: 0.209 Cls: 1.453 Recon: 0.0258 | 1.0s
  Epoch 290/800 | Total: 2.042 Edge: 0.373 Con: 0.209 Cls: 1.435 Recon: 0.0259 | Val F1: 0.3305 | 0.8s
  Epoch 291/800 | Total: 2.050 Edge: 0.374 Con: 0.209 Cls: 1.441 Recon: 0.0258 | 0.9s
  Epoch 292/800 | Total: 2.050 Edge: 0.371 Con: 0.207 Cls: 1.446 Recon: 0.0259 | 0.8s
  Epoch 293/800 | Total: 2.046 Edge: 0.372 Con: 0.206 Cls: 1.442 Recon: 0.0258 | 0.9s
  Epoch 294/800 | Total: 2.029 Edge: 0.369 Con: 0.208 Cls: 1.427 Recon: 0.0258 | 0.9s
  Epoch 295/800 | Total: 2.050 Edge: 0.369 Con: 0.207 Cls: 1.448 Recon: 0.0258 | Val F1: 0.3523 | 0.9s
  Epoch 296/800 | Total: 2.043 Edge: 0.370 Con: 0.208 Cls: 1.440 Recon: 0.0257 | 0.9s
  Epoch 297/800 | Total: 2.041 Edge: 0.370 Con: 0.208 Cls: 1.436 Recon: 0.0258 | 1.0s
  Epoch 298/800 | Total: 2.043 Edge: 0.376 Con: 0.208 Cls: 1.433 Recon: 0.0259 | 0.8s
  Epoch 299/800 | Total: 2.041 Edge: 0.375 Con: 0.206 Cls: 1.434 Recon: 0.0258 | 0.8s
  Epoch 300/800 | Total: 2.041 Edge: 0.375 Con: 0.208 Cls: 1.432 Recon: 0.0258 | Val F1: 0.3247 | 0.9s
  Epoch 301/800 | Total: 2.046 Edge: 0.378 Con: 0.208 Cls: 1.434 Recon: 0.0258 | 0.8s
  Epoch 302/800 | Total: 2.064 Edge: 0.377 Con: 0.207 Cls: 1.455 Recon: 0.0259 | 0.9s
  Epoch 303/800 | Total: 2.047 Edge: 0.377 Con: 0.208 Cls: 1.436 Recon: 0.0261 | 0.8s
  Epoch 304/800 | Total: 2.054 Edge: 0.372 Con: 0.207 Cls: 1.449 Recon: 0.0260 | 0.9s
  Epoch 305/800 | Total: 2.056 Edge: 0.378 Con: 0.208 Cls: 1.444 Recon: 0.0259 | Val F1: 0.3269 | 0.8s
  Epoch 306/800 | Total: 2.065 Edge: 0.376 Con: 0.208 Cls: 1.456 Recon: 0.0259 | 0.8s
  Epoch 307/800 | Total: 2.058 Edge: 0.379 Con: 0.207 Cls: 1.447 Recon: 0.0258 | 0.8s
  Epoch 308/800 | Total: 2.072 Edge: 0.378 Con: 0.207 Cls: 1.461 Recon: 0.0257 | 0.9s
  Epoch 309/800 | Total: 2.050 Edge: 0.381 Con: 0.207 Cls: 1.436 Recon: 0.0258 | 0.8s
  Epoch 310/800 | Total: 2.058 Edge: 0.373 Con: 0.208 Cls: 1.451 Recon: 0.0257 | Val F1: 0.3514 | 1.0s
  Epoch 311/800 | Total: 2.023 Edge: 0.371 Con: 0.206 Cls: 1.420 Recon: 0.0258 | 0.9s
  Epoch 312/800 | Total: 2.017 Edge: 0.369 Con: 0.204 Cls: 1.418 Recon: 0.0257 | 0.9s
  Epoch 313/800 | Total: 2.066 Edge: 0.375 Con: 0.209 Cls: 1.458 Recon: 0.0258 | 0.9s
  Epoch 314/800 | Total: 2.053 Edge: 0.374 Con: 0.207 Cls: 1.447 Recon: 0.0258 | 0.8s
  Epoch 315/800 | Total: 2.066 Edge: 0.379 Con: 0.208 Cls: 1.454 Recon: 0.0259 | Val F1: 0.3437 | 1.1s
  Epoch 316/800 | Total: 2.051 Edge: 0.374 Con: 0.207 Cls: 1.445 Recon: 0.0259 | 1.1s
  Epoch 317/800 | Total: 2.027 Edge: 0.369 Con: 0.205 Cls: 1.427 Recon: 0.0259 | 1.1s
  Epoch 318/800 | Total: 2.040 Edge: 0.371 Con: 0.206 Cls: 1.438 Recon: 0.0259 | 0.8s
  Epoch 319/800 | Total: 2.050 Edge: 0.368 Con: 0.207 Cls: 1.449 Recon: 0.0259 | 0.8s
  Epoch 320/800 | Total: 2.036 Edge: 0.371 Con: 0.208 Cls: 1.431 Recon: 0.0259 | Val F1: 0.3300 | 0.8s
  Epoch 321/800 | Total: 2.055 Edge: 0.368 Con: 0.207 Cls: 1.454 Recon: 0.0260 | 0.9s
  Epoch 322/800 | Total: 2.048 Edge: 0.376 Con: 0.206 Cls: 1.440 Recon: 0.0258 | 0.8s
  Epoch 323/800 | Total: 2.047 Edge: 0.373 Con: 0.207 Cls: 1.441 Recon: 0.0259 | 0.9s
  Epoch 324/800 | Total: 2.028 Edge: 0.369 Con: 0.206 Cls: 1.427 Recon: 0.0258 | 0.8s
  Epoch 325/800 | Total: 2.045 Edge: 0.371 Con: 0.207 Cls: 1.441 Recon: 0.0258 | Val F1: 0.3412 | 1.0s
  Epoch 326/800 | Total: 2.102 Edge: 0.376 Con: 0.207 Cls: 1.493 Recon: 0.0258 | 0.9s
  Epoch 327/800 | Total: 2.101 Edge: 0.378 Con: 0.207 Cls: 1.489 Recon: 0.0259 | 0.9s
  Epoch 328/800 | Total: 2.102 Edge: 0.376 Con: 0.207 Cls: 1.492 Recon: 0.0260 | 0.9s
  Epoch 329/800 | Total: 2.079 Edge: 0.389 Con: 0.211 Cls: 1.454 Recon: 0.0259 | 1.0s
  Epoch 330/800 | Total: 2.065 Edge: 0.389 Con: 0.206 Cls: 1.444 Recon: 0.0259 | Val F1: 0.3363 | 0.8s
  Epoch 331/800 | Total: 2.038 Edge: 0.373 Con: 0.207 Cls: 1.432 Recon: 0.0258 | 0.8s
  Epoch 332/800 | Total: 2.023 Edge: 0.372 Con: 0.206 Cls: 1.419 Recon: 0.0258 | 0.9s
  Epoch 333/800 | Total: 2.028 Edge: 0.369 Con: 0.207 Cls: 1.427 Recon: 0.0258 | 0.8s
  Epoch 334/800 | Total: 2.017 Edge: 0.373 Con: 0.204 Cls: 1.414 Recon: 0.0257 | 0.9s
  Epoch 335/800 | Total: 2.035 Edge: 0.371 Con: 0.206 Cls: 1.432 Recon: 0.0258 | Val F1: 0.3422 | 0.8s
  Epoch 336/800 | Total: 2.026 Edge: 0.368 Con: 0.207 Cls: 1.425 Recon: 0.0258 | 0.8s
  Epoch 337/800 | Total: 2.019 Edge: 0.367 Con: 0.207 Cls: 1.420 Recon: 0.0258 | 0.9s
  Epoch 338/800 | Total: 2.020 Edge: 0.367 Con: 0.205 Cls: 1.423 Recon: 0.0258 | 0.8s
  Epoch 339/800 | Total: 2.042 Edge: 0.367 Con: 0.203 Cls: 1.446 Recon: 0.0258 | 0.9s
  Epoch 340/800 | Total: 2.024 Edge: 0.366 Con: 0.206 Cls: 1.426 Recon: 0.0259 | Val F1: 0.3383 | 0.8s
  Epoch 341/800 | Total: 2.028 Edge: 0.368 Con: 0.206 Cls: 1.428 Recon: 0.0258 | 0.9s
  Epoch 342/800 | Total: 2.028 Edge: 0.375 Con: 0.205 Cls: 1.423 Recon: 0.0258 | 0.9s
  Epoch 343/800 | Total: 2.041 Edge: 0.370 Con: 0.207 Cls: 1.438 Recon: 0.0258 | 0.8s
  Epoch 344/800 | Total: 2.035 Edge: 0.373 Con: 0.207 Cls: 1.429 Recon: 0.0259 | 0.9s
  Epoch 345/800 | Total: 2.020 Edge: 0.368 Con: 0.204 Cls: 1.422 Recon: 0.0259 | Val F1: 0.3464 | 1.0s
  Epoch 346/800 | Total: 2.037 Edge: 0.369 Con: 0.206 Cls: 1.435 Recon: 0.0258 | 0.8s
  Epoch 347/800 | Total: 2.044 Edge: 0.369 Con: 0.206 Cls: 1.442 Recon: 0.0259 | 0.9s
  Epoch 348/800 | Total: 2.026 Edge: 0.368 Con: 0.206 Cls: 1.426 Recon: 0.0259 | 0.8s
  Epoch 349/800 | Total: 2.056 Edge: 0.372 Con: 0.206 Cls: 1.452 Recon: 0.0259 | 0.8s
  Epoch 350/800 | Total: 2.085 Edge: 0.378 Con: 0.207 Cls: 1.475 Recon: 0.0258 | Val F1: 0.3340 | 0.8s
  Epoch 351/800 | Total: 2.081 Edge: 0.375 Con: 0.207 Cls: 1.473 Recon: 0.0258 | 0.8s
  Epoch 352/800 | Total: 2.046 Edge: 0.375 Con: 0.206 Cls: 1.439 Recon: 0.0258 | 0.8s
  Epoch 353/800 | Total: 2.041 Edge: 0.371 Con: 0.206 Cls: 1.438 Recon: 0.0258 | 0.8s
  Epoch 354/800 | Total: 2.025 Edge: 0.370 Con: 0.205 Cls: 1.425 Recon: 0.0257 | 0.8s
  Epoch 355/800 | Total: 2.024 Edge: 0.367 Con: 0.205 Cls: 1.427 Recon: 0.0258 | Val F1: 0.3367 | 0.8s
  Epoch 356/800 | Total: 2.033 Edge: 0.368 Con: 0.205 Cls: 1.434 Recon: 0.0259 | 0.9s
  Epoch 357/800 | Total: 2.023 Edge: 0.373 Con: 0.207 Cls: 1.418 Recon: 0.0257 | 0.9s
  Epoch 358/800 | Total: 2.057 Edge: 0.374 Con: 0.205 Cls: 1.453 Recon: 0.0257 | 0.8s
  Epoch 359/800 | Total: 2.031 Edge: 0.374 Con: 0.204 Cls: 1.427 Recon: 0.0258 | 1.0s
  Epoch 360/800 | Total: 2.032 Edge: 0.371 Con: 0.204 Cls: 1.431 Recon: 0.0257 | Val F1: 0.3421 | 0.9s
  Epoch 361/800 | Total: 2.042 Edge: 0.371 Con: 0.206 Cls: 1.439 Recon: 0.0257 | 0.9s
  Epoch 362/800 | Total: 2.030 Edge: 0.368 Con: 0.204 Cls: 1.432 Recon: 0.0258 | 0.8s
  Epoch 363/800 | Total: 2.041 Edge: 0.369 Con: 0.206 Cls: 1.440 Recon: 0.0259 | 0.8s
  Epoch 364/800 | Total: 2.024 Edge: 0.366 Con: 0.204 Cls: 1.428 Recon: 0.0258 | 0.9s
  Epoch 365/800 | Total: 2.022 Edge: 0.366 Con: 0.205 Cls: 1.425 Recon: 0.0258 | Val F1: 0.3481 | 0.8s
  Epoch 366/800 | Total: 2.026 Edge: 0.369 Con: 0.203 Cls: 1.429 Recon: 0.0258 | 0.8s
  Epoch 367/800 | Total: 2.104 Edge: 0.376 Con: 0.209 Cls: 1.493 Recon: 0.0259 | 0.8s
  Epoch 368/800 | Total: 2.076 Edge: 0.379 Con: 0.209 Cls: 1.462 Recon: 0.0259 | 0.9s
  Epoch 369/800 | Total: 2.048 Edge: 0.371 Con: 0.205 Cls: 1.447 Recon: 0.0258 | 0.8s
  Epoch 370/800 | Total: 2.026 Edge: 0.370 Con: 0.206 Cls: 1.424 Recon: 0.0258 | Val F1: 0.3355 | 0.9s
  Epoch 371/800 | Total: 2.019 Edge: 0.368 Con: 0.204 Cls: 1.422 Recon: 0.0258 | 0.9s
  Epoch 372/800 | Total: 2.030 Edge: 0.368 Con: 0.204 Cls: 1.431 Recon: 0.0259 | 0.8s
  Epoch 373/800 | Total: 2.023 Edge: 0.372 Con: 0.203 Cls: 1.422 Recon: 0.0259 | 0.9s
  Epoch 374/800 | Total: 2.015 Edge: 0.368 Con: 0.205 Cls: 1.416 Recon: 0.0261 | 0.8s
  Epoch 375/800 | Total: 2.014 Edge: 0.365 Con: 0.205 Cls: 1.418 Recon: 0.0260 | Val F1: 0.3511 | 0.8s
  Epoch 376/800 | Total: 2.013 Edge: 0.367 Con: 0.205 Cls: 1.415 Recon: 0.0261 | 0.8s
  Epoch 377/800 | Total: 2.005 Edge: 0.366 Con: 0.204 Cls: 1.409 Recon: 0.0258 | 0.9s
  Epoch 378/800 | Total: 2.013 Edge: 0.367 Con: 0.205 Cls: 1.416 Recon: 0.0258 | 0.8s
  Epoch 379/800 | Total: 2.018 Edge: 0.366 Con: 0.206 Cls: 1.421 Recon: 0.0258 | 0.8s
  Epoch 380/800 | Total: 2.034 Edge: 0.371 Con: 0.205 Cls: 1.432 Recon: 0.0258 | Val F1: 0.3423 | 0.8s
  Epoch 381/800 | Total: 2.081 Edge: 0.374 Con: 0.206 Cls: 1.475 Recon: 0.0258 | 0.8s
  Epoch 382/800 | Total: 2.050 Edge: 0.376 Con: 0.205 Cls: 1.443 Recon: 0.0260 | 0.9s
  Epoch 383/800 | Total: 2.045 Edge: 0.370 Con: 0.207 Cls: 1.442 Recon: 0.0259 | 1.0s
  Epoch 384/800 | Total: 2.011 Edge: 0.364 Con: 0.204 Cls: 1.417 Recon: 0.0258 | 0.8s
  Epoch 385/800 | Total: 2.008 Edge: 0.364 Con: 0.204 Cls: 1.414 Recon: 0.0258 | Val F1: 0.3452 | 0.9s
  Epoch 386/800 | Total: 2.015 Edge: 0.366 Con: 0.205 Cls: 1.418 Recon: 0.0259 | 0.9s
  Epoch 387/800 | Total: 2.082 Edge: 0.373 Con: 0.207 Cls: 1.477 Recon: 0.0258 | 0.9s
  Epoch 388/800 | Total: 2.099 Edge: 0.381 Con: 0.209 Cls: 1.483 Recon: 0.0261 | 0.8s
  Epoch 389/800 | Total: 2.038 Edge: 0.372 Con: 0.208 Cls: 1.432 Recon: 0.0261 | 0.8s
  Epoch 390/800 | Total: 2.027 Edge: 0.368 Con: 0.205 Cls: 1.429 Recon: 0.0259 | Val F1: 0.3463 | 0.8s
  Epoch 391/800 | Total: 2.018 Edge: 0.369 Con: 0.205 Cls: 1.419 Recon: 0.0259 | 0.8s
  Epoch 392/800 | Total: 2.021 Edge: 0.368 Con: 0.203 Cls: 1.424 Recon: 0.0258 | 0.8s
  Epoch 393/800 | Total: 2.017 Edge: 0.367 Con: 0.205 Cls: 1.420 Recon: 0.0259 | 0.9s
  Epoch 394/800 | Total: 2.003 Edge: 0.363 Con: 0.204 Cls: 1.411 Recon: 0.0259 | 0.8s
  Epoch 395/800 | Total: 1.999 Edge: 0.365 Con: 0.202 Cls: 1.406 Recon: 0.0258 | Val F1: 0.3463 | 1.0s
  Early stopping at epoch 395
  Best Val F1: 0.3523 | Test F1: 0.3513
  Total training time: 383.7s (6.4 min)

======================================================================
  Val  Macro-F1: 0.3523
  Test Macro-F1: 0.3513
  Test Accuracy: 0.6129
  Time: 385.4s
======================================================================

  Results saved to: results/NESS_ogbn-arxiv_MCAR_0.8_20260723_095936
