/home/erfan/MATE/venv/lib/python3.13/site-packages/outdated/__init__.py:36: UserWarning: pkg_resources is deprecated as an API. See https://setuptools.pypa.io/en/latest/pkg_resources.html. The pkg_resources package is slated for removal as early as 2025-11-30. Refrain from using this package or pin to Setuptools<81.
  from pkg_resources import parse_version
/home/erfan/MATE/ogbn_benchmarks/data_loader.py:96: UserWarning: Sparse invariant checks are implicitly disabled. Memory errors (e.g. SEGFAULT) will occur when operating on a sparse tensor which violates the invariants, but checks incur performance overhead. To silence this warning, explicitly opt in or out. See `torch.sparse.check_sparse_tensor_invariants.__doc__` for guidance.  (Triggered internally at /pytorch/aten/src/ATen/Context.cpp:760.)
  adj = torch.sparse_coo_tensor(edge_index, vals, (num_nodes, num_nodes)).coalesce()
======================================================================
  NESS | ogbn-arxiv | MCAR @ 80% | lr=0.001
======================================================================
[1/3] Loading ogbn-arxiv...
  169,343 nodes | 128 dims | 40 classes
[2/3] Simulating MCAR missingness...
Simulating MCAR missingness at 80% rate...
  MCAR: Uniform random selection
  Observable: 33,869 (20.0%)
  Masked: 135,474 (80.0%)
  Observable: 33,869 | Val: 67,737 | Test: 67,737
[3/3] Running NESS...
  Prefilling missing nodes via Feature Propagation (40 iters)...
  Computing SSL targets (neighborhood stats + centroid, 2-hop)...
✓ Using FAST vectorized SSL computation (torch_scatter available)
  Computing 2-hop neighborhood targets (FAST vectorized)...
    ✓ k-hop targets computed (5,890 nodes had no observable within 2 hops)
  Partitioning graph into 20 clusters (cache_device=gpu)...
  Cached 20 clusters
  Training NESS for up to 800 epochs (patience=20)...
  Epoch 1/800 | Total: 4.818 Edge: 0.677 Con: 0.617 Cls: 3.519 Stats: 0.0058 | 1.2s
  Epoch 2/800 | Total: 4.231 Edge: 0.615 Con: 0.449 Cls: 3.164 Stats: 0.0024 | 0.8s
  Epoch 3/800 | Total: 4.050 Edge: 0.594 Con: 0.389 Cls: 3.065 Stats: 0.0018 | 1.0s
  Epoch 4/800 | Total: 3.901 Edge: 0.581 Con: 0.354 Cls: 2.965 Stats: 0.0016 | 0.8s
  Epoch 5/800 | Total: 3.805 Edge: 0.572 Con: 0.333 Cls: 2.899 Stats: 0.0016 | Val F1: 0.0260 | 0.8s
  Epoch 6/800 | Total: 3.696 Edge: 0.571 Con: 0.315 Cls: 2.808 Stats: 0.0016 | 0.8s
  Epoch 7/800 | Total: 3.535 Edge: 0.569 Con: 0.302 Cls: 2.662 Stats: 0.0015 | 0.8s
  Epoch 8/800 | Total: 3.393 Edge: 0.553 Con: 0.292 Cls: 2.546 Stats: 0.0015 | 0.9s
  Epoch 9/800 | Total: 3.268 Edge: 0.552 Con: 0.284 Cls: 2.430 Stats: 0.0015 | 0.8s
  Epoch 10/800 | Total: 3.189 Edge: 0.555 Con: 0.273 Cls: 2.359 Stats: 0.0015 | Val F1: 0.0721 | 0.9s
  Epoch 11/800 | Total: 3.074 Edge: 0.532 Con: 0.270 Cls: 2.269 Stats: 0.0015 | 0.8s
  Epoch 12/800 | Total: 3.121 Edge: 0.535 Con: 0.266 Cls: 2.319 Stats: 0.0015 | 0.8s
  Epoch 13/800 | Total: 3.093 Edge: 0.541 Con: 0.261 Cls: 2.289 Stats: 0.0020 | 0.9s
  Epoch 14/800 | Total: 2.923 Edge: 0.518 Con: 0.255 Cls: 2.148 Stats: 0.0015 | 0.8s
  Epoch 15/800 | Total: 2.870 Edge: 0.505 Con: 0.252 Cls: 2.111 Stats: 0.0014 | Val F1: 0.1200 | 0.9s
  Epoch 16/800 | Total: 2.826 Edge: 0.505 Con: 0.251 Cls: 2.070 Stats: 0.0013 | 0.9s
  Epoch 17/800 | Total: 2.860 Edge: 0.502 Con: 0.253 Cls: 2.103 Stats: 0.0014 | 0.9s
  Epoch 18/800 | Total: 2.775 Edge: 0.496 Con: 0.245 Cls: 2.033 Stats: 0.0014 | 1.0s
  Epoch 19/800 | Total: 2.744 Edge: 0.497 Con: 0.246 Cls: 2.000 Stats: 0.0014 | 0.9s
  Epoch 20/800 | Total: 2.743 Edge: 0.497 Con: 0.245 Cls: 2.000 Stats: 0.0014 | Val F1: 0.1443 | 0.8s
  Epoch 21/800 | Total: 2.703 Edge: 0.495 Con: 0.242 Cls: 1.964 Stats: 0.0013 | 0.9s
  Epoch 22/800 | Total: 2.737 Edge: 0.493 Con: 0.245 Cls: 1.998 Stats: 0.0013 | 0.8s
  Epoch 23/800 | Total: 2.733 Edge: 0.491 Con: 0.245 Cls: 1.997 Stats: 0.0014 | 0.7s
  Epoch 24/800 | Total: 2.729 Edge: 0.486 Con: 0.244 Cls: 1.998 Stats: 0.0014 | 0.8s
  Epoch 25/800 | Total: 2.671 Edge: 0.485 Con: 0.242 Cls: 1.942 Stats: 0.0014 | Val F1: 0.1572 | 0.9s
  Epoch 26/800 | Total: 2.626 Edge: 0.480 Con: 0.241 Cls: 1.903 Stats: 0.0014 | 0.9s
  Epoch 27/800 | Total: 2.613 Edge: 0.483 Con: 0.240 Cls: 1.889 Stats: 0.0013 | 0.9s
  Epoch 28/800 | Total: 2.594 Edge: 0.478 Con: 0.237 Cls: 1.878 Stats: 0.0013 | 0.8s
  Epoch 29/800 | Total: 2.579 Edge: 0.473 Con: 0.235 Cls: 1.870 Stats: 0.0013 | 0.8s
  Epoch 30/800 | Total: 2.587 Edge: 0.470 Con: 0.234 Cls: 1.881 Stats: 0.0013 | Val F1: 0.1813 | 0.8s
  Epoch 31/800 | Total: 2.589 Edge: 0.474 Con: 0.240 Cls: 1.874 Stats: 0.0013 | 0.9s
  Epoch 32/800 | Total: 2.562 Edge: 0.467 Con: 0.234 Cls: 1.859 Stats: 0.0013 | 1.1s
  Epoch 33/800 | Total: 2.582 Edge: 0.467 Con: 0.232 Cls: 1.881 Stats: 0.0013 | 0.8s
  Epoch 34/800 | Total: 2.530 Edge: 0.459 Con: 0.230 Cls: 1.840 Stats: 0.0013 | 0.7s
  Epoch 35/800 | Total: 2.516 Edge: 0.463 Con: 0.231 Cls: 1.822 Stats: 0.0013 | Val F1: 0.1884 | 0.8s
  Epoch 36/800 | Total: 2.483 Edge: 0.463 Con: 0.232 Cls: 1.787 Stats: 0.0013 | 0.9s
  Epoch 37/800 | Total: 2.459 Edge: 0.456 Con: 0.229 Cls: 1.773 Stats: 0.0013 | 0.8s
  Epoch 38/800 | Total: 2.505 Edge: 0.456 Con: 0.233 Cls: 1.814 Stats: 0.0013 | 0.8s
  Epoch 39/800 | Total: 2.507 Edge: 0.458 Con: 0.230 Cls: 1.818 Stats: 0.0013 | 0.8s
  Epoch 40/800 | Total: 2.448 Edge: 0.450 Con: 0.230 Cls: 1.767 Stats: 0.0013 | Val F1: 0.2056 | 0.8s
  Epoch 41/800 | Total: 2.433 Edge: 0.450 Con: 0.229 Cls: 1.753 Stats: 0.0013 | 0.9s
  Epoch 42/800 | Total: 2.424 Edge: 0.445 Con: 0.228 Cls: 1.750 Stats: 0.0013 | 0.9s
  Epoch 43/800 | Total: 2.416 Edge: 0.445 Con: 0.228 Cls: 1.742 Stats: 0.0013 | 0.8s
  Epoch 44/800 | Total: 2.412 Edge: 0.445 Con: 0.226 Cls: 1.741 Stats: 0.0013 | 0.8s
  Epoch 45/800 | Total: 2.420 Edge: 0.449 Con: 0.228 Cls: 1.742 Stats: 0.0013 | Val F1: 0.2146 | 0.8s
  Epoch 46/800 | Total: 2.418 Edge: 0.445 Con: 0.228 Cls: 1.744 Stats: 0.0013 | 0.9s
  Epoch 47/800 | Total: 2.390 Edge: 0.445 Con: 0.227 Cls: 1.717 Stats: 0.0013 | 0.9s
  Epoch 48/800 | Total: 2.383 Edge: 0.442 Con: 0.226 Cls: 1.714 Stats: 0.0013 | 0.9s
  Epoch 49/800 | Total: 2.387 Edge: 0.443 Con: 0.226 Cls: 1.716 Stats: 0.0014 | 0.9s
  Epoch 50/800 | Total: 2.393 Edge: 0.442 Con: 0.230 Cls: 1.719 Stats: 0.0014 | Val F1: 0.2195 | 0.8s
  Epoch 51/800 | Total: 2.402 Edge: 0.443 Con: 0.226 Cls: 1.731 Stats: 0.0014 | 0.8s
  Epoch 52/800 | Total: 2.368 Edge: 0.442 Con: 0.226 Cls: 1.698 Stats: 0.0013 | 0.9s
  Epoch 53/800 | Total: 2.360 Edge: 0.442 Con: 0.225 Cls: 1.691 Stats: 0.0014 | 0.9s
  Epoch 54/800 | Total: 2.364 Edge: 0.440 Con: 0.223 Cls: 1.699 Stats: 0.0014 | 0.9s
  Epoch 55/800 | Total: 2.351 Edge: 0.444 Con: 0.225 Cls: 1.681 Stats: 0.0013 | Val F1: 0.2303 | 0.9s
  Epoch 56/800 | Total: 2.353 Edge: 0.441 Con: 0.226 Cls: 1.685 Stats: 0.0013 | 1.0s
  Epoch 57/800 | Total: 2.312 Edge: 0.434 Con: 0.225 Cls: 1.652 Stats: 0.0013 | 0.9s
  Epoch 58/800 | Total: 2.318 Edge: 0.438 Con: 0.226 Cls: 1.653 Stats: 0.0013 | 1.0s
  Epoch 59/800 | Total: 2.316 Edge: 0.434 Con: 0.223 Cls: 1.657 Stats: 0.0013 | 0.8s
  Epoch 60/800 | Total: 2.310 Edge: 0.433 Con: 0.223 Cls: 1.653 Stats: 0.0013 | Val F1: 0.2371 | 0.8s
  Epoch 61/800 | Total: 2.293 Edge: 0.426 Con: 0.223 Cls: 1.642 Stats: 0.0013 | 0.8s
  Epoch 62/800 | Total: 2.305 Edge: 0.426 Con: 0.223 Cls: 1.654 Stats: 0.0013 | 0.8s
  Epoch 63/800 | Total: 2.307 Edge: 0.432 Con: 0.221 Cls: 1.652 Stats: 0.0013 | 0.8s
  Epoch 64/800 | Total: 2.300 Edge: 0.433 Con: 0.224 Cls: 1.642 Stats: 0.0013 | 0.9s
  Epoch 65/800 | Total: 2.273 Edge: 0.429 Con: 0.222 Cls: 1.621 Stats: 0.0013 | Val F1: 0.2413 | 0.8s
  Epoch 66/800 | Total: 2.279 Edge: 0.423 Con: 0.223 Cls: 1.632 Stats: 0.0013 | 0.9s
  Epoch 67/800 | Total: 2.313 Edge: 0.424 Con: 0.221 Cls: 1.667 Stats: 0.0013 | 0.9s
  Epoch 68/800 | Total: 2.302 Edge: 0.424 Con: 0.220 Cls: 1.656 Stats: 0.0013 | 1.0s
  Epoch 69/800 | Total: 2.297 Edge: 0.426 Con: 0.224 Cls: 1.646 Stats: 0.0014 | 0.8s
  Epoch 70/800 | Total: 2.277 Edge: 0.429 Con: 0.223 Cls: 1.623 Stats: 0.0013 | Val F1: 0.2494 | 1.0s
  Epoch 71/800 | Total: 2.270 Edge: 0.420 Con: 0.220 Cls: 1.628 Stats: 0.0013 | 0.9s
  Epoch 72/800 | Total: 2.267 Edge: 0.425 Con: 0.223 Cls: 1.617 Stats: 0.0013 | 0.8s
  Epoch 73/800 | Total: 2.278 Edge: 0.421 Con: 0.222 Cls: 1.634 Stats: 0.0013 | 1.0s
  Epoch 74/800 | Total: 2.246 Edge: 0.419 Con: 0.219 Cls: 1.607 Stats: 0.0013 | 1.0s
  Epoch 75/800 | Total: 2.263 Edge: 0.418 Con: 0.220 Cls: 1.624 Stats: 0.0013 | Val F1: 0.2438 | 0.8s
  Epoch 76/800 | Total: 2.256 Edge: 0.416 Con: 0.219 Cls: 1.620 Stats: 0.0013 | 0.9s
  Epoch 77/800 | Total: 2.232 Edge: 0.416 Con: 0.218 Cls: 1.597 Stats: 0.0013 | 0.9s
  Epoch 78/800 | Total: 2.232 Edge: 0.411 Con: 0.220 Cls: 1.600 Stats: 0.0013 | 0.8s
  Epoch 79/800 | Total: 2.246 Edge: 0.414 Con: 0.221 Cls: 1.609 Stats: 0.0013 | 0.8s
  Epoch 80/800 | Total: 2.297 Edge: 0.420 Con: 0.221 Cls: 1.654 Stats: 0.0013 | Val F1: 0.2609 | 0.8s
  Epoch 81/800 | Total: 2.284 Edge: 0.424 Con: 0.223 Cls: 1.635 Stats: 0.0013 | 0.8s
  Epoch 82/800 | Total: 2.272 Edge: 0.424 Con: 0.222 Cls: 1.625 Stats: 0.0013 | 0.8s
  Epoch 83/800 | Total: 2.240 Edge: 0.425 Con: 0.220 Cls: 1.593 Stats: 0.0013 | 1.1s
  Epoch 84/800 | Total: 2.255 Edge: 0.419 Con: 0.220 Cls: 1.615 Stats: 0.0013 | 0.8s
  Epoch 85/800 | Total: 2.229 Edge: 0.416 Con: 0.218 Cls: 1.593 Stats: 0.0014 | Val F1: 0.2584 | 0.9s
  Epoch 86/800 | Total: 2.232 Edge: 0.414 Con: 0.218 Cls: 1.598 Stats: 0.0013 | 1.0s
  Epoch 87/800 | Total: 2.232 Edge: 0.417 Con: 0.219 Cls: 1.595 Stats: 0.0013 | 0.9s
  Epoch 88/800 | Total: 2.259 Edge: 0.424 Con: 0.221 Cls: 1.613 Stats: 0.0013 | 0.9s
  Epoch 89/800 | Total: 2.249 Edge: 0.425 Con: 0.219 Cls: 1.603 Stats: 0.0013 | 0.8s
  Epoch 90/800 | Total: 2.242 Edge: 0.424 Con: 0.222 Cls: 1.594 Stats: 0.0013 | Val F1: 0.2551 | 0.9s
  Epoch 91/800 | Total: 2.255 Edge: 0.413 Con: 0.219 Cls: 1.621 Stats: 0.0013 | 0.9s
  Epoch 92/800 | Total: 2.213 Edge: 0.412 Con: 0.217 Cls: 1.582 Stats: 0.0013 | 0.9s
  Epoch 93/800 | Total: 2.214 Edge: 0.408 Con: 0.219 Cls: 1.586 Stats: 0.0013 | 0.8s
  Epoch 94/800 | Total: 2.227 Edge: 0.408 Con: 0.218 Cls: 1.599 Stats: 0.0013 | 0.8s
  Epoch 95/800 | Total: 2.216 Edge: 0.408 Con: 0.217 Cls: 1.591 Stats: 0.0013 | Val F1: 0.2652 | 0.8s
  Epoch 96/800 | Total: 2.211 Edge: 0.409 Con: 0.219 Cls: 1.581 Stats: 0.0013 | 0.8s
  Epoch 97/800 | Total: 2.197 Edge: 0.405 Con: 0.217 Cls: 1.573 Stats: 0.0013 | 0.8s
  Epoch 98/800 | Total: 2.187 Edge: 0.405 Con: 0.217 Cls: 1.564 Stats: 0.0013 | 1.0s
  Epoch 99/800 | Total: 2.193 Edge: 0.406 Con: 0.218 Cls: 1.567 Stats: 0.0013 | 0.7s
  Epoch 100/800 | Total: 2.211 Edge: 0.414 Con: 0.220 Cls: 1.575 Stats: 0.0013 | Val F1: 0.2464 | 0.8s
  Epoch 101/800 | Total: 2.213 Edge: 0.414 Con: 0.219 Cls: 1.579 Stats: 0.0013 | 0.8s
  Epoch 102/800 | Total: 2.243 Edge: 0.411 Con: 0.218 Cls: 1.613 Stats: 0.0013 | 0.9s
  Epoch 103/800 | Total: 2.192 Edge: 0.408 Con: 0.218 Cls: 1.565 Stats: 0.0013 | 0.8s
  Epoch 104/800 | Total: 2.218 Edge: 0.407 Con: 0.219 Cls: 1.591 Stats: 0.0014 | 0.8s
  Epoch 105/800 | Total: 2.185 Edge: 0.404 Con: 0.216 Cls: 1.564 Stats: 0.0013 | Val F1: 0.2704 | 0.8s
  Epoch 106/800 | Total: 2.183 Edge: 0.402 Con: 0.215 Cls: 1.565 Stats: 0.0013 | 0.8s
  Epoch 107/800 | Total: 2.181 Edge: 0.407 Con: 0.216 Cls: 1.556 Stats: 0.0013 | 0.9s
  Epoch 108/800 | Total: 2.201 Edge: 0.407 Con: 0.214 Cls: 1.578 Stats: 0.0013 | 0.8s
  Epoch 109/800 | Total: 2.208 Edge: 0.403 Con: 0.217 Cls: 1.587 Stats: 0.0013 | 0.8s
  Epoch 110/800 | Total: 2.199 Edge: 0.411 Con: 0.217 Cls: 1.569 Stats: 0.0013 | Val F1: 0.2744 | 0.8s
  Epoch 111/800 | Total: 2.170 Edge: 0.411 Con: 0.215 Cls: 1.543 Stats: 0.0014 | 0.8s
  Epoch 112/800 | Total: 2.161 Edge: 0.406 Con: 0.216 Cls: 1.538 Stats: 0.0014 | 0.8s
  Epoch 113/800 | Total: 2.179 Edge: 0.408 Con: 0.218 Cls: 1.552 Stats: 0.0013 | 0.8s
  Epoch 114/800 | Total: 2.214 Edge: 0.405 Con: 0.219 Cls: 1.590 Stats: 0.0013 | 0.8s
  Epoch 115/800 | Total: 2.187 Edge: 0.399 Con: 0.216 Cls: 1.570 Stats: 0.0013 | Val F1: 0.2775 | 0.8s
  Epoch 116/800 | Total: 2.174 Edge: 0.403 Con: 0.219 Cls: 1.551 Stats: 0.0013 | 0.8s
  Epoch 117/800 | Total: 2.184 Edge: 0.399 Con: 0.218 Cls: 1.566 Stats: 0.0013 | 0.8s
  Epoch 118/800 | Total: 2.176 Edge: 0.396 Con: 0.216 Cls: 1.563 Stats: 0.0013 | 0.8s
  Epoch 119/800 | Total: 2.157 Edge: 0.398 Con: 0.215 Cls: 1.543 Stats: 0.0013 | 1.0s
  Epoch 120/800 | Total: 2.167 Edge: 0.401 Con: 0.215 Cls: 1.550 Stats: 0.0013 | Val F1: 0.2882 | 1.0s
  Epoch 121/800 | Total: 2.162 Edge: 0.400 Con: 0.216 Cls: 1.544 Stats: 0.0013 | 0.8s
  Epoch 122/800 | Total: 2.155 Edge: 0.401 Con: 0.215 Cls: 1.537 Stats: 0.0013 | 0.8s
  Epoch 123/800 | Total: 2.162 Edge: 0.405 Con: 0.215 Cls: 1.540 Stats: 0.0013 | 0.8s
  Epoch 124/800 | Total: 2.151 Edge: 0.400 Con: 0.216 Cls: 1.533 Stats: 0.0013 | 0.8s
  Epoch 125/800 | Total: 2.128 Edge: 0.397 Con: 0.214 Cls: 1.516 Stats: 0.0013 | Val F1: 0.2815 | 0.8s
  Epoch 126/800 | Total: 2.124 Edge: 0.398 Con: 0.214 Cls: 1.511 Stats: 0.0013 | 0.9s
  Epoch 127/800 | Total: 2.235 Edge: 0.400 Con: 0.218 Cls: 1.615 Stats: 0.0013 | 0.9s
  Epoch 128/800 | Total: 2.249 Edge: 0.398 Con: 0.220 Cls: 1.630 Stats: 0.0013 | 0.8s
  Epoch 129/800 | Total: 2.254 Edge: 0.400 Con: 0.217 Cls: 1.635 Stats: 0.0013 | 1.0s
  Epoch 130/800 | Total: 2.191 Edge: 0.400 Con: 0.219 Cls: 1.571 Stats: 0.0013 | Val F1: 0.2724 | 0.9s
  Epoch 131/800 | Total: 2.160 Edge: 0.398 Con: 0.214 Cls: 1.547 Stats: 0.0013 | 0.9s
  Epoch 132/800 | Total: 2.135 Edge: 0.394 Con: 0.215 Cls: 1.524 Stats: 0.0013 | 0.8s
  Epoch 133/800 | Total: 2.130 Edge: 0.397 Con: 0.215 Cls: 1.518 Stats: 0.0013 | 0.9s
  Epoch 134/800 | Total: 2.145 Edge: 0.393 Con: 0.213 Cls: 1.538 Stats: 0.0013 | 0.9s
  Epoch 135/800 | Total: 2.124 Edge: 0.394 Con: 0.216 Cls: 1.513 Stats: 0.0013 | Val F1: 0.2914 | 0.8s
  Epoch 136/800 | Total: 2.130 Edge: 0.394 Con: 0.216 Cls: 1.520 Stats: 0.0013 | 0.8s
  Epoch 137/800 | Total: 2.103 Edge: 0.394 Con: 0.213 Cls: 1.494 Stats: 0.0013 | 0.9s
  Epoch 138/800 | Total: 2.120 Edge: 0.391 Con: 0.215 Cls: 1.512 Stats: 0.0013 | 0.8s
  Epoch 139/800 | Total: 2.115 Edge: 0.391 Con: 0.214 Cls: 1.509 Stats: 0.0013 | 1.0s
  Epoch 140/800 | Total: 2.120 Edge: 0.391 Con: 0.213 Cls: 1.514 Stats: 0.0013 | Val F1: 0.2835 | 0.8s
  Epoch 141/800 | Total: 2.129 Edge: 0.390 Con: 0.212 Cls: 1.526 Stats: 0.0013 | 0.9s
  Epoch 142/800 | Total: 2.125 Edge: 0.393 Con: 0.214 Cls: 1.516 Stats: 0.0013 | 0.8s
  Epoch 143/800 | Total: 2.125 Edge: 0.393 Con: 0.214 Cls: 1.516 Stats: 0.0013 | 0.8s
  Epoch 144/800 | Total: 2.130 Edge: 0.397 Con: 0.213 Cls: 1.519 Stats: 0.0014 | 0.8s
  Epoch 145/800 | Total: 2.121 Edge: 0.395 Con: 0.214 Cls: 1.510 Stats: 0.0013 | Val F1: 0.2973 | 0.8s
  Epoch 146/800 | Total: 2.100 Edge: 0.396 Con: 0.213 Cls: 1.490 Stats: 0.0013 | 0.8s
  Epoch 147/800 | Total: 2.121 Edge: 0.400 Con: 0.214 Cls: 1.505 Stats: 0.0013 | 0.9s
  Epoch 148/800 | Total: 2.156 Edge: 0.395 Con: 0.216 Cls: 1.544 Stats: 0.0013 | 0.8s
  Epoch 149/800 | Total: 2.146 Edge: 0.397 Con: 0.215 Cls: 1.533 Stats: 0.0013 | 0.8s
  Epoch 150/800 | Total: 2.141 Edge: 0.393 Con: 0.217 Cls: 1.530 Stats: 0.0013 | Val F1: 0.2944 | 1.0s
  Epoch 151/800 | Total: 2.104 Edge: 0.389 Con: 0.213 Cls: 1.500 Stats: 0.0013 | 0.9s
  Epoch 152/800 | Total: 2.088 Edge: 0.387 Con: 0.213 Cls: 1.486 Stats: 0.0013 | 0.8s
  Epoch 153/800 | Total: 2.094 Edge: 0.389 Con: 0.212 Cls: 1.492 Stats: 0.0013 | 0.8s
  Epoch 154/800 | Total: 2.094 Edge: 0.387 Con: 0.212 Cls: 1.493 Stats: 0.0013 | 0.9s
  Epoch 155/800 | Total: 2.119 Edge: 0.392 Con: 0.213 Cls: 1.513 Stats: 0.0013 | Val F1: 0.2936 | 0.8s
  Epoch 156/800 | Total: 2.115 Edge: 0.389 Con: 0.213 Cls: 1.511 Stats: 0.0013 | 0.8s
  Epoch 157/800 | Total: 2.119 Edge: 0.391 Con: 0.215 Cls: 1.512 Stats: 0.0013 | 1.1s
  Epoch 158/800 | Total: 2.157 Edge: 0.394 Con: 0.214 Cls: 1.548 Stats: 0.0013 | 0.8s
  Epoch 159/800 | Total: 2.131 Edge: 0.390 Con: 0.213 Cls: 1.527 Stats: 0.0013 | 0.8s
  Epoch 160/800 | Total: 2.122 Edge: 0.390 Con: 0.214 Cls: 1.518 Stats: 0.0013 | Val F1: 0.2922 | 1.0s
  Epoch 161/800 | Total: 2.215 Edge: 0.396 Con: 0.215 Cls: 1.603 Stats: 0.0013 | 0.9s
  Epoch 162/800 | Total: 2.222 Edge: 0.399 Con: 0.217 Cls: 1.606 Stats: 0.0013 | 0.8s
  Epoch 163/800 | Total: 2.145 Edge: 0.396 Con: 0.213 Cls: 1.534 Stats: 0.0013 | 0.9s
  Epoch 164/800 | Total: 2.103 Edge: 0.392 Con: 0.214 Cls: 1.496 Stats: 0.0013 | 0.8s
  Epoch 165/800 | Total: 2.095 Edge: 0.391 Con: 0.214 Cls: 1.488 Stats: 0.0013 | Val F1: 0.2980 | 0.9s
  Epoch 166/800 | Total: 2.130 Edge: 0.389 Con: 0.215 Cls: 1.525 Stats: 0.0013 | 0.8s
  Epoch 167/800 | Total: 2.163 Edge: 0.386 Con: 0.214 Cls: 1.561 Stats: 0.0013 | 1.1s
  Epoch 168/800 | Total: 2.128 Edge: 0.391 Con: 0.213 Cls: 1.522 Stats: 0.0013 | 0.9s
  Epoch 169/800 | Total: 2.108 Edge: 0.391 Con: 0.212 Cls: 1.503 Stats: 0.0013 | 0.9s
  Epoch 170/800 | Total: 2.091 Edge: 0.385 Con: 0.212 Cls: 1.492 Stats: 0.0013 | Val F1: 0.3142 | 0.8s
  Epoch 171/800 | Total: 2.097 Edge: 0.388 Con: 0.213 Cls: 1.495 Stats: 0.0013 | 0.9s
  Epoch 172/800 | Total: 2.111 Edge: 0.389 Con: 0.214 Cls: 1.506 Stats: 0.0013 | 1.0s
  Epoch 173/800 | Total: 2.126 Edge: 0.388 Con: 0.213 Cls: 1.524 Stats: 0.0013 | 0.8s
  Epoch 174/800 | Total: 2.086 Edge: 0.389 Con: 0.213 Cls: 1.483 Stats: 0.0013 | 1.0s
  Epoch 175/800 | Total: 2.079 Edge: 0.386 Con: 0.213 Cls: 1.478 Stats: 0.0013 | Val F1: 0.3224 | 0.8s
  Epoch 176/800 | Total: 2.073 Edge: 0.394 Con: 0.212 Cls: 1.466 Stats: 0.0013 | 0.8s
  Epoch 177/800 | Total: 2.106 Edge: 0.405 Con: 0.213 Cls: 1.486 Stats: 0.0013 | 0.8s
  Epoch 178/800 | Total: 2.094 Edge: 0.393 Con: 0.212 Cls: 1.488 Stats: 0.0013 | 0.8s
  Epoch 179/800 | Total: 2.084 Edge: 0.392 Con: 0.211 Cls: 1.479 Stats: 0.0013 | 0.8s
  Epoch 180/800 | Total: 2.073 Edge: 0.390 Con: 0.212 Cls: 1.470 Stats: 0.0013 | Val F1: 0.3032 | 0.9s
  Epoch 181/800 | Total: 2.103 Edge: 0.395 Con: 0.213 Cls: 1.493 Stats: 0.0013 | 0.9s
  Epoch 182/800 | Total: 2.084 Edge: 0.388 Con: 0.213 Cls: 1.481 Stats: 0.0013 | 0.9s
  Epoch 183/800 | Total: 2.078 Edge: 0.387 Con: 0.212 Cls: 1.477 Stats: 0.0013 | 0.8s
  Epoch 184/800 | Total: 2.081 Edge: 0.390 Con: 0.213 Cls: 1.477 Stats: 0.0013 | 0.8s
  Epoch 185/800 | Total: 2.091 Edge: 0.389 Con: 0.212 Cls: 1.489 Stats: 0.0013 | Val F1: 0.2916 | 0.9s
  Epoch 186/800 | Total: 2.076 Edge: 0.385 Con: 0.212 Cls: 1.478 Stats: 0.0013 | 0.8s
  Epoch 187/800 | Total: 2.073 Edge: 0.382 Con: 0.213 Cls: 1.477 Stats: 0.0013 | 0.8s
  Epoch 188/800 | Total: 2.074 Edge: 0.384 Con: 0.211 Cls: 1.478 Stats: 0.0013 | 1.0s
  Epoch 189/800 | Total: 2.078 Edge: 0.382 Con: 0.212 Cls: 1.483 Stats: 0.0013 | 0.8s
  Epoch 190/800 | Total: 2.072 Edge: 0.380 Con: 0.209 Cls: 1.481 Stats: 0.0013 | Val F1: 0.3147 | 0.8s
  Epoch 191/800 | Total: 2.086 Edge: 0.385 Con: 0.212 Cls: 1.488 Stats: 0.0013 | 0.8s
  Epoch 192/800 | Total: 2.097 Edge: 0.386 Con: 0.213 Cls: 1.496 Stats: 0.0013 | 0.8s
  Epoch 193/800 | Total: 2.087 Edge: 0.383 Con: 0.211 Cls: 1.491 Stats: 0.0013 | 0.9s
  Epoch 194/800 | Total: 2.091 Edge: 0.382 Con: 0.213 Cls: 1.495 Stats: 0.0013 | 0.9s
  Epoch 195/800 | Total: 2.113 Edge: 0.384 Con: 0.212 Cls: 1.515 Stats: 0.0013 | Val F1: 0.2972 | 0.9s
  Epoch 196/800 | Total: 2.084 Edge: 0.386 Con: 0.215 Cls: 1.482 Stats: 0.0013 | 0.8s
  Epoch 197/800 | Total: 2.065 Edge: 0.381 Con: 0.210 Cls: 1.473 Stats: 0.0013 | 0.8s
  Epoch 198/800 | Total: 2.073 Edge: 0.384 Con: 0.211 Cls: 1.477 Stats: 0.0013 | 0.8s
  Epoch 199/800 | Total: 2.084 Edge: 0.382 Con: 0.209 Cls: 1.492 Stats: 0.0013 | 0.8s
  Epoch 200/800 | Total: 2.068 Edge: 0.383 Con: 0.211 Cls: 1.472 Stats: 0.0013 | Val F1: 0.3180 | 0.8s
  Epoch 201/800 | Total: 2.081 Edge: 0.385 Con: 0.213 Cls: 1.481 Stats: 0.0013 | 0.8s
  Epoch 202/800 | Total: 2.087 Edge: 0.384 Con: 0.212 Cls: 1.489 Stats: 0.0013 | 0.9s
  Epoch 203/800 | Total: 2.055 Edge: 0.386 Con: 0.209 Cls: 1.458 Stats: 0.0013 | 1.1s
  Epoch 204/800 | Total: 2.084 Edge: 0.382 Con: 0.211 Cls: 1.490 Stats: 0.0013 | 0.9s
  Epoch 205/800 | Total: 2.088 Edge: 0.381 Con: 0.212 Cls: 1.493 Stats: 0.0013 | Val F1: 0.3025 | 0.9s
  Epoch 206/800 | Total: 2.111 Edge: 0.386 Con: 0.213 Cls: 1.511 Stats: 0.0013 | 0.9s
  Epoch 207/800 | Total: 2.081 Edge: 0.386 Con: 0.211 Cls: 1.483 Stats: 0.0013 | 0.9s
  Epoch 208/800 | Total: 2.064 Edge: 0.381 Con: 0.210 Cls: 1.472 Stats: 0.0013 | 0.8s
  Epoch 209/800 | Total: 2.066 Edge: 0.382 Con: 0.211 Cls: 1.472 Stats: 0.0013 | 0.8s
  Epoch 210/800 | Total: 2.057 Edge: 0.379 Con: 0.212 Cls: 1.465 Stats: 0.0013 | Val F1: 0.3126 | 0.8s
  Epoch 211/800 | Total: 2.061 Edge: 0.380 Con: 0.211 Cls: 1.469 Stats: 0.0013 | 0.8s
  Epoch 212/800 | Total: 2.075 Edge: 0.381 Con: 0.211 Cls: 1.482 Stats: 0.0013 | 0.8s
  Epoch 213/800 | Total: 2.044 Edge: 0.379 Con: 0.210 Cls: 1.453 Stats: 0.0013 | 0.8s
  Epoch 214/800 | Total: 2.051 Edge: 0.385 Con: 0.211 Cls: 1.453 Stats: 0.0013 | 0.8s
  Epoch 215/800 | Total: 2.094 Edge: 0.396 Con: 0.211 Cls: 1.486 Stats: 0.0013 | Val F1: 0.3283 | 0.8s
  Epoch 216/800 | Total: 2.056 Edge: 0.386 Con: 0.211 Cls: 1.457 Stats: 0.0013 | 0.8s
  Epoch 217/800 | Total: 2.116 Edge: 0.388 Con: 0.209 Cls: 1.519 Stats: 0.0013 | 0.8s
  Epoch 218/800 | Total: 2.094 Edge: 0.381 Con: 0.211 Cls: 1.500 Stats: 0.0013 | 0.9s
  Epoch 219/800 | Total: 2.077 Edge: 0.379 Con: 0.211 Cls: 1.487 Stats: 0.0013 | 0.9s
  Epoch 220/800 | Total: 2.095 Edge: 0.379 Con: 0.212 Cls: 1.503 Stats: 0.0013 | Val F1: 0.3182 | 0.9s
  Epoch 221/800 | Total: 2.067 Edge: 0.377 Con: 0.211 Cls: 1.477 Stats: 0.0013 | 0.8s
  Epoch 222/800 | Total: 2.056 Edge: 0.377 Con: 0.211 Cls: 1.467 Stats: 0.0013 | 0.8s
  Epoch 223/800 | Total: 2.049 Edge: 0.377 Con: 0.209 Cls: 1.462 Stats: 0.0013 | 0.8s
  Epoch 224/800 | Total: 2.054 Edge: 0.377 Con: 0.211 Cls: 1.465 Stats: 0.0013 | 0.8s
  Epoch 225/800 | Total: 2.034 Edge: 0.376 Con: 0.209 Cls: 1.448 Stats: 0.0013 | Val F1: 0.3262 | 0.9s
  Epoch 226/800 | Total: 2.060 Edge: 0.379 Con: 0.210 Cls: 1.470 Stats: 0.0013 | 0.8s
  Epoch 227/800 | Total: 2.080 Edge: 0.384 Con: 0.211 Cls: 1.483 Stats: 0.0013 | 0.8s
  Epoch 228/800 | Total: 2.085 Edge: 0.389 Con: 0.210 Cls: 1.484 Stats: 0.0013 | 0.8s
  Epoch 229/800 | Total: 2.081 Edge: 0.387 Con: 0.211 Cls: 1.482 Stats: 0.0013 | 0.8s
  Epoch 230/800 | Total: 2.071 Edge: 0.384 Con: 0.215 Cls: 1.471 Stats: 0.0013 | Val F1: 0.3210 | 0.8s
  Epoch 231/800 | Total: 2.091 Edge: 0.386 Con: 0.214 Cls: 1.489 Stats: 0.0013 | 0.8s
  Epoch 232/800 | Total: 2.089 Edge: 0.387 Con: 0.210 Cls: 1.491 Stats: 0.0013 | 0.8s
  Epoch 233/800 | Total: 2.050 Edge: 0.379 Con: 0.209 Cls: 1.461 Stats: 0.0013 | 0.8s
  Epoch 234/800 | Total: 2.049 Edge: 0.379 Con: 0.208 Cls: 1.461 Stats: 0.0013 | 0.8s
  Epoch 235/800 | Total: 2.088 Edge: 0.376 Con: 0.210 Cls: 1.501 Stats: 0.0013 | Val F1: 0.3273 | 0.8s
  Epoch 236/800 | Total: 2.077 Edge: 0.383 Con: 0.212 Cls: 1.481 Stats: 0.0013 | 0.9s
  Epoch 237/800 | Total: 2.083 Edge: 0.383 Con: 0.210 Cls: 1.489 Stats: 0.0013 | 0.8s
  Epoch 238/800 | Total: 2.157 Edge: 0.381 Con: 0.213 Cls: 1.561 Stats: 0.0013 | 0.9s
  Epoch 239/800 | Total: 2.162 Edge: 0.383 Con: 0.213 Cls: 1.565 Stats: 0.0013 | 0.8s
  Epoch 240/800 | Total: 2.114 Edge: 0.383 Con: 0.210 Cls: 1.519 Stats: 0.0013 | Val F1: 0.3006 | 0.8s
  Epoch 241/800 | Total: 2.105 Edge: 0.400 Con: 0.212 Cls: 1.493 Stats: 0.0013 | 0.8s
  Epoch 242/800 | Total: 2.074 Edge: 0.399 Con: 0.211 Cls: 1.463 Stats: 0.0013 | 0.8s
  Epoch 243/800 | Total: 2.058 Edge: 0.385 Con: 0.210 Cls: 1.462 Stats: 0.0013 | 0.9s
  Epoch 244/800 | Total: 2.072 Edge: 0.382 Con: 0.212 Cls: 1.476 Stats: 0.0013 | 1.0s
  Epoch 245/800 | Total: 2.045 Edge: 0.379 Con: 0.208 Cls: 1.457 Stats: 0.0013 | Val F1: 0.3291 | 1.0s
  Epoch 246/800 | Total: 2.030 Edge: 0.377 Con: 0.209 Cls: 1.443 Stats: 0.0013 | 0.8s
  Epoch 247/800 | Total: 2.027 Edge: 0.373 Con: 0.208 Cls: 1.444 Stats: 0.0013 | 0.8s
  Epoch 248/800 | Total: 2.045 Edge: 0.377 Con: 0.209 Cls: 1.457 Stats: 0.0013 | 0.9s
  Epoch 249/800 | Total: 2.035 Edge: 0.374 Con: 0.210 Cls: 1.450 Stats: 0.0013 | 1.0s
  Epoch 250/800 | Total: 2.050 Edge: 0.375 Con: 0.207 Cls: 1.466 Stats: 0.0013 | Val F1: 0.3168 | 0.8s
  Epoch 251/800 | Total: 2.036 Edge: 0.373 Con: 0.210 Cls: 1.452 Stats: 0.0013 | 0.9s
  Epoch 252/800 | Total: 2.046 Edge: 0.377 Con: 0.208 Cls: 1.459 Stats: 0.0013 | 0.8s
  Epoch 253/800 | Total: 2.046 Edge: 0.376 Con: 0.207 Cls: 1.462 Stats: 0.0013 | 0.9s
  Epoch 254/800 | Total: 2.041 Edge: 0.375 Con: 0.209 Cls: 1.456 Stats: 0.0013 | 0.8s
  Epoch 255/800 | Total: 2.031 Edge: 0.373 Con: 0.211 Cls: 1.446 Stats: 0.0013 | Val F1: 0.3364 | 0.9s
  Epoch 256/800 | Total: 2.032 Edge: 0.374 Con: 0.209 Cls: 1.449 Stats: 0.0013 | 0.9s
  Epoch 257/800 | Total: 2.058 Edge: 0.376 Con: 0.208 Cls: 1.474 Stats: 0.0013 | 0.8s
  Epoch 258/800 | Total: 2.069 Edge: 0.376 Con: 0.211 Cls: 1.481 Stats: 0.0013 | 0.9s
  Epoch 259/800 | Total: 2.049 Edge: 0.384 Con: 0.210 Cls: 1.454 Stats: 0.0013 | 0.8s
  Epoch 260/800 | Total: 2.044 Edge: 0.379 Con: 0.208 Cls: 1.456 Stats: 0.0013 | Val F1: 0.3241 | 0.9s
  Epoch 261/800 | Total: 2.055 Edge: 0.378 Con: 0.207 Cls: 1.469 Stats: 0.0013 | 0.8s
  Epoch 262/800 | Total: 2.038 Edge: 0.377 Con: 0.208 Cls: 1.452 Stats: 0.0013 | 0.8s
  Epoch 263/800 | Total: 2.045 Edge: 0.379 Con: 0.208 Cls: 1.457 Stats: 0.0013 | 0.8s
  Epoch 264/800 | Total: 2.034 Edge: 0.377 Con: 0.209 Cls: 1.447 Stats: 0.0013 | 0.8s
  Epoch 265/800 | Total: 2.058 Edge: 0.380 Con: 0.208 Cls: 1.469 Stats: 0.0013 | Val F1: 0.3286 | 1.0s
  Epoch 266/800 | Total: 2.032 Edge: 0.383 Con: 0.209 Cls: 1.439 Stats: 0.0013 | 0.8s
  Epoch 267/800 | Total: 2.056 Edge: 0.378 Con: 0.210 Cls: 1.467 Stats: 0.0013 | 0.8s
  Epoch 268/800 | Total: 2.035 Edge: 0.375 Con: 0.208 Cls: 1.452 Stats: 0.0013 | 0.8s
  Epoch 269/800 | Total: 2.042 Edge: 0.374 Con: 0.207 Cls: 1.460 Stats: 0.0013 | 0.8s
  Epoch 270/800 | Total: 2.034 Edge: 0.372 Con: 0.208 Cls: 1.453 Stats: 0.0013 | Val F1: 0.3186 | 0.8s
  Epoch 271/800 | Total: 2.035 Edge: 0.371 Con: 0.208 Cls: 1.454 Stats: 0.0013 | 0.8s
  Epoch 272/800 | Total: 2.014 Edge: 0.374 Con: 0.209 Cls: 1.430 Stats: 0.0013 | 0.8s
  Epoch 273/800 | Total: 2.073 Edge: 0.379 Con: 0.210 Cls: 1.483 Stats: 0.0013 | 0.8s
  Epoch 274/800 | Total: 2.066 Edge: 0.377 Con: 0.208 Cls: 1.480 Stats: 0.0013 | 0.8s
  Epoch 275/800 | Total: 2.064 Edge: 0.382 Con: 0.209 Cls: 1.472 Stats: 0.0013 | Val F1: 0.3362 | 0.8s
  Epoch 276/800 | Total: 2.048 Edge: 0.379 Con: 0.209 Cls: 1.459 Stats: 0.0013 | 0.9s
  Epoch 277/800 | Total: 2.049 Edge: 0.381 Con: 0.210 Cls: 1.457 Stats: 0.0013 | 0.8s
  Epoch 278/800 | Total: 2.022 Edge: 0.375 Con: 0.208 Cls: 1.438 Stats: 0.0013 | 0.7s
  Epoch 279/800 | Total: 2.015 Edge: 0.374 Con: 0.205 Cls: 1.434 Stats: 0.0013 | 1.0s
  Epoch 280/800 | Total: 2.011 Edge: 0.371 Con: 0.208 Cls: 1.431 Stats: 0.0013 | Val F1: 0.3248 | 0.9s
  Epoch 281/800 | Total: 2.051 Edge: 0.369 Con: 0.206 Cls: 1.474 Stats: 0.0013 | 0.8s
  Epoch 282/800 | Total: 2.033 Edge: 0.373 Con: 0.207 Cls: 1.452 Stats: 0.0013 | 0.8s
  Epoch 283/800 | Total: 2.034 Edge: 0.375 Con: 0.207 Cls: 1.451 Stats: 0.0013 | 0.8s
  Epoch 284/800 | Total: 2.023 Edge: 0.376 Con: 0.208 Cls: 1.437 Stats: 0.0013 | 0.8s
  Epoch 285/800 | Total: 2.026 Edge: 0.377 Con: 0.208 Cls: 1.439 Stats: 0.0013 | Val F1: 0.3198 | 1.0s
  Epoch 286/800 | Total: 2.034 Edge: 0.375 Con: 0.207 Cls: 1.452 Stats: 0.0013 | 0.7s
  Epoch 287/800 | Total: 2.021 Edge: 0.374 Con: 0.207 Cls: 1.438 Stats: 0.0013 | 0.7s
  Epoch 288/800 | Total: 2.016 Edge: 0.371 Con: 0.207 Cls: 1.436 Stats: 0.0013 | 0.9s
  Epoch 289/800 | Total: 2.018 Edge: 0.370 Con: 0.208 Cls: 1.438 Stats: 0.0013 | 0.9s
  Epoch 290/800 | Total: 2.017 Edge: 0.372 Con: 0.205 Cls: 1.438 Stats: 0.0013 | Val F1: 0.3361 | 0.9s
  Epoch 291/800 | Total: 2.041 Edge: 0.375 Con: 0.208 Cls: 1.458 Stats: 0.0013 | 0.8s
  Epoch 292/800 | Total: 2.041 Edge: 0.376 Con: 0.209 Cls: 1.455 Stats: 0.0013 | 0.8s
  Epoch 293/800 | Total: 2.064 Edge: 0.379 Con: 0.209 Cls: 1.475 Stats: 0.0013 | 0.7s
  Epoch 294/800 | Total: 2.021 Edge: 0.376 Con: 0.209 Cls: 1.435 Stats: 0.0013 | 0.8s
  Epoch 295/800 | Total: 2.014 Edge: 0.371 Con: 0.206 Cls: 1.436 Stats: 0.0013 | Val F1: 0.3477 | 0.7s
  Epoch 296/800 | Total: 2.003 Edge: 0.371 Con: 0.209 Cls: 1.422 Stats: 0.0013 | 0.9s
  Epoch 297/800 | Total: 2.051 Edge: 0.374 Con: 0.206 Cls: 1.470 Stats: 0.0013 | 0.9s
  Epoch 298/800 | Total: 2.029 Edge: 0.374 Con: 0.208 Cls: 1.446 Stats: 0.0013 | 0.8s
  Epoch 299/800 | Total: 2.017 Edge: 0.377 Con: 0.206 Cls: 1.433 Stats: 0.0013 | 0.8s
  Epoch 300/800 | Total: 2.032 Edge: 0.380 Con: 0.205 Cls: 1.446 Stats: 0.0013 | Val F1: 0.3338 | 0.8s
  Epoch 301/800 | Total: 2.030 Edge: 0.381 Con: 0.204 Cls: 1.443 Stats: 0.0013 | 0.7s
  Epoch 302/800 | Total: 2.034 Edge: 0.375 Con: 0.208 Cls: 1.450 Stats: 0.0013 | 0.7s
  Epoch 303/800 | Total: 2.030 Edge: 0.373 Con: 0.206 Cls: 1.450 Stats: 0.0013 | 0.7s
  Epoch 304/800 | Total: 2.053 Edge: 0.381 Con: 0.206 Cls: 1.465 Stats: 0.0013 | 0.9s
  Epoch 305/800 | Total: 2.046 Edge: 0.374 Con: 0.208 Cls: 1.463 Stats: 0.0013 | Val F1: 0.3380 | 0.8s
  Epoch 306/800 | Total: 2.020 Edge: 0.370 Con: 0.205 Cls: 1.444 Stats: 0.0013 | 0.8s
  Epoch 307/800 | Total: 2.036 Edge: 0.370 Con: 0.206 Cls: 1.459 Stats: 0.0013 | 0.9s
  Epoch 308/800 | Total: 2.090 Edge: 0.378 Con: 0.209 Cls: 1.502 Stats: 0.0013 | 0.8s
  Epoch 309/800 | Total: 2.038 Edge: 0.378 Con: 0.207 Cls: 1.452 Stats: 0.0013 | 0.9s
  Epoch 310/800 | Total: 2.024 Edge: 0.376 Con: 0.205 Cls: 1.441 Stats: 0.0013 | Val F1: 0.3244 | 1.0s
  Epoch 311/800 | Total: 2.027 Edge: 0.377 Con: 0.206 Cls: 1.443 Stats: 0.0013 | 0.9s
  Epoch 312/800 | Total: 2.023 Edge: 0.373 Con: 0.207 Cls: 1.441 Stats: 0.0013 | 0.9s
  Epoch 313/800 | Total: 2.053 Edge: 0.385 Con: 0.208 Cls: 1.458 Stats: 0.0013 | 0.8s
  Epoch 314/800 | Total: 2.044 Edge: 0.379 Con: 0.207 Cls: 1.457 Stats: 0.0013 | 0.8s
  Epoch 315/800 | Total: 2.008 Edge: 0.372 Con: 0.206 Cls: 1.429 Stats: 0.0013 | Val F1: 0.3344 | 0.8s
  Epoch 316/800 | Total: 2.001 Edge: 0.366 Con: 0.203 Cls: 1.430 Stats: 0.0013 | 0.8s
  Epoch 317/800 | Total: 2.001 Edge: 0.367 Con: 0.204 Cls: 1.429 Stats: 0.0013 | 0.8s
  Epoch 318/800 | Total: 1.999 Edge: 0.368 Con: 0.206 Cls: 1.424 Stats: 0.0013 | 0.8s
  Epoch 319/800 | Total: 2.008 Edge: 0.367 Con: 0.204 Cls: 1.436 Stats: 0.0013 | 0.8s
  Epoch 320/800 | Total: 2.025 Edge: 0.370 Con: 0.207 Cls: 1.446 Stats: 0.0013 | Val F1: 0.3313 | 0.8s
  Epoch 321/800 | Total: 2.034 Edge: 0.371 Con: 0.207 Cls: 1.455 Stats: 0.0013 | 0.9s
  Epoch 322/800 | Total: 2.031 Edge: 0.371 Con: 0.206 Cls: 1.452 Stats: 0.0013 | 1.1s
  Epoch 323/800 | Total: 2.028 Edge: 0.372 Con: 0.206 Cls: 1.449 Stats: 0.0013 | 0.8s
  Epoch 324/800 | Total: 2.005 Edge: 0.368 Con: 0.204 Cls: 1.431 Stats: 0.0013 | 0.8s
  Epoch 325/800 | Total: 2.005 Edge: 0.368 Con: 0.206 Cls: 1.430 Stats: 0.0013 | Val F1: 0.3363 | 0.8s
  Epoch 326/800 | Total: 2.007 Edge: 0.371 Con: 0.206 Cls: 1.429 Stats: 0.0013 | 0.8s
  Epoch 327/800 | Total: 2.021 Edge: 0.375 Con: 0.207 Cls: 1.439 Stats: 0.0013 | 0.8s
  Epoch 328/800 | Total: 2.009 Edge: 0.373 Con: 0.206 Cls: 1.430 Stats: 0.0013 | 0.8s
  Epoch 329/800 | Total: 2.008 Edge: 0.369 Con: 0.205 Cls: 1.433 Stats: 0.0013 | 0.8s
  Epoch 330/800 | Total: 2.044 Edge: 0.367 Con: 0.205 Cls: 1.471 Stats: 0.0013 | Val F1: 0.3338 | 0.9s
  Epoch 331/800 | Total: 2.032 Edge: 0.371 Con: 0.205 Cls: 1.455 Stats: 0.0013 | 0.8s
  Epoch 332/800 | Total: 2.024 Edge: 0.376 Con: 0.206 Cls: 1.441 Stats: 0.0013 | 0.8s
  Epoch 333/800 | Total: 2.045 Edge: 0.370 Con: 0.207 Cls: 1.467 Stats: 0.0013 | 0.9s
  Epoch 334/800 | Total: 2.025 Edge: 0.373 Con: 0.206 Cls: 1.444 Stats: 0.0013 | 0.9s
  Epoch 335/800 | Total: 2.028 Edge: 0.372 Con: 0.205 Cls: 1.450 Stats: 0.0013 | Val F1: 0.3356 | 0.8s
  Epoch 336/800 | Total: 2.002 Edge: 0.371 Con: 0.206 Cls: 1.424 Stats: 0.0013 | 0.9s
  Epoch 337/800 | Total: 2.022 Edge: 0.366 Con: 0.205 Cls: 1.451 Stats: 0.0013 | 0.9s
  Epoch 338/800 | Total: 2.009 Edge: 0.369 Con: 0.204 Cls: 1.434 Stats: 0.0013 | 0.8s
  Epoch 339/800 | Total: 1.993 Edge: 0.375 Con: 0.203 Cls: 1.414 Stats: 0.0013 | 0.8s
  Epoch 340/800 | Total: 2.018 Edge: 0.376 Con: 0.205 Cls: 1.436 Stats: 0.0013 | Val F1: 0.3452 | 0.9s
  Epoch 341/800 | Total: 2.024 Edge: 0.371 Con: 0.208 Cls: 1.444 Stats: 0.0013 | 0.9s
  Epoch 342/800 | Total: 2.058 Edge: 0.369 Con: 0.207 Cls: 1.481 Stats: 0.0013 | 0.8s
  Epoch 343/800 | Total: 2.025 Edge: 0.371 Con: 0.206 Cls: 1.446 Stats: 0.0013 | 0.8s
  Epoch 344/800 | Total: 2.015 Edge: 0.366 Con: 0.205 Cls: 1.442 Stats: 0.0013 | 0.8s
  Epoch 345/800 | Total: 2.012 Edge: 0.365 Con: 0.204 Cls: 1.442 Stats: 0.0013 | Val F1: 0.3438 | 1.0s
  Epoch 346/800 | Total: 1.993 Edge: 0.367 Con: 0.204 Cls: 1.421 Stats: 0.0013 | 0.8s
  Epoch 347/800 | Total: 1.983 Edge: 0.371 Con: 0.205 Cls: 1.405 Stats: 0.0013 | 0.8s
  Epoch 348/800 | Total: 1.997 Edge: 0.367 Con: 0.205 Cls: 1.423 Stats: 0.0013 | 0.8s
  Epoch 349/800 | Total: 2.019 Edge: 0.368 Con: 0.207 Cls: 1.442 Stats: 0.0013 | 0.8s
  Epoch 350/800 | Total: 1.998 Edge: 0.368 Con: 0.205 Cls: 1.423 Stats: 0.0013 | Val F1: 0.3355 | 0.8s
  Epoch 351/800 | Total: 2.007 Edge: 0.369 Con: 0.205 Cls: 1.431 Stats: 0.0013 | 0.8s
  Epoch 352/800 | Total: 2.020 Edge: 0.376 Con: 0.208 Cls: 1.435 Stats: 0.0013 | 0.9s
  Epoch 353/800 | Total: 1.993 Edge: 0.366 Con: 0.204 Cls: 1.422 Stats: 0.0013 | 0.9s
  Epoch 354/800 | Total: 2.017 Edge: 0.368 Con: 0.205 Cls: 1.443 Stats: 0.0013 | 0.8s
  Epoch 355/800 | Total: 2.001 Edge: 0.365 Con: 0.204 Cls: 1.431 Stats: 0.0013 | Val F1: 0.3416 | 0.8s
  Epoch 356/800 | Total: 2.032 Edge: 0.367 Con: 0.204 Cls: 1.460 Stats: 0.0013 | 0.8s
  Epoch 357/800 | Total: 1.993 Edge: 0.368 Con: 0.203 Cls: 1.420 Stats: 0.0013 | 0.9s
  Epoch 358/800 | Total: 1.989 Edge: 0.366 Con: 0.203 Cls: 1.419 Stats: 0.0013 | 0.8s
  Epoch 359/800 | Total: 1.991 Edge: 0.366 Con: 0.204 Cls: 1.419 Stats: 0.0013 | 0.8s
  Epoch 360/800 | Total: 1.993 Edge: 0.366 Con: 0.204 Cls: 1.422 Stats: 0.0013 | Val F1: 0.3465 | 1.0s
  Epoch 361/800 | Total: 2.000 Edge: 0.363 Con: 0.203 Cls: 1.432 Stats: 0.0013 | 0.8s
  Epoch 362/800 | Total: 1.999 Edge: 0.363 Con: 0.203 Cls: 1.432 Stats: 0.0013 | 0.8s
  Epoch 363/800 | Total: 1.989 Edge: 0.364 Con: 0.204 Cls: 1.420 Stats: 0.0013 | 0.8s
  Epoch 364/800 | Total: 1.991 Edge: 0.364 Con: 0.202 Cls: 1.423 Stats: 0.0013 | 0.9s
  Epoch 365/800 | Total: 2.000 Edge: 0.367 Con: 0.203 Cls: 1.429 Stats: 0.0013 | Val F1: 0.3454 | 0.8s
  Epoch 366/800 | Total: 1.995 Edge: 0.367 Con: 0.204 Cls: 1.422 Stats: 0.0013 | 0.8s
  Epoch 367/800 | Total: 2.006 Edge: 0.373 Con: 0.206 Cls: 1.425 Stats: 0.0013 | 0.9s
  Epoch 368/800 | Total: 2.010 Edge: 0.365 Con: 0.203 Cls: 1.441 Stats: 0.0013 | 1.0s
  Epoch 369/800 | Total: 1.988 Edge: 0.366 Con: 0.202 Cls: 1.419 Stats: 0.0013 | 0.9s
  Epoch 370/800 | Total: 1.987 Edge: 0.367 Con: 0.205 Cls: 1.413 Stats: 0.0013 | Val F1: 0.3360 | 1.0s
  Epoch 371/800 | Total: 2.009 Edge: 0.366 Con: 0.203 Cls: 1.439 Stats: 0.0013 | 0.8s
  Epoch 372/800 | Total: 2.016 Edge: 0.368 Con: 0.204 Cls: 1.443 Stats: 0.0013 | 0.8s
  Epoch 373/800 | Total: 1.996 Edge: 0.364 Con: 0.204 Cls: 1.427 Stats: 0.0013 | 0.9s
  Epoch 374/800 | Total: 1.989 Edge: 0.367 Con: 0.204 Cls: 1.416 Stats: 0.0013 | 0.8s
  Epoch 375/800 | Total: 1.995 Edge: 0.368 Con: 0.203 Cls: 1.423 Stats: 0.0013 | Val F1: 0.3445 | 0.8s
  Epoch 376/800 | Total: 2.013 Edge: 0.368 Con: 0.203 Cls: 1.441 Stats: 0.0013 | 0.9s
  Epoch 377/800 | Total: 1.988 Edge: 0.366 Con: 0.205 Cls: 1.416 Stats: 0.0013 | 0.9s
  Epoch 378/800 | Total: 2.026 Edge: 0.364 Con: 0.204 Cls: 1.456 Stats: 0.0013 | 0.8s
  Epoch 379/800 | Total: 1.987 Edge: 0.363 Con: 0.203 Cls: 1.419 Stats: 0.0013 | 0.8s
  Epoch 380/800 | Total: 1.985 Edge: 0.368 Con: 0.203 Cls: 1.413 Stats: 0.0013 | Val F1: 0.3423 | 0.8s
  Epoch 381/800 | Total: 1.991 Edge: 0.373 Con: 0.204 Cls: 1.412 Stats: 0.0013 | 1.0s
  Epoch 382/800 | Total: 1.994 Edge: 0.372 Con: 0.204 Cls: 1.416 Stats: 0.0013 | 0.9s
  Epoch 383/800 | Total: 2.013 Edge: 0.368 Con: 0.203 Cls: 1.440 Stats: 0.0013 | 0.8s
  Epoch 384/800 | Total: 1.980 Edge: 0.366 Con: 0.204 Cls: 1.409 Stats: 0.0013 | 0.8s
  Epoch 385/800 | Total: 2.034 Edge: 0.367 Con: 0.204 Cls: 1.462 Stats: 0.0013 | Val F1: 0.3320 | 0.8s
  Epoch 386/800 | Total: 2.030 Edge: 0.371 Con: 0.206 Cls: 1.451 Stats: 0.0013 | 0.8s
  Epoch 387/800 | Total: 2.016 Edge: 0.368 Con: 0.206 Cls: 1.440 Stats: 0.0013 | 0.8s
  Epoch 388/800 | Total: 1.991 Edge: 0.370 Con: 0.206 Cls: 1.413 Stats: 0.0013 | 0.8s
  Epoch 389/800 | Total: 1.994 Edge: 0.365 Con: 0.202 Cls: 1.426 Stats: 0.0013 | 0.9s
  Epoch 390/800 | Total: 2.003 Edge: 0.367 Con: 0.202 Cls: 1.433 Stats: 0.0013 | Val F1: 0.3443 | 0.8s
  Epoch 391/800 | Total: 2.011 Edge: 0.377 Con: 0.205 Cls: 1.427 Stats: 0.0013 | 0.7s
  Epoch 392/800 | Total: 2.015 Edge: 0.371 Con: 0.204 Cls: 1.440 Stats: 0.0013 | 0.7s
  Epoch 393/800 | Total: 2.036 Edge: 0.371 Con: 0.206 Cls: 1.457 Stats: 0.0013 | 0.9s
  Epoch 394/800 | Total: 2.015 Edge: 0.375 Con: 0.206 Cls: 1.432 Stats: 0.0013 | 0.8s
  Epoch 395/800 | Total: 2.005 Edge: 0.372 Con: 0.204 Cls: 1.427 Stats: 0.0013 | Val F1: 0.3362 | 0.9s
  Early stopping at epoch 395
  Best Val F1: 0.3477 | Test F1: 0.3500
  Total training time: 373.4s (6.2 min)

======================================================================
  Val  Macro-F1: 0.3477
  Test Macro-F1: 0.3500
  Test Accuracy: 0.6144
  Time: 378.2s
======================================================================

  Results saved to: results/NESS_ogbn-arxiv_MCAR_0.8_20260723_095315
