/home/erfan/MATE/venv/lib/python3.13/site-packages/outdated/__init__.py:36: UserWarning: pkg_resources is deprecated as an API. See https://setuptools.pypa.io/en/latest/pkg_resources.html. The pkg_resources package is slated for removal as early as 2025-11-30. Refrain from using this package or pin to Setuptools<81.
  from pkg_resources import parse_version
/home/erfan/MATE/ogbn_benchmarks/data_loader.py:96: UserWarning: Sparse invariant checks are implicitly disabled. Memory errors (e.g. SEGFAULT) will occur when operating on a sparse tensor which violates the invariants, but checks incur performance overhead. To silence this warning, explicitly opt in or out. See `torch.sparse.check_sparse_tensor_invariants.__doc__` for guidance.  (Triggered internally at /pytorch/aten/src/ATen/Context.cpp:760.)
  adj = torch.sparse_coo_tensor(edge_index, vals, (num_nodes, num_nodes)).coalesce()
======================================================================
  NESS | ogbn-arxiv | MCAR @ 80% | lr=0.001
======================================================================
[1/3] Loading ogbn-arxiv...
  169,343 nodes | 128 dims | 40 classes
[2/3] Simulating MCAR missingness...
Simulating MCAR missingness at 80% rate...
  MCAR: Uniform random selection
  Observable: 33,869 (20.0%)
  Masked: 135,474 (80.0%)
  Observable: 33,869 | Val: 67,737 | Test: 67,737
[3/3] Running NESS...
  Prefilling missing nodes via Feature Propagation (40 iters)...
  Partitioning graph into 20 clusters (cache_device=gpu)...
  Cached 20 clusters
  Training NESS for up to 800 epochs (patience=20)...
  Epoch 1/800 | Total: 16.422 Edge: 0.694 Con: 0.569 Cls: 3.522 Anchorcls: 1.6259 | 1.3s
  Epoch 2/800 | Total: 14.219 Edge: 0.676 Con: 0.482 Cls: 3.119 Anchorcls: 1.3150 | 0.8s
  Epoch 3/800 | Total: 13.389 Edge: 0.612 Con: 0.386 Cls: 3.042 Anchorcls: 1.1522 | 0.8s
  Epoch 4/800 | Total: 12.719 Edge: 0.599 Con: 0.318 Cls: 2.913 Anchorcls: 1.0743 | 0.8s
  Epoch 5/800 | Total: 12.125 Edge: 0.632 Con: 0.293 Cls: 2.757 Anchorcls: 1.0255 | Val F1: 0.0330 | 0.8s
  Epoch 6/800 | Total: 11.520 Edge: 0.597 Con: 0.270 Cls: 2.626 Anchorcls: 0.9702 | 0.8s
  Epoch 7/800 | Total: 11.090 Edge: 0.593 Con: 0.272 Cls: 2.523 Anchorcls: 0.9307 | 0.8s
  Epoch 8/800 | Total: 10.723 Edge: 0.586 Con: 0.258 Cls: 2.423 Anchorcls: 0.9123 | 0.8s
  Epoch 9/800 | Total: 10.396 Edge: 0.602 Con: 0.251 Cls: 2.353 Anchorcls: 0.8697 | 0.7s
  Epoch 10/800 | Total: 10.168 Edge: 0.566 Con: 0.248 Cls: 2.268 Anchorcls: 0.8916 | Val F1: 0.0960 | 0.8s
  Epoch 11/800 | Total: 9.929 Edge: 0.545 Con: 0.235 Cls: 2.214 Anchorcls: 0.8751 | 0.8s
  Epoch 12/800 | Total: 10.255 Edge: 0.553 Con: 0.234 Cls: 2.319 Anchorcls: 0.8761 | 0.8s
  Epoch 13/800 | Total: 9.771 Edge: 0.556 Con: 0.236 Cls: 2.159 Anchorcls: 0.8734 | 0.8s
  Epoch 14/800 | Total: 9.775 Edge: 0.556 Con: 0.236 Cls: 2.160 Anchorcls: 0.8734 | 0.7s
  Epoch 15/800 | Total: 9.684 Edge: 0.521 Con: 0.221 Cls: 2.103 Anchorcls: 0.9150 | Val F1: 0.1388 | 0.8s
  Epoch 16/800 | Total: 9.372 Edge: 0.522 Con: 0.219 Cls: 2.032 Anchorcls: 0.8819 | 0.8s
  Epoch 17/800 | Total: 9.169 Edge: 0.520 Con: 0.211 Cls: 1.985 Anchorcls: 0.8630 | 0.8s
  Epoch 18/800 | Total: 9.084 Edge: 0.495 Con: 0.205 Cls: 1.968 Anchorcls: 0.8604 | 0.8s
  Epoch 19/800 | Total: 8.886 Edge: 0.502 Con: 0.210 Cls: 1.921 Anchorcls: 0.8387 | 0.8s
  Epoch 20/800 | Total: 8.929 Edge: 0.497 Con: 0.206 Cls: 1.882 Anchorcls: 0.8947 | Val F1: 0.1474 | 0.8s
  Epoch 21/800 | Total: 8.794 Edge: 0.487 Con: 0.200 Cls: 1.852 Anchorcls: 0.8832 | 0.8s
  Epoch 22/800 | Total: 8.672 Edge: 0.502 Con: 0.200 Cls: 1.827 Anchorcls: 0.8627 | 0.7s
  Epoch 23/800 | Total: 8.675 Edge: 0.489 Con: 0.201 Cls: 1.843 Anchorcls: 0.8526 | 0.8s
  Epoch 24/800 | Total: 8.941 Edge: 0.509 Con: 0.204 Cls: 1.932 Anchorcls: 0.8451 | 0.8s
  Epoch 25/800 | Total: 8.795 Edge: 0.496 Con: 0.195 Cls: 1.857 Anchorcls: 0.8766 | Val F1: 0.1679 | 0.8s
  Epoch 26/800 | Total: 8.538 Edge: 0.474 Con: 0.195 Cls: 1.828 Anchorcls: 0.8273 | 0.7s
  Epoch 27/800 | Total: 8.551 Edge: 0.472 Con: 0.189 Cls: 1.857 Anchorcls: 0.8049 | 0.7s
  Epoch 28/800 | Total: 8.395 Edge: 0.461 Con: 0.187 Cls: 1.796 Anchorcls: 0.8174 | 0.7s
  Epoch 29/800 | Total: 8.240 Edge: 0.468 Con: 0.186 Cls: 1.750 Anchorcls: 0.8093 | 0.7s
  Epoch 30/800 | Total: 8.398 Edge: 0.464 Con: 0.179 Cls: 1.745 Anchorcls: 0.8693 | Val F1: 0.2134 | 0.8s
  Epoch 31/800 | Total: 8.450 Edge: 0.475 Con: 0.182 Cls: 1.780 Anchorcls: 0.8481 | 0.8s
  Epoch 32/800 | Total: 8.281 Edge: 0.476 Con: 0.181 Cls: 1.751 Anchorcls: 0.8202 | 0.8s
  Epoch 33/800 | Total: 8.037 Edge: 0.450 Con: 0.180 Cls: 1.690 Anchorcls: 0.8089 | 0.8s
  Epoch 34/800 | Total: 7.963 Edge: 0.452 Con: 0.178 Cls: 1.677 Anchorcls: 0.7972 | 0.8s
  Epoch 35/800 | Total: 8.137 Edge: 0.445 Con: 0.173 Cls: 1.662 Anchorcls: 0.8731 | Val F1: 0.2167 | 0.8s
  Epoch 36/800 | Total: 8.069 Edge: 0.444 Con: 0.174 Cls: 1.682 Anchorcls: 0.8307 | 0.7s
  Epoch 37/800 | Total: 8.253 Edge: 0.442 Con: 0.171 Cls: 1.750 Anchorcls: 0.8249 | 0.7s
  Epoch 38/800 | Total: 8.140 Edge: 0.460 Con: 0.172 Cls: 1.694 Anchorcls: 0.8371 | 0.7s
  Epoch 39/800 | Total: 8.184 Edge: 0.462 Con: 0.170 Cls: 1.707 Anchorcls: 0.8382 | 0.8s
  Epoch 40/800 | Total: 8.306 Edge: 0.458 Con: 0.170 Cls: 1.699 Anchorcls: 0.8886 | Val F1: 0.2000 | 0.8s
  Epoch 41/800 | Total: 8.121 Edge: 0.455 Con: 0.174 Cls: 1.683 Anchorcls: 0.8432 | 0.8s
  Epoch 42/800 | Total: 7.932 Edge: 0.456 Con: 0.170 Cls: 1.654 Anchorcls: 0.8098 | 0.8s
  Epoch 43/800 | Total: 7.824 Edge: 0.444 Con: 0.169 Cls: 1.643 Anchorcls: 0.7884 | 0.8s
  Epoch 44/800 | Total: 7.707 Edge: 0.432 Con: 0.166 Cls: 1.618 Anchorcls: 0.7791 | 0.8s
  Epoch 45/800 | Total: 8.030 Edge: 0.435 Con: 0.169 Cls: 1.625 Anchorcls: 0.8781 | Val F1: 0.2271 | 0.8s
  Epoch 46/800 | Total: 7.769 Edge: 0.426 Con: 0.165 Cls: 1.585 Anchorcls: 0.8351 | 0.8s
  Epoch 47/800 | Total: 7.704 Edge: 0.433 Con: 0.164 Cls: 1.574 Anchorcls: 0.8229 | 0.8s
  Epoch 48/800 | Total: 7.809 Edge: 0.450 Con: 0.167 Cls: 1.614 Anchorcls: 0.8115 | 0.8s
  Epoch 49/800 | Total: 7.779 Edge: 0.448 Con: 0.163 Cls: 1.606 Anchorcls: 0.8110 | 0.8s
  Epoch 50/800 | Total: 7.796 Edge: 0.427 Con: 0.163 Cls: 1.554 Anchorcls: 0.8747 | Val F1: 0.2471 | 0.8s
  Epoch 51/800 | Total: 7.702 Edge: 0.423 Con: 0.163 Cls: 1.558 Anchorcls: 0.8415 | 0.8s
  Epoch 52/800 | Total: 7.540 Edge: 0.421 Con: 0.163 Cls: 1.521 Anchorcls: 0.8246 | 0.8s
  Epoch 53/800 | Total: 7.697 Edge: 0.421 Con: 0.162 Cls: 1.584 Anchorcls: 0.8141 | 0.8s
  Epoch 54/800 | Total: 7.743 Edge: 0.421 Con: 0.165 Cls: 1.608 Anchorcls: 0.8052 | 0.8s
  Epoch 55/800 | Total: 7.672 Edge: 0.412 Con: 0.162 Cls: 1.549 Anchorcls: 0.8438 | Val F1: 0.2516 | 0.8s
  Epoch 56/800 | Total: 7.506 Edge: 0.410 Con: 0.162 Cls: 1.524 Anchorcls: 0.8141 | 0.8s
  Epoch 57/800 | Total: 7.525 Edge: 0.413 Con: 0.161 Cls: 1.528 Anchorcls: 0.8158 | 0.8s
  Epoch 58/800 | Total: 7.503 Edge: 0.429 Con: 0.165 Cls: 1.531 Anchorcls: 0.7991 | 0.8s
  Epoch 59/800 | Total: 7.318 Edge: 0.403 Con: 0.160 Cls: 1.503 Anchorcls: 0.7756 | 0.8s
  Epoch 60/800 | Total: 7.476 Edge: 0.402 Con: 0.162 Cls: 1.490 Anchorcls: 0.8410 | Val F1: 0.2632 | 0.8s
  Epoch 61/800 | Total: 7.395 Edge: 0.410 Con: 0.159 Cls: 1.491 Anchorcls: 0.8104 | 0.8s
  Epoch 62/800 | Total: 7.416 Edge: 0.399 Con: 0.160 Cls: 1.516 Anchorcls: 0.7967 | 0.8s
  Epoch 63/800 | Total: 7.250 Edge: 0.392 Con: 0.157 Cls: 1.472 Anchorcls: 0.7879 | 0.8s
  Epoch 64/800 | Total: 7.174 Edge: 0.394 Con: 0.159 Cls: 1.457 Anchorcls: 0.7767 | 0.8s
  Epoch 65/800 | Total: 7.480 Edge: 0.407 Con: 0.158 Cls: 1.461 Anchorcls: 0.8700 | Val F1: 0.2884 | 0.8s
  Epoch 66/800 | Total: 7.303 Edge: 0.404 Con: 0.158 Cls: 1.457 Anchorcls: 0.8167 | 0.8s
  Epoch 67/800 | Total: 7.246 Edge: 0.394 Con: 0.158 Cls: 1.463 Anchorcls: 0.7947 | 0.8s
  Epoch 68/800 | Total: 7.221 Edge: 0.397 Con: 0.158 Cls: 1.458 Anchorcls: 0.7907 | 0.8s
  Epoch 69/800 | Total: 7.243 Edge: 0.391 Con: 0.157 Cls: 1.472 Anchorcls: 0.7863 | 0.8s
  Epoch 70/800 | Total: 7.509 Edge: 0.393 Con: 0.156 Cls: 1.462 Anchorcls: 0.8838 | Val F1: 0.2819 | 0.8s
  Epoch 71/800 | Total: 7.778 Edge: 0.391 Con: 0.158 Cls: 1.632 Anchorcls: 0.8041 | 0.8s
  Epoch 72/800 | Total: 7.549 Edge: 0.406 Con: 0.161 Cls: 1.536 Anchorcls: 0.8182 | 0.8s
  Epoch 73/800 | Total: 7.196 Edge: 0.400 Con: 0.158 Cls: 1.452 Anchorcls: 0.7870 | 0.8s
  Epoch 74/800 | Total: 7.114 Edge: 0.385 Con: 0.154 Cls: 1.436 Anchorcls: 0.7811 | 0.8s
  Epoch 75/800 | Total: 7.351 Edge: 0.387 Con: 0.155 Cls: 1.428 Anchorcls: 0.8674 | Val F1: 0.2982 | 0.8s
  Epoch 76/800 | Total: 7.182 Edge: 0.385 Con: 0.156 Cls: 1.409 Anchorcls: 0.8304 | 0.8s
  Epoch 77/800 | Total: 7.080 Edge: 0.392 Con: 0.154 Cls: 1.404 Anchorcls: 0.7997 | 0.8s
  Epoch 78/800 | Total: 7.024 Edge: 0.388 Con: 0.155 Cls: 1.406 Anchorcls: 0.7803 | 0.8s
  Epoch 79/800 | Total: 7.209 Edge: 0.390 Con: 0.155 Cls: 1.464 Anchorcls: 0.7830 | 0.8s
  Epoch 80/800 | Total: 7.198 Edge: 0.380 Con: 0.154 Cls: 1.413 Anchorcls: 0.8343 | Val F1: 0.3101 | 0.8s
  Epoch 81/800 | Total: 7.085 Edge: 0.374 Con: 0.155 Cls: 1.402 Anchorcls: 0.8091 | 0.8s
  Epoch 82/800 | Total: 7.108 Edge: 0.367 Con: 0.153 Cls: 1.434 Anchorcls: 0.7877 | 0.8s
  Epoch 83/800 | Total: 7.048 Edge: 0.374 Con: 0.156 Cls: 1.430 Anchorcls: 0.7685 | 0.8s
  Epoch 84/800 | Total: 6.950 Edge: 0.374 Con: 0.153 Cls: 1.411 Anchorcls: 0.7558 | 0.8s
  Epoch 85/800 | Total: 7.211 Edge: 0.374 Con: 0.155 Cls: 1.408 Anchorcls: 0.8457 | Val F1: 0.3030 | 0.8s
  Epoch 86/800 | Total: 7.133 Edge: 0.378 Con: 0.152 Cls: 1.408 Anchorcls: 0.8185 | 0.8s
  Epoch 87/800 | Total: 7.011 Edge: 0.375 Con: 0.151 Cls: 1.387 Anchorcls: 0.7993 | 0.8s
  Epoch 88/800 | Total: 6.866 Edge: 0.373 Con: 0.155 Cls: 1.366 Anchorcls: 0.7722 | 0.8s
  Epoch 89/800 | Total: 6.833 Edge: 0.371 Con: 0.152 Cls: 1.362 Anchorcls: 0.7668 | 0.8s
  Epoch 90/800 | Total: 6.998 Edge: 0.361 Con: 0.151 Cls: 1.349 Anchorcls: 0.8383 | Val F1: 0.3333 | 0.8s
  Epoch 91/800 | Total: 6.905 Edge: 0.360 Con: 0.150 Cls: 1.361 Anchorcls: 0.7962 | 0.8s
  Epoch 92/800 | Total: 6.841 Edge: 0.371 Con: 0.151 Cls: 1.361 Anchorcls: 0.7707 | 0.8s
  Epoch 93/800 | Total: 6.810 Edge: 0.371 Con: 0.150 Cls: 1.368 Anchorcls: 0.7535 | 0.8s
  Epoch 94/800 | Total: 6.790 Edge: 0.364 Con: 0.152 Cls: 1.367 Anchorcls: 0.7494 | 0.8s
  Epoch 95/800 | Total: 7.169 Edge: 0.366 Con: 0.152 Cls: 1.395 Anchorcls: 0.8476 | Val F1: 0.3126 | 0.8s
  Epoch 96/800 | Total: 6.999 Edge: 0.371 Con: 0.153 Cls: 1.387 Anchorcls: 0.7966 | 0.8s
  Epoch 97/800 | Total: 6.811 Edge: 0.362 Con: 0.150 Cls: 1.349 Anchorcls: 0.7759 | 0.8s
  Epoch 98/800 | Total: 6.833 Edge: 0.363 Con: 0.149 Cls: 1.366 Anchorcls: 0.7658 | 0.8s
  Epoch 99/800 | Total: 6.733 Edge: 0.362 Con: 0.149 Cls: 1.344 Anchorcls: 0.7551 | 0.8s
  Epoch 100/800 | Total: 7.048 Edge: 0.361 Con: 0.150 Cls: 1.346 Anchorcls: 0.8576 | Val F1: 0.3105 | 0.8s
  Epoch 101/800 | Total: 7.033 Edge: 0.362 Con: 0.149 Cls: 1.370 Anchorcls: 0.8283 | 0.8s
  Epoch 102/800 | Total: 7.026 Edge: 0.375 Con: 0.152 Cls: 1.399 Anchorcls: 0.7930 | 0.8s
  Epoch 103/800 | Total: 7.278 Edge: 0.377 Con: 0.152 Cls: 1.472 Anchorcls: 0.8028 | 0.8s
  Epoch 104/800 | Total: 7.118 Edge: 0.369 Con: 0.153 Cls: 1.437 Anchorcls: 0.7871 | 0.8s
  Epoch 105/800 | Total: 7.047 Edge: 0.370 Con: 0.151 Cls: 1.391 Anchorcls: 0.8093 | Val F1: 0.3206 | 0.8s
  Epoch 106/800 | Total: 6.857 Edge: 0.362 Con: 0.150 Cls: 1.365 Anchorcls: 0.7752 | 0.8s
  Epoch 107/800 | Total: 6.800 Edge: 0.367 Con: 0.150 Cls: 1.369 Anchorcls: 0.7500 | 0.8s
  Epoch 108/800 | Total: 6.818 Edge: 0.377 Con: 0.150 Cls: 1.359 Anchorcls: 0.7633 | 0.8s
  Epoch 109/800 | Total: 6.697 Edge: 0.367 Con: 0.149 Cls: 1.355 Anchorcls: 0.7302 | 0.8s
  Epoch 110/800 | Total: 7.052 Edge: 0.368 Con: 0.150 Cls: 1.357 Anchorcls: 0.8465 | Val F1: 0.3312 | 0.8s
  Epoch 111/800 | Total: 6.945 Edge: 0.368 Con: 0.151 Cls: 1.360 Anchorcls: 0.8075 | 0.8s
  Epoch 112/800 | Total: 6.928 Edge: 0.363 Con: 0.150 Cls: 1.365 Anchorcls: 0.7986 | 0.8s
  Epoch 113/800 | Total: 6.995 Edge: 0.370 Con: 0.150 Cls: 1.408 Anchorcls: 0.7749 | 0.8s
  Epoch 114/800 | Total: 6.875 Edge: 0.367 Con: 0.149 Cls: 1.394 Anchorcls: 0.7509 | 0.8s
  Epoch 115/800 | Total: 7.144 Edge: 0.363 Con: 0.151 Cls: 1.382 Anchorcls: 0.8534 | Val F1: 0.3080 | 0.8s
  Epoch 116/800 | Total: 6.973 Edge: 0.357 Con: 0.150 Cls: 1.373 Anchorcls: 0.8071 | 0.8s
  Epoch 117/800 | Total: 6.858 Edge: 0.359 Con: 0.149 Cls: 1.348 Anchorcls: 0.7931 | 0.8s
  Epoch 118/800 | Total: 6.725 Edge: 0.347 Con: 0.147 Cls: 1.326 Anchorcls: 0.7757 | 0.8s
  Epoch 119/800 | Total: 6.672 Edge: 0.346 Con: 0.146 Cls: 1.317 Anchorcls: 0.7673 | 0.8s
  Epoch 120/800 | Total: 6.889 Edge: 0.347 Con: 0.148 Cls: 1.315 Anchorcls: 0.8416 | Val F1: 0.3554 | 0.8s
  Epoch 121/800 | Total: 6.741 Edge: 0.354 Con: 0.148 Cls: 1.318 Anchorcls: 0.7868 | 0.8s
  Epoch 122/800 | Total: 6.709 Edge: 0.347 Con: 0.147 Cls: 1.306 Anchorcls: 0.7897 | 0.8s
  Epoch 123/800 | Total: 6.655 Edge: 0.345 Con: 0.145 Cls: 1.308 Anchorcls: 0.7706 | 0.8s
  Epoch 124/800 | Total: 6.686 Edge: 0.342 Con: 0.147 Cls: 1.311 Anchorcls: 0.7793 | 0.8s
  Epoch 125/800 | Total: 6.860 Edge: 0.341 Con: 0.145 Cls: 1.303 Anchorcls: 0.8463 | Val F1: 0.3571 | 0.8s
  Epoch 126/800 | Total: 6.702 Edge: 0.344 Con: 0.146 Cls: 1.310 Anchorcls: 0.7846 | 0.8s
  Epoch 127/800 | Total: 6.674 Edge: 0.350 Con: 0.147 Cls: 1.323 Anchorcls: 0.7604 | 0.8s
  Epoch 128/800 | Total: 6.631 Edge: 0.345 Con: 0.148 Cls: 1.310 Anchorcls: 0.7607 | 0.8s
  Epoch 129/800 | Total: 6.628 Edge: 0.350 Con: 0.147 Cls: 1.314 Anchorcls: 0.7545 | 0.8s
  Epoch 130/800 | Total: 6.923 Edge: 0.351 Con: 0.149 Cls: 1.303 Anchorcls: 0.8632 | Val F1: 0.3323 | 0.8s
  Epoch 131/800 | Total: 6.885 Edge: 0.350 Con: 0.146 Cls: 1.326 Anchorcls: 0.8284 | 0.8s
  Epoch 132/800 | Total: 6.735 Edge: 0.348 Con: 0.148 Cls: 1.310 Anchorcls: 0.7942 | 0.8s
  Epoch 133/800 | Total: 6.837 Edge: 0.351 Con: 0.146 Cls: 1.345 Anchorcls: 0.7929 | 0.8s
  Epoch 134/800 | Total: 6.800 Edge: 0.349 Con: 0.147 Cls: 1.341 Anchorcls: 0.7845 | 0.8s
  Epoch 135/800 | Total: 7.101 Edge: 0.362 Con: 0.149 Cls: 1.372 Anchorcls: 0.8491 | Val F1: 0.3322 | 0.8s
  Epoch 136/800 | Total: 6.917 Edge: 0.366 Con: 0.149 Cls: 1.363 Anchorcls: 0.7952 | 0.8s
  Epoch 137/800 | Total: 6.791 Edge: 0.352 Con: 0.147 Cls: 1.340 Anchorcls: 0.7820 | 0.8s
  Epoch 138/800 | Total: 6.826 Edge: 0.349 Con: 0.146 Cls: 1.365 Anchorcls: 0.7696 | 0.8s
  Epoch 139/800 | Total: 6.670 Edge: 0.343 Con: 0.146 Cls: 1.322 Anchorcls: 0.7630 | 0.8s
  Epoch 140/800 | Total: 6.877 Edge: 0.341 Con: 0.147 Cls: 1.327 Anchorcls: 0.8264 | Val F1: 0.3532 | 0.8s
  Epoch 141/800 | Total: 6.744 Edge: 0.348 Con: 0.145 Cls: 1.323 Anchorcls: 0.7850 | 0.8s
  Epoch 142/800 | Total: 6.716 Edge: 0.361 Con: 0.145 Cls: 1.321 Anchorcls: 0.7731 | 0.8s
  Epoch 143/800 | Total: 6.650 Edge: 0.351 Con: 0.146 Cls: 1.315 Anchorcls: 0.7604 | 0.8s
  Epoch 144/800 | Total: 6.839 Edge: 0.346 Con: 0.147 Cls: 1.367 Anchorcls: 0.7734 | 0.8s
  Epoch 145/800 | Total: 8.960 Edge: 0.412 Con: 0.164 Cls: 1.918 Anchorcls: 0.9040 | Val F1: 0.2782 | 0.8s
  Epoch 146/800 | Total: 7.703 Edge: 0.380 Con: 0.165 Cls: 1.530 Anchorcls: 0.8833 | 0.8s
  Epoch 147/800 | Total: 7.250 Edge: 0.385 Con: 0.163 Cls: 1.465 Anchorcls: 0.7963 | 0.8s
  Epoch 148/800 | Total: 6.913 Edge: 0.366 Con: 0.155 Cls: 1.383 Anchorcls: 0.7734 | 0.8s
  Epoch 149/800 | Total: 6.673 Edge: 0.357 Con: 0.154 Cls: 1.321 Anchorcls: 0.7587 | 0.8s
  Epoch 150/800 | Total: 6.854 Edge: 0.351 Con: 0.152 Cls: 1.309 Anchorcls: 0.8332 | Val F1: 0.3493 | 0.8s
  Epoch 151/800 | Total: 6.710 Edge: 0.355 Con: 0.151 Cls: 1.307 Anchorcls: 0.7860 | 0.8s
  Epoch 152/800 | Total: 6.729 Edge: 0.350 Con: 0.152 Cls: 1.324 Anchorcls: 0.7768 | 0.8s
  Epoch 153/800 | Total: 6.638 Edge: 0.344 Con: 0.153 Cls: 1.318 Anchorcls: 0.7549 | 0.8s
  Epoch 154/800 | Total: 6.641 Edge: 0.339 Con: 0.150 Cls: 1.326 Anchorcls: 0.7502 | 0.8s
  Epoch 155/800 | Total: 6.796 Edge: 0.341 Con: 0.149 Cls: 1.284 Anchorcls: 0.8427 | Val F1: 0.3754 | 0.8s
  Epoch 156/800 | Total: 6.623 Edge: 0.336 Con: 0.147 Cls: 1.277 Anchorcls: 0.7941 | 0.8s
  Epoch 157/800 | Total: 6.533 Edge: 0.339 Con: 0.149 Cls: 1.268 Anchorcls: 0.7717 | 0.8s
  Epoch 158/800 | Total: 6.661 Edge: 0.338 Con: 0.147 Cls: 1.298 Anchorcls: 0.7852 | 0.8s
  Epoch 159/800 | Total: 6.532 Edge: 0.341 Con: 0.147 Cls: 1.281 Anchorcls: 0.7579 | 0.8s
  Epoch 160/800 | Total: 6.966 Edge: 0.343 Con: 0.147 Cls: 1.330 Anchorcls: 0.8527 | Val F1: 0.3541 | 0.8s
  Epoch 161/800 | Total: 6.739 Edge: 0.343 Con: 0.149 Cls: 1.304 Anchorcls: 0.8029 | 0.8s
  Epoch 162/800 | Total: 6.585 Edge: 0.344 Con: 0.148 Cls: 1.281 Anchorcls: 0.7753 | 0.8s
  Epoch 163/800 | Total: 6.695 Edge: 0.345 Con: 0.146 Cls: 1.318 Anchorcls: 0.7743 | 0.8s
  Epoch 164/800 | Total: 6.531 Edge: 0.346 Con: 0.148 Cls: 1.276 Anchorcls: 0.7611 | 0.8s
  Epoch 165/800 | Total: 6.775 Edge: 0.341 Con: 0.146 Cls: 1.276 Anchorcls: 0.8438 | Val F1: 0.3651 | 0.8s
  Epoch 166/800 | Total: 6.714 Edge: 0.337 Con: 0.147 Cls: 1.301 Anchorcls: 0.8004 | 0.8s
  Epoch 167/800 | Total: 6.543 Edge: 0.340 Con: 0.147 Cls: 1.274 Anchorcls: 0.7687 | 0.8s
  Epoch 168/800 | Total: 6.565 Edge: 0.352 Con: 0.147 Cls: 1.283 Anchorcls: 0.7635 | 0.8s
  Epoch 169/800 | Total: 6.620 Edge: 0.343 Con: 0.148 Cls: 1.310 Anchorcls: 0.7571 | 0.8s
  Epoch 170/800 | Total: 6.780 Edge: 0.344 Con: 0.148 Cls: 1.300 Anchorcls: 0.8210 | Val F1: 0.3674 | 0.8s
  Epoch 171/800 | Total: 6.580 Edge: 0.341 Con: 0.145 Cls: 1.277 Anchorcls: 0.7785 | 0.8s
  Epoch 172/800 | Total: 6.466 Edge: 0.339 Con: 0.146 Cls: 1.262 Anchorcls: 0.7556 | 0.8s
  Epoch 173/800 | Total: 6.425 Edge: 0.335 Con: 0.146 Cls: 1.267 Anchorcls: 0.7388 | 0.8s
  Epoch 174/800 | Total: 6.347 Edge: 0.332 Con: 0.145 Cls: 1.251 Anchorcls: 0.7300 | 0.8s
  Epoch 175/800 | Total: 6.695 Edge: 0.329 Con: 0.146 Cls: 1.281 Anchorcls: 0.8163 | Val F1: 0.3744 | 0.8s
  Epoch 176/800 | Total: 6.553 Edge: 0.331 Con: 0.145 Cls: 1.274 Anchorcls: 0.7762 | 0.8s
  Epoch 177/800 | Total: 6.559 Edge: 0.330 Con: 0.145 Cls: 1.272 Anchorcls: 0.7797 | 0.8s
  Epoch 178/800 | Total: 6.448 Edge: 0.328 Con: 0.145 Cls: 1.255 Anchorcls: 0.7602 | 0.8s
  Epoch 179/800 | Total: 6.458 Edge: 0.329 Con: 0.147 Cls: 1.275 Anchorcls: 0.7434 | 0.8s
  Epoch 180/800 | Total: 6.872 Edge: 0.344 Con: 0.150 Cls: 1.320 Anchorcls: 0.8308 | Val F1: 0.3690 | 0.8s
  Epoch 181/800 | Total: 6.606 Edge: 0.343 Con: 0.146 Cls: 1.277 Anchorcls: 0.7860 | 0.8s
  Epoch 182/800 | Total: 6.499 Edge: 0.334 Con: 0.144 Cls: 1.257 Anchorcls: 0.7742 | 0.8s
  Epoch 183/800 | Total: 6.469 Edge: 0.339 Con: 0.146 Cls: 1.267 Anchorcls: 0.7515 | 0.8s
  Epoch 184/800 | Total: 6.443 Edge: 0.331 Con: 0.146 Cls: 1.262 Anchorcls: 0.7506 | 0.8s
  Epoch 185/800 | Total: 6.716 Edge: 0.327 Con: 0.145 Cls: 1.261 Anchorcls: 0.8444 | Val F1: 0.3698 | 0.8s
  Epoch 186/800 | Total: 6.498 Edge: 0.321 Con: 0.145 Cls: 1.246 Anchorcls: 0.7886 | 0.8s
  Epoch 187/800 | Total: 6.437 Edge: 0.322 Con: 0.145 Cls: 1.241 Anchorcls: 0.7732 | 0.8s
  Epoch 188/800 | Total: 6.350 Edge: 0.323 Con: 0.144 Cls: 1.231 Anchorcls: 0.7537 | 0.8s
  Epoch 189/800 | Total: 6.374 Edge: 0.323 Con: 0.146 Cls: 1.244 Anchorcls: 0.7492 | 0.8s
  Epoch 190/800 | Total: 6.767 Edge: 0.328 Con: 0.146 Cls: 1.274 Anchorcls: 0.8484 | Val F1: 0.3864 | 0.8s
  Epoch 191/800 | Total: 6.639 Edge: 0.330 Con: 0.145 Cls: 1.260 Anchorcls: 0.8185 | 0.8s
  Epoch 192/800 | Total: 6.563 Edge: 0.328 Con: 0.144 Cls: 1.257 Anchorcls: 0.7971 | 0.8s
  Epoch 193/800 | Total: 6.461 Edge: 0.329 Con: 0.145 Cls: 1.245 Anchorcls: 0.7746 | 0.8s
  Epoch 194/800 | Total: 6.361 Edge: 0.323 Con: 0.146 Cls: 1.223 Anchorcls: 0.7656 | 0.8s
  Epoch 195/800 | Total: 6.438 Edge: 0.320 Con: 0.145 Cls: 1.235 Anchorcls: 0.7804 | Val F1: 0.3791 | 0.8s
  Epoch 196/800 | Total: 6.416 Edge: 0.318 Con: 0.147 Cls: 1.263 Anchorcls: 0.7449 | 0.8s
  Epoch 197/800 | Total: 6.462 Edge: 0.331 Con: 0.148 Cls: 1.285 Anchorcls: 0.7337 | 0.8s
  Epoch 198/800 | Total: 6.438 Edge: 0.337 Con: 0.147 Cls: 1.293 Anchorcls: 0.7159 | 0.8s
  Epoch 199/800 | Total: 6.546 Edge: 0.331 Con: 0.144 Cls: 1.312 Anchorcls: 0.7359 | 0.8s
  Epoch 200/800 | Total: 6.741 Edge: 0.332 Con: 0.145 Cls: 1.284 Anchorcls: 0.8281 | Val F1: 0.3799 | 0.8s
  Epoch 201/800 | Total: 6.533 Edge: 0.332 Con: 0.146 Cls: 1.261 Anchorcls: 0.7819 | 0.8s
  Epoch 202/800 | Total: 6.459 Edge: 0.342 Con: 0.142 Cls: 1.258 Anchorcls: 0.7574 | 0.8s
  Epoch 203/800 | Total: 6.406 Edge: 0.325 Con: 0.144 Cls: 1.249 Anchorcls: 0.7539 | 0.8s
  Epoch 204/800 | Total: 6.378 Edge: 0.331 Con: 0.144 Cls: 1.252 Anchorcls: 0.7391 | 0.8s
  Epoch 205/800 | Total: 6.544 Edge: 0.329 Con: 0.144 Cls: 1.236 Anchorcls: 0.8121 | Val F1: 0.3885 | 0.8s
  Epoch 206/800 | Total: 6.452 Edge: 0.325 Con: 0.141 Cls: 1.237 Anchorcls: 0.7818 | 0.8s
  Epoch 207/800 | Total: 6.317 Edge: 0.319 Con: 0.144 Cls: 1.224 Anchorcls: 0.7512 | 0.8s
  Epoch 208/800 | Total: 6.324 Edge: 0.321 Con: 0.144 Cls: 1.228 Anchorcls: 0.7492 | 0.8s
  Epoch 209/800 | Total: 6.336 Edge: 0.322 Con: 0.143 Cls: 1.243 Anchorcls: 0.7379 | 0.8s
  Epoch 210/800 | Total: 6.487 Edge: 0.321 Con: 0.144 Cls: 1.235 Anchorcls: 0.7961 | Val F1: 0.3770 | 0.8s
  Epoch 211/800 | Total: 6.308 Edge: 0.323 Con: 0.145 Cls: 1.234 Anchorcls: 0.7369 | 0.8s
  Epoch 212/800 | Total: 6.212 Edge: 0.318 Con: 0.145 Cls: 1.214 Anchorcls: 0.7265 | 0.8s
  Epoch 213/800 | Total: 6.234 Edge: 0.319 Con: 0.144 Cls: 1.233 Anchorcls: 0.7154 | 0.8s
  Epoch 214/800 | Total: 6.567 Edge: 0.327 Con: 0.146 Cls: 1.315 Anchorcls: 0.7405 | 0.8s
  Epoch 215/800 | Total: 7.036 Edge: 0.351 Con: 0.149 Cls: 1.350 Anchorcls: 0.8537 | Val F1: 0.3047 | 0.8s
  Epoch 216/800 | Total: 6.748 Edge: 0.348 Con: 0.145 Cls: 1.296 Anchorcls: 0.8128 | 0.8s
  Epoch 217/800 | Total: 6.615 Edge: 0.339 Con: 0.143 Cls: 1.279 Anchorcls: 0.7895 | 0.8s
  Epoch 218/800 | Total: 6.533 Edge: 0.340 Con: 0.146 Cls: 1.266 Anchorcls: 0.7741 | 0.8s
  Epoch 219/800 | Total: 6.831 Edge: 0.351 Con: 0.146 Cls: 1.362 Anchorcls: 0.7735 | 0.8s
  Epoch 220/800 | Total: 7.098 Edge: 0.357 Con: 0.150 Cls: 1.353 Anchorcls: 0.8689 | Val F1: 0.3821 | 0.8s
  Epoch 221/800 | Total: 6.736 Edge: 0.346 Con: 0.150 Cls: 1.304 Anchorcls: 0.8006 | 0.8s
  Epoch 222/800 | Total: 6.489 Edge: 0.330 Con: 0.149 Cls: 1.256 Anchorcls: 0.7726 | 0.8s
  Epoch 223/800 | Total: 6.375 Edge: 0.322 Con: 0.145 Cls: 1.240 Anchorcls: 0.7532 | 0.8s
  Epoch 224/800 | Total: 6.355 Edge: 0.322 Con: 0.144 Cls: 1.254 Anchorcls: 0.7330 | 0.8s
  Epoch 225/800 | Total: 6.775 Edge: 0.328 Con: 0.146 Cls: 1.319 Anchorcls: 0.8053 | Val F1: 0.3743 | 0.8s
  Epoch 226/800 | Total: 6.575 Edge: 0.334 Con: 0.145 Cls: 1.285 Anchorcls: 0.7714 | 0.8s
  Epoch 227/800 | Total: 6.379 Edge: 0.331 Con: 0.144 Cls: 1.249 Anchorcls: 0.7432 | 0.8s
  Epoch 228/800 | Total: 6.287 Edge: 0.324 Con: 0.144 Cls: 1.236 Anchorcls: 0.7279 | 0.8s
  Epoch 229/800 | Total: 6.373 Edge: 0.328 Con: 0.144 Cls: 1.270 Anchorcls: 0.7215 | 0.8s
  Epoch 230/800 | Total: 6.579 Edge: 0.320 Con: 0.145 Cls: 1.233 Anchorcls: 0.8288 | Val F1: 0.3732 | 0.8s
  Epoch 231/800 | Total: 6.437 Edge: 0.325 Con: 0.145 Cls: 1.237 Anchorcls: 0.7765 | 0.8s
  Epoch 232/800 | Total: 6.404 Edge: 0.319 Con: 0.142 Cls: 1.246 Anchorcls: 0.7584 | 0.8s
  Epoch 233/800 | Total: 6.283 Edge: 0.318 Con: 0.142 Cls: 1.224 Anchorcls: 0.7411 | 0.8s
  Epoch 234/800 | Total: 6.246 Edge: 0.313 Con: 0.143 Cls: 1.217 Anchorcls: 0.7367 | 0.8s
  Epoch 235/800 | Total: 6.510 Edge: 0.317 Con: 0.143 Cls: 1.210 Anchorcls: 0.8311 | Val F1: 0.3953 | 0.8s
  Epoch 236/800 | Total: 6.445 Edge: 0.320 Con: 0.143 Cls: 1.219 Anchorcls: 0.7990 | 0.8s
  Epoch 237/800 | Total: 6.341 Edge: 0.319 Con: 0.145 Cls: 1.208 Anchorcls: 0.7750 | 0.8s
  Epoch 238/800 | Total: 6.383 Edge: 0.318 Con: 0.145 Cls: 1.244 Anchorcls: 0.7534 | 0.8s
  Epoch 239/800 | Total: 6.364 Edge: 0.318 Con: 0.143 Cls: 1.242 Anchorcls: 0.7493 | 0.8s
  Epoch 240/800 | Total: 6.575 Edge: 0.321 Con: 0.144 Cls: 1.238 Anchorcls: 0.8228 | Val F1: 0.3811 | 0.8s
  Epoch 241/800 | Total: 6.484 Edge: 0.326 Con: 0.143 Cls: 1.240 Anchorcls: 0.7888 | 0.8s
  Epoch 242/800 | Total: 6.385 Edge: 0.316 Con: 0.141 Cls: 1.230 Anchorcls: 0.7697 | 0.8s
  Epoch 243/800 | Total: 6.320 Edge: 0.314 Con: 0.141 Cls: 1.221 Anchorcls: 0.7570 | 0.8s
  Epoch 244/800 | Total: 6.257 Edge: 0.310 Con: 0.142 Cls: 1.209 Anchorcls: 0.7499 | 0.8s
  Epoch 245/800 | Total: 6.454 Edge: 0.312 Con: 0.143 Cls: 1.198 Anchorcls: 0.8252 | Val F1: 0.3933 | 0.8s
  Epoch 246/800 | Total: 6.375 Edge: 0.314 Con: 0.143 Cls: 1.207 Anchorcls: 0.7893 | 0.8s
  Epoch 247/800 | Total: 6.295 Edge: 0.321 Con: 0.141 Cls: 1.202 Anchorcls: 0.7661 | 0.8s
  Epoch 248/800 | Total: 6.269 Edge: 0.317 Con: 0.144 Cls: 1.208 Anchorcls: 0.7517 | 0.8s
  Epoch 249/800 | Total: 6.315 Edge: 0.317 Con: 0.144 Cls: 1.216 Anchorcls: 0.7595 | 0.8s
  Epoch 250/800 | Total: 6.411 Edge: 0.319 Con: 0.145 Cls: 1.202 Anchorcls: 0.8042 | Val F1: 0.4035 | 0.8s
  Epoch 251/800 | Total: 6.299 Edge: 0.329 Con: 0.143 Cls: 1.209 Anchorcls: 0.7575 | 0.8s
  Epoch 252/800 | Total: 6.281 Edge: 0.317 Con: 0.145 Cls: 1.226 Anchorcls: 0.7376 | 0.8s
  Epoch 253/800 | Total: 6.385 Edge: 0.324 Con: 0.146 Cls: 1.272 Anchorcls: 0.7245 | 0.8s
  Epoch 254/800 | Total: 6.448 Edge: 0.318 Con: 0.144 Cls: 1.300 Anchorcls: 0.7191 | 0.8s
  Epoch 255/800 | Total: 6.525 Edge: 0.319 Con: 0.144 Cls: 1.238 Anchorcls: 0.8065 | Val F1: 0.3998 | 0.8s
  Epoch 256/800 | Total: 6.375 Edge: 0.313 Con: 0.143 Cls: 1.223 Anchorcls: 0.7740 | 0.8s
  Epoch 257/800 | Total: 6.256 Edge: 0.315 Con: 0.145 Cls: 1.203 Anchorcls: 0.7534 | 0.8s
  Epoch 258/800 | Total: 6.292 Edge: 0.312 Con: 0.142 Cls: 1.220 Anchorcls: 0.7500 | 0.8s
  Epoch 259/800 | Total: 6.244 Edge: 0.311 Con: 0.143 Cls: 1.217 Anchorcls: 0.7365 | 0.8s
  Epoch 260/800 | Total: 6.563 Edge: 0.329 Con: 0.145 Cls: 1.241 Anchorcls: 0.8125 | Val F1: 0.3729 | 0.8s
  Epoch 261/800 | Total: 6.559 Edge: 0.336 Con: 0.146 Cls: 1.269 Anchorcls: 0.7803 | 0.8s
  Epoch 262/800 | Total: 6.449 Edge: 0.334 Con: 0.146 Cls: 1.264 Anchorcls: 0.7493 | 0.8s
  Epoch 263/800 | Total: 6.326 Edge: 0.329 Con: 0.142 Cls: 1.231 Anchorcls: 0.7442 | 0.8s
  Epoch 264/800 | Total: 6.316 Edge: 0.327 Con: 0.142 Cls: 1.234 Anchorcls: 0.7386 | 0.8s
  Epoch 265/800 | Total: 6.400 Edge: 0.317 Con: 0.141 Cls: 1.204 Anchorcls: 0.8006 | Val F1: 0.3777 | 0.8s
  Epoch 266/800 | Total: 6.301 Edge: 0.314 Con: 0.141 Cls: 1.207 Anchorcls: 0.7650 | 0.8s
  Epoch 267/800 | Total: 6.314 Edge: 0.317 Con: 0.142 Cls: 1.231 Anchorcls: 0.7440 | 0.8s
  Epoch 268/800 | Total: 6.216 Edge: 0.315 Con: 0.143 Cls: 1.213 Anchorcls: 0.7300 | 0.8s
  Epoch 269/800 | Total: 6.202 Edge: 0.312 Con: 0.143 Cls: 1.221 Anchorcls: 0.7192 | 0.8s
  Epoch 270/800 | Total: 6.488 Edge: 0.310 Con: 0.143 Cls: 1.216 Anchorcls: 0.8197 | Val F1: 0.3881 | 0.8s
  Epoch 271/800 | Total: 6.383 Edge: 0.322 Con: 0.143 Cls: 1.211 Anchorcls: 0.7854 | 0.8s
  Epoch 272/800 | Total: 6.255 Edge: 0.313 Con: 0.144 Cls: 1.198 Anchorcls: 0.7588 | 0.8s
  Epoch 273/800 | Total: 6.213 Edge: 0.313 Con: 0.143 Cls: 1.203 Anchorcls: 0.7398 | 0.8s
  Epoch 274/800 | Total: 6.213 Edge: 0.317 Con: 0.144 Cls: 1.213 Anchorcls: 0.7287 | 0.8s
  Epoch 275/800 | Total: 6.259 Edge: 0.310 Con: 0.141 Cls: 1.185 Anchorcls: 0.7743 | Val F1: 0.4011 | 0.8s
  Epoch 276/800 | Total: 6.285 Edge: 0.308 Con: 0.143 Cls: 1.214 Anchorcls: 0.7545 | 0.8s
  Epoch 277/800 | Total: 6.194 Edge: 0.309 Con: 0.145 Cls: 1.213 Anchorcls: 0.7250 | 0.8s
  Epoch 278/800 | Total: 6.074 Edge: 0.311 Con: 0.143 Cls: 1.184 Anchorcls: 0.7132 | 0.8s
  Epoch 279/800 | Total: 6.139 Edge: 0.316 Con: 0.143 Cls: 1.194 Anchorcls: 0.7232 | 0.8s
  Epoch 280/800 | Total: 6.438 Edge: 0.319 Con: 0.141 Cls: 1.197 Anchorcls: 0.8193 | Val F1: 0.4064 | 0.8s
  Epoch 281/800 | Total: 6.300 Edge: 0.313 Con: 0.141 Cls: 1.191 Anchorcls: 0.7808 | 0.8s
  Epoch 282/800 | Total: 6.191 Edge: 0.309 Con: 0.143 Cls: 1.177 Anchorcls: 0.7598 | 0.8s
  Epoch 283/800 | Total: 6.213 Edge: 0.307 Con: 0.142 Cls: 1.192 Anchorcls: 0.7529 | 0.8s
  Epoch 284/800 | Total: 6.226 Edge: 0.310 Con: 0.144 Cls: 1.211 Anchorcls: 0.7369 | 0.8s
  Epoch 285/800 | Total: 6.509 Edge: 0.314 Con: 0.141 Cls: 1.228 Anchorcls: 0.8133 | Val F1: 0.4005 | 0.8s
  Epoch 286/800 | Total: 6.341 Edge: 0.319 Con: 0.143 Cls: 1.201 Anchorcls: 0.7827 | 0.8s
  Epoch 287/800 | Total: 6.373 Edge: 0.317 Con: 0.143 Cls: 1.226 Anchorcls: 0.7689 | 0.8s
  Epoch 288/800 | Total: 6.351 Edge: 0.323 Con: 0.144 Cls: 1.226 Anchorcls: 0.7596 | 0.8s
  Epoch 289/800 | Total: 6.317 Edge: 0.325 Con: 0.142 Cls: 1.226 Anchorcls: 0.7476 | 0.8s
  Epoch 290/800 | Total: 6.523 Edge: 0.319 Con: 0.142 Cls: 1.199 Anchorcls: 0.8455 | Val F1: 0.3857 | 0.8s
  Epoch 291/800 | Total: 6.341 Edge: 0.310 Con: 0.143 Cls: 1.198 Anchorcls: 0.7889 | 0.8s
  Epoch 292/800 | Total: 6.316 Edge: 0.308 Con: 0.143 Cls: 1.199 Anchorcls: 0.7801 | 0.8s
  Epoch 293/800 | Total: 6.254 Edge: 0.310 Con: 0.144 Cls: 1.196 Anchorcls: 0.7614 | 0.8s
  Epoch 294/800 | Total: 6.331 Edge: 0.311 Con: 0.145 Cls: 1.223 Anchorcls: 0.7596 | 0.8s
  Epoch 295/800 | Total: 6.621 Edge: 0.322 Con: 0.144 Cls: 1.233 Anchorcls: 0.8424 | Val F1: 0.3835 | 0.8s
  Epoch 296/800 | Total: 6.411 Edge: 0.317 Con: 0.144 Cls: 1.211 Anchorcls: 0.7961 | 0.8s
  Epoch 297/800 | Total: 6.297 Edge: 0.314 Con: 0.145 Cls: 1.210 Anchorcls: 0.7601 | 0.8s
  Epoch 298/800 | Total: 6.246 Edge: 0.313 Con: 0.142 Cls: 1.209 Anchorcls: 0.7456 | 0.8s
  Epoch 299/800 | Total: 6.192 Edge: 0.313 Con: 0.141 Cls: 1.203 Anchorcls: 0.7336 | 0.8s
  Epoch 300/800 | Total: 6.389 Edge: 0.313 Con: 0.143 Cls: 1.194 Anchorcls: 0.8076 | Val F1: 0.3997 | 0.8s
  Epoch 301/800 | Total: 6.284 Edge: 0.317 Con: 0.142 Cls: 1.189 Anchorcls: 0.7767 | 0.8s
  Epoch 302/800 | Total: 6.254 Edge: 0.316 Con: 0.141 Cls: 1.196 Anchorcls: 0.7598 | 0.8s
  Epoch 303/800 | Total: 6.120 Edge: 0.308 Con: 0.141 Cls: 1.177 Anchorcls: 0.7375 | 0.8s
  Epoch 304/800 | Total: 6.148 Edge: 0.310 Con: 0.143 Cls: 1.190 Anchorcls: 0.7320 | 0.8s
  Epoch 305/800 | Total: 6.422 Edge: 0.310 Con: 0.143 Cls: 1.198 Anchorcls: 0.8157 | Val F1: 0.4046 | 0.8s
  Epoch 306/800 | Total: 6.382 Edge: 0.320 Con: 0.142 Cls: 1.229 Anchorcls: 0.7678 | 0.8s
  Epoch 307/800 | Total: 6.187 Edge: 0.318 Con: 0.143 Cls: 1.198 Anchorcls: 0.7345 | 0.8s
  Epoch 308/800 | Total: 6.146 Edge: 0.315 Con: 0.144 Cls: 1.183 Anchorcls: 0.7371 | 0.8s
  Epoch 309/800 | Total: 6.082 Edge: 0.308 Con: 0.141 Cls: 1.192 Anchorcls: 0.7091 | 0.8s
  Epoch 310/800 | Total: 6.461 Edge: 0.308 Con: 0.143 Cls: 1.185 Anchorcls: 0.8421 | Val F1: 0.4123 | 0.8s
  Epoch 311/800 | Total: 6.325 Edge: 0.309 Con: 0.143 Cls: 1.194 Anchorcls: 0.7880 | 0.8s
  Epoch 312/800 | Total: 6.219 Edge: 0.306 Con: 0.144 Cls: 1.183 Anchorcls: 0.7637 | 0.8s
  Epoch 313/800 | Total: 6.408 Edge: 0.314 Con: 0.145 Cls: 1.222 Anchorcls: 0.7851 | 0.8s
  Epoch 314/800 | Total: 6.387 Edge: 0.316 Con: 0.147 Cls: 1.239 Anchorcls: 0.7603 | 0.8s
  Epoch 315/800 | Total: 6.441 Edge: 0.320 Con: 0.144 Cls: 1.210 Anchorcls: 0.8061 | Val F1: 0.4027 | 0.8s
  Epoch 316/800 | Total: 6.278 Edge: 0.310 Con: 0.141 Cls: 1.192 Anchorcls: 0.7736 | 0.8s
  Epoch 317/800 | Total: 6.161 Edge: 0.305 Con: 0.143 Cls: 1.172 Anchorcls: 0.7566 | 0.8s
  Epoch 318/800 | Total: 6.083 Edge: 0.306 Con: 0.142 Cls: 1.159 Anchorcls: 0.7431 | 0.8s
  Epoch 319/800 | Total: 6.098 Edge: 0.304 Con: 0.141 Cls: 1.172 Anchorcls: 0.7354 | 0.8s
  Epoch 320/800 | Total: 6.360 Edge: 0.302 Con: 0.141 Cls: 1.174 Anchorcls: 0.8215 | Val F1: 0.4118 | 0.8s
  Epoch 321/800 | Total: 6.288 Edge: 0.306 Con: 0.142 Cls: 1.188 Anchorcls: 0.7827 | 0.8s
  Epoch 322/800 | Total: 6.293 Edge: 0.307 Con: 0.143 Cls: 1.199 Anchorcls: 0.7723 | 0.8s
  Epoch 323/800 | Total: 6.615 Edge: 0.318 Con: 0.145 Cls: 1.304 Anchorcls: 0.7703 | 0.8s
  Epoch 324/800 | Total: 6.409 Edge: 0.320 Con: 0.144 Cls: 1.241 Anchorcls: 0.7650 | 0.8s
  Epoch 325/800 | Total: 6.582 Edge: 0.317 Con: 0.143 Cls: 1.216 Anchorcls: 0.8490 | Val F1: 0.3904 | 0.8s
  Epoch 326/800 | Total: 6.473 Edge: 0.337 Con: 0.144 Cls: 1.231 Anchorcls: 0.7909 | 0.8s
  Epoch 327/800 | Total: 6.361 Edge: 0.332 Con: 0.143 Cls: 1.208 Anchorcls: 0.7775 | 0.8s
  Epoch 328/800 | Total: 6.249 Edge: 0.318 Con: 0.141 Cls: 1.185 Anchorcls: 0.7687 | 0.8s
  Epoch 329/800 | Total: 6.242 Edge: 0.317 Con: 0.143 Cls: 1.201 Anchorcls: 0.7502 | 0.8s
  Epoch 330/800 | Total: 6.453 Edge: 0.318 Con: 0.143 Cls: 1.207 Anchorcls: 0.8138 | Val F1: 0.4070 | 0.8s
  Epoch 331/800 | Total: 6.332 Edge: 0.315 Con: 0.142 Cls: 1.211 Anchorcls: 0.7707 | 0.8s
  Epoch 332/800 | Total: 6.175 Edge: 0.310 Con: 0.143 Cls: 1.184 Anchorcls: 0.7470 | 0.8s
  Epoch 333/800 | Total: 6.121 Edge: 0.307 Con: 0.140 Cls: 1.175 Anchorcls: 0.7396 | 0.8s
  Epoch 334/800 | Total: 6.191 Edge: 0.310 Con: 0.142 Cls: 1.199 Anchorcls: 0.7375 | 0.8s
  Epoch 335/800 | Total: 6.404 Edge: 0.308 Con: 0.144 Cls: 1.185 Anchorcls: 0.8224 | Val F1: 0.4042 | 0.8s
  Epoch 336/800 | Total: 6.256 Edge: 0.310 Con: 0.144 Cls: 1.189 Anchorcls: 0.7693 | 0.8s
  Epoch 337/800 | Total: 6.195 Edge: 0.305 Con: 0.143 Cls: 1.190 Anchorcls: 0.7497 | 0.8s
  Epoch 338/800 | Total: 6.210 Edge: 0.314 Con: 0.143 Cls: 1.196 Anchorcls: 0.7449 | 0.8s
  Epoch 339/800 | Total: 6.128 Edge: 0.318 Con: 0.142 Cls: 1.185 Anchorcls: 0.7283 | 0.8s
  Epoch 340/800 | Total: 6.376 Edge: 0.321 Con: 0.143 Cls: 1.171 Anchorcls: 0.8236 | Val F1: 0.4162 | 0.8s
  Epoch 341/800 | Total: 6.237 Edge: 0.311 Con: 0.142 Cls: 1.166 Anchorcls: 0.7861 | 0.8s
  Epoch 342/800 | Total: 6.123 Edge: 0.306 Con: 0.141 Cls: 1.156 Anchorcls: 0.7601 | 0.8s
  Epoch 343/800 | Total: 6.128 Edge: 0.304 Con: 0.140 Cls: 1.165 Anchorcls: 0.7536 | 0.8s
  Epoch 344/800 | Total: 6.039 Edge: 0.302 Con: 0.143 Cls: 1.143 Anchorcls: 0.7455 | 0.8s
  Epoch 345/800 | Total: 6.315 Edge: 0.303 Con: 0.140 Cls: 1.160 Anchorcls: 0.8204 | Val F1: 0.4116 | 0.8s
  Epoch 346/800 | Total: 6.237 Edge: 0.304 Con: 0.142 Cls: 1.172 Anchorcls: 0.7827 | 0.8s
  Epoch 347/800 | Total: 6.226 Edge: 0.303 Con: 0.142 Cls: 1.185 Anchorcls: 0.7655 | 0.8s
  Epoch 348/800 | Total: 6.192 Edge: 0.304 Con: 0.142 Cls: 1.188 Anchorcls: 0.7511 | 0.8s
  Epoch 349/800 | Total: 6.133 Edge: 0.303 Con: 0.142 Cls: 1.181 Anchorcls: 0.7387 | 0.8s
  Epoch 350/800 | Total: 6.374 Edge: 0.307 Con: 0.143 Cls: 1.177 Anchorcls: 0.8215 | Val F1: 0.4061 | 0.8s
  Epoch 351/800 | Total: 6.340 Edge: 0.303 Con: 0.142 Cls: 1.214 Anchorcls: 0.7748 | 0.8s
  Epoch 352/800 | Total: 6.255 Edge: 0.316 Con: 0.141 Cls: 1.202 Anchorcls: 0.7544 | 0.8s
  Epoch 353/800 | Total: 6.127 Edge: 0.307 Con: 0.141 Cls: 1.176 Anchorcls: 0.7400 | 0.8s
  Epoch 354/800 | Total: 6.040 Edge: 0.303 Con: 0.142 Cls: 1.159 Anchorcls: 0.7299 | 0.8s
  Epoch 355/800 | Total: 6.307 Edge: 0.300 Con: 0.142 Cls: 1.156 Anchorcls: 0.8224 | Val F1: 0.4018 | 0.8s
  Epoch 356/800 | Total: 6.217 Edge: 0.305 Con: 0.140 Cls: 1.169 Anchorcls: 0.7777 | 0.8s
  Epoch 357/800 | Total: 6.119 Edge: 0.308 Con: 0.142 Cls: 1.165 Anchorcls: 0.7486 | 0.8s
  Epoch 358/800 | Total: 6.144 Edge: 0.308 Con: 0.141 Cls: 1.178 Anchorcls: 0.7445 | 0.8s
  Epoch 359/800 | Total: 6.139 Edge: 0.305 Con: 0.141 Cls: 1.183 Anchorcls: 0.7378 | 0.8s
  Epoch 360/800 | Total: 6.392 Edge: 0.305 Con: 0.143 Cls: 1.184 Anchorcls: 0.8217 | Val F1: 0.3811 | 0.8s
  Epoch 361/800 | Total: 6.369 Edge: 0.316 Con: 0.142 Cls: 1.220 Anchorcls: 0.7738 | 0.8s
  Epoch 362/800 | Total: 6.266 Edge: 0.316 Con: 0.143 Cls: 1.209 Anchorcls: 0.7507 | 0.8s
  Epoch 363/800 | Total: 6.129 Edge: 0.307 Con: 0.143 Cls: 1.181 Anchorcls: 0.7353 | 0.8s
  Epoch 364/800 | Total: 6.436 Edge: 0.317 Con: 0.144 Cls: 1.281 Anchorcls: 0.7343 | 0.8s
  Epoch 365/800 | Total: 6.628 Edge: 0.324 Con: 0.145 Cls: 1.249 Anchorcls: 0.8279 | Val F1: 0.3794 | 0.8s
  Epoch 366/800 | Total: 6.353 Edge: 0.321 Con: 0.142 Cls: 1.202 Anchorcls: 0.7852 | 0.8s
  Epoch 367/800 | Total: 6.215 Edge: 0.310 Con: 0.141 Cls: 1.177 Anchorcls: 0.7683 | 0.8s
  Epoch 368/800 | Total: 6.131 Edge: 0.308 Con: 0.142 Cls: 1.165 Anchorcls: 0.7517 | 0.8s
  Epoch 369/800 | Total: 6.123 Edge: 0.301 Con: 0.141 Cls: 1.167 Anchorcls: 0.7503 | 0.8s
  Epoch 370/800 | Total: 6.415 Edge: 0.303 Con: 0.142 Cls: 1.209 Anchorcls: 0.8044 | Val F1: 0.4068 | 0.8s
  Epoch 371/800 | Total: 6.149 Edge: 0.299 Con: 0.141 Cls: 1.164 Anchorcls: 0.7627 | 0.8s
  Epoch 372/800 | Total: 6.076 Edge: 0.300 Con: 0.141 Cls: 1.152 Anchorcls: 0.7505 | 0.8s
  Epoch 373/800 | Total: 6.021 Edge: 0.296 Con: 0.139 Cls: 1.146 Anchorcls: 0.7393 | 0.8s
  Epoch 374/800 | Total: 6.013 Edge: 0.300 Con: 0.141 Cls: 1.157 Anchorcls: 0.7236 | 0.8s
  Epoch 375/800 | Total: 6.425 Edge: 0.302 Con: 0.140 Cls: 1.163 Anchorcls: 0.8542 | Val F1: 0.4067 | 0.8s
  Epoch 376/800 | Total: 6.231 Edge: 0.302 Con: 0.141 Cls: 1.148 Anchorcls: 0.8045 | 0.8s
  Epoch 377/800 | Total: 6.135 Edge: 0.296 Con: 0.140 Cls: 1.140 Anchorcls: 0.7829 | 0.8s
  Epoch 378/800 | Total: 6.094 Edge: 0.296 Con: 0.140 Cls: 1.145 Anchorcls: 0.7646 | 0.8s
  Epoch 379/800 | Total: 6.189 Edge: 0.299 Con: 0.144 Cls: 1.179 Anchorcls: 0.7607 | 0.8s
  Epoch 380/800 | Total: 6.210 Edge: 0.298 Con: 0.142 Cls: 1.158 Anchorcls: 0.7888 | Val F1: 0.4060 | 0.8s
  Epoch 381/800 | Total: 6.085 Edge: 0.299 Con: 0.141 Cls: 1.167 Anchorcls: 0.7381 | 0.8s
  Epoch 382/800 | Total: 6.100 Edge: 0.306 Con: 0.142 Cls: 1.172 Anchorcls: 0.7356 | 0.8s
  Epoch 383/800 | Total: 6.085 Edge: 0.333 Con: 0.143 Cls: 1.175 Anchorcls: 0.7183 | 0.8s
  Epoch 384/800 | Total: 6.009 Edge: 0.315 Con: 0.144 Cls: 1.173 Anchorcls: 0.7013 | 0.8s
  Epoch 385/800 | Total: 6.479 Edge: 0.312 Con: 0.142 Cls: 1.206 Anchorcls: 0.8264 | Val F1: 0.4067 | 0.9s
  Epoch 386/800 | Total: 6.258 Edge: 0.303 Con: 0.144 Cls: 1.182 Anchorcls: 0.7792 | 0.8s
  Epoch 387/800 | Total: 6.238 Edge: 0.302 Con: 0.142 Cls: 1.194 Anchorcls: 0.7613 | 0.8s
  Epoch 388/800 | Total: 6.201 Edge: 0.304 Con: 0.144 Cls: 1.199 Anchorcls: 0.7430 | 0.8s
  Epoch 389/800 | Total: 6.140 Edge: 0.299 Con: 0.142 Cls: 1.188 Anchorcls: 0.7350 | 0.8s
  Epoch 390/800 | Total: 6.354 Edge: 0.298 Con: 0.141 Cls: 1.162 Anchorcls: 0.8331 | Val F1: 0.4198 | 0.9s
  Epoch 391/800 | Total: 6.274 Edge: 0.313 Con: 0.141 Cls: 1.153 Anchorcls: 0.8102 | 0.8s
  Epoch 392/800 | Total: 6.139 Edge: 0.310 Con: 0.141 Cls: 1.144 Anchorcls: 0.7753 | 0.8s
  Epoch 393/800 | Total: 6.073 Edge: 0.301 Con: 0.140 Cls: 1.142 Anchorcls: 0.7590 | 0.8s
  Epoch 394/800 | Total: 6.050 Edge: 0.298 Con: 0.141 Cls: 1.144 Anchorcls: 0.7501 | 0.8s
  Epoch 395/800 | Total: 6.250 Edge: 0.298 Con: 0.141 Cls: 1.133 Anchorcls: 0.8273 | Val F1: 0.4119 | 0.8s
  Epoch 396/800 | Total: 6.143 Edge: 0.297 Con: 0.141 Cls: 1.144 Anchorcls: 0.7813 | 0.8s
  Epoch 397/800 | Total: 6.124 Edge: 0.295 Con: 0.142 Cls: 1.156 Anchorcls: 0.7636 | 0.8s
  Epoch 398/800 | Total: 6.043 Edge: 0.294 Con: 0.141 Cls: 1.151 Anchorcls: 0.7420 | 0.8s
  Epoch 399/800 | Total: 5.984 Edge: 0.291 Con: 0.140 Cls: 1.146 Anchorcls: 0.7280 | 0.8s
  Epoch 400/800 | Total: 6.334 Edge: 0.296 Con: 0.141 Cls: 1.157 Anchorcls: 0.8321 | Val F1: 0.4074 | 0.8s
  Epoch 401/800 | Total: 6.266 Edge: 0.298 Con: 0.142 Cls: 1.181 Anchorcls: 0.7846 | 0.8s
  Epoch 402/800 | Total: 6.220 Edge: 0.307 Con: 0.142 Cls: 1.175 Anchorcls: 0.7727 | 0.8s
  Epoch 403/800 | Total: 6.245 Edge: 0.308 Con: 0.142 Cls: 1.188 Anchorcls: 0.7674 | 0.8s
  Epoch 404/800 | Total: 6.168 Edge: 0.313 Con: 0.141 Cls: 1.169 Anchorcls: 0.7593 | 0.8s
  Epoch 405/800 | Total: 6.456 Edge: 0.327 Con: 0.142 Cls: 1.188 Anchorcls: 0.8313 | Val F1: 0.4063 | 0.8s
  Epoch 406/800 | Total: 6.327 Edge: 0.310 Con: 0.144 Cls: 1.187 Anchorcls: 0.7941 | 0.8s
  Epoch 407/800 | Total: 6.200 Edge: 0.308 Con: 0.144 Cls: 1.165 Anchorcls: 0.7745 | 0.8s
  Epoch 408/800 | Total: 6.161 Edge: 0.300 Con: 0.140 Cls: 1.168 Anchorcls: 0.7619 | 0.8s
  Epoch 409/800 | Total: 6.123 Edge: 0.303 Con: 0.144 Cls: 1.172 Anchorcls: 0.7437 | 0.8s
  Epoch 410/800 | Total: 6.349 Edge: 0.303 Con: 0.141 Cls: 1.175 Anchorcls: 0.8172 | Val F1: 0.4071 | 0.8s
  Epoch 411/800 | Total: 6.158 Edge: 0.302 Con: 0.140 Cls: 1.147 Anchorcls: 0.7812 | 0.8s
  Epoch 412/800 | Total: 6.123 Edge: 0.298 Con: 0.141 Cls: 1.153 Anchorcls: 0.7652 | 0.8s
  Epoch 413/800 | Total: 6.014 Edge: 0.296 Con: 0.143 Cls: 1.132 Anchorcls: 0.7501 | 0.8s
  Epoch 414/800 | Total: 6.043 Edge: 0.298 Con: 0.141 Cls: 1.158 Anchorcls: 0.7329 | 0.8s
  Epoch 415/800 | Total: 6.311 Edge: 0.304 Con: 0.145 Cls: 1.155 Anchorcls: 0.8237 | Val F1: 0.4069 | 0.8s
  Epoch 416/800 | Total: 6.156 Edge: 0.305 Con: 0.141 Cls: 1.154 Anchorcls: 0.7726 | 0.8s
  Epoch 417/800 | Total: 6.196 Edge: 0.308 Con: 0.144 Cls: 1.182 Anchorcls: 0.7569 | 0.8s
  Epoch 418/800 | Total: 7.500 Edge: 0.354 Con: 0.155 Cls: 1.567 Anchorcls: 0.7887 | 0.8s
  Epoch 419/800 | Total: 7.272 Edge: 0.368 Con: 0.157 Cls: 1.492 Anchorcls: 0.7830 | 0.8s
  Epoch 420/800 | Total: 6.910 Edge: 0.347 Con: 0.151 Cls: 1.345 Anchorcls: 0.8170 | Val F1: 0.3805 | 0.9s
  Epoch 421/800 | Total: 6.548 Edge: 0.341 Con: 0.146 Cls: 1.237 Anchorcls: 0.8076 | 0.8s
  Epoch 422/800 | Total: 6.269 Edge: 0.317 Con: 0.144 Cls: 1.196 Anchorcls: 0.7638 | 0.8s
  Epoch 423/800 | Total: 6.179 Edge: 0.315 Con: 0.144 Cls: 1.178 Anchorcls: 0.7529 | 0.8s
  Epoch 424/800 | Total: 6.163 Edge: 0.315 Con: 0.144 Cls: 1.181 Anchorcls: 0.7447 | 0.8s
  Epoch 425/800 | Total: 6.431 Edge: 0.308 Con: 0.145 Cls: 1.198 Anchorcls: 0.8192 | Val F1: 0.4063 | 0.8s
  Epoch 426/800 | Total: 6.269 Edge: 0.303 Con: 0.144 Cls: 1.178 Anchorcls: 0.7863 | 0.8s
  Epoch 427/800 | Total: 6.286 Edge: 0.306 Con: 0.145 Cls: 1.205 Anchorcls: 0.7638 | 0.8s
  Epoch 428/800 | Total: 6.138 Edge: 0.302 Con: 0.146 Cls: 1.170 Anchorcls: 0.7511 | 0.8s
  Epoch 429/800 | Total: 6.031 Edge: 0.302 Con: 0.144 Cls: 1.147 Anchorcls: 0.7382 | 0.8s
  Epoch 430/800 | Total: 6.322 Edge: 0.301 Con: 0.144 Cls: 1.141 Anchorcls: 0.8423 | Val F1: 0.4061 | 0.8s
  Epoch 431/800 | Total: 6.218 Edge: 0.299 Con: 0.144 Cls: 1.156 Anchorcls: 0.7933 | 0.8s
  Epoch 432/800 | Total: 6.150 Edge: 0.303 Con: 0.144 Cls: 1.156 Anchorcls: 0.7694 | 0.8s
  Epoch 433/800 | Total: 6.039 Edge: 0.297 Con: 0.145 Cls: 1.138 Anchorcls: 0.7518 | 0.8s
  Epoch 434/800 | Total: 5.973 Edge: 0.296 Con: 0.144 Cls: 1.127 Anchorcls: 0.7409 | 0.8s
  Epoch 435/800 | Total: 6.237 Edge: 0.294 Con: 0.142 Cls: 1.125 Anchorcls: 0.8323 | Val F1: 0.4136 | 0.8s
  Epoch 436/800 | Total: 6.087 Edge: 0.294 Con: 0.143 Cls: 1.130 Anchorcls: 0.7777 | 0.8s
  Epoch 437/800 | Total: 6.072 Edge: 0.296 Con: 0.143 Cls: 1.140 Anchorcls: 0.7612 | 0.8s
  Epoch 438/800 | Total: 6.008 Edge: 0.296 Con: 0.143 Cls: 1.135 Anchorcls: 0.7449 | 0.8s
  Epoch 439/800 | Total: 5.984 Edge: 0.296 Con: 0.144 Cls: 1.136 Anchorcls: 0.7363 | 0.8s
  Epoch 440/800 | Total: 6.219 Edge: 0.296 Con: 0.142 Cls: 1.156 Anchorcls: 0.7943 | Val F1: 0.4123 | 0.8s
  Epoch 441/800 | Total: 6.107 Edge: 0.305 Con: 0.142 Cls: 1.156 Anchorcls: 0.7547 | 0.8s
  Epoch 442/800 | Total: 6.120 Edge: 0.302 Con: 0.144 Cls: 1.186 Anchorcls: 0.7288 | 0.8s
  Epoch 443/800 | Total: 6.076 Edge: 0.309 Con: 0.144 Cls: 1.180 Anchorcls: 0.7185 | 0.8s
  Epoch 444/800 | Total: 5.944 Edge: 0.307 Con: 0.141 Cls: 1.155 Anchorcls: 0.7011 | 0.8s
  Epoch 445/800 | Total: 6.412 Edge: 0.302 Con: 0.142 Cls: 1.157 Anchorcls: 0.8559 | Val F1: 0.4115 | 0.8s
  Epoch 446/800 | Total: 6.261 Edge: 0.300 Con: 0.142 Cls: 1.171 Anchorcls: 0.7920 | 0.8s
  Epoch 447/800 | Total: 6.116 Edge: 0.296 Con: 0.144 Cls: 1.137 Anchorcls: 0.7789 | 0.8s
  Epoch 448/800 | Total: 6.211 Edge: 0.300 Con: 0.144 Cls: 1.182 Anchorcls: 0.7645 | 0.8s
  Epoch 449/800 | Total: 6.156 Edge: 0.302 Con: 0.145 Cls: 1.172 Anchorcls: 0.7555 | 0.8s
  Epoch 450/800 | Total: 6.448 Edge: 0.304 Con: 0.142 Cls: 1.173 Anchorcls: 0.8520 | Val F1: 0.4171 | 0.8s
  Epoch 451/800 | Total: 6.229 Edge: 0.304 Con: 0.142 Cls: 1.156 Anchorcls: 0.7959 | 0.8s
  Epoch 452/800 | Total: 6.118 Edge: 0.301 Con: 0.143 Cls: 1.148 Anchorcls: 0.7677 | 0.8s
  Epoch 453/800 | Total: 6.145 Edge: 0.301 Con: 0.142 Cls: 1.183 Anchorcls: 0.7411 | 0.8s
  Epoch 454/800 | Total: 6.078 Edge: 0.298 Con: 0.143 Cls: 1.175 Anchorcls: 0.7282 | 0.8s
  Epoch 455/800 | Total: 6.259 Edge: 0.296 Con: 0.143 Cls: 1.153 Anchorcls: 0.8112 | Val F1: 0.4194 | 0.8s
  Epoch 456/800 | Total: 6.065 Edge: 0.298 Con: 0.143 Cls: 1.147 Anchorcls: 0.7516 | 0.8s
  Epoch 457/800 | Total: 6.025 Edge: 0.307 Con: 0.141 Cls: 1.148 Anchorcls: 0.7342 | 0.8s
  Epoch 458/800 | Total: 5.902 Edge: 0.302 Con: 0.142 Cls: 1.133 Anchorcls: 0.7102 | 0.8s
  Epoch 459/800 | Total: 5.974 Edge: 0.300 Con: 0.143 Cls: 1.159 Anchorcls: 0.7081 | 0.8s
  Epoch 460/800 | Total: 6.196 Edge: 0.299 Con: 0.144 Cls: 1.142 Anchorcls: 0.7999 | Val F1: 0.4225 | 0.8s
  Epoch 461/800 | Total: 6.101 Edge: 0.298 Con: 0.143 Cls: 1.137 Anchorcls: 0.7734 | 0.8s
  Epoch 462/800 | Total: 6.027 Edge: 0.297 Con: 0.143 Cls: 1.142 Anchorcls: 0.7444 | 0.8s
  Epoch 463/800 | Total: 5.958 Edge: 0.291 Con: 0.142 Cls: 1.132 Anchorcls: 0.7339 | 0.8s
  Epoch 464/800 | Total: 5.918 Edge: 0.296 Con: 0.145 Cls: 1.140 Anchorcls: 0.7102 | 0.8s
  Epoch 465/800 | Total: 6.216 Edge: 0.291 Con: 0.143 Cls: 1.130 Anchorcls: 0.8218 | Val F1: 0.4230 | 0.8s
  Epoch 466/800 | Total: 6.061 Edge: 0.292 Con: 0.141 Cls: 1.127 Anchorcls: 0.7729 | 0.8s
  Epoch 467/800 | Total: 6.066 Edge: 0.288 Con: 0.142 Cls: 1.149 Anchorcls: 0.7541 | 0.8s
  Epoch 468/800 | Total: 5.996 Edge: 0.292 Con: 0.142 Cls: 1.135 Anchorcls: 0.7431 | 0.8s
  Epoch 469/800 | Total: 5.960 Edge: 0.291 Con: 0.142 Cls: 1.133 Anchorcls: 0.7325 | 0.8s
  Epoch 470/800 | Total: 6.088 Edge: 0.293 Con: 0.142 Cls: 1.131 Anchorcls: 0.7772 | Val F1: 0.4250 | 0.8s
  Epoch 471/800 | Total: 5.945 Edge: 0.295 Con: 0.141 Cls: 1.126 Anchorcls: 0.7341 | 0.8s
  Epoch 472/800 | Total: 5.916 Edge: 0.297 Con: 0.141 Cls: 1.125 Anchorcls: 0.7240 | 0.8s
  Epoch 473/800 | Total: 5.836 Edge: 0.297 Con: 0.143 Cls: 1.114 Anchorcls: 0.7090 | 0.8s
  Epoch 474/800 | Total: 5.818 Edge: 0.292 Con: 0.141 Cls: 1.117 Anchorcls: 0.7018 | 0.8s
  Epoch 475/800 | Total: 6.216 Edge: 0.291 Con: 0.143 Cls: 1.118 Anchorcls: 0.8332 | Val F1: 0.4120 | 0.8s
  Epoch 476/800 | Total: 6.144 Edge: 0.294 Con: 0.143 Cls: 1.125 Anchorcls: 0.8008 | 0.8s
  Epoch 477/800 | Total: 6.125 Edge: 0.293 Con: 0.143 Cls: 1.144 Anchorcls: 0.7758 | 0.8s
  Epoch 478/800 | Total: 6.047 Edge: 0.296 Con: 0.141 Cls: 1.137 Anchorcls: 0.7558 | 0.8s
  Epoch 479/800 | Total: 6.083 Edge: 0.292 Con: 0.143 Cls: 1.154 Anchorcls: 0.7526 | 0.8s
  Epoch 480/800 | Total: 6.190 Edge: 0.295 Con: 0.144 Cls: 1.135 Anchorcls: 0.8055 | Val F1: 0.4212 | 0.8s
  Epoch 481/800 | Total: 6.032 Edge: 0.293 Con: 0.143 Cls: 1.134 Anchorcls: 0.7557 | 0.8s
  Epoch 482/800 | Total: 5.962 Edge: 0.300 Con: 0.144 Cls: 1.125 Anchorcls: 0.7383 | 0.8s
  Epoch 483/800 | Total: 5.991 Edge: 0.301 Con: 0.143 Cls: 1.127 Anchorcls: 0.7460 | 0.8s
  Epoch 484/800 | Total: 5.900 Edge: 0.295 Con: 0.143 Cls: 1.118 Anchorcls: 0.7265 | 0.8s
  Epoch 485/800 | Total: 6.261 Edge: 0.299 Con: 0.141 Cls: 1.135 Anchorcls: 0.8287 | Val F1: 0.4114 | 0.8s
  Epoch 486/800 | Total: 6.105 Edge: 0.293 Con: 0.140 Cls: 1.129 Anchorcls: 0.7853 | 0.8s
  Epoch 487/800 | Total: 6.016 Edge: 0.291 Con: 0.140 Cls: 1.122 Anchorcls: 0.7632 | 0.8s
  Epoch 488/800 | Total: 5.983 Edge: 0.296 Con: 0.142 Cls: 1.120 Anchorcls: 0.7523 | 0.8s
  Epoch 489/800 | Total: 5.931 Edge: 0.290 Con: 0.141 Cls: 1.108 Anchorcls: 0.7487 | 0.8s
  Epoch 490/800 | Total: 6.010 Edge: 0.291 Con: 0.143 Cls: 1.106 Anchorcls: 0.7761 | Val F1: 0.4300 | 0.8s
  Epoch 491/800 | Total: 5.996 Edge: 0.291 Con: 0.142 Cls: 1.132 Anchorcls: 0.7460 | 0.8s
  Epoch 492/800 | Total: 6.028 Edge: 0.300 Con: 0.142 Cls: 1.140 Anchorcls: 0.7457 | 0.8s
  Epoch 493/800 | Total: 6.253 Edge: 0.309 Con: 0.146 Cls: 1.213 Anchorcls: 0.7436 | 0.8s
  Epoch 494/800 | Total: 6.107 Edge: 0.310 Con: 0.143 Cls: 1.174 Anchorcls: 0.7346 | 0.8s
  Epoch 495/800 | Total: 6.347 Edge: 0.306 Con: 0.143 Cls: 1.172 Anchorcls: 0.8178 | Val F1: 0.4171 | 0.9s
  Epoch 496/800 | Total: 6.131 Edge: 0.300 Con: 0.143 Cls: 1.149 Anchorcls: 0.7704 | 0.8s
  Epoch 497/800 | Total: 6.110 Edge: 0.298 Con: 0.141 Cls: 1.151 Anchorcls: 0.7632 | 0.8s
  Epoch 498/800 | Total: 6.114 Edge: 0.295 Con: 0.141 Cls: 1.163 Anchorcls: 0.7532 | 0.8s
  Epoch 499/800 | Total: 6.208 Edge: 0.299 Con: 0.141 Cls: 1.199 Anchorcls: 0.7465 | 0.8s
  Epoch 500/800 | Total: 6.202 Edge: 0.296 Con: 0.144 Cls: 1.138 Anchorcls: 0.8070 | Val F1: 0.4177 | 0.8s
  Epoch 501/800 | Total: 6.240 Edge: 0.294 Con: 0.142 Cls: 1.181 Anchorcls: 0.7779 | 0.8s
  Epoch 502/800 | Total: 6.578 Edge: 0.315 Con: 0.149 Cls: 1.312 Anchorcls: 0.7513 | 0.8s
  Epoch 503/800 | Total: 6.449 Edge: 0.313 Con: 0.146 Cls: 1.280 Anchorcls: 0.7408 | 0.8s
  Epoch 504/800 | Total: 6.213 Edge: 0.314 Con: 0.144 Cls: 1.210 Anchorcls: 0.7324 | 0.8s
  Epoch 505/800 | Total: 6.400 Edge: 0.308 Con: 0.142 Cls: 1.199 Anchorcls: 0.8082 | Val F1: 0.4115 | 0.8s
  Epoch 506/800 | Total: 6.273 Edge: 0.301 Con: 0.144 Cls: 1.188 Anchorcls: 0.7788 | 0.8s
  Epoch 507/800 | Total: 6.193 Edge: 0.296 Con: 0.141 Cls: 1.170 Anchorcls: 0.7726 | 0.8s
  Epoch 508/800 | Total: 6.044 Edge: 0.293 Con: 0.144 Cls: 1.141 Anchorcls: 0.7521 | 0.8s
  Epoch 509/800 | Total: 5.911 Edge: 0.289 Con: 0.141 Cls: 1.114 Anchorcls: 0.7367 | 0.8s
  Epoch 510/800 | Total: 6.084 Edge: 0.289 Con: 0.144 Cls: 1.122 Anchorcls: 0.7859 | Val F1: 0.4238 | 0.8s
  Epoch 511/800 | Total: 6.012 Edge: 0.293 Con: 0.144 Cls: 1.121 Anchorcls: 0.7612 | 0.8s
  Epoch 512/800 | Total: 5.918 Edge: 0.290 Con: 0.142 Cls: 1.111 Anchorcls: 0.7416 | 0.8s
  Epoch 513/800 | Total: 5.961 Edge: 0.293 Con: 0.143 Cls: 1.130 Anchorcls: 0.7354 | 0.8s
  Epoch 514/800 | Total: 5.905 Edge: 0.291 Con: 0.143 Cls: 1.132 Anchorcls: 0.7156 | 0.8s
  Epoch 515/800 | Total: 6.085 Edge: 0.293 Con: 0.144 Cls: 1.123 Anchorcls: 0.7841 | Val F1: 0.4191 | 0.8s
  Epoch 516/800 | Total: 5.954 Edge: 0.295 Con: 0.145 Cls: 1.136 Anchorcls: 0.7263 | 0.8s
  Epoch 517/800 | Total: 5.960 Edge: 0.297 Con: 0.144 Cls: 1.151 Anchorcls: 0.7131 | 0.8s
  Epoch 518/800 | Total: 5.808 Edge: 0.299 Con: 0.142 Cls: 1.121 Anchorcls: 0.6919 | 0.8s
  Epoch 519/800 | Total: 5.742 Edge: 0.297 Con: 0.141 Cls: 1.115 Anchorcls: 0.6767 | 0.8s
  Epoch 520/800 | Total: 6.216 Edge: 0.292 Con: 0.143 Cls: 1.141 Anchorcls: 0.8096 | Val F1: 0.4137 | 0.8s
  Epoch 521/800 | Total: 6.028 Edge: 0.291 Con: 0.145 Cls: 1.125 Anchorcls: 0.7630 | 0.8s
  Epoch 522/800 | Total: 5.945 Edge: 0.287 Con: 0.144 Cls: 1.117 Anchorcls: 0.7450 | 0.8s
  Epoch 523/800 | Total: 5.886 Edge: 0.286 Con: 0.143 Cls: 1.110 Anchorcls: 0.7331 | 0.8s
  Epoch 524/800 | Total: 5.838 Edge: 0.288 Con: 0.142 Cls: 1.105 Anchorcls: 0.7217 | 0.8s
  Epoch 525/800 | Total: 6.087 Edge: 0.293 Con: 0.142 Cls: 1.101 Anchorcls: 0.8072 | Val F1: 0.4219 | 0.8s
  Epoch 526/800 | Total: 6.012 Edge: 0.300 Con: 0.143 Cls: 1.118 Anchorcls: 0.7622 | 0.8s
  Epoch 527/800 | Total: 5.912 Edge: 0.297 Con: 0.143 Cls: 1.116 Anchorcls: 0.7318 | 0.8s
  Epoch 528/800 | Total: 5.845 Edge: 0.292 Con: 0.143 Cls: 1.112 Anchorcls: 0.7155 | 0.8s
  Epoch 529/800 | Total: 5.840 Edge: 0.290 Con: 0.142 Cls: 1.118 Anchorcls: 0.7079 | 0.8s
  Epoch 530/800 | Total: 6.164 Edge: 0.294 Con: 0.144 Cls: 1.129 Anchorcls: 0.8037 | Val F1: 0.4210 | 0.8s
  Epoch 531/800 | Total: 6.016 Edge: 0.296 Con: 0.143 Cls: 1.126 Anchorcls: 0.7568 | 0.8s
  Epoch 532/800 | Total: 5.980 Edge: 0.298 Con: 0.143 Cls: 1.129 Anchorcls: 0.7406 | 0.8s
  Epoch 533/800 | Total: 5.911 Edge: 0.291 Con: 0.144 Cls: 1.119 Anchorcls: 0.7301 | 0.8s
  Epoch 534/800 | Total: 5.945 Edge: 0.293 Con: 0.143 Cls: 1.130 Anchorcls: 0.7302 | 0.8s
  Epoch 535/800 | Total: 6.207 Edge: 0.296 Con: 0.143 Cls: 1.127 Anchorcls: 0.8191 | Val F1: 0.4102 | 0.8s
  Epoch 536/800 | Total: 6.008 Edge: 0.291 Con: 0.144 Cls: 1.117 Anchorcls: 0.7641 | 0.8s
  Epoch 537/800 | Total: 5.979 Edge: 0.293 Con: 0.144 Cls: 1.121 Anchorcls: 0.7507 | 0.8s
  Epoch 538/800 | Total: 5.991 Edge: 0.292 Con: 0.144 Cls: 1.137 Anchorcls: 0.7383 | 0.8s
  Epoch 539/800 | Total: 5.923 Edge: 0.292 Con: 0.144 Cls: 1.128 Anchorcls: 0.7250 | 0.8s
  Epoch 540/800 | Total: 6.025 Edge: 0.287 Con: 0.143 Cls: 1.123 Anchorcls: 0.7659 | Val F1: 0.4180 | 0.8s
  Epoch 541/800 | Total: 6.082 Edge: 0.295 Con: 0.145 Cls: 1.168 Anchorcls: 0.7373 | 0.8s
  Epoch 542/800 | Total: 5.930 Edge: 0.295 Con: 0.144 Cls: 1.138 Anchorcls: 0.7166 | 0.8s
  Epoch 543/800 | Total: 5.916 Edge: 0.296 Con: 0.145 Cls: 1.140 Anchorcls: 0.7097 | 0.8s
  Epoch 544/800 | Total: 5.922 Edge: 0.295 Con: 0.143 Cls: 1.148 Anchorcls: 0.7033 | 0.8s
  Epoch 545/800 | Total: 6.357 Edge: 0.306 Con: 0.146 Cls: 1.180 Anchorcls: 0.8127 | Val F1: 0.4123 | 0.8s
  Epoch 546/800 | Total: 6.219 Edge: 0.307 Con: 0.146 Cls: 1.172 Anchorcls: 0.7744 | 0.8s
  Epoch 547/800 | Total: 6.096 Edge: 0.303 Con: 0.144 Cls: 1.154 Anchorcls: 0.7526 | 0.8s
  Epoch 548/800 | Total: 6.010 Edge: 0.298 Con: 0.145 Cls: 1.150 Anchorcls: 0.7298 | 0.8s
  Epoch 549/800 | Total: 5.920 Edge: 0.296 Con: 0.143 Cls: 1.136 Anchorcls: 0.7147 | 0.8s
  Epoch 550/800 | Total: 6.133 Edge: 0.308 Con: 0.143 Cls: 1.130 Anchorcls: 0.7879 | Val F1: 0.4262 | 0.8s
  Epoch 551/800 | Total: 6.016 Edge: 0.297 Con: 0.142 Cls: 1.123 Anchorcls: 0.7591 | 0.8s
  Epoch 552/800 | Total: 5.940 Edge: 0.302 Con: 0.142 Cls: 1.117 Anchorcls: 0.7383 | 0.8s
  Epoch 553/800 | Total: 5.934 Edge: 0.294 Con: 0.143 Cls: 1.123 Anchorcls: 0.7328 | 0.8s
  Epoch 554/800 | Total: 5.860 Edge: 0.295 Con: 0.142 Cls: 1.108 Anchorcls: 0.7233 | 0.8s
  Epoch 555/800 | Total: 6.153 Edge: 0.291 Con: 0.145 Cls: 1.121 Anchorcls: 0.8087 | Val F1: 0.4281 | 0.8s
  Epoch 556/800 | Total: 6.038 Edge: 0.295 Con: 0.145 Cls: 1.121 Anchorcls: 0.7690 | 0.8s
  Epoch 557/800 | Total: 5.953 Edge: 0.292 Con: 0.144 Cls: 1.112 Anchorcls: 0.7511 | 0.8s
  Epoch 558/800 | Total: 5.988 Edge: 0.291 Con: 0.144 Cls: 1.133 Anchorcls: 0.7415 | 0.8s
  Epoch 559/800 | Total: 6.007 Edge: 0.291 Con: 0.144 Cls: 1.126 Anchorcls: 0.7546 | 0.8s
  Epoch 560/800 | Total: 6.327 Edge: 0.298 Con: 0.146 Cls: 1.175 Anchorcls: 0.8105 | Val F1: 0.4094 | 0.8s
  Epoch 561/800 | Total: 6.286 Edge: 0.301 Con: 0.146 Cls: 1.188 Anchorcls: 0.7824 | 0.8s
  Epoch 562/800 | Total: 6.179 Edge: 0.300 Con: 0.147 Cls: 1.177 Anchorcls: 0.7576 | 0.8s
  Epoch 563/800 | Total: 6.060 Edge: 0.298 Con: 0.145 Cls: 1.150 Anchorcls: 0.7463 | 0.8s
  Epoch 564/800 | Total: 6.022 Edge: 0.298 Con: 0.145 Cls: 1.142 Anchorcls: 0.7417 | 0.8s
  Epoch 565/800 | Total: 6.120 Edge: 0.295 Con: 0.143 Cls: 1.115 Anchorcls: 0.8025 | Val F1: 0.4268 | 0.8s
  Epoch 566/800 | Total: 5.994 Edge: 0.293 Con: 0.145 Cls: 1.113 Anchorcls: 0.7635 | 0.8s
  Epoch 567/800 | Total: 5.927 Edge: 0.289 Con: 0.142 Cls: 1.113 Anchorcls: 0.7424 | 0.8s
  Epoch 568/800 | Total: 5.891 Edge: 0.286 Con: 0.144 Cls: 1.112 Anchorcls: 0.7322 | 0.8s
  Epoch 569/800 | Total: 5.923 Edge: 0.290 Con: 0.144 Cls: 1.118 Anchorcls: 0.7360 | 0.8s
  Epoch 570/800 | Total: 6.110 Edge: 0.290 Con: 0.145 Cls: 1.118 Anchorcls: 0.7976 | Val F1: 0.4306 | 0.8s
  Epoch 571/800 | Total: 6.040 Edge: 0.292 Con: 0.144 Cls: 1.127 Anchorcls: 0.7646 | 0.8s
  Epoch 572/800 | Total: 6.012 Edge: 0.293 Con: 0.144 Cls: 1.130 Anchorcls: 0.7523 | 0.8s
  Epoch 573/800 | Total: 5.927 Edge: 0.294 Con: 0.144 Cls: 1.119 Anchorcls: 0.7344 | 0.8s
  Epoch 574/800 | Total: 5.893 Edge: 0.292 Con: 0.143 Cls: 1.124 Anchorcls: 0.7187 | 0.8s
  Epoch 575/800 | Total: 6.242 Edge: 0.296 Con: 0.144 Cls: 1.158 Anchorcls: 0.7995 | Val F1: 0.4146 | 0.9s
  Epoch 576/800 | Total: 6.029 Edge: 0.290 Con: 0.142 Cls: 1.127 Anchorcls: 0.7627 | 0.8s
  Epoch 577/800 | Total: 5.920 Edge: 0.288 Con: 0.143 Cls: 1.110 Anchorcls: 0.7433 | 0.8s
  Epoch 578/800 | Total: 5.851 Edge: 0.286 Con: 0.142 Cls: 1.097 Anchorcls: 0.7344 | 0.8s
  Epoch 579/800 | Total: 5.776 Edge: 0.286 Con: 0.144 Cls: 1.092 Anchorcls: 0.7136 | 0.8s
  Epoch 580/800 | Total: 6.127 Edge: 0.285 Con: 0.145 Cls: 1.100 Anchorcls: 0.8229 | Val F1: 0.4259 | 0.9s
  Epoch 581/800 | Total: 5.966 Edge: 0.286 Con: 0.144 Cls: 1.089 Anchorcls: 0.7801 | 0.8s
  Epoch 582/800 | Total: 6.018 Edge: 0.292 Con: 0.143 Cls: 1.119 Anchorcls: 0.7659 | 0.8s
  Epoch 583/800 | Total: 5.975 Edge: 0.293 Con: 0.145 Cls: 1.117 Anchorcls: 0.7528 | 0.8s
  Epoch 584/800 | Total: 5.920 Edge: 0.291 Con: 0.144 Cls: 1.111 Anchorcls: 0.7416 | 0.8s
  Epoch 585/800 | Total: 6.212 Edge: 0.294 Con: 0.144 Cls: 1.133 Anchorcls: 0.8157 | Val F1: 0.4230 | 0.8s
  Epoch 586/800 | Total: 6.053 Edge: 0.288 Con: 0.143 Cls: 1.117 Anchorcls: 0.7810 | 0.8s
  Epoch 587/800 | Total: 6.013 Edge: 0.290 Con: 0.144 Cls: 1.116 Anchorcls: 0.7678 | 0.8s
  Epoch 588/800 | Total: 5.985 Edge: 0.290 Con: 0.141 Cls: 1.121 Anchorcls: 0.7537 | 0.8s
  Epoch 589/800 | Total: 5.916 Edge: 0.288 Con: 0.142 Cls: 1.108 Anchorcls: 0.7446 | 0.8s
  Epoch 590/800 | Total: 6.087 Edge: 0.292 Con: 0.143 Cls: 1.108 Anchorcls: 0.7997 | Val F1: 0.4327 | 0.8s
  Epoch 591/800 | Total: 5.971 Edge: 0.287 Con: 0.144 Cls: 1.106 Anchorcls: 0.7642 | 0.8s
  Epoch 592/800 | Total: 5.959 Edge: 0.287 Con: 0.144 Cls: 1.112 Anchorcls: 0.7544 | 0.8s
  Epoch 593/800 | Total: 5.853 Edge: 0.286 Con: 0.144 Cls: 1.101 Anchorcls: 0.7302 | 0.8s
  Epoch 594/800 | Total: 5.882 Edge: 0.286 Con: 0.144 Cls: 1.118 Anchorcls: 0.7236 | 0.8s
  Epoch 595/800 | Total: 6.092 Edge: 0.287 Con: 0.144 Cls: 1.105 Anchorcls: 0.8058 | Val F1: 0.4358 | 0.8s
  Epoch 596/800 | Total: 5.929 Edge: 0.284 Con: 0.144 Cls: 1.105 Anchorcls: 0.7532 | 0.8s
  Epoch 597/800 | Total: 5.844 Edge: 0.288 Con: 0.144 Cls: 1.097 Anchorcls: 0.7311 | 0.8s
  Epoch 598/800 | Total: 5.855 Edge: 0.294 Con: 0.143 Cls: 1.104 Anchorcls: 0.7257 | 0.8s
  Epoch 599/800 | Total: 5.879 Edge: 0.292 Con: 0.142 Cls: 1.125 Anchorcls: 0.7135 | 0.8s
  Epoch 600/800 | Total: 6.227 Edge: 0.298 Con: 0.146 Cls: 1.136 Anchorcls: 0.8166 | Val F1: 0.4226 | 0.8s
  Epoch 601/800 | Total: 6.046 Edge: 0.294 Con: 0.145 Cls: 1.117 Anchorcls: 0.7757 | 0.8s
  Epoch 602/800 | Total: 5.945 Edge: 0.293 Con: 0.143 Cls: 1.103 Anchorcls: 0.7569 | 0.8s
  Epoch 603/800 | Total: 5.979 Edge: 0.296 Con: 0.145 Cls: 1.121 Anchorcls: 0.7495 | 0.8s
  Epoch 604/800 | Total: 6.060 Edge: 0.307 Con: 0.146 Cls: 1.145 Anchorcls: 0.7480 | 0.8s
  Epoch 605/800 | Total: 6.127 Edge: 0.297 Con: 0.144 Cls: 1.137 Anchorcls: 0.7830 | Val F1: 0.4214 | 0.8s
  Epoch 606/800 | Total: 5.937 Edge: 0.290 Con: 0.143 Cls: 1.103 Anchorcls: 0.7548 | 0.8s
  Epoch 607/800 | Total: 5.909 Edge: 0.289 Con: 0.144 Cls: 1.111 Anchorcls: 0.7382 | 0.8s
  Epoch 608/800 | Total: 5.908 Edge: 0.288 Con: 0.143 Cls: 1.123 Anchorcls: 0.7267 | 0.8s
  Epoch 609/800 | Total: 5.880 Edge: 0.293 Con: 0.145 Cls: 1.130 Anchorcls: 0.7079 | 0.8s
  Epoch 610/800 | Total: 6.165 Edge: 0.295 Con: 0.145 Cls: 1.145 Anchorcls: 0.7871 | Val F1: 0.4233 | 0.8s
  Epoch 611/800 | Total: 5.973 Edge: 0.295 Con: 0.144 Cls: 1.123 Anchorcls: 0.7456 | 0.8s
  Epoch 612/800 | Total: 5.900 Edge: 0.295 Con: 0.145 Cls: 1.127 Anchorcls: 0.7175 | 0.8s
  Epoch 613/800 | Total: 5.978 Edge: 0.294 Con: 0.143 Cls: 1.157 Anchorcls: 0.7133 | 0.8s
  Epoch 614/800 | Total: 5.851 Edge: 0.293 Con: 0.145 Cls: 1.122 Anchorcls: 0.7063 | 0.8s
  Epoch 615/800 | Total: 6.107 Edge: 0.287 Con: 0.145 Cls: 1.115 Anchorcls: 0.8011 | Val F1: 0.4105 | 0.8s
  Epoch 616/800 | Total: 6.011 Edge: 0.291 Con: 0.144 Cls: 1.132 Anchorcls: 0.7508 | 0.8s
  Epoch 617/800 | Total: 5.923 Edge: 0.297 Con: 0.144 Cls: 1.118 Anchorcls: 0.7333 | 0.8s
  Epoch 618/800 | Total: 5.915 Edge: 0.305 Con: 0.146 Cls: 1.128 Anchorcls: 0.7182 | 0.8s
  Epoch 619/800 | Total: 6.026 Edge: 0.314 Con: 0.146 Cls: 1.165 Anchorcls: 0.7145 | 0.8s
  Epoch 620/800 | Total: 6.366 Edge: 0.305 Con: 0.147 Cls: 1.155 Anchorcls: 0.8415 | Val F1: 0.4073 | 0.8s
  Epoch 621/800 | Total: 6.125 Edge: 0.295 Con: 0.144 Cls: 1.136 Anchorcls: 0.7833 | 0.8s
  Epoch 622/800 | Total: 5.983 Edge: 0.292 Con: 0.145 Cls: 1.115 Anchorcls: 0.7584 | 0.8s
  Epoch 623/800 | Total: 5.930 Edge: 0.292 Con: 0.144 Cls: 1.109 Anchorcls: 0.7467 | 0.8s
  Epoch 624/800 | Total: 5.926 Edge: 0.287 Con: 0.143 Cls: 1.117 Anchorcls: 0.7384 | 0.8s
  Epoch 625/800 | Total: 6.116 Edge: 0.289 Con: 0.145 Cls: 1.098 Anchorcls: 0.8203 | Val F1: 0.4287 | 0.8s
  Epoch 626/800 | Total: 5.993 Edge: 0.286 Con: 0.144 Cls: 1.101 Anchorcls: 0.7778 | 0.8s
  Epoch 627/800 | Total: 5.915 Edge: 0.285 Con: 0.143 Cls: 1.098 Anchorcls: 0.7550 | 0.8s
  Epoch 628/800 | Total: 5.840 Edge: 0.284 Con: 0.144 Cls: 1.085 Anchorcls: 0.7434 | 0.8s
  Epoch 629/800 | Total: 5.811 Edge: 0.287 Con: 0.144 Cls: 1.082 Anchorcls: 0.7352 | 0.8s
  Epoch 630/800 | Total: 6.058 Edge: 0.288 Con: 0.146 Cls: 1.099 Anchorcls: 0.8001 | Val F1: 0.4276 | 0.8s
  Epoch 631/800 | Total: 5.979 Edge: 0.287 Con: 0.144 Cls: 1.101 Anchorcls: 0.7726 | 0.8s
  Epoch 632/800 | Total: 5.907 Edge: 0.284 Con: 0.145 Cls: 1.099 Anchorcls: 0.7510 | 0.8s
  Epoch 633/800 | Total: 5.839 Edge: 0.286 Con: 0.144 Cls: 1.099 Anchorcls: 0.7286 | 0.8s
  Epoch 634/800 | Total: 5.790 Edge: 0.285 Con: 0.146 Cls: 1.092 Anchorcls: 0.7183 | 0.8s
  Epoch 635/800 | Total: 6.189 Edge: 0.287 Con: 0.144 Cls: 1.107 Anchorcls: 0.8366 | Val F1: 0.4311 | 0.8s
  Epoch 636/800 | Total: 6.031 Edge: 0.286 Con: 0.145 Cls: 1.091 Anchorcls: 0.7998 | 0.8s
  Epoch 637/800 | Total: 5.910 Edge: 0.283 Con: 0.144 Cls: 1.077 Anchorcls: 0.7744 | 0.8s
  Epoch 638/800 | Total: 5.872 Edge: 0.286 Con: 0.145 Cls: 1.077 Anchorcls: 0.7608 | 0.8s
  Epoch 639/800 | Total: 5.852 Edge: 0.291 Con: 0.144 Cls: 1.079 Anchorcls: 0.7504 | 0.8s
  Epoch 640/800 | Total: 6.028 Edge: 0.290 Con: 0.144 Cls: 1.097 Anchorcls: 0.7919 | Val F1: 0.4356 | 0.8s
  Epoch 641/800 | Total: 5.912 Edge: 0.292 Con: 0.143 Cls: 1.106 Anchorcls: 0.7436 | 0.8s
  Epoch 642/800 | Total: 5.848 Edge: 0.288 Con: 0.143 Cls: 1.101 Anchorcls: 0.7278 | 0.8s
  Epoch 643/800 | Total: 5.804 Edge: 0.285 Con: 0.143 Cls: 1.091 Anchorcls: 0.7247 | 0.8s
  Epoch 644/800 | Total: 5.860 Edge: 0.292 Con: 0.143 Cls: 1.114 Anchorcls: 0.7182 | 0.8s
  Epoch 645/800 | Total: 6.267 Edge: 0.294 Con: 0.144 Cls: 1.135 Anchorcls: 0.8314 | Val F1: 0.4144 | 0.8s
  Epoch 646/800 | Total: 6.133 Edge: 0.293 Con: 0.145 Cls: 1.146 Anchorcls: 0.7765 | 0.8s
  Epoch 647/800 | Total: 6.085 Edge: 0.294 Con: 0.144 Cls: 1.139 Anchorcls: 0.7677 | 0.8s
  Epoch 648/800 | Total: 5.927 Edge: 0.289 Con: 0.143 Cls: 1.103 Anchorcls: 0.7528 | 0.8s
  Epoch 649/800 | Total: 5.860 Edge: 0.289 Con: 0.143 Cls: 1.091 Anchorcls: 0.7417 | 0.8s
  Epoch 650/800 | Total: 6.080 Edge: 0.291 Con: 0.144 Cls: 1.084 Anchorcls: 0.8219 | Val F1: 0.4298 | 0.8s
  Epoch 651/800 | Total: 5.984 Edge: 0.285 Con: 0.142 Cls: 1.091 Anchorcls: 0.7848 | 0.8s
  Epoch 652/800 | Total: 5.917 Edge: 0.281 Con: 0.144 Cls: 1.088 Anchorcls: 0.7665 | 0.8s
  Epoch 653/800 | Total: 5.861 Edge: 0.283 Con: 0.142 Cls: 1.084 Anchorcls: 0.7521 | 0.8s
  Epoch 654/800 | Total: 5.871 Edge: 0.281 Con: 0.142 Cls: 1.093 Anchorcls: 0.7471 | 0.8s
  Epoch 655/800 | Total: 6.079 Edge: 0.285 Con: 0.144 Cls: 1.095 Anchorcls: 0.8125 | Val F1: 0.4265 | 0.8s
  Epoch 656/800 | Total: 6.024 Edge: 0.289 Con: 0.143 Cls: 1.107 Anchorcls: 0.7812 | 0.8s
  Epoch 657/800 | Total: 6.031 Edge: 0.295 Con: 0.147 Cls: 1.128 Anchorcls: 0.7601 | 0.8s
  Epoch 658/800 | Total: 5.909 Edge: 0.293 Con: 0.144 Cls: 1.104 Anchorcls: 0.7445 | 0.8s
  Epoch 659/800 | Total: 6.037 Edge: 0.294 Con: 0.146 Cls: 1.145 Anchorcls: 0.7449 | 0.8s
  Epoch 660/800 | Total: 6.258 Edge: 0.294 Con: 0.144 Cls: 1.147 Anchorcls: 0.8168 | Val F1: 0.4195 | 0.8s
  Epoch 661/800 | Total: 6.075 Edge: 0.299 Con: 0.144 Cls: 1.128 Anchorcls: 0.7734 | 0.8s
  Epoch 662/800 | Total: 5.953 Edge: 0.292 Con: 0.142 Cls: 1.111 Anchorcls: 0.7525 | 0.8s
  Epoch 663/800 | Total: 5.881 Edge: 0.299 Con: 0.145 Cls: 1.094 Anchorcls: 0.7425 | 0.8s
  Epoch 664/800 | Total: 5.814 Edge: 0.291 Con: 0.142 Cls: 1.090 Anchorcls: 0.7272 | 0.8s
  Epoch 665/800 | Total: 6.119 Edge: 0.292 Con: 0.145 Cls: 1.100 Anchorcls: 0.8185 | Val F1: 0.4252 | 0.8s
  Epoch 666/800 | Total: 5.998 Edge: 0.286 Con: 0.142 Cls: 1.105 Anchorcls: 0.7755 | 0.8s
  Epoch 667/800 | Total: 5.901 Edge: 0.282 Con: 0.144 Cls: 1.092 Anchorcls: 0.7569 | 0.8s
  Epoch 668/800 | Total: 5.821 Edge: 0.282 Con: 0.145 Cls: 1.087 Anchorcls: 0.7355 | 0.8s
  Epoch 669/800 | Total: 5.870 Edge: 0.284 Con: 0.145 Cls: 1.110 Anchorcls: 0.7280 | 0.8s
  Epoch 670/800 | Total: 6.125 Edge: 0.287 Con: 0.144 Cls: 1.109 Anchorcls: 0.8134 | Val F1: 0.4220 | 0.8s
  Epoch 671/800 | Total: 6.086 Edge: 0.287 Con: 0.145 Cls: 1.134 Anchorcls: 0.7751 | 0.8s
  Epoch 672/800 | Total: 6.009 Edge: 0.291 Con: 0.144 Cls: 1.133 Anchorcls: 0.7486 | 0.8s
  Epoch 673/800 | Total: 5.972 Edge: 0.299 Con: 0.144 Cls: 1.124 Anchorcls: 0.7427 | 0.8s
  Epoch 674/800 | Total: 5.910 Edge: 0.303 Con: 0.145 Cls: 1.122 Anchorcls: 0.7233 | 0.8s
  Epoch 675/800 | Total: 6.226 Edge: 0.303 Con: 0.143 Cls: 1.117 Anchorcls: 0.8339 | Val F1: 0.4301 | 0.8s
  Epoch 676/800 | Total: 6.142 Edge: 0.294 Con: 0.144 Cls: 1.122 Anchorcls: 0.8029 | 0.8s
  Epoch 677/800 | Total: 6.001 Edge: 0.291 Con: 0.144 Cls: 1.106 Anchorcls: 0.7738 | 0.8s
  Epoch 678/800 | Total: 6.038 Edge: 0.290 Con: 0.144 Cls: 1.125 Anchorcls: 0.7671 | 0.8s
  Epoch 679/800 | Total: 5.931 Edge: 0.290 Con: 0.144 Cls: 1.108 Anchorcls: 0.7483 | 0.8s
  Epoch 680/800 | Total: 6.079 Edge: 0.292 Con: 0.145 Cls: 1.108 Anchorcls: 0.7965 | Val F1: 0.4357 | 0.8s
  Epoch 681/800 | Total: 5.933 Edge: 0.287 Con: 0.144 Cls: 1.100 Anchorcls: 0.7583 | 0.8s
  Epoch 682/800 | Total: 5.870 Edge: 0.287 Con: 0.145 Cls: 1.100 Anchorcls: 0.7373 | 0.8s
  Epoch 683/800 | Total: 5.812 Edge: 0.283 Con: 0.144 Cls: 1.095 Anchorcls: 0.7237 | 0.8s
  Epoch 684/800 | Total: 5.769 Edge: 0.288 Con: 0.144 Cls: 1.088 Anchorcls: 0.7152 | 0.8s
  Epoch 685/800 | Total: 6.291 Edge: 0.291 Con: 0.145 Cls: 1.122 Anchorcls: 0.8544 | Val F1: 0.4303 | 0.8s
  Epoch 686/800 | Total: 6.173 Edge: 0.300 Con: 0.145 Cls: 1.131 Anchorcls: 0.8022 | 0.8s
  Epoch 687/800 | Total: 6.036 Edge: 0.292 Con: 0.146 Cls: 1.105 Anchorcls: 0.7854 | 0.8s
  Epoch 688/800 | Total: 5.954 Edge: 0.289 Con: 0.144 Cls: 1.092 Anchorcls: 0.7723 | 0.8s
  Epoch 689/800 | Total: 5.887 Edge: 0.284 Con: 0.144 Cls: 1.094 Anchorcls: 0.7500 | 0.8s
  Epoch 690/800 | Total: 5.993 Edge: 0.282 Con: 0.146 Cls: 1.082 Anchorcls: 0.7975 | Val F1: 0.4271 | 0.8s
  Epoch 691/800 | Total: 5.899 Edge: 0.283 Con: 0.145 Cls: 1.090 Anchorcls: 0.7578 | 0.8s
  Epoch 692/800 | Total: 6.044 Edge: 0.290 Con: 0.146 Cls: 1.155 Anchorcls: 0.7388 | 0.8s
  Epoch 693/800 | Total: 5.976 Edge: 0.297 Con: 0.147 Cls: 1.147 Anchorcls: 0.7213 | 0.8s
  Epoch 694/800 | Total: 6.011 Edge: 0.297 Con: 0.145 Cls: 1.161 Anchorcls: 0.7189 | 0.8s
  Epoch 695/800 | Total: 6.365 Edge: 0.302 Con: 0.147 Cls: 1.172 Anchorcls: 0.8249 | Val F1: 0.3939 | 0.8s
  Early stopping at epoch 695
  Best Val F1: 0.4358 | Test F1: 0.4350
  Total training time: 615.2s (10.3 min)

======================================================================
  Val  Macro-F1: 0.4358
  Test Macro-F1: 0.4350
  Test Accuracy: 0.6515
  Time: 616.8s
======================================================================

  Results saved to: results/NESS_ogbn-arxiv_MCAR_0.8_20260724_023836
