/home/erfan/MATE/venv/lib/python3.13/site-packages/outdated/__init__.py:36: UserWarning: pkg_resources is deprecated as an API. See https://setuptools.pypa.io/en/latest/pkg_resources.html. The pkg_resources package is slated for removal as early as 2025-11-30. Refrain from using this package or pin to Setuptools<81.
  from pkg_resources import parse_version
/home/erfan/MATE/ogbn_benchmarks/data_loader.py:96: UserWarning: Sparse invariant checks are implicitly disabled. Memory errors (e.g. SEGFAULT) will occur when operating on a sparse tensor which violates the invariants, but checks incur performance overhead. To silence this warning, explicitly opt in or out. See `torch.sparse.check_sparse_tensor_invariants.__doc__` for guidance.  (Triggered internally at /pytorch/aten/src/ATen/Context.cpp:760.)
  adj = torch.sparse_coo_tensor(edge_index, vals, (num_nodes, num_nodes)).coalesce()
======================================================================
  FP | ogbn-arxiv | MCAR @ 40%
======================================================================
[1/3] Loading ogbn-arxiv...
  169,343 nodes | 128 dims | 40 classes
[2/3] Simulating MCAR missingness...
Simulating MCAR missingness at 40% rate...
  MCAR: Uniform random selection
  Observable: 101,606 (60.0%)
  Masked: 67,737 (40.0%)
  Observable: 101,606 | Val: 33,868 | Test: 33,869
[3/3] Running FP...
  Feature propagation (40 iterations)...
    Propagation done in 0.4s
  Training classifier for up to 400 epochs (patience=20)...
  Epoch 5/400 | Loss: 1.6129 | Val F1: 0.2780 | 0.9s
  Epoch 10/400 | Loss: 1.5764 | Val F1: 0.2992 | 0.9s
  Epoch 15/400 | Loss: 1.5666 | Val F1: 0.2866 | 0.9s
  Epoch 20/400 | Loss: 1.5661 | Val F1: 0.2953 | 0.9s
  Epoch 25/400 | Loss: 1.5674 | Val F1: 0.3001 | 0.9s
  Epoch 30/400 | Loss: 1.5618 | Val F1: 0.2913 | 0.9s
  Epoch 35/400 | Loss: 1.5633 | Val F1: 0.2787 | 0.9s
  Epoch 40/400 | Loss: 1.5599 | Val F1: 0.3064 | 0.9s
  Epoch 45/400 | Loss: 1.5613 | Val F1: 0.2930 | 0.9s
  Epoch 50/400 | Loss: 1.5573 | Val F1: 0.2814 | 0.9s
  Epoch 55/400 | Loss: 1.5534 | Val F1: 0.2963 | 0.9s
  Epoch 60/400 | Loss: 1.5552 | Val F1: 0.2919 | 0.9s
  Epoch 65/400 | Loss: 1.5608 | Val F1: 0.2856 | 0.9s
  Epoch 70/400 | Loss: 1.5643 | Val F1: 0.2945 | 0.9s
  Epoch 75/400 | Loss: 1.5546 | Val F1: 0.2953 | 0.9s
  Epoch 80/400 | Loss: 1.5591 | Val F1: 0.3038 | 0.9s
  Epoch 85/400 | Loss: 1.5554 | Val F1: 0.2856 | 0.9s
  Epoch 90/400 | Loss: 1.5512 | Val F1: 0.2891 | 0.9s
  Epoch 95/400 | Loss: 1.5510 | Val F1: 0.3060 | 0.9s
  Epoch 100/400 | Loss: 1.5516 | Val F1: 0.3074 | 0.9s
  Epoch 105/400 | Loss: 1.5539 | Val F1: 0.2964 | 0.9s
  Epoch 110/400 | Loss: 1.5586 | Val F1: 0.2918 | 0.9s
  Epoch 115/400 | Loss: 1.5523 | Val F1: 0.2898 | 0.9s
  Epoch 120/400 | Loss: 1.5517 | Val F1: 0.2891 | 0.9s
  Epoch 125/400 | Loss: 1.5636 | Val F1: 0.2927 | 0.9s
  Epoch 130/400 | Loss: 1.5569 | Val F1: 0.2903 | 0.9s
  Epoch 135/400 | Loss: 1.5504 | Val F1: 0.2982 | 0.9s
  Epoch 140/400 | Loss: 1.5605 | Val F1: 0.3058 | 0.9s
  Epoch 145/400 | Loss: 1.5566 | Val F1: 0.3072 | 0.9s
  Epoch 150/400 | Loss: 1.5581 | Val F1: 0.2998 | 0.9s
  Epoch 155/400 | Loss: 1.5564 | Val F1: 0.3084 | 0.9s
  Epoch 160/400 | Loss: 1.5561 | Val F1: 0.2996 | 0.9s
  Epoch 165/400 | Loss: 1.5583 | Val F1: 0.2917 | 0.9s
  Epoch 170/400 | Loss: 1.5535 | Val F1: 0.3108 | 0.9s
  Epoch 175/400 | Loss: 1.5547 | Val F1: 0.3168 | 0.9s
  Epoch 180/400 | Loss: 1.5523 | Val F1: 0.3081 | 0.9s
  Epoch 185/400 | Loss: 1.5507 | Val F1: 0.2933 | 0.9s
  Epoch 190/400 | Loss: 1.5519 | Val F1: 0.2971 | 0.9s
  Epoch 195/400 | Loss: 1.5516 | Val F1: 0.3010 | 0.9s
  Epoch 200/400 | Loss: 1.5565 | Val F1: 0.3095 | 0.9s
  Epoch 205/400 | Loss: 1.5592 | Val F1: 0.2859 | 0.9s
  Epoch 210/400 | Loss: 1.5512 | Val F1: 0.2875 | 0.9s
  Epoch 215/400 | Loss: 1.5591 | Val F1: 0.2955 | 0.9s
  Epoch 220/400 | Loss: 1.5489 | Val F1: 0.3057 | 0.9s
  Epoch 225/400 | Loss: 1.5581 | Val F1: 0.2988 | 0.9s
  Epoch 230/400 | Loss: 1.5527 | Val F1: 0.3145 | 0.9s
  Epoch 235/400 | Loss: 1.5560 | Val F1: 0.2827 | 0.9s
  Epoch 240/400 | Loss: 1.5598 | Val F1: 0.3115 | 0.9s
  Epoch 245/400 | Loss: 1.5534 | Val F1: 0.3055 | 0.9s
  Epoch 250/400 | Loss: 1.5583 | Val F1: 0.3009 | 0.9s
  Epoch 255/400 | Loss: 1.5639 | Val F1: 0.3059 | 0.9s
  Epoch 260/400 | Loss: 1.5520 | Val F1: 0.2886 | 0.9s
  Epoch 265/400 | Loss: 1.5512 | Val F1: 0.3064 | 0.9s
  Epoch 270/400 | Loss: 1.5589 | Val F1: 0.3003 | 0.9s
  Epoch 275/400 | Loss: 1.5518 | Val F1: 0.3121 | 0.9s
  Early stopping at epoch 275
  Best Val F1: 0.3168 | Test F1: 0.3152
  Total training time: 254.5s (4.2 min)

======================================================================
  Val  Macro-F1: 0.3168
  Test Macro-F1: 0.3152
  Test Accuracy: 0.6106
  Time: 255.1s
======================================================================

  Results saved to: results/FP_ogbn-arxiv_MCAR_0.4_20260722_003407
