/home/erfan/MATE/venv/lib/python3.13/site-packages/outdated/__init__.py:36: UserWarning: pkg_resources is deprecated as an API. See https://setuptools.pypa.io/en/latest/pkg_resources.html. The pkg_resources package is slated for removal as early as 2025-11-30. Refrain from using this package or pin to Setuptools<81.
  from pkg_resources import parse_version
/home/erfan/MATE/ogbn_benchmarks/data_loader.py:96: UserWarning: Sparse invariant checks are implicitly disabled. Memory errors (e.g. SEGFAULT) will occur when operating on a sparse tensor which violates the invariants, but checks incur performance overhead. To silence this warning, explicitly opt in or out. See `torch.sparse.check_sparse_tensor_invariants.__doc__` for guidance.  (Triggered internally at /pytorch/aten/src/ATen/Context.cpp:760.)
  adj = torch.sparse_coo_tensor(edge_index, vals, (num_nodes, num_nodes)).coalesce()
======================================================================
  FP | ogbn-arxiv | MCAR @ 80%
======================================================================
[1/3] Loading ogbn-arxiv...
  169,343 nodes | 128 dims | 40 classes
[2/3] Simulating MCAR missingness...
Simulating MCAR missingness at 80% rate...
  MCAR: Uniform random selection
  Observable: 33,869 (20.0%)
  Masked: 135,474 (80.0%)
  Observable: 33,869 | Val: 67,737 | Test: 67,737
[3/3] Running FP...
  Feature propagation (40 iterations)...
    Propagation done in 0.4s
  Training classifier for up to 400 epochs (patience=20)...
  Epoch 5/400 | Loss: 1.7227 | Val F1: 0.2406 | 0.3s
  Epoch 10/400 | Loss: 1.6901 | Val F1: 0.2476 | 0.3s
  Epoch 15/400 | Loss: 1.6507 | Val F1: 0.2555 | 0.3s
  Epoch 20/400 | Loss: 1.6494 | Val F1: 0.2732 | 0.3s
  Epoch 25/400 | Loss: 1.6305 | Val F1: 0.2774 | 0.3s
  Epoch 30/400 | Loss: 1.6189 | Val F1: 0.2829 | 0.3s
  Epoch 35/400 | Loss: 1.6177 | Val F1: 0.2754 | 0.3s
  Epoch 40/400 | Loss: 1.6173 | Val F1: 0.2658 | 0.3s
  Epoch 45/400 | Loss: 1.6201 | Val F1: 0.2710 | 0.3s
  Epoch 50/400 | Loss: 1.6100 | Val F1: 0.2717 | 0.3s
  Epoch 55/400 | Loss: 1.6141 | Val F1: 0.2391 | 0.3s
  Epoch 60/400 | Loss: 1.6189 | Val F1: 0.2633 | 0.3s
  Epoch 65/400 | Loss: 1.6082 | Val F1: 0.2725 | 0.3s
  Epoch 70/400 | Loss: 1.6268 | Val F1: 0.2648 | 0.3s
  Epoch 75/400 | Loss: 1.6178 | Val F1: 0.2860 | 0.3s
  Epoch 80/400 | Loss: 1.6134 | Val F1: 0.2777 | 0.3s
  Epoch 85/400 | Loss: 1.6225 | Val F1: 0.2657 | 0.3s
  Epoch 90/400 | Loss: 1.6144 | Val F1: 0.2626 | 0.3s
  Epoch 95/400 | Loss: 1.6178 | Val F1: 0.2741 | 0.3s
  Epoch 100/400 | Loss: 1.6118 | Val F1: 0.2684 | 0.3s
  Epoch 105/400 | Loss: 1.6321 | Val F1: 0.2892 | 0.3s
  Epoch 110/400 | Loss: 1.6064 | Val F1: 0.2719 | 0.3s
  Epoch 115/400 | Loss: 1.6142 | Val F1: 0.2694 | 0.3s
  Epoch 120/400 | Loss: 1.6113 | Val F1: 0.2675 | 0.3s
  Epoch 125/400 | Loss: 1.6268 | Val F1: 0.2823 | 0.3s
  Epoch 130/400 | Loss: 1.6096 | Val F1: 0.2725 | 0.3s
  Epoch 135/400 | Loss: 1.6096 | Val F1: 0.2754 | 0.3s
  Epoch 140/400 | Loss: 1.6081 | Val F1: 0.2709 | 0.3s
  Epoch 145/400 | Loss: 1.6096 | Val F1: 0.2921 | 0.3s
  Epoch 150/400 | Loss: 1.5987 | Val F1: 0.2568 | 0.3s
  Epoch 155/400 | Loss: 1.6023 | Val F1: 0.2619 | 0.3s
  Epoch 160/400 | Loss: 1.5943 | Val F1: 0.2663 | 0.3s
  Epoch 165/400 | Loss: 1.6075 | Val F1: 0.2712 | 0.3s
  Epoch 170/400 | Loss: 1.6137 | Val F1: 0.2573 | 0.3s
  Epoch 175/400 | Loss: 1.5963 | Val F1: 0.2914 | 0.3s
  Epoch 180/400 | Loss: 1.6055 | Val F1: 0.2759 | 0.3s
  Epoch 185/400 | Loss: 1.6016 | Val F1: 0.2684 | 0.3s
  Epoch 190/400 | Loss: 1.5915 | Val F1: 0.2669 | 0.3s
  Epoch 195/400 | Loss: 1.5888 | Val F1: 0.2752 | 0.3s
  Epoch 200/400 | Loss: 1.5991 | Val F1: 0.2783 | 0.3s
  Epoch 205/400 | Loss: 1.6108 | Val F1: 0.2478 | 0.3s
  Epoch 210/400 | Loss: 1.6009 | Val F1: 0.2576 | 0.3s
  Epoch 215/400 | Loss: 1.5915 | Val F1: 0.2651 | 0.3s
  Epoch 220/400 | Loss: 1.6047 | Val F1: 0.2764 | 0.3s
  Epoch 225/400 | Loss: 1.5842 | Val F1: 0.2696 | 0.3s
  Epoch 230/400 | Loss: 1.5929 | Val F1: 0.2506 | 0.3s
  Epoch 235/400 | Loss: 1.5927 | Val F1: 0.2632 | 0.3s
  Epoch 240/400 | Loss: 1.6425 | Val F1: 0.2842 | 0.3s
  Epoch 245/400 | Loss: 1.5981 | Val F1: 0.2518 | 0.3s
  Early stopping at epoch 245
  Best Val F1: 0.2921 | Test F1: 0.2929
  Total training time: 93.9s (1.6 min)

======================================================================
  Val  Macro-F1: 0.2921
  Test Macro-F1: 0.2929
  Test Accuracy: 0.5961
  Time: 94.8s
======================================================================

  Results saved to: results/FP_ogbn-arxiv_MCAR_0.8_20260722_010934
