/home/erfan/MATE/venv/lib/python3.13/site-packages/outdated/__init__.py:36: UserWarning: pkg_resources is deprecated as an API. See https://setuptools.pypa.io/en/latest/pkg_resources.html. The pkg_resources package is slated for removal as early as 2025-11-30. Refrain from using this package or pin to Setuptools<81.
  from pkg_resources import parse_version
/home/erfan/MATE/ogbn_benchmarks/data_loader.py:96: UserWarning: Sparse invariant checks are implicitly disabled. Memory errors (e.g. SEGFAULT) will occur when operating on a sparse tensor which violates the invariants, but checks incur performance overhead. To silence this warning, explicitly opt in or out. See `torch.sparse.check_sparse_tensor_invariants.__doc__` for guidance.  (Triggered internally at /pytorch/aten/src/ATen/Context.cpp:760.)
  adj = torch.sparse_coo_tensor(edge_index, vals, (num_nodes, num_nodes)).coalesce()
======================================================================
  PaGCN | ogbn-arxiv | MCAR @ 40%
======================================================================
[1/3] Loading ogbn-arxiv...
  169,343 nodes | 128 dims | 40 classes
[2/3] Simulating MCAR missingness...
Simulating MCAR missingness at 40% rate...
  MCAR: Uniform random selection
  Observable: 101,606 (60.0%)
  Masked: 67,737 (40.0%)
  Observable: 101,606 | Val: 33,868 | Test: 33,869
[3/3] Running PaGCN...
  Partitioning graph into 20 clusters...
  Pre-caching clusters (with normalized adjacency)...
  Cached 20 clusters
  Training PaGCN for up to 400 epochs (patience=20)...
  Epoch 5/400 | Loss: 2.8108 | Val F1: 0.0243 | 0.0s
  Epoch 10/400 | Loss: 2.4638 | Val F1: 0.0306 | 0.0s
  Epoch 15/400 | Loss: 2.3089 | Val F1: 0.0682 | 0.0s
  Epoch 20/400 | Loss: 2.2213 | Val F1: 0.1023 | 0.0s
  Epoch 25/400 | Loss: 2.0998 | Val F1: 0.1074 | 0.0s
  Epoch 30/400 | Loss: 1.9917 | Val F1: 0.1283 | 0.0s
  Epoch 35/400 | Loss: 1.9477 | Val F1: 0.1473 | 0.0s
  Epoch 40/400 | Loss: 1.9049 | Val F1: 0.1648 | 0.0s
  Epoch 45/400 | Loss: 1.8648 | Val F1: 0.1663 | 0.0s
  Epoch 50/400 | Loss: 1.8674 | Val F1: 0.1778 | 0.0s
  Epoch 55/400 | Loss: 1.9052 | Val F1: 0.1835 | 0.0s
  Epoch 60/400 | Loss: 1.7938 | Val F1: 0.2000 | 0.0s
  Epoch 65/400 | Loss: 1.8849 | Val F1: 0.1761 | 0.0s
  Epoch 70/400 | Loss: 1.7721 | Val F1: 0.1979 | 0.0s
  Epoch 75/400 | Loss: 1.7912 | Val F1: 0.1850 | 0.0s
  Epoch 80/400 | Loss: 1.7516 | Val F1: 0.2001 | 0.0s
  Epoch 85/400 | Loss: 1.7531 | Val F1: 0.2127 | 0.0s
  Epoch 90/400 | Loss: 1.7567 | Val F1: 0.2095 | 0.0s
  Epoch 95/400 | Loss: 1.8257 | Val F1: 0.1999 | 0.0s
  Epoch 100/400 | Loss: 1.7408 | Val F1: 0.2158 | 0.0s
  Epoch 105/400 | Loss: 1.7471 | Val F1: 0.2129 | 0.0s
  Epoch 110/400 | Loss: 1.7331 | Val F1: 0.2216 | 0.0s
  Epoch 115/400 | Loss: 1.6855 | Val F1: 0.2170 | 0.0s
  Epoch 120/400 | Loss: 1.7266 | Val F1: 0.2208 | 0.0s
  Epoch 125/400 | Loss: 1.6854 | Val F1: 0.2312 | 0.0s
  Epoch 130/400 | Loss: 1.7130 | Val F1: 0.2196 | 0.0s
  Epoch 135/400 | Loss: 1.7415 | Val F1: 0.2190 | 0.0s
  Epoch 140/400 | Loss: 1.6997 | Val F1: 0.2252 | 0.0s
  Epoch 145/400 | Loss: 1.6924 | Val F1: 0.2360 | 0.0s
  Epoch 150/400 | Loss: 1.6781 | Val F1: 0.2320 | 0.0s
  Epoch 155/400 | Loss: 1.6868 | Val F1: 0.2251 | 0.0s
  Epoch 160/400 | Loss: 1.6943 | Val F1: 0.2320 | 0.0s
  Epoch 165/400 | Loss: 1.6825 | Val F1: 0.2485 | 0.0s
  Epoch 170/400 | Loss: 1.6570 | Val F1: 0.2406 | 0.0s
  Epoch 175/400 | Loss: 1.6786 | Val F1: 0.2248 | 0.0s
  Epoch 180/400 | Loss: 1.7298 | Val F1: 0.2260 | 0.0s
  Epoch 185/400 | Loss: 1.7138 | Val F1: 0.2367 | 0.0s
  Epoch 190/400 | Loss: 1.6711 | Val F1: 0.2483 | 0.0s
  Epoch 195/400 | Loss: 1.6595 | Val F1: 0.2368 | 0.0s
  Epoch 200/400 | Loss: 1.6496 | Val F1: 0.2407 | 0.0s
  Epoch 205/400 | Loss: 1.6561 | Val F1: 0.2377 | 0.0s
  Epoch 210/400 | Loss: 1.6276 | Val F1: 0.2332 | 0.0s
  Epoch 215/400 | Loss: 1.6384 | Val F1: 0.2371 | 0.0s
  Epoch 220/400 | Loss: 1.6495 | Val F1: 0.2399 | 0.0s
  Epoch 225/400 | Loss: 1.6548 | Val F1: 0.2363 | 0.0s
  Epoch 230/400 | Loss: 1.6631 | Val F1: 0.2465 | 0.0s
  Epoch 235/400 | Loss: 1.6826 | Val F1: 0.2411 | 0.0s
  Epoch 240/400 | Loss: 1.6747 | Val F1: 0.2462 | 0.0s
  Epoch 245/400 | Loss: 1.6641 | Val F1: 0.2441 | 0.0s
  Epoch 250/400 | Loss: 1.6652 | Val F1: 0.2336 | 0.0s
  Epoch 255/400 | Loss: 1.6559 | Val F1: 0.2428 | 0.0s
  Epoch 260/400 | Loss: 1.6462 | Val F1: 0.2343 | 0.0s
  Epoch 265/400 | Loss: 1.6488 | Val F1: 0.2492 | 0.0s
  Epoch 270/400 | Loss: 1.6722 | Val F1: 0.2500 | 0.0s
  Epoch 275/400 | Loss: 1.6275 | Val F1: 0.2556 | 0.0s
  Epoch 280/400 | Loss: 1.6404 | Val F1: 0.2464 | 0.0s
  Epoch 285/400 | Loss: 1.6283 | Val F1: 0.2484 | 0.0s
  Epoch 290/400 | Loss: 1.6490 | Val F1: 0.2494 | 0.0s
  Epoch 295/400 | Loss: 1.6266 | Val F1: 0.2499 | 0.0s
  Epoch 300/400 | Loss: 1.6653 | Val F1: 0.2406 | 0.0s
  Epoch 305/400 | Loss: 1.6310 | Val F1: 0.2444 | 0.0s
  Epoch 310/400 | Loss: 1.6303 | Val F1: 0.2451 | 0.0s
  Epoch 315/400 | Loss: 1.6562 | Val F1: 0.2485 | 0.0s
  Epoch 320/400 | Loss: 1.6657 | Val F1: 0.2456 | 0.0s
  Epoch 325/400 | Loss: 1.6354 | Val F1: 0.2496 | 0.0s
  Epoch 330/400 | Loss: 1.6484 | Val F1: 0.2455 | 0.0s
  Epoch 335/400 | Loss: 1.6872 | Val F1: 0.2312 | 0.0s
  Epoch 340/400 | Loss: 1.6533 | Val F1: 0.2500 | 0.0s
  Epoch 345/400 | Loss: 1.6418 | Val F1: 0.2539 | 0.0s
  Epoch 350/400 | Loss: 1.6667 | Val F1: 0.2400 | 0.0s
  Epoch 355/400 | Loss: 1.6208 | Val F1: 0.2446 | 0.0s
  Epoch 360/400 | Loss: 1.6097 | Val F1: 0.2484 | 0.0s
  Epoch 365/400 | Loss: 1.6771 | Val F1: 0.2478 | 0.0s
  Epoch 370/400 | Loss: 1.6999 | Val F1: 0.2449 | 0.0s
  Epoch 375/400 | Loss: 1.6092 | Val F1: 0.2616 | 0.0s
  Epoch 380/400 | Loss: 1.7540 | Val F1: 0.2390 | 0.0s
  Epoch 385/400 | Loss: 1.6647 | Val F1: 0.2533 | 0.0s
  Epoch 390/400 | Loss: 1.6329 | Val F1: 0.2298 | 0.0s
  Epoch 395/400 | Loss: 1.6781 | Val F1: 0.2379 | 0.0s
  Epoch 400/400 | Loss: 1.7113 | Val F1: 0.2394 | 0.0s
  Best Val F1: 0.2616 | Test F1: 0.2635
  Total training time: 35.9s (0.6 min)

======================================================================
  Val  Macro-F1: 0.2616
  Test Macro-F1: 0.2635
  Test Accuracy: 0.5845
  Time: 37.0s
======================================================================

  Results saved to: results/PaGCN_ogbn-arxiv_MCAR_0.4_20260722_003825
