/home/erfan/MATE/venv/lib/python3.13/site-packages/outdated/__init__.py:36: UserWarning: pkg_resources is deprecated as an API. See https://setuptools.pypa.io/en/latest/pkg_resources.html. The pkg_resources package is slated for removal as early as 2025-11-30. Refrain from using this package or pin to Setuptools<81.
  from pkg_resources import parse_version
/home/erfan/MATE/ogbn_benchmarks/data_loader.py:96: UserWarning: Sparse invariant checks are implicitly disabled. Memory errors (e.g. SEGFAULT) will occur when operating on a sparse tensor which violates the invariants, but checks incur performance overhead. To silence this warning, explicitly opt in or out. See `torch.sparse.check_sparse_tensor_invariants.__doc__` for guidance.  (Triggered internally at /pytorch/aten/src/ATen/Context.cpp:760.)
  adj = torch.sparse_coo_tensor(edge_index, vals, (num_nodes, num_nodes)).coalesce()
======================================================================
  PaGCN | ogbn-arxiv | MCAR @ 80%
======================================================================
[1/3] Loading ogbn-arxiv...
  169,343 nodes | 128 dims | 40 classes
[2/3] Simulating MCAR missingness...
Simulating MCAR missingness at 80% rate...
  MCAR: Uniform random selection
  Observable: 33,869 (20.0%)
  Masked: 135,474 (80.0%)
  Observable: 33,869 | Val: 67,737 | Test: 67,737
[3/3] Running PaGCN...
  Partitioning graph into 20 clusters...
  Pre-caching clusters (with normalized adjacency)...
  Cached 20 clusters
  Training PaGCN for up to 400 epochs (patience=20)...
  Epoch 5/400 | Loss: 2.8737 | Val F1: 0.0219 | 0.0s
  Epoch 10/400 | Loss: 2.5257 | Val F1: 0.0304 | 0.0s
  Epoch 15/400 | Loss: 2.4282 | Val F1: 0.0596 | 0.0s
  Epoch 20/400 | Loss: 2.3555 | Val F1: 0.0645 | 0.0s
  Epoch 25/400 | Loss: 2.3804 | Val F1: 0.0677 | 0.0s
  Epoch 30/400 | Loss: 2.1646 | Val F1: 0.0870 | 0.0s
  Epoch 35/400 | Loss: 2.1309 | Val F1: 0.1009 | 0.0s
  Epoch 40/400 | Loss: 2.1249 | Val F1: 0.1138 | 0.0s
  Epoch 45/400 | Loss: 2.0345 | Val F1: 0.1257 | 0.0s
  Epoch 50/400 | Loss: 2.0709 | Val F1: 0.1221 | 0.0s
  Epoch 55/400 | Loss: 1.9742 | Val F1: 0.1350 | 0.0s
  Epoch 60/400 | Loss: 1.9942 | Val F1: 0.1376 | 0.0s
  Epoch 65/400 | Loss: 1.9728 | Val F1: 0.1342 | 0.0s
  Epoch 70/400 | Loss: 1.9301 | Val F1: 0.1508 | 0.0s
  Epoch 75/400 | Loss: 1.9337 | Val F1: 0.1440 | 0.0s
  Epoch 80/400 | Loss: 1.9143 | Val F1: 0.1534 | 0.0s
  Epoch 85/400 | Loss: 1.9305 | Val F1: 0.1528 | 0.0s
  Epoch 90/400 | Loss: 1.9382 | Val F1: 0.1498 | 0.0s
  Epoch 95/400 | Loss: 1.9829 | Val F1: 0.1429 | 0.0s
  Epoch 100/400 | Loss: 1.8872 | Val F1: 0.1656 | 0.0s
  Epoch 105/400 | Loss: 1.9859 | Val F1: 0.1605 | 0.0s
  Epoch 110/400 | Loss: 1.9115 | Val F1: 0.1508 | 0.0s
  Epoch 115/400 | Loss: 1.8571 | Val F1: 0.1668 | 0.0s
  Epoch 120/400 | Loss: 1.8719 | Val F1: 0.1727 | 0.0s
  Epoch 125/400 | Loss: 1.8688 | Val F1: 0.1772 | 0.0s
  Epoch 130/400 | Loss: 1.8730 | Val F1: 0.1651 | 0.0s
  Epoch 135/400 | Loss: 1.8508 | Val F1: 0.1771 | 0.0s
  Epoch 140/400 | Loss: 1.8444 | Val F1: 0.1679 | 0.0s
  Epoch 145/400 | Loss: 1.8630 | Val F1: 0.1638 | 0.0s
  Epoch 150/400 | Loss: 1.8333 | Val F1: 0.1753 | 0.0s
  Epoch 155/400 | Loss: 1.8243 | Val F1: 0.1692 | 0.0s
  Epoch 160/400 | Loss: 1.8821 | Val F1: 0.1726 | 0.0s
  Epoch 165/400 | Loss: 1.8191 | Val F1: 0.1851 | 0.0s
  Epoch 170/400 | Loss: 1.8275 | Val F1: 0.1849 | 0.0s
  Epoch 175/400 | Loss: 1.8621 | Val F1: 0.1719 | 0.0s
  Epoch 180/400 | Loss: 1.9154 | Val F1: 0.1539 | 0.0s
  Epoch 185/400 | Loss: 1.8290 | Val F1: 0.1788 | 0.0s
  Epoch 190/400 | Loss: 1.8467 | Val F1: 0.1832 | 0.0s
  Epoch 195/400 | Loss: 1.8171 | Val F1: 0.1620 | 0.0s
  Epoch 200/400 | Loss: 1.7961 | Val F1: 0.1820 | 0.0s
  Epoch 205/400 | Loss: 1.8312 | Val F1: 0.1839 | 0.0s
  Epoch 210/400 | Loss: 1.8108 | Val F1: 0.1830 | 0.0s
  Epoch 215/400 | Loss: 1.8072 | Val F1: 0.1790 | 0.0s
  Epoch 220/400 | Loss: 1.8076 | Val F1: 0.1799 | 0.0s
  Epoch 225/400 | Loss: 1.8510 | Val F1: 0.1815 | 0.0s
  Epoch 230/400 | Loss: 1.8218 | Val F1: 0.1824 | 0.0s
  Epoch 235/400 | Loss: 1.7997 | Val F1: 0.1713 | 0.0s
  Epoch 240/400 | Loss: 1.8394 | Val F1: 0.1870 | 0.0s
  Epoch 245/400 | Loss: 1.8077 | Val F1: 0.1857 | 0.0s
  Epoch 250/400 | Loss: 1.8164 | Val F1: 0.1737 | 0.0s
  Epoch 255/400 | Loss: 1.8420 | Val F1: 0.1700 | 0.0s
  Epoch 260/400 | Loss: 1.7894 | Val F1: 0.1786 | 0.0s
  Epoch 265/400 | Loss: 1.8557 | Val F1: 0.1783 | 0.0s
  Epoch 270/400 | Loss: 1.8451 | Val F1: 0.1924 | 0.0s
  Epoch 275/400 | Loss: 1.7769 | Val F1: 0.1935 | 0.0s
  Epoch 280/400 | Loss: 1.7901 | Val F1: 0.1837 | 0.0s
  Epoch 285/400 | Loss: 1.7815 | Val F1: 0.1864 | 0.0s
  Epoch 290/400 | Loss: 1.8403 | Val F1: 0.1981 | 0.0s
  Epoch 295/400 | Loss: 1.8037 | Val F1: 0.1929 | 0.0s
  Epoch 300/400 | Loss: 1.8139 | Val F1: 0.1796 | 0.0s
  Epoch 305/400 | Loss: 1.8223 | Val F1: 0.1856 | 0.0s
  Epoch 310/400 | Loss: 1.8001 | Val F1: 0.1795 | 0.0s
  Epoch 315/400 | Loss: 1.8409 | Val F1: 0.1845 | 0.0s
  Epoch 320/400 | Loss: 1.8070 | Val F1: 0.1803 | 0.0s
  Epoch 325/400 | Loss: 1.8627 | Val F1: 0.1882 | 0.0s
  Epoch 330/400 | Loss: 1.7957 | Val F1: 0.1857 | 0.0s
  Epoch 335/400 | Loss: 1.8374 | Val F1: 0.1830 | 0.0s
  Epoch 340/400 | Loss: 1.8129 | Val F1: 0.1899 | 0.0s
  Epoch 345/400 | Loss: 1.8230 | Val F1: 0.1848 | 0.0s
  Epoch 350/400 | Loss: 1.8021 | Val F1: 0.1932 | 0.0s
  Epoch 355/400 | Loss: 1.8050 | Val F1: 0.1781 | 0.0s
  Epoch 360/400 | Loss: 1.7624 | Val F1: 0.1908 | 0.0s
  Epoch 365/400 | Loss: 1.8122 | Val F1: 0.1844 | 0.0s
  Epoch 370/400 | Loss: 1.8725 | Val F1: 0.1807 | 0.0s
  Epoch 375/400 | Loss: 1.7907 | Val F1: 0.1825 | 0.0s
  Epoch 380/400 | Loss: 1.8028 | Val F1: 0.2017 | 0.0s
  Epoch 385/400 | Loss: 1.8280 | Val F1: 0.1843 | 0.0s
  Epoch 390/400 | Loss: 1.8098 | Val F1: 0.1691 | 0.0s
  Epoch 395/400 | Loss: 1.8960 | Val F1: 0.1846 | 0.0s
  Epoch 400/400 | Loss: 1.7837 | Val F1: 0.1978 | 0.0s
  Best Val F1: 0.2017 | Test F1: 0.2043
  Total training time: 54.1s (0.9 min)

======================================================================
  Val  Macro-F1: 0.2017
  Test Macro-F1: 0.2043
  Test Accuracy: 0.5157
  Time: 55.5s
======================================================================

  Results saved to: results/PaGCN_ogbn-arxiv_MCAR_0.8_20260722_011112
