/home/erfan/MATE/venv/lib/python3.13/site-packages/outdated/__init__.py:36: UserWarning: pkg_resources is deprecated as an API. See https://setuptools.pypa.io/en/latest/pkg_resources.html. The pkg_resources package is slated for removal as early as 2025-11-30. Refrain from using this package or pin to Setuptools<81.
  from pkg_resources import parse_version
/home/erfan/MATE/ogbn_benchmarks/data_loader.py:96: UserWarning: Sparse invariant checks are implicitly disabled. Memory errors (e.g. SEGFAULT) will occur when operating on a sparse tensor which violates the invariants, but checks incur performance overhead. To silence this warning, explicitly opt in or out. See `torch.sparse.check_sparse_tensor_invariants.__doc__` for guidance.  (Triggered internally at /pytorch/aten/src/ATen/Context.cpp:760.)
  adj = torch.sparse_coo_tensor(edge_index, vals, (num_nodes, num_nodes)).coalesce()
======================================================================
  MATE | ogbn-arxiv | MCAR @ 60%
======================================================================
[1/3] Loading ogbn-arxiv...
  169,343 nodes | 128 dims | 40 classes
[2/3] Simulating MCAR missingness...
Simulating MCAR missingness at 60% rate...
  MCAR: Uniform random selection
  Observable: 67,738 (40.0%)
  Masked: 101,605 (60.0%)
  Observable: 67,738 | Val: 50,802 | Test: 50,803
[3/3] Running MATE...
  Partitioning graph into 20 clusters...
  Pre-caching clusters...
  Cached 20 clusters
  Training MATE for up to 400 epochs (patience=20)...
  Epoch 5/400 | Total: 3.928 Edge: 0.629 Con: 0.346 Cls: 2.953 | Val F1: 0.0351 | 0.8s
  Epoch 10/400 | Total: 3.284 Edge: 0.561 Con: 0.300 Cls: 2.423 | Val F1: 0.0954 | 0.9s
  Epoch 15/400 | Total: 3.482 Edge: 0.597 Con: 0.308 Cls: 2.577 | Val F1: 0.0662 | 0.8s
  Epoch 20/400 | Total: 3.168 Edge: 0.540 Con: 0.294 Cls: 2.334 | Val F1: 0.0802 | 0.8s
  Epoch 25/400 | Total: 3.080 Edge: 0.544 Con: 0.298 Cls: 2.239 | Val F1: 0.0940 | 0.8s
  Epoch 30/400 | Total: 3.325 Edge: 0.545 Con: 0.307 Cls: 2.474 | Val F1: 0.0984 | 0.9s
  Epoch 35/400 | Total: 3.251 Edge: 0.540 Con: 0.296 Cls: 2.415 | Val F1: 0.0944 | 0.8s
  Epoch 40/400 | Total: 3.247 Edge: 0.529 Con: 0.300 Cls: 2.418 | Val F1: 0.0767 | 0.9s
  Epoch 45/400 | Total: 2.935 Edge: 0.506 Con: 0.287 Cls: 2.141 | Val F1: 0.1092 | 0.8s
  Epoch 50/400 | Total: 3.094 Edge: 0.517 Con: 0.290 Cls: 2.287 | Val F1: 0.1045 | 0.8s
  Epoch 55/400 | Total: 2.914 Edge: 0.516 Con: 0.286 Cls: 2.112 | Val F1: 0.1230 | 0.8s
  Epoch 60/400 | Total: 3.029 Edge: 0.518 Con: 0.298 Cls: 2.213 | Val F1: 0.1205 | 0.8s
  Epoch 65/400 | Total: 2.993 Edge: 0.520 Con: 0.286 Cls: 2.187 | Val F1: 0.1242 | 0.8s
  Epoch 70/400 | Total: 3.060 Edge: 0.506 Con: 0.290 Cls: 2.263 | Val F1: 0.1239 | 0.8s
  Epoch 75/400 | Total: 3.161 Edge: 0.538 Con: 0.310 Cls: 2.313 | Val F1: 0.1379 | 0.8s
  Epoch 80/400 | Total: 2.984 Edge: 0.512 Con: 0.297 Cls: 2.175 | Val F1: 0.1372 | 0.8s
  Epoch 85/400 | Total: 3.053 Edge: 0.520 Con: 0.295 Cls: 2.238 | Val F1: 0.1403 | 0.9s
  Epoch 90/400 | Total: 2.938 Edge: 0.508 Con: 0.291 Cls: 2.139 | Val F1: 0.1610 | 0.9s
  Epoch 95/400 | Total: 3.028 Edge: 0.529 Con: 0.299 Cls: 2.200 | Val F1: 0.1652 | 0.8s
  Epoch 100/400 | Total: 2.992 Edge: 0.511 Con: 0.296 Cls: 2.185 | Val F1: 0.1454 | 0.9s
  Epoch 105/400 | Total: 2.936 Edge: 0.524 Con: 0.297 Cls: 2.114 | Val F1: 0.1151 | 0.9s
  Epoch 110/400 | Total: 2.957 Edge: 0.521 Con: 0.307 Cls: 2.129 | Val F1: 0.1615 | 0.9s
  Epoch 115/400 | Total: 2.941 Edge: 0.515 Con: 0.293 Cls: 2.133 | Val F1: 0.1444 | 0.8s
  Epoch 120/400 | Total: 2.918 Edge: 0.514 Con: 0.300 Cls: 2.103 | Val F1: 0.1731 | 0.8s
  Epoch 125/400 | Total: 2.863 Edge: 0.500 Con: 0.293 Cls: 2.070 | Val F1: 0.1416 | 0.9s
  Epoch 130/400 | Total: 2.968 Edge: 0.501 Con: 0.299 Cls: 2.168 | Val F1: 0.1556 | 0.9s
  Epoch 135/400 | Total: 2.840 Edge: 0.498 Con: 0.291 Cls: 2.051 | Val F1: 0.1525 | 0.9s
  Epoch 140/400 | Total: 2.851 Edge: 0.504 Con: 0.295 Cls: 2.052 | Val F1: 0.1694 | 0.8s
  Epoch 145/400 | Total: 2.830 Edge: 0.503 Con: 0.300 Cls: 2.027 | Val F1: 0.1888 | 0.8s
  Epoch 150/400 | Total: 2.881 Edge: 0.505 Con: 0.298 Cls: 2.077 | Val F1: 0.1687 | 0.8s
  Epoch 155/400 | Total: 2.870 Edge: 0.515 Con: 0.299 Cls: 2.056 | Val F1: 0.1511 | 0.9s
  Epoch 160/400 | Total: 3.039 Edge: 0.526 Con: 0.307 Cls: 2.206 | Val F1: 0.1234 | 0.8s
  Epoch 165/400 | Total: 2.797 Edge: 0.495 Con: 0.293 Cls: 2.009 | Val F1: 0.1654 | 0.9s
  Epoch 170/400 | Total: 2.855 Edge: 0.508 Con: 0.294 Cls: 2.053 | Val F1: 0.1558 | 0.8s
  Epoch 175/400 | Total: 2.788 Edge: 0.496 Con: 0.287 Cls: 2.004 | Val F1: 0.2046 | 0.8s
  Epoch 180/400 | Total: 3.499 Edge: 0.657 Con: 0.380 Cls: 2.462 | Val F1: 0.1229 | 0.9s
  Epoch 185/400 | Total: 3.062 Edge: 0.523 Con: 0.304 Cls: 2.235 | Val F1: 0.1530 | 0.8s
  Epoch 190/400 | Total: 2.803 Edge: 0.510 Con: 0.293 Cls: 1.999 | Val F1: 0.1825 | 0.9s
  Epoch 195/400 | Total: 3.304 Edge: 0.629 Con: 0.347 Cls: 2.328 | Val F1: 0.1274 | 0.8s
  Epoch 200/400 | Total: 2.891 Edge: 0.509 Con: 0.301 Cls: 2.080 | Val F1: 0.1988 | 0.9s
  Epoch 205/400 | Total: 2.828 Edge: 0.501 Con: 0.294 Cls: 2.033 | Val F1: 0.1657 | 0.8s
  Epoch 210/400 | Total: 2.765 Edge: 0.506 Con: 0.292 Cls: 1.967 | Val F1: 0.1800 | 0.9s
  Epoch 215/400 | Total: 2.755 Edge: 0.495 Con: 0.296 Cls: 1.964 | Val F1: 0.1993 | 0.9s
  Epoch 220/400 | Total: 2.691 Edge: 0.478 Con: 0.288 Cls: 1.925 | Val F1: 0.2049 | 0.9s
  Epoch 225/400 | Total: 3.046 Edge: 0.559 Con: 0.316 Cls: 2.171 | Val F1: 0.1724 | 0.8s
  Epoch 230/400 | Total: 2.795 Edge: 0.511 Con: 0.303 Cls: 1.981 | Val F1: 0.1897 | 0.9s
  Epoch 235/400 | Total: 2.762 Edge: 0.497 Con: 0.297 Cls: 1.968 | Val F1: 0.2020 | 0.9s
  Epoch 240/400 | Total: 2.809 Edge: 0.503 Con: 0.294 Cls: 2.013 | Val F1: 0.1989 | 0.9s
  Epoch 245/400 | Total: 2.775 Edge: 0.493 Con: 0.288 Cls: 1.994 | Val F1: 0.2341 | 0.9s
  Epoch 250/400 | Total: 2.789 Edge: 0.504 Con: 0.301 Cls: 1.985 | Val F1: 0.1995 | 0.8s
  Epoch 255/400 | Total: 2.845 Edge: 0.492 Con: 0.296 Cls: 2.057 | Val F1: 0.2091 | 0.9s
  Epoch 260/400 | Total: 2.850 Edge: 0.504 Con: 0.303 Cls: 2.043 | Val F1: 0.2229 | 1.0s
  Epoch 265/400 | Total: 2.924 Edge: 0.503 Con: 0.312 Cls: 2.109 | Val F1: 0.1619 | 0.9s
  Epoch 270/400 | Total: 2.897 Edge: 0.520 Con: 0.308 Cls: 2.069 | Val F1: 0.1949 | 0.9s
  Epoch 275/400 | Total: 2.804 Edge: 0.492 Con: 0.303 Cls: 2.009 | Val F1: 0.1698 | 0.8s
  Epoch 280/400 | Total: 2.803 Edge: 0.493 Con: 0.292 Cls: 2.019 | Val F1: 0.1896 | 0.8s
  Epoch 285/400 | Total: 3.230 Edge: 0.542 Con: 0.343 Cls: 2.345 | Val F1: 0.0973 | 0.8s
  Epoch 290/400 | Total: 3.024 Edge: 0.540 Con: 0.324 Cls: 2.161 | Val F1: 0.1552 | 0.8s
  Epoch 295/400 | Total: 2.870 Edge: 0.500 Con: 0.318 Cls: 2.053 | Val F1: 0.1848 | 0.8s
  Epoch 300/400 | Total: 2.884 Edge: 0.502 Con: 0.302 Cls: 2.080 | Val F1: 0.1657 | 0.8s
  Epoch 305/400 | Total: 2.954 Edge: 0.502 Con: 0.315 Cls: 2.137 | Val F1: 0.1754 | 0.8s
  Epoch 310/400 | Total: 2.807 Edge: 0.489 Con: 0.293 Cls: 2.026 | Val F1: 0.1984 | 0.8s
  Epoch 315/400 | Total: 2.785 Edge: 0.501 Con: 0.308 Cls: 1.976 | Val F1: 0.1992 | 0.8s
  Epoch 320/400 | Total: 2.743 Edge: 0.497 Con: 0.296 Cls: 1.950 | Val F1: 0.1690 | 0.8s
  Epoch 325/400 | Total: 2.797 Edge: 0.510 Con: 0.292 Cls: 1.995 | Val F1: 0.1895 | 0.8s
  Epoch 330/400 | Total: 2.740 Edge: 0.494 Con: 0.297 Cls: 1.949 | Val F1: 0.1962 | 0.8s
  Epoch 335/400 | Total: 2.761 Edge: 0.494 Con: 0.298 Cls: 1.969 | Val F1: 0.1993 | 0.8s
  Epoch 340/400 | Total: 2.755 Edge: 0.501 Con: 0.298 Cls: 1.956 | Val F1: 0.2091 | 0.8s
  Epoch 345/400 | Total: 2.812 Edge: 0.530 Con: 0.295 Cls: 1.988 | Val F1: 0.2415 | 0.8s
  Epoch 350/400 | Total: 2.849 Edge: 0.512 Con: 0.300 Cls: 2.037 | Val F1: 0.2119 | 0.8s
  Epoch 355/400 | Total: 2.711 Edge: 0.492 Con: 0.300 Cls: 1.919 | Val F1: 0.2207 | 0.8s
  Epoch 360/400 | Total: 4.250 Edge: 0.736 Con: 0.440 Cls: 3.075 | Val F1: 0.0059 | 0.9s
  Epoch 365/400 | Total: 4.033 Edge: 0.693 Con: 0.294 Cls: 3.045 | Val F1: 0.0156 | 0.9s
  Epoch 370/400 | Total: 3.677 Edge: 0.652 Con: 0.331 Cls: 2.693 | Val F1: 0.0530 | 0.8s
  Epoch 375/400 | Total: 4.054 Edge: 0.697 Con: 0.343 Cls: 3.014 | Val F1: 0.0070 | 0.8s
  Epoch 380/400 | Total: 4.009 Edge: 0.694 Con: 0.313 Cls: 3.001 | Val F1: 0.0070 | 0.8s
  Epoch 385/400 | Total: 3.984 Edge: 0.693 Con: 0.292 Cls: 2.998 | Val F1: 0.0069 | 0.8s
  Epoch 390/400 | Total: 3.991 Edge: 0.693 Con: 0.299 Cls: 2.999 | Val F1: 0.0069 | 0.8s
  Epoch 395/400 | Total: 3.974 Edge: 0.693 Con: 0.281 Cls: 2.999 | Val F1: 0.0069 | 0.8s
  Epoch 400/400 | Total: 3.971 Edge: 0.693 Con: 0.280 Cls: 2.998 | Val F1: 0.0070 | 0.8s
  Best Val F1: 0.2415 | Test F1: 0.2412
  Total training time: 447.9s (7.5 min) over 400 epochs

======================================================================
  Val  Macro-F1: 0.2415
  Test Macro-F1: 0.2412
  Test Accuracy: 0.5581
  Time: 450.2s
======================================================================

  Results saved to: results/MATE_ogbn-arxiv_MCAR_0.6_20260722_005432
