/home/erfan/MATE/venv/lib/python3.13/site-packages/outdated/__init__.py:36: UserWarning: pkg_resources is deprecated as an API. See https://setuptools.pypa.io/en/latest/pkg_resources.html. The pkg_resources package is slated for removal as early as 2025-11-30. Refrain from using this package or pin to Setuptools<81.
  from pkg_resources import parse_version
/home/erfan/MATE/ogbn_benchmarks/data_loader.py:96: UserWarning: Sparse invariant checks are implicitly disabled. Memory errors (e.g. SEGFAULT) will occur when operating on a sparse tensor which violates the invariants, but checks incur performance overhead. To silence this warning, explicitly opt in or out. See `torch.sparse.check_sparse_tensor_invariants.__doc__` for guidance.  (Triggered internally at /pytorch/aten/src/ATen/Context.cpp:760.)
  adj = torch.sparse_coo_tensor(edge_index, vals, (num_nodes, num_nodes)).coalesce()
======================================================================
  MATE | ogbn-arxiv | MCAR @ 20%
======================================================================
[1/3] Loading ogbn-arxiv...
  169,343 nodes | 128 dims | 40 classes
[2/3] Simulating MCAR missingness...
Simulating MCAR missingness at 20% rate...
  MCAR: Uniform random selection
  Observable: 135,475 (80.0%)
  Masked: 33,868 (20.0%)
  Observable: 135,475 | Val: 16,934 | Test: 16,934
[3/3] Running MATE...
  Partitioning graph into 20 clusters...
  Pre-caching clusters...
  Cached 20 clusters
  Training MATE for up to 400 epochs (patience=20)...
  Epoch 5/400 | Total: 3.817 Edge: 0.593 Con: 0.292 Cls: 2.932 | Val F1: 0.0521 | 0.8s
  Epoch 10/400 | Total: 3.232 Edge: 0.552 Con: 0.277 Cls: 2.403 | Val F1: 0.0855 | 0.8s
  Epoch 15/400 | Total: 3.345 Edge: 0.564 Con: 0.283 Cls: 2.498 | Val F1: 0.0929 | 0.9s
  Epoch 20/400 | Total: 3.270 Edge: 0.585 Con: 0.276 Cls: 2.409 | Val F1: 0.0677 | 0.8s
  Epoch 25/400 | Total: 3.113 Edge: 0.550 Con: 0.277 Cls: 2.286 | Val F1: 0.0804 | 0.8s
  Epoch 30/400 | Total: 3.204 Edge: 0.550 Con: 0.273 Cls: 2.381 | Val F1: 0.1193 | 0.8s
  Epoch 35/400 | Total: 3.385 Edge: 0.570 Con: 0.283 Cls: 2.531 | Val F1: 0.1085 | 0.8s
  Epoch 40/400 | Total: 3.121 Edge: 0.544 Con: 0.275 Cls: 2.301 | Val F1: 0.0873 | 0.8s
  Epoch 45/400 | Total: 2.968 Edge: 0.527 Con: 0.267 Cls: 2.175 | Val F1: 0.0953 | 0.8s
  Epoch 50/400 | Total: 3.118 Edge: 0.555 Con: 0.278 Cls: 2.285 | Val F1: 0.1041 | 0.8s
  Epoch 55/400 | Total: 2.993 Edge: 0.531 Con: 0.273 Cls: 2.189 | Val F1: 0.1126 | 0.8s
  Epoch 60/400 | Total: 2.984 Edge: 0.541 Con: 0.272 Cls: 2.171 | Val F1: 0.1242 | 0.8s
  Epoch 65/400 | Total: 2.978 Edge: 0.515 Con: 0.264 Cls: 2.200 | Val F1: 0.1146 | 0.8s
  Epoch 70/400 | Total: 3.087 Edge: 0.541 Con: 0.265 Cls: 2.281 | Val F1: 0.1042 | 0.8s
  Epoch 75/400 | Total: 2.886 Edge: 0.506 Con: 0.267 Cls: 2.113 | Val F1: 0.0895 | 0.8s
  Epoch 80/400 | Total: 3.089 Edge: 0.526 Con: 0.269 Cls: 2.294 | Val F1: 0.1235 | 0.8s
  Epoch 85/400 | Total: 3.343 Edge: 0.546 Con: 0.280 Cls: 2.517 | Val F1: 0.1195 | 0.8s
  Epoch 90/400 | Total: 3.007 Edge: 0.532 Con: 0.270 Cls: 2.204 | Val F1: 0.1503 | 0.9s
  Epoch 95/400 | Total: 2.957 Edge: 0.521 Con: 0.267 Cls: 2.168 | Val F1: 0.1294 | 0.8s
  Epoch 100/400 | Total: 3.028 Edge: 0.545 Con: 0.277 Cls: 2.206 | Val F1: 0.1373 | 0.8s
  Epoch 105/400 | Total: 4.472 Edge: 0.796 Con: 0.455 Cls: 3.221 | Val F1: 0.0210 | 0.8s
  Epoch 110/400 | Total: 4.199 Edge: 0.698 Con: 0.368 Cls: 3.133 | Val F1: 0.0163 | 0.8s
  Epoch 115/400 | Total: 3.912 Edge: 0.694 Con: 0.297 Cls: 2.921 | Val F1: 0.0180 | 0.8s
  Epoch 120/400 | Total: 3.849 Edge: 0.693 Con: 0.288 Cls: 2.868 | Val F1: 0.0172 | 0.8s
  Epoch 125/400 | Total: 3.737 Edge: 0.685 Con: 0.302 Cls: 2.750 | Val F1: 0.0220 | 0.8s
  Epoch 130/400 | Total: 4.024 Edge: 0.694 Con: 0.306 Cls: 3.024 | Val F1: 0.0056 | 0.9s
  Epoch 135/400 | Total: 3.625 Edge: 0.683 Con: 0.292 Cls: 2.650 | Val F1: 0.0595 | 0.8s
  Epoch 140/400 | Total: 3.532 Edge: 0.689 Con: 0.292 Cls: 2.551 | Val F1: 0.0512 | 0.8s
  Epoch 145/400 | Total: 3.227 Edge: 0.626 Con: 0.275 Cls: 2.326 | Val F1: 0.0841 | 0.8s
  Epoch 150/400 | Total: 3.289 Edge: 0.645 Con: 0.288 Cls: 2.355 | Val F1: 0.0973 | 0.8s
  Epoch 155/400 | Total: 3.248 Edge: 0.599 Con: 0.274 Cls: 2.375 | Val F1: 0.0712 | 0.8s
  Epoch 160/400 | Total: 3.240 Edge: 0.600 Con: 0.285 Cls: 2.355 | Val F1: 0.0769 | 0.8s
  Epoch 165/400 | Total: 3.089 Edge: 0.577 Con: 0.268 Cls: 2.243 | Val F1: 0.1110 | 0.8s
  Epoch 170/400 | Total: 3.081 Edge: 0.569 Con: 0.277 Cls: 2.236 | Val F1: 0.1123 | 0.9s
  Epoch 175/400 | Total: 3.067 Edge: 0.552 Con: 0.278 Cls: 2.237 | Val F1: 0.1317 | 0.8s
  Epoch 180/400 | Total: 3.072 Edge: 0.570 Con: 0.278 Cls: 2.224 | Val F1: 0.0977 | 0.9s
  Epoch 185/400 | Total: 3.034 Edge: 0.572 Con: 0.269 Cls: 2.193 | Val F1: 0.1291 | 0.8s
  Epoch 190/400 | Total: 3.024 Edge: 0.566 Con: 0.275 Cls: 2.183 | Val F1: 0.1220 | 0.8s
  Early stopping at epoch 190
  Best Val F1: 0.1503 | Test F1: 0.1492
  Total training time: 201.1s (3.4 min) over 190 epochs

======================================================================
  Val  Macro-F1: 0.1503
  Test Macro-F1: 0.1492
  Test Accuracy: 0.4962
  Time: 203.1s
======================================================================

  Results saved to: results/MATE_ogbn-arxiv_MCAR_0.2_20260722_002212
