/home/erfan/MATE/venv/lib/python3.13/site-packages/outdated/__init__.py:36: UserWarning: pkg_resources is deprecated as an API. See https://setuptools.pypa.io/en/latest/pkg_resources.html. The pkg_resources package is slated for removal as early as 2025-11-30. Refrain from using this package or pin to Setuptools<81.
  from pkg_resources import parse_version
/home/erfan/MATE/ogbn_benchmarks/data_loader.py:96: UserWarning: Sparse invariant checks are implicitly disabled. Memory errors (e.g. SEGFAULT) will occur when operating on a sparse tensor which violates the invariants, but checks incur performance overhead. To silence this warning, explicitly opt in or out. See `torch.sparse.check_sparse_tensor_invariants.__doc__` for guidance.  (Triggered internally at /pytorch/aten/src/ATen/Context.cpp:760.)
  adj = torch.sparse_coo_tensor(edge_index, vals, (num_nodes, num_nodes)).coalesce()
======================================================================
  NESS | ogbn-arxiv | MCAR @ 60%
======================================================================
[1/3] Loading ogbn-arxiv...
  169,343 nodes | 128 dims | 40 classes
[2/3] Simulating MCAR missingness...
Simulating MCAR missingness at 60% rate...
  MCAR: Uniform random selection
  Observable: 67,738 (40.0%)
  Masked: 101,605 (60.0%)
  Observable: 67,738 | Val: 50,802 | Test: 50,803
[3/3] Running NESS...
  Prefilling missing nodes via Feature Propagation (40 iters)...
  Partitioning graph into 20 clusters (cache_device=gpu)...
  Cached 20 clusters
  Training NESS for up to 400 epochs (patience=20)...
  Epoch 1/400 | Total: 6.465 Edge: 0.690 Con: 0.744 Cls: 3.681 Triplet: 1.3495 | 10.1s
  Epoch 2/400 | Total: 5.903 Edge: 0.680 Con: 0.710 Cls: 3.567 Triplet: 0.9451 | 1.1s
  Epoch 3/400 | Total: 5.519 Edge: 0.662 Con: 0.631 Cls: 3.317 Triplet: 0.9084 | 1.2s
  Epoch 4/400 | Total: 5.057 Edge: 0.632 Con: 0.550 Cls: 2.978 Triplet: 0.8985 | 1.0s
  Epoch 5/400 | Total: 4.758 Edge: 0.605 Con: 0.485 Cls: 2.788 Triplet: 0.8797 | Val F1: 0.0312 | 1.2s
  Epoch 6/400 | Total: 4.537 Edge: 0.580 Con: 0.435 Cls: 2.652 Triplet: 0.8705 | 1.3s
  Epoch 7/400 | Total: 4.343 Edge: 0.556 Con: 0.397 Cls: 2.526 Triplet: 0.8633 | 1.1s
  Epoch 8/400 | Total: 4.167 Edge: 0.533 Con: 0.362 Cls: 2.405 Triplet: 0.8675 | 0.9s
  Epoch 9/400 | Total: 4.076 Edge: 0.515 Con: 0.347 Cls: 2.355 Triplet: 0.8593 | 1.1s
  Epoch 10/400 | Total: 3.943 Edge: 0.506 Con: 0.328 Cls: 2.262 Triplet: 0.8469 | Val F1: 0.0744 | 1.0s
  Epoch 11/400 | Total: 3.862 Edge: 0.491 Con: 0.323 Cls: 2.224 Triplet: 0.8234 | 1.1s
  Epoch 12/400 | Total: 3.740 Edge: 0.480 Con: 0.306 Cls: 2.144 Triplet: 0.8102 | 1.1s
  Epoch 13/400 | Total: 3.739 Edge: 0.478 Con: 0.298 Cls: 2.098 Triplet: 0.8659 | 1.2s
  Epoch 14/400 | Total: 3.666 Edge: 0.468 Con: 0.293 Cls: 2.062 Triplet: 0.8432 | 1.0s
  Epoch 15/400 | Total: 3.583 Edge: 0.466 Con: 0.288 Cls: 2.020 Triplet: 0.8089 | Val F1: 0.1422 | 1.1s
  Epoch 16/400 | Total: 3.586 Edge: 0.461 Con: 0.281 Cls: 1.996 Triplet: 0.8479 | 1.0s
  Epoch 17/400 | Total: 3.525 Edge: 0.460 Con: 0.277 Cls: 1.949 Triplet: 0.8392 | 1.1s
  Epoch 18/400 | Total: 3.486 Edge: 0.457 Con: 0.274 Cls: 1.942 Triplet: 0.8131 | 1.1s
  Epoch 19/400 | Total: 3.440 Edge: 0.449 Con: 0.270 Cls: 1.924 Triplet: 0.7974 | 1.1s
  Epoch 20/400 | Total: 3.379 Edge: 0.452 Con: 0.264 Cls: 1.897 Triplet: 0.7664 | Val F1: 0.1714 | 1.3s
  Epoch 21/400 | Total: 3.388 Edge: 0.448 Con: 0.258 Cls: 1.894 Triplet: 0.7887 | 1.1s
  Epoch 22/400 | Total: 3.386 Edge: 0.449 Con: 0.255 Cls: 1.858 Triplet: 0.8240 | 1.3s
  Epoch 23/400 | Total: 3.348 Edge: 0.445 Con: 0.256 Cls: 1.857 Triplet: 0.7898 | 1.1s
  Epoch 24/400 | Total: 3.294 Edge: 0.449 Con: 0.254 Cls: 1.830 Triplet: 0.7613 | 1.0s
  Epoch 25/400 | Total: 3.301 Edge: 0.445 Con: 0.250 Cls: 1.814 Triplet: 0.7923 | Val F1: 0.1914 | 0.9s
  Epoch 26/400 | Total: 3.288 Edge: 0.440 Con: 0.247 Cls: 1.809 Triplet: 0.7917 | 1.0s
  Epoch 27/400 | Total: 3.281 Edge: 0.442 Con: 0.248 Cls: 1.795 Triplet: 0.7964 | 1.1s
  Epoch 28/400 | Total: 3.266 Edge: 0.440 Con: 0.244 Cls: 1.796 Triplet: 0.7857 | 0.9s
  Epoch 29/400 | Total: 3.223 Edge: 0.435 Con: 0.240 Cls: 1.798 Triplet: 0.7491 | 1.0s
  Epoch 30/400 | Total: 3.227 Edge: 0.435 Con: 0.240 Cls: 1.783 Triplet: 0.7682 | Val F1: 0.2157 | 0.9s
  Epoch 31/400 | Total: 3.156 Edge: 0.437 Con: 0.239 Cls: 1.753 Triplet: 0.7275 | 1.0s
  Epoch 32/400 | Total: 3.178 Edge: 0.440 Con: 0.235 Cls: 1.766 Triplet: 0.7361 | 1.0s
  Epoch 33/400 | Total: 3.136 Edge: 0.439 Con: 0.233 Cls: 1.729 Triplet: 0.7352 | 1.0s
  Epoch 34/400 | Total: 3.135 Edge: 0.431 Con: 0.232 Cls: 1.723 Triplet: 0.7491 | 1.0s
  Epoch 35/400 | Total: 3.150 Edge: 0.432 Con: 0.231 Cls: 1.737 Triplet: 0.7501 | Val F1: 0.2223 | 1.3s
  Epoch 36/400 | Total: 3.155 Edge: 0.430 Con: 0.227 Cls: 1.740 Triplet: 0.7573 | 1.1s
  Epoch 37/400 | Total: 3.088 Edge: 0.429 Con: 0.229 Cls: 1.708 Triplet: 0.7227 | 1.2s
  Epoch 38/400 | Total: 3.124 Edge: 0.436 Con: 0.226 Cls: 1.713 Triplet: 0.7492 | 1.2s
  Epoch 39/400 | Total: 3.084 Edge: 0.432 Con: 0.225 Cls: 1.719 Triplet: 0.7076 | 1.0s
  Epoch 40/400 | Total: 3.136 Edge: 0.442 Con: 0.224 Cls: 1.704 Triplet: 0.7665 | Val F1: 0.2269 | 1.0s
  Epoch 41/400 | Total: 3.093 Edge: 0.442 Con: 0.222 Cls: 1.706 Triplet: 0.7229 | 1.1s
  Epoch 42/400 | Total: 3.058 Edge: 0.433 Con: 0.221 Cls: 1.675 Triplet: 0.7293 | 1.0s
  Epoch 43/400 | Total: 3.050 Edge: 0.428 Con: 0.218 Cls: 1.664 Triplet: 0.7398 | 1.1s
  Epoch 44/400 | Total: 3.011 Edge: 0.427 Con: 0.217 Cls: 1.658 Triplet: 0.7097 | 1.0s
  Epoch 45/400 | Total: 3.019 Edge: 0.426 Con: 0.216 Cls: 1.655 Triplet: 0.7223 | Val F1: 0.2543 | 1.2s
  Epoch 46/400 | Total: 3.044 Edge: 0.426 Con: 0.216 Cls: 1.656 Triplet: 0.7460 | 1.1s
  Epoch 47/400 | Total: 3.017 Edge: 0.430 Con: 0.216 Cls: 1.669 Triplet: 0.7030 | 1.1s
  Epoch 48/400 | Total: 2.993 Edge: 0.425 Con: 0.214 Cls: 1.652 Triplet: 0.7026 | 0.9s
  Epoch 49/400 | Total: 2.979 Edge: 0.422 Con: 0.211 Cls: 1.653 Triplet: 0.6929 | 1.0s
  Epoch 50/400 | Total: 2.975 Edge: 0.422 Con: 0.209 Cls: 1.641 Triplet: 0.7028 | Val F1: 0.2513 | 0.9s
  Epoch 51/400 | Total: 2.991 Edge: 0.421 Con: 0.209 Cls: 1.653 Triplet: 0.7084 | 0.9s
  Epoch 52/400 | Total: 2.957 Edge: 0.419 Con: 0.210 Cls: 1.634 Triplet: 0.6940 | 1.3s
  Epoch 53/400 | Total: 2.964 Edge: 0.419 Con: 0.209 Cls: 1.643 Triplet: 0.6924 | 1.1s
  Epoch 54/400 | Total: 2.956 Edge: 0.418 Con: 0.207 Cls: 1.633 Triplet: 0.6978 | 1.0s
  Epoch 55/400 | Total: 2.932 Edge: 0.419 Con: 0.206 Cls: 1.631 Triplet: 0.6752 | Val F1: 0.2593 | 1.0s
  Epoch 56/400 | Total: 2.911 Edge: 0.417 Con: 0.204 Cls: 1.611 Triplet: 0.6785 | 0.9s
  Epoch 57/400 | Total: 2.946 Edge: 0.424 Con: 0.205 Cls: 1.608 Triplet: 0.7080 | 1.0s
  Epoch 58/400 | Total: 2.915 Edge: 0.418 Con: 0.203 Cls: 1.619 Triplet: 0.6756 | 1.1s
  Epoch 59/400 | Total: 2.900 Edge: 0.415 Con: 0.201 Cls: 1.615 Triplet: 0.6682 | 1.1s
  Epoch 60/400 | Total: 2.876 Edge: 0.417 Con: 0.201 Cls: 1.587 Triplet: 0.6708 | Val F1: 0.2623 | 1.0s
  Epoch 61/400 | Total: 2.929 Edge: 0.419 Con: 0.201 Cls: 1.616 Triplet: 0.6920 | 1.0s
  Epoch 62/400 | Total: 2.927 Edge: 0.427 Con: 0.201 Cls: 1.605 Triplet: 0.6932 | 1.0s
  Epoch 63/400 | Total: 2.888 Edge: 0.424 Con: 0.198 Cls: 1.592 Triplet: 0.6731 | 1.0s
  Epoch 64/400 | Total: 2.881 Edge: 0.422 Con: 0.197 Cls: 1.593 Triplet: 0.6697 | 0.9s
  Epoch 65/400 | Total: 2.880 Edge: 0.416 Con: 0.197 Cls: 1.595 Triplet: 0.6723 | Val F1: 0.2680 | 1.1s
  Epoch 66/400 | Total: 2.881 Edge: 0.420 Con: 0.194 Cls: 1.595 Triplet: 0.6716 | 1.0s
  Epoch 67/400 | Total: 2.871 Edge: 0.415 Con: 0.196 Cls: 1.594 Triplet: 0.6669 | 1.1s
  Epoch 68/400 | Total: 2.871 Edge: 0.416 Con: 0.196 Cls: 1.572 Triplet: 0.6873 | 1.2s
  Epoch 69/400 | Total: 2.849 Edge: 0.413 Con: 0.194 Cls: 1.581 Triplet: 0.6621 | 1.1s
  Epoch 70/400 | Total: 2.864 Edge: 0.420 Con: 0.192 Cls: 1.567 Triplet: 0.6857 | Val F1: 0.2728 | 0.9s
  Epoch 71/400 | Total: 2.868 Edge: 0.414 Con: 0.190 Cls: 1.591 Triplet: 0.6728 | 1.2s
  Epoch 72/400 | Total: 2.851 Edge: 0.415 Con: 0.192 Cls: 1.572 Triplet: 0.6714 | 0.9s
  Epoch 73/400 | Total: 2.869 Edge: 0.410 Con: 0.191 Cls: 1.584 Triplet: 0.6839 | 1.1s
  Epoch 74/400 | Total: 2.841 Edge: 0.416 Con: 0.191 Cls: 1.571 Triplet: 0.6620 | 1.1s
  Epoch 75/400 | Total: 2.870 Edge: 0.415 Con: 0.190 Cls: 1.582 Triplet: 0.6826 | Val F1: 0.2757 | 1.1s
  Epoch 76/400 | Total: 2.823 Edge: 0.409 Con: 0.189 Cls: 1.570 Triplet: 0.6549 | 1.0s
  Epoch 77/400 | Total: 2.813 Edge: 0.412 Con: 0.188 Cls: 1.561 Triplet: 0.6515 | 1.3s
  Epoch 78/400 | Total: 2.882 Edge: 0.411 Con: 0.188 Cls: 1.617 Triplet: 0.6652 | 1.0s
  Epoch 79/400 | Total: 2.836 Edge: 0.412 Con: 0.187 Cls: 1.588 Triplet: 0.6496 | 1.1s
  Epoch 80/400 | Total: 2.822 Edge: 0.409 Con: 0.186 Cls: 1.561 Triplet: 0.6657 | Val F1: 0.2736 | 1.3s
  Epoch 81/400 | Total: 2.820 Edge: 0.412 Con: 0.187 Cls: 1.567 Triplet: 0.6537 | 1.0s
  Epoch 82/400 | Total: 2.820 Edge: 0.414 Con: 0.187 Cls: 1.560 Triplet: 0.6582 | 1.1s
  Epoch 83/400 | Total: 2.796 Edge: 0.410 Con: 0.186 Cls: 1.557 Triplet: 0.6435 | 1.1s
  Epoch 84/400 | Total: 2.792 Edge: 0.410 Con: 0.185 Cls: 1.557 Triplet: 0.6400 | 1.2s
  Epoch 85/400 | Total: 2.792 Edge: 0.417 Con: 0.183 Cls: 1.557 Triplet: 0.6344 | Val F1: 0.2672 | 1.1s
  Epoch 86/400 | Total: 2.775 Edge: 0.419 Con: 0.183 Cls: 1.545 Triplet: 0.6292 | 1.1s
  Epoch 87/400 | Total: 2.800 Edge: 0.408 Con: 0.183 Cls: 1.561 Triplet: 0.6483 | 1.1s
  Epoch 88/400 | Total: 2.795 Edge: 0.406 Con: 0.182 Cls: 1.562 Triplet: 0.6452 | 0.9s
  Epoch 89/400 | Total: 2.773 Edge: 0.414 Con: 0.181 Cls: 1.544 Triplet: 0.6344 | 0.9s
  Epoch 90/400 | Total: 2.766 Edge: 0.406 Con: 0.181 Cls: 1.538 Triplet: 0.6413 | Val F1: 0.2850 | 0.9s
  Epoch 91/400 | Total: 2.755 Edge: 0.408 Con: 0.180 Cls: 1.539 Triplet: 0.6271 | 1.0s
  Epoch 92/400 | Total: 2.755 Edge: 0.405 Con: 0.179 Cls: 1.547 Triplet: 0.6242 | 1.0s
  Epoch 93/400 | Total: 2.754 Edge: 0.406 Con: 0.179 Cls: 1.540 Triplet: 0.6284 | 1.0s
  Epoch 94/400 | Total: 2.750 Edge: 0.405 Con: 0.180 Cls: 1.538 Triplet: 0.6261 | 1.1s
  Epoch 95/400 | Total: 2.801 Edge: 0.406 Con: 0.179 Cls: 1.554 Triplet: 0.6624 | Val F1: 0.2891 | 1.1s
  Epoch 96/400 | Total: 2.782 Edge: 0.406 Con: 0.177 Cls: 1.551 Triplet: 0.6480 | 1.0s
  Epoch 97/400 | Total: 2.818 Edge: 0.407 Con: 0.177 Cls: 1.556 Triplet: 0.6773 | 1.1s
  Epoch 98/400 | Total: 2.793 Edge: 0.405 Con: 0.176 Cls: 1.559 Triplet: 0.6519 | 1.0s
  Epoch 99/400 | Total: 2.781 Edge: 0.407 Con: 0.176 Cls: 1.562 Triplet: 0.6353 | 0.9s
  Epoch 100/400 | Total: 2.787 Edge: 0.411 Con: 0.175 Cls: 1.547 Triplet: 0.6549 | Val F1: 0.2731 | 1.0s
  Epoch 101/400 | Total: 2.859 Edge: 0.415 Con: 0.174 Cls: 1.611 Triplet: 0.6595 | 1.1s
  Epoch 102/400 | Total: 2.809 Edge: 0.413 Con: 0.172 Cls: 1.563 Triplet: 0.6606 | 1.1s
  Epoch 103/400 | Total: 2.777 Edge: 0.408 Con: 0.175 Cls: 1.553 Triplet: 0.6420 | 0.9s
  Epoch 104/400 | Total: 2.777 Edge: 0.404 Con: 0.171 Cls: 1.554 Triplet: 0.6473 | 0.9s
  Epoch 105/400 | Total: 2.776 Edge: 0.402 Con: 0.172 Cls: 1.562 Triplet: 0.6397 | Val F1: 0.3018 | 1.1s
  Epoch 106/400 | Total: 2.756 Edge: 0.405 Con: 0.170 Cls: 1.563 Triplet: 0.6185 | 1.1s
  Epoch 107/400 | Total: 2.710 Edge: 0.402 Con: 0.172 Cls: 1.524 Triplet: 0.6122 | 1.1s
  Epoch 108/400 | Total: 2.724 Edge: 0.402 Con: 0.171 Cls: 1.538 Triplet: 0.6136 | 1.0s
  Epoch 109/400 | Total: 2.713 Edge: 0.402 Con: 0.170 Cls: 1.523 Triplet: 0.6188 | 1.3s
  Epoch 110/400 | Total: 2.724 Edge: 0.406 Con: 0.168 Cls: 1.534 Triplet: 0.6169 | Val F1: 0.3009 | 1.0s
  Epoch 111/400 | Total: 2.748 Edge: 0.401 Con: 0.168 Cls: 1.547 Triplet: 0.6319 | 1.1s
  Epoch 112/400 | Total: 2.739 Edge: 0.404 Con: 0.170 Cls: 1.535 Triplet: 0.6310 | 1.1s
  Epoch 113/400 | Total: 2.734 Edge: 0.403 Con: 0.168 Cls: 1.532 Triplet: 0.6306 | 1.0s
  Epoch 114/400 | Total: 2.723 Edge: 0.403 Con: 0.167 Cls: 1.528 Triplet: 0.6246 | 1.0s
  Epoch 115/400 | Total: 2.717 Edge: 0.399 Con: 0.168 Cls: 1.534 Triplet: 0.6160 | Val F1: 0.2917 | 1.1s
  Epoch 116/400 | Total: 2.739 Edge: 0.403 Con: 0.166 Cls: 1.534 Triplet: 0.6351 | 1.1s
  Epoch 117/400 | Total: 2.755 Edge: 0.405 Con: 0.165 Cls: 1.552 Triplet: 0.6331 | 0.9s
  Epoch 118/400 | Total: 2.725 Edge: 0.399 Con: 0.166 Cls: 1.537 Triplet: 0.6228 | 1.1s
  Epoch 119/400 | Total: 2.748 Edge: 0.397 Con: 0.165 Cls: 1.549 Triplet: 0.6368 | 1.1s
  Epoch 120/400 | Total: 2.726 Edge: 0.396 Con: 0.165 Cls: 1.546 Triplet: 0.6199 | Val F1: 0.3012 | 1.1s
  Epoch 121/400 | Total: 2.710 Edge: 0.401 Con: 0.165 Cls: 1.524 Triplet: 0.6211 | 1.0s
  Epoch 122/400 | Total: 2.683 Edge: 0.397 Con: 0.165 Cls: 1.517 Triplet: 0.6046 | 1.1s
  Epoch 123/400 | Total: 2.698 Edge: 0.399 Con: 0.165 Cls: 1.517 Triplet: 0.6167 | 1.0s
  Epoch 124/400 | Total: 2.759 Edge: 0.407 Con: 0.162 Cls: 1.543 Triplet: 0.6472 | 1.0s
  Epoch 125/400 | Total: 2.777 Edge: 0.409 Con: 0.163 Cls: 1.549 Triplet: 0.6570 | Val F1: 0.2845 | 0.9s
  Epoch 126/400 | Total: 2.723 Edge: 0.400 Con: 0.163 Cls: 1.531 Triplet: 0.6283 | 0.9s
  Epoch 127/400 | Total: 2.684 Edge: 0.402 Con: 0.164 Cls: 1.516 Triplet: 0.6032 | 0.9s
  Epoch 128/400 | Total: 2.678 Edge: 0.398 Con: 0.162 Cls: 1.508 Triplet: 0.6106 | 1.1s
  Epoch 129/400 | Total: 2.686 Edge: 0.399 Con: 0.162 Cls: 1.511 Triplet: 0.6135 | 1.0s
  Epoch 130/400 | Total: 2.728 Edge: 0.404 Con: 0.161 Cls: 1.541 Triplet: 0.6220 | Val F1: 0.2937 | 1.1s
  Epoch 131/400 | Total: 2.711 Edge: 0.400 Con: 0.161 Cls: 1.527 Triplet: 0.6229 | 1.0s
  Epoch 132/400 | Total: 2.715 Edge: 0.399 Con: 0.161 Cls: 1.535 Triplet: 0.6199 | 1.0s
  Epoch 133/400 | Total: 2.683 Edge: 0.398 Con: 0.161 Cls: 1.513 Triplet: 0.6114 | 1.3s
  Epoch 134/400 | Total: 2.676 Edge: 0.397 Con: 0.161 Cls: 1.515 Triplet: 0.6023 | 1.1s
  Epoch 135/400 | Total: 2.709 Edge: 0.407 Con: 0.160 Cls: 1.529 Triplet: 0.6133 | Val F1: 0.2991 | 1.0s
  Epoch 136/400 | Total: 2.706 Edge: 0.404 Con: 0.161 Cls: 1.526 Triplet: 0.6151 | 1.0s
  Epoch 137/400 | Total: 2.706 Edge: 0.400 Con: 0.158 Cls: 1.540 Triplet: 0.6082 | 1.1s
  Epoch 138/400 | Total: 2.716 Edge: 0.415 Con: 0.159 Cls: 1.509 Triplet: 0.6344 | 1.1s
  Epoch 139/400 | Total: 2.719 Edge: 0.414 Con: 0.157 Cls: 1.523 Triplet: 0.6261 | 1.1s
  Epoch 140/400 | Total: 2.710 Edge: 0.408 Con: 0.158 Cls: 1.522 Triplet: 0.6220 | Val F1: 0.2931 | 1.1s
  Epoch 141/400 | Total: 2.679 Edge: 0.394 Con: 0.157 Cls: 1.528 Triplet: 0.6000 | 1.1s
  Epoch 142/400 | Total: 2.672 Edge: 0.396 Con: 0.157 Cls: 1.510 Triplet: 0.6090 | 1.1s
  Epoch 143/400 | Total: 2.673 Edge: 0.400 Con: 0.157 Cls: 1.509 Triplet: 0.6072 | 1.4s
  Epoch 144/400 | Total: 2.655 Edge: 0.397 Con: 0.156 Cls: 1.511 Triplet: 0.5917 | 1.0s
  Epoch 145/400 | Total: 2.665 Edge: 0.403 Con: 0.157 Cls: 1.521 Triplet: 0.5847 | Val F1: 0.3095 | 1.0s
  Epoch 146/400 | Total: 2.680 Edge: 0.401 Con: 0.156 Cls: 1.520 Triplet: 0.6029 | 1.1s
  Epoch 147/400 | Total: 2.679 Edge: 0.404 Con: 0.155 Cls: 1.509 Triplet: 0.6106 | 1.0s
  Epoch 148/400 | Total: 2.692 Edge: 0.393 Con: 0.156 Cls: 1.514 Triplet: 0.6289 | 1.0s
  Epoch 149/400 | Total: 2.641 Edge: 0.401 Con: 0.155 Cls: 1.500 Triplet: 0.5848 | 1.0s
  Epoch 150/400 | Total: 2.668 Edge: 0.395 Con: 0.153 Cls: 1.515 Triplet: 0.6052 | Val F1: 0.2868 | 1.0s
  Epoch 151/400 | Total: 2.700 Edge: 0.394 Con: 0.154 Cls: 1.526 Triplet: 0.6257 | 1.0s
  Epoch 152/400 | Total: 2.667 Edge: 0.395 Con: 0.154 Cls: 1.518 Triplet: 0.5998 | 1.0s
  Epoch 153/400 | Total: 2.673 Edge: 0.396 Con: 0.154 Cls: 1.523 Triplet: 0.5993 | 1.0s
  Epoch 154/400 | Total: 2.631 Edge: 0.394 Con: 0.153 Cls: 1.497 Triplet: 0.5866 | 1.0s
  Epoch 155/400 | Total: 2.638 Edge: 0.393 Con: 0.153 Cls: 1.501 Triplet: 0.5909 | Val F1: 0.3046 | 1.0s
  Epoch 156/400 | Total: 2.659 Edge: 0.396 Con: 0.154 Cls: 1.521 Triplet: 0.5891 | 1.1s
  Epoch 157/400 | Total: 2.648 Edge: 0.407 Con: 0.153 Cls: 1.492 Triplet: 0.5960 | 1.1s
  Epoch 158/400 | Total: 2.661 Edge: 0.404 Con: 0.154 Cls: 1.496 Triplet: 0.6064 | 1.0s
  Epoch 159/400 | Total: 2.667 Edge: 0.403 Con: 0.153 Cls: 1.502 Triplet: 0.6084 | 1.1s
  Epoch 160/400 | Total: 2.670 Edge: 0.397 Con: 0.152 Cls: 1.516 Triplet: 0.6047 | Val F1: 0.2941 | 1.1s
  Epoch 161/400 | Total: 2.640 Edge: 0.395 Con: 0.151 Cls: 1.493 Triplet: 0.6008 | 1.0s
  Epoch 162/400 | Total: 2.658 Edge: 0.397 Con: 0.154 Cls: 1.500 Triplet: 0.6079 | 0.9s
  Epoch 163/400 | Total: 2.651 Edge: 0.395 Con: 0.152 Cls: 1.504 Triplet: 0.5999 | 0.9s
  Epoch 164/400 | Total: 2.673 Edge: 0.397 Con: 0.152 Cls: 1.520 Triplet: 0.6038 | 0.9s
  Epoch 165/400 | Total: 2.689 Edge: 0.398 Con: 0.152 Cls: 1.525 Triplet: 0.6141 | Val F1: 0.3033 | 1.0s
  Epoch 166/400 | Total: 2.678 Edge: 0.397 Con: 0.153 Cls: 1.520 Triplet: 0.6089 | 1.1s
  Epoch 167/400 | Total: 2.693 Edge: 0.397 Con: 0.152 Cls: 1.525 Triplet: 0.6177 | 1.0s
  Epoch 168/400 | Total: 2.717 Edge: 0.401 Con: 0.153 Cls: 1.528 Triplet: 0.6355 | 1.1s
  Epoch 169/400 | Total: 2.674 Edge: 0.394 Con: 0.151 Cls: 1.517 Triplet: 0.6115 | 1.2s
  Epoch 170/400 | Total: 2.651 Edge: 0.390 Con: 0.151 Cls: 1.511 Triplet: 0.6001 | Val F1: 0.3140 | 1.2s
  Epoch 171/400 | Total: 2.643 Edge: 0.393 Con: 0.150 Cls: 1.509 Triplet: 0.5916 | 1.0s
  Epoch 172/400 | Total: 2.743 Edge: 0.391 Con: 0.150 Cls: 1.549 Triplet: 0.6532 | 1.1s
  Epoch 173/400 | Total: 2.718 Edge: 0.401 Con: 0.153 Cls: 1.523 Triplet: 0.6408 | 1.2s
  Epoch 174/400 | Total: 2.710 Edge: 0.398 Con: 0.151 Cls: 1.532 Triplet: 0.6277 | 1.1s
  Epoch 175/400 | Total: 2.634 Edge: 0.402 Con: 0.151 Cls: 1.494 Triplet: 0.5878 | Val F1: 0.3210 | 1.2s
  Epoch 176/400 | Total: 2.618 Edge: 0.392 Con: 0.151 Cls: 1.487 Triplet: 0.5873 | 1.0s
  Epoch 177/400 | Total: 2.635 Edge: 0.399 Con: 0.150 Cls: 1.496 Triplet: 0.5893 | 1.0s
  Epoch 178/400 | Total: 2.611 Edge: 0.395 Con: 0.149 Cls: 1.485 Triplet: 0.5827 | 1.1s
  Epoch 179/400 | Total: 2.630 Edge: 0.404 Con: 0.149 Cls: 1.489 Triplet: 0.5873 | 1.0s
  Epoch 180/400 | Total: 2.618 Edge: 0.399 Con: 0.149 Cls: 1.485 Triplet: 0.5847 | Val F1: 0.3161 | 1.0s
  Epoch 181/400 | Total: 2.646 Edge: 0.404 Con: 0.149 Cls: 1.496 Triplet: 0.5958 | 1.1s
  Epoch 182/400 | Total: 2.668 Edge: 0.429 Con: 0.149 Cls: 1.496 Triplet: 0.5932 | 1.0s
  Epoch 183/400 | Total: 2.718 Edge: 0.424 Con: 0.150 Cls: 1.527 Triplet: 0.6175 | 1.0s
  Epoch 184/400 | Total: 2.632 Edge: 0.401 Con: 0.149 Cls: 1.493 Triplet: 0.5892 | 1.2s
  Epoch 185/400 | Total: 2.616 Edge: 0.399 Con: 0.149 Cls: 1.483 Triplet: 0.5854 | Val F1: 0.3111 | 1.0s
  Epoch 186/400 | Total: 2.618 Edge: 0.393 Con: 0.148 Cls: 1.496 Triplet: 0.5805 | 1.2s
  Epoch 187/400 | Total: 2.608 Edge: 0.393 Con: 0.148 Cls: 1.490 Triplet: 0.5768 | 1.0s
  Epoch 188/400 | Total: 2.622 Edge: 0.397 Con: 0.148 Cls: 1.490 Triplet: 0.5871 | 1.1s
  Epoch 189/400 | Total: 2.607 Edge: 0.397 Con: 0.147 Cls: 1.480 Triplet: 0.5821 | 1.2s
  Epoch 190/400 | Total: 2.600 Edge: 0.393 Con: 0.148 Cls: 1.484 Triplet: 0.5749 | Val F1: 0.3201 | 1.1s
  Epoch 191/400 | Total: 2.592 Edge: 0.393 Con: 0.148 Cls: 1.473 Triplet: 0.5784 | 1.2s
  Epoch 192/400 | Total: 2.632 Edge: 0.392 Con: 0.148 Cls: 1.504 Triplet: 0.5874 | 1.1s
  Epoch 193/400 | Total: 2.640 Edge: 0.397 Con: 0.148 Cls: 1.499 Triplet: 0.5970 | 1.1s
  Epoch 194/400 | Total: 2.646 Edge: 0.393 Con: 0.148 Cls: 1.514 Triplet: 0.5913 | 1.1s
  Epoch 195/400 | Total: 2.626 Edge: 0.394 Con: 0.147 Cls: 1.500 Triplet: 0.5851 | Val F1: 0.3228 | 1.1s
  Epoch 196/400 | Total: 2.613 Edge: 0.394 Con: 0.148 Cls: 1.490 Triplet: 0.5803 | 1.0s
  Epoch 197/400 | Total: 2.595 Edge: 0.390 Con: 0.147 Cls: 1.482 Triplet: 0.5750 | 1.2s
  Epoch 198/400 | Total: 2.576 Edge: 0.393 Con: 0.147 Cls: 1.476 Triplet: 0.5593 | 1.2s
  Epoch 199/400 | Total: 2.610 Edge: 0.393 Con: 0.148 Cls: 1.487 Triplet: 0.5819 | 1.1s
  Epoch 200/400 | Total: 2.604 Edge: 0.396 Con: 0.148 Cls: 1.485 Triplet: 0.5762 | Val F1: 0.3196 | 1.1s
  Epoch 201/400 | Total: 2.610 Edge: 0.393 Con: 0.147 Cls: 1.490 Triplet: 0.5809 | 1.1s
  Epoch 202/400 | Total: 2.614 Edge: 0.394 Con: 0.147 Cls: 1.493 Triplet: 0.5790 | 1.3s
  Epoch 203/400 | Total: 2.608 Edge: 0.393 Con: 0.147 Cls: 1.490 Triplet: 0.5782 | 1.2s
  Epoch 204/400 | Total: 2.675 Edge: 0.399 Con: 0.147 Cls: 1.509 Triplet: 0.6190 | 1.0s
  Epoch 205/400 | Total: 2.679 Edge: 0.400 Con: 0.149 Cls: 1.520 Triplet: 0.6104 | Val F1: 0.3271 | 1.1s
  Epoch 206/400 | Total: 2.637 Edge: 0.396 Con: 0.148 Cls: 1.502 Triplet: 0.5906 | 1.1s
  Epoch 207/400 | Total: 2.604 Edge: 0.396 Con: 0.147 Cls: 1.478 Triplet: 0.5833 | 1.1s
  Epoch 208/400 | Total: 2.602 Edge: 0.390 Con: 0.147 Cls: 1.486 Triplet: 0.5795 | 1.1s
  Epoch 209/400 | Total: 2.604 Edge: 0.393 Con: 0.147 Cls: 1.498 Triplet: 0.5669 | 1.0s
  Epoch 210/400 | Total: 2.587 Edge: 0.393 Con: 0.147 Cls: 1.473 Triplet: 0.5745 | Val F1: 0.3191 | 0.9s
  Epoch 211/400 | Total: 2.591 Edge: 0.396 Con: 0.146 Cls: 1.477 Triplet: 0.5726 | 0.9s
  Epoch 212/400 | Total: 2.608 Edge: 0.398 Con: 0.146 Cls: 1.488 Triplet: 0.5762 | 1.1s
  Epoch 213/400 | Total: 2.616 Edge: 0.400 Con: 0.146 Cls: 1.479 Triplet: 0.5910 | 1.1s
  Epoch 214/400 | Total: 2.611 Edge: 0.408 Con: 0.145 Cls: 1.477 Triplet: 0.5807 | 1.0s
  Epoch 215/400 | Total: 2.639 Edge: 0.401 Con: 0.146 Cls: 1.502 Triplet: 0.5905 | Val F1: 0.3229 | 1.1s
  Epoch 216/400 | Total: 2.626 Edge: 0.398 Con: 0.146 Cls: 1.489 Triplet: 0.5932 | 0.9s
  Epoch 217/400 | Total: 2.603 Edge: 0.397 Con: 0.145 Cls: 1.477 Triplet: 0.5841 | 1.0s
  Epoch 218/400 | Total: 2.589 Edge: 0.396 Con: 0.147 Cls: 1.481 Triplet: 0.5651 | 1.0s
  Epoch 219/400 | Total: 2.580 Edge: 0.396 Con: 0.145 Cls: 1.474 Triplet: 0.5646 | 1.1s
  Epoch 220/400 | Total: 2.578 Edge: 0.390 Con: 0.143 Cls: 1.473 Triplet: 0.5720 | Val F1: 0.3154 | 1.1s
  Epoch 221/400 | Total: 2.608 Edge: 0.392 Con: 0.146 Cls: 1.490 Triplet: 0.5799 | 1.0s
  Epoch 222/400 | Total: 2.601 Edge: 0.392 Con: 0.145 Cls: 1.486 Triplet: 0.5787 | 1.2s
  Epoch 223/400 | Total: 2.621 Edge: 0.395 Con: 0.144 Cls: 1.505 Triplet: 0.5761 | 1.0s
  Epoch 224/400 | Total: 2.620 Edge: 0.391 Con: 0.145 Cls: 1.486 Triplet: 0.5986 | 1.1s
  Epoch 225/400 | Total: 2.590 Edge: 0.391 Con: 0.144 Cls: 1.474 Triplet: 0.5800 | Val F1: 0.3180 | 1.0s
  Epoch 226/400 | Total: 2.570 Edge: 0.391 Con: 0.144 Cls: 1.468 Triplet: 0.5668 | 1.2s
  Epoch 227/400 | Total: 2.591 Edge: 0.389 Con: 0.144 Cls: 1.484 Triplet: 0.5746 | 1.2s
  Epoch 228/400 | Total: 2.597 Edge: 0.391 Con: 0.145 Cls: 1.484 Triplet: 0.5777 | 1.0s
  Epoch 229/400 | Total: 2.619 Edge: 0.391 Con: 0.144 Cls: 1.496 Triplet: 0.5879 | 0.9s
  Epoch 230/400 | Total: 2.609 Edge: 0.396 Con: 0.143 Cls: 1.485 Triplet: 0.5849 | Val F1: 0.3201 | 1.0s
  Epoch 231/400 | Total: 2.595 Edge: 0.400 Con: 0.145 Cls: 1.478 Triplet: 0.5714 | 1.0s
  Epoch 232/400 | Total: 2.580 Edge: 0.395 Con: 0.145 Cls: 1.466 Triplet: 0.5740 | 1.2s
  Epoch 233/400 | Total: 2.589 Edge: 0.390 Con: 0.144 Cls: 1.477 Triplet: 0.5786 | 1.0s
  Epoch 234/400 | Total: 2.611 Edge: 0.392 Con: 0.144 Cls: 1.483 Triplet: 0.5925 | 1.1s
  Epoch 235/400 | Total: 2.615 Edge: 0.391 Con: 0.145 Cls: 1.493 Triplet: 0.5863 | Val F1: 0.3243 | 1.1s
  Epoch 236/400 | Total: 2.593 Edge: 0.392 Con: 0.144 Cls: 1.478 Triplet: 0.5793 | 1.0s
  Epoch 237/400 | Total: 2.575 Edge: 0.389 Con: 0.145 Cls: 1.475 Triplet: 0.5666 | 1.0s
  Epoch 238/400 | Total: 2.575 Edge: 0.390 Con: 0.144 Cls: 1.469 Triplet: 0.5712 | 1.1s
  Epoch 239/400 | Total: 2.588 Edge: 0.391 Con: 0.144 Cls: 1.482 Triplet: 0.5717 | 1.1s
  Epoch 240/400 | Total: 2.567 Edge: 0.390 Con: 0.143 Cls: 1.476 Triplet: 0.5585 | Val F1: 0.3285 | 1.0s
  Epoch 241/400 | Total: 2.562 Edge: 0.388 Con: 0.143 Cls: 1.475 Triplet: 0.5558 | 1.0s
  Epoch 242/400 | Total: 2.562 Edge: 0.387 Con: 0.143 Cls: 1.474 Triplet: 0.5591 | 1.1s
  Epoch 243/400 | Total: 2.581 Edge: 0.389 Con: 0.143 Cls: 1.482 Triplet: 0.5675 | 1.2s
  Epoch 244/400 | Total: 2.648 Edge: 0.391 Con: 0.144 Cls: 1.510 Triplet: 0.6031 | 1.0s
  Epoch 245/400 | Total: 2.606 Edge: 0.391 Con: 0.144 Cls: 1.492 Triplet: 0.5796 | Val F1: 0.3167 | 1.1s
  Epoch 246/400 | Total: 2.609 Edge: 0.387 Con: 0.144 Cls: 1.475 Triplet: 0.6042 | 1.0s
  Epoch 247/400 | Total: 2.581 Edge: 0.389 Con: 0.144 Cls: 1.470 Triplet: 0.5783 | 1.0s
  Epoch 248/400 | Total: 2.578 Edge: 0.392 Con: 0.143 Cls: 1.479 Triplet: 0.5636 | 1.0s
  Epoch 249/400 | Total: 2.607 Edge: 0.393 Con: 0.144 Cls: 1.479 Triplet: 0.5914 | 1.0s
  Epoch 250/400 | Total: 2.607 Edge: 0.392 Con: 0.145 Cls: 1.490 Triplet: 0.5801 | Val F1: 0.3283 | 0.9s
  Epoch 251/400 | Total: 2.601 Edge: 0.393 Con: 0.144 Cls: 1.480 Triplet: 0.5849 | 0.9s
  Epoch 252/400 | Total: 2.617 Edge: 0.397 Con: 0.143 Cls: 1.489 Triplet: 0.5872 | 1.0s
  Epoch 253/400 | Total: 2.589 Edge: 0.392 Con: 0.145 Cls: 1.472 Triplet: 0.5801 | 1.2s
  Epoch 254/400 | Total: 2.582 Edge: 0.390 Con: 0.143 Cls: 1.479 Triplet: 0.5693 | 0.9s
  Epoch 255/400 | Total: 2.566 Edge: 0.397 Con: 0.142 Cls: 1.464 Triplet: 0.5624 | Val F1: 0.3330 | 1.2s
  Epoch 256/400 | Total: 2.566 Edge: 0.394 Con: 0.143 Cls: 1.471 Triplet: 0.5579 | 1.2s
  Epoch 257/400 | Total: 2.603 Edge: 0.389 Con: 0.143 Cls: 1.498 Triplet: 0.5727 | 1.0s
  Epoch 258/400 | Total: 2.590 Edge: 0.388 Con: 0.141 Cls: 1.480 Triplet: 0.5813 | 0.9s
  Epoch 259/400 | Total: 2.578 Edge: 0.388 Con: 0.144 Cls: 1.473 Triplet: 0.5726 | 0.9s
  Epoch 260/400 | Total: 2.561 Edge: 0.388 Con: 0.143 Cls: 1.466 Triplet: 0.5639 | Val F1: 0.3275 | 1.2s
  Epoch 261/400 | Total: 2.565 Edge: 0.388 Con: 0.143 Cls: 1.461 Triplet: 0.5735 | 1.1s
  Epoch 262/400 | Total: 2.555 Edge: 0.392 Con: 0.142 Cls: 1.468 Triplet: 0.5530 | 1.1s
  Epoch 263/400 | Total: 2.564 Edge: 0.387 Con: 0.143 Cls: 1.469 Triplet: 0.5643 | 1.1s
  Epoch 264/400 | Total: 2.549 Edge: 0.391 Con: 0.143 Cls: 1.460 Triplet: 0.5555 | 1.2s
  Epoch 265/400 | Total: 2.572 Edge: 0.393 Con: 0.143 Cls: 1.480 Triplet: 0.5565 | Val F1: 0.3187 | 1.1s
  Epoch 266/400 | Total: 2.599 Edge: 0.398 Con: 0.142 Cls: 1.478 Triplet: 0.5813 | 1.1s
  Epoch 267/400 | Total: 2.579 Edge: 0.394 Con: 0.143 Cls: 1.463 Triplet: 0.5792 | 1.0s
  Epoch 268/400 | Total: 2.630 Edge: 0.393 Con: 0.142 Cls: 1.492 Triplet: 0.6024 | 1.0s
  Epoch 269/400 | Total: 2.571 Edge: 0.388 Con: 0.143 Cls: 1.472 Triplet: 0.5677 | 0.9s
  Epoch 270/400 | Total: 2.567 Edge: 0.389 Con: 0.143 Cls: 1.467 Triplet: 0.5678 | Val F1: 0.3171 | 1.0s
  Epoch 271/400 | Total: 2.587 Edge: 0.398 Con: 0.143 Cls: 1.462 Triplet: 0.5842 | 1.0s
  Epoch 272/400 | Total: 2.580 Edge: 0.392 Con: 0.144 Cls: 1.472 Triplet: 0.5718 | 1.1s
  Epoch 273/400 | Total: 2.578 Edge: 0.389 Con: 0.142 Cls: 1.467 Triplet: 0.5799 | 1.0s
  Epoch 274/400 | Total: 2.543 Edge: 0.387 Con: 0.142 Cls: 1.455 Triplet: 0.5588 | 1.0s
  Epoch 275/400 | Total: 2.534 Edge: 0.387 Con: 0.144 Cls: 1.452 Triplet: 0.5506 | Val F1: 0.3261 | 0.9s
  Epoch 276/400 | Total: 2.570 Edge: 0.388 Con: 0.142 Cls: 1.470 Triplet: 0.5702 | 1.0s
  Epoch 277/400 | Total: 2.556 Edge: 0.389 Con: 0.143 Cls: 1.460 Triplet: 0.5641 | 1.1s
  Epoch 278/400 | Total: 2.578 Edge: 0.387 Con: 0.142 Cls: 1.481 Triplet: 0.5682 | 1.3s
  Epoch 279/400 | Total: 2.551 Edge: 0.392 Con: 0.142 Cls: 1.462 Triplet: 0.5558 | 1.0s
  Epoch 280/400 | Total: 2.552 Edge: 0.388 Con: 0.142 Cls: 1.459 Triplet: 0.5627 | Val F1: 0.3264 | 0.9s
  Epoch 281/400 | Total: 2.531 Edge: 0.386 Con: 0.142 Cls: 1.460 Triplet: 0.5438 | 0.9s
  Epoch 282/400 | Total: 2.579 Edge: 0.386 Con: 0.143 Cls: 1.474 Triplet: 0.5770 | 0.9s
  Epoch 283/400 | Total: 2.537 Edge: 0.385 Con: 0.141 Cls: 1.451 Triplet: 0.5593 | 1.3s
  Epoch 284/400 | Total: 2.551 Edge: 0.386 Con: 0.142 Cls: 1.475 Triplet: 0.5490 | 1.0s
  Epoch 285/400 | Total: 2.611 Edge: 0.389 Con: 0.143 Cls: 1.499 Triplet: 0.5793 | Val F1: 0.3271 | 1.1s
  Epoch 286/400 | Total: 2.554 Edge: 0.390 Con: 0.142 Cls: 1.470 Triplet: 0.5531 | 1.0s
  Epoch 287/400 | Total: 2.560 Edge: 0.391 Con: 0.142 Cls: 1.458 Triplet: 0.5693 | 1.0s
  Epoch 288/400 | Total: 2.583 Edge: 0.386 Con: 0.143 Cls: 1.475 Triplet: 0.5785 | 1.1s
  Epoch 289/400 | Total: 2.562 Edge: 0.386 Con: 0.142 Cls: 1.474 Triplet: 0.5603 | 1.0s
  Epoch 290/400 | Total: 2.565 Edge: 0.384 Con: 0.142 Cls: 1.465 Triplet: 0.5740 | Val F1: 0.3260 | 1.1s
  Epoch 291/400 | Total: 2.561 Edge: 0.386 Con: 0.141 Cls: 1.470 Triplet: 0.5637 | 1.0s
  Epoch 292/400 | Total: 2.552 Edge: 0.385 Con: 0.142 Cls: 1.457 Triplet: 0.5677 | 1.0s
  Epoch 293/400 | Total: 2.578 Edge: 0.388 Con: 0.142 Cls: 1.471 Triplet: 0.5778 | 1.1s
  Epoch 294/400 | Total: 2.566 Edge: 0.384 Con: 0.141 Cls: 1.468 Triplet: 0.5720 | 1.0s
  Epoch 295/400 | Total: 2.571 Edge: 0.390 Con: 0.143 Cls: 1.472 Triplet: 0.5664 | Val F1: 0.3188 | 1.1s
  Epoch 296/400 | Total: 2.556 Edge: 0.387 Con: 0.142 Cls: 1.470 Triplet: 0.5566 | 1.1s
  Epoch 297/400 | Total: 2.531 Edge: 0.386 Con: 0.141 Cls: 1.450 Triplet: 0.5550 | 1.3s
  Epoch 298/400 | Total: 2.532 Edge: 0.383 Con: 0.141 Cls: 1.453 Triplet: 0.5547 | 1.0s
  Epoch 299/400 | Total: 2.552 Edge: 0.385 Con: 0.143 Cls: 1.451 Triplet: 0.5731 | 1.0s
  Epoch 300/400 | Total: 2.550 Edge: 0.389 Con: 0.140 Cls: 1.468 Triplet: 0.5541 | Val F1: 0.3358 | 1.1s
  Epoch 301/400 | Total: 2.524 Edge: 0.384 Con: 0.142 Cls: 1.451 Triplet: 0.5465 | 1.0s
  Epoch 302/400 | Total: 2.537 Edge: 0.382 Con: 0.140 Cls: 1.464 Triplet: 0.5520 | 1.0s
  Epoch 303/400 | Total: 2.583 Edge: 0.390 Con: 0.143 Cls: 1.472 Triplet: 0.5786 | 1.0s
  Epoch 304/400 | Total: 2.590 Edge: 0.385 Con: 0.141 Cls: 1.487 Triplet: 0.5771 | 1.0s
  Epoch 305/400 | Total: 2.560 Edge: 0.388 Con: 0.142 Cls: 1.458 Triplet: 0.5724 | Val F1: 0.3275 | 0.9s
  Epoch 306/400 | Total: 2.538 Edge: 0.386 Con: 0.140 Cls: 1.457 Triplet: 0.5547 | 0.9s
  Epoch 307/400 | Total: 2.543 Edge: 0.392 Con: 0.141 Cls: 1.457 Triplet: 0.5529 | 1.1s
  Epoch 308/400 | Total: 2.540 Edge: 0.384 Con: 0.141 Cls: 1.455 Triplet: 0.5603 | 1.0s
  Epoch 309/400 | Total: 2.545 Edge: 0.386 Con: 0.142 Cls: 1.461 Triplet: 0.5571 | 1.0s
  Epoch 310/400 | Total: 2.531 Edge: 0.386 Con: 0.141 Cls: 1.456 Triplet: 0.5473 | Val F1: 0.3326 | 1.1s
  Epoch 311/400 | Total: 2.542 Edge: 0.383 Con: 0.142 Cls: 1.458 Triplet: 0.5591 | 1.2s
  Epoch 312/400 | Total: 2.542 Edge: 0.384 Con: 0.142 Cls: 1.456 Triplet: 0.5599 | 1.2s
  Epoch 313/400 | Total: 2.564 Edge: 0.389 Con: 0.142 Cls: 1.461 Triplet: 0.5719 | 1.4s
  Epoch 314/400 | Total: 2.625 Edge: 0.388 Con: 0.143 Cls: 1.481 Triplet: 0.6139 | 1.0s
  Epoch 315/400 | Total: 2.565 Edge: 0.381 Con: 0.141 Cls: 1.471 Triplet: 0.5721 | Val F1: 0.3292 | 1.0s
  Epoch 316/400 | Total: 2.548 Edge: 0.390 Con: 0.140 Cls: 1.455 Triplet: 0.5627 | 1.0s
  Epoch 317/400 | Total: 2.562 Edge: 0.385 Con: 0.142 Cls: 1.466 Triplet: 0.5698 | 1.0s
  Epoch 318/400 | Total: 2.542 Edge: 0.385 Con: 0.140 Cls: 1.468 Triplet: 0.5495 | 1.0s
  Epoch 319/400 | Total: 2.549 Edge: 0.385 Con: 0.142 Cls: 1.462 Triplet: 0.5606 | 0.9s
  Epoch 320/400 | Total: 2.549 Edge: 0.386 Con: 0.141 Cls: 1.466 Triplet: 0.5567 | Val F1: 0.3290 | 1.1s
  Epoch 321/400 | Total: 2.584 Edge: 0.386 Con: 0.142 Cls: 1.480 Triplet: 0.5768 | 1.0s
  Epoch 322/400 | Total: 2.589 Edge: 0.384 Con: 0.143 Cls: 1.487 Triplet: 0.5750 | 1.0s
  Epoch 323/400 | Total: 2.596 Edge: 0.394 Con: 0.143 Cls: 1.468 Triplet: 0.5911 | 1.2s
  Epoch 324/400 | Total: 2.572 Edge: 0.390 Con: 0.140 Cls: 1.468 Triplet: 0.5738 | 1.1s
  Epoch 325/400 | Total: 2.544 Edge: 0.385 Con: 0.141 Cls: 1.451 Triplet: 0.5663 | Val F1: 0.3300 | 1.1s
  Epoch 326/400 | Total: 2.563 Edge: 0.389 Con: 0.142 Cls: 1.457 Triplet: 0.5753 | 1.1s
  Epoch 327/400 | Total: 2.564 Edge: 0.386 Con: 0.141 Cls: 1.470 Triplet: 0.5676 | 1.1s
  Epoch 328/400 | Total: 2.550 Edge: 0.385 Con: 0.140 Cls: 1.464 Triplet: 0.5607 | 1.2s
  Epoch 329/400 | Total: 2.520 Edge: 0.385 Con: 0.140 Cls: 1.452 Triplet: 0.5433 | 1.3s
  Epoch 330/400 | Total: 2.526 Edge: 0.385 Con: 0.141 Cls: 1.456 Triplet: 0.5432 | Val F1: 0.3238 | 1.1s
  Epoch 331/400 | Total: 2.540 Edge: 0.383 Con: 0.140 Cls: 1.464 Triplet: 0.5526 | 1.0s
  Epoch 332/400 | Total: 2.518 Edge: 0.384 Con: 0.141 Cls: 1.447 Triplet: 0.5452 | 1.1s
  Epoch 333/400 | Total: 2.528 Edge: 0.386 Con: 0.140 Cls: 1.454 Triplet: 0.5485 | 1.1s
  Epoch 334/400 | Total: 2.535 Edge: 0.383 Con: 0.140 Cls: 1.454 Triplet: 0.5582 | 1.0s
  Epoch 335/400 | Total: 2.533 Edge: 0.385 Con: 0.142 Cls: 1.459 Triplet: 0.5476 | Val F1: 0.3407 | 1.1s
  Epoch 336/400 | Total: 2.516 Edge: 0.385 Con: 0.140 Cls: 1.454 Triplet: 0.5375 | 1.1s
  Epoch 337/400 | Total: 2.558 Edge: 0.389 Con: 0.141 Cls: 1.462 Triplet: 0.5663 | 1.0s
  Epoch 338/400 | Total: 2.540 Edge: 0.383 Con: 0.140 Cls: 1.455 Triplet: 0.5619 | 0.9s
  Epoch 339/400 | Total: 2.536 Edge: 0.387 Con: 0.141 Cls: 1.457 Triplet: 0.5510 | 1.1s
  Epoch 340/400 | Total: 2.527 Edge: 0.384 Con: 0.142 Cls: 1.451 Triplet: 0.5506 | Val F1: 0.3332 | 1.3s
  Epoch 341/400 | Total: 2.532 Edge: 0.381 Con: 0.140 Cls: 1.463 Triplet: 0.5490 | 0.9s
  Epoch 342/400 | Total: 2.527 Edge: 0.382 Con: 0.140 Cls: 1.460 Triplet: 0.5453 | 1.1s
  Epoch 343/400 | Total: 2.544 Edge: 0.390 Con: 0.141 Cls: 1.453 Triplet: 0.5602 | 1.0s
  Epoch 344/400 | Total: 2.549 Edge: 0.382 Con: 0.141 Cls: 1.461 Triplet: 0.5653 | 1.1s
  Epoch 345/400 | Total: 2.532 Edge: 0.384 Con: 0.140 Cls: 1.452 Triplet: 0.5557 | Val F1: 0.3204 | 1.2s
  Epoch 346/400 | Total: 2.541 Edge: 0.384 Con: 0.142 Cls: 1.454 Triplet: 0.5607 | 1.0s
  Epoch 347/400 | Total: 2.521 Edge: 0.382 Con: 0.141 Cls: 1.442 Triplet: 0.5563 | 1.0s
  Epoch 348/400 | Total: 2.546 Edge: 0.381 Con: 0.140 Cls: 1.458 Triplet: 0.5670 | 1.0s
  Epoch 349/400 | Total: 2.555 Edge: 0.382 Con: 0.141 Cls: 1.458 Triplet: 0.5738 | 1.2s
  Epoch 350/400 | Total: 2.558 Edge: 0.380 Con: 0.140 Cls: 1.466 Triplet: 0.5717 | Val F1: 0.3240 | 1.1s
  Epoch 351/400 | Total: 2.574 Edge: 0.383 Con: 0.141 Cls: 1.485 Triplet: 0.5641 | 1.0s
  Epoch 352/400 | Total: 2.543 Edge: 0.384 Con: 0.141 Cls: 1.452 Triplet: 0.5667 | 1.1s
  Epoch 353/400 | Total: 2.565 Edge: 0.385 Con: 0.142 Cls: 1.471 Triplet: 0.5665 | 1.1s
  Epoch 354/400 | Total: 2.552 Edge: 0.382 Con: 0.141 Cls: 1.463 Triplet: 0.5660 | 1.0s
  Epoch 355/400 | Total: 2.536 Edge: 0.385 Con: 0.140 Cls: 1.452 Triplet: 0.5584 | Val F1: 0.3300 | 1.2s
  Epoch 356/400 | Total: 2.548 Edge: 0.388 Con: 0.141 Cls: 1.448 Triplet: 0.5709 | 0.9s
  Epoch 357/400 | Total: 2.519 Edge: 0.381 Con: 0.140 Cls: 1.454 Triplet: 0.5437 | 0.9s
  Epoch 358/400 | Total: 2.498 Edge: 0.380 Con: 0.139 Cls: 1.442 Triplet: 0.5379 | 0.9s
  Epoch 359/400 | Total: 2.528 Edge: 0.385 Con: 0.141 Cls: 1.453 Triplet: 0.5490 | 1.0s
  Epoch 360/400 | Total: 2.554 Edge: 0.381 Con: 0.140 Cls: 1.470 Triplet: 0.5637 | Val F1: 0.3300 | 1.0s
  Epoch 361/400 | Total: 2.525 Edge: 0.381 Con: 0.141 Cls: 1.445 Triplet: 0.5581 | 0.9s
  Epoch 362/400 | Total: 2.532 Edge: 0.379 Con: 0.141 Cls: 1.458 Triplet: 0.5541 | 1.1s
  Epoch 363/400 | Total: 2.521 Edge: 0.381 Con: 0.142 Cls: 1.446 Triplet: 0.5521 | 1.0s
  Epoch 364/400 | Total: 2.540 Edge: 0.386 Con: 0.143 Cls: 1.446 Triplet: 0.5651 | 0.9s
  Epoch 365/400 | Total: 2.573 Edge: 0.389 Con: 0.142 Cls: 1.464 Triplet: 0.5774 | Val F1: 0.3282 | 1.0s
  Epoch 366/400 | Total: 2.526 Edge: 0.381 Con: 0.141 Cls: 1.447 Triplet: 0.5559 | 1.0s
  Epoch 367/400 | Total: 2.548 Edge: 0.388 Con: 0.141 Cls: 1.457 Triplet: 0.5624 | 1.0s
  Epoch 368/400 | Total: 2.534 Edge: 0.385 Con: 0.142 Cls: 1.444 Triplet: 0.5635 | 1.0s
  Epoch 369/400 | Total: 2.546 Edge: 0.387 Con: 0.139 Cls: 1.468 Triplet: 0.5519 | 0.9s
  Epoch 370/400 | Total: 2.511 Edge: 0.383 Con: 0.140 Cls: 1.441 Triplet: 0.5474 | Val F1: 0.3332 | 0.9s
  Epoch 371/400 | Total: 2.529 Edge: 0.385 Con: 0.140 Cls: 1.445 Triplet: 0.5587 | 1.0s
  Epoch 372/400 | Total: 2.509 Edge: 0.381 Con: 0.139 Cls: 1.436 Triplet: 0.5531 | 1.1s
  Epoch 373/400 | Total: 2.512 Edge: 0.383 Con: 0.141 Cls: 1.440 Triplet: 0.5470 | 1.3s
  Epoch 374/400 | Total: 2.516 Edge: 0.382 Con: 0.140 Cls: 1.444 Triplet: 0.5500 | 1.0s
  Epoch 375/400 | Total: 2.518 Edge: 0.385 Con: 0.139 Cls: 1.439 Triplet: 0.5545 | Val F1: 0.3374 | 1.2s
  Epoch 376/400 | Total: 2.537 Edge: 0.387 Con: 0.140 Cls: 1.458 Triplet: 0.5523 | 0.9s
  Epoch 377/400 | Total: 2.533 Edge: 0.385 Con: 0.140 Cls: 1.450 Triplet: 0.5579 | 1.0s
  Epoch 378/400 | Total: 2.567 Edge: 0.389 Con: 0.140 Cls: 1.470 Triplet: 0.5674 | 1.2s
  Epoch 379/400 | Total: 2.540 Edge: 0.384 Con: 0.140 Cls: 1.454 Triplet: 0.5607 | 1.1s
  Epoch 380/400 | Total: 2.518 Edge: 0.380 Con: 0.139 Cls: 1.456 Triplet: 0.5418 | Val F1: 0.3387 | 1.1s
  Epoch 381/400 | Total: 2.528 Edge: 0.381 Con: 0.139 Cls: 1.441 Triplet: 0.5675 | 0.9s
  Epoch 382/400 | Total: 2.529 Edge: 0.384 Con: 0.139 Cls: 1.451 Triplet: 0.5558 | 0.9s
  Epoch 383/400 | Total: 2.545 Edge: 0.382 Con: 0.140 Cls: 1.452 Triplet: 0.5713 | 0.9s
  Epoch 384/400 | Total: 2.535 Edge: 0.385 Con: 0.140 Cls: 1.444 Triplet: 0.5649 | 0.9s
  Epoch 385/400 | Total: 2.508 Edge: 0.380 Con: 0.141 Cls: 1.449 Triplet: 0.5387 | Val F1: 0.3320 | 1.0s
  Epoch 386/400 | Total: 2.511 Edge: 0.384 Con: 0.140 Cls: 1.444 Triplet: 0.5433 | 1.2s
  Epoch 387/400 | Total: 2.536 Edge: 0.382 Con: 0.140 Cls: 1.451 Triplet: 0.5638 | 1.1s
  Epoch 388/400 | Total: 2.576 Edge: 0.388 Con: 0.140 Cls: 1.477 Triplet: 0.5702 | 1.0s
  Epoch 389/400 | Total: 2.540 Edge: 0.382 Con: 0.140 Cls: 1.455 Triplet: 0.5638 | 1.0s
  Epoch 390/400 | Total: 2.522 Edge: 0.387 Con: 0.140 Cls: 1.444 Triplet: 0.5511 | Val F1: 0.3324 | 1.0s
  Epoch 391/400 | Total: 2.523 Edge: 0.380 Con: 0.139 Cls: 1.457 Triplet: 0.5468 | 1.2s
  Epoch 392/400 | Total: 2.516 Edge: 0.383 Con: 0.139 Cls: 1.451 Triplet: 0.5418 | 1.0s
  Epoch 393/400 | Total: 2.517 Edge: 0.383 Con: 0.140 Cls: 1.445 Triplet: 0.5486 | 1.1s
  Epoch 394/400 | Total: 2.539 Edge: 0.384 Con: 0.140 Cls: 1.455 Triplet: 0.5603 | 1.2s
  Epoch 395/400 | Total: 2.553 Edge: 0.394 Con: 0.139 Cls: 1.453 Triplet: 0.5669 | Val F1: 0.3317 | 1.0s
  Epoch 396/400 | Total: 2.545 Edge: 0.383 Con: 0.141 Cls: 1.460 Triplet: 0.5607 | 1.1s
  Epoch 397/400 | Total: 2.537 Edge: 0.384 Con: 0.140 Cls: 1.452 Triplet: 0.5603 | 1.0s
  Epoch 398/400 | Total: 2.535 Edge: 0.386 Con: 0.140 Cls: 1.451 Triplet: 0.5573 | 1.1s
  Epoch 399/400 | Total: 2.537 Edge: 0.385 Con: 0.140 Cls: 1.448 Triplet: 0.5634 | 1.1s
  Epoch 400/400 | Total: 2.521 Edge: 0.379 Con: 0.139 Cls: 1.448 Triplet: 0.5549 | Val F1: 0.3351 | 1.1s
  Best Val F1: 0.3407 | Test F1: 0.3407
  Total training time: 466.4s (7.8 min)

======================================================================
  Val  Macro-F1: 0.3407
  Test Macro-F1: 0.3407
  Test Accuracy: 0.6176
  Time: 467.9s
======================================================================

  Results saved to: results/NESS_ogbn-arxiv_MCAR_0.6_20260722_062007
