/home/erfan/MATE/venv/lib/python3.13/site-packages/outdated/__init__.py:36: UserWarning: pkg_resources is deprecated as an API. See https://setuptools.pypa.io/en/latest/pkg_resources.html. The pkg_resources package is slated for removal as early as 2025-11-30. Refrain from using this package or pin to Setuptools<81.
  from pkg_resources import parse_version
/home/erfan/MATE/ogbn_benchmarks/data_loader.py:96: UserWarning: Sparse invariant checks are implicitly disabled. Memory errors (e.g. SEGFAULT) will occur when operating on a sparse tensor which violates the invariants, but checks incur performance overhead. To silence this warning, explicitly opt in or out. See `torch.sparse.check_sparse_tensor_invariants.__doc__` for guidance.  (Triggered internally at /pytorch/aten/src/ATen/Context.cpp:760.)
  adj = torch.sparse_coo_tensor(edge_index, vals, (num_nodes, num_nodes)).coalesce()
======================================================================
  NESS | ogbn-arxiv | MCAR @ 60%
======================================================================
[1/3] Loading ogbn-arxiv...
  169,343 nodes | 128 dims | 40 classes
[2/3] Simulating MCAR missingness...
Simulating MCAR missingness at 60% rate...
  MCAR: Uniform random selection
  Observable: 67,738 (40.0%)
  Masked: 101,605 (60.0%)
  Observable: 67,738 | Val: 50,802 | Test: 50,803
[3/3] Running NESS...
  Prefilling missing nodes via Feature Propagation (40 iters)...
  Partitioning graph into 20 clusters (cache_device=gpu)...
  Cached 20 clusters
  Training NESS for up to 400 epochs (patience=20)...
  Epoch 1/400 | Total: 4.743 Edge: 0.665 Con: 0.455 Cls: 3.596 Anchor: 0.0268 | 1.4s
  Epoch 2/400 | Total: 4.224 Edge: 0.609 Con: 0.363 Cls: 3.226 Anchor: 0.0272 | 0.8s
  Epoch 3/400 | Total: 4.021 Edge: 0.565 Con: 0.340 Cls: 3.090 Anchor: 0.0257 | 0.9s
  Epoch 4/400 | Total: 3.896 Edge: 0.547 Con: 0.298 Cls: 3.026 Anchor: 0.0249 | 0.9s
  Epoch 5/400 | Total: 3.793 Edge: 0.540 Con: 0.255 Cls: 2.971 Anchor: 0.0256 | Val F1: 0.0155 | 0.9s
  Epoch 6/400 | Total: 3.644 Edge: 0.542 Con: 0.233 Cls: 2.842 Anchor: 0.0264 | 0.8s
  Epoch 7/400 | Total: 3.463 Edge: 0.520 Con: 0.220 Cls: 2.696 Anchor: 0.0271 | 0.8s
  Epoch 8/400 | Total: 3.330 Edge: 0.514 Con: 0.207 Cls: 2.583 Anchor: 0.0270 | 0.8s
  Epoch 9/400 | Total: 3.169 Edge: 0.509 Con: 0.194 Cls: 2.440 Anchor: 0.0259 | 0.8s
  Epoch 10/400 | Total: 3.037 Edge: 0.513 Con: 0.185 Cls: 2.315 Anchor: 0.0237 | Val F1: 0.0754 | 0.9s
  Epoch 11/400 | Total: 2.960 Edge: 0.506 Con: 0.178 Cls: 2.252 Anchor: 0.0241 | 0.9s
  Epoch 12/400 | Total: 2.899 Edge: 0.496 Con: 0.174 Cls: 2.204 Anchor: 0.0248 | 0.8s
  Epoch 13/400 | Total: 2.924 Edge: 0.495 Con: 0.172 Cls: 2.232 Anchor: 0.0248 | 0.8s
  Epoch 14/400 | Total: 2.791 Edge: 0.481 Con: 0.168 Cls: 2.118 Anchor: 0.0239 | 0.9s
  Epoch 15/400 | Total: 2.774 Edge: 0.476 Con: 0.166 Cls: 2.107 Anchor: 0.0237 | Val F1: 0.1223 | 1.1s
  Epoch 16/400 | Total: 2.751 Edge: 0.475 Con: 0.165 Cls: 2.088 Anchor: 0.0232 | 0.9s
  Epoch 17/400 | Total: 2.693 Edge: 0.470 Con: 0.163 Cls: 2.038 Anchor: 0.0232 | 1.1s
  Epoch 18/400 | Total: 2.660 Edge: 0.461 Con: 0.161 Cls: 2.015 Anchor: 0.0235 | 1.0s
  Epoch 19/400 | Total: 2.664 Edge: 0.459 Con: 0.159 Cls: 2.023 Anchor: 0.0230 | 0.9s
  Epoch 20/400 | Total: 2.620 Edge: 0.457 Con: 0.157 Cls: 1.983 Anchor: 0.0230 | Val F1: 0.1503 | 0.9s
  Epoch 21/400 | Total: 2.595 Edge: 0.462 Con: 0.157 Cls: 1.953 Anchor: 0.0230 | 0.8s
  Epoch 22/400 | Total: 2.578 Edge: 0.463 Con: 0.156 Cls: 1.937 Anchor: 0.0228 | 0.8s
  Epoch 23/400 | Total: 2.599 Edge: 0.468 Con: 0.154 Cls: 1.954 Anchor: 0.0227 | 0.8s
  Epoch 24/400 | Total: 2.552 Edge: 0.456 Con: 0.152 Cls: 1.921 Anchor: 0.0232 | 0.8s
  Epoch 25/400 | Total: 2.509 Edge: 0.443 Con: 0.152 Cls: 1.891 Anchor: 0.0226 | Val F1: 0.1810 | 0.9s
  Epoch 26/400 | Total: 2.495 Edge: 0.436 Con: 0.148 Cls: 1.887 Anchor: 0.0232 | 0.8s
  Epoch 27/400 | Total: 2.471 Edge: 0.435 Con: 0.148 Cls: 1.864 Anchor: 0.0234 | 0.9s
  Epoch 28/400 | Total: 2.439 Edge: 0.429 Con: 0.147 Cls: 1.840 Anchor: 0.0231 | 0.8s
  Epoch 29/400 | Total: 2.462 Edge: 0.434 Con: 0.145 Cls: 1.860 Anchor: 0.0229 | 0.9s
  Epoch 30/400 | Total: 2.428 Edge: 0.438 Con: 0.143 Cls: 1.824 Anchor: 0.0231 | Val F1: 0.2014 | 1.0s
  Epoch 31/400 | Total: 2.390 Edge: 0.429 Con: 0.142 Cls: 1.796 Anchor: 0.0227 | 0.9s
  Epoch 32/400 | Total: 2.382 Edge: 0.425 Con: 0.141 Cls: 1.792 Anchor: 0.0227 | 0.9s
  Epoch 33/400 | Total: 2.359 Edge: 0.424 Con: 0.140 Cls: 1.772 Anchor: 0.0229 | 0.8s
  Epoch 34/400 | Total: 2.337 Edge: 0.417 Con: 0.140 Cls: 1.757 Anchor: 0.0229 | 0.8s
  Epoch 35/400 | Total: 2.344 Edge: 0.418 Con: 0.139 Cls: 1.765 Anchor: 0.0227 | Val F1: 0.2073 | 0.9s
  Epoch 36/400 | Total: 2.322 Edge: 0.415 Con: 0.138 Cls: 1.747 Anchor: 0.0233 | 0.9s
  Epoch 37/400 | Total: 2.326 Edge: 0.410 Con: 0.137 Cls: 1.755 Anchor: 0.0228 | 0.9s
  Epoch 38/400 | Total: 2.294 Edge: 0.409 Con: 0.136 Cls: 1.726 Anchor: 0.0229 | 0.8s
  Epoch 39/400 | Total: 2.300 Edge: 0.416 Con: 0.137 Cls: 1.724 Anchor: 0.0231 | 0.8s
  Epoch 40/400 | Total: 2.278 Edge: 0.409 Con: 0.136 Cls: 1.711 Anchor: 0.0221 | Val F1: 0.2294 | 1.0s
  Epoch 41/400 | Total: 2.275 Edge: 0.407 Con: 0.135 Cls: 1.712 Anchor: 0.0219 | 1.0s
  Epoch 42/400 | Total: 2.261 Edge: 0.407 Con: 0.135 Cls: 1.697 Anchor: 0.0218 | 0.9s
  Epoch 43/400 | Total: 2.249 Edge: 0.401 Con: 0.135 Cls: 1.690 Anchor: 0.0226 | 0.9s
  Epoch 44/400 | Total: 2.259 Edge: 0.402 Con: 0.134 Cls: 1.700 Anchor: 0.0223 | 0.8s
  Epoch 45/400 | Total: 2.271 Edge: 0.404 Con: 0.134 Cls: 1.710 Anchor: 0.0237 | Val F1: 0.2349 | 1.0s
  Epoch 46/400 | Total: 2.262 Edge: 0.413 Con: 0.133 Cls: 1.693 Anchor: 0.0231 | 0.8s
  Epoch 47/400 | Total: 2.248 Edge: 0.404 Con: 0.134 Cls: 1.687 Anchor: 0.0230 | 1.0s
  Epoch 48/400 | Total: 2.227 Edge: 0.401 Con: 0.134 Cls: 1.669 Anchor: 0.0229 | 0.8s
  Epoch 49/400 | Total: 2.236 Edge: 0.396 Con: 0.134 Cls: 1.684 Anchor: 0.0228 | 0.8s
  Epoch 50/400 | Total: 2.240 Edge: 0.395 Con: 0.133 Cls: 1.689 Anchor: 0.0226 | Val F1: 0.2371 | 0.8s
  Epoch 51/400 | Total: 2.222 Edge: 0.394 Con: 0.133 Cls: 1.673 Anchor: 0.0230 | 0.8s
  Epoch 52/400 | Total: 2.214 Edge: 0.396 Con: 0.133 Cls: 1.662 Anchor: 0.0227 | 1.0s
  Epoch 53/400 | Total: 2.213 Edge: 0.396 Con: 0.132 Cls: 1.662 Anchor: 0.0226 | 0.9s
  Epoch 54/400 | Total: 2.215 Edge: 0.393 Con: 0.132 Cls: 1.667 Anchor: 0.0232 | 0.9s
  Epoch 55/400 | Total: 2.255 Edge: 0.401 Con: 0.133 Cls: 1.697 Anchor: 0.0234 | Val F1: 0.2376 | 0.8s
  Epoch 56/400 | Total: 2.202 Edge: 0.396 Con: 0.132 Cls: 1.652 Anchor: 0.0220 | 0.8s
  Epoch 57/400 | Total: 2.195 Edge: 0.390 Con: 0.132 Cls: 1.651 Anchor: 0.0221 | 0.9s
  Epoch 58/400 | Total: 2.194 Edge: 0.407 Con: 0.132 Cls: 1.633 Anchor: 0.0218 | 0.9s
  Epoch 59/400 | Total: 2.208 Edge: 0.394 Con: 0.132 Cls: 1.660 Anchor: 0.0215 | 0.9s
  Epoch 60/400 | Total: 2.197 Edge: 0.396 Con: 0.132 Cls: 1.649 Anchor: 0.0213 | Val F1: 0.2383 | 0.9s
  Epoch 61/400 | Total: 2.176 Edge: 0.395 Con: 0.132 Cls: 1.628 Anchor: 0.0218 | 0.8s
  Epoch 62/400 | Total: 2.185 Edge: 0.392 Con: 0.132 Cls: 1.640 Anchor: 0.0216 | 0.8s
  Epoch 63/400 | Total: 2.184 Edge: 0.386 Con: 0.132 Cls: 1.644 Anchor: 0.0212 | 0.9s
  Epoch 64/400 | Total: 2.174 Edge: 0.390 Con: 0.131 Cls: 1.631 Anchor: 0.0217 | 0.9s
  Epoch 65/400 | Total: 2.186 Edge: 0.384 Con: 0.131 Cls: 1.649 Anchor: 0.0221 | Val F1: 0.2434 | 1.1s
  Epoch 66/400 | Total: 2.181 Edge: 0.387 Con: 0.131 Cls: 1.640 Anchor: 0.0219 | 1.0s
  Epoch 67/400 | Total: 2.200 Edge: 0.384 Con: 0.131 Cls: 1.662 Anchor: 0.0225 | 0.8s
  Epoch 68/400 | Total: 2.161 Edge: 0.387 Con: 0.131 Cls: 1.621 Anchor: 0.0227 | 0.9s
  Epoch 69/400 | Total: 2.141 Edge: 0.388 Con: 0.130 Cls: 1.601 Anchor: 0.0215 | 0.9s
  Epoch 70/400 | Total: 2.150 Edge: 0.390 Con: 0.131 Cls: 1.608 Anchor: 0.0219 | Val F1: 0.2502 | 0.9s
  Epoch 71/400 | Total: 2.152 Edge: 0.392 Con: 0.130 Cls: 1.608 Anchor: 0.0219 | 0.8s
  Epoch 72/400 | Total: 2.186 Edge: 0.393 Con: 0.131 Cls: 1.640 Anchor: 0.0224 | 0.8s
  Epoch 73/400 | Total: 2.173 Edge: 0.391 Con: 0.130 Cls: 1.629 Anchor: 0.0227 | 0.8s
  Epoch 74/400 | Total: 2.195 Edge: 0.388 Con: 0.130 Cls: 1.655 Anchor: 0.0223 | 0.9s
  Epoch 75/400 | Total: 2.159 Edge: 0.384 Con: 0.131 Cls: 1.622 Anchor: 0.0225 | Val F1: 0.2351 | 1.1s
  Epoch 76/400 | Total: 2.155 Edge: 0.384 Con: 0.131 Cls: 1.617 Anchor: 0.0224 | 0.9s
  Epoch 77/400 | Total: 2.140 Edge: 0.381 Con: 0.131 Cls: 1.606 Anchor: 0.0229 | 0.9s
  Epoch 78/400 | Total: 2.129 Edge: 0.376 Con: 0.130 Cls: 1.601 Anchor: 0.0224 | 0.8s
  Epoch 79/400 | Total: 2.137 Edge: 0.378 Con: 0.130 Cls: 1.606 Anchor: 0.0229 | 1.0s
  Epoch 80/400 | Total: 2.122 Edge: 0.375 Con: 0.130 Cls: 1.596 Anchor: 0.0213 | Val F1: 0.2486 | 1.0s
  Epoch 81/400 | Total: 2.116 Edge: 0.376 Con: 0.130 Cls: 1.588 Anchor: 0.0219 | 0.9s
  Epoch 82/400 | Total: 2.118 Edge: 0.377 Con: 0.129 Cls: 1.590 Anchor: 0.0217 | 0.8s
  Epoch 83/400 | Total: 2.111 Edge: 0.372 Con: 0.130 Cls: 1.586 Anchor: 0.0220 | 1.0s
  Epoch 84/400 | Total: 2.103 Edge: 0.375 Con: 0.129 Cls: 1.577 Anchor: 0.0213 | 0.8s
  Epoch 85/400 | Total: 2.105 Edge: 0.375 Con: 0.129 Cls: 1.578 Anchor: 0.0223 | Val F1: 0.2626 | 1.3s
  Epoch 86/400 | Total: 2.087 Edge: 0.370 Con: 0.129 Cls: 1.566 Anchor: 0.0217 | 0.9s
  Epoch 87/400 | Total: 2.098 Edge: 0.376 Con: 0.130 Cls: 1.570 Anchor: 0.0220 | 0.8s
  Epoch 88/400 | Total: 2.098 Edge: 0.376 Con: 0.129 Cls: 1.571 Anchor: 0.0222 | 0.8s
  Epoch 89/400 | Total: 2.102 Edge: 0.374 Con: 0.130 Cls: 1.576 Anchor: 0.0221 | 0.9s
  Epoch 90/400 | Total: 2.103 Edge: 0.376 Con: 0.130 Cls: 1.576 Anchor: 0.0213 | Val F1: 0.2687 | 1.1s
  Epoch 91/400 | Total: 2.082 Edge: 0.375 Con: 0.129 Cls: 1.557 Anchor: 0.0212 | 0.9s
  Epoch 92/400 | Total: 2.098 Edge: 0.372 Con: 0.129 Cls: 1.576 Anchor: 0.0211 | 1.2s
  Epoch 93/400 | Total: 2.080 Edge: 0.374 Con: 0.129 Cls: 1.556 Anchor: 0.0208 | 0.8s
  Epoch 94/400 | Total: 2.089 Edge: 0.376 Con: 0.129 Cls: 1.563 Anchor: 0.0213 | 0.8s
  Epoch 95/400 | Total: 2.089 Edge: 0.369 Con: 0.129 Cls: 1.569 Anchor: 0.0213 | Val F1: 0.2732 | 1.0s
  Epoch 96/400 | Total: 2.068 Edge: 0.371 Con: 0.130 Cls: 1.545 Anchor: 0.0216 | 0.8s
  Epoch 97/400 | Total: 2.100 Edge: 0.372 Con: 0.128 Cls: 1.579 Anchor: 0.0216 | 1.0s
  Epoch 98/400 | Total: 2.076 Edge: 0.367 Con: 0.128 Cls: 1.560 Anchor: 0.0215 | 1.0s
  Epoch 99/400 | Total: 2.086 Edge: 0.366 Con: 0.129 Cls: 1.569 Anchor: 0.0220 | 0.9s
  Epoch 100/400 | Total: 2.069 Edge: 0.375 Con: 0.129 Cls: 1.543 Anchor: 0.0223 | Val F1: 0.2713 | 1.1s
  Epoch 101/400 | Total: 2.092 Edge: 0.378 Con: 0.129 Cls: 1.564 Anchor: 0.0212 | 0.9s
  Epoch 102/400 | Total: 2.056 Edge: 0.371 Con: 0.129 Cls: 1.535 Anchor: 0.0218 | 0.8s
  Epoch 103/400 | Total: 2.038 Edge: 0.365 Con: 0.129 Cls: 1.522 Anchor: 0.0218 | 0.9s
  Epoch 104/400 | Total: 2.043 Edge: 0.370 Con: 0.129 Cls: 1.523 Anchor: 0.0215 | 1.1s
  Epoch 105/400 | Total: 2.055 Edge: 0.363 Con: 0.129 Cls: 1.542 Anchor: 0.0218 | Val F1: 0.2828 | 0.9s
  Epoch 106/400 | Total: 2.053 Edge: 0.364 Con: 0.129 Cls: 1.538 Anchor: 0.0224 | 0.8s
  Epoch 107/400 | Total: 2.045 Edge: 0.365 Con: 0.129 Cls: 1.529 Anchor: 0.0219 | 0.8s
  Epoch 108/400 | Total: 2.069 Edge: 0.363 Con: 0.128 Cls: 1.556 Anchor: 0.0217 | 0.9s
  Epoch 109/400 | Total: 2.060 Edge: 0.362 Con: 0.129 Cls: 1.547 Anchor: 0.0220 | 0.9s
  Epoch 110/400 | Total: 2.039 Edge: 0.362 Con: 0.129 Cls: 1.526 Anchor: 0.0221 | Val F1: 0.2822 | 0.9s
  Epoch 111/400 | Total: 2.026 Edge: 0.363 Con: 0.128 Cls: 1.513 Anchor: 0.0215 | 0.8s
  Epoch 112/400 | Total: 2.019 Edge: 0.361 Con: 0.128 Cls: 1.508 Anchor: 0.0214 | 0.8s
  Epoch 113/400 | Total: 2.047 Edge: 0.363 Con: 0.128 Cls: 1.535 Anchor: 0.0209 | 0.9s
  Epoch 114/400 | Total: 2.025 Edge: 0.362 Con: 0.128 Cls: 1.513 Anchor: 0.0215 | 0.9s
  Epoch 115/400 | Total: 2.023 Edge: 0.359 Con: 0.129 Cls: 1.514 Anchor: 0.0214 | Val F1: 0.2834 | 1.0s
  Epoch 116/400 | Total: 2.021 Edge: 0.358 Con: 0.127 Cls: 1.514 Anchor: 0.0215 | 0.9s
  Epoch 117/400 | Total: 2.016 Edge: 0.363 Con: 0.128 Cls: 1.505 Anchor: 0.0209 | 0.9s
  Epoch 118/400 | Total: 2.059 Edge: 0.365 Con: 0.128 Cls: 1.544 Anchor: 0.0216 | 0.8s
  Epoch 119/400 | Total: 2.050 Edge: 0.367 Con: 0.128 Cls: 1.534 Anchor: 0.0215 | 0.9s
  Epoch 120/400 | Total: 2.019 Edge: 0.361 Con: 0.128 Cls: 1.509 Anchor: 0.0210 | Val F1: 0.2860 | 0.9s
  Epoch 121/400 | Total: 2.034 Edge: 0.363 Con: 0.128 Cls: 1.522 Anchor: 0.0207 | 1.0s
  Epoch 122/400 | Total: 2.025 Edge: 0.360 Con: 0.128 Cls: 1.517 Anchor: 0.0205 | 0.9s
  Epoch 123/400 | Total: 1.999 Edge: 0.356 Con: 0.128 Cls: 1.494 Anchor: 0.0209 | 0.9s
  Epoch 124/400 | Total: 1.995 Edge: 0.358 Con: 0.129 Cls: 1.488 Anchor: 0.0206 | 0.9s
  Epoch 125/400 | Total: 2.018 Edge: 0.363 Con: 0.128 Cls: 1.506 Anchor: 0.0218 | Val F1: 0.2960 | 0.9s
  Epoch 126/400 | Total: 2.006 Edge: 0.355 Con: 0.128 Cls: 1.502 Anchor: 0.0212 | 0.9s
  Epoch 127/400 | Total: 1.999 Edge: 0.356 Con: 0.128 Cls: 1.494 Anchor: 0.0215 | 1.0s
  Epoch 128/400 | Total: 2.003 Edge: 0.354 Con: 0.127 Cls: 1.500 Anchor: 0.0219 | 1.0s
  Epoch 129/400 | Total: 1.993 Edge: 0.354 Con: 0.128 Cls: 1.491 Anchor: 0.0210 | 1.1s
  Epoch 130/400 | Total: 1.995 Edge: 0.354 Con: 0.128 Cls: 1.492 Anchor: 0.0207 | Val F1: 0.3019 | 0.9s
  Epoch 131/400 | Total: 1.993 Edge: 0.351 Con: 0.128 Cls: 1.494 Anchor: 0.0208 | 0.8s
  Epoch 132/400 | Total: 1.983 Edge: 0.352 Con: 0.128 Cls: 1.483 Anchor: 0.0202 | 1.3s
  Epoch 133/400 | Total: 1.987 Edge: 0.355 Con: 0.128 Cls: 1.484 Anchor: 0.0200 | 0.8s
  Epoch 134/400 | Total: 1.999 Edge: 0.356 Con: 0.128 Cls: 1.495 Anchor: 0.0207 | 0.9s
  Epoch 135/400 | Total: 2.039 Edge: 0.360 Con: 0.128 Cls: 1.530 Anchor: 0.0220 | Val F1: 0.2829 | 0.9s
  Epoch 136/400 | Total: 1.995 Edge: 0.355 Con: 0.128 Cls: 1.492 Anchor: 0.0208 | 0.8s
  Epoch 137/400 | Total: 1.980 Edge: 0.352 Con: 0.128 Cls: 1.479 Anchor: 0.0210 | 0.8s
  Epoch 138/400 | Total: 1.987 Edge: 0.353 Con: 0.128 Cls: 1.485 Anchor: 0.0220 | 0.8s
  Epoch 139/400 | Total: 2.001 Edge: 0.358 Con: 0.128 Cls: 1.493 Anchor: 0.0217 | 1.0s
  Epoch 140/400 | Total: 1.995 Edge: 0.364 Con: 0.128 Cls: 1.482 Anchor: 0.0216 | Val F1: 0.2974 | 0.9s
  Epoch 141/400 | Total: 2.008 Edge: 0.360 Con: 0.128 Cls: 1.498 Anchor: 0.0212 | 0.8s
  Epoch 142/400 | Total: 1.999 Edge: 0.369 Con: 0.128 Cls: 1.481 Anchor: 0.0216 | 0.9s
  Epoch 143/400 | Total: 2.017 Edge: 0.362 Con: 0.128 Cls: 1.505 Anchor: 0.0210 | 0.8s
  Epoch 144/400 | Total: 1.979 Edge: 0.355 Con: 0.128 Cls: 1.476 Anchor: 0.0206 | 1.0s
  Epoch 145/400 | Total: 1.983 Edge: 0.353 Con: 0.128 Cls: 1.482 Anchor: 0.0207 | Val F1: 0.3014 | 0.8s
  Epoch 146/400 | Total: 1.983 Edge: 0.348 Con: 0.128 Cls: 1.487 Anchor: 0.0206 | 0.9s
  Epoch 147/400 | Total: 1.976 Edge: 0.352 Con: 0.127 Cls: 1.477 Anchor: 0.0207 | 0.8s
  Epoch 148/400 | Total: 1.985 Edge: 0.350 Con: 0.127 Cls: 1.487 Anchor: 0.0207 | 0.9s
  Epoch 149/400 | Total: 1.990 Edge: 0.353 Con: 0.127 Cls: 1.490 Anchor: 0.0209 | 0.8s
  Epoch 150/400 | Total: 1.980 Edge: 0.352 Con: 0.127 Cls: 1.481 Anchor: 0.0207 | Val F1: 0.3184 | 1.0s
  Epoch 151/400 | Total: 1.979 Edge: 0.351 Con: 0.127 Cls: 1.481 Anchor: 0.0204 | 0.8s
  Epoch 152/400 | Total: 1.991 Edge: 0.351 Con: 0.128 Cls: 1.490 Anchor: 0.0212 | 0.8s
  Epoch 153/400 | Total: 1.996 Edge: 0.354 Con: 0.127 Cls: 1.493 Anchor: 0.0213 | 1.0s
  Epoch 154/400 | Total: 1.973 Edge: 0.348 Con: 0.128 Cls: 1.476 Anchor: 0.0208 | 0.9s
  Epoch 155/400 | Total: 1.977 Edge: 0.349 Con: 0.127 Cls: 1.480 Anchor: 0.0211 | Val F1: 0.3025 | 1.1s
  Epoch 156/400 | Total: 1.957 Edge: 0.349 Con: 0.127 Cls: 1.459 Anchor: 0.0221 | 0.9s
  Epoch 157/400 | Total: 1.977 Edge: 0.351 Con: 0.127 Cls: 1.478 Anchor: 0.0215 | 0.8s
  Epoch 158/400 | Total: 1.959 Edge: 0.355 Con: 0.127 Cls: 1.457 Anchor: 0.0208 | 0.9s
  Epoch 159/400 | Total: 1.977 Edge: 0.352 Con: 0.127 Cls: 1.476 Anchor: 0.0211 | 1.1s
  Epoch 160/400 | Total: 1.973 Edge: 0.350 Con: 0.127 Cls: 1.475 Anchor: 0.0212 | Val F1: 0.3023 | 0.9s
  Epoch 161/400 | Total: 1.969 Edge: 0.346 Con: 0.127 Cls: 1.474 Anchor: 0.0207 | 1.1s
  Epoch 162/400 | Total: 1.968 Edge: 0.346 Con: 0.127 Cls: 1.474 Anchor: 0.0214 | 0.8s
  Epoch 163/400 | Total: 1.968 Edge: 0.354 Con: 0.127 Cls: 1.467 Anchor: 0.0209 | 1.1s
  Epoch 164/400 | Total: 1.983 Edge: 0.359 Con: 0.127 Cls: 1.476 Anchor: 0.0208 | 0.9s
  Epoch 165/400 | Total: 1.963 Edge: 0.349 Con: 0.127 Cls: 1.465 Anchor: 0.0214 | Val F1: 0.3146 | 0.9s
  Epoch 166/400 | Total: 1.962 Edge: 0.348 Con: 0.127 Cls: 1.466 Anchor: 0.0210 | 0.9s
  Epoch 167/400 | Total: 1.977 Edge: 0.352 Con: 0.127 Cls: 1.477 Anchor: 0.0215 | 0.8s
  Epoch 168/400 | Total: 1.979 Edge: 0.364 Con: 0.128 Cls: 1.465 Anchor: 0.0212 | 1.0s
  Epoch 169/400 | Total: 1.960 Edge: 0.343 Con: 0.127 Cls: 1.468 Anchor: 0.0221 | 1.0s
  Epoch 170/400 | Total: 1.952 Edge: 0.344 Con: 0.127 Cls: 1.459 Anchor: 0.0220 | Val F1: 0.3052 | 1.0s
  Epoch 171/400 | Total: 1.956 Edge: 0.344 Con: 0.127 Cls: 1.464 Anchor: 0.0212 | 1.0s
  Epoch 172/400 | Total: 1.968 Edge: 0.346 Con: 0.127 Cls: 1.473 Anchor: 0.0215 | 1.0s
  Epoch 173/400 | Total: 1.944 Edge: 0.342 Con: 0.126 Cls: 1.455 Anchor: 0.0210 | 0.8s
  Epoch 174/400 | Total: 1.942 Edge: 0.344 Con: 0.127 Cls: 1.451 Anchor: 0.0205 | 0.8s
  Epoch 175/400 | Total: 1.959 Edge: 0.346 Con: 0.126 Cls: 1.466 Anchor: 0.0213 | Val F1: 0.3102 | 1.1s
  Epoch 176/400 | Total: 1.976 Edge: 0.352 Con: 0.127 Cls: 1.475 Anchor: 0.0219 | 0.9s
  Epoch 177/400 | Total: 1.964 Edge: 0.349 Con: 0.127 Cls: 1.468 Anchor: 0.0212 | 1.0s
  Epoch 178/400 | Total: 1.976 Edge: 0.353 Con: 0.127 Cls: 1.474 Anchor: 0.0216 | 0.8s
  Epoch 179/400 | Total: 1.969 Edge: 0.352 Con: 0.127 Cls: 1.469 Anchor: 0.0219 | 0.9s
  Epoch 180/400 | Total: 1.978 Edge: 0.349 Con: 0.127 Cls: 1.480 Anchor: 0.0217 | Val F1: 0.3027 | 1.2s
  Epoch 181/400 | Total: 1.948 Edge: 0.347 Con: 0.126 Cls: 1.453 Anchor: 0.0213 | 1.0s
  Epoch 182/400 | Total: 1.952 Edge: 0.347 Con: 0.127 Cls: 1.456 Anchor: 0.0212 | 0.8s
  Epoch 183/400 | Total: 1.945 Edge: 0.347 Con: 0.126 Cls: 1.450 Anchor: 0.0217 | 0.8s
  Epoch 184/400 | Total: 1.941 Edge: 0.343 Con: 0.126 Cls: 1.450 Anchor: 0.0214 | 0.8s
  Epoch 185/400 | Total: 1.933 Edge: 0.348 Con: 0.126 Cls: 1.437 Anchor: 0.0212 | Val F1: 0.3205 | 0.8s
  Epoch 186/400 | Total: 1.955 Edge: 0.350 Con: 0.127 Cls: 1.457 Anchor: 0.0214 | 0.8s
  Epoch 187/400 | Total: 1.950 Edge: 0.349 Con: 0.126 Cls: 1.452 Anchor: 0.0220 | 0.8s
  Epoch 188/400 | Total: 1.950 Edge: 0.343 Con: 0.127 Cls: 1.458 Anchor: 0.0215 | 0.8s
  Epoch 189/400 | Total: 1.941 Edge: 0.341 Con: 0.126 Cls: 1.454 Anchor: 0.0208 | 0.8s
  Epoch 190/400 | Total: 1.942 Edge: 0.342 Con: 0.126 Cls: 1.453 Anchor: 0.0207 | Val F1: 0.3211 | 0.8s
  Epoch 191/400 | Total: 1.951 Edge: 0.338 Con: 0.126 Cls: 1.467 Anchor: 0.0210 | 0.9s
  Epoch 192/400 | Total: 1.944 Edge: 0.346 Con: 0.126 Cls: 1.452 Anchor: 0.0209 | 0.9s
  Epoch 193/400 | Total: 1.949 Edge: 0.355 Con: 0.127 Cls: 1.447 Anchor: 0.0212 | 1.1s
  Epoch 194/400 | Total: 1.968 Edge: 0.359 Con: 0.126 Cls: 1.462 Anchor: 0.0205 | 0.9s
  Epoch 195/400 | Total: 1.947 Edge: 0.343 Con: 0.127 Cls: 1.456 Anchor: 0.0210 | Val F1: 0.3113 | 1.0s
  Epoch 196/400 | Total: 1.953 Edge: 0.344 Con: 0.126 Cls: 1.462 Anchor: 0.0211 | 0.8s
  Epoch 197/400 | Total: 1.954 Edge: 0.341 Con: 0.126 Cls: 1.466 Anchor: 0.0215 | 0.8s
  Epoch 198/400 | Total: 1.951 Edge: 0.344 Con: 0.127 Cls: 1.459 Anchor: 0.0213 | 0.9s
  Epoch 199/400 | Total: 1.929 Edge: 0.340 Con: 0.127 Cls: 1.442 Anchor: 0.0210 | 0.8s
  Epoch 200/400 | Total: 1.933 Edge: 0.339 Con: 0.126 Cls: 1.447 Anchor: 0.0210 | Val F1: 0.3221 | 0.9s
  Epoch 201/400 | Total: 1.938 Edge: 0.340 Con: 0.125 Cls: 1.449 Anchor: 0.0221 | 0.8s
  Epoch 202/400 | Total: 1.944 Edge: 0.350 Con: 0.126 Cls: 1.447 Anchor: 0.0215 | 0.8s
  Epoch 203/400 | Total: 1.940 Edge: 0.345 Con: 0.127 Cls: 1.448 Anchor: 0.0211 | 0.8s
  Epoch 204/400 | Total: 1.950 Edge: 0.347 Con: 0.126 Cls: 1.456 Anchor: 0.0214 | 0.9s
  Epoch 205/400 | Total: 1.926 Edge: 0.341 Con: 0.126 Cls: 1.438 Anchor: 0.0213 | Val F1: 0.3195 | 1.0s
  Epoch 206/400 | Total: 1.954 Edge: 0.348 Con: 0.127 Cls: 1.459 Anchor: 0.0210 | 0.8s
  Epoch 207/400 | Total: 1.936 Edge: 0.342 Con: 0.126 Cls: 1.447 Anchor: 0.0211 | 0.8s
  Epoch 208/400 | Total: 1.930 Edge: 0.340 Con: 0.125 Cls: 1.442 Anchor: 0.0215 | 0.8s
  Epoch 209/400 | Total: 1.925 Edge: 0.337 Con: 0.126 Cls: 1.441 Anchor: 0.0211 | 0.8s
  Epoch 210/400 | Total: 1.927 Edge: 0.336 Con: 0.126 Cls: 1.445 Anchor: 0.0206 | Val F1: 0.3236 | 0.8s
  Epoch 211/400 | Total: 1.938 Edge: 0.339 Con: 0.125 Cls: 1.453 Anchor: 0.0209 | 0.8s
  Epoch 212/400 | Total: 1.946 Edge: 0.342 Con: 0.126 Cls: 1.457 Anchor: 0.0208 | 0.9s
  Epoch 213/400 | Total: 1.962 Edge: 0.341 Con: 0.126 Cls: 1.474 Anchor: 0.0211 | 0.8s
  Epoch 214/400 | Total: 1.941 Edge: 0.341 Con: 0.126 Cls: 1.452 Anchor: 0.0211 | 1.0s
  Epoch 215/400 | Total: 1.935 Edge: 0.339 Con: 0.126 Cls: 1.449 Anchor: 0.0207 | Val F1: 0.3171 | 0.9s
  Epoch 216/400 | Total: 1.920 Edge: 0.334 Con: 0.126 Cls: 1.439 Anchor: 0.0210 | 0.9s
  Epoch 217/400 | Total: 1.926 Edge: 0.335 Con: 0.126 Cls: 1.444 Anchor: 0.0210 | 0.8s
  Epoch 218/400 | Total: 1.938 Edge: 0.339 Con: 0.126 Cls: 1.452 Anchor: 0.0207 | 0.8s
  Epoch 219/400 | Total: 1.923 Edge: 0.339 Con: 0.125 Cls: 1.438 Anchor: 0.0208 | 0.9s
  Epoch 220/400 | Total: 1.922 Edge: 0.337 Con: 0.125 Cls: 1.438 Anchor: 0.0208 | Val F1: 0.3166 | 0.9s
  Epoch 221/400 | Total: 1.924 Edge: 0.336 Con: 0.126 Cls: 1.441 Anchor: 0.0210 | 0.8s
  Epoch 222/400 | Total: 1.909 Edge: 0.338 Con: 0.126 Cls: 1.424 Anchor: 0.0209 | 0.8s
  Epoch 223/400 | Total: 1.918 Edge: 0.333 Con: 0.125 Cls: 1.438 Anchor: 0.0212 | 0.8s
  Epoch 224/400 | Total: 1.924 Edge: 0.335 Con: 0.125 Cls: 1.443 Anchor: 0.0214 | 0.9s
  Epoch 225/400 | Total: 1.917 Edge: 0.333 Con: 0.126 Cls: 1.436 Anchor: 0.0213 | Val F1: 0.3319 | 1.0s
  Epoch 226/400 | Total: 1.905 Edge: 0.338 Con: 0.126 Cls: 1.421 Anchor: 0.0212 | 0.8s
  Epoch 227/400 | Total: 1.937 Edge: 0.342 Con: 0.126 Cls: 1.449 Anchor: 0.0207 | 0.8s
  Epoch 228/400 | Total: 1.919 Edge: 0.342 Con: 0.125 Cls: 1.431 Anchor: 0.0210 | 0.8s
  Epoch 229/400 | Total: 1.918 Edge: 0.342 Con: 0.125 Cls: 1.430 Anchor: 0.0204 | 0.8s
  Epoch 230/400 | Total: 1.917 Edge: 0.345 Con: 0.126 Cls: 1.425 Anchor: 0.0212 | Val F1: 0.3318 | 1.0s
  Epoch 231/400 | Total: 1.924 Edge: 0.333 Con: 0.126 Cls: 1.444 Anchor: 0.0211 | 0.9s
  Epoch 232/400 | Total: 1.912 Edge: 0.333 Con: 0.125 Cls: 1.434 Anchor: 0.0203 | 1.0s
  Epoch 233/400 | Total: 1.907 Edge: 0.335 Con: 0.126 Cls: 1.426 Anchor: 0.0206 | 0.8s
  Epoch 234/400 | Total: 1.929 Edge: 0.336 Con: 0.126 Cls: 1.447 Anchor: 0.0207 | 0.8s
  Epoch 235/400 | Total: 1.918 Edge: 0.340 Con: 0.126 Cls: 1.432 Anchor: 0.0200 | Val F1: 0.3140 | 0.9s
  Epoch 236/400 | Total: 1.925 Edge: 0.339 Con: 0.126 Cls: 1.439 Anchor: 0.0206 | 0.8s
  Epoch 237/400 | Total: 1.918 Edge: 0.334 Con: 0.125 Cls: 1.438 Anchor: 0.0207 | 0.9s
  Epoch 238/400 | Total: 1.906 Edge: 0.331 Con: 0.125 Cls: 1.429 Anchor: 0.0204 | 0.8s
  Epoch 239/400 | Total: 1.933 Edge: 0.334 Con: 0.126 Cls: 1.453 Anchor: 0.0202 | 0.9s
  Epoch 240/400 | Total: 1.928 Edge: 0.337 Con: 0.125 Cls: 1.445 Anchor: 0.0206 | Val F1: 0.3220 | 0.9s
  Epoch 241/400 | Total: 1.925 Edge: 0.335 Con: 0.126 Cls: 1.444 Anchor: 0.0208 | 0.9s
  Epoch 242/400 | Total: 1.895 Edge: 0.331 Con: 0.125 Cls: 1.418 Anchor: 0.0209 | 0.8s
  Epoch 243/400 | Total: 1.911 Edge: 0.331 Con: 0.125 Cls: 1.435 Anchor: 0.0203 | 0.9s
  Epoch 244/400 | Total: 1.915 Edge: 0.332 Con: 0.125 Cls: 1.438 Anchor: 0.0202 | 0.9s
  Epoch 245/400 | Total: 1.922 Edge: 0.333 Con: 0.125 Cls: 1.444 Anchor: 0.0203 | Val F1: 0.3257 | 0.9s
  Epoch 246/400 | Total: 1.914 Edge: 0.332 Con: 0.126 Cls: 1.436 Anchor: 0.0207 | 0.9s
  Epoch 247/400 | Total: 1.893 Edge: 0.333 Con: 0.126 Cls: 1.415 Anchor: 0.0199 | 0.8s
  Epoch 248/400 | Total: 1.922 Edge: 0.336 Con: 0.126 Cls: 1.440 Anchor: 0.0200 | 0.8s
  Epoch 249/400 | Total: 1.902 Edge: 0.335 Con: 0.126 Cls: 1.421 Anchor: 0.0203 | 1.1s
  Epoch 250/400 | Total: 1.907 Edge: 0.332 Con: 0.125 Cls: 1.428 Anchor: 0.0210 | Val F1: 0.3293 | 0.9s
  Epoch 251/400 | Total: 1.905 Edge: 0.330 Con: 0.126 Cls: 1.429 Anchor: 0.0204 | 0.8s
  Epoch 252/400 | Total: 1.893 Edge: 0.329 Con: 0.125 Cls: 1.419 Anchor: 0.0200 | 0.8s
  Epoch 253/400 | Total: 1.903 Edge: 0.332 Con: 0.125 Cls: 1.426 Anchor: 0.0206 | 1.0s
  Epoch 254/400 | Total: 1.901 Edge: 0.331 Con: 0.125 Cls: 1.425 Anchor: 0.0200 | 1.0s
  Epoch 255/400 | Total: 1.917 Edge: 0.332 Con: 0.126 Cls: 1.437 Anchor: 0.0213 | Val F1: 0.3267 | 0.9s
  Epoch 256/400 | Total: 1.907 Edge: 0.335 Con: 0.125 Cls: 1.426 Anchor: 0.0207 | 0.8s
  Epoch 257/400 | Total: 1.919 Edge: 0.332 Con: 0.125 Cls: 1.441 Anchor: 0.0206 | 0.9s
  Epoch 258/400 | Total: 1.904 Edge: 0.333 Con: 0.125 Cls: 1.424 Anchor: 0.0206 | 1.0s
  Epoch 259/400 | Total: 1.919 Edge: 0.331 Con: 0.126 Cls: 1.441 Anchor: 0.0210 | 0.8s
  Epoch 260/400 | Total: 1.900 Edge: 0.331 Con: 0.125 Cls: 1.423 Anchor: 0.0212 | Val F1: 0.3295 | 0.8s
  Epoch 261/400 | Total: 1.916 Edge: 0.334 Con: 0.126 Cls: 1.435 Anchor: 0.0214 | 0.8s
  Epoch 262/400 | Total: 1.946 Edge: 0.336 Con: 0.125 Cls: 1.463 Anchor: 0.0208 | 0.8s
  Epoch 263/400 | Total: 1.917 Edge: 0.336 Con: 0.126 Cls: 1.435 Anchor: 0.0208 | 0.9s
  Epoch 264/400 | Total: 1.903 Edge: 0.334 Con: 0.126 Cls: 1.422 Anchor: 0.0213 | 1.0s
  Epoch 265/400 | Total: 1.897 Edge: 0.330 Con: 0.125 Cls: 1.421 Anchor: 0.0213 | Val F1: 0.3314 | 1.2s
  Epoch 266/400 | Total: 1.914 Edge: 0.336 Con: 0.125 Cls: 1.432 Anchor: 0.0204 | 0.8s
  Epoch 267/400 | Total: 1.928 Edge: 0.337 Con: 0.126 Cls: 1.445 Anchor: 0.0217 | 0.9s
  Epoch 268/400 | Total: 1.909 Edge: 0.336 Con: 0.125 Cls: 1.427 Anchor: 0.0210 | 0.9s
  Epoch 269/400 | Total: 1.893 Edge: 0.332 Con: 0.125 Cls: 1.415 Anchor: 0.0208 | 0.8s
  Epoch 270/400 | Total: 1.901 Edge: 0.328 Con: 0.125 Cls: 1.426 Anchor: 0.0205 | Val F1: 0.3311 | 0.8s
  Epoch 271/400 | Total: 1.899 Edge: 0.329 Con: 0.125 Cls: 1.424 Anchor: 0.0204 | 0.9s
  Epoch 272/400 | Total: 1.897 Edge: 0.335 Con: 0.125 Cls: 1.417 Anchor: 0.0204 | 0.9s
  Epoch 273/400 | Total: 1.892 Edge: 0.330 Con: 0.126 Cls: 1.416 Anchor: 0.0202 | 0.9s
  Epoch 274/400 | Total: 1.899 Edge: 0.328 Con: 0.125 Cls: 1.424 Anchor: 0.0208 | 0.8s
  Epoch 275/400 | Total: 1.908 Edge: 0.329 Con: 0.125 Cls: 1.433 Anchor: 0.0206 | Val F1: 0.3416 | 1.0s
  Epoch 276/400 | Total: 1.894 Edge: 0.331 Con: 0.125 Cls: 1.418 Anchor: 0.0202 | 0.9s
  Epoch 277/400 | Total: 1.893 Edge: 0.327 Con: 0.125 Cls: 1.421 Anchor: 0.0205 | 0.8s
  Epoch 278/400 | Total: 1.887 Edge: 0.328 Con: 0.125 Cls: 1.414 Anchor: 0.0205 | 1.3s
  Epoch 279/400 | Total: 1.902 Edge: 0.335 Con: 0.126 Cls: 1.421 Anchor: 0.0203 | 0.9s
  Epoch 280/400 | Total: 1.895 Edge: 0.338 Con: 0.125 Cls: 1.411 Anchor: 0.0211 | Val F1: 0.3316 | 0.9s
  Epoch 281/400 | Total: 1.909 Edge: 0.336 Con: 0.125 Cls: 1.427 Anchor: 0.0217 | 1.1s
  Epoch 282/400 | Total: 1.911 Edge: 0.334 Con: 0.125 Cls: 1.431 Anchor: 0.0214 | 1.0s
  Epoch 283/400 | Total: 1.889 Edge: 0.330 Con: 0.126 Cls: 1.412 Anchor: 0.0209 | 0.8s
  Epoch 284/400 | Total: 1.879 Edge: 0.326 Con: 0.125 Cls: 1.406 Anchor: 0.0212 | 0.9s
  Epoch 285/400 | Total: 1.882 Edge: 0.326 Con: 0.125 Cls: 1.410 Anchor: 0.0212 | Val F1: 0.3091 | 0.8s
  Epoch 286/400 | Total: 1.953 Edge: 0.336 Con: 0.125 Cls: 1.472 Anchor: 0.0204 | 0.8s
  Epoch 287/400 | Total: 1.907 Edge: 0.336 Con: 0.125 Cls: 1.425 Anchor: 0.0205 | 0.8s
  Epoch 288/400 | Total: 1.905 Edge: 0.330 Con: 0.125 Cls: 1.430 Anchor: 0.0210 | 0.8s
  Epoch 289/400 | Total: 1.897 Edge: 0.327 Con: 0.125 Cls: 1.425 Anchor: 0.0205 | 0.8s
  Epoch 290/400 | Total: 1.893 Edge: 0.329 Con: 0.125 Cls: 1.419 Anchor: 0.0204 | Val F1: 0.3440 | 1.1s
  Epoch 291/400 | Total: 1.881 Edge: 0.326 Con: 0.125 Cls: 1.409 Anchor: 0.0207 | 1.0s
  Epoch 292/400 | Total: 1.886 Edge: 0.325 Con: 0.126 Cls: 1.414 Anchor: 0.0211 | 0.9s
  Epoch 293/400 | Total: 1.908 Edge: 0.326 Con: 0.124 Cls: 1.437 Anchor: 0.0204 | 1.0s
  Epoch 294/400 | Total: 1.888 Edge: 0.328 Con: 0.126 Cls: 1.413 Anchor: 0.0208 | 1.0s
  Epoch 295/400 | Total: 1.902 Edge: 0.331 Con: 0.126 Cls: 1.424 Anchor: 0.0214 | Val F1: 0.3337 | 1.0s
  Epoch 296/400 | Total: 1.899 Edge: 0.335 Con: 0.125 Cls: 1.418 Anchor: 0.0213 | 0.8s
  Epoch 297/400 | Total: 1.883 Edge: 0.329 Con: 0.125 Cls: 1.408 Anchor: 0.0212 | 0.8s
  Epoch 298/400 | Total: 1.874 Edge: 0.326 Con: 0.125 Cls: 1.403 Anchor: 0.0212 | 0.8s
  Epoch 299/400 | Total: 1.895 Edge: 0.328 Con: 0.125 Cls: 1.422 Anchor: 0.0207 | 0.8s
  Epoch 300/400 | Total: 1.915 Edge: 0.328 Con: 0.125 Cls: 1.442 Anchor: 0.0202 | Val F1: 0.3203 | 0.9s
  Epoch 301/400 | Total: 1.899 Edge: 0.331 Con: 0.125 Cls: 1.423 Anchor: 0.0200 | 1.1s
  Epoch 302/400 | Total: 1.901 Edge: 0.329 Con: 0.125 Cls: 1.428 Anchor: 0.0199 | 0.8s
  Epoch 303/400 | Total: 1.923 Edge: 0.340 Con: 0.125 Cls: 1.437 Anchor: 0.0206 | 0.8s
  Epoch 304/400 | Total: 1.924 Edge: 0.351 Con: 0.125 Cls: 1.427 Anchor: 0.0205 | 0.8s
  Epoch 305/400 | Total: 1.909 Edge: 0.342 Con: 0.125 Cls: 1.422 Anchor: 0.0201 | Val F1: 0.3358 | 1.0s
  Epoch 306/400 | Total: 1.887 Edge: 0.331 Con: 0.126 Cls: 1.410 Anchor: 0.0205 | 0.8s
  Epoch 307/400 | Total: 1.888 Edge: 0.327 Con: 0.125 Cls: 1.416 Anchor: 0.0203 | 0.9s
  Epoch 308/400 | Total: 1.902 Edge: 0.328 Con: 0.126 Cls: 1.428 Anchor: 0.0200 | 0.9s
  Epoch 309/400 | Total: 1.886 Edge: 0.323 Con: 0.125 Cls: 1.419 Anchor: 0.0200 | 1.0s
  Epoch 310/400 | Total: 1.990 Edge: 0.330 Con: 0.125 Cls: 1.515 Anchor: 0.0211 | Val F1: 0.3318 | 0.9s
  Epoch 311/400 | Total: 1.952 Edge: 0.341 Con: 0.126 Cls: 1.463 Anchor: 0.0213 | 0.8s
  Epoch 312/400 | Total: 1.943 Edge: 0.336 Con: 0.125 Cls: 1.461 Anchor: 0.0212 | 0.9s
  Epoch 313/400 | Total: 1.891 Edge: 0.328 Con: 0.125 Cls: 1.417 Anchor: 0.0208 | 0.8s
  Epoch 314/400 | Total: 1.893 Edge: 0.329 Con: 0.125 Cls: 1.417 Anchor: 0.0212 | 0.8s
  Epoch 315/400 | Total: 1.890 Edge: 0.326 Con: 0.125 Cls: 1.419 Anchor: 0.0206 | Val F1: 0.3372 | 1.0s
  Epoch 316/400 | Total: 1.894 Edge: 0.328 Con: 0.125 Cls: 1.421 Anchor: 0.0206 | 0.8s
  Epoch 317/400 | Total: 1.890 Edge: 0.331 Con: 0.125 Cls: 1.413 Anchor: 0.0214 | 0.9s
  Epoch 318/400 | Total: 1.884 Edge: 0.331 Con: 0.124 Cls: 1.409 Anchor: 0.0208 | 0.9s
  Epoch 319/400 | Total: 1.885 Edge: 0.325 Con: 0.124 Cls: 1.414 Anchor: 0.0211 | 1.0s
  Epoch 320/400 | Total: 1.881 Edge: 0.324 Con: 0.125 Cls: 1.410 Anchor: 0.0214 | Val F1: 0.3369 | 0.8s
  Epoch 321/400 | Total: 1.872 Edge: 0.323 Con: 0.124 Cls: 1.403 Anchor: 0.0210 | 0.8s
  Epoch 322/400 | Total: 1.882 Edge: 0.324 Con: 0.124 Cls: 1.414 Anchor: 0.0204 | 1.0s
  Epoch 323/400 | Total: 1.869 Edge: 0.325 Con: 0.124 Cls: 1.400 Anchor: 0.0201 | 0.9s
  Epoch 324/400 | Total: 1.883 Edge: 0.325 Con: 0.125 Cls: 1.413 Anchor: 0.0203 | 0.8s
  Epoch 325/400 | Total: 1.876 Edge: 0.325 Con: 0.125 Cls: 1.405 Anchor: 0.0212 | Val F1: 0.3306 | 0.9s
  Epoch 326/400 | Total: 1.877 Edge: 0.323 Con: 0.124 Cls: 1.408 Anchor: 0.0210 | 0.9s
  Epoch 327/400 | Total: 1.877 Edge: 0.325 Con: 0.125 Cls: 1.405 Anchor: 0.0213 | 1.0s
  Epoch 328/400 | Total: 1.881 Edge: 0.326 Con: 0.125 Cls: 1.410 Anchor: 0.0206 | 1.1s
  Epoch 329/400 | Total: 1.900 Edge: 0.331 Con: 0.125 Cls: 1.424 Anchor: 0.0210 | 0.8s
  Epoch 330/400 | Total: 1.890 Edge: 0.327 Con: 0.125 Cls: 1.418 Anchor: 0.0203 | Val F1: 0.3362 | 1.0s
  Epoch 331/400 | Total: 1.883 Edge: 0.325 Con: 0.125 Cls: 1.413 Anchor: 0.0204 | 0.8s
  Epoch 332/400 | Total: 1.878 Edge: 0.324 Con: 0.125 Cls: 1.410 Anchor: 0.0199 | 0.8s
  Epoch 333/400 | Total: 1.856 Edge: 0.323 Con: 0.124 Cls: 1.389 Anchor: 0.0199 | 1.0s
  Epoch 334/400 | Total: 1.867 Edge: 0.322 Con: 0.125 Cls: 1.401 Anchor: 0.0200 | 0.9s
  Epoch 335/400 | Total: 1.866 Edge: 0.325 Con: 0.125 Cls: 1.396 Anchor: 0.0202 | Val F1: 0.3279 | 1.1s
  Epoch 336/400 | Total: 1.871 Edge: 0.322 Con: 0.125 Cls: 1.404 Anchor: 0.0201 | 0.9s
  Epoch 337/400 | Total: 1.863 Edge: 0.322 Con: 0.124 Cls: 1.397 Anchor: 0.0200 | 1.0s
  Epoch 338/400 | Total: 1.877 Edge: 0.321 Con: 0.124 Cls: 1.412 Anchor: 0.0202 | 0.8s
  Epoch 339/400 | Total: 1.897 Edge: 0.322 Con: 0.124 Cls: 1.431 Anchor: 0.0196 | 0.8s
  Epoch 340/400 | Total: 1.887 Edge: 0.323 Con: 0.125 Cls: 1.419 Anchor: 0.0199 | Val F1: 0.3361 | 0.8s
  Epoch 341/400 | Total: 1.886 Edge: 0.328 Con: 0.125 Cls: 1.414 Anchor: 0.0194 | 0.8s
  Epoch 342/400 | Total: 1.892 Edge: 0.324 Con: 0.124 Cls: 1.424 Anchor: 0.0200 | 0.8s
  Epoch 343/400 | Total: 1.878 Edge: 0.324 Con: 0.125 Cls: 1.411 Anchor: 0.0195 | 0.8s
  Epoch 344/400 | Total: 1.894 Edge: 0.323 Con: 0.125 Cls: 1.426 Anchor: 0.0198 | 0.8s
  Epoch 345/400 | Total: 1.870 Edge: 0.323 Con: 0.124 Cls: 1.402 Anchor: 0.0206 | Val F1: 0.3416 | 1.1s
  Epoch 346/400 | Total: 1.866 Edge: 0.325 Con: 0.125 Cls: 1.396 Anchor: 0.0202 | 1.0s
  Epoch 347/400 | Total: 1.863 Edge: 0.323 Con: 0.124 Cls: 1.396 Anchor: 0.0194 | 0.9s
  Epoch 348/400 | Total: 1.866 Edge: 0.320 Con: 0.125 Cls: 1.401 Anchor: 0.0200 | 0.9s
  Epoch 349/400 | Total: 1.867 Edge: 0.323 Con: 0.125 Cls: 1.399 Anchor: 0.0199 | 1.0s
  Epoch 350/400 | Total: 1.868 Edge: 0.323 Con: 0.124 Cls: 1.400 Anchor: 0.0207 | Val F1: 0.3457 | 1.1s
  Epoch 351/400 | Total: 1.871 Edge: 0.334 Con: 0.124 Cls: 1.393 Anchor: 0.0204 | 0.9s
  Epoch 352/400 | Total: 1.879 Edge: 0.327 Con: 0.124 Cls: 1.407 Anchor: 0.0204 | 0.8s
  Epoch 353/400 | Total: 1.885 Edge: 0.326 Con: 0.126 Cls: 1.413 Anchor: 0.0209 | 1.2s
  Epoch 354/400 | Total: 1.877 Edge: 0.326 Con: 0.125 Cls: 1.405 Anchor: 0.0206 | 1.6s
  Epoch 355/400 | Total: 1.875 Edge: 0.325 Con: 0.125 Cls: 1.404 Anchor: 0.0211 | Val F1: 0.3448 | 2.4s
  Epoch 356/400 | Total: 1.869 Edge: 0.325 Con: 0.124 Cls: 1.397 Anchor: 0.0217 | 1.6s
  Epoch 357/400 | Total: 1.878 Edge: 0.326 Con: 0.125 Cls: 1.405 Anchor: 0.0213 | 1.6s
  Epoch 358/400 | Total: 1.890 Edge: 0.324 Con: 0.124 Cls: 1.421 Anchor: 0.0206 | 1.6s
  Epoch 359/400 | Total: 1.873 Edge: 0.325 Con: 0.124 Cls: 1.402 Anchor: 0.0211 | 1.7s
  Epoch 360/400 | Total: 1.887 Edge: 0.323 Con: 0.124 Cls: 1.418 Anchor: 0.0213 | Val F1: 0.3360 | 2.3s
  Epoch 361/400 | Total: 1.897 Edge: 0.323 Con: 0.124 Cls: 1.429 Anchor: 0.0204 | 1.7s
  Epoch 362/400 | Total: 1.864 Edge: 0.320 Con: 0.124 Cls: 1.399 Anchor: 0.0204 | 1.7s
  Epoch 363/400 | Total: 1.855 Edge: 0.319 Con: 0.124 Cls: 1.391 Anchor: 0.0208 | 1.6s
  Epoch 364/400 | Total: 1.859 Edge: 0.319 Con: 0.124 Cls: 1.396 Anchor: 0.0206 | 1.6s
  Epoch 365/400 | Total: 1.844 Edge: 0.319 Con: 0.124 Cls: 1.381 Anchor: 0.0194 | Val F1: 0.3460 | 2.4s
  Epoch 366/400 | Total: 1.873 Edge: 0.319 Con: 0.124 Cls: 1.410 Anchor: 0.0194 | 1.7s
  Epoch 367/400 | Total: 1.863 Edge: 0.318 Con: 0.125 Cls: 1.400 Anchor: 0.0200 | 1.7s
  Epoch 368/400 | Total: 1.863 Edge: 0.318 Con: 0.124 Cls: 1.402 Anchor: 0.0192 | 1.7s
  Epoch 369/400 | Total: 1.864 Edge: 0.320 Con: 0.124 Cls: 1.401 Anchor: 0.0191 | 1.7s
  Epoch 370/400 | Total: 1.866 Edge: 0.321 Con: 0.125 Cls: 1.400 Anchor: 0.0209 | Val F1: 0.3404 | 2.3s
  Epoch 371/400 | Total: 1.873 Edge: 0.330 Con: 0.124 Cls: 1.398 Anchor: 0.0208 | 1.7s
  Epoch 372/400 | Total: 1.855 Edge: 0.324 Con: 0.125 Cls: 1.386 Anchor: 0.0202 | 1.6s
  Epoch 373/400 | Total: 1.893 Edge: 0.324 Con: 0.124 Cls: 1.424 Anchor: 0.0208 | 1.6s
  Epoch 374/400 | Total: 1.878 Edge: 0.320 Con: 0.125 Cls: 1.411 Anchor: 0.0215 | 1.7s
  Epoch 375/400 | Total: 1.861 Edge: 0.321 Con: 0.124 Cls: 1.396 Anchor: 0.0206 | Val F1: 0.3505 | 2.4s
  Epoch 376/400 | Total: 1.849 Edge: 0.325 Con: 0.124 Cls: 1.378 Anchor: 0.0211 | 1.2s
  Epoch 377/400 | Total: 1.864 Edge: 0.321 Con: 0.123 Cls: 1.398 Anchor: 0.0210 | 1.2s
  Epoch 378/400 | Total: 1.847 Edge: 0.319 Con: 0.125 Cls: 1.382 Anchor: 0.0207 | 1.1s
  Epoch 379/400 | Total: 1.852 Edge: 0.318 Con: 0.124 Cls: 1.390 Anchor: 0.0199 | 1.3s
  Epoch 380/400 | Total: 1.873 Edge: 0.322 Con: 0.125 Cls: 1.406 Anchor: 0.0204 | Val F1: 0.3534 | 1.5s
  Epoch 381/400 | Total: 1.861 Edge: 0.321 Con: 0.124 Cls: 1.395 Anchor: 0.0200 | 1.3s
  Epoch 382/400 | Total: 1.850 Edge: 0.320 Con: 0.124 Cls: 1.385 Anchor: 0.0204 | 1.2s
  Epoch 383/400 | Total: 1.859 Edge: 0.318 Con: 0.124 Cls: 1.397 Anchor: 0.0207 | 0.9s
  Epoch 384/400 | Total: 1.853 Edge: 0.320 Con: 0.124 Cls: 1.388 Anchor: 0.0205 | 1.1s
  Epoch 385/400 | Total: 1.862 Edge: 0.323 Con: 0.125 Cls: 1.392 Anchor: 0.0213 | Val F1: 0.3603 | 1.2s
  Epoch 386/400 | Total: 1.860 Edge: 0.326 Con: 0.124 Cls: 1.388 Anchor: 0.0210 | 1.1s
  Epoch 387/400 | Total: 1.859 Edge: 0.327 Con: 0.125 Cls: 1.386 Anchor: 0.0209 | 1.3s
  Epoch 388/400 | Total: 1.860 Edge: 0.322 Con: 0.124 Cls: 1.392 Anchor: 0.0215 | 1.4s
  Epoch 389/400 | Total: 1.860 Edge: 0.323 Con: 0.124 Cls: 1.391 Anchor: 0.0213 | 1.6s
  Epoch 390/400 | Total: 1.844 Edge: 0.323 Con: 0.124 Cls: 1.377 Anchor: 0.0210 | Val F1: 0.3569 | 1.6s
  Epoch 391/400 | Total: 1.854 Edge: 0.324 Con: 0.125 Cls: 1.385 Anchor: 0.0205 | 1.2s
  Epoch 392/400 | Total: 1.870 Edge: 0.322 Con: 0.124 Cls: 1.403 Anchor: 0.0203 | 1.4s
  Epoch 393/400 | Total: 1.872 Edge: 0.322 Con: 0.124 Cls: 1.405 Anchor: 0.0202 | 1.1s
  Epoch 394/400 | Total: 1.865 Edge: 0.322 Con: 0.125 Cls: 1.397 Anchor: 0.0205 | 1.2s
  Epoch 395/400 | Total: 1.869 Edge: 0.326 Con: 0.124 Cls: 1.398 Anchor: 0.0207 | Val F1: 0.3423 | 1.9s
  Epoch 396/400 | Total: 1.869 Edge: 0.325 Con: 0.124 Cls: 1.399 Anchor: 0.0212 | 1.6s
  Epoch 397/400 | Total: 1.860 Edge: 0.321 Con: 0.124 Cls: 1.395 Anchor: 0.0201 | 1.2s
  Epoch 398/400 | Total: 1.845 Edge: 0.318 Con: 0.124 Cls: 1.382 Anchor: 0.0204 | 0.8s
  Epoch 399/400 | Total: 1.872 Edge: 0.318 Con: 0.124 Cls: 1.411 Anchor: 0.0203 | 1.4s
  Epoch 400/400 | Total: 1.857 Edge: 0.319 Con: 0.124 Cls: 1.394 Anchor: 0.0202 | Val F1: 0.3467 | 1.5s
  Best Val F1: 0.3603 | Test F1: 0.3572
  Total training time: 422.8s (7.0 min)

======================================================================
  Val  Macro-F1: 0.3603
  Test Macro-F1: 0.3572
  Test Accuracy: 0.6251
  Time: 424.4s
======================================================================

  Results saved to: results/NESS_ogbn-arxiv_MCAR_0.6_20260722_062758
