/home/erfan/MATE/venv/lib/python3.13/site-packages/outdated/__init__.py:36: UserWarning: pkg_resources is deprecated as an API. See https://setuptools.pypa.io/en/latest/pkg_resources.html. The pkg_resources package is slated for removal as early as 2025-11-30. Refrain from using this package or pin to Setuptools<81.
  from pkg_resources import parse_version
/home/erfan/MATE/ogbn_benchmarks/data_loader.py:96: UserWarning: Sparse invariant checks are implicitly disabled. Memory errors (e.g. SEGFAULT) will occur when operating on a sparse tensor which violates the invariants, but checks incur performance overhead. To silence this warning, explicitly opt in or out. See `torch.sparse.check_sparse_tensor_invariants.__doc__` for guidance.  (Triggered internally at /pytorch/aten/src/ATen/Context.cpp:760.)
  adj = torch.sparse_coo_tensor(edge_index, vals, (num_nodes, num_nodes)).coalesce()
======================================================================
  NESS | ogbn-arxiv | MCAR @ 60% | lr=0.001
======================================================================
[1/3] Loading ogbn-arxiv...
  169,343 nodes | 128 dims | 40 classes
[2/3] Simulating MCAR missingness...
Simulating MCAR missingness at 60% rate...
  MCAR: Uniform random selection
  Observable: 67,738 (40.0%)
  Masked: 101,605 (60.0%)
  Observable: 67,738 | Val: 50,802 | Test: 50,803
[3/3] Running NESS...
  Prefilling missing nodes via Feature Propagation (40 iters)...
  Computing neighbor label-histogram target (2-hop, observable labels)...
  Partitioning graph into 20 clusters (cache_device=gpu)...
  Cached 20 clusters
  Training NESS for up to 800 epochs (patience=20)...
  Epoch 1/800 | Total: 14.967 Edge: 0.692 Con: 0.642 Cls: 3.522 Hist: 2.6890 Path: 0.6987 | 13.9s
  Epoch 2/800 | Total: 13.251 Edge: 0.669 Con: 0.547 Cls: 3.108 Hist: 2.2958 Path: 0.6875 | 3.8s
  Epoch 3/800 | Total: 12.646 Edge: 0.638 Con: 0.455 Cls: 2.983 Hist: 2.1508 Path: 0.6815 | 3.7s
  Epoch 4/800 | Total: 12.171 Edge: 0.658 Con: 0.371 Cls: 2.871 Hist: 2.0276 Path: 0.6868 | 3.6s
  Epoch 5/800 | Total: 11.312 Edge: 0.645 Con: 0.325 Cls: 2.660 Hist: 1.8324 Path: 0.6923 | Val F1: 0.0230 | 3.7s
  Epoch 6/800 | Total: 11.364 Edge: 0.644 Con: 0.307 Cls: 2.682 Hist: 1.8525 Path: 0.6696 | 3.7s
  Epoch 7/800 | Total: 10.696 Edge: 0.618 Con: 0.296 Cls: 2.533 Hist: 1.6805 Path: 0.6517 | 3.6s
  Epoch 8/800 | Total: 10.039 Edge: 0.599 Con: 0.287 Cls: 2.373 Hist: 1.5351 Path: 0.6429 | 3.7s
  Epoch 9/800 | Total: 9.575 Edge: 0.582 Con: 0.273 Cls: 2.261 Hist: 1.4490 Path: 0.6248 | 3.7s
  Epoch 10/800 | Total: 9.340 Edge: 0.574 Con: 0.265 Cls: 2.209 Hist: 1.3937 Path: 0.6135 | Val F1: 0.1188 | 3.6s
  Epoch 11/800 | Total: 8.895 Edge: 0.563 Con: 0.252 Cls: 2.089 Hist: 1.3088 Path: 0.6304 | 3.8s
  Epoch 12/800 | Total: 8.766 Edge: 0.548 Con: 0.247 Cls: 2.065 Hist: 1.2921 Path: 0.6079 | 3.6s
  Epoch 13/800 | Total: 9.576 Edge: 0.544 Con: 0.246 Cls: 2.272 Hist: 1.4806 Path: 0.6128 | 3.5s
  Epoch 14/800 | Total: 8.717 Edge: 0.521 Con: 0.240 Cls: 2.060 Hist: 1.3039 Path: 0.5914 | 3.8s
  Epoch 15/800 | Total: 8.816 Edge: 0.517 Con: 0.234 Cls: 2.084 Hist: 1.3340 Path: 0.5959 | Val F1: 0.1305 | 3.7s
  Epoch 16/800 | Total: 8.317 Edge: 0.506 Con: 0.232 Cls: 1.963 Hist: 1.2287 Path: 0.5774 | 3.6s
  Epoch 17/800 | Total: 8.111 Edge: 0.499 Con: 0.227 Cls: 1.911 Hist: 1.1995 Path: 0.5658 | 3.7s
  Epoch 18/800 | Total: 7.996 Edge: 0.500 Con: 0.223 Cls: 1.878 Hist: 1.1782 Path: 0.5735 | 3.8s
  Epoch 19/800 | Total: 7.840 Edge: 0.486 Con: 0.224 Cls: 1.841 Hist: 1.1590 Path: 0.5603 | 3.7s
  Epoch 20/800 | Total: 7.831 Edge: 0.486 Con: 0.217 Cls: 1.841 Hist: 1.1499 Path: 0.5628 | Val F1: 0.1630 | 3.4s
  Epoch 21/800 | Total: 7.680 Edge: 0.499 Con: 0.223 Cls: 1.793 Hist: 1.1216 Path: 0.5702 | 3.5s
  Epoch 22/800 | Total: 7.593 Edge: 0.496 Con: 0.216 Cls: 1.776 Hist: 1.1104 Path: 0.5518 | 3.6s
  Epoch 23/800 | Total: 7.458 Edge: 0.475 Con: 0.214 Cls: 1.749 Hist: 1.0858 Path: 0.5440 | 3.5s
  Epoch 24/800 | Total: 7.466 Edge: 0.466 Con: 0.216 Cls: 1.759 Hist: 1.0827 Path: 0.5326 | 3.6s
  Epoch 25/800 | Total: 7.446 Edge: 0.478 Con: 0.217 Cls: 1.740 Hist: 1.0861 Path: 0.5516 | Val F1: 0.2049 | 3.5s
  Epoch 26/800 | Total: 7.328 Edge: 0.513 Con: 0.219 Cls: 1.700 Hist: 1.0480 Path: 0.5579 | 3.6s
  Epoch 27/800 | Total: 7.303 Edge: 0.498 Con: 0.215 Cls: 1.692 Hist: 1.0403 Path: 0.5798 | 3.5s
  Epoch 28/800 | Total: 7.320 Edge: 0.476 Con: 0.210 Cls: 1.712 Hist: 1.0562 Path: 0.5460 | 3.5s
  Epoch 29/800 | Total: 7.361 Edge: 0.470 Con: 0.208 Cls: 1.731 Hist: 1.0607 Path: 0.5330 | 3.4s
  Epoch 30/800 | Total: 7.335 Edge: 0.467 Con: 0.209 Cls: 1.723 Hist: 1.0642 Path: 0.5299 | Val F1: 0.2140 | 3.6s
  Epoch 31/800 | Total: 7.273 Edge: 0.458 Con: 0.207 Cls: 1.711 Hist: 1.0601 Path: 0.5189 | 3.5s
  Epoch 32/800 | Total: 7.167 Edge: 0.462 Con: 0.212 Cls: 1.682 Hist: 1.0328 Path: 0.5214 | 3.6s
  Epoch 33/800 | Total: 6.973 Edge: 0.453 Con: 0.208 Cls: 1.632 Hist: 0.9993 Path: 0.5199 | 3.4s
  Epoch 34/800 | Total: 7.064 Edge: 0.450 Con: 0.208 Cls: 1.659 Hist: 1.0155 Path: 0.5177 | 3.5s
  Epoch 35/800 | Total: 7.012 Edge: 0.447 Con: 0.207 Cls: 1.649 Hist: 1.0083 Path: 0.5053 | Val F1: 0.2308 | 3.4s
  Epoch 36/800 | Total: 7.014 Edge: 0.469 Con: 0.207 Cls: 1.629 Hist: 0.9955 Path: 0.5597 | 3.5s
  Epoch 37/800 | Total: 7.008 Edge: 0.457 Con: 0.206 Cls: 1.637 Hist: 0.9934 Path: 0.5436 | 3.5s
  Epoch 38/800 | Total: 6.916 Edge: 0.457 Con: 0.207 Cls: 1.616 Hist: 0.9792 Path: 0.5287 | 3.4s
  Epoch 39/800 | Total: 6.941 Edge: 0.444 Con: 0.203 Cls: 1.632 Hist: 0.9943 Path: 0.5052 | 3.5s
  Epoch 40/800 | Total: 6.923 Edge: 0.443 Con: 0.203 Cls: 1.631 Hist: 0.9808 Path: 0.5054 | Val F1: 0.2485 | 3.5s
  Epoch 41/800 | Total: 6.788 Edge: 0.435 Con: 0.201 Cls: 1.601 Hist: 0.9550 Path: 0.4961 | 3.5s
  Epoch 42/800 | Total: 6.906 Edge: 0.438 Con: 0.204 Cls: 1.628 Hist: 0.9868 Path: 0.4958 | 3.5s
  Epoch 43/800 | Total: 6.692 Edge: 0.435 Con: 0.201 Cls: 1.573 Hist: 0.9356 Path: 0.5021 | 3.6s
  Epoch 44/800 | Total: 6.564 Edge: 0.426 Con: 0.201 Cls: 1.543 Hist: 0.9160 Path: 0.4912 | 3.4s
  Epoch 45/800 | Total: 6.544 Edge: 0.416 Con: 0.200 Cls: 1.541 Hist: 0.9226 Path: 0.4828 | Val F1: 0.2677 | 3.5s
  Epoch 46/800 | Total: 6.489 Edge: 0.421 Con: 0.199 Cls: 1.526 Hist: 0.9127 Path: 0.4771 | 3.5s
  Epoch 47/800 | Total: 6.550 Edge: 0.422 Con: 0.199 Cls: 1.541 Hist: 0.9296 Path: 0.4764 | 3.5s
  Epoch 48/800 | Total: 6.467 Edge: 0.425 Con: 0.200 Cls: 1.516 Hist: 0.9030 Path: 0.4910 | 3.5s
  Epoch 49/800 | Total: 6.472 Edge: 0.424 Con: 0.198 Cls: 1.519 Hist: 0.9056 Path: 0.4870 | 3.5s
  Epoch 50/800 | Total: 6.392 Edge: 0.420 Con: 0.199 Cls: 1.499 Hist: 0.8927 Path: 0.4816 | Val F1: 0.2816 | 3.6s
  Epoch 51/800 | Total: 6.419 Edge: 0.420 Con: 0.198 Cls: 1.508 Hist: 0.8986 Path: 0.4775 | 3.5s
  Epoch 52/800 | Total: 6.443 Edge: 0.432 Con: 0.199 Cls: 1.505 Hist: 0.8988 Path: 0.4972 | 3.5s
  Epoch 53/800 | Total: 6.445 Edge: 0.424 Con: 0.196 Cls: 1.506 Hist: 0.8972 Path: 0.5074 | 3.5s
  Epoch 54/800 | Total: 6.352 Edge: 0.428 Con: 0.196 Cls: 1.485 Hist: 0.8784 Path: 0.4917 | 3.5s
  Epoch 55/800 | Total: 6.294 Edge: 0.417 Con: 0.196 Cls: 1.475 Hist: 0.8750 Path: 0.4792 | Val F1: 0.2993 | 3.6s
  Epoch 56/800 | Total: 6.236 Edge: 0.421 Con: 0.198 Cls: 1.457 Hist: 0.8636 Path: 0.4801 | 3.6s
  Epoch 57/800 | Total: 6.209 Edge: 0.423 Con: 0.197 Cls: 1.453 Hist: 0.8578 Path: 0.4713 | 3.6s
  Epoch 58/800 | Total: 6.159 Edge: 0.416 Con: 0.196 Cls: 1.439 Hist: 0.8491 Path: 0.4795 | 3.5s
  Epoch 59/800 | Total: 6.116 Edge: 0.409 Con: 0.194 Cls: 1.432 Hist: 0.8455 Path: 0.4676 | 3.6s
  Epoch 60/800 | Total: 6.042 Edge: 0.406 Con: 0.194 Cls: 1.415 Hist: 0.8312 Path: 0.4625 | Val F1: 0.3112 | 3.5s
  Epoch 61/800 | Total: 6.179 Edge: 0.416 Con: 0.197 Cls: 1.446 Hist: 0.8558 Path: 0.4702 | 3.4s
  Epoch 62/800 | Total: 6.222 Edge: 0.420 Con: 0.194 Cls: 1.454 Hist: 0.8659 Path: 0.4762 | 3.4s
  Epoch 63/800 | Total: 6.181 Edge: 0.421 Con: 0.198 Cls: 1.445 Hist: 0.8510 Path: 0.4738 | 3.6s
  Epoch 64/800 | Total: 6.126 Edge: 0.405 Con: 0.196 Cls: 1.437 Hist: 0.8516 Path: 0.4610 | 3.5s
  Epoch 65/800 | Total: 6.044 Edge: 0.409 Con: 0.193 Cls: 1.418 Hist: 0.8328 Path: 0.4530 | Val F1: 0.3126 | 3.5s
  Epoch 66/800 | Total: 6.048 Edge: 0.406 Con: 0.195 Cls: 1.419 Hist: 0.8333 Path: 0.4549 | 3.5s
  Epoch 67/800 | Total: 6.002 Edge: 0.398 Con: 0.193 Cls: 1.407 Hist: 0.8327 Path: 0.4547 | 3.5s
  Epoch 68/800 | Total: 6.084 Edge: 0.395 Con: 0.193 Cls: 1.430 Hist: 0.8473 Path: 0.4564 | 3.5s
  Epoch 69/800 | Total: 5.970 Edge: 0.388 Con: 0.191 Cls: 1.403 Hist: 0.8311 Path: 0.4452 | 3.5s
  Epoch 70/800 | Total: 5.945 Edge: 0.391 Con: 0.194 Cls: 1.394 Hist: 0.8213 Path: 0.4520 | Val F1: 0.3292 | 3.5s
  Epoch 71/800 | Total: 6.008 Edge: 0.393 Con: 0.193 Cls: 1.412 Hist: 0.8372 Path: 0.4455 | 3.6s
  Epoch 72/800 | Total: 5.951 Edge: 0.393 Con: 0.193 Cls: 1.398 Hist: 0.8245 Path: 0.4439 | 3.6s
  Epoch 73/800 | Total: 5.928 Edge: 0.396 Con: 0.192 Cls: 1.390 Hist: 0.8136 Path: 0.4514 | 3.5s
  Epoch 74/800 | Total: 5.981 Edge: 0.398 Con: 0.195 Cls: 1.400 Hist: 0.8253 Path: 0.4588 | 3.6s
  Epoch 75/800 | Total: 5.971 Edge: 0.397 Con: 0.190 Cls: 1.398 Hist: 0.8284 Path: 0.4558 | Val F1: 0.3447 | 3.5s
  Epoch 76/800 | Total: 5.901 Edge: 0.391 Con: 0.192 Cls: 1.384 Hist: 0.8154 Path: 0.4474 | 3.6s
  Epoch 77/800 | Total: 5.843 Edge: 0.391 Con: 0.192 Cls: 1.370 Hist: 0.8064 Path: 0.4405 | 3.6s
  Epoch 78/800 | Total: 5.806 Edge: 0.384 Con: 0.188 Cls: 1.364 Hist: 0.7981 Path: 0.4364 | 3.6s
  Epoch 79/800 | Total: 5.886 Edge: 0.380 Con: 0.193 Cls: 1.389 Hist: 0.8136 Path: 0.4308 | 3.5s
  Epoch 80/800 | Total: 5.950 Edge: 0.389 Con: 0.189 Cls: 1.398 Hist: 0.8187 Path: 0.4520 | Val F1: 0.3397 | 3.6s
  Epoch 81/800 | Total: 5.894 Edge: 0.388 Con: 0.190 Cls: 1.384 Hist: 0.8056 Path: 0.4548 | 3.6s
  Epoch 82/800 | Total: 5.945 Edge: 0.408 Con: 0.191 Cls: 1.384 Hist: 0.8176 Path: 0.4719 | 3.5s
  Epoch 83/800 | Total: 6.022 Edge: 0.412 Con: 0.192 Cls: 1.404 Hist: 0.8246 Path: 0.4783 | 3.6s
  Epoch 84/800 | Total: 6.037 Edge: 0.415 Con: 0.191 Cls: 1.409 Hist: 0.8267 Path: 0.4728 | 3.5s
  Epoch 85/800 | Total: 5.974 Edge: 0.399 Con: 0.189 Cls: 1.402 Hist: 0.8223 Path: 0.4532 | Val F1: 0.3374 | 3.5s
  Epoch 86/800 | Total: 5.992 Edge: 0.394 Con: 0.190 Cls: 1.408 Hist: 0.8325 Path: 0.4477 | 3.9s
  Epoch 87/800 | Total: 5.967 Edge: 0.393 Con: 0.191 Cls: 1.403 Hist: 0.8252 Path: 0.4441 | 4.0s
  Epoch 88/800 | Total: 5.898 Edge: 0.384 Con: 0.190 Cls: 1.388 Hist: 0.8192 Path: 0.4362 | 4.0s
  Epoch 89/800 | Total: 5.946 Edge: 0.383 Con: 0.192 Cls: 1.403 Hist: 0.8252 Path: 0.4336 | 4.1s
  Epoch 90/800 | Total: 5.822 Edge: 0.377 Con: 0.188 Cls: 1.372 Hist: 0.8068 Path: 0.4290 | Val F1: 0.3527 | 4.0s
  Epoch 91/800 | Total: 5.723 Edge: 0.374 Con: 0.189 Cls: 1.348 Hist: 0.7873 Path: 0.4225 | 4.0s
  Epoch 92/800 | Total: 5.736 Edge: 0.367 Con: 0.188 Cls: 1.354 Hist: 0.7940 Path: 0.4183 | 3.9s
  Epoch 93/800 | Total: 5.660 Edge: 0.373 Con: 0.190 Cls: 1.333 Hist: 0.7756 Path: 0.4188 | 4.0s
  Epoch 94/800 | Total: 5.684 Edge: 0.370 Con: 0.187 Cls: 1.339 Hist: 0.7818 Path: 0.4203 | 3.9s
  Epoch 95/800 | Total: 5.797 Edge: 0.373 Con: 0.189 Cls: 1.367 Hist: 0.7996 Path: 0.4293 | Val F1: 0.3560 | 3.9s
  Epoch 96/800 | Total: 5.706 Edge: 0.373 Con: 0.191 Cls: 1.342 Hist: 0.7850 Path: 0.4271 | 4.0s
  Epoch 97/800 | Total: 5.687 Edge: 0.372 Con: 0.188 Cls: 1.340 Hist: 0.7793 Path: 0.4216 | 4.0s
  Epoch 98/800 | Total: 5.728 Edge: 0.373 Con: 0.190 Cls: 1.350 Hist: 0.7898 Path: 0.4201 | 4.0s
  Epoch 99/800 | Total: 5.726 Edge: 0.376 Con: 0.188 Cls: 1.350 Hist: 0.7866 Path: 0.4196 | 4.0s
  Epoch 100/800 | Total: 5.665 Edge: 0.368 Con: 0.189 Cls: 1.335 Hist: 0.7802 Path: 0.4167 | Val F1: 0.3638 | 4.0s
  Epoch 101/800 | Total: 5.678 Edge: 0.371 Con: 0.188 Cls: 1.340 Hist: 0.7801 Path: 0.4130 | 4.0s
  Epoch 102/800 | Total: 5.660 Edge: 0.368 Con: 0.188 Cls: 1.330 Hist: 0.7734 Path: 0.4343 | 4.0s
  Epoch 103/800 | Total: 5.763 Edge: 0.376 Con: 0.189 Cls: 1.356 Hist: 0.7901 Path: 0.4344 | 4.0s
  Epoch 104/800 | Total: 5.913 Edge: 0.393 Con: 0.191 Cls: 1.385 Hist: 0.8252 Path: 0.4456 | 4.0s
  Epoch 105/800 | Total: 5.809 Edge: 0.384 Con: 0.189 Cls: 1.364 Hist: 0.8015 Path: 0.4370 | Val F1: 0.3522 | 4.0s
  Epoch 106/800 | Total: 5.825 Edge: 0.378 Con: 0.187 Cls: 1.373 Hist: 0.7993 Path: 0.4353 | 4.0s
  Epoch 107/800 | Total: 5.829 Edge: 0.373 Con: 0.192 Cls: 1.374 Hist: 0.8099 Path: 0.4263 | 4.0s
  Epoch 108/800 | Total: 5.702 Edge: 0.369 Con: 0.191 Cls: 1.344 Hist: 0.7863 Path: 0.4190 | 4.0s
  Epoch 109/800 | Total: 5.758 Edge: 0.374 Con: 0.189 Cls: 1.357 Hist: 0.8007 Path: 0.4170 | 4.0s
  Epoch 110/800 | Total: 5.659 Edge: 0.372 Con: 0.190 Cls: 1.330 Hist: 0.7833 Path: 0.4192 | Val F1: 0.3602 | 4.0s
  Epoch 111/800 | Total: 5.688 Edge: 0.366 Con: 0.189 Cls: 1.341 Hist: 0.7881 Path: 0.4162 | 4.1s
  Epoch 112/800 | Total: 5.620 Edge: 0.365 Con: 0.187 Cls: 1.326 Hist: 0.7687 Path: 0.4151 | 4.1s
  Epoch 113/800 | Total: 5.605 Edge: 0.358 Con: 0.187 Cls: 1.325 Hist: 0.7735 Path: 0.4060 | 4.0s
  Epoch 114/800 | Total: 5.561 Edge: 0.357 Con: 0.187 Cls: 1.315 Hist: 0.7630 Path: 0.4016 | 4.0s
  Epoch 115/800 | Total: 5.689 Edge: 0.360 Con: 0.190 Cls: 1.350 Hist: 0.7824 Path: 0.4033 | Val F1: 0.3753 | 3.9s
  Epoch 116/800 | Total: 5.691 Edge: 0.360 Con: 0.187 Cls: 1.350 Hist: 0.7811 Path: 0.4070 | 4.0s
  Epoch 117/800 | Total: 5.748 Edge: 0.369 Con: 0.189 Cls: 1.357 Hist: 0.7972 Path: 0.4162 | 4.0s
  Epoch 118/800 | Total: 5.712 Edge: 0.371 Con: 0.189 Cls: 1.350 Hist: 0.7871 Path: 0.4093 | 4.0s
  Epoch 119/800 | Total: 5.721 Edge: 0.385 Con: 0.189 Cls: 1.346 Hist: 0.7793 Path: 0.4238 | 4.0s
  Epoch 120/800 | Total: 5.684 Edge: 0.368 Con: 0.188 Cls: 1.342 Hist: 0.7819 Path: 0.4149 | Val F1: 0.3739 | 3.9s
  Epoch 121/800 | Total: 5.659 Edge: 0.362 Con: 0.190 Cls: 1.338 Hist: 0.7782 Path: 0.4096 | 4.0s
  Epoch 122/800 | Total: 5.555 Edge: 0.358 Con: 0.188 Cls: 1.312 Hist: 0.7602 Path: 0.4057 | 4.1s
  Epoch 123/800 | Total: 5.587 Edge: 0.365 Con: 0.187 Cls: 1.317 Hist: 0.7595 Path: 0.4175 | 3.9s
  Epoch 124/800 | Total: 5.615 Edge: 0.355 Con: 0.186 Cls: 1.328 Hist: 0.7743 Path: 0.4074 | 3.5s
  Epoch 125/800 | Total: 5.542 Edge: 0.354 Con: 0.188 Cls: 1.310 Hist: 0.7581 Path: 0.4059 | Val F1: 0.3854 | 3.7s
  Epoch 126/800 | Total: 5.550 Edge: 0.354 Con: 0.187 Cls: 1.315 Hist: 0.7582 Path: 0.3982 | 3.7s
  Epoch 127/800 | Total: 5.476 Edge: 0.353 Con: 0.188 Cls: 1.294 Hist: 0.7461 Path: 0.3998 | 3.7s
  Epoch 128/800 | Total: 5.510 Edge: 0.352 Con: 0.187 Cls: 1.303 Hist: 0.7530 Path: 0.4023 | 3.7s
  Epoch 129/800 | Total: 5.492 Edge: 0.348 Con: 0.186 Cls: 1.302 Hist: 0.7502 Path: 0.3956 | 3.6s
  Epoch 130/800 | Total: 5.638 Edge: 0.359 Con: 0.191 Cls: 1.333 Hist: 0.7698 Path: 0.4136 | Val F1: 0.3712 | 3.7s
  Epoch 131/800 | Total: 5.727 Edge: 0.367 Con: 0.189 Cls: 1.354 Hist: 0.7890 Path: 0.4152 | 3.7s
  Epoch 132/800 | Total: 5.738 Edge: 0.357 Con: 0.190 Cls: 1.364 Hist: 0.7869 Path: 0.4074 | 3.7s
  Epoch 133/800 | Total: 5.813 Edge: 0.365 Con: 0.190 Cls: 1.378 Hist: 0.8061 Path: 0.4122 | 3.6s
  Epoch 134/800 | Total: 5.699 Edge: 0.364 Con: 0.189 Cls: 1.347 Hist: 0.7874 Path: 0.4116 | 3.7s
  Epoch 135/800 | Total: 5.611 Edge: 0.361 Con: 0.187 Cls: 1.324 Hist: 0.7710 Path: 0.4140 | Val F1: 0.3694 | 3.7s
  Epoch 136/800 | Total: 5.492 Edge: 0.352 Con: 0.189 Cls: 1.299 Hist: 0.7513 Path: 0.3979 | 3.6s
  Epoch 137/800 | Total: 5.430 Edge: 0.352 Con: 0.188 Cls: 1.282 Hist: 0.7411 Path: 0.3965 | 3.7s
  Epoch 138/800 | Total: 5.408 Edge: 0.346 Con: 0.188 Cls: 1.281 Hist: 0.7351 Path: 0.3894 | 3.7s
  Epoch 139/800 | Total: 5.475 Edge: 0.350 Con: 0.190 Cls: 1.294 Hist: 0.7467 Path: 0.4006 | 3.7s
  Epoch 140/800 | Total: 5.450 Edge: 0.358 Con: 0.188 Cls: 1.281 Hist: 0.7387 Path: 0.4150 | Val F1: 0.3862 | 3.7s
  Epoch 141/800 | Total: 5.440 Edge: 0.352 Con: 0.186 Cls: 1.284 Hist: 0.7438 Path: 0.3994 | 3.7s
  Epoch 142/800 | Total: 5.441 Edge: 0.346 Con: 0.188 Cls: 1.289 Hist: 0.7407 Path: 0.3929 | 3.7s
  Epoch 143/800 | Total: 5.395 Edge: 0.345 Con: 0.187 Cls: 1.277 Hist: 0.7348 Path: 0.3915 | 3.7s
  Epoch 144/800 | Total: 5.534 Edge: 0.350 Con: 0.187 Cls: 1.313 Hist: 0.7604 Path: 0.3917 | 3.7s
  Epoch 145/800 | Total: 5.445 Edge: 0.347 Con: 0.188 Cls: 1.291 Hist: 0.7460 Path: 0.3843 | Val F1: 0.3901 | 3.7s
  Epoch 146/800 | Total: 5.429 Edge: 0.356 Con: 0.187 Cls: 1.284 Hist: 0.7349 Path: 0.3932 | 3.8s
  Epoch 147/800 | Total: 5.490 Edge: 0.355 Con: 0.189 Cls: 1.296 Hist: 0.7473 Path: 0.4057 | 3.6s
  Epoch 148/800 | Total: 5.561 Edge: 0.351 Con: 0.190 Cls: 1.316 Hist: 0.7605 Path: 0.4072 | 3.6s
  Epoch 149/800 | Total: 5.478 Edge: 0.348 Con: 0.190 Cls: 1.299 Hist: 0.7417 Path: 0.3979 | 3.8s
  Epoch 150/800 | Total: 5.455 Edge: 0.346 Con: 0.187 Cls: 1.294 Hist: 0.7465 Path: 0.3880 | Val F1: 0.3896 | 3.7s
  Epoch 151/800 | Total: 5.394 Edge: 0.345 Con: 0.189 Cls: 1.275 Hist: 0.7324 Path: 0.3956 | 3.7s
  Epoch 152/800 | Total: 5.386 Edge: 0.345 Con: 0.188 Cls: 1.276 Hist: 0.7321 Path: 0.3881 | 3.6s
  Epoch 153/800 | Total: 5.456 Edge: 0.351 Con: 0.189 Cls: 1.294 Hist: 0.7423 Path: 0.3861 | 3.7s
  Epoch 154/800 | Total: 5.476 Edge: 0.350 Con: 0.188 Cls: 1.298 Hist: 0.7521 Path: 0.3853 | 3.7s
  Epoch 155/800 | Total: 5.510 Edge: 0.350 Con: 0.190 Cls: 1.304 Hist: 0.7571 Path: 0.3954 | Val F1: 0.3463 | 3.7s
  Epoch 156/800 | Total: 5.628 Edge: 0.346 Con: 0.189 Cls: 1.336 Hist: 0.7826 Path: 0.3962 | 3.6s
  Epoch 157/800 | Total: 5.541 Edge: 0.346 Con: 0.186 Cls: 1.315 Hist: 0.7601 Path: 0.3961 | 3.6s
  Epoch 158/800 | Total: 5.420 Edge: 0.344 Con: 0.186 Cls: 1.283 Hist: 0.7395 Path: 0.3952 | 3.7s
  Epoch 159/800 | Total: 5.425 Edge: 0.339 Con: 0.188 Cls: 1.287 Hist: 0.7408 Path: 0.3890 | 3.7s
  Epoch 160/800 | Total: 5.396 Edge: 0.342 Con: 0.188 Cls: 1.280 Hist: 0.7289 Path: 0.3892 | Val F1: 0.3839 | 3.7s
  Epoch 161/800 | Total: 5.389 Edge: 0.338 Con: 0.187 Cls: 1.279 Hist: 0.7371 Path: 0.3833 | 3.6s
  Epoch 162/800 | Total: 5.351 Edge: 0.336 Con: 0.188 Cls: 1.272 Hist: 0.7259 Path: 0.3797 | 3.8s
  Epoch 163/800 | Total: 5.308 Edge: 0.336 Con: 0.188 Cls: 1.259 Hist: 0.7192 Path: 0.3821 | 3.7s
  Epoch 164/800 | Total: 5.330 Edge: 0.339 Con: 0.189 Cls: 1.265 Hist: 0.7211 Path: 0.3810 | 3.6s
  Epoch 165/800 | Total: 5.347 Edge: 0.343 Con: 0.189 Cls: 1.267 Hist: 0.7273 Path: 0.3804 | Val F1: 0.3817 | 3.7s
  Epoch 166/800 | Total: 5.381 Edge: 0.335 Con: 0.187 Cls: 1.280 Hist: 0.7356 Path: 0.3764 | 3.6s
  Epoch 167/800 | Total: 5.427 Edge: 0.343 Con: 0.188 Cls: 1.289 Hist: 0.7386 Path: 0.3847 | 3.6s
  Epoch 168/800 | Total: 5.452 Edge: 0.343 Con: 0.189 Cls: 1.295 Hist: 0.7476 Path: 0.3830 | 3.7s
  Epoch 169/800 | Total: 5.363 Edge: 0.334 Con: 0.189 Cls: 1.275 Hist: 0.7326 Path: 0.3776 | 3.6s
  Epoch 170/800 | Total: 5.363 Edge: 0.341 Con: 0.190 Cls: 1.274 Hist: 0.7265 Path: 0.3798 | Val F1: 0.3916 | 3.8s
  Epoch 171/800 | Total: 5.340 Edge: 0.343 Con: 0.189 Cls: 1.266 Hist: 0.7271 Path: 0.3768 | 3.8s
  Epoch 172/800 | Total: 5.317 Edge: 0.334 Con: 0.186 Cls: 1.263 Hist: 0.7231 Path: 0.3777 | 3.7s
  Epoch 173/800 | Total: 5.365 Edge: 0.336 Con: 0.187 Cls: 1.275 Hist: 0.7326 Path: 0.3771 | 3.8s
  Epoch 174/800 | Total: 5.325 Edge: 0.343 Con: 0.189 Cls: 1.259 Hist: 0.7207 Path: 0.3898 | 3.7s
  Epoch 175/800 | Total: 5.330 Edge: 0.338 Con: 0.189 Cls: 1.262 Hist: 0.7249 Path: 0.3859 | Val F1: 0.3946 | 3.6s
  Epoch 176/800 | Total: 5.428 Edge: 0.344 Con: 0.190 Cls: 1.284 Hist: 0.7377 Path: 0.4001 | 3.7s
  Epoch 177/800 | Total: 5.479 Edge: 0.346 Con: 0.187 Cls: 1.302 Hist: 0.7449 Path: 0.3883 | 3.6s
  Epoch 178/800 | Total: 5.748 Edge: 0.357 Con: 0.191 Cls: 1.369 Hist: 0.7821 Path: 0.4053 | 3.7s
  Epoch 179/800 | Total: 5.421 Edge: 0.347 Con: 0.189 Cls: 1.283 Hist: 0.7287 Path: 0.4017 | 3.6s
  Epoch 180/800 | Total: 5.330 Edge: 0.340 Con: 0.187 Cls: 1.262 Hist: 0.7242 Path: 0.3863 | Val F1: 0.4015 | 3.8s
  Epoch 181/800 | Total: 5.259 Edge: 0.332 Con: 0.188 Cls: 1.249 Hist: 0.7111 Path: 0.3737 | 4.0s
  Epoch 182/800 | Total: 5.292 Edge: 0.332 Con: 0.187 Cls: 1.259 Hist: 0.7200 Path: 0.3694 | 4.0s
  Epoch 183/800 | Total: 5.260 Edge: 0.332 Con: 0.189 Cls: 1.250 Hist: 0.7144 Path: 0.3704 | 4.0s
  Epoch 184/800 | Total: 5.210 Edge: 0.334 Con: 0.188 Cls: 1.238 Hist: 0.7031 Path: 0.3667 | 4.1s
  Epoch 185/800 | Total: 5.273 Edge: 0.341 Con: 0.189 Cls: 1.247 Hist: 0.7132 Path: 0.3826 | Val F1: 0.3990 | 3.9s
  Epoch 186/800 | Total: 5.294 Edge: 0.339 Con: 0.189 Cls: 1.255 Hist: 0.7152 Path: 0.3814 | 4.0s
  Epoch 187/800 | Total: 5.280 Edge: 0.334 Con: 0.189 Cls: 1.253 Hist: 0.7206 Path: 0.3723 | 4.0s
  Epoch 188/800 | Total: 5.222 Edge: 0.331 Con: 0.189 Cls: 1.240 Hist: 0.7057 Path: 0.3712 | 4.1s
  Epoch 189/800 | Total: 5.209 Edge: 0.329 Con: 0.188 Cls: 1.238 Hist: 0.7032 Path: 0.3696 | 3.8s
  Epoch 190/800 | Total: 5.289 Edge: 0.330 Con: 0.189 Cls: 1.257 Hist: 0.7222 Path: 0.3706 | Val F1: 0.3931 | 3.4s
  Epoch 191/800 | Total: 5.333 Edge: 0.338 Con: 0.189 Cls: 1.266 Hist: 0.7254 Path: 0.3781 | 3.6s
  Epoch 192/800 | Total: 5.230 Edge: 0.330 Con: 0.189 Cls: 1.243 Hist: 0.7086 Path: 0.3689 | 3.5s
  Epoch 193/800 | Total: 5.242 Edge: 0.333 Con: 0.190 Cls: 1.243 Hist: 0.7111 Path: 0.3738 | 3.6s
  Epoch 194/800 | Total: 5.246 Edge: 0.329 Con: 0.189 Cls: 1.247 Hist: 0.7125 Path: 0.3685 | 3.5s
  Epoch 195/800 | Total: 5.318 Edge: 0.332 Con: 0.191 Cls: 1.263 Hist: 0.7173 Path: 0.3823 | Val F1: 0.3908 | 3.6s
  Epoch 196/800 | Total: 5.312 Edge: 0.331 Con: 0.188 Cls: 1.264 Hist: 0.7230 Path: 0.3725 | 3.5s
  Epoch 197/800 | Total: 5.214 Edge: 0.332 Con: 0.189 Cls: 1.237 Hist: 0.7029 Path: 0.3726 | 3.5s
  Epoch 198/800 | Total: 5.227 Edge: 0.328 Con: 0.190 Cls: 1.242 Hist: 0.7111 Path: 0.3664 | 3.5s
  Epoch 199/800 | Total: 5.279 Edge: 0.334 Con: 0.192 Cls: 1.253 Hist: 0.7137 Path: 0.3764 | 3.5s
  Epoch 200/800 | Total: 5.494 Edge: 0.339 Con: 0.190 Cls: 1.304 Hist: 0.7552 Path: 0.3932 | Val F1: 0.3807 | 3.5s
  Epoch 201/800 | Total: 5.462 Edge: 0.342 Con: 0.191 Cls: 1.296 Hist: 0.7471 Path: 0.3904 | 3.5s
  Epoch 202/800 | Total: 5.499 Edge: 0.348 Con: 0.192 Cls: 1.299 Hist: 0.7527 Path: 0.4055 | 3.5s
  Epoch 203/800 | Total: 5.410 Edge: 0.357 Con: 0.190 Cls: 1.272 Hist: 0.7292 Path: 0.4138 | 3.6s
  Epoch 204/800 | Total: 5.426 Edge: 0.358 Con: 0.191 Cls: 1.276 Hist: 0.7366 Path: 0.4070 | 3.5s
  Epoch 205/800 | Total: 5.447 Edge: 0.347 Con: 0.187 Cls: 1.291 Hist: 0.7386 Path: 0.3961 | Val F1: 0.3998 | 3.6s
  Epoch 206/800 | Total: 5.375 Edge: 0.339 Con: 0.188 Cls: 1.276 Hist: 0.7284 Path: 0.3853 | 3.5s
  Epoch 207/800 | Total: 5.355 Edge: 0.336 Con: 0.189 Cls: 1.272 Hist: 0.7321 Path: 0.3769 | 3.5s
  Epoch 208/800 | Total: 5.247 Edge: 0.334 Con: 0.189 Cls: 1.247 Hist: 0.7095 Path: 0.3694 | 3.5s
  Epoch 209/800 | Total: 5.240 Edge: 0.328 Con: 0.187 Cls: 1.245 Hist: 0.7117 Path: 0.3705 | 3.6s
  Epoch 210/800 | Total: 5.289 Edge: 0.336 Con: 0.188 Cls: 1.254 Hist: 0.7160 Path: 0.3808 | Val F1: 0.4056 | 3.6s
  Epoch 211/800 | Total: 5.236 Edge: 0.330 Con: 0.189 Cls: 1.242 Hist: 0.7131 Path: 0.3730 | 3.6s
  Epoch 212/800 | Total: 5.180 Edge: 0.328 Con: 0.190 Cls: 1.228 Hist: 0.7013 Path: 0.3721 | 3.5s
  Epoch 213/800 | Total: 5.184 Edge: 0.329 Con: 0.189 Cls: 1.232 Hist: 0.6999 Path: 0.3661 | 3.6s
  Epoch 214/800 | Total: 5.224 Edge: 0.325 Con: 0.189 Cls: 1.246 Hist: 0.7063 Path: 0.3612 | 3.7s
  Epoch 215/800 | Total: 5.359 Edge: 0.334 Con: 0.189 Cls: 1.276 Hist: 0.7328 Path: 0.3706 | Val F1: 0.3955 | 3.5s
  Epoch 216/800 | Total: 5.221 Edge: 0.333 Con: 0.191 Cls: 1.238 Hist: 0.7064 Path: 0.3721 | 3.6s
  Epoch 217/800 | Total: 5.207 Edge: 0.326 Con: 0.189 Cls: 1.238 Hist: 0.7050 Path: 0.3686 | 3.5s
  Epoch 218/800 | Total: 5.216 Edge: 0.326 Con: 0.190 Cls: 1.240 Hist: 0.7061 Path: 0.3682 | 3.5s
  Epoch 219/800 | Total: 5.272 Edge: 0.332 Con: 0.188 Cls: 1.253 Hist: 0.7190 Path: 0.3679 | 3.5s
  Epoch 220/800 | Total: 5.273 Edge: 0.330 Con: 0.189 Cls: 1.256 Hist: 0.7119 Path: 0.3678 | Val F1: 0.4094 | 3.5s
  Epoch 221/800 | Total: 5.128 Edge: 0.326 Con: 0.190 Cls: 1.218 Hist: 0.6921 Path: 0.3596 | 3.6s
  Epoch 222/800 | Total: 5.153 Edge: 0.328 Con: 0.189 Cls: 1.223 Hist: 0.6967 Path: 0.3641 | 3.6s
  Epoch 223/800 | Total: 5.166 Edge: 0.323 Con: 0.187 Cls: 1.228 Hist: 0.7028 Path: 0.3630 | 3.5s
  Epoch 224/800 | Total: 5.154 Edge: 0.318 Con: 0.190 Cls: 1.227 Hist: 0.6994 Path: 0.3598 | 3.5s
  Epoch 225/800 | Total: 5.178 Edge: 0.319 Con: 0.188 Cls: 1.234 Hist: 0.7003 Path: 0.3645 | Val F1: 0.4121 | 3.6s
  Epoch 226/800 | Total: 5.142 Edge: 0.319 Con: 0.190 Cls: 1.225 Hist: 0.6962 Path: 0.3579 | 3.5s
  Epoch 227/800 | Total: 5.092 Edge: 0.321 Con: 0.187 Cls: 1.210 Hist: 0.6867 Path: 0.3619 | 3.5s
  Epoch 228/800 | Total: 5.116 Edge: 0.324 Con: 0.187 Cls: 1.213 Hist: 0.6930 Path: 0.3654 | 3.4s
  Epoch 229/800 | Total: 5.133 Edge: 0.328 Con: 0.191 Cls: 1.217 Hist: 0.6926 Path: 0.3648 | 3.4s
  Epoch 230/800 | Total: 5.152 Edge: 0.330 Con: 0.190 Cls: 1.222 Hist: 0.6928 Path: 0.3684 | Val F1: 0.4132 | 3.5s
  Epoch 231/800 | Total: 5.158 Edge: 0.324 Con: 0.189 Cls: 1.224 Hist: 0.6971 Path: 0.3709 | 3.6s
  Epoch 232/800 | Total: 5.157 Edge: 0.324 Con: 0.188 Cls: 1.226 Hist: 0.6952 Path: 0.3640 | 3.4s
  Epoch 233/800 | Total: 5.213 Edge: 0.325 Con: 0.189 Cls: 1.242 Hist: 0.7072 Path: 0.3596 | 3.5s
  Epoch 234/800 | Total: 5.341 Edge: 0.333 Con: 0.189 Cls: 1.273 Hist: 0.7238 Path: 0.3699 | 3.5s
  Epoch 235/800 | Total: 5.427 Edge: 0.341 Con: 0.193 Cls: 1.291 Hist: 0.7421 Path: 0.3755 | Val F1: 0.4073 | 3.5s
  Epoch 236/800 | Total: 5.309 Edge: 0.337 Con: 0.192 Cls: 1.258 Hist: 0.7250 Path: 0.3764 | 3.5s
  Epoch 237/800 | Total: 5.216 Edge: 0.326 Con: 0.189 Cls: 1.240 Hist: 0.7058 Path: 0.3678 | 3.5s
  Epoch 238/800 | Total: 5.176 Edge: 0.323 Con: 0.191 Cls: 1.230 Hist: 0.7052 Path: 0.3618 | 3.5s
  Epoch 239/800 | Total: 5.217 Edge: 0.322 Con: 0.189 Cls: 1.242 Hist: 0.7125 Path: 0.3632 | 3.5s
  Epoch 240/800 | Total: 5.183 Edge: 0.322 Con: 0.190 Cls: 1.232 Hist: 0.7061 Path: 0.3630 | Val F1: 0.4180 | 3.6s
  Epoch 241/800 | Total: 5.184 Edge: 0.323 Con: 0.191 Cls: 1.232 Hist: 0.7051 Path: 0.3651 | 3.5s
  Epoch 242/800 | Total: 5.118 Edge: 0.320 Con: 0.189 Cls: 1.217 Hist: 0.6911 Path: 0.3613 | 3.6s
  Epoch 243/800 | Total: 5.077 Edge: 0.317 Con: 0.190 Cls: 1.208 Hist: 0.6817 Path: 0.3582 | 3.4s
  Epoch 244/800 | Total: 5.110 Edge: 0.324 Con: 0.190 Cls: 1.213 Hist: 0.6845 Path: 0.3684 | 3.5s
  Epoch 245/800 | Total: 5.223 Edge: 0.326 Con: 0.191 Cls: 1.242 Hist: 0.7022 Path: 0.3731 | Val F1: 0.3975 | 3.5s
  Epoch 246/800 | Total: 5.230 Edge: 0.326 Con: 0.191 Cls: 1.246 Hist: 0.7046 Path: 0.3659 | 3.5s
  Epoch 247/800 | Total: 5.121 Edge: 0.319 Con: 0.189 Cls: 1.219 Hist: 0.6926 Path: 0.3578 | 3.4s
  Epoch 248/800 | Total: 5.027 Edge: 0.315 Con: 0.189 Cls: 1.197 Hist: 0.6765 Path: 0.3512 | 3.4s
  Epoch 249/800 | Total: 5.060 Edge: 0.314 Con: 0.189 Cls: 1.206 Hist: 0.6842 Path: 0.3496 | 3.5s
  Epoch 250/800 | Total: 5.124 Edge: 0.316 Con: 0.189 Cls: 1.221 Hist: 0.6981 Path: 0.3507 | Val F1: 0.4204 | 3.5s
  Epoch 251/800 | Total: 5.143 Edge: 0.319 Con: 0.190 Cls: 1.224 Hist: 0.7014 Path: 0.3547 | 3.5s
  Epoch 252/800 | Total: 5.123 Edge: 0.321 Con: 0.192 Cls: 1.219 Hist: 0.6903 Path: 0.3600 | 3.5s
  Epoch 253/800 | Total: 5.164 Edge: 0.316 Con: 0.190 Cls: 1.231 Hist: 0.7034 Path: 0.3573 | 3.5s
  Epoch 254/800 | Total: 5.145 Edge: 0.317 Con: 0.192 Cls: 1.225 Hist: 0.6928 Path: 0.3638 | 3.4s
  Epoch 255/800 | Total: 5.188 Edge: 0.317 Con: 0.188 Cls: 1.236 Hist: 0.7090 Path: 0.3601 | Val F1: 0.4072 | 3.3s
  Epoch 256/800 | Total: 5.129 Edge: 0.317 Con: 0.191 Cls: 1.219 Hist: 0.6989 Path: 0.3601 | 4.0s
  Epoch 257/800 | Total: 5.110 Edge: 0.317 Con: 0.189 Cls: 1.217 Hist: 0.6876 Path: 0.3607 | 4.0s
  Epoch 258/800 | Total: 5.069 Edge: 0.312 Con: 0.190 Cls: 1.208 Hist: 0.6853 Path: 0.3533 | 4.0s
  Epoch 259/800 | Total: 5.036 Edge: 0.313 Con: 0.189 Cls: 1.200 Hist: 0.6781 Path: 0.3498 | 4.0s
  Epoch 260/800 | Total: 5.069 Edge: 0.316 Con: 0.190 Cls: 1.208 Hist: 0.6835 Path: 0.3509 | Val F1: 0.4149 | 3.9s
  Epoch 261/800 | Total: 5.076 Edge: 0.312 Con: 0.188 Cls: 1.212 Hist: 0.6876 Path: 0.3450 | 4.0s
  Epoch 262/800 | Total: 5.139 Edge: 0.318 Con: 0.190 Cls: 1.226 Hist: 0.6955 Path: 0.3528 | 4.0s
  Epoch 263/800 | Total: 5.152 Edge: 0.320 Con: 0.188 Cls: 1.229 Hist: 0.6997 Path: 0.3518 | 4.0s
  Epoch 264/800 | Total: 5.131 Edge: 0.316 Con: 0.191 Cls: 1.224 Hist: 0.6967 Path: 0.3513 | 4.0s
  Epoch 265/800 | Total: 5.066 Edge: 0.319 Con: 0.192 Cls: 1.207 Hist: 0.6797 Path: 0.3518 | Val F1: 0.4214 | 4.0s
  Epoch 266/800 | Total: 5.103 Edge: 0.319 Con: 0.190 Cls: 1.216 Hist: 0.6891 Path: 0.3524 | 3.9s
  Epoch 267/800 | Total: 5.066 Edge: 0.312 Con: 0.189 Cls: 1.208 Hist: 0.6856 Path: 0.3505 | 3.9s
  Epoch 268/800 | Total: 5.219 Edge: 0.316 Con: 0.191 Cls: 1.246 Hist: 0.7137 Path: 0.3583 | 4.0s
  Epoch 269/800 | Total: 5.157 Edge: 0.322 Con: 0.191 Cls: 1.222 Hist: 0.7008 Path: 0.3732 | 4.0s
  Epoch 270/800 | Total: 5.155 Edge: 0.329 Con: 0.190 Cls: 1.220 Hist: 0.6952 Path: 0.3768 | Val F1: 0.4159 | 3.9s
  Epoch 271/800 | Total: 5.098 Edge: 0.321 Con: 0.191 Cls: 1.211 Hist: 0.6818 Path: 0.3664 | 4.0s
  Epoch 272/800 | Total: 5.160 Edge: 0.320 Con: 0.190 Cls: 1.225 Hist: 0.6951 Path: 0.3737 | 4.0s
  Epoch 273/800 | Total: 5.196 Edge: 0.324 Con: 0.191 Cls: 1.235 Hist: 0.6970 Path: 0.3742 | 4.0s
  Epoch 274/800 | Total: 5.122 Edge: 0.321 Con: 0.191 Cls: 1.218 Hist: 0.6918 Path: 0.3588 | 4.0s
  Epoch 275/800 | Total: 5.079 Edge: 0.317 Con: 0.189 Cls: 1.209 Hist: 0.6884 Path: 0.3522 | Val F1: 0.4209 | 4.0s
  Epoch 276/800 | Total: 5.084 Edge: 0.317 Con: 0.190 Cls: 1.210 Hist: 0.6894 Path: 0.3534 | 4.0s
  Epoch 277/800 | Total: 5.089 Edge: 0.317 Con: 0.192 Cls: 1.211 Hist: 0.6878 Path: 0.3538 | 3.9s
  Epoch 278/800 | Total: 5.107 Edge: 0.319 Con: 0.190 Cls: 1.218 Hist: 0.6887 Path: 0.3511 | 4.0s
  Epoch 279/800 | Total: 5.163 Edge: 0.325 Con: 0.190 Cls: 1.229 Hist: 0.7001 Path: 0.3565 | 4.0s
  Epoch 280/800 | Total: 5.018 Edge: 0.322 Con: 0.190 Cls: 1.191 Hist: 0.6732 Path: 0.3537 | Val F1: 0.4255 | 4.1s
  Epoch 281/800 | Total: 5.035 Edge: 0.312 Con: 0.189 Cls: 1.199 Hist: 0.6838 Path: 0.3473 | 4.0s
  Epoch 282/800 | Total: 4.988 Edge: 0.308 Con: 0.188 Cls: 1.190 Hist: 0.6714 Path: 0.3439 | 4.0s
  Epoch 283/800 | Total: 5.072 Edge: 0.308 Con: 0.188 Cls: 1.213 Hist: 0.6879 Path: 0.3444 | 4.0s
  Epoch 284/800 | Total: 5.019 Edge: 0.311 Con: 0.190 Cls: 1.196 Hist: 0.6723 Path: 0.3514 | 3.8s
  Epoch 285/800 | Total: 5.008 Edge: 0.314 Con: 0.189 Cls: 1.188 Hist: 0.6673 Path: 0.3680 | Val F1: 0.4266 | 3.7s
  Epoch 286/800 | Total: 5.043 Edge: 0.326 Con: 0.188 Cls: 1.190 Hist: 0.6754 Path: 0.3784 | 3.6s
  Epoch 287/800 | Total: 5.065 Edge: 0.332 Con: 0.190 Cls: 1.196 Hist: 0.6810 Path: 0.3683 | 3.7s
  Epoch 288/800 | Total: 5.095 Edge: 0.325 Con: 0.192 Cls: 1.208 Hist: 0.6845 Path: 0.3641 | 3.8s
  Epoch 289/800 | Total: 5.068 Edge: 0.317 Con: 0.190 Cls: 1.203 Hist: 0.6859 Path: 0.3624 | 3.8s
  Epoch 290/800 | Total: 5.135 Edge: 0.315 Con: 0.190 Cls: 1.227 Hist: 0.6897 Path: 0.3548 | Val F1: 0.4199 | 3.7s
  Epoch 291/800 | Total: 5.164 Edge: 0.313 Con: 0.189 Cls: 1.235 Hist: 0.7038 Path: 0.3493 | 3.7s
  Epoch 292/800 | Total: 5.101 Edge: 0.314 Con: 0.191 Cls: 1.218 Hist: 0.6876 Path: 0.3494 | 3.6s
  Epoch 293/800 | Total: 5.186 Edge: 0.319 Con: 0.190 Cls: 1.238 Hist: 0.7030 Path: 0.3553 | 3.7s
  Epoch 294/800 | Total: 5.122 Edge: 0.319 Con: 0.193 Cls: 1.220 Hist: 0.6894 Path: 0.3564 | 3.7s
  Epoch 295/800 | Total: 5.061 Edge: 0.315 Con: 0.192 Cls: 1.205 Hist: 0.6828 Path: 0.3516 | Val F1: 0.4208 | 3.7s
  Epoch 296/800 | Total: 4.996 Edge: 0.313 Con: 0.189 Cls: 1.189 Hist: 0.6758 Path: 0.3451 | 3.6s
  Epoch 297/800 | Total: 4.966 Edge: 0.306 Con: 0.190 Cls: 1.185 Hist: 0.6689 Path: 0.3421 | 3.8s
  Epoch 298/800 | Total: 4.985 Edge: 0.313 Con: 0.189 Cls: 1.186 Hist: 0.6691 Path: 0.3490 | 3.6s
  Epoch 299/800 | Total: 5.011 Edge: 0.307 Con: 0.189 Cls: 1.195 Hist: 0.6796 Path: 0.3447 | 3.6s
  Epoch 300/800 | Total: 5.026 Edge: 0.310 Con: 0.191 Cls: 1.198 Hist: 0.6790 Path: 0.3487 | Val F1: 0.4134 | 3.6s
  Epoch 301/800 | Total: 5.087 Edge: 0.309 Con: 0.188 Cls: 1.217 Hist: 0.6898 Path: 0.3437 | 3.6s
  Epoch 302/800 | Total: 5.088 Edge: 0.308 Con: 0.189 Cls: 1.215 Hist: 0.6916 Path: 0.3499 | 3.7s
  Epoch 303/800 | Total: 5.220 Edge: 0.315 Con: 0.191 Cls: 1.245 Hist: 0.7066 Path: 0.3681 | 3.7s
  Epoch 304/800 | Total: 5.153 Edge: 0.321 Con: 0.190 Cls: 1.223 Hist: 0.6914 Path: 0.3780 | 3.7s
  Epoch 305/800 | Total: 5.453 Edge: 0.335 Con: 0.193 Cls: 1.298 Hist: 0.7417 Path: 0.3867 | Val F1: 0.3901 | 3.7s
  Epoch 306/800 | Total: 5.278 Edge: 0.333 Con: 0.193 Cls: 1.249 Hist: 0.7115 Path: 0.3913 | 3.7s
  Epoch 307/800 | Total: 5.172 Edge: 0.331 Con: 0.194 Cls: 1.222 Hist: 0.6947 Path: 0.3811 | 3.7s
  Epoch 308/800 | Total: 5.218 Edge: 0.328 Con: 0.189 Cls: 1.239 Hist: 0.7075 Path: 0.3717 | 3.7s
  Epoch 309/800 | Total: 5.190 Edge: 0.320 Con: 0.193 Cls: 1.234 Hist: 0.7054 Path: 0.3659 | 3.8s
  Epoch 310/800 | Total: 5.150 Edge: 0.325 Con: 0.191 Cls: 1.221 Hist: 0.6944 Path: 0.3722 | Val F1: 0.4241 | 3.7s
  Epoch 311/800 | Total: 5.113 Edge: 0.321 Con: 0.192 Cls: 1.216 Hist: 0.6898 Path: 0.3601 | 3.7s
  Epoch 312/800 | Total: 5.024 Edge: 0.317 Con: 0.192 Cls: 1.194 Hist: 0.6767 Path: 0.3525 | 3.7s
  Epoch 313/800 | Total: 4.984 Edge: 0.310 Con: 0.188 Cls: 1.186 Hist: 0.6722 Path: 0.3492 | 3.7s
  Epoch 314/800 | Total: 4.980 Edge: 0.311 Con: 0.191 Cls: 1.186 Hist: 0.6681 Path: 0.3465 | 3.7s
  Epoch 315/800 | Total: 4.987 Edge: 0.309 Con: 0.190 Cls: 1.187 Hist: 0.6713 Path: 0.3509 | Val F1: 0.4320 | 3.8s
  Epoch 316/800 | Total: 4.938 Edge: 0.306 Con: 0.190 Cls: 1.176 Hist: 0.6626 Path: 0.3452 | 3.7s
  Epoch 317/800 | Total: 4.951 Edge: 0.305 Con: 0.190 Cls: 1.180 Hist: 0.6689 Path: 0.3433 | 3.6s
  Epoch 318/800 | Total: 4.944 Edge: 0.305 Con: 0.188 Cls: 1.179 Hist: 0.6654 Path: 0.3422 | 3.6s
  Epoch 319/800 | Total: 4.916 Edge: 0.306 Con: 0.189 Cls: 1.172 Hist: 0.6600 Path: 0.3391 | 3.8s
  Epoch 320/800 | Total: 4.936 Edge: 0.310 Con: 0.189 Cls: 1.175 Hist: 0.6620 Path: 0.3437 | Val F1: 0.4342 | 3.7s
  Epoch 321/800 | Total: 4.962 Edge: 0.309 Con: 0.187 Cls: 1.182 Hist: 0.6683 Path: 0.3455 | 3.6s
  Epoch 322/800 | Total: 5.001 Edge: 0.309 Con: 0.188 Cls: 1.192 Hist: 0.6768 Path: 0.3450 | 3.6s
  Epoch 323/800 | Total: 5.030 Edge: 0.308 Con: 0.191 Cls: 1.202 Hist: 0.6779 Path: 0.3432 | 3.7s
  Epoch 324/800 | Total: 5.108 Edge: 0.318 Con: 0.190 Cls: 1.218 Hist: 0.6883 Path: 0.3527 | 3.6s
  Epoch 325/800 | Total: 5.254 Edge: 0.319 Con: 0.191 Cls: 1.255 Hist: 0.7163 Path: 0.3571 | Val F1: 0.4219 | 3.6s
  Epoch 326/800 | Total: 5.214 Edge: 0.317 Con: 0.191 Cls: 1.245 Hist: 0.7116 Path: 0.3554 | 3.6s
  Epoch 327/800 | Total: 5.075 Edge: 0.317 Con: 0.191 Cls: 1.209 Hist: 0.6815 Path: 0.3534 | 3.7s
  Epoch 328/800 | Total: 5.011 Edge: 0.316 Con: 0.190 Cls: 1.191 Hist: 0.6738 Path: 0.3525 | 3.7s
  Epoch 329/800 | Total: 4.994 Edge: 0.315 Con: 0.190 Cls: 1.183 Hist: 0.6718 Path: 0.3624 | 3.7s
  Epoch 330/800 | Total: 4.951 Edge: 0.309 Con: 0.189 Cls: 1.177 Hist: 0.6660 Path: 0.3512 | Val F1: 0.4314 | 3.6s
  Epoch 331/800 | Total: 4.932 Edge: 0.305 Con: 0.189 Cls: 1.176 Hist: 0.6636 Path: 0.3422 | 3.6s
  Epoch 332/800 | Total: 4.973 Edge: 0.305 Con: 0.190 Cls: 1.184 Hist: 0.6732 Path: 0.3469 | 3.6s
  Epoch 333/800 | Total: 5.040 Edge: 0.307 Con: 0.190 Cls: 1.204 Hist: 0.6824 Path: 0.3433 | 3.7s
  Epoch 334/800 | Total: 5.215 Edge: 0.314 Con: 0.196 Cls: 1.246 Hist: 0.7068 Path: 0.3563 | 3.6s
  Epoch 335/800 | Total: 5.111 Edge: 0.318 Con: 0.191 Cls: 1.216 Hist: 0.6914 Path: 0.3570 | Val F1: 0.4232 | 3.6s
  Epoch 336/800 | Total: 5.193 Edge: 0.322 Con: 0.194 Cls: 1.238 Hist: 0.6972 Path: 0.3643 | 3.8s
  Epoch 337/800 | Total: 5.150 Edge: 0.315 Con: 0.194 Cls: 1.227 Hist: 0.6996 Path: 0.3574 | 3.7s
  Epoch 338/800 | Total: 5.033 Edge: 0.311 Con: 0.190 Cls: 1.196 Hist: 0.6845 Path: 0.3546 | 3.7s
  Epoch 339/800 | Total: 5.009 Edge: 0.306 Con: 0.191 Cls: 1.196 Hist: 0.6765 Path: 0.3440 | 3.8s
  Epoch 340/800 | Total: 4.981 Edge: 0.305 Con: 0.192 Cls: 1.189 Hist: 0.6711 Path: 0.3430 | Val F1: 0.4261 | 3.7s
  Epoch 341/800 | Total: 5.020 Edge: 0.306 Con: 0.191 Cls: 1.196 Hist: 0.6803 Path: 0.3497 | 3.8s
  Epoch 342/800 | Total: 4.977 Edge: 0.305 Con: 0.189 Cls: 1.186 Hist: 0.6711 Path: 0.3496 | 4.0s
  Epoch 343/800 | Total: 4.952 Edge: 0.307 Con: 0.191 Cls: 1.179 Hist: 0.6663 Path: 0.3478 | 4.0s
  Epoch 344/800 | Total: 4.927 Edge: 0.306 Con: 0.188 Cls: 1.173 Hist: 0.6622 Path: 0.3468 | 4.0s
  Epoch 345/800 | Total: 4.906 Edge: 0.306 Con: 0.188 Cls: 1.169 Hist: 0.6580 Path: 0.3398 | Val F1: 0.4345 | 4.0s
  Epoch 346/800 | Total: 4.928 Edge: 0.303 Con: 0.190 Cls: 1.175 Hist: 0.6612 Path: 0.3425 | 4.0s
  Epoch 347/800 | Total: 4.997 Edge: 0.307 Con: 0.190 Cls: 1.194 Hist: 0.6693 Path: 0.3441 | 4.0s
  Epoch 348/800 | Total: 5.149 Edge: 0.308 Con: 0.190 Cls: 1.234 Hist: 0.6969 Path: 0.3467 | 4.0s
  Epoch 349/800 | Total: 5.015 Edge: 0.308 Con: 0.191 Cls: 1.197 Hist: 0.6772 Path: 0.3436 | 4.0s
  Epoch 350/800 | Total: 4.957 Edge: 0.309 Con: 0.191 Cls: 1.181 Hist: 0.6651 Path: 0.3452 | Val F1: 0.4313 | 4.0s
  Epoch 351/800 | Total: 4.925 Edge: 0.307 Con: 0.190 Cls: 1.173 Hist: 0.6592 Path: 0.3441 | 4.0s
  Epoch 352/800 | Total: 4.895 Edge: 0.301 Con: 0.188 Cls: 1.168 Hist: 0.6574 Path: 0.3370 | 3.9s
  Epoch 353/800 | Total: 5.105 Edge: 0.305 Con: 0.189 Cls: 1.224 Hist: 0.6899 Path: 0.3427 | 4.0s
  Epoch 354/800 | Total: 5.122 Edge: 0.319 Con: 0.192 Cls: 1.220 Hist: 0.6893 Path: 0.3573 | 4.0s
  Epoch 355/800 | Total: 5.052 Edge: 0.321 Con: 0.192 Cls: 1.197 Hist: 0.6828 Path: 0.3617 | Val F1: 0.4230 | 4.0s
  Epoch 356/800 | Total: 4.978 Edge: 0.313 Con: 0.187 Cls: 1.182 Hist: 0.6743 Path: 0.3523 | 3.9s
  Epoch 357/800 | Total: 4.953 Edge: 0.314 Con: 0.192 Cls: 1.176 Hist: 0.6623 Path: 0.3536 | 4.0s
  Epoch 358/800 | Total: 4.933 Edge: 0.304 Con: 0.190 Cls: 1.174 Hist: 0.6643 Path: 0.3462 | 4.0s
  Epoch 359/800 | Total: 4.969 Edge: 0.299 Con: 0.188 Cls: 1.191 Hist: 0.6688 Path: 0.3345 | 3.9s
  Epoch 360/800 | Total: 4.951 Edge: 0.301 Con: 0.190 Cls: 1.183 Hist: 0.6684 Path: 0.3369 | Val F1: 0.4305 | 3.5s
  Epoch 361/800 | Total: 4.905 Edge: 0.305 Con: 0.191 Cls: 1.168 Hist: 0.6601 Path: 0.3408 | 3.6s
  Epoch 362/800 | Total: 4.891 Edge: 0.306 Con: 0.190 Cls: 1.164 Hist: 0.6581 Path: 0.3396 | 3.6s
  Epoch 363/800 | Total: 4.951 Edge: 0.302 Con: 0.188 Cls: 1.183 Hist: 0.6701 Path: 0.3361 | 3.5s
  Epoch 364/800 | Total: 4.893 Edge: 0.306 Con: 0.190 Cls: 1.165 Hist: 0.6586 Path: 0.3397 | 3.5s
  Epoch 365/800 | Total: 4.921 Edge: 0.307 Con: 0.189 Cls: 1.173 Hist: 0.6576 Path: 0.3431 | Val F1: 0.4347 | 3.6s
  Epoch 366/800 | Total: 4.963 Edge: 0.309 Con: 0.189 Cls: 1.182 Hist: 0.6672 Path: 0.3472 | 3.5s
  Epoch 367/800 | Total: 5.019 Edge: 0.315 Con: 0.191 Cls: 1.195 Hist: 0.6733 Path: 0.3498 | 3.7s
  Epoch 368/800 | Total: 5.045 Edge: 0.318 Con: 0.190 Cls: 1.199 Hist: 0.6822 Path: 0.3542 | 3.6s
  Epoch 369/800 | Total: 5.023 Edge: 0.316 Con: 0.192 Cls: 1.193 Hist: 0.6798 Path: 0.3516 | 3.6s
  Epoch 370/800 | Total: 4.990 Edge: 0.319 Con: 0.190 Cls: 1.183 Hist: 0.6746 Path: 0.3505 | Val F1: 0.4444 | 3.6s
  Epoch 371/800 | Total: 4.965 Edge: 0.314 Con: 0.190 Cls: 1.177 Hist: 0.6668 Path: 0.3574 | 3.5s
  Epoch 372/800 | Total: 5.035 Edge: 0.314 Con: 0.193 Cls: 1.198 Hist: 0.6785 Path: 0.3522 | 3.5s
  Epoch 373/800 | Total: 4.953 Edge: 0.305 Con: 0.191 Cls: 1.177 Hist: 0.6677 Path: 0.3538 | 3.5s
  Epoch 374/800 | Total: 4.901 Edge: 0.304 Con: 0.190 Cls: 1.167 Hist: 0.6599 Path: 0.3409 | 3.6s
  Epoch 375/800 | Total: 4.902 Edge: 0.300 Con: 0.192 Cls: 1.169 Hist: 0.6584 Path: 0.3398 | Val F1: 0.4320 | 3.6s
  Epoch 376/800 | Total: 4.931 Edge: 0.302 Con: 0.190 Cls: 1.178 Hist: 0.6632 Path: 0.3365 | 3.5s
  Epoch 377/800 | Total: 4.987 Edge: 0.302 Con: 0.190 Cls: 1.193 Hist: 0.6736 Path: 0.3377 | 3.6s
  Epoch 378/800 | Total: 4.944 Edge: 0.310 Con: 0.188 Cls: 1.176 Hist: 0.6655 Path: 0.3450 | 3.6s
  Epoch 379/800 | Total: 4.986 Edge: 0.321 Con: 0.192 Cls: 1.180 Hist: 0.6694 Path: 0.3598 | 3.6s
  Epoch 380/800 | Total: 5.066 Edge: 0.317 Con: 0.191 Cls: 1.203 Hist: 0.6845 Path: 0.3608 | Val F1: 0.4312 | 3.6s
  Epoch 381/800 | Total: 4.987 Edge: 0.306 Con: 0.191 Cls: 1.190 Hist: 0.6733 Path: 0.3435 | 3.6s
  Epoch 382/800 | Total: 4.919 Edge: 0.302 Con: 0.190 Cls: 1.173 Hist: 0.6629 Path: 0.3406 | 3.6s
  Epoch 383/800 | Total: 4.927 Edge: 0.303 Con: 0.190 Cls: 1.176 Hist: 0.6651 Path: 0.3374 | 3.6s
  Epoch 384/800 | Total: 5.038 Edge: 0.306 Con: 0.190 Cls: 1.201 Hist: 0.6766 Path: 0.3574 | 3.7s
  Epoch 385/800 | Total: 5.029 Edge: 0.317 Con: 0.190 Cls: 1.194 Hist: 0.6767 Path: 0.3589 | Val F1: 0.4148 | 3.6s
  Epoch 386/800 | Total: 5.142 Edge: 0.315 Con: 0.191 Cls: 1.226 Hist: 0.6934 Path: 0.3596 | 3.5s
  Epoch 387/800 | Total: 5.028 Edge: 0.309 Con: 0.191 Cls: 1.199 Hist: 0.6767 Path: 0.3494 | 3.5s
  Epoch 388/800 | Total: 5.127 Edge: 0.311 Con: 0.192 Cls: 1.227 Hist: 0.6905 Path: 0.3492 | 3.5s
  Epoch 389/800 | Total: 5.027 Edge: 0.310 Con: 0.192 Cls: 1.197 Hist: 0.6810 Path: 0.3489 | 3.4s
  Epoch 390/800 | Total: 4.963 Edge: 0.306 Con: 0.191 Cls: 1.182 Hist: 0.6692 Path: 0.3449 | Val F1: 0.4350 | 3.6s
  Epoch 391/800 | Total: 4.933 Edge: 0.302 Con: 0.191 Cls: 1.177 Hist: 0.6655 Path: 0.3410 | 3.6s
  Epoch 392/800 | Total: 4.896 Edge: 0.301 Con: 0.189 Cls: 1.169 Hist: 0.6595 Path: 0.3350 | 3.4s
  Epoch 393/800 | Total: 4.843 Edge: 0.298 Con: 0.189 Cls: 1.155 Hist: 0.6535 Path: 0.3319 | 3.6s
  Epoch 394/800 | Total: 4.812 Edge: 0.296 Con: 0.189 Cls: 1.149 Hist: 0.6491 Path: 0.3263 | 3.6s
  Epoch 395/800 | Total: 4.852 Edge: 0.296 Con: 0.188 Cls: 1.160 Hist: 0.6543 Path: 0.3290 | Val F1: 0.4424 | 3.4s
  Epoch 396/800 | Total: 4.898 Edge: 0.300 Con: 0.190 Cls: 1.169 Hist: 0.6596 Path: 0.3350 | 3.5s
  Epoch 397/800 | Total: 4.890 Edge: 0.298 Con: 0.190 Cls: 1.168 Hist: 0.6602 Path: 0.3336 | 3.6s
  Epoch 398/800 | Total: 4.834 Edge: 0.300 Con: 0.188 Cls: 1.152 Hist: 0.6512 Path: 0.3313 | 3.6s
  Epoch 399/800 | Total: 4.829 Edge: 0.301 Con: 0.189 Cls: 1.149 Hist: 0.6472 Path: 0.3389 | 3.5s
  Epoch 400/800 | Total: 4.880 Edge: 0.305 Con: 0.189 Cls: 1.160 Hist: 0.6552 Path: 0.3441 | Val F1: 0.4345 | 3.6s
  Epoch 401/800 | Total: 4.859 Edge: 0.300 Con: 0.190 Cls: 1.158 Hist: 0.6527 Path: 0.3375 | 3.6s
  Epoch 402/800 | Total: 4.845 Edge: 0.297 Con: 0.188 Cls: 1.157 Hist: 0.6499 Path: 0.3328 | 3.5s
  Epoch 403/800 | Total: 4.880 Edge: 0.298 Con: 0.189 Cls: 1.166 Hist: 0.6544 Path: 0.3341 | 3.7s
  Epoch 404/800 | Total: 4.863 Edge: 0.298 Con: 0.190 Cls: 1.160 Hist: 0.6530 Path: 0.3383 | 3.6s
  Epoch 405/800 | Total: 5.046 Edge: 0.299 Con: 0.190 Cls: 1.208 Hist: 0.6898 Path: 0.3384 | Val F1: 0.4181 | 3.6s
  Epoch 406/800 | Total: 5.080 Edge: 0.311 Con: 0.193 Cls: 1.209 Hist: 0.6896 Path: 0.3555 | 3.6s
  Epoch 407/800 | Total: 5.049 Edge: 0.312 Con: 0.190 Cls: 1.202 Hist: 0.6768 Path: 0.3586 | 3.6s
  Epoch 408/800 | Total: 5.207 Edge: 0.320 Con: 0.194 Cls: 1.240 Hist: 0.7035 Path: 0.3673 | 3.5s
  Epoch 409/800 | Total: 5.262 Edge: 0.319 Con: 0.190 Cls: 1.258 Hist: 0.7183 Path: 0.3564 | 3.6s
  Epoch 410/800 | Total: 5.250 Edge: 0.326 Con: 0.196 Cls: 1.248 Hist: 0.7186 Path: 0.3637 | Val F1: 0.4251 | 3.5s
  Epoch 411/800 | Total: 5.013 Edge: 0.316 Con: 0.193 Cls: 1.191 Hist: 0.6796 Path: 0.3483 | 3.6s
  Epoch 412/800 | Total: 4.963 Edge: 0.311 Con: 0.191 Cls: 1.183 Hist: 0.6642 Path: 0.3436 | 3.6s
  Epoch 413/800 | Total: 4.909 Edge: 0.306 Con: 0.190 Cls: 1.169 Hist: 0.6657 Path: 0.3346 | 3.5s
  Epoch 414/800 | Total: 4.971 Edge: 0.311 Con: 0.190 Cls: 1.183 Hist: 0.6686 Path: 0.3462 | 3.6s
  Epoch 415/800 | Total: 4.979 Edge: 0.305 Con: 0.188 Cls: 1.188 Hist: 0.6767 Path: 0.3399 | Val F1: 0.4333 | 3.5s
  Epoch 416/800 | Total: 4.935 Edge: 0.302 Con: 0.191 Cls: 1.179 Hist: 0.6655 Path: 0.3359 | 3.6s
  Epoch 417/800 | Total: 4.914 Edge: 0.301 Con: 0.192 Cls: 1.173 Hist: 0.6623 Path: 0.3359 | 3.6s
  Epoch 418/800 | Total: 4.892 Edge: 0.300 Con: 0.190 Cls: 1.167 Hist: 0.6579 Path: 0.3380 | 3.6s
  Epoch 419/800 | Total: 4.907 Edge: 0.300 Con: 0.191 Cls: 1.171 Hist: 0.6624 Path: 0.3359 | 3.6s
  Epoch 420/800 | Total: 4.916 Edge: 0.298 Con: 0.191 Cls: 1.175 Hist: 0.6625 Path: 0.3339 | Val F1: 0.4396 | 3.5s
  Epoch 421/800 | Total: 4.903 Edge: 0.298 Con: 0.189 Cls: 1.171 Hist: 0.6625 Path: 0.3350 | 3.6s
  Epoch 422/800 | Total: 4.957 Edge: 0.302 Con: 0.190 Cls: 1.182 Hist: 0.6735 Path: 0.3407 | 3.6s
  Epoch 423/800 | Total: 4.862 Edge: 0.299 Con: 0.189 Cls: 1.158 Hist: 0.6538 Path: 0.3402 | 3.5s
  Epoch 424/800 | Total: 4.822 Edge: 0.296 Con: 0.189 Cls: 1.148 Hist: 0.6526 Path: 0.3356 | 3.5s
  Epoch 425/800 | Total: 4.831 Edge: 0.296 Con: 0.190 Cls: 1.152 Hist: 0.6493 Path: 0.3356 | Val F1: 0.4393 | 3.8s
  Epoch 426/800 | Total: 4.881 Edge: 0.297 Con: 0.189 Cls: 1.165 Hist: 0.6589 Path: 0.3357 | 4.0s
  Epoch 427/800 | Total: 4.861 Edge: 0.301 Con: 0.191 Cls: 1.157 Hist: 0.6544 Path: 0.3396 | 4.1s
  Epoch 428/800 | Total: 4.856 Edge: 0.305 Con: 0.190 Cls: 1.155 Hist: 0.6531 Path: 0.3394 | 4.0s
  Epoch 429/800 | Total: 4.859 Edge: 0.298 Con: 0.188 Cls: 1.158 Hist: 0.6525 Path: 0.3396 | 4.1s
  Epoch 430/800 | Total: 4.845 Edge: 0.298 Con: 0.192 Cls: 1.153 Hist: 0.6504 Path: 0.3425 | Val F1: 0.4333 | 3.9s
  Epoch 431/800 | Total: 4.830 Edge: 0.298 Con: 0.188 Cls: 1.151 Hist: 0.6462 Path: 0.3401 | 4.0s
  Epoch 432/800 | Total: 4.891 Edge: 0.303 Con: 0.189 Cls: 1.164 Hist: 0.6578 Path: 0.3457 | 4.0s
  Epoch 433/800 | Total: 5.124 Edge: 0.314 Con: 0.192 Cls: 1.227 Hist: 0.6855 Path: 0.3464 | 4.0s
  Epoch 434/800 | Total: 4.989 Edge: 0.312 Con: 0.192 Cls: 1.189 Hist: 0.6676 Path: 0.3455 | 4.0s
  Epoch 435/800 | Total: 4.941 Edge: 0.304 Con: 0.192 Cls: 1.177 Hist: 0.6677 Path: 0.3411 | Val F1: 0.4332 | 4.1s
  Epoch 436/800 | Total: 4.889 Edge: 0.302 Con: 0.190 Cls: 1.165 Hist: 0.6605 Path: 0.3377 | 4.0s
  Epoch 437/800 | Total: 4.906 Edge: 0.299 Con: 0.189 Cls: 1.170 Hist: 0.6653 Path: 0.3365 | 4.0s
  Epoch 438/800 | Total: 4.904 Edge: 0.296 Con: 0.190 Cls: 1.171 Hist: 0.6666 Path: 0.3341 | 4.0s
  Epoch 439/800 | Total: 4.923 Edge: 0.296 Con: 0.188 Cls: 1.179 Hist: 0.6642 Path: 0.3328 | 4.0s
  Epoch 440/800 | Total: 5.008 Edge: 0.301 Con: 0.190 Cls: 1.202 Hist: 0.6684 Path: 0.3386 | Val F1: 0.4345 | 4.0s
  Epoch 441/800 | Total: 4.923 Edge: 0.299 Con: 0.190 Cls: 1.178 Hist: 0.6618 Path: 0.3344 | 3.9s
  Epoch 442/800 | Total: 4.861 Edge: 0.302 Con: 0.189 Cls: 1.158 Hist: 0.6540 Path: 0.3360 | 4.0s
  Epoch 443/800 | Total: 4.809 Edge: 0.297 Con: 0.190 Cls: 1.144 Hist: 0.6488 Path: 0.3352 | 4.0s
  Epoch 444/800 | Total: 4.772 Edge: 0.294 Con: 0.189 Cls: 1.139 Hist: 0.6402 Path: 0.3281 | 3.6s
  Epoch 445/800 | Total: 4.767 Edge: 0.292 Con: 0.189 Cls: 1.136 Hist: 0.6430 Path: 0.3289 | Val F1: 0.4430 | 3.7s
  Epoch 446/800 | Total: 4.787 Edge: 0.293 Con: 0.187 Cls: 1.143 Hist: 0.6462 Path: 0.3245 | 3.8s
  Epoch 447/800 | Total: 4.825 Edge: 0.300 Con: 0.189 Cls: 1.149 Hist: 0.6472 Path: 0.3375 | 3.6s
  Epoch 448/800 | Total: 4.895 Edge: 0.304 Con: 0.191 Cls: 1.164 Hist: 0.6612 Path: 0.3415 | 3.7s
  Epoch 449/800 | Total: 4.917 Edge: 0.302 Con: 0.191 Cls: 1.172 Hist: 0.6665 Path: 0.3365 | 3.7s
  Epoch 450/800 | Total: 4.914 Edge: 0.302 Con: 0.191 Cls: 1.172 Hist: 0.6612 Path: 0.3395 | Val F1: 0.4357 | 3.7s
  Epoch 451/800 | Total: 4.859 Edge: 0.300 Con: 0.190 Cls: 1.154 Hist: 0.6560 Path: 0.3448 | 3.7s
  Epoch 452/800 | Total: 4.849 Edge: 0.299 Con: 0.190 Cls: 1.155 Hist: 0.6535 Path: 0.3363 | 3.7s
  Epoch 453/800 | Total: 4.857 Edge: 0.301 Con: 0.191 Cls: 1.155 Hist: 0.6516 Path: 0.3441 | 3.7s
  Epoch 454/800 | Total: 5.047 Edge: 0.314 Con: 0.191 Cls: 1.198 Hist: 0.6823 Path: 0.3615 | 3.8s
  Epoch 455/800 | Total: 4.914 Edge: 0.311 Con: 0.191 Cls: 1.167 Hist: 0.6603 Path: 0.3475 | Val F1: 0.4393 | 3.7s
  Epoch 456/800 | Total: 4.867 Edge: 0.300 Con: 0.190 Cls: 1.160 Hist: 0.6538 Path: 0.3372 | 3.7s
  Epoch 457/800 | Total: 5.003 Edge: 0.306 Con: 0.194 Cls: 1.193 Hist: 0.6815 Path: 0.3387 | 3.8s
  Epoch 458/800 | Total: 5.013 Edge: 0.307 Con: 0.192 Cls: 1.196 Hist: 0.6787 Path: 0.3444 | 3.7s
  Epoch 459/800 | Total: 5.091 Edge: 0.308 Con: 0.192 Cls: 1.214 Hist: 0.7000 Path: 0.3446 | 3.8s
  Epoch 460/800 | Total: 5.320 Edge: 0.317 Con: 0.196 Cls: 1.268 Hist: 0.7330 Path: 0.3689 | Val F1: 0.4109 | 3.8s
  Epoch 461/800 | Total: 5.331 Edge: 0.318 Con: 0.197 Cls: 1.272 Hist: 0.7250 Path: 0.3730 | 3.7s
  Epoch 462/800 | Total: 5.240 Edge: 0.316 Con: 0.195 Cls: 1.246 Hist: 0.7151 Path: 0.3732 | 3.8s
  Epoch 463/800 | Total: 5.060 Edge: 0.310 Con: 0.191 Cls: 1.206 Hist: 0.6830 Path: 0.3549 | 3.7s
  Epoch 464/800 | Total: 4.937 Edge: 0.314 Con: 0.190 Cls: 1.169 Hist: 0.6655 Path: 0.3557 | 3.7s
  Epoch 465/800 | Total: 4.880 Edge: 0.298 Con: 0.189 Cls: 1.163 Hist: 0.6572 Path: 0.3425 | Val F1: 0.4343 | 3.7s
  Epoch 466/800 | Total: 4.830 Edge: 0.296 Con: 0.190 Cls: 1.151 Hist: 0.6493 Path: 0.3376 | 3.6s
  Epoch 467/800 | Total: 4.819 Edge: 0.296 Con: 0.190 Cls: 1.147 Hist: 0.6473 Path: 0.3382 | 3.8s
  Epoch 468/800 | Total: 4.840 Edge: 0.297 Con: 0.190 Cls: 1.152 Hist: 0.6518 Path: 0.3386 | 3.7s
  Epoch 469/800 | Total: 4.786 Edge: 0.293 Con: 0.189 Cls: 1.142 Hist: 0.6443 Path: 0.3287 | 3.7s
  Epoch 470/800 | Total: 4.794 Edge: 0.297 Con: 0.190 Cls: 1.142 Hist: 0.6465 Path: 0.3294 | Val F1: 0.4440 | 3.8s
  Early stopping at epoch 470
  Best Val F1: 0.4444 | Test F1: 0.4432
  Total training time: 1796.6s (29.9 min)

======================================================================
  Val  Macro-F1: 0.4444
  Test Macro-F1: 0.4432
  Test Accuracy: 0.6581
  Time: 1798.8s
  Peak GPU mem: 1.32 GB
======================================================================

  Results saved to: results/NESS_ogbn-arxiv_MCAR_0.6_20260725_104410
