/home/erfan/MATE/venv/lib/python3.13/site-packages/outdated/__init__.py:36: UserWarning: pkg_resources is deprecated as an API. See https://setuptools.pypa.io/en/latest/pkg_resources.html. The pkg_resources package is slated for removal as early as 2025-11-30. Refrain from using this package or pin to Setuptools<81.
  from pkg_resources import parse_version
/home/erfan/MATE/ogbn_benchmarks/data_loader.py:96: UserWarning: Sparse invariant checks are implicitly disabled. Memory errors (e.g. SEGFAULT) will occur when operating on a sparse tensor which violates the invariants, but checks incur performance overhead. To silence this warning, explicitly opt in or out. See `torch.sparse.check_sparse_tensor_invariants.__doc__` for guidance.  (Triggered internally at /pytorch/aten/src/ATen/Context.cpp:760.)
  adj = torch.sparse_coo_tensor(edge_index, vals, (num_nodes, num_nodes)).coalesce()
======================================================================
  NESS | ogbn-arxiv | MCAR @ 90% | lr=0.001
======================================================================
[1/3] Loading ogbn-arxiv...
  169,343 nodes | 128 dims | 40 classes
[2/3] Simulating MCAR missingness...
Simulating MCAR missingness at 90% rate...
  MCAR: Uniform random selection
  Observable: 16,935 (10.0%)
  Masked: 152,408 (90.0%)
  Observable: 16,935 | Val: 76,204 | Test: 76,204
[3/3] Running NESS...
  Prefilling missing nodes via Feature Propagation (40 iters)...
  Computing neighbor label-histogram target (2-hop, observable labels)...
  Partitioning graph into 20 clusters (cache_device=gpu)...
  Cached 20 clusters
  Training NESS for up to 800 epochs (patience=20)...
  Epoch 1/800 | Total: 15.709 Edge: 0.691 Con: 8.993 Cls: 3.503 Hist: 2.9154 Path: 0.6945 | 10.1s
  Epoch 2/800 | Total: 14.164 Edge: 0.678 Con: 8.998 Cls: 3.113 Hist: 2.5629 Path: 0.6854 | 1.1s
  Epoch 3/800 | Total: 13.996 Edge: 0.659 Con: 8.991 Cls: 3.082 Hist: 2.5023 Path: 0.6882 | 1.1s
  Epoch 4/800 | Total: 13.652 Edge: 0.675 Con: 8.984 Cls: 3.002 Hist: 2.3765 Path: 0.6969 | 1.1s
  Epoch 5/800 | Total: 13.363 Edge: 0.638 Con: 8.959 Cls: 2.945 Hist: 2.3155 Path: 0.6793 | Val F1: 0.0161 | 1.1s
  Epoch 6/800 | Total: 12.811 Edge: 0.624 Con: 8.943 Cls: 2.804 Hist: 2.1936 Path: 0.6887 | 1.1s
  Epoch 7/800 | Total: 12.136 Edge: 0.638 Con: 8.903 Cls: 2.634 Hist: 2.0331 Path: 0.6736 | 1.1s
  Epoch 8/800 | Total: 11.721 Edge: 0.620 Con: 8.880 Cls: 2.535 Hist: 1.9375 Path: 0.6696 | 1.1s
  Epoch 9/800 | Total: 11.493 Edge: 0.596 Con: 8.852 Cls: 2.493 Hist: 1.8839 Path: 0.6493 | 1.1s
  Epoch 10/800 | Total: 11.034 Edge: 0.594 Con: 8.830 Cls: 2.380 Hist: 1.7686 Path: 0.6485 | Val F1: 0.0519 | 1.1s
  Epoch 11/800 | Total: 10.695 Edge: 0.574 Con: 8.816 Cls: 2.300 Hist: 1.6944 Path: 0.6444 | 1.1s
  Epoch 12/800 | Total: 10.377 Edge: 0.559 Con: 8.799 Cls: 2.232 Hist: 1.6159 Path: 0.6249 | 1.1s
  Epoch 13/800 | Total: 10.106 Edge: 0.554 Con: 8.786 Cls: 2.164 Hist: 1.5591 Path: 0.6240 | 1.1s
  Epoch 14/800 | Total: 10.017 Edge: 0.570 Con: 8.781 Cls: 2.125 Hist: 1.5696 Path: 0.6240 | 1.2s
  Epoch 15/800 | Total: 10.007 Edge: 0.562 Con: 8.793 Cls: 2.120 Hist: 1.5787 Path: 0.6257 | Val F1: 0.1177 | 1.2s
  Epoch 16/800 | Total: 9.555 Edge: 0.551 Con: 8.785 Cls: 2.014 Hist: 1.4760 Path: 0.6073 | 1.1s
  Epoch 17/800 | Total: 9.639 Edge: 0.546 Con: 8.762 Cls: 2.039 Hist: 1.4967 Path: 0.6050 | 1.2s
  Epoch 18/800 | Total: 9.632 Edge: 0.531 Con: 8.761 Cls: 2.045 Hist: 1.4910 Path: 0.6001 | 1.1s
  Epoch 19/800 | Total: 9.285 Edge: 0.525 Con: 8.755 Cls: 1.952 Hist: 1.4293 Path: 0.5999 | 1.1s
  Epoch 20/800 | Total: 9.165 Edge: 0.514 Con: 8.745 Cls: 1.919 Hist: 1.4256 Path: 0.5942 | Val F1: 0.1602 | 1.2s
  Epoch 21/800 | Total: 9.161 Edge: 0.507 Con: 8.731 Cls: 1.922 Hist: 1.4262 Path: 0.5890 | 1.2s
  Epoch 22/800 | Total: 9.097 Edge: 0.519 Con: 8.724 Cls: 1.910 Hist: 1.3967 Path: 0.5786 | 1.2s
  Epoch 23/800 | Total: 9.283 Edge: 0.508 Con: 8.734 Cls: 1.959 Hist: 1.4461 Path: 0.5775 | 1.2s
  Epoch 24/800 | Total: 9.046 Edge: 0.519 Con: 8.722 Cls: 1.893 Hist: 1.3944 Path: 0.5815 | 1.2s
  Epoch 25/800 | Total: 8.772 Edge: 0.519 Con: 8.723 Cls: 1.822 Hist: 1.3372 Path: 0.5788 | Val F1: 0.1684 | 1.2s
  Epoch 26/800 | Total: 8.626 Edge: 0.501 Con: 8.726 Cls: 1.790 Hist: 1.3160 Path: 0.5662 | 1.2s
  Epoch 27/800 | Total: 8.620 Edge: 0.503 Con: 8.705 Cls: 1.790 Hist: 1.3157 Path: 0.5602 | 1.2s
  Epoch 28/800 | Total: 9.418 Edge: 0.507 Con: 8.732 Cls: 2.003 Hist: 1.4479 Path: 0.5819 | 1.2s
  Epoch 29/800 | Total: 8.685 Edge: 0.500 Con: 8.732 Cls: 1.811 Hist: 1.3208 Path: 0.5593 | 1.2s
  Epoch 30/800 | Total: 8.799 Edge: 0.500 Con: 8.703 Cls: 1.841 Hist: 1.3527 Path: 0.5524 | Val F1: 0.1698 | 1.2s
  Epoch 31/800 | Total: 8.562 Edge: 0.495 Con: 8.703 Cls: 1.782 Hist: 1.3042 Path: 0.5467 | 1.2s
  Epoch 32/800 | Total: 8.591 Edge: 0.519 Con: 8.702 Cls: 1.776 Hist: 1.3112 Path: 0.5610 | 1.2s
  Epoch 33/800 | Total: 8.428 Edge: 0.491 Con: 8.717 Cls: 1.744 Hist: 1.2821 Path: 0.5499 | 1.2s
  Epoch 34/800 | Total: 8.379 Edge: 0.485 Con: 8.696 Cls: 1.735 Hist: 1.2746 Path: 0.5450 | 1.2s
  Epoch 35/800 | Total: 8.290 Edge: 0.474 Con: 8.689 Cls: 1.718 Hist: 1.2544 Path: 0.5382 | Val F1: 0.2006 | 1.2s
  Epoch 36/800 | Total: 8.174 Edge: 0.479 Con: 8.690 Cls: 1.685 Hist: 1.2311 Path: 0.5400 | 1.2s
  Epoch 37/800 | Total: 8.142 Edge: 0.474 Con: 8.686 Cls: 1.679 Hist: 1.2298 Path: 0.5310 | 1.2s
  Epoch 38/800 | Total: 8.086 Edge: 0.476 Con: 8.684 Cls: 1.667 Hist: 1.2223 Path: 0.5185 | 1.2s
  Epoch 39/800 | Total: 8.204 Edge: 0.488 Con: 8.694 Cls: 1.690 Hist: 1.2333 Path: 0.5444 | 1.1s
  Epoch 40/800 | Total: 8.151 Edge: 0.475 Con: 8.683 Cls: 1.684 Hist: 1.2280 Path: 0.5292 | Val F1: 0.2056 | 1.2s
  Epoch 41/800 | Total: 8.174 Edge: 0.463 Con: 8.676 Cls: 1.698 Hist: 1.2329 Path: 0.5176 | 1.2s
  Epoch 42/800 | Total: 8.063 Edge: 0.467 Con: 8.690 Cls: 1.664 Hist: 1.2083 Path: 0.5263 | 1.1s
  Epoch 43/800 | Total: 8.112 Edge: 0.477 Con: 8.686 Cls: 1.666 Hist: 1.2148 Path: 0.5520 | 1.2s
  Epoch 44/800 | Total: 8.237 Edge: 0.467 Con: 8.678 Cls: 1.705 Hist: 1.2472 Path: 0.5384 | 1.1s
  Epoch 45/800 | Total: 8.159 Edge: 0.482 Con: 8.690 Cls: 1.676 Hist: 1.2349 Path: 0.5445 | Val F1: 0.1980 | 1.2s
  Epoch 46/800 | Total: 8.245 Edge: 0.469 Con: 8.697 Cls: 1.711 Hist: 1.2497 Path: 0.5248 | 1.1s
  Epoch 47/800 | Total: 8.022 Edge: 0.475 Con: 8.677 Cls: 1.654 Hist: 1.1877 Path: 0.5296 | 1.2s
  Epoch 48/800 | Total: 7.884 Edge: 0.461 Con: 8.680 Cls: 1.620 Hist: 1.1789 Path: 0.5169 | 1.2s
  Epoch 49/800 | Total: 7.812 Edge: 0.460 Con: 8.677 Cls: 1.604 Hist: 1.1574 Path: 0.5170 | 1.2s
  Epoch 50/800 | Total: 7.777 Edge: 0.455 Con: 8.675 Cls: 1.598 Hist: 1.1546 Path: 0.5045 | Val F1: 0.2324 | 1.1s
  Epoch 51/800 | Total: 7.920 Edge: 0.455 Con: 8.669 Cls: 1.636 Hist: 1.1788 Path: 0.5107 | 1.2s
  Epoch 52/800 | Total: 7.842 Edge: 0.460 Con: 8.678 Cls: 1.612 Hist: 1.1603 Path: 0.5180 | 1.1s
  Epoch 53/800 | Total: 7.665 Edge: 0.456 Con: 8.681 Cls: 1.563 Hist: 1.1319 Path: 0.5211 | 1.2s
  Epoch 54/800 | Total: 7.648 Edge: 0.449 Con: 8.667 Cls: 1.564 Hist: 1.1298 Path: 0.5094 | 1.2s
  Epoch 55/800 | Total: 7.879 Edge: 0.451 Con: 8.669 Cls: 1.630 Hist: 1.1747 Path: 0.4974 | Val F1: 0.2521 | 1.2s
  Epoch 56/800 | Total: 7.760 Edge: 0.451 Con: 8.664 Cls: 1.592 Hist: 1.1571 Path: 0.5092 | 1.2s
  Epoch 57/800 | Total: 7.632 Edge: 0.448 Con: 8.665 Cls: 1.560 Hist: 1.1211 Path: 0.5158 | 1.1s
  Epoch 58/800 | Total: 7.643 Edge: 0.449 Con: 8.669 Cls: 1.565 Hist: 1.1338 Path: 0.4989 | 1.1s
  Epoch 59/800 | Total: 7.585 Edge: 0.443 Con: 8.670 Cls: 1.552 Hist: 1.1282 Path: 0.4914 | 1.1s
  Epoch 60/800 | Total: 7.551 Edge: 0.443 Con: 8.665 Cls: 1.546 Hist: 1.1104 Path: 0.4936 | Val F1: 0.2497 | 1.2s
  Epoch 61/800 | Total: 7.512 Edge: 0.446 Con: 8.670 Cls: 1.529 Hist: 1.1123 Path: 0.5003 | 1.1s
  Epoch 62/800 | Total: 7.581 Edge: 0.445 Con: 8.653 Cls: 1.552 Hist: 1.1088 Path: 0.5070 | 1.2s
  Epoch 63/800 | Total: 7.455 Edge: 0.443 Con: 8.661 Cls: 1.523 Hist: 1.0909 Path: 0.4859 | 1.2s
  Epoch 64/800 | Total: 7.485 Edge: 0.452 Con: 8.669 Cls: 1.523 Hist: 1.0938 Path: 0.5039 | 1.2s
  Epoch 65/800 | Total: 7.455 Edge: 0.448 Con: 8.655 Cls: 1.520 Hist: 1.0905 Path: 0.4924 | Val F1: 0.2655 | 1.2s
  Epoch 66/800 | Total: 7.408 Edge: 0.448 Con: 8.664 Cls: 1.503 Hist: 1.0831 Path: 0.5013 | 1.1s
  Epoch 67/800 | Total: 7.727 Edge: 0.458 Con: 8.666 Cls: 1.586 Hist: 1.1410 Path: 0.5030 | 1.1s
  Epoch 68/800 | Total: 7.671 Edge: 0.438 Con: 8.660 Cls: 1.581 Hist: 1.1276 Path: 0.4961 | 1.1s
  Epoch 69/800 | Total: 7.428 Edge: 0.439 Con: 8.657 Cls: 1.516 Hist: 1.0899 Path: 0.4870 | 1.2s
  Epoch 70/800 | Total: 7.293 Edge: 0.441 Con: 8.657 Cls: 1.481 Hist: 1.0629 Path: 0.4811 | Val F1: 0.2545 | 1.1s
  Epoch 71/800 | Total: 7.275 Edge: 0.440 Con: 8.655 Cls: 1.477 Hist: 1.0629 Path: 0.4748 | 1.2s
  Epoch 72/800 | Total: 7.318 Edge: 0.446 Con: 8.656 Cls: 1.479 Hist: 1.0784 Path: 0.4899 | 1.2s
  Epoch 73/800 | Total: 7.284 Edge: 0.443 Con: 8.652 Cls: 1.476 Hist: 1.0637 Path: 0.4848 | 1.1s
  Epoch 74/800 | Total: 7.271 Edge: 0.430 Con: 8.649 Cls: 1.475 Hist: 1.0695 Path: 0.4802 | 1.2s
  Epoch 75/800 | Total: 7.241 Edge: 0.434 Con: 8.656 Cls: 1.466 Hist: 1.0529 Path: 0.4916 | Val F1: 0.2657 | 1.2s
  Epoch 76/800 | Total: 7.214 Edge: 0.432 Con: 8.648 Cls: 1.463 Hist: 1.0454 Path: 0.4834 | 1.2s
  Epoch 77/800 | Total: 7.282 Edge: 0.430 Con: 8.646 Cls: 1.476 Hist: 1.0656 Path: 0.4942 | 1.2s
  Epoch 78/800 | Total: 7.317 Edge: 0.437 Con: 8.650 Cls: 1.484 Hist: 1.0675 Path: 0.4963 | 1.2s
  Epoch 79/800 | Total: 7.380 Edge: 0.434 Con: 8.655 Cls: 1.504 Hist: 1.0808 Path: 0.4881 | 1.2s
  Epoch 80/800 | Total: 7.319 Edge: 0.435 Con: 8.652 Cls: 1.484 Hist: 1.0715 Path: 0.4938 | Val F1: 0.2848 | 1.2s
  Epoch 81/800 | Total: 7.152 Edge: 0.425 Con: 8.645 Cls: 1.444 Hist: 1.0399 Path: 0.4886 | 1.2s
  Epoch 82/800 | Total: 7.174 Edge: 0.432 Con: 8.646 Cls: 1.451 Hist: 1.0401 Path: 0.4848 | 1.2s
  Epoch 83/800 | Total: 7.426 Edge: 0.432 Con: 8.640 Cls: 1.515 Hist: 1.0952 Path: 0.4885 | 1.2s
  Epoch 84/800 | Total: 7.214 Edge: 0.429 Con: 8.638 Cls: 1.458 Hist: 1.0638 Path: 0.4853 | 1.1s
  Epoch 85/800 | Total: 7.212 Edge: 0.429 Con: 8.637 Cls: 1.464 Hist: 1.0507 Path: 0.4770 | Val F1: 0.2769 | 1.2s
  Epoch 86/800 | Total: 7.123 Edge: 0.428 Con: 8.636 Cls: 1.440 Hist: 1.0365 Path: 0.4741 | 1.1s
  Epoch 87/800 | Total: 7.046 Edge: 0.417 Con: 8.635 Cls: 1.424 Hist: 1.0330 Path: 0.4598 | 1.2s
  Epoch 88/800 | Total: 6.997 Edge: 0.415 Con: 8.629 Cls: 1.414 Hist: 1.0250 Path: 0.4530 | 1.2s
  Epoch 89/800 | Total: 6.970 Edge: 0.416 Con: 8.630 Cls: 1.407 Hist: 1.0171 Path: 0.4523 | 1.2s
  Epoch 90/800 | Total: 6.969 Edge: 0.421 Con: 8.635 Cls: 1.405 Hist: 1.0127 Path: 0.4579 | Val F1: 0.3084 | 1.2s
  Epoch 91/800 | Total: 7.031 Edge: 0.415 Con: 8.630 Cls: 1.424 Hist: 1.0291 Path: 0.4513 | 1.1s
  Epoch 92/800 | Total: 7.031 Edge: 0.414 Con: 8.629 Cls: 1.421 Hist: 1.0282 Path: 0.4644 | 1.1s
  Epoch 93/800 | Total: 6.936 Edge: 0.417 Con: 8.628 Cls: 1.394 Hist: 1.0089 Path: 0.4662 | 1.1s
  Epoch 94/800 | Total: 6.973 Edge: 0.417 Con: 8.623 Cls: 1.400 Hist: 1.0125 Path: 0.4816 | 1.1s
  Epoch 95/800 | Total: 6.976 Edge: 0.413 Con: 8.631 Cls: 1.405 Hist: 1.0116 Path: 0.4722 | Val F1: 0.3005 | 1.1s
  Epoch 96/800 | Total: 6.938 Edge: 0.415 Con: 8.631 Cls: 1.395 Hist: 1.0072 Path: 0.4688 | 1.1s
  Epoch 97/800 | Total: 7.203 Edge: 0.420 Con: 8.626 Cls: 1.463 Hist: 1.0594 Path: 0.4710 | 1.1s
  Epoch 98/800 | Total: 7.124 Edge: 0.421 Con: 8.634 Cls: 1.446 Hist: 1.0436 Path: 0.4598 | 1.1s
  Epoch 99/800 | Total: 6.983 Edge: 0.429 Con: 8.630 Cls: 1.408 Hist: 1.0112 Path: 0.4551 | 1.2s
  Epoch 100/800 | Total: 6.928 Edge: 0.427 Con: 8.629 Cls: 1.393 Hist: 1.0079 Path: 0.4512 | Val F1: 0.2887 | 1.2s
  Epoch 101/800 | Total: 6.994 Edge: 0.424 Con: 8.634 Cls: 1.405 Hist: 1.0202 Path: 0.4724 | 1.2s
  Epoch 102/800 | Total: 6.987 Edge: 0.417 Con: 8.635 Cls: 1.408 Hist: 1.0181 Path: 0.4648 | 1.2s
  Epoch 103/800 | Total: 6.845 Edge: 0.411 Con: 8.624 Cls: 1.374 Hist: 0.9906 Path: 0.4589 | 1.2s
  Epoch 104/800 | Total: 6.827 Edge: 0.407 Con: 8.623 Cls: 1.374 Hist: 0.9931 Path: 0.4433 | 1.2s
  Epoch 105/800 | Total: 6.842 Edge: 0.405 Con: 8.622 Cls: 1.377 Hist: 0.9990 Path: 0.4444 | Val F1: 0.2960 | 1.2s
  Epoch 106/800 | Total: 6.749 Edge: 0.402 Con: 8.627 Cls: 1.355 Hist: 0.9823 Path: 0.4362 | 1.2s
  Epoch 107/800 | Total: 6.776 Edge: 0.399 Con: 8.624 Cls: 1.363 Hist: 0.9817 Path: 0.4443 | 1.2s
  Epoch 108/800 | Total: 6.743 Edge: 0.397 Con: 8.614 Cls: 1.357 Hist: 0.9769 Path: 0.4371 | 1.2s
  Epoch 109/800 | Total: 6.746 Edge: 0.399 Con: 8.619 Cls: 1.356 Hist: 0.9810 Path: 0.4374 | 1.2s
  Epoch 110/800 | Total: 6.801 Edge: 0.405 Con: 8.628 Cls: 1.368 Hist: 0.9834 Path: 0.4452 | Val F1: 0.3181 | 1.2s
  Epoch 111/800 | Total: 6.801 Edge: 0.408 Con: 8.611 Cls: 1.364 Hist: 0.9798 Path: 0.4598 | 1.2s
  Epoch 112/800 | Total: 6.720 Edge: 0.404 Con: 8.621 Cls: 1.345 Hist: 0.9723 Path: 0.4472 | 1.2s
  Epoch 113/800 | Total: 6.752 Edge: 0.422 Con: 8.621 Cls: 1.344 Hist: 0.9758 Path: 0.4613 | 1.2s
  Epoch 114/800 | Total: 6.793 Edge: 0.413 Con: 8.618 Cls: 1.362 Hist: 0.9841 Path: 0.4480 | 1.2s
  Epoch 115/800 | Total: 6.971 Edge: 0.419 Con: 8.633 Cls: 1.404 Hist: 1.0096 Path: 0.4670 | Val F1: 0.3204 | 1.1s
  Epoch 116/800 | Total: 6.836 Edge: 0.406 Con: 8.614 Cls: 1.374 Hist: 0.9929 Path: 0.4546 | 1.1s
  Epoch 117/800 | Total: 7.106 Edge: 0.414 Con: 8.616 Cls: 1.443 Hist: 1.0441 Path: 0.4558 | 1.1s
  Epoch 118/800 | Total: 6.967 Edge: 0.416 Con: 8.619 Cls: 1.407 Hist: 1.0178 Path: 0.4512 | 1.1s
  Epoch 119/800 | Total: 6.788 Edge: 0.414 Con: 8.611 Cls: 1.360 Hist: 0.9843 Path: 0.4504 | 1.1s
  Epoch 120/800 | Total: 6.718 Edge: 0.404 Con: 8.615 Cls: 1.345 Hist: 0.9732 Path: 0.4437 | Val F1: 0.3207 | 1.1s
  Epoch 121/800 | Total: 6.732 Edge: 0.399 Con: 8.604 Cls: 1.352 Hist: 0.9811 Path: 0.4359 | 1.1s
  Epoch 122/800 | Total: 6.716 Edge: 0.397 Con: 8.617 Cls: 1.351 Hist: 0.9753 Path: 0.4305 | 1.1s
  Epoch 123/800 | Total: 6.733 Edge: 0.396 Con: 8.614 Cls: 1.358 Hist: 0.9739 Path: 0.4273 | 1.1s
  Epoch 124/800 | Total: 6.905 Edge: 0.404 Con: 8.624 Cls: 1.399 Hist: 1.0029 Path: 0.4396 | 1.1s
  Epoch 125/800 | Total: 7.605 Edge: 0.422 Con: 8.644 Cls: 1.571 Hist: 1.1204 Path: 0.4863 | Val F1: 0.2395 | 1.2s
  Epoch 126/800 | Total: 8.023 Edge: 0.450 Con: 8.661 Cls: 1.665 Hist: 1.2036 Path: 0.5090 | 1.2s
  Epoch 127/800 | Total: 7.243 Edge: 0.430 Con: 8.624 Cls: 1.467 Hist: 1.0706 Path: 0.4786 | 1.2s
  Epoch 128/800 | Total: 6.913 Edge: 0.412 Con: 8.621 Cls: 1.392 Hist: 1.0118 Path: 0.4511 | 1.2s
  Epoch 129/800 | Total: 6.752 Edge: 0.409 Con: 8.628 Cls: 1.356 Hist: 0.9744 Path: 0.4387 | 1.1s
  Epoch 130/800 | Total: 6.714 Edge: 0.404 Con: 8.624 Cls: 1.347 Hist: 0.9712 Path: 0.4361 | Val F1: 0.3268 | 1.2s
  Epoch 131/800 | Total: 6.613 Edge: 0.395 Con: 8.620 Cls: 1.325 Hist: 0.9526 Path: 0.4291 | 1.2s
  Epoch 132/800 | Total: 6.674 Edge: 0.396 Con: 8.618 Cls: 1.339 Hist: 0.9656 Path: 0.4331 | 1.2s
  Epoch 133/800 | Total: 6.750 Edge: 0.397 Con: 8.622 Cls: 1.358 Hist: 0.9818 Path: 0.4370 | 1.1s
  Epoch 134/800 | Total: 6.856 Edge: 0.396 Con: 8.620 Cls: 1.385 Hist: 1.0015 Path: 0.4409 | 1.1s
  Epoch 135/800 | Total: 6.716 Edge: 0.397 Con: 8.612 Cls: 1.347 Hist: 0.9707 Path: 0.4463 | Val F1: 0.2870 | 1.2s
  Epoch 136/800 | Total: 7.745 Edge: 0.426 Con: 8.633 Cls: 1.609 Hist: 1.1274 Path: 0.5025 | 1.2s
  Epoch 137/800 | Total: 7.986 Edge: 0.452 Con: 8.646 Cls: 1.660 Hist: 1.1705 Path: 0.5187 | 1.2s
  Epoch 138/800 | Total: 7.208 Edge: 0.433 Con: 8.625 Cls: 1.460 Hist: 1.0614 Path: 0.4706 | 1.1s
  Epoch 139/800 | Total: 6.861 Edge: 0.422 Con: 8.624 Cls: 1.379 Hist: 0.9902 Path: 0.4498 | 1.2s
  Epoch 140/800 | Total: 6.790 Edge: 0.409 Con: 8.611 Cls: 1.364 Hist: 0.9899 Path: 0.4392 | Val F1: 0.3214 | 1.1s
  Epoch 141/800 | Total: 6.761 Edge: 0.401 Con: 8.610 Cls: 1.360 Hist: 0.9795 Path: 0.4383 | 1.2s
  Epoch 142/800 | Total: 6.680 Edge: 0.402 Con: 8.605 Cls: 1.339 Hist: 0.9666 Path: 0.4337 | 1.2s
  Epoch 143/800 | Total: 6.639 Edge: 0.412 Con: 8.605 Cls: 1.326 Hist: 0.9526 Path: 0.4370 | 1.2s
  Epoch 144/800 | Total: 6.592 Edge: 0.406 Con: 8.615 Cls: 1.317 Hist: 0.9451 Path: 0.4300 | 1.2s
  Epoch 145/800 | Total: 6.689 Edge: 0.394 Con: 8.604 Cls: 1.346 Hist: 0.9724 Path: 0.4227 | Val F1: 0.3303 | 1.2s
  Epoch 146/800 | Total: 6.652 Edge: 0.397 Con: 8.606 Cls: 1.337 Hist: 0.9633 Path: 0.4202 | 1.2s
  Epoch 147/800 | Total: 6.621 Edge: 0.402 Con: 8.606 Cls: 1.326 Hist: 0.9562 Path: 0.4238 | 1.2s
  Epoch 148/800 | Total: 6.569 Edge: 0.400 Con: 8.609 Cls: 1.313 Hist: 0.9472 Path: 0.4221 | 1.2s
  Epoch 149/800 | Total: 6.611 Edge: 0.404 Con: 8.610 Cls: 1.323 Hist: 0.9522 Path: 0.4237 | 1.2s
  Epoch 150/800 | Total: 6.564 Edge: 0.394 Con: 8.603 Cls: 1.316 Hist: 0.9421 Path: 0.4213 | Val F1: 0.3392 | 1.2s
  Epoch 151/800 | Total: 6.587 Edge: 0.395 Con: 8.607 Cls: 1.319 Hist: 0.9476 Path: 0.4263 | 1.2s
  Epoch 152/800 | Total: 6.602 Edge: 0.392 Con: 8.603 Cls: 1.322 Hist: 0.9536 Path: 0.4290 | 1.1s
  Epoch 153/800 | Total: 6.510 Edge: 0.392 Con: 8.604 Cls: 1.298 Hist: 0.9346 Path: 0.4301 | 1.1s
  Epoch 154/800 | Total: 6.511 Edge: 0.385 Con: 8.600 Cls: 1.304 Hist: 0.9369 Path: 0.4165 | 1.2s
  Epoch 155/800 | Total: 6.611 Edge: 0.384 Con: 8.598 Cls: 1.333 Hist: 0.9560 Path: 0.4134 | Val F1: 0.3377 | 1.2s
  Epoch 156/800 | Total: 6.554 Edge: 0.387 Con: 8.596 Cls: 1.313 Hist: 0.9504 Path: 0.4185 | 1.2s
  Epoch 157/800 | Total: 6.495 Edge: 0.383 Con: 8.602 Cls: 1.300 Hist: 0.9341 Path: 0.4165 | 1.1s
  Epoch 158/800 | Total: 6.488 Edge: 0.385 Con: 8.596 Cls: 1.296 Hist: 0.9371 Path: 0.4182 | 1.2s
  Epoch 159/800 | Total: 6.458 Edge: 0.385 Con: 8.600 Cls: 1.290 Hist: 0.9286 Path: 0.4154 | 1.2s
  Epoch 160/800 | Total: 6.435 Edge: 0.381 Con: 8.597 Cls: 1.285 Hist: 0.9287 Path: 0.4112 | Val F1: 0.3373 | 1.2s
  Epoch 161/800 | Total: 6.521 Edge: 0.381 Con: 8.594 Cls: 1.310 Hist: 0.9385 Path: 0.4112 | 1.2s
  Epoch 162/800 | Total: 6.694 Edge: 0.394 Con: 8.611 Cls: 1.349 Hist: 0.9718 Path: 0.4203 | 1.2s
  Epoch 163/800 | Total: 6.673 Edge: 0.401 Con: 8.600 Cls: 1.340 Hist: 0.9680 Path: 0.4232 | 1.1s
  Epoch 164/800 | Total: 6.712 Edge: 0.393 Con: 8.603 Cls: 1.352 Hist: 0.9778 Path: 0.4234 | 1.2s
  Epoch 165/800 | Total: 6.744 Edge: 0.401 Con: 8.612 Cls: 1.360 Hist: 0.9773 Path: 0.4254 | Val F1: 0.3290 | 1.2s
  Epoch 166/800 | Total: 6.713 Edge: 0.396 Con: 8.610 Cls: 1.348 Hist: 0.9712 Path: 0.4397 | 1.2s
  Epoch 167/800 | Total: 6.512 Edge: 0.390 Con: 8.598 Cls: 1.297 Hist: 0.9371 Path: 0.4353 | 1.2s
  Epoch 168/800 | Total: 6.471 Edge: 0.390 Con: 8.604 Cls: 1.285 Hist: 0.9262 Path: 0.4380 | 1.1s
  Epoch 169/800 | Total: 6.502 Edge: 0.396 Con: 8.602 Cls: 1.293 Hist: 0.9260 Path: 0.4423 | 1.2s
  Epoch 170/800 | Total: 6.521 Edge: 0.387 Con: 8.600 Cls: 1.302 Hist: 0.9447 Path: 0.4236 | Val F1: 0.3325 | 1.2s
  Epoch 171/800 | Total: 6.506 Edge: 0.382 Con: 8.593 Cls: 1.303 Hist: 0.9354 Path: 0.4189 | 1.2s
  Epoch 172/800 | Total: 6.425 Edge: 0.381 Con: 8.597 Cls: 1.282 Hist: 0.9253 Path: 0.4110 | 1.2s
  Epoch 173/800 | Total: 6.508 Edge: 0.385 Con: 8.594 Cls: 1.301 Hist: 0.9393 Path: 0.4198 | 1.1s
  Epoch 174/800 | Total: 6.422 Edge: 0.384 Con: 8.592 Cls: 1.280 Hist: 0.9241 Path: 0.4142 | 1.2s
  Epoch 175/800 | Total: 6.416 Edge: 0.382 Con: 8.592 Cls: 1.283 Hist: 0.9153 Path: 0.4098 | Val F1: 0.3554 | 1.2s
  Epoch 176/800 | Total: 6.451 Edge: 0.381 Con: 8.591 Cls: 1.293 Hist: 0.9264 Path: 0.4066 | 1.2s
  Epoch 177/800 | Total: 6.366 Edge: 0.378 Con: 8.595 Cls: 1.268 Hist: 0.9154 Path: 0.4075 | 1.2s
  Epoch 178/800 | Total: 6.416 Edge: 0.378 Con: 8.597 Cls: 1.283 Hist: 0.9241 Path: 0.4061 | 1.2s
  Epoch 179/800 | Total: 6.479 Edge: 0.380 Con: 8.591 Cls: 1.299 Hist: 0.9336 Path: 0.4095 | 1.2s
  Epoch 180/800 | Total: 6.446 Edge: 0.379 Con: 8.590 Cls: 1.288 Hist: 0.9296 Path: 0.4137 | Val F1: 0.3583 | 1.2s
  Epoch 181/800 | Total: 6.474 Edge: 0.387 Con: 8.589 Cls: 1.291 Hist: 0.9333 Path: 0.4207 | 1.2s
  Epoch 182/800 | Total: 6.596 Edge: 0.405 Con: 8.601 Cls: 1.317 Hist: 0.9431 Path: 0.4362 | 1.2s
  Epoch 183/800 | Total: 6.780 Edge: 0.402 Con: 8.603 Cls: 1.368 Hist: 0.9833 Path: 0.4316 | 1.2s
  Epoch 184/800 | Total: 6.709 Edge: 0.412 Con: 8.611 Cls: 1.346 Hist: 0.9590 Path: 0.4400 | 1.2s
  Epoch 185/800 | Total: 6.674 Edge: 0.409 Con: 8.598 Cls: 1.337 Hist: 0.9562 Path: 0.4385 | Val F1: 0.3462 | 1.2s
  Epoch 186/800 | Total: 6.556 Edge: 0.399 Con: 8.589 Cls: 1.312 Hist: 0.9436 Path: 0.4186 | 1.2s
  Epoch 187/800 | Total: 6.551 Edge: 0.389 Con: 8.596 Cls: 1.315 Hist: 0.9388 Path: 0.4194 | 1.2s
  Epoch 188/800 | Total: 6.450 Edge: 0.386 Con: 8.592 Cls: 1.289 Hist: 0.9245 Path: 0.4135 | 1.2s
  Epoch 189/800 | Total: 6.453 Edge: 0.384 Con: 8.586 Cls: 1.289 Hist: 0.9344 Path: 0.4095 | 1.2s
  Epoch 190/800 | Total: 6.408 Edge: 0.385 Con: 8.591 Cls: 1.278 Hist: 0.9202 Path: 0.4110 | Val F1: 0.3529 | 1.2s
  Epoch 191/800 | Total: 6.355 Edge: 0.379 Con: 8.593 Cls: 1.265 Hist: 0.9149 Path: 0.4060 | 1.2s
  Epoch 192/800 | Total: 6.292 Edge: 0.374 Con: 8.584 Cls: 1.251 Hist: 0.9013 Path: 0.4037 | 1.2s
  Epoch 193/800 | Total: 6.325 Edge: 0.378 Con: 8.587 Cls: 1.259 Hist: 0.9025 Path: 0.4076 | 1.2s
  Epoch 194/800 | Total: 6.268 Edge: 0.373 Con: 8.584 Cls: 1.247 Hist: 0.8990 Path: 0.3976 | 1.2s
  Epoch 195/800 | Total: 6.303 Edge: 0.370 Con: 8.586 Cls: 1.259 Hist: 0.9019 Path: 0.3957 | Val F1: 0.3689 | 1.2s
  Epoch 196/800 | Total: 6.320 Edge: 0.370 Con: 8.583 Cls: 1.263 Hist: 0.9116 Path: 0.3913 | 1.2s
  Epoch 197/800 | Total: 6.283 Edge: 0.372 Con: 8.588 Cls: 1.253 Hist: 0.8996 Path: 0.3931 | 1.2s
  Epoch 198/800 | Total: 6.322 Edge: 0.381 Con: 8.592 Cls: 1.257 Hist: 0.9018 Path: 0.4099 | 1.2s
  Epoch 199/800 | Total: 6.313 Edge: 0.380 Con: 8.592 Cls: 1.253 Hist: 0.9047 Path: 0.4083 | 1.2s
  Epoch 200/800 | Total: 6.484 Edge: 0.387 Con: 8.594 Cls: 1.295 Hist: 0.9326 Path: 0.4211 | Val F1: 0.3472 | 1.2s
  Epoch 201/800 | Total: 6.472 Edge: 0.400 Con: 8.587 Cls: 1.286 Hist: 0.9222 Path: 0.4324 | 1.2s
  Epoch 202/800 | Total: 6.363 Edge: 0.393 Con: 8.585 Cls: 1.259 Hist: 0.9146 Path: 0.4207 | 1.2s
  Epoch 203/800 | Total: 6.303 Edge: 0.387 Con: 8.582 Cls: 1.249 Hist: 0.9057 Path: 0.4036 | 1.2s
  Epoch 204/800 | Total: 6.301 Edge: 0.374 Con: 8.581 Cls: 1.259 Hist: 0.8977 Path: 0.3949 | 1.2s
  Epoch 205/800 | Total: 6.285 Edge: 0.376 Con: 8.589 Cls: 1.251 Hist: 0.8986 Path: 0.3997 | Val F1: 0.3587 | 1.2s
  Epoch 206/800 | Total: 6.257 Edge: 0.371 Con: 8.585 Cls: 1.247 Hist: 0.8939 Path: 0.3928 | 1.2s
  Epoch 207/800 | Total: 6.275 Edge: 0.373 Con: 8.585 Cls: 1.250 Hist: 0.8992 Path: 0.3951 | 1.1s
  Epoch 208/800 | Total: 6.242 Edge: 0.379 Con: 8.582 Cls: 1.239 Hist: 0.8898 Path: 0.3975 | 1.2s
  Epoch 209/800 | Total: 6.274 Edge: 0.374 Con: 8.579 Cls: 1.247 Hist: 0.8983 Path: 0.4030 | 1.2s
  Epoch 210/800 | Total: 6.381 Edge: 0.373 Con: 8.579 Cls: 1.277 Hist: 0.9183 Path: 0.4022 | Val F1: 0.3570 | 1.2s
  Epoch 211/800 | Total: 6.350 Edge: 0.375 Con: 8.581 Cls: 1.267 Hist: 0.9100 Path: 0.4071 | 1.1s
  Epoch 212/800 | Total: 6.259 Edge: 0.374 Con: 8.592 Cls: 1.244 Hist: 0.8892 Path: 0.4041 | 1.2s
  Epoch 213/800 | Total: 6.594 Edge: 0.382 Con: 8.584 Cls: 1.330 Hist: 0.9452 Path: 0.4172 | 1.2s
  Epoch 214/800 | Total: 6.655 Edge: 0.384 Con: 8.591 Cls: 1.341 Hist: 0.9627 Path: 0.4265 | 1.2s
  Epoch 215/800 | Total: 6.427 Edge: 0.381 Con: 8.575 Cls: 1.282 Hist: 0.9277 Path: 0.4147 | Val F1: 0.3643 | 1.2s
  Epoch 216/800 | Total: 6.521 Edge: 0.403 Con: 8.602 Cls: 1.298 Hist: 0.9307 Path: 0.4333 | 1.2s
  Epoch 217/800 | Total: 6.489 Edge: 0.383 Con: 8.575 Cls: 1.301 Hist: 0.9358 Path: 0.4094 | 1.2s
  Epoch 218/800 | Total: 6.448 Edge: 0.381 Con: 8.587 Cls: 1.291 Hist: 0.9276 Path: 0.4075 | 1.2s
  Epoch 219/800 | Total: 6.517 Edge: 0.380 Con: 8.586 Cls: 1.310 Hist: 0.9392 Path: 0.4099 | 1.2s
  Epoch 220/800 | Total: 6.438 Edge: 0.392 Con: 8.591 Cls: 1.285 Hist: 0.9157 Path: 0.4154 | Val F1: 0.3603 | 1.2s
  Epoch 221/800 | Total: 6.378 Edge: 0.386 Con: 8.582 Cls: 1.270 Hist: 0.9107 Path: 0.4131 | 1.2s
  Epoch 222/800 | Total: 6.307 Edge: 0.379 Con: 8.575 Cls: 1.256 Hist: 0.9039 Path: 0.3982 | 1.2s
  Epoch 223/800 | Total: 6.314 Edge: 0.379 Con: 8.585 Cls: 1.260 Hist: 0.8994 Path: 0.3969 | 1.2s
  Epoch 224/800 | Total: 6.261 Edge: 0.378 Con: 8.580 Cls: 1.244 Hist: 0.8926 Path: 0.3999 | 1.2s
  Epoch 225/800 | Total: 6.332 Edge: 0.378 Con: 8.582 Cls: 1.263 Hist: 0.9082 Path: 0.3976 | Val F1: 0.3791 | 1.2s
  Epoch 226/800 | Total: 6.256 Edge: 0.373 Con: 8.584 Cls: 1.245 Hist: 0.8921 Path: 0.3970 | 1.1s
  Epoch 227/800 | Total: 6.259 Edge: 0.370 Con: 8.572 Cls: 1.249 Hist: 0.8962 Path: 0.3895 | 1.2s
  Epoch 228/800 | Total: 6.190 Edge: 0.368 Con: 8.585 Cls: 1.233 Hist: 0.8749 Path: 0.3896 | 1.2s
  Epoch 229/800 | Total: 6.200 Edge: 0.371 Con: 8.576 Cls: 1.232 Hist: 0.8816 Path: 0.3941 | 1.2s
  Epoch 230/800 | Total: 6.164 Edge: 0.370 Con: 8.578 Cls: 1.221 Hist: 0.8772 Path: 0.3956 | Val F1: 0.3825 | 1.2s
  Epoch 231/800 | Total: 6.189 Edge: 0.368 Con: 8.574 Cls: 1.229 Hist: 0.8836 Path: 0.3923 | 1.2s
  Epoch 232/800 | Total: 6.331 Edge: 0.374 Con: 8.579 Cls: 1.268 Hist: 0.8986 Path: 0.3964 | 1.2s
  Epoch 233/800 | Total: 6.376 Edge: 0.372 Con: 8.583 Cls: 1.277 Hist: 0.9144 Path: 0.4004 | 1.2s
  Epoch 234/800 | Total: 6.420 Edge: 0.376 Con: 8.576 Cls: 1.286 Hist: 0.9271 Path: 0.4019 | 1.2s
  Epoch 235/800 | Total: 6.306 Edge: 0.377 Con: 8.583 Cls: 1.257 Hist: 0.9003 Path: 0.3998 | Val F1: 0.3648 | 1.2s
  Epoch 236/800 | Total: 6.299 Edge: 0.377 Con: 8.575 Cls: 1.253 Hist: 0.9001 Path: 0.4044 | 1.2s
  Epoch 237/800 | Total: 6.409 Edge: 0.376 Con: 8.585 Cls: 1.278 Hist: 0.9195 Path: 0.4220 | 1.1s
  Epoch 238/800 | Total: 6.283 Edge: 0.378 Con: 8.581 Cls: 1.245 Hist: 0.8977 Path: 0.4130 | 1.1s
  Epoch 239/800 | Total: 6.183 Edge: 0.371 Con: 8.581 Cls: 1.225 Hist: 0.8780 Path: 0.3992 | 1.2s
  Epoch 240/800 | Total: 6.077 Edge: 0.367 Con: 8.581 Cls: 1.198 Hist: 0.8667 Path: 0.3919 | Val F1: 0.3782 | 1.2s
  Epoch 241/800 | Total: 6.247 Edge: 0.365 Con: 8.574 Cls: 1.247 Hist: 0.8936 Path: 0.3887 | 1.2s
  Epoch 242/800 | Total: 6.177 Edge: 0.369 Con: 8.578 Cls: 1.223 Hist: 0.8792 Path: 0.4010 | 1.2s
  Epoch 243/800 | Total: 6.172 Edge: 0.371 Con: 8.576 Cls: 1.222 Hist: 0.8827 Path: 0.3941 | 1.2s
  Epoch 244/800 | Total: 6.109 Edge: 0.368 Con: 8.571 Cls: 1.208 Hist: 0.8698 Path: 0.3910 | 1.1s
  Epoch 245/800 | Total: 6.102 Edge: 0.365 Con: 8.567 Cls: 1.210 Hist: 0.8726 Path: 0.3788 | Val F1: 0.3832 | 1.1s
  Epoch 246/800 | Total: 6.108 Edge: 0.365 Con: 8.573 Cls: 1.211 Hist: 0.8693 Path: 0.3847 | 1.1s
  Epoch 247/800 | Total: 6.151 Edge: 0.371 Con: 8.572 Cls: 1.219 Hist: 0.8766 Path: 0.3891 | 1.1s
  Epoch 248/800 | Total: 6.142 Edge: 0.369 Con: 8.575 Cls: 1.218 Hist: 0.8694 Path: 0.3910 | 1.1s
  Epoch 249/800 | Total: 6.252 Edge: 0.374 Con: 8.574 Cls: 1.242 Hist: 0.8894 Path: 0.4059 | 1.1s
  Epoch 250/800 | Total: 6.244 Edge: 0.380 Con: 8.574 Cls: 1.234 Hist: 0.8899 Path: 0.4141 | Val F1: 0.3776 | 1.1s
  Epoch 251/800 | Total: 6.191 Edge: 0.376 Con: 8.571 Cls: 1.223 Hist: 0.8877 Path: 0.4021 | 1.1s
  Epoch 252/800 | Total: 6.274 Edge: 0.372 Con: 8.578 Cls: 1.249 Hist: 0.9009 Path: 0.3977 | 1.1s
  Epoch 253/800 | Total: 6.252 Edge: 0.366 Con: 8.575 Cls: 1.246 Hist: 0.8930 Path: 0.3966 | 1.1s
  Epoch 254/800 | Total: 6.177 Edge: 0.365 Con: 8.565 Cls: 1.228 Hist: 0.8858 Path: 0.3864 | 1.1s
  Epoch 255/800 | Total: 6.120 Edge: 0.364 Con: 8.566 Cls: 1.214 Hist: 0.8736 Path: 0.3853 | Val F1: 0.3776 | 1.1s
  Epoch 256/800 | Total: 6.150 Edge: 0.366 Con: 8.576 Cls: 1.222 Hist: 0.8742 Path: 0.3880 | 1.2s
  Epoch 257/800 | Total: 6.138 Edge: 0.365 Con: 8.561 Cls: 1.217 Hist: 0.8793 Path: 0.3876 | 1.2s
  Epoch 258/800 | Total: 6.136 Edge: 0.361 Con: 8.568 Cls: 1.219 Hist: 0.8774 Path: 0.3844 | 1.2s
  Epoch 259/800 | Total: 6.094 Edge: 0.361 Con: 8.568 Cls: 1.208 Hist: 0.8680 Path: 0.3832 | 1.2s
  Epoch 260/800 | Total: 6.128 Edge: 0.363 Con: 8.574 Cls: 1.216 Hist: 0.8773 Path: 0.3821 | Val F1: 0.3573 | 1.2s
  Epoch 261/800 | Total: 6.618 Edge: 0.386 Con: 8.594 Cls: 1.341 Hist: 0.9430 Path: 0.4074 | 1.2s
  Epoch 262/800 | Total: 6.375 Edge: 0.396 Con: 8.593 Cls: 1.261 Hist: 0.9075 Path: 0.4292 | 1.1s
  Epoch 263/800 | Total: 6.276 Edge: 0.382 Con: 8.576 Cls: 1.241 Hist: 0.8947 Path: 0.4176 | 1.2s
  Epoch 264/800 | Total: 6.175 Edge: 0.374 Con: 8.578 Cls: 1.220 Hist: 0.8802 Path: 0.4044 | 1.2s
  Epoch 265/800 | Total: 6.137 Edge: 0.371 Con: 8.575 Cls: 1.212 Hist: 0.8784 Path: 0.3947 | Val F1: 0.3880 | 1.2s
  Epoch 266/800 | Total: 6.070 Edge: 0.364 Con: 8.571 Cls: 1.200 Hist: 0.8644 Path: 0.3838 | 1.2s
  Epoch 267/800 | Total: 6.023 Edge: 0.362 Con: 8.571 Cls: 1.188 Hist: 0.8586 Path: 0.3809 | 1.2s
  Epoch 268/800 | Total: 6.023 Edge: 0.366 Con: 8.570 Cls: 1.186 Hist: 0.8579 Path: 0.3837 | 1.2s
  Epoch 269/800 | Total: 6.029 Edge: 0.364 Con: 8.572 Cls: 1.190 Hist: 0.8551 Path: 0.3814 | 1.2s
  Epoch 270/800 | Total: 6.016 Edge: 0.365 Con: 8.572 Cls: 1.185 Hist: 0.8545 Path: 0.3835 | Val F1: 0.3918 | 1.2s
  Epoch 271/800 | Total: 6.081 Edge: 0.366 Con: 8.576 Cls: 1.202 Hist: 0.8670 Path: 0.3864 | 1.2s
  Epoch 272/800 | Total: 6.102 Edge: 0.365 Con: 8.566 Cls: 1.208 Hist: 0.8696 Path: 0.3860 | 1.1s
  Epoch 273/800 | Total: 6.073 Edge: 0.363 Con: 8.572 Cls: 1.204 Hist: 0.8592 Path: 0.3816 | 1.2s
  Epoch 274/800 | Total: 6.117 Edge: 0.360 Con: 8.563 Cls: 1.215 Hist: 0.8747 Path: 0.3822 | 1.2s
  Epoch 275/800 | Total: 6.064 Edge: 0.358 Con: 8.560 Cls: 1.202 Hist: 0.8639 Path: 0.3818 | Val F1: 0.3792 | 1.1s
  Epoch 276/800 | Total: 6.045 Edge: 0.356 Con: 8.563 Cls: 1.199 Hist: 0.8619 Path: 0.3743 | 1.1s
  Epoch 277/800 | Total: 5.993 Edge: 0.358 Con: 8.564 Cls: 1.183 Hist: 0.8525 Path: 0.3760 | 1.1s
  Epoch 278/800 | Total: 5.990 Edge: 0.355 Con: 8.564 Cls: 1.185 Hist: 0.8531 Path: 0.3706 | 1.1s
  Epoch 279/800 | Total: 5.963 Edge: 0.356 Con: 8.565 Cls: 1.176 Hist: 0.8492 Path: 0.3734 | 1.1s
  Epoch 280/800 | Total: 6.018 Edge: 0.362 Con: 8.566 Cls: 1.187 Hist: 0.8573 Path: 0.3809 | Val F1: 0.3778 | 1.1s
  Epoch 281/800 | Total: 6.035 Edge: 0.363 Con: 8.572 Cls: 1.192 Hist: 0.8509 Path: 0.3894 | 1.1s
  Epoch 282/800 | Total: 6.117 Edge: 0.362 Con: 8.571 Cls: 1.213 Hist: 0.8735 Path: 0.3846 | 1.2s
  Epoch 283/800 | Total: 5.988 Edge: 0.357 Con: 8.564 Cls: 1.181 Hist: 0.8546 Path: 0.3780 | 1.2s
  Epoch 284/800 | Total: 6.131 Edge: 0.362 Con: 8.576 Cls: 1.217 Hist: 0.8724 Path: 0.3880 | 1.2s
  Epoch 285/800 | Total: 6.354 Edge: 0.361 Con: 8.564 Cls: 1.277 Hist: 0.9181 Path: 0.3872 | Val F1: 0.3839 | 1.2s
  Epoch 286/800 | Total: 6.269 Edge: 0.371 Con: 8.578 Cls: 1.244 Hist: 0.8997 Path: 0.4091 | 1.2s
  Epoch 287/800 | Total: 6.181 Edge: 0.372 Con: 8.578 Cls: 1.223 Hist: 0.8786 Path: 0.4040 | 1.2s
  Epoch 288/800 | Total: 6.219 Edge: 0.374 Con: 8.575 Cls: 1.231 Hist: 0.8886 Path: 0.4047 | 1.2s
  Epoch 289/800 | Total: 6.116 Edge: 0.369 Con: 8.564 Cls: 1.204 Hist: 0.8722 Path: 0.4069 | 1.2s
  Epoch 290/800 | Total: 6.041 Edge: 0.360 Con: 8.566 Cls: 1.193 Hist: 0.8594 Path: 0.3867 | Val F1: 0.3984 | 1.2s
  Epoch 291/800 | Total: 6.073 Edge: 0.361 Con: 8.561 Cls: 1.200 Hist: 0.8659 Path: 0.3902 | 1.2s
  Epoch 292/800 | Total: 5.992 Edge: 0.363 Con: 8.572 Cls: 1.181 Hist: 0.8491 Path: 0.3804 | 1.2s
  Epoch 293/800 | Total: 5.998 Edge: 0.361 Con: 8.566 Cls: 1.182 Hist: 0.8503 Path: 0.3830 | 1.2s
  Epoch 294/800 | Total: 5.970 Edge: 0.361 Con: 8.559 Cls: 1.176 Hist: 0.8453 Path: 0.3801 | 1.2s
  Epoch 295/800 | Total: 5.932 Edge: 0.359 Con: 8.565 Cls: 1.165 Hist: 0.8450 Path: 0.3762 | Val F1: 0.3940 | 1.2s
  Epoch 296/800 | Total: 5.959 Edge: 0.359 Con: 8.564 Cls: 1.173 Hist: 0.8493 Path: 0.3763 | 1.2s
  Epoch 297/800 | Total: 6.015 Edge: 0.358 Con: 8.561 Cls: 1.189 Hist: 0.8576 Path: 0.3753 | 1.2s
  Epoch 298/800 | Total: 5.962 Edge: 0.358 Con: 8.558 Cls: 1.173 Hist: 0.8461 Path: 0.3818 | 1.2s
  Epoch 299/800 | Total: 6.200 Edge: 0.360 Con: 8.567 Cls: 1.237 Hist: 0.8904 Path: 0.3823 | 1.2s
  Epoch 300/800 | Total: 6.329 Edge: 0.366 Con: 8.564 Cls: 1.268 Hist: 0.9126 Path: 0.3918 | Val F1: 0.3688 | 1.2s
  Epoch 301/800 | Total: 6.250 Edge: 0.374 Con: 8.563 Cls: 1.245 Hist: 0.8865 Path: 0.3978 | 1.2s
  Epoch 302/800 | Total: 6.123 Edge: 0.370 Con: 8.566 Cls: 1.209 Hist: 0.8713 Path: 0.3970 | 1.2s
  Epoch 303/800 | Total: 6.060 Edge: 0.374 Con: 8.563 Cls: 1.190 Hist: 0.8558 Path: 0.4040 | 1.2s
  Epoch 304/800 | Total: 6.149 Edge: 0.368 Con: 8.561 Cls: 1.220 Hist: 0.8779 Path: 0.3870 | 1.2s
  Epoch 305/800 | Total: 6.161 Edge: 0.364 Con: 8.576 Cls: 1.222 Hist: 0.8858 Path: 0.3877 | Val F1: 0.3868 | 1.2s
  Epoch 306/800 | Total: 6.253 Edge: 0.369 Con: 8.564 Cls: 1.245 Hist: 0.9037 Path: 0.3896 | 1.2s
  Epoch 307/800 | Total: 6.183 Edge: 0.362 Con: 8.569 Cls: 1.229 Hist: 0.8934 Path: 0.3836 | 1.2s
  Epoch 308/800 | Total: 6.038 Edge: 0.363 Con: 8.564 Cls: 1.192 Hist: 0.8609 Path: 0.3828 | 1.1s
  Epoch 309/800 | Total: 6.048 Edge: 0.359 Con: 8.565 Cls: 1.194 Hist: 0.8685 Path: 0.3817 | 1.1s
  Epoch 310/800 | Total: 5.944 Edge: 0.353 Con: 8.561 Cls: 1.170 Hist: 0.8472 Path: 0.3772 | Val F1: 0.3934 | 1.1s
  Epoch 311/800 | Total: 5.957 Edge: 0.356 Con: 8.562 Cls: 1.174 Hist: 0.8495 Path: 0.3733 | 1.1s
  Epoch 312/800 | Total: 5.913 Edge: 0.352 Con: 8.562 Cls: 1.163 Hist: 0.8463 Path: 0.3688 | 1.1s
  Epoch 313/800 | Total: 5.977 Edge: 0.356 Con: 8.565 Cls: 1.178 Hist: 0.8557 Path: 0.3745 | 1.1s
  Epoch 314/800 | Total: 5.975 Edge: 0.357 Con: 8.562 Cls: 1.179 Hist: 0.8488 Path: 0.3753 | 1.1s
  Epoch 315/800 | Total: 5.878 Edge: 0.361 Con: 8.565 Cls: 1.149 Hist: 0.8347 Path: 0.3779 | Val F1: 0.3985 | 1.1s
  Epoch 316/800 | Total: 5.954 Edge: 0.363 Con: 8.566 Cls: 1.168 Hist: 0.8477 Path: 0.3832 | 1.1s
  Epoch 317/800 | Total: 5.983 Edge: 0.373 Con: 8.564 Cls: 1.172 Hist: 0.8440 Path: 0.3929 | 1.2s
  Epoch 318/800 | Total: 6.022 Edge: 0.378 Con: 8.558 Cls: 1.177 Hist: 0.8605 Path: 0.3976 | 1.2s
  Epoch 319/800 | Total: 5.977 Edge: 0.362 Con: 8.564 Cls: 1.174 Hist: 0.8540 Path: 0.3825 | 1.2s
  Epoch 320/800 | Total: 6.000 Edge: 0.362 Con: 8.558 Cls: 1.183 Hist: 0.8530 Path: 0.3814 | Val F1: 0.3953 | 1.2s
  Epoch 321/800 | Total: 5.931 Edge: 0.359 Con: 8.567 Cls: 1.165 Hist: 0.8394 Path: 0.3807 | 1.1s
  Epoch 322/800 | Total: 5.931 Edge: 0.356 Con: 8.564 Cls: 1.165 Hist: 0.8433 Path: 0.3784 | 1.2s
  Epoch 323/800 | Total: 5.991 Edge: 0.355 Con: 8.558 Cls: 1.182 Hist: 0.8532 Path: 0.3829 | 1.2s
  Epoch 324/800 | Total: 6.022 Edge: 0.355 Con: 8.562 Cls: 1.191 Hist: 0.8540 Path: 0.3841 | 1.2s
  Epoch 325/800 | Total: 6.076 Edge: 0.361 Con: 8.567 Cls: 1.204 Hist: 0.8668 Path: 0.3807 | Val F1: 0.3733 | 1.2s
  Epoch 326/800 | Total: 6.040 Edge: 0.363 Con: 8.561 Cls: 1.193 Hist: 0.8647 Path: 0.3769 | 1.2s
  Epoch 327/800 | Total: 6.080 Edge: 0.361 Con: 8.567 Cls: 1.206 Hist: 0.8663 Path: 0.3777 | 1.2s
  Epoch 328/800 | Total: 6.122 Edge: 0.364 Con: 8.570 Cls: 1.213 Hist: 0.8785 Path: 0.3841 | 1.2s
  Epoch 329/800 | Total: 6.173 Edge: 0.362 Con: 8.554 Cls: 1.229 Hist: 0.8854 Path: 0.3839 | 1.2s
  Epoch 330/800 | Total: 6.073 Edge: 0.364 Con: 8.563 Cls: 1.201 Hist: 0.8656 Path: 0.3842 | Val F1: 0.3861 | 1.2s
  Epoch 331/800 | Total: 6.029 Edge: 0.364 Con: 8.555 Cls: 1.193 Hist: 0.8598 Path: 0.3700 | 1.2s
  Epoch 332/800 | Total: 5.936 Edge: 0.361 Con: 8.559 Cls: 1.166 Hist: 0.8463 Path: 0.3753 | 1.2s
  Epoch 333/800 | Total: 5.930 Edge: 0.353 Con: 8.555 Cls: 1.170 Hist: 0.8427 Path: 0.3700 | 1.2s
  Epoch 334/800 | Total: 5.873 Edge: 0.360 Con: 8.559 Cls: 1.149 Hist: 0.8347 Path: 0.3747 | 1.2s
  Epoch 335/800 | Total: 5.867 Edge: 0.355 Con: 8.553 Cls: 1.149 Hist: 0.8391 Path: 0.3700 | Val F1: 0.3893 | 1.1s
  Epoch 336/800 | Total: 6.023 Edge: 0.357 Con: 8.557 Cls: 1.191 Hist: 0.8610 Path: 0.3757 | 1.1s
  Epoch 337/800 | Total: 6.049 Edge: 0.362 Con: 8.571 Cls: 1.193 Hist: 0.8628 Path: 0.3879 | 1.1s
  Epoch 338/800 | Total: 6.082 Edge: 0.361 Con: 8.560 Cls: 1.203 Hist: 0.8729 Path: 0.3837 | 1.1s
  Epoch 339/800 | Total: 5.980 Edge: 0.361 Con: 8.563 Cls: 1.175 Hist: 0.8528 Path: 0.3845 | 1.1s
  Epoch 340/800 | Total: 5.936 Edge: 0.357 Con: 8.553 Cls: 1.168 Hist: 0.8462 Path: 0.3751 | Val F1: 0.3910 | 1.1s
  Epoch 341/800 | Total: 5.942 Edge: 0.352 Con: 8.555 Cls: 1.173 Hist: 0.8455 Path: 0.3707 | 1.2s
  Epoch 342/800 | Total: 6.031 Edge: 0.362 Con: 8.564 Cls: 1.189 Hist: 0.8603 Path: 0.3869 | 1.2s
  Epoch 343/800 | Total: 6.107 Edge: 0.361 Con: 8.565 Cls: 1.209 Hist: 0.8752 Path: 0.3872 | 1.2s
  Epoch 344/800 | Total: 6.100 Edge: 0.366 Con: 8.570 Cls: 1.207 Hist: 0.8676 Path: 0.3879 | 1.2s
  Epoch 345/800 | Total: 6.070 Edge: 0.356 Con: 8.561 Cls: 1.200 Hist: 0.8804 Path: 0.3764 | Val F1: 0.3735 | 1.2s
  Epoch 346/800 | Total: 6.046 Edge: 0.355 Con: 8.560 Cls: 1.195 Hist: 0.8751 Path: 0.3752 | 1.2s
  Epoch 347/800 | Total: 6.066 Edge: 0.356 Con: 8.556 Cls: 1.201 Hist: 0.8684 Path: 0.3818 | 1.2s
  Epoch 348/800 | Total: 5.899 Edge: 0.363 Con: 8.560 Cls: 1.153 Hist: 0.8366 Path: 0.3832 | 1.2s
  Epoch 349/800 | Total: 5.899 Edge: 0.360 Con: 8.555 Cls: 1.155 Hist: 0.8412 Path: 0.3771 | 1.2s
  Epoch 350/800 | Total: 5.860 Edge: 0.359 Con: 8.565 Cls: 1.148 Hist: 0.8260 Path: 0.3736 | Val F1: 0.3953 | 1.2s
  Epoch 351/800 | Total: 5.903 Edge: 0.357 Con: 8.549 Cls: 1.158 Hist: 0.8381 Path: 0.3781 | 1.2s
  Epoch 352/800 | Total: 5.914 Edge: 0.354 Con: 8.551 Cls: 1.164 Hist: 0.8396 Path: 0.3723 | 1.2s
  Epoch 353/800 | Total: 5.946 Edge: 0.353 Con: 8.560 Cls: 1.171 Hist: 0.8500 Path: 0.3736 | 1.2s
  Epoch 354/800 | Total: 5.911 Edge: 0.348 Con: 8.553 Cls: 1.167 Hist: 0.8391 Path: 0.3681 | 1.2s
  Epoch 355/800 | Total: 5.845 Edge: 0.347 Con: 8.548 Cls: 1.147 Hist: 0.8375 Path: 0.3638 | Val F1: 0.3954 | 1.2s
  Epoch 356/800 | Total: 5.929 Edge: 0.350 Con: 8.554 Cls: 1.170 Hist: 0.8482 Path: 0.3664 | 1.2s
  Epoch 357/800 | Total: 5.837 Edge: 0.348 Con: 8.552 Cls: 1.144 Hist: 0.8360 Path: 0.3652 | 1.2s
  Epoch 358/800 | Total: 5.842 Edge: 0.348 Con: 8.550 Cls: 1.148 Hist: 0.8303 Path: 0.3640 | 1.2s
  Epoch 359/800 | Total: 5.798 Edge: 0.351 Con: 8.550 Cls: 1.133 Hist: 0.8270 Path: 0.3658 | 1.2s
  Epoch 360/800 | Total: 5.788 Edge: 0.355 Con: 8.552 Cls: 1.130 Hist: 0.8164 Path: 0.3718 | Val F1: 0.4067 | 1.2s
  Epoch 361/800 | Total: 5.825 Edge: 0.353 Con: 8.549 Cls: 1.140 Hist: 0.8267 Path: 0.3700 | 1.2s
  Epoch 362/800 | Total: 5.859 Edge: 0.352 Con: 8.558 Cls: 1.149 Hist: 0.8306 Path: 0.3728 | 1.2s
  Epoch 363/800 | Total: 6.007 Edge: 0.355 Con: 8.554 Cls: 1.186 Hist: 0.8611 Path: 0.3782 | 1.2s
  Epoch 364/800 | Total: 5.901 Edge: 0.356 Con: 8.553 Cls: 1.158 Hist: 0.8412 Path: 0.3733 | 1.2s
  Epoch 365/800 | Total: 5.860 Edge: 0.352 Con: 8.556 Cls: 1.148 Hist: 0.8270 Path: 0.3820 | Val F1: 0.4054 | 1.2s
  Epoch 366/800 | Total: 5.916 Edge: 0.360 Con: 8.552 Cls: 1.157 Hist: 0.8442 Path: 0.3860 | 1.2s
  Epoch 367/800 | Total: 6.053 Edge: 0.359 Con: 8.560 Cls: 1.197 Hist: 0.8617 Path: 0.3862 | 1.2s
  Epoch 368/800 | Total: 6.075 Edge: 0.363 Con: 8.559 Cls: 1.202 Hist: 0.8691 Path: 0.3811 | 1.2s
  Epoch 369/800 | Total: 5.981 Edge: 0.357 Con: 8.561 Cls: 1.179 Hist: 0.8479 Path: 0.3837 | 1.2s
  Epoch 370/800 | Total: 5.931 Edge: 0.353 Con: 8.559 Cls: 1.167 Hist: 0.8449 Path: 0.3766 | Val F1: 0.3991 | 1.2s
  Epoch 371/800 | Total: 5.849 Edge: 0.352 Con: 8.554 Cls: 1.147 Hist: 0.8337 Path: 0.3678 | 1.2s
  Epoch 372/800 | Total: 5.827 Edge: 0.348 Con: 8.552 Cls: 1.143 Hist: 0.8274 Path: 0.3671 | 1.2s
  Epoch 373/800 | Total: 5.828 Edge: 0.346 Con: 8.555 Cls: 1.143 Hist: 0.8318 Path: 0.3664 | 1.2s
  Epoch 374/800 | Total: 5.843 Edge: 0.346 Con: 8.554 Cls: 1.148 Hist: 0.8317 Path: 0.3657 | 1.2s
  Epoch 375/800 | Total: 5.898 Edge: 0.353 Con: 8.556 Cls: 1.156 Hist: 0.8443 Path: 0.3775 | Val F1: 0.3704 | 1.2s
  Epoch 376/800 | Total: 6.038 Edge: 0.363 Con: 8.564 Cls: 1.192 Hist: 0.8616 Path: 0.3807 | 1.2s
  Epoch 377/800 | Total: 6.079 Edge: 0.377 Con: 8.555 Cls: 1.192 Hist: 0.8708 Path: 0.4000 | 1.2s
  Epoch 378/800 | Total: 5.907 Edge: 0.356 Con: 8.553 Cls: 1.160 Hist: 0.8417 Path: 0.3738 | 1.2s
  Epoch 379/800 | Total: 5.850 Edge: 0.351 Con: 8.555 Cls: 1.146 Hist: 0.8332 Path: 0.3717 | 1.2s
  Epoch 380/800 | Total: 5.839 Edge: 0.351 Con: 8.557 Cls: 1.142 Hist: 0.8322 Path: 0.3733 | Val F1: 0.4003 | 1.2s
  Epoch 381/800 | Total: 5.867 Edge: 0.354 Con: 8.551 Cls: 1.148 Hist: 0.8379 Path: 0.3753 | 1.2s
  Epoch 382/800 | Total: 5.887 Edge: 0.350 Con: 8.550 Cls: 1.160 Hist: 0.8376 Path: 0.3649 | 1.2s
  Epoch 383/800 | Total: 5.793 Edge: 0.348 Con: 8.555 Cls: 1.134 Hist: 0.8249 Path: 0.3627 | 1.2s
  Epoch 384/800 | Total: 5.836 Edge: 0.349 Con: 8.552 Cls: 1.145 Hist: 0.8328 Path: 0.3639 | 1.2s
  Epoch 385/800 | Total: 5.812 Edge: 0.347 Con: 8.547 Cls: 1.142 Hist: 0.8207 Path: 0.3644 | Val F1: 0.4039 | 1.2s
  Epoch 386/800 | Total: 5.823 Edge: 0.354 Con: 8.555 Cls: 1.140 Hist: 0.8242 Path: 0.3685 | 1.2s
  Epoch 387/800 | Total: 5.871 Edge: 0.355 Con: 8.549 Cls: 1.153 Hist: 0.8323 Path: 0.3703 | 1.2s
  Epoch 388/800 | Total: 5.821 Edge: 0.350 Con: 8.541 Cls: 1.139 Hist: 0.8340 Path: 0.3641 | 1.2s
  Epoch 389/800 | Total: 5.795 Edge: 0.348 Con: 8.548 Cls: 1.137 Hist: 0.8208 Path: 0.3606 | 1.2s
  Epoch 390/800 | Total: 5.787 Edge: 0.348 Con: 8.546 Cls: 1.133 Hist: 0.8210 Path: 0.3636 | Val F1: 0.4006 | 1.2s
  Epoch 391/800 | Total: 5.882 Edge: 0.350 Con: 8.552 Cls: 1.158 Hist: 0.8384 Path: 0.3645 | 1.2s
  Epoch 392/800 | Total: 5.896 Edge: 0.355 Con: 8.551 Cls: 1.159 Hist: 0.8379 Path: 0.3720 | 1.2s
  Epoch 393/800 | Total: 5.867 Edge: 0.354 Con: 8.556 Cls: 1.150 Hist: 0.8356 Path: 0.3718 | 1.4s
  Epoch 394/800 | Total: 5.826 Edge: 0.353 Con: 8.558 Cls: 1.140 Hist: 0.8198 Path: 0.3783 | 1.6s
  Epoch 395/800 | Total: 5.807 Edge: 0.351 Con: 8.547 Cls: 1.133 Hist: 0.8249 Path: 0.3783 | Val F1: 0.3946 | 1.6s
  Epoch 396/800 | Total: 5.843 Edge: 0.351 Con: 8.550 Cls: 1.142 Hist: 0.8309 Path: 0.3792 | 1.6s
  Epoch 397/800 | Total: 5.818 Edge: 0.349 Con: 8.548 Cls: 1.137 Hist: 0.8221 Path: 0.3816 | 1.2s
  Epoch 398/800 | Total: 5.790 Edge: 0.346 Con: 8.544 Cls: 1.129 Hist: 0.8312 Path: 0.3714 | 1.2s
  Epoch 399/800 | Total: 5.769 Edge: 0.345 Con: 8.544 Cls: 1.128 Hist: 0.8217 Path: 0.3629 | 1.2s
  Epoch 400/800 | Total: 5.770 Edge: 0.345 Con: 8.551 Cls: 1.128 Hist: 0.8234 Path: 0.3629 | Val F1: 0.4030 | 1.2s
  Epoch 401/800 | Total: 5.799 Edge: 0.350 Con: 8.553 Cls: 1.135 Hist: 0.8243 Path: 0.3656 | 1.2s
  Epoch 402/800 | Total: 5.879 Edge: 0.352 Con: 8.548 Cls: 1.154 Hist: 0.8431 Path: 0.3677 | 1.1s
  Epoch 403/800 | Total: 5.806 Edge: 0.354 Con: 8.548 Cls: 1.136 Hist: 0.8231 Path: 0.3653 | 1.1s
  Epoch 404/800 | Total: 5.789 Edge: 0.351 Con: 8.548 Cls: 1.132 Hist: 0.8204 Path: 0.3652 | 1.2s
  Epoch 405/800 | Total: 5.870 Edge: 0.352 Con: 8.546 Cls: 1.152 Hist: 0.8372 Path: 0.3707 | Val F1: 0.4056 | 1.2s
  Epoch 406/800 | Total: 5.793 Edge: 0.350 Con: 8.552 Cls: 1.132 Hist: 0.8246 Path: 0.3683 | 1.2s
  Epoch 407/800 | Total: 5.785 Edge: 0.348 Con: 8.550 Cls: 1.131 Hist: 0.8278 Path: 0.3614 | 1.2s
  Epoch 408/800 | Total: 5.777 Edge: 0.346 Con: 8.544 Cls: 1.130 Hist: 0.8206 Path: 0.3658 | 1.2s
  Epoch 409/800 | Total: 5.701 Edge: 0.342 Con: 8.548 Cls: 1.112 Hist: 0.8115 Path: 0.3568 | 1.2s
  Epoch 410/800 | Total: 5.767 Edge: 0.341 Con: 8.546 Cls: 1.130 Hist: 0.8235 Path: 0.3578 | Val F1: 0.4008 | 1.2s
  Epoch 411/800 | Total: 5.810 Edge: 0.349 Con: 8.552 Cls: 1.139 Hist: 0.8283 Path: 0.3620 | 1.2s
  Epoch 412/800 | Total: 5.847 Edge: 0.348 Con: 8.550 Cls: 1.151 Hist: 0.8310 Path: 0.3604 | 1.2s
  Epoch 413/800 | Total: 5.984 Edge: 0.353 Con: 8.549 Cls: 1.184 Hist: 0.8515 Path: 0.3732 | 1.2s
  Epoch 414/800 | Total: 6.076 Edge: 0.360 Con: 8.545 Cls: 1.201 Hist: 0.8749 Path: 0.3826 | 1.2s
  Epoch 415/800 | Total: 5.959 Edge: 0.358 Con: 8.549 Cls: 1.173 Hist: 0.8492 Path: 0.3770 | Val F1: 0.4002 | 1.2s
  Epoch 416/800 | Total: 5.926 Edge: 0.351 Con: 8.553 Cls: 1.169 Hist: 0.8425 Path: 0.3714 | 1.2s
  Epoch 417/800 | Total: 5.920 Edge: 0.353 Con: 8.552 Cls: 1.168 Hist: 0.8390 Path: 0.3690 | 1.2s
  Epoch 418/800 | Total: 5.810 Edge: 0.354 Con: 8.548 Cls: 1.134 Hist: 0.8311 Path: 0.3669 | 1.2s
  Epoch 419/800 | Total: 5.776 Edge: 0.349 Con: 8.550 Cls: 1.126 Hist: 0.8227 Path: 0.3717 | 1.2s
  Epoch 420/800 | Total: 5.778 Edge: 0.344 Con: 8.546 Cls: 1.128 Hist: 0.8205 Path: 0.3750 | Val F1: 0.4063 | 1.2s
  Epoch 421/800 | Total: 5.800 Edge: 0.349 Con: 8.549 Cls: 1.134 Hist: 0.8224 Path: 0.3727 | 1.2s
  Epoch 422/800 | Total: 5.844 Edge: 0.347 Con: 8.547 Cls: 1.146 Hist: 0.8346 Path: 0.3689 | 1.2s
  Epoch 423/800 | Total: 5.810 Edge: 0.350 Con: 8.551 Cls: 1.138 Hist: 0.8262 Path: 0.3662 | 1.2s
  Epoch 424/800 | Total: 5.746 Edge: 0.353 Con: 8.549 Cls: 1.119 Hist: 0.8139 Path: 0.3659 | 1.2s
  Epoch 425/800 | Total: 5.676 Edge: 0.347 Con: 8.541 Cls: 1.104 Hist: 0.8034 Path: 0.3583 | Val F1: 0.4029 | 1.2s
  Epoch 426/800 | Total: 5.663 Edge: 0.343 Con: 8.548 Cls: 1.098 Hist: 0.8058 Path: 0.3641 | 1.2s
  Epoch 427/800 | Total: 5.682 Edge: 0.345 Con: 8.550 Cls: 1.103 Hist: 0.8120 Path: 0.3630 | 1.2s
  Epoch 428/800 | Total: 5.749 Edge: 0.349 Con: 8.546 Cls: 1.122 Hist: 0.8122 Path: 0.3680 | 1.1s
  Epoch 429/800 | Total: 5.818 Edge: 0.354 Con: 8.546 Cls: 1.139 Hist: 0.8256 Path: 0.3673 | 1.2s
  Epoch 430/800 | Total: 6.069 Edge: 0.363 Con: 8.560 Cls: 1.203 Hist: 0.8587 Path: 0.3820 | Val F1: 0.3858 | 1.1s
  Epoch 431/800 | Total: 5.929 Edge: 0.361 Con: 8.555 Cls: 1.161 Hist: 0.8430 Path: 0.3871 | 1.2s
  Epoch 432/800 | Total: 5.849 Edge: 0.354 Con: 8.556 Cls: 1.142 Hist: 0.8284 Path: 0.3835 | 1.2s
  Epoch 433/800 | Total: 5.752 Edge: 0.351 Con: 8.545 Cls: 1.116 Hist: 0.8202 Path: 0.3789 | 1.2s
  Epoch 434/800 | Total: 5.830 Edge: 0.348 Con: 8.555 Cls: 1.146 Hist: 0.8221 Path: 0.3678 | 1.2s
  Epoch 435/800 | Total: 5.844 Edge: 0.347 Con: 8.543 Cls: 1.148 Hist: 0.8373 Path: 0.3620 | Val F1: 0.3964 | 1.1s
  Epoch 436/800 | Total: 5.832 Edge: 0.344 Con: 8.551 Cls: 1.147 Hist: 0.8328 Path: 0.3599 | 1.1s
  Epoch 437/800 | Total: 5.887 Edge: 0.345 Con: 8.551 Cls: 1.160 Hist: 0.8441 Path: 0.3633 | 1.2s
  Epoch 438/800 | Total: 5.862 Edge: 0.347 Con: 8.554 Cls: 1.151 Hist: 0.8364 Path: 0.3692 | 1.2s
  Epoch 439/800 | Total: 5.715 Edge: 0.345 Con: 8.551 Cls: 1.116 Hist: 0.8108 Path: 0.3575 | 1.1s
  Epoch 440/800 | Total: 5.747 Edge: 0.347 Con: 8.543 Cls: 1.120 Hist: 0.8203 Path: 0.3636 | Val F1: 0.4139 | 1.1s
  Epoch 441/800 | Total: 5.781 Edge: 0.354 Con: 8.548 Cls: 1.128 Hist: 0.8252 Path: 0.3644 | 1.2s
  Epoch 442/800 | Total: 5.826 Edge: 0.352 Con: 8.545 Cls: 1.139 Hist: 0.8313 Path: 0.3714 | 1.2s
  Epoch 443/800 | Total: 5.716 Edge: 0.347 Con: 8.549 Cls: 1.114 Hist: 0.8059 Path: 0.3658 | 1.1s
  Epoch 444/800 | Total: 5.656 Edge: 0.344 Con: 8.541 Cls: 1.099 Hist: 0.8013 Path: 0.3601 | 1.1s
  Epoch 445/800 | Total: 5.762 Edge: 0.345 Con: 8.545 Cls: 1.126 Hist: 0.8194 Path: 0.3637 | Val F1: 0.4175 | 1.2s
  Epoch 446/800 | Total: 5.696 Edge: 0.345 Con: 8.542 Cls: 1.109 Hist: 0.8084 Path: 0.3606 | 1.1s
  Epoch 447/800 | Total: 5.656 Edge: 0.344 Con: 8.543 Cls: 1.098 Hist: 0.8011 Path: 0.3629 | 1.2s
  Epoch 448/800 | Total: 5.657 Edge: 0.348 Con: 8.543 Cls: 1.095 Hist: 0.8020 Path: 0.3682 | 1.2s
  Epoch 449/800 | Total: 5.692 Edge: 0.347 Con: 8.544 Cls: 1.105 Hist: 0.8103 Path: 0.3655 | 1.2s
  Epoch 450/800 | Total: 5.691 Edge: 0.346 Con: 8.539 Cls: 1.107 Hist: 0.8046 Path: 0.3646 | Val F1: 0.4083 | 1.2s
  Epoch 451/800 | Total: 5.715 Edge: 0.346 Con: 8.542 Cls: 1.115 Hist: 0.8079 Path: 0.3639 | 1.2s
  Epoch 452/800 | Total: 5.674 Edge: 0.348 Con: 8.544 Cls: 1.101 Hist: 0.8063 Path: 0.3629 | 1.2s
  Epoch 453/800 | Total: 5.750 Edge: 0.350 Con: 8.546 Cls: 1.121 Hist: 0.8200 Path: 0.3615 | 1.2s
  Epoch 454/800 | Total: 5.818 Edge: 0.348 Con: 8.550 Cls: 1.140 Hist: 0.8328 Path: 0.3628 | 1.2s
  Epoch 455/800 | Total: 5.748 Edge: 0.342 Con: 8.543 Cls: 1.121 Hist: 0.8254 Path: 0.3637 | Val F1: 0.4035 | 1.2s
  Epoch 456/800 | Total: 5.883 Edge: 0.353 Con: 8.557 Cls: 1.152 Hist: 0.8398 Path: 0.3789 | 1.2s
  Epoch 457/800 | Total: 5.883 Edge: 0.349 Con: 8.553 Cls: 1.157 Hist: 0.8438 Path: 0.3626 | 1.1s
  Epoch 458/800 | Total: 5.742 Edge: 0.347 Con: 8.546 Cls: 1.120 Hist: 0.8177 Path: 0.3619 | 1.2s
  Epoch 459/800 | Total: 5.684 Edge: 0.350 Con: 8.554 Cls: 1.101 Hist: 0.8098 Path: 0.3657 | 1.2s
  Epoch 460/800 | Total: 5.686 Edge: 0.353 Con: 8.539 Cls: 1.103 Hist: 0.8053 Path: 0.3655 | Val F1: 0.4158 | 1.1s
  Epoch 461/800 | Total: 5.661 Edge: 0.343 Con: 8.537 Cls: 1.100 Hist: 0.8043 Path: 0.3610 | 1.2s
  Epoch 462/800 | Total: 5.664 Edge: 0.340 Con: 8.541 Cls: 1.101 Hist: 0.8049 Path: 0.3611 | 1.2s
  Epoch 463/800 | Total: 5.661 Edge: 0.339 Con: 8.545 Cls: 1.100 Hist: 0.8042 Path: 0.3630 | 1.2s
  Epoch 464/800 | Total: 5.860 Edge: 0.349 Con: 8.548 Cls: 1.149 Hist: 0.8352 Path: 0.3748 | 1.2s
  Epoch 465/800 | Total: 5.816 Edge: 0.355 Con: 8.541 Cls: 1.133 Hist: 0.8345 Path: 0.3749 | Val F1: 0.4108 | 1.2s
  Epoch 466/800 | Total: 5.796 Edge: 0.357 Con: 8.551 Cls: 1.129 Hist: 0.8274 Path: 0.3714 | 1.2s
  Epoch 467/800 | Total: 5.893 Edge: 0.356 Con: 8.550 Cls: 1.156 Hist: 0.8390 Path: 0.3741 | 1.2s
  Epoch 468/800 | Total: 5.863 Edge: 0.359 Con: 8.554 Cls: 1.144 Hist: 0.8391 Path: 0.3759 | 1.2s
  Epoch 469/800 | Total: 5.780 Edge: 0.352 Con: 8.541 Cls: 1.125 Hist: 0.8303 Path: 0.3695 | 1.2s
  Epoch 470/800 | Total: 5.791 Edge: 0.353 Con: 8.546 Cls: 1.128 Hist: 0.8209 Path: 0.3777 | Val F1: 0.4010 | 1.2s
  Epoch 471/800 | Total: 5.794 Edge: 0.349 Con: 8.545 Cls: 1.133 Hist: 0.8238 Path: 0.3671 | 1.1s
  Epoch 472/800 | Total: 5.732 Edge: 0.344 Con: 8.540 Cls: 1.115 Hist: 0.8219 Path: 0.3672 | 1.2s
  Epoch 473/800 | Total: 5.758 Edge: 0.345 Con: 8.543 Cls: 1.126 Hist: 0.8202 Path: 0.3616 | 1.1s
  Epoch 474/800 | Total: 5.672 Edge: 0.342 Con: 8.542 Cls: 1.104 Hist: 0.8046 Path: 0.3579 | 1.1s
  Epoch 475/800 | Total: 5.692 Edge: 0.351 Con: 8.543 Cls: 1.105 Hist: 0.8109 Path: 0.3606 | Val F1: 0.4161 | 1.2s
  Epoch 476/800 | Total: 5.716 Edge: 0.351 Con: 8.538 Cls: 1.111 Hist: 0.8132 Path: 0.3655 | 1.1s
  Epoch 477/800 | Total: 5.585 Edge: 0.341 Con: 8.539 Cls: 1.080 Hist: 0.7914 Path: 0.3590 | 1.2s
  Epoch 478/800 | Total: 5.689 Edge: 0.341 Con: 8.538 Cls: 1.109 Hist: 0.8083 Path: 0.3577 | 1.2s
  Epoch 479/800 | Total: 5.638 Edge: 0.338 Con: 8.539 Cls: 1.096 Hist: 0.8015 Path: 0.3565 | 1.2s
  Epoch 480/800 | Total: 5.723 Edge: 0.342 Con: 8.541 Cls: 1.117 Hist: 0.8145 Path: 0.3610 | Val F1: 0.4135 | 1.2s
  Epoch 481/800 | Total: 5.744 Edge: 0.346 Con: 8.543 Cls: 1.122 Hist: 0.8130 Path: 0.3641 | 1.1s
  Epoch 482/800 | Total: 5.722 Edge: 0.346 Con: 8.538 Cls: 1.115 Hist: 0.8156 Path: 0.3603 | 1.1s
  Epoch 483/800 | Total: 5.648 Edge: 0.342 Con: 8.537 Cls: 1.097 Hist: 0.8044 Path: 0.3572 | 1.1s
  Epoch 484/800 | Total: 5.640 Edge: 0.347 Con: 8.543 Cls: 1.094 Hist: 0.7955 Path: 0.3603 | 1.1s
  Epoch 485/800 | Total: 5.624 Edge: 0.343 Con: 8.539 Cls: 1.089 Hist: 0.8029 Path: 0.3583 | Val F1: 0.4159 | 1.1s
  Epoch 486/800 | Total: 5.569 Edge: 0.338 Con: 8.540 Cls: 1.077 Hist: 0.7910 Path: 0.3529 | 1.1s
  Epoch 487/800 | Total: 5.663 Edge: 0.342 Con: 8.545 Cls: 1.101 Hist: 0.8040 Path: 0.3588 | 1.1s
  Epoch 488/800 | Total: 5.703 Edge: 0.344 Con: 8.545 Cls: 1.111 Hist: 0.8080 Path: 0.3617 | 1.1s
  Epoch 489/800 | Total: 5.749 Edge: 0.342 Con: 8.542 Cls: 1.123 Hist: 0.8279 Path: 0.3576 | 1.1s
  Epoch 490/800 | Total: 5.967 Edge: 0.350 Con: 8.546 Cls: 1.179 Hist: 0.8501 Path: 0.3729 | Val F1: 0.3924 | 1.1s
  Epoch 491/800 | Total: 6.199 Edge: 0.360 Con: 8.562 Cls: 1.239 Hist: 0.8816 Path: 0.3854 | 1.1s
  Epoch 492/800 | Total: 6.402 Edge: 0.369 Con: 8.574 Cls: 1.288 Hist: 0.9178 Path: 0.3944 | 1.1s
  Epoch 493/800 | Total: 6.574 Edge: 0.384 Con: 8.571 Cls: 1.318 Hist: 0.9448 Path: 0.4327 | 1.1s
  Epoch 494/800 | Total: 6.466 Edge: 0.390 Con: 8.587 Cls: 1.286 Hist: 0.9443 Path: 0.4149 | 1.2s
  Epoch 495/800 | Total: 6.068 Edge: 0.375 Con: 8.562 Cls: 1.194 Hist: 0.8664 Path: 0.3879 | Val F1: 0.3968 | 1.2s
  Epoch 496/800 | Total: 5.785 Edge: 0.354 Con: 8.554 Cls: 1.127 Hist: 0.8220 Path: 0.3723 | 1.2s
  Epoch 497/800 | Total: 5.678 Edge: 0.346 Con: 8.550 Cls: 1.102 Hist: 0.8089 Path: 0.3610 | 1.2s
  Epoch 498/800 | Total: 5.627 Edge: 0.341 Con: 8.544 Cls: 1.091 Hist: 0.8002 Path: 0.3572 | 1.2s
  Epoch 499/800 | Total: 5.556 Edge: 0.339 Con: 8.544 Cls: 1.073 Hist: 0.7878 Path: 0.3562 | 1.2s
  Epoch 500/800 | Total: 5.578 Edge: 0.339 Con: 8.546 Cls: 1.080 Hist: 0.7938 Path: 0.3506 | Val F1: 0.4144 | 1.1s
  Epoch 501/800 | Total: 5.627 Edge: 0.338 Con: 8.540 Cls: 1.095 Hist: 0.7986 Path: 0.3515 | 1.2s
  Epoch 502/800 | Total: 5.616 Edge: 0.337 Con: 8.540 Cls: 1.092 Hist: 0.7985 Path: 0.3519 | 1.1s
  Epoch 503/800 | Total: 5.615 Edge: 0.340 Con: 8.543 Cls: 1.091 Hist: 0.7974 Path: 0.3508 | 1.2s
  Epoch 504/800 | Total: 5.614 Edge: 0.342 Con: 8.538 Cls: 1.088 Hist: 0.7997 Path: 0.3549 | 1.2s
  Epoch 505/800 | Total: 5.613 Edge: 0.341 Con: 8.544 Cls: 1.088 Hist: 0.7960 Path: 0.3566 | Val F1: 0.4116 | 1.2s
  Epoch 506/800 | Total: 5.602 Edge: 0.337 Con: 8.543 Cls: 1.087 Hist: 0.7931 Path: 0.3546 | 1.2s
  Epoch 507/800 | Total: 5.598 Edge: 0.337 Con: 8.538 Cls: 1.087 Hist: 0.7944 Path: 0.3520 | 1.2s
  Epoch 508/800 | Total: 5.630 Edge: 0.342 Con: 8.538 Cls: 1.092 Hist: 0.7990 Path: 0.3576 | 1.2s
  Epoch 509/800 | Total: 5.579 Edge: 0.344 Con: 8.536 Cls: 1.078 Hist: 0.7933 Path: 0.3541 | 1.2s
  Epoch 510/800 | Total: 5.564 Edge: 0.345 Con: 8.537 Cls: 1.075 Hist: 0.7854 Path: 0.3551 | Val F1: 0.4176 | 1.1s
  Epoch 511/800 | Total: 5.684 Edge: 0.346 Con: 8.536 Cls: 1.105 Hist: 0.8117 Path: 0.3583 | 1.2s
  Epoch 512/800 | Total: 5.759 Edge: 0.348 Con: 8.550 Cls: 1.125 Hist: 0.8150 Path: 0.3656 | 1.2s
  Epoch 513/800 | Total: 5.631 Edge: 0.345 Con: 8.545 Cls: 1.091 Hist: 0.7946 Path: 0.3651 | 1.2s
  Epoch 514/800 | Total: 5.627 Edge: 0.343 Con: 8.545 Cls: 1.092 Hist: 0.7955 Path: 0.3586 | 1.2s
  Epoch 515/800 | Total: 5.654 Edge: 0.339 Con: 8.535 Cls: 1.102 Hist: 0.8041 Path: 0.3528 | Val F1: 0.4107 | 1.2s
  Epoch 516/800 | Total: 5.623 Edge: 0.339 Con: 8.538 Cls: 1.092 Hist: 0.8007 Path: 0.3545 | 1.2s
  Epoch 517/800 | Total: 5.588 Edge: 0.337 Con: 8.538 Cls: 1.085 Hist: 0.7927 Path: 0.3506 | 1.2s
  Epoch 518/800 | Total: 5.607 Edge: 0.337 Con: 8.537 Cls: 1.086 Hist: 0.8004 Path: 0.3572 | 1.2s
  Epoch 519/800 | Total: 5.569 Edge: 0.338 Con: 8.540 Cls: 1.078 Hist: 0.7893 Path: 0.3534 | 1.2s
  Epoch 520/800 | Total: 5.569 Edge: 0.337 Con: 8.534 Cls: 1.079 Hist: 0.7919 Path: 0.3510 | Val F1: 0.4140 | 1.2s
  Epoch 521/800 | Total: 5.530 Edge: 0.335 Con: 8.536 Cls: 1.067 Hist: 0.7855 Path: 0.3556 | 1.2s
  Epoch 522/800 | Total: 5.587 Edge: 0.336 Con: 8.533 Cls: 1.081 Hist: 0.7934 Path: 0.3606 | 1.2s
  Epoch 523/800 | Total: 5.625 Edge: 0.338 Con: 8.538 Cls: 1.093 Hist: 0.8028 Path: 0.3528 | 1.2s
  Epoch 524/800 | Total: 5.647 Edge: 0.340 Con: 8.533 Cls: 1.097 Hist: 0.8051 Path: 0.3571 | 1.2s
  Epoch 525/800 | Total: 5.576 Edge: 0.346 Con: 8.540 Cls: 1.077 Hist: 0.7886 Path: 0.3565 | Val F1: 0.4193 | 1.2s
  Epoch 526/800 | Total: 5.607 Edge: 0.342 Con: 8.535 Cls: 1.086 Hist: 0.7961 Path: 0.3567 | 1.2s
  Epoch 527/800 | Total: 5.621 Edge: 0.340 Con: 8.538 Cls: 1.093 Hist: 0.7955 Path: 0.3520 | 1.2s
  Epoch 528/800 | Total: 5.750 Edge: 0.345 Con: 8.546 Cls: 1.121 Hist: 0.8229 Path: 0.3645 | 1.2s
  Epoch 529/800 | Total: 5.734 Edge: 0.342 Con: 8.540 Cls: 1.119 Hist: 0.8201 Path: 0.3612 | 1.2s
  Epoch 530/800 | Total: 5.599 Edge: 0.342 Con: 8.535 Cls: 1.081 Hist: 0.7925 Path: 0.3690 | Val F1: 0.4192 | 1.1s
  Epoch 531/800 | Total: 5.592 Edge: 0.343 Con: 8.539 Cls: 1.074 Hist: 0.7942 Path: 0.3787 | 1.1s
  Epoch 532/800 | Total: 5.639 Edge: 0.337 Con: 8.541 Cls: 1.096 Hist: 0.8012 Path: 0.3587 | 1.2s
  Epoch 533/800 | Total: 5.680 Edge: 0.339 Con: 8.543 Cls: 1.106 Hist: 0.8089 Path: 0.3617 | 1.1s
  Epoch 534/800 | Total: 5.649 Edge: 0.336 Con: 8.541 Cls: 1.098 Hist: 0.8031 Path: 0.3600 | 1.1s
  Epoch 535/800 | Total: 5.697 Edge: 0.341 Con: 8.542 Cls: 1.110 Hist: 0.8146 Path: 0.3560 | Val F1: 0.4156 | 1.2s
  Epoch 536/800 | Total: 5.657 Edge: 0.345 Con: 8.541 Cls: 1.096 Hist: 0.8096 Path: 0.3596 | 1.2s
  Epoch 537/800 | Total: 5.667 Edge: 0.346 Con: 8.544 Cls: 1.098 Hist: 0.8093 Path: 0.3621 | 1.2s
  Epoch 538/800 | Total: 5.681 Edge: 0.342 Con: 8.540 Cls: 1.105 Hist: 0.8133 Path: 0.3570 | 1.2s
  Epoch 539/800 | Total: 5.769 Edge: 0.344 Con: 8.551 Cls: 1.131 Hist: 0.8167 Path: 0.3600 | 1.1s
  Epoch 540/800 | Total: 5.696 Edge: 0.345 Con: 8.539 Cls: 1.108 Hist: 0.8163 Path: 0.3574 | Val F1: 0.4157 | 1.2s
  Epoch 541/800 | Total: 5.644 Edge: 0.349 Con: 8.539 Cls: 1.093 Hist: 0.8024 Path: 0.3588 | 1.2s
  Epoch 542/800 | Total: 5.614 Edge: 0.345 Con: 8.541 Cls: 1.084 Hist: 0.7952 Path: 0.3668 | 1.1s
  Epoch 543/800 | Total: 5.583 Edge: 0.344 Con: 8.538 Cls: 1.077 Hist: 0.7881 Path: 0.3651 | 1.1s
  Epoch 544/800 | Total: 5.598 Edge: 0.340 Con: 8.541 Cls: 1.083 Hist: 0.7957 Path: 0.3588 | 1.2s
  Epoch 545/800 | Total: 5.546 Edge: 0.337 Con: 8.537 Cls: 1.073 Hist: 0.7862 Path: 0.3504 | Val F1: 0.4191 | 1.1s
  Epoch 546/800 | Total: 5.515 Edge: 0.336 Con: 8.536 Cls: 1.066 Hist: 0.7830 Path: 0.3445 | 1.1s
  Epoch 547/800 | Total: 5.590 Edge: 0.339 Con: 8.537 Cls: 1.084 Hist: 0.7935 Path: 0.3534 | 1.2s
  Epoch 548/800 | Total: 5.515 Edge: 0.335 Con: 8.535 Cls: 1.065 Hist: 0.7835 Path: 0.3493 | 1.1s
  Epoch 549/800 | Total: 5.566 Edge: 0.336 Con: 8.533 Cls: 1.078 Hist: 0.7919 Path: 0.3514 | 1.1s
  Epoch 550/800 | Total: 5.672 Edge: 0.341 Con: 8.528 Cls: 1.105 Hist: 0.8074 Path: 0.3549 | Val F1: 0.4055 | 1.2s
  Epoch 551/800 | Total: 5.628 Edge: 0.337 Con: 8.539 Cls: 1.093 Hist: 0.8046 Path: 0.3537 | 1.2s
  Epoch 552/800 | Total: 5.594 Edge: 0.338 Con: 8.536 Cls: 1.086 Hist: 0.7928 Path: 0.3532 | 1.2s
  Epoch 553/800 | Total: 5.658 Edge: 0.341 Con: 8.541 Cls: 1.098 Hist: 0.8096 Path: 0.3588 | 1.1s
  Epoch 554/800 | Total: 5.620 Edge: 0.342 Con: 8.539 Cls: 1.089 Hist: 0.7970 Path: 0.3605 | 1.1s
  Epoch 555/800 | Total: 5.565 Edge: 0.342 Con: 8.536 Cls: 1.075 Hist: 0.7855 Path: 0.3592 | Val F1: 0.4186 | 1.1s
  Epoch 556/800 | Total: 5.688 Edge: 0.344 Con: 8.537 Cls: 1.106 Hist: 0.8072 Path: 0.3635 | 1.1s
  Epoch 557/800 | Total: 5.791 Edge: 0.351 Con: 8.544 Cls: 1.131 Hist: 0.8258 Path: 0.3679 | 1.1s
  Epoch 558/800 | Total: 5.736 Edge: 0.343 Con: 8.547 Cls: 1.116 Hist: 0.8229 Path: 0.3673 | 1.2s
  Epoch 559/800 | Total: 5.693 Edge: 0.348 Con: 8.541 Cls: 1.101 Hist: 0.8186 Path: 0.3690 | 1.1s
  Epoch 560/800 | Total: 5.661 Edge: 0.349 Con: 8.545 Cls: 1.094 Hist: 0.8074 Path: 0.3699 | Val F1: 0.4138 | 1.2s
  Epoch 561/800 | Total: 5.717 Edge: 0.353 Con: 8.538 Cls: 1.109 Hist: 0.8144 Path: 0.3696 | 1.1s
  Epoch 562/800 | Total: 5.619 Edge: 0.346 Con: 8.535 Cls: 1.086 Hist: 0.7979 Path: 0.3640 | 1.2s
  Epoch 563/800 | Total: 5.575 Edge: 0.339 Con: 8.538 Cls: 1.077 Hist: 0.7899 Path: 0.3603 | 1.1s
  Epoch 564/800 | Total: 5.569 Edge: 0.337 Con: 8.541 Cls: 1.077 Hist: 0.7927 Path: 0.3538 | 1.2s
  Epoch 565/800 | Total: 5.606 Edge: 0.334 Con: 8.531 Cls: 1.087 Hist: 0.8050 Path: 0.3513 | Val F1: 0.4153 | 1.2s
  Epoch 566/800 | Total: 5.643 Edge: 0.340 Con: 8.534 Cls: 1.098 Hist: 0.8033 Path: 0.3535 | 1.1s
  Epoch 567/800 | Total: 5.556 Edge: 0.337 Con: 8.534 Cls: 1.074 Hist: 0.7913 Path: 0.3521 | 1.2s
  Epoch 568/800 | Total: 5.522 Edge: 0.337 Con: 8.537 Cls: 1.064 Hist: 0.7850 Path: 0.3548 | 1.2s
  Epoch 569/800 | Total: 5.566 Edge: 0.336 Con: 8.532 Cls: 1.078 Hist: 0.7913 Path: 0.3506 | 1.2s
  Epoch 570/800 | Total: 5.571 Edge: 0.336 Con: 8.538 Cls: 1.078 Hist: 0.7909 Path: 0.3557 | Val F1: 0.4208 | 1.2s
  Epoch 571/800 | Total: 5.587 Edge: 0.336 Con: 8.538 Cls: 1.082 Hist: 0.7979 Path: 0.3541 | 1.2s
  Epoch 572/800 | Total: 5.566 Edge: 0.336 Con: 8.535 Cls: 1.077 Hist: 0.7941 Path: 0.3520 | 1.2s
  Epoch 573/800 | Total: 5.519 Edge: 0.337 Con: 8.535 Cls: 1.064 Hist: 0.7850 Path: 0.3506 | 1.2s
  Epoch 574/800 | Total: 5.539 Edge: 0.343 Con: 8.535 Cls: 1.067 Hist: 0.7889 Path: 0.3518 | 1.2s
  Epoch 575/800 | Total: 5.548 Edge: 0.338 Con: 8.535 Cls: 1.072 Hist: 0.7905 Path: 0.3509 | Val F1: 0.4180 | 1.2s
  Epoch 576/800 | Total: 5.532 Edge: 0.338 Con: 8.531 Cls: 1.065 Hist: 0.7901 Path: 0.3559 | 1.2s
  Epoch 577/800 | Total: 5.528 Edge: 0.338 Con: 8.528 Cls: 1.066 Hist: 0.7839 Path: 0.3557 | 1.2s
  Epoch 578/800 | Total: 5.515 Edge: 0.336 Con: 8.534 Cls: 1.063 Hist: 0.7844 Path: 0.3532 | 1.2s
  Epoch 579/800 | Total: 5.546 Edge: 0.338 Con: 8.530 Cls: 1.070 Hist: 0.7869 Path: 0.3573 | 1.2s
  Epoch 580/800 | Total: 5.730 Edge: 0.343 Con: 8.538 Cls: 1.117 Hist: 0.8135 Path: 0.3695 | Val F1: 0.4152 | 1.2s
  Epoch 581/800 | Total: 5.677 Edge: 0.341 Con: 8.534 Cls: 1.103 Hist: 0.8102 Path: 0.3627 | 1.2s
  Epoch 582/800 | Total: 5.892 Edge: 0.347 Con: 8.541 Cls: 1.157 Hist: 0.8487 Path: 0.3708 | 1.2s
  Epoch 583/800 | Total: 5.672 Edge: 0.342 Con: 8.535 Cls: 1.102 Hist: 0.8100 Path: 0.3610 | 1.2s
  Epoch 584/800 | Total: 5.629 Edge: 0.339 Con: 8.533 Cls: 1.094 Hist: 0.8024 Path: 0.3514 | 1.1s
  Epoch 585/800 | Total: 5.589 Edge: 0.338 Con: 8.535 Cls: 1.082 Hist: 0.7993 Path: 0.3531 | Val F1: 0.4182 | 1.2s
  Epoch 586/800 | Total: 5.614 Edge: 0.335 Con: 8.534 Cls: 1.088 Hist: 0.8069 Path: 0.3546 | 1.2s
  Epoch 587/800 | Total: 5.638 Edge: 0.339 Con: 8.532 Cls: 1.097 Hist: 0.8019 Path: 0.3542 | 1.2s
  Epoch 588/800 | Total: 5.600 Edge: 0.338 Con: 8.537 Cls: 1.086 Hist: 0.8003 Path: 0.3521 | 1.2s
  Epoch 589/800 | Total: 5.639 Edge: 0.341 Con: 8.541 Cls: 1.097 Hist: 0.7973 Path: 0.3559 | 1.2s
  Epoch 590/800 | Total: 5.577 Edge: 0.345 Con: 8.539 Cls: 1.075 Hist: 0.7954 Path: 0.3580 | Val F1: 0.4304 | 1.2s
  Epoch 591/800 | Total: 5.502 Edge: 0.340 Con: 8.530 Cls: 1.058 Hist: 0.7824 Path: 0.3520 | 1.2s
  Epoch 592/800 | Total: 5.559 Edge: 0.343 Con: 8.532 Cls: 1.073 Hist: 0.7929 Path: 0.3514 | 1.1s
  Epoch 593/800 | Total: 5.593 Edge: 0.340 Con: 8.539 Cls: 1.082 Hist: 0.7990 Path: 0.3538 | 1.2s
  Epoch 594/800 | Total: 5.633 Edge: 0.343 Con: 8.537 Cls: 1.088 Hist: 0.8004 Path: 0.3709 | 1.2s
  Epoch 595/800 | Total: 5.740 Edge: 0.351 Con: 8.543 Cls: 1.116 Hist: 0.8150 Path: 0.3717 | Val F1: 0.4085 | 1.2s
  Epoch 596/800 | Total: 5.809 Edge: 0.359 Con: 8.548 Cls: 1.131 Hist: 0.8199 Path: 0.3819 | 1.2s
  Epoch 597/800 | Total: 5.741 Edge: 0.351 Con: 8.541 Cls: 1.115 Hist: 0.8175 Path: 0.3724 | 1.1s
  Epoch 598/800 | Total: 5.661 Edge: 0.340 Con: 8.544 Cls: 1.098 Hist: 0.8087 Path: 0.3634 | 1.1s
  Epoch 599/800 | Total: 5.628 Edge: 0.339 Con: 8.539 Cls: 1.090 Hist: 0.8070 Path: 0.3585 | 1.1s
  Epoch 600/800 | Total: 5.563 Edge: 0.335 Con: 8.533 Cls: 1.075 Hist: 0.7936 Path: 0.3556 | Val F1: 0.4110 | 1.1s
  Epoch 601/800 | Total: 5.556 Edge: 0.338 Con: 8.541 Cls: 1.072 Hist: 0.7911 Path: 0.3567 | 1.1s
  Epoch 602/800 | Total: 5.490 Edge: 0.335 Con: 8.530 Cls: 1.057 Hist: 0.7811 Path: 0.3511 | 1.1s
  Epoch 603/800 | Total: 5.464 Edge: 0.336 Con: 8.534 Cls: 1.050 Hist: 0.7756 Path: 0.3501 | 1.1s
  Epoch 604/800 | Total: 5.528 Edge: 0.339 Con: 8.530 Cls: 1.066 Hist: 0.7870 Path: 0.3518 | 1.1s
  Epoch 605/800 | Total: 5.492 Edge: 0.334 Con: 8.536 Cls: 1.060 Hist: 0.7802 Path: 0.3460 | Val F1: 0.4201 | 1.2s
  Epoch 606/800 | Total: 5.455 Edge: 0.331 Con: 8.532 Cls: 1.050 Hist: 0.7751 Path: 0.3468 | 1.2s
  Epoch 607/800 | Total: 5.435 Edge: 0.332 Con: 8.532 Cls: 1.041 Hist: 0.7800 Path: 0.3479 | 1.2s
  Epoch 608/800 | Total: 5.440 Edge: 0.332 Con: 8.534 Cls: 1.044 Hist: 0.7712 Path: 0.3517 | 1.1s
  Epoch 609/800 | Total: 5.513 Edge: 0.335 Con: 8.535 Cls: 1.063 Hist: 0.7834 Path: 0.3522 | 1.2s
  Epoch 610/800 | Total: 5.557 Edge: 0.342 Con: 8.536 Cls: 1.072 Hist: 0.7912 Path: 0.3532 | Val F1: 0.4182 | 1.2s
  Epoch 611/800 | Total: 5.487 Edge: 0.342 Con: 8.540 Cls: 1.053 Hist: 0.7762 Path: 0.3536 | 1.2s
  Epoch 612/800 | Total: 5.551 Edge: 0.338 Con: 8.534 Cls: 1.073 Hist: 0.7906 Path: 0.3509 | 1.2s
  Epoch 613/800 | Total: 5.529 Edge: 0.335 Con: 8.537 Cls: 1.068 Hist: 0.7848 Path: 0.3502 | 1.2s
  Epoch 614/800 | Total: 5.582 Edge: 0.335 Con: 8.529 Cls: 1.081 Hist: 0.7948 Path: 0.3565 | 1.2s
  Epoch 615/800 | Total: 5.542 Edge: 0.342 Con: 8.533 Cls: 1.068 Hist: 0.7856 Path: 0.3560 | Val F1: 0.4192 | 1.2s
  Epoch 616/800 | Total: 5.662 Edge: 0.344 Con: 8.531 Cls: 1.098 Hist: 0.8093 Path: 0.3609 | 1.2s
  Epoch 617/800 | Total: 5.694 Edge: 0.356 Con: 8.542 Cls: 1.099 Hist: 0.8077 Path: 0.3792 | 1.2s
  Epoch 618/800 | Total: 5.760 Edge: 0.354 Con: 8.546 Cls: 1.121 Hist: 0.8185 Path: 0.3708 | 1.2s
  Epoch 619/800 | Total: 5.631 Edge: 0.348 Con: 8.542 Cls: 1.089 Hist: 0.7986 Path: 0.3623 | 1.2s
  Epoch 620/800 | Total: 5.539 Edge: 0.350 Con: 8.537 Cls: 1.062 Hist: 0.7847 Path: 0.3636 | Val F1: 0.4182 | 1.2s
  Epoch 621/800 | Total: 5.524 Edge: 0.345 Con: 8.540 Cls: 1.062 Hist: 0.7834 Path: 0.3578 | 1.2s
  Epoch 622/800 | Total: 5.498 Edge: 0.339 Con: 8.532 Cls: 1.057 Hist: 0.7855 Path: 0.3503 | 1.2s
  Epoch 623/800 | Total: 5.437 Edge: 0.334 Con: 8.534 Cls: 1.040 Hist: 0.7783 Path: 0.3494 | 1.2s
  Epoch 624/800 | Total: 5.528 Edge: 0.334 Con: 8.532 Cls: 1.071 Hist: 0.7822 Path: 0.3466 | 1.2s
  Epoch 625/800 | Total: 5.507 Edge: 0.332 Con: 8.531 Cls: 1.062 Hist: 0.7887 Path: 0.3466 | Val F1: 0.4208 | 1.2s
  Epoch 626/800 | Total: 5.501 Edge: 0.335 Con: 8.531 Cls: 1.059 Hist: 0.7875 Path: 0.3477 | 1.2s
  Epoch 627/800 | Total: 5.615 Edge: 0.341 Con: 8.532 Cls: 1.086 Hist: 0.8075 Path: 0.3568 | 1.2s
  Epoch 628/800 | Total: 5.533 Edge: 0.335 Con: 8.532 Cls: 1.066 Hist: 0.7895 Path: 0.3563 | 1.2s
  Epoch 629/800 | Total: 5.587 Edge: 0.335 Con: 8.530 Cls: 1.081 Hist: 0.7986 Path: 0.3582 | 1.2s
  Epoch 630/800 | Total: 5.521 Edge: 0.335 Con: 8.533 Cls: 1.063 Hist: 0.7878 Path: 0.3553 | Val F1: 0.4161 | 1.1s
  Epoch 631/800 | Total: 5.525 Edge: 0.335 Con: 8.526 Cls: 1.066 Hist: 0.7898 Path: 0.3500 | 1.2s
  Epoch 632/800 | Total: 5.524 Edge: 0.333 Con: 8.531 Cls: 1.067 Hist: 0.7895 Path: 0.3474 | 1.2s
  Epoch 633/800 | Total: 5.643 Edge: 0.340 Con: 8.529 Cls: 1.096 Hist: 0.8080 Path: 0.3526 | 1.2s
  Epoch 634/800 | Total: 5.568 Edge: 0.342 Con: 8.534 Cls: 1.077 Hist: 0.7943 Path: 0.3478 | 1.2s
  Epoch 635/800 | Total: 5.505 Edge: 0.338 Con: 8.534 Cls: 1.060 Hist: 0.7839 Path: 0.3505 | Val F1: 0.4258 | 1.2s
  Epoch 636/800 | Total: 5.508 Edge: 0.339 Con: 8.532 Cls: 1.064 Hist: 0.7799 Path: 0.3447 | 1.1s
  Epoch 637/800 | Total: 5.582 Edge: 0.341 Con: 8.536 Cls: 1.078 Hist: 0.7991 Path: 0.3539 | 1.2s
  Epoch 638/800 | Total: 5.675 Edge: 0.344 Con: 8.539 Cls: 1.103 Hist: 0.8070 Path: 0.3608 | 1.2s
  Epoch 639/800 | Total: 5.755 Edge: 0.349 Con: 8.544 Cls: 1.119 Hist: 0.8205 Path: 0.3740 | 1.2s
  Epoch 640/800 | Total: 5.791 Edge: 0.350 Con: 8.539 Cls: 1.129 Hist: 0.8300 Path: 0.3687 | Val F1: 0.4099 | 1.2s
  Epoch 641/800 | Total: 5.724 Edge: 0.350 Con: 8.545 Cls: 1.112 Hist: 0.8100 Path: 0.3722 | 1.1s
  Epoch 642/800 | Total: 5.696 Edge: 0.348 Con: 8.546 Cls: 1.102 Hist: 0.8093 Path: 0.3777 | 1.2s
  Epoch 643/800 | Total: 5.636 Edge: 0.343 Con: 8.538 Cls: 1.088 Hist: 0.8048 Path: 0.3695 | 1.2s
  Epoch 644/800 | Total: 5.577 Edge: 0.337 Con: 8.539 Cls: 1.078 Hist: 0.7943 Path: 0.3573 | 1.2s
  Epoch 645/800 | Total: 5.561 Edge: 0.336 Con: 8.535 Cls: 1.072 Hist: 0.8010 Path: 0.3553 | Val F1: 0.4272 | 1.2s
  Epoch 646/800 | Total: 5.583 Edge: 0.337 Con: 8.537 Cls: 1.079 Hist: 0.7977 Path: 0.3585 | 1.2s
  Epoch 647/800 | Total: 5.631 Edge: 0.337 Con: 8.528 Cls: 1.093 Hist: 0.8063 Path: 0.3573 | 1.2s
  Epoch 648/800 | Total: 5.622 Edge: 0.341 Con: 8.537 Cls: 1.089 Hist: 0.8012 Path: 0.3585 | 1.2s
  Epoch 649/800 | Total: 5.576 Edge: 0.344 Con: 8.535 Cls: 1.075 Hist: 0.7924 Path: 0.3603 | 1.1s
  Epoch 650/800 | Total: 5.527 Edge: 0.343 Con: 8.533 Cls: 1.060 Hist: 0.7895 Path: 0.3602 | Val F1: 0.4250 | 1.1s
  Epoch 651/800 | Total: 5.573 Edge: 0.340 Con: 8.529 Cls: 1.076 Hist: 0.7953 Path: 0.3560 | 1.2s
  Epoch 652/800 | Total: 5.595 Edge: 0.345 Con: 8.533 Cls: 1.077 Hist: 0.8036 Path: 0.3608 | 1.2s
  Epoch 653/800 | Total: 5.714 Edge: 0.340 Con: 8.535 Cls: 1.112 Hist: 0.8190 Path: 0.3640 | 1.2s
  Epoch 654/800 | Total: 5.560 Edge: 0.336 Con: 8.533 Cls: 1.074 Hist: 0.7941 Path: 0.3556 | 1.2s
  Epoch 655/800 | Total: 5.558 Edge: 0.337 Con: 8.529 Cls: 1.074 Hist: 0.7916 Path: 0.3544 | Val F1: 0.4252 | 1.1s
  Epoch 656/800 | Total: 5.462 Edge: 0.341 Con: 8.538 Cls: 1.044 Hist: 0.7790 Path: 0.3547 | 1.2s
  Epoch 657/800 | Total: 5.546 Edge: 0.335 Con: 8.532 Cls: 1.070 Hist: 0.7928 Path: 0.3537 | 1.2s
  Epoch 658/800 | Total: 5.503 Edge: 0.332 Con: 8.531 Cls: 1.061 Hist: 0.7865 Path: 0.3467 | 1.2s
  Epoch 659/800 | Total: 5.485 Edge: 0.333 Con: 8.531 Cls: 1.054 Hist: 0.7833 Path: 0.3523 | 1.2s
  Epoch 660/800 | Total: 5.490 Edge: 0.333 Con: 8.528 Cls: 1.057 Hist: 0.7826 Path: 0.3505 | Val F1: 0.4257 | 1.2s
  Epoch 661/800 | Total: 5.539 Edge: 0.332 Con: 8.530 Cls: 1.070 Hist: 0.7920 Path: 0.3505 | 1.2s
  Epoch 662/800 | Total: 5.551 Edge: 0.335 Con: 8.529 Cls: 1.073 Hist: 0.7917 Path: 0.3533 | 1.2s
  Epoch 663/800 | Total: 5.697 Edge: 0.342 Con: 8.544 Cls: 1.109 Hist: 0.8117 Path: 0.3608 | 1.2s
  Epoch 664/800 | Total: 5.475 Edge: 0.333 Con: 8.530 Cls: 1.051 Hist: 0.7829 Path: 0.3523 | 1.2s
  Epoch 665/800 | Total: 5.481 Edge: 0.334 Con: 8.534 Cls: 1.052 Hist: 0.7830 Path: 0.3532 | Val F1: 0.4037 | 1.2s
  Epoch 666/800 | Total: 5.522 Edge: 0.333 Con: 8.531 Cls: 1.063 Hist: 0.7929 Path: 0.3547 | 1.2s
  Epoch 667/800 | Total: 5.497 Edge: 0.333 Con: 8.533 Cls: 1.059 Hist: 0.7817 Path: 0.3511 | 1.2s
  Epoch 668/800 | Total: 5.495 Edge: 0.333 Con: 8.532 Cls: 1.059 Hist: 0.7876 Path: 0.3457 | 1.2s
  Epoch 669/800 | Total: 5.438 Edge: 0.333 Con: 8.523 Cls: 1.043 Hist: 0.7752 Path: 0.3480 | 1.2s
  Epoch 670/800 | Total: 5.433 Edge: 0.336 Con: 8.531 Cls: 1.041 Hist: 0.7723 Path: 0.3483 | Val F1: 0.4214 | 1.1s
  Epoch 671/800 | Total: 5.384 Edge: 0.335 Con: 8.527 Cls: 1.029 Hist: 0.7636 Path: 0.3449 | 1.2s
  Epoch 672/800 | Total: 5.415 Edge: 0.336 Con: 8.525 Cls: 1.037 Hist: 0.7716 Path: 0.3432 | 1.2s
  Epoch 673/800 | Total: 5.386 Edge: 0.338 Con: 8.528 Cls: 1.027 Hist: 0.7625 Path: 0.3497 | 1.2s
  Epoch 674/800 | Total: 5.406 Edge: 0.336 Con: 8.523 Cls: 1.035 Hist: 0.7615 Path: 0.3528 | 1.2s
  Epoch 675/800 | Total: 5.406 Edge: 0.330 Con: 8.521 Cls: 1.037 Hist: 0.7704 Path: 0.3435 | Val F1: 0.4317 | 1.2s
  Epoch 676/800 | Total: 5.395 Edge: 0.328 Con: 8.527 Cls: 1.033 Hist: 0.7704 Path: 0.3457 | 1.2s
  Epoch 677/800 | Total: 5.400 Edge: 0.328 Con: 8.522 Cls: 1.035 Hist: 0.7729 Path: 0.3429 | 1.2s
  Epoch 678/800 | Total: 5.432 Edge: 0.333 Con: 8.530 Cls: 1.043 Hist: 0.7706 Path: 0.3454 | 1.2s
  Epoch 679/800 | Total: 5.429 Edge: 0.333 Con: 8.527 Cls: 1.040 Hist: 0.7762 Path: 0.3473 | 1.2s
  Epoch 680/800 | Total: 5.515 Edge: 0.335 Con: 8.534 Cls: 1.065 Hist: 0.7813 Path: 0.3512 | Val F1: 0.4284 | 1.2s
  Epoch 681/800 | Total: 5.491 Edge: 0.337 Con: 8.525 Cls: 1.057 Hist: 0.7818 Path: 0.3497 | 1.2s
  Epoch 682/800 | Total: 5.523 Edge: 0.334 Con: 8.529 Cls: 1.066 Hist: 0.7870 Path: 0.3522 | 1.2s
  Epoch 683/800 | Total: 5.519 Edge: 0.333 Con: 8.528 Cls: 1.064 Hist: 0.7892 Path: 0.3524 | 1.2s
  Epoch 684/800 | Total: 5.438 Edge: 0.330 Con: 8.533 Cls: 1.043 Hist: 0.7740 Path: 0.3515 | 1.2s
  Epoch 685/800 | Total: 5.468 Edge: 0.332 Con: 8.532 Cls: 1.050 Hist: 0.7819 Path: 0.3500 | Val F1: 0.4285 | 1.2s
  Epoch 686/800 | Total: 5.457 Edge: 0.328 Con: 8.529 Cls: 1.050 Hist: 0.7790 Path: 0.3475 | 1.2s
  Epoch 687/800 | Total: 5.433 Edge: 0.331 Con: 8.526 Cls: 1.042 Hist: 0.7759 Path: 0.3479 | 1.2s
  Epoch 688/800 | Total: 5.498 Edge: 0.333 Con: 8.532 Cls: 1.057 Hist: 0.7833 Path: 0.3582 | 1.2s
  Epoch 689/800 | Total: 5.477 Edge: 0.334 Con: 8.531 Cls: 1.051 Hist: 0.7828 Path: 0.3531 | 1.2s
  Epoch 690/800 | Total: 5.471 Edge: 0.334 Con: 8.524 Cls: 1.053 Hist: 0.7766 Path: 0.3499 | Val F1: 0.4208 | 1.2s
  Epoch 691/800 | Total: 5.478 Edge: 0.332 Con: 8.528 Cls: 1.057 Hist: 0.7763 Path: 0.3464 | 1.2s
  Epoch 692/800 | Total: 5.468 Edge: 0.330 Con: 8.525 Cls: 1.054 Hist: 0.7783 Path: 0.3460 | 1.2s
  Epoch 693/800 | Total: 5.600 Edge: 0.334 Con: 8.523 Cls: 1.086 Hist: 0.8008 Path: 0.3558 | 1.2s
  Epoch 694/800 | Total: 5.583 Edge: 0.341 Con: 8.534 Cls: 1.077 Hist: 0.8006 Path: 0.3562 | 1.2s
  Epoch 695/800 | Total: 5.522 Edge: 0.336 Con: 8.534 Cls: 1.063 Hist: 0.7931 Path: 0.3516 | Val F1: 0.4214 | 1.2s
  Epoch 696/800 | Total: 5.620 Edge: 0.345 Con: 8.534 Cls: 1.083 Hist: 0.8033 Path: 0.3690 | 1.2s
  Epoch 697/800 | Total: 5.532 Edge: 0.337 Con: 8.529 Cls: 1.065 Hist: 0.7929 Path: 0.3540 | 1.2s
  Epoch 698/800 | Total: 5.441 Edge: 0.331 Con: 8.527 Cls: 1.043 Hist: 0.7780 Path: 0.3491 | 1.2s
  Epoch 699/800 | Total: 5.462 Edge: 0.330 Con: 8.534 Cls: 1.050 Hist: 0.7815 Path: 0.3471 | 1.2s
  Epoch 700/800 | Total: 5.560 Edge: 0.335 Con: 8.532 Cls: 1.075 Hist: 0.7936 Path: 0.3522 | Val F1: 0.4228 | 1.2s
  Epoch 701/800 | Total: 5.494 Edge: 0.335 Con: 8.526 Cls: 1.055 Hist: 0.7882 Path: 0.3538 | 1.2s
  Epoch 702/800 | Total: 5.535 Edge: 0.344 Con: 8.533 Cls: 1.063 Hist: 0.7895 Path: 0.3593 | 1.2s
  Epoch 703/800 | Total: 5.481 Edge: 0.339 Con: 8.524 Cls: 1.052 Hist: 0.7870 Path: 0.3475 | 1.2s
  Epoch 704/800 | Total: 5.439 Edge: 0.334 Con: 8.527 Cls: 1.042 Hist: 0.7758 Path: 0.3526 | 1.2s
  Epoch 705/800 | Total: 5.425 Edge: 0.332 Con: 8.524 Cls: 1.040 Hist: 0.7766 Path: 0.3444 | Val F1: 0.4196 | 1.2s
  Epoch 706/800 | Total: 5.548 Edge: 0.338 Con: 8.533 Cls: 1.070 Hist: 0.7907 Path: 0.3562 | 1.2s
  Epoch 707/800 | Total: 5.526 Edge: 0.335 Con: 8.530 Cls: 1.068 Hist: 0.7840 Path: 0.3513 | 1.2s
  Epoch 708/800 | Total: 5.581 Edge: 0.333 Con: 8.531 Cls: 1.081 Hist: 0.7956 Path: 0.3560 | 1.2s
  Epoch 709/800 | Total: 5.539 Edge: 0.333 Con: 8.531 Cls: 1.068 Hist: 0.7929 Path: 0.3561 | 1.2s
  Epoch 710/800 | Total: 5.466 Edge: 0.334 Con: 8.528 Cls: 1.048 Hist: 0.7811 Path: 0.3536 | Val F1: 0.4206 | 1.2s
  Epoch 711/800 | Total: 5.524 Edge: 0.339 Con: 8.527 Cls: 1.064 Hist: 0.7830 Path: 0.3568 | 1.2s
  Epoch 712/800 | Total: 5.712 Edge: 0.342 Con: 8.544 Cls: 1.115 Hist: 0.8098 Path: 0.3626 | 1.2s
  Epoch 713/800 | Total: 5.563 Edge: 0.343 Con: 8.534 Cls: 1.072 Hist: 0.7935 Path: 0.3589 | 1.2s
  Epoch 714/800 | Total: 5.538 Edge: 0.340 Con: 8.536 Cls: 1.068 Hist: 0.7796 Path: 0.3619 | 1.1s
  Epoch 715/800 | Total: 5.488 Edge: 0.336 Con: 8.533 Cls: 1.053 Hist: 0.7805 Path: 0.3578 | Val F1: 0.4233 | 1.2s
  Epoch 716/800 | Total: 5.443 Edge: 0.333 Con: 8.526 Cls: 1.043 Hist: 0.7765 Path: 0.3517 | 1.2s
  Epoch 717/800 | Total: 5.417 Edge: 0.330 Con: 8.526 Cls: 1.038 Hist: 0.7718 Path: 0.3493 | 1.2s
  Epoch 718/800 | Total: 5.417 Edge: 0.334 Con: 8.525 Cls: 1.037 Hist: 0.7690 Path: 0.3492 | 1.2s
  Epoch 719/800 | Total: 5.386 Edge: 0.330 Con: 8.525 Cls: 1.029 Hist: 0.7667 Path: 0.3495 | 1.2s
  Epoch 720/800 | Total: 5.405 Edge: 0.332 Con: 8.523 Cls: 1.037 Hist: 0.7691 Path: 0.3419 | Val F1: 0.4259 | 1.2s
  Epoch 721/800 | Total: 5.467 Edge: 0.336 Con: 8.529 Cls: 1.049 Hist: 0.7820 Path: 0.3487 | 1.2s
  Epoch 722/800 | Total: 5.528 Edge: 0.333 Con: 8.527 Cls: 1.067 Hist: 0.7934 Path: 0.3494 | 1.2s
  Epoch 723/800 | Total: 5.533 Edge: 0.334 Con: 8.531 Cls: 1.067 Hist: 0.7929 Path: 0.3529 | 1.2s
  Epoch 724/800 | Total: 5.419 Edge: 0.328 Con: 8.526 Cls: 1.038 Hist: 0.7798 Path: 0.3447 | 1.2s
  Epoch 725/800 | Total: 5.426 Edge: 0.330 Con: 8.524 Cls: 1.040 Hist: 0.7745 Path: 0.3485 | Val F1: 0.4214 | 1.2s
  Epoch 726/800 | Total: 5.377 Edge: 0.326 Con: 8.522 Cls: 1.029 Hist: 0.7696 Path: 0.3411 | 1.2s
  Epoch 727/800 | Total: 5.437 Edge: 0.327 Con: 8.524 Cls: 1.045 Hist: 0.7801 Path: 0.3435 | 1.2s
  Epoch 728/800 | Total: 5.431 Edge: 0.328 Con: 8.526 Cls: 1.044 Hist: 0.7738 Path: 0.3437 | 1.2s
  Epoch 729/800 | Total: 5.489 Edge: 0.332 Con: 8.524 Cls: 1.057 Hist: 0.7885 Path: 0.3446 | 1.2s
  Epoch 730/800 | Total: 5.467 Edge: 0.335 Con: 8.527 Cls: 1.051 Hist: 0.7803 Path: 0.3471 | Val F1: 0.4160 | 1.2s
  Epoch 731/800 | Total: 5.488 Edge: 0.337 Con: 8.524 Cls: 1.055 Hist: 0.7802 Path: 0.3533 | 1.2s
  Epoch 732/800 | Total: 5.626 Edge: 0.342 Con: 8.540 Cls: 1.088 Hist: 0.8067 Path: 0.3601 | 1.2s
  Epoch 733/800 | Total: 5.726 Edge: 0.346 Con: 8.540 Cls: 1.115 Hist: 0.8102 Path: 0.3697 | 1.2s
  Epoch 734/800 | Total: 5.667 Edge: 0.345 Con: 8.531 Cls: 1.095 Hist: 0.8180 Path: 0.3679 | 1.2s
  Epoch 735/800 | Total: 5.418 Edge: 0.331 Con: 8.525 Cls: 1.037 Hist: 0.7708 Path: 0.3517 | Val F1: 0.4259 | 1.2s
  Epoch 736/800 | Total: 5.433 Edge: 0.330 Con: 8.529 Cls: 1.043 Hist: 0.7688 Path: 0.3524 | 1.1s
  Epoch 737/800 | Total: 5.405 Edge: 0.329 Con: 8.527 Cls: 1.033 Hist: 0.7741 Path: 0.3506 | 1.2s
  Epoch 738/800 | Total: 5.400 Edge: 0.330 Con: 8.526 Cls: 1.032 Hist: 0.7727 Path: 0.3488 | 1.1s
  Epoch 739/800 | Total: 5.457 Edge: 0.333 Con: 8.528 Cls: 1.048 Hist: 0.7763 Path: 0.3493 | 1.2s
  Epoch 740/800 | Total: 5.426 Edge: 0.335 Con: 8.529 Cls: 1.038 Hist: 0.7763 Path: 0.3474 | Val F1: 0.4265 | 1.2s
  Epoch 741/800 | Total: 5.433 Edge: 0.335 Con: 8.526 Cls: 1.041 Hist: 0.7733 Path: 0.3468 | 1.1s
  Epoch 742/800 | Total: 5.401 Edge: 0.335 Con: 8.523 Cls: 1.034 Hist: 0.7687 Path: 0.3444 | 1.2s
  Epoch 743/800 | Total: 5.381 Edge: 0.331 Con: 8.522 Cls: 1.027 Hist: 0.7694 Path: 0.3465 | 1.2s
  Epoch 744/800 | Total: 5.416 Edge: 0.333 Con: 8.526 Cls: 1.035 Hist: 0.7794 Path: 0.3470 | 1.2s
  Epoch 745/800 | Total: 5.468 Edge: 0.332 Con: 8.518 Cls: 1.051 Hist: 0.7832 Path: 0.3472 | Val F1: 0.4236 | 1.1s
  Epoch 746/800 | Total: 5.473 Edge: 0.334 Con: 8.530 Cls: 1.053 Hist: 0.7789 Path: 0.3489 | 1.2s
  Epoch 747/800 | Total: 5.461 Edge: 0.333 Con: 8.528 Cls: 1.048 Hist: 0.7849 Path: 0.3468 | 1.2s
  Epoch 748/800 | Total: 5.511 Edge: 0.340 Con: 8.533 Cls: 1.058 Hist: 0.7900 Path: 0.3531 | 1.1s
  Epoch 749/800 | Total: 5.478 Edge: 0.340 Con: 8.531 Cls: 1.051 Hist: 0.7828 Path: 0.3497 | 1.2s
  Epoch 750/800 | Total: 5.424 Edge: 0.336 Con: 8.530 Cls: 1.038 Hist: 0.7681 Path: 0.3528 | Val F1: 0.4326 | 1.2s
  Epoch 751/800 | Total: 5.426 Edge: 0.340 Con: 8.528 Cls: 1.035 Hist: 0.7701 Path: 0.3576 | 1.2s
  Epoch 752/800 | Total: 5.482 Edge: 0.332 Con: 8.519 Cls: 1.054 Hist: 0.7865 Path: 0.3501 | 1.2s
  Epoch 753/800 | Total: 5.437 Edge: 0.332 Con: 8.524 Cls: 1.042 Hist: 0.7779 Path: 0.3485 | 1.2s
  Epoch 754/800 | Total: 5.334 Edge: 0.336 Con: 8.525 Cls: 1.013 Hist: 0.7558 Path: 0.3516 | 1.2s
  Epoch 755/800 | Total: 5.413 Edge: 0.334 Con: 8.529 Cls: 1.036 Hist: 0.7711 Path: 0.3477 | Val F1: 0.4231 | 1.2s
  Epoch 756/800 | Total: 5.385 Edge: 0.334 Con: 8.523 Cls: 1.028 Hist: 0.7690 Path: 0.3451 | 1.2s
  Epoch 757/800 | Total: 5.405 Edge: 0.332 Con: 8.517 Cls: 1.036 Hist: 0.7671 Path: 0.3471 | 1.2s
  Epoch 758/800 | Total: 5.339 Edge: 0.332 Con: 8.526 Cls: 1.017 Hist: 0.7575 Path: 0.3450 | 1.2s
  Epoch 759/800 | Total: 5.379 Edge: 0.330 Con: 8.525 Cls: 1.030 Hist: 0.7631 Path: 0.3427 | 1.2s
  Epoch 760/800 | Total: 5.373 Edge: 0.329 Con: 8.523 Cls: 1.029 Hist: 0.7614 Path: 0.3441 | Val F1: 0.4305 | 1.2s
  Epoch 761/800 | Total: 5.332 Edge: 0.328 Con: 8.522 Cls: 1.015 Hist: 0.7620 Path: 0.3437 | 1.2s
  Epoch 762/800 | Total: 5.370 Edge: 0.331 Con: 8.527 Cls: 1.026 Hist: 0.7629 Path: 0.3473 | 1.2s
  Epoch 763/800 | Total: 5.343 Edge: 0.329 Con: 8.522 Cls: 1.018 Hist: 0.7609 Path: 0.3460 | 1.2s
  Epoch 764/800 | Total: 5.396 Edge: 0.329 Con: 8.527 Cls: 1.033 Hist: 0.7650 Path: 0.3491 | 1.2s
  Epoch 765/800 | Total: 5.441 Edge: 0.331 Con: 8.515 Cls: 1.042 Hist: 0.7807 Path: 0.3512 | Val F1: 0.4258 | 1.2s
  Epoch 766/800 | Total: 5.484 Edge: 0.332 Con: 8.519 Cls: 1.054 Hist: 0.7894 Path: 0.3490 | 1.2s
  Epoch 767/800 | Total: 5.588 Edge: 0.340 Con: 8.532 Cls: 1.077 Hist: 0.8011 Path: 0.3615 | 1.1s
  Epoch 768/800 | Total: 5.508 Edge: 0.340 Con: 8.525 Cls: 1.057 Hist: 0.7858 Path: 0.3577 | 1.2s
  Epoch 769/800 | Total: 5.440 Edge: 0.331 Con: 8.523 Cls: 1.043 Hist: 0.7787 Path: 0.3489 | 1.2s
  Epoch 770/800 | Total: 5.411 Edge: 0.331 Con: 8.524 Cls: 1.038 Hist: 0.7683 Path: 0.3448 | Val F1: 0.4294 | 1.2s
  Epoch 771/800 | Total: 5.479 Edge: 0.338 Con: 8.527 Cls: 1.052 Hist: 0.7812 Path: 0.3520 | 1.2s
  Epoch 772/800 | Total: 5.531 Edge: 0.341 Con: 8.522 Cls: 1.062 Hist: 0.7977 Path: 0.3552 | 1.1s
  Epoch 773/800 | Total: 5.557 Edge: 0.340 Con: 8.529 Cls: 1.075 Hist: 0.7874 Path: 0.3535 | 1.2s
  Epoch 774/800 | Total: 5.588 Edge: 0.347 Con: 8.535 Cls: 1.075 Hist: 0.7986 Path: 0.3637 | 1.2s
  Epoch 775/800 | Total: 5.483 Edge: 0.338 Con: 8.525 Cls: 1.051 Hist: 0.7860 Path: 0.3544 | Val F1: 0.4175 | 1.2s
  Epoch 776/800 | Total: 5.379 Edge: 0.335 Con: 8.529 Cls: 1.026 Hist: 0.7642 Path: 0.3505 | 1.2s
  Epoch 777/800 | Total: 5.501 Edge: 0.336 Con: 8.529 Cls: 1.057 Hist: 0.7853 Path: 0.3559 | 1.2s
  Epoch 778/800 | Total: 5.504 Edge: 0.331 Con: 8.525 Cls: 1.061 Hist: 0.7869 Path: 0.3519 | 1.1s
  Epoch 779/800 | Total: 5.614 Edge: 0.334 Con: 8.532 Cls: 1.090 Hist: 0.8052 Path: 0.3529 | 1.1s
  Epoch 780/800 | Total: 5.587 Edge: 0.335 Con: 8.528 Cls: 1.080 Hist: 0.8039 Path: 0.3559 | Val F1: 0.4156 | 1.1s
  Epoch 781/800 | Total: 5.496 Edge: 0.341 Con: 8.525 Cls: 1.049 Hist: 0.7896 Path: 0.3651 | 1.1s
  Epoch 782/800 | Total: 5.484 Edge: 0.338 Con: 8.531 Cls: 1.050 Hist: 0.7773 Path: 0.3661 | 1.1s
  Epoch 783/800 | Total: 5.427 Edge: 0.333 Con: 8.523 Cls: 1.040 Hist: 0.7731 Path: 0.3484 | 1.1s
  Epoch 784/800 | Total: 5.386 Edge: 0.329 Con: 8.527 Cls: 1.031 Hist: 0.7657 Path: 0.3451 | 1.1s
  Epoch 785/800 | Total: 5.452 Edge: 0.330 Con: 8.528 Cls: 1.048 Hist: 0.7763 Path: 0.3486 | Val F1: 0.4221 | 1.1s
  Epoch 786/800 | Total: 5.605 Edge: 0.335 Con: 8.528 Cls: 1.089 Hist: 0.7975 Path: 0.3515 | 1.1s
  Epoch 787/800 | Total: 5.507 Edge: 0.344 Con: 8.537 Cls: 1.057 Hist: 0.7839 Path: 0.3546 | 1.1s
  Epoch 788/800 | Total: 5.456 Edge: 0.342 Con: 8.527 Cls: 1.045 Hist: 0.7732 Path: 0.3541 | 1.1s
  Epoch 789/800 | Total: 5.392 Edge: 0.331 Con: 8.528 Cls: 1.031 Hist: 0.7691 Path: 0.3463 | 1.1s
  Epoch 790/800 | Total: 5.326 Edge: 0.327 Con: 8.525 Cls: 1.015 Hist: 0.7582 Path: 0.3426 | Val F1: 0.4312 | 1.2s
  Epoch 791/800 | Total: 5.320 Edge: 0.325 Con: 8.524 Cls: 1.015 Hist: 0.7575 Path: 0.3398 | 1.2s
  Epoch 792/800 | Total: 5.302 Edge: 0.324 Con: 8.520 Cls: 1.010 Hist: 0.7555 Path: 0.3387 | 1.2s
  Epoch 793/800 | Total: 5.386 Edge: 0.331 Con: 8.531 Cls: 1.031 Hist: 0.7650 Path: 0.3440 | 1.2s
  Epoch 794/800 | Total: 5.435 Edge: 0.334 Con: 8.522 Cls: 1.042 Hist: 0.7767 Path: 0.3462 | 1.2s
  Epoch 795/800 | Total: 5.392 Edge: 0.335 Con: 8.524 Cls: 1.030 Hist: 0.7698 Path: 0.3455 | Val F1: 0.4309 | 1.2s
  Epoch 796/800 | Total: 5.388 Edge: 0.334 Con: 8.523 Cls: 1.029 Hist: 0.7658 Path: 0.3470 | 1.2s
  Epoch 797/800 | Total: 5.380 Edge: 0.339 Con: 8.526 Cls: 1.022 Hist: 0.7710 Path: 0.3507 | 1.2s
  Epoch 798/800 | Total: 5.479 Edge: 0.345 Con: 8.528 Cls: 1.047 Hist: 0.7806 Path: 0.3598 | 1.2s
  Epoch 799/800 | Total: 5.594 Edge: 0.348 Con: 8.532 Cls: 1.077 Hist: 0.7917 Path: 0.3682 | 1.2s
  Epoch 800/800 | Total: 5.571 Edge: 0.340 Con: 8.532 Cls: 1.079 Hist: 0.7872 Path: 0.3527 | Val F1: 0.4002 | 1.2s
  Best Val F1: 0.4326 | Test F1: 0.4241
  Total training time: 1023.9s (17.1 min)

======================================================================
  Val  Macro-F1: 0.4326
  Test Macro-F1: 0.4241
  Test Accuracy: 0.6433
  Time: 1025.8s
  Peak GPU mem: 2.31 GB
======================================================================

  Results saved to: results/NESS_ogbn-arxiv_MCAR_0.9_20260725_142128
