/home/erfan/MATE/venv/lib/python3.13/site-packages/outdated/__init__.py:36: UserWarning: pkg_resources is deprecated as an API. See https://setuptools.pypa.io/en/latest/pkg_resources.html. The pkg_resources package is slated for removal as early as 2025-11-30. Refrain from using this package or pin to Setuptools<81.
  from pkg_resources import parse_version
/home/erfan/MATE/ogbn_benchmarks/data_loader.py:96: UserWarning: Sparse invariant checks are implicitly disabled. Memory errors (e.g. SEGFAULT) will occur when operating on a sparse tensor which violates the invariants, but checks incur performance overhead. To silence this warning, explicitly opt in or out. See `torch.sparse.check_sparse_tensor_invariants.__doc__` for guidance.  (Triggered internally at /pytorch/aten/src/ATen/Context.cpp:760.)
  adj = torch.sparse_coo_tensor(edge_index, vals, (num_nodes, num_nodes)).coalesce()
======================================================================
  NESS | ogbn-arxiv | MCAR @ 80% | lr=0.001
======================================================================
[1/3] Loading ogbn-arxiv...
  169,343 nodes | 128 dims | 40 classes
[2/3] Simulating MCAR missingness...
Simulating MCAR missingness at 80% rate...
  MCAR: Uniform random selection
  Observable: 33,869 (20.0%)
  Masked: 135,474 (80.0%)
  Observable: 33,869 | Val: 67,737 | Test: 67,737
[3/3] Running NESS...
  Prefilling missing nodes via Feature Propagation (40 iters)...
  Computing neighbor label-histogram target (2-hop, observable labels)...
  Partitioning graph into 20 clusters (cache_device=gpu)...
  Cached 20 clusters
  Training NESS for up to 800 epochs (patience=20)...
  Epoch 1/800 | Total: 15.628 Edge: 0.692 Con: 8.989 Cls: 3.517 Hist: 2.7916 Path: 0.6954 | 10.2s
  Epoch 2/800 | Total: 14.059 Edge: 0.682 Con: 8.995 Cls: 3.120 Hist: 2.4311 Path: 0.6867 | 1.2s
  Epoch 3/800 | Total: 13.871 Edge: 0.661 Con: 8.984 Cls: 3.084 Hist: 2.3737 Path: 0.6865 | 1.2s
  Epoch 4/800 | Total: 13.498 Edge: 0.662 Con: 8.971 Cls: 2.998 Hist: 2.2492 Path: 0.6947 | 1.2s
  Epoch 5/800 | Total: 13.156 Edge: 0.629 Con: 8.927 Cls: 2.928 Hist: 2.1682 Path: 0.6828 | Val F1: 0.0188 | 1.2s
  Epoch 6/800 | Total: 12.509 Edge: 0.622 Con: 8.893 Cls: 2.766 Hist: 2.0155 Path: 0.6836 | 1.2s
  Epoch 7/800 | Total: 11.683 Edge: 0.640 Con: 8.814 Cls: 2.553 Hist: 1.8270 Path: 0.6768 | 1.2s
  Epoch 8/800 | Total: 11.402 Edge: 0.610 Con: 8.818 Cls: 2.494 Hist: 1.7624 Path: 0.6674 | 1.2s
  Epoch 9/800 | Total: 10.957 Edge: 0.600 Con: 8.749 Cls: 2.392 Hist: 1.6634 Path: 0.6434 | 1.2s
  Epoch 10/800 | Total: 10.778 Edge: 0.575 Con: 8.740 Cls: 2.361 Hist: 1.6083 Path: 0.6385 | Val F1: 0.0514 | 1.2s
  Epoch 11/800 | Total: 10.440 Edge: 0.575 Con: 8.736 Cls: 2.273 Hist: 1.5372 Path: 0.6346 | 1.1s
  Epoch 12/800 | Total: 10.041 Edge: 0.554 Con: 8.715 Cls: 2.184 Hist: 1.4387 Path: 0.6252 | 1.2s
  Epoch 13/800 | Total: 9.840 Edge: 0.581 Con: 8.698 Cls: 2.111 Hist: 1.4070 Path: 0.6499 | 1.2s
  Epoch 14/800 | Total: 9.745 Edge: 0.548 Con: 8.676 Cls: 2.095 Hist: 1.4205 Path: 0.6227 | 1.1s
  Epoch 15/800 | Total: 9.538 Edge: 0.529 Con: 8.709 Cls: 2.048 Hist: 1.3951 Path: 0.6001 | Val F1: 0.1174 | 1.2s
  Epoch 16/800 | Total: 9.248 Edge: 0.534 Con: 8.689 Cls: 1.971 Hist: 1.3280 Path: 0.6043 | 1.2s
  Epoch 17/800 | Total: 9.414 Edge: 0.540 Con: 8.684 Cls: 2.017 Hist: 1.3484 Path: 0.6073 | 1.2s
  Epoch 18/800 | Total: 9.289 Edge: 0.511 Con: 8.669 Cls: 1.999 Hist: 1.3267 Path: 0.5871 | 1.1s
  Epoch 19/800 | Total: 8.861 Edge: 0.504 Con: 8.660 Cls: 1.883 Hist: 1.2633 Path: 0.5784 | 1.2s
  Epoch 20/800 | Total: 8.792 Edge: 0.495 Con: 8.650 Cls: 1.867 Hist: 1.2634 Path: 0.5675 | Val F1: 0.1759 | 1.2s
  Epoch 21/800 | Total: 8.697 Edge: 0.491 Con: 8.630 Cls: 1.845 Hist: 1.2465 Path: 0.5604 | 1.2s
  Epoch 22/800 | Total: 8.719 Edge: 0.494 Con: 8.637 Cls: 1.855 Hist: 1.2401 Path: 0.5555 | 1.2s
  Epoch 23/800 | Total: 8.937 Edge: 0.487 Con: 8.633 Cls: 1.914 Hist: 1.2916 Path: 0.5533 | 1.2s
  Epoch 24/800 | Total: 8.680 Edge: 0.493 Con: 8.626 Cls: 1.843 Hist: 1.2405 Path: 0.5540 | 1.1s
  Epoch 25/800 | Total: 8.374 Edge: 0.482 Con: 8.614 Cls: 1.772 Hist: 1.1769 Path: 0.5368 | Val F1: 0.1913 | 1.2s
  Epoch 26/800 | Total: 8.381 Edge: 0.499 Con: 8.636 Cls: 1.755 Hist: 1.1764 Path: 0.5771 | 1.2s
  Epoch 27/800 | Total: 8.322 Edge: 0.488 Con: 8.605 Cls: 1.743 Hist: 1.1704 Path: 0.5734 | 1.2s
  Epoch 28/800 | Total: 8.269 Edge: 0.478 Con: 8.615 Cls: 1.744 Hist: 1.1591 Path: 0.5393 | 1.2s
  Epoch 29/800 | Total: 8.215 Edge: 0.465 Con: 8.606 Cls: 1.738 Hist: 1.1467 Path: 0.5281 | 1.1s
  Epoch 30/800 | Total: 8.293 Edge: 0.460 Con: 8.611 Cls: 1.759 Hist: 1.1740 Path: 0.5216 | Val F1: 0.1986 | 1.1s
  Epoch 31/800 | Total: 7.983 Edge: 0.454 Con: 8.596 Cls: 1.681 Hist: 1.1145 Path: 0.5126 | 1.1s
  Epoch 32/800 | Total: 8.172 Edge: 0.465 Con: 8.609 Cls: 1.716 Hist: 1.1602 Path: 0.5394 | 1.1s
  Epoch 33/800 | Total: 8.193 Edge: 0.472 Con: 8.623 Cls: 1.721 Hist: 1.1529 Path: 0.5432 | 1.1s
  Epoch 34/800 | Total: 8.001 Edge: 0.457 Con: 8.598 Cls: 1.682 Hist: 1.1107 Path: 0.5291 | 1.1s
  Epoch 35/800 | Total: 8.021 Edge: 0.452 Con: 8.588 Cls: 1.688 Hist: 1.1157 Path: 0.5290 | Val F1: 0.2156 | 1.1s
  Epoch 36/800 | Total: 8.045 Edge: 0.453 Con: 8.589 Cls: 1.695 Hist: 1.1233 Path: 0.5245 | 1.1s
  Epoch 37/800 | Total: 8.059 Edge: 0.459 Con: 8.584 Cls: 1.695 Hist: 1.1275 Path: 0.5278 | 1.1s
  Epoch 38/800 | Total: 8.131 Edge: 0.453 Con: 8.588 Cls: 1.723 Hist: 1.1312 Path: 0.5179 | 1.1s
  Epoch 39/800 | Total: 7.956 Edge: 0.464 Con: 8.590 Cls: 1.665 Hist: 1.1024 Path: 0.5340 | 1.1s
  Epoch 40/800 | Total: 7.938 Edge: 0.483 Con: 8.591 Cls: 1.654 Hist: 1.0868 Path: 0.5471 | Val F1: 0.2442 | 1.1s
  Epoch 41/800 | Total: 7.826 Edge: 0.460 Con: 8.578 Cls: 1.639 Hist: 1.0725 Path: 0.5196 | 1.1s
  Epoch 42/800 | Total: 7.726 Edge: 0.451 Con: 8.587 Cls: 1.615 Hist: 1.0601 Path: 0.5118 | 1.1s
  Epoch 43/800 | Total: 7.720 Edge: 0.454 Con: 8.588 Cls: 1.611 Hist: 1.0640 Path: 0.5116 | 1.1s
  Epoch 44/800 | Total: 7.716 Edge: 0.446 Con: 8.580 Cls: 1.617 Hist: 1.0571 Path: 0.5030 | 1.1s
  Epoch 45/800 | Total: 7.633 Edge: 0.450 Con: 8.593 Cls: 1.592 Hist: 1.0433 Path: 0.5051 | Val F1: 0.2245 | 1.1s
  Epoch 46/800 | Total: 7.770 Edge: 0.447 Con: 8.583 Cls: 1.625 Hist: 1.0736 Path: 0.5162 | 1.1s
  Epoch 47/800 | Total: 7.569 Edge: 0.446 Con: 8.573 Cls: 1.577 Hist: 1.0317 Path: 0.5037 | 1.1s
  Epoch 48/800 | Total: 7.435 Edge: 0.430 Con: 8.564 Cls: 1.550 Hist: 1.0168 Path: 0.4833 | 1.1s
  Epoch 49/800 | Total: 7.355 Edge: 0.430 Con: 8.567 Cls: 1.528 Hist: 1.0004 Path: 0.4822 | 1.1s
  Epoch 50/800 | Total: 7.380 Edge: 0.436 Con: 8.562 Cls: 1.530 Hist: 0.9993 Path: 0.4980 | Val F1: 0.2663 | 1.1s
  Epoch 51/800 | Total: 7.440 Edge: 0.454 Con: 8.567 Cls: 1.539 Hist: 1.0078 Path: 0.5046 | 1.1s
  Epoch 52/800 | Total: 7.408 Edge: 0.436 Con: 8.569 Cls: 1.541 Hist: 1.0055 Path: 0.4856 | 1.1s
  Epoch 53/800 | Total: 7.308 Edge: 0.422 Con: 8.561 Cls: 1.520 Hist: 0.9925 Path: 0.4767 | 1.1s
  Epoch 54/800 | Total: 7.198 Edge: 0.420 Con: 8.559 Cls: 1.493 Hist: 0.9691 Path: 0.4754 | 1.1s
  Epoch 55/800 | Total: 7.443 Edge: 0.423 Con: 8.557 Cls: 1.556 Hist: 1.0144 Path: 0.4831 | Val F1: 0.2852 | 1.1s
  Epoch 56/800 | Total: 7.406 Edge: 0.427 Con: 8.555 Cls: 1.544 Hist: 1.0166 Path: 0.4747 | 1.1s
  Epoch 57/800 | Total: 7.333 Edge: 0.438 Con: 8.551 Cls: 1.524 Hist: 0.9864 Path: 0.4824 | 1.1s
  Epoch 58/800 | Total: 7.370 Edge: 0.451 Con: 8.553 Cls: 1.520 Hist: 0.9969 Path: 0.5068 | 1.1s
  Epoch 59/800 | Total: 7.286 Edge: 0.435 Con: 8.566 Cls: 1.505 Hist: 0.9866 Path: 0.4929 | 1.1s
  Epoch 60/800 | Total: 7.208 Edge: 0.421 Con: 8.549 Cls: 1.490 Hist: 0.9712 Path: 0.4899 | Val F1: 0.2840 | 1.1s
  Epoch 61/800 | Total: 7.153 Edge: 0.414 Con: 8.545 Cls: 1.476 Hist: 0.9720 Path: 0.4842 | 1.1s
  Epoch 62/800 | Total: 7.042 Edge: 0.410 Con: 8.543 Cls: 1.455 Hist: 0.9454 Path: 0.4665 | 1.1s
  Epoch 63/800 | Total: 7.027 Edge: 0.410 Con: 8.543 Cls: 1.451 Hist: 0.9467 Path: 0.4610 | 1.1s
  Epoch 64/800 | Total: 7.047 Edge: 0.414 Con: 8.544 Cls: 1.455 Hist: 0.9446 Path: 0.4695 | 1.1s
  Epoch 65/800 | Total: 7.071 Edge: 0.418 Con: 8.535 Cls: 1.459 Hist: 0.9504 Path: 0.4725 | Val F1: 0.3016 | 1.1s
  Epoch 66/800 | Total: 6.983 Edge: 0.412 Con: 8.548 Cls: 1.439 Hist: 0.9331 Path: 0.4658 | 1.1s
  Epoch 67/800 | Total: 7.046 Edge: 0.407 Con: 8.534 Cls: 1.459 Hist: 0.9481 Path: 0.4598 | 1.1s
  Epoch 68/800 | Total: 6.992 Edge: 0.407 Con: 8.537 Cls: 1.447 Hist: 0.9388 Path: 0.4530 | 1.1s
  Epoch 69/800 | Total: 6.966 Edge: 0.405 Con: 8.531 Cls: 1.440 Hist: 0.9368 Path: 0.4502 | 1.1s
  Epoch 70/800 | Total: 6.937 Edge: 0.407 Con: 8.541 Cls: 1.433 Hist: 0.9245 Path: 0.4537 | Val F1: 0.3116 | 1.1s
  Epoch 71/800 | Total: 7.002 Edge: 0.409 Con: 8.532 Cls: 1.449 Hist: 0.9327 Path: 0.4607 | 1.1s
  Epoch 72/800 | Total: 6.948 Edge: 0.414 Con: 8.531 Cls: 1.424 Hist: 0.9269 Path: 0.4826 | 1.1s
  Epoch 73/800 | Total: 6.881 Edge: 0.406 Con: 8.529 Cls: 1.414 Hist: 0.9194 Path: 0.4595 | 1.1s
  Epoch 74/800 | Total: 6.921 Edge: 0.403 Con: 8.531 Cls: 1.428 Hist: 0.9266 Path: 0.4544 | 1.1s
  Epoch 75/800 | Total: 6.899 Edge: 0.402 Con: 8.534 Cls: 1.422 Hist: 0.9253 Path: 0.4519 | Val F1: 0.3166 | 1.1s
  Epoch 76/800 | Total: 6.861 Edge: 0.405 Con: 8.527 Cls: 1.412 Hist: 0.9113 Path: 0.4568 | 1.2s
  Epoch 77/800 | Total: 6.910 Edge: 0.404 Con: 8.522 Cls: 1.423 Hist: 0.9239 Path: 0.4614 | 1.2s
  Epoch 78/800 | Total: 6.991 Edge: 0.409 Con: 8.530 Cls: 1.444 Hist: 0.9402 Path: 0.4557 | 1.2s
  Epoch 79/800 | Total: 7.043 Edge: 0.410 Con: 8.533 Cls: 1.455 Hist: 0.9513 Path: 0.4647 | 1.2s
  Epoch 80/800 | Total: 7.085 Edge: 0.412 Con: 8.527 Cls: 1.468 Hist: 0.9503 Path: 0.4657 | Val F1: 0.3135 | 1.2s
  Epoch 81/800 | Total: 6.935 Edge: 0.407 Con: 8.529 Cls: 1.428 Hist: 0.9259 Path: 0.4659 | 1.2s
  Epoch 82/800 | Total: 7.092 Edge: 0.412 Con: 8.521 Cls: 1.469 Hist: 0.9566 Path: 0.4631 | 1.2s
  Epoch 83/800 | Total: 7.092 Edge: 0.408 Con: 8.517 Cls: 1.471 Hist: 0.9611 Path: 0.4581 | 1.2s
  Epoch 84/800 | Total: 6.856 Edge: 0.393 Con: 8.514 Cls: 1.414 Hist: 0.9200 Path: 0.4490 | 1.2s
  Epoch 85/800 | Total: 6.814 Edge: 0.398 Con: 8.514 Cls: 1.399 Hist: 0.9111 Path: 0.4549 | Val F1: 0.3269 | 1.2s
  Epoch 86/800 | Total: 6.812 Edge: 0.400 Con: 8.512 Cls: 1.400 Hist: 0.9082 Path: 0.4522 | 1.1s
  Epoch 87/800 | Total: 6.849 Edge: 0.400 Con: 8.507 Cls: 1.409 Hist: 0.9266 Path: 0.4450 | 1.2s
  Epoch 88/800 | Total: 6.817 Edge: 0.396 Con: 8.508 Cls: 1.403 Hist: 0.9191 Path: 0.4413 | 1.1s
  Epoch 89/800 | Total: 6.813 Edge: 0.403 Con: 8.520 Cls: 1.400 Hist: 0.9105 Path: 0.4474 | 1.2s
  Epoch 90/800 | Total: 6.844 Edge: 0.410 Con: 8.525 Cls: 1.404 Hist: 0.9116 Path: 0.4587 | Val F1: 0.3389 | 1.2s
  Epoch 91/800 | Total: 6.858 Edge: 0.403 Con: 8.509 Cls: 1.411 Hist: 0.9148 Path: 0.4557 | 1.2s
  Epoch 92/800 | Total: 6.868 Edge: 0.404 Con: 8.509 Cls: 1.414 Hist: 0.9182 Path: 0.4534 | 1.2s
  Epoch 93/800 | Total: 6.693 Edge: 0.396 Con: 8.507 Cls: 1.371 Hist: 0.8900 Path: 0.4448 | 1.2s
  Epoch 94/800 | Total: 6.646 Edge: 0.387 Con: 8.502 Cls: 1.366 Hist: 0.8821 Path: 0.4299 | 1.2s
  Epoch 95/800 | Total: 6.689 Edge: 0.384 Con: 8.502 Cls: 1.378 Hist: 0.8913 Path: 0.4299 | Val F1: 0.3326 | 1.2s
  Epoch 96/800 | Total: 6.672 Edge: 0.387 Con: 8.508 Cls: 1.371 Hist: 0.8874 Path: 0.4328 | 1.2s
  Epoch 97/800 | Total: 6.813 Edge: 0.389 Con: 8.501 Cls: 1.410 Hist: 0.9115 Path: 0.4339 | 1.2s
  Epoch 98/800 | Total: 6.869 Edge: 0.394 Con: 8.508 Cls: 1.425 Hist: 0.9110 Path: 0.4386 | 1.2s
  Epoch 99/800 | Total: 6.690 Edge: 0.392 Con: 8.505 Cls: 1.373 Hist: 0.8893 Path: 0.4378 | 1.2s
  Epoch 100/800 | Total: 6.671 Edge: 0.387 Con: 8.502 Cls: 1.370 Hist: 0.8825 Path: 0.4416 | Val F1: 0.3294 | 1.2s
  Epoch 101/800 | Total: 6.775 Edge: 0.393 Con: 8.514 Cls: 1.393 Hist: 0.9097 Path: 0.4404 | 1.2s
  Epoch 102/800 | Total: 6.786 Edge: 0.398 Con: 8.504 Cls: 1.395 Hist: 0.9039 Path: 0.4490 | 1.2s
  Epoch 103/800 | Total: 6.652 Edge: 0.390 Con: 8.495 Cls: 1.366 Hist: 0.8800 Path: 0.4340 | 1.2s
  Epoch 104/800 | Total: 6.660 Edge: 0.383 Con: 8.498 Cls: 1.371 Hist: 0.8852 Path: 0.4277 | 1.2s
  Epoch 105/800 | Total: 6.616 Edge: 0.378 Con: 8.495 Cls: 1.360 Hist: 0.8786 Path: 0.4299 | Val F1: 0.3418 | 1.2s
  Epoch 106/800 | Total: 6.529 Edge: 0.376 Con: 8.503 Cls: 1.339 Hist: 0.8628 Path: 0.4222 | 1.2s
  Epoch 107/800 | Total: 6.534 Edge: 0.374 Con: 8.501 Cls: 1.343 Hist: 0.8591 Path: 0.4206 | 1.2s
  Epoch 108/800 | Total: 6.558 Edge: 0.374 Con: 8.492 Cls: 1.350 Hist: 0.8674 Path: 0.4172 | 1.2s
  Epoch 109/800 | Total: 6.589 Edge: 0.376 Con: 8.501 Cls: 1.356 Hist: 0.8735 Path: 0.4212 | 1.2s
  Epoch 110/800 | Total: 6.568 Edge: 0.378 Con: 8.500 Cls: 1.351 Hist: 0.8690 Path: 0.4187 | Val F1: 0.3602 | 1.2s
  Epoch 111/800 | Total: 6.548 Edge: 0.385 Con: 8.489 Cls: 1.344 Hist: 0.8641 Path: 0.4194 | 1.2s
  Epoch 112/800 | Total: 6.514 Edge: 0.383 Con: 8.497 Cls: 1.333 Hist: 0.8608 Path: 0.4207 | 1.2s
  Epoch 113/800 | Total: 6.523 Edge: 0.379 Con: 8.491 Cls: 1.337 Hist: 0.8639 Path: 0.4196 | 1.2s
  Epoch 114/800 | Total: 6.604 Edge: 0.382 Con: 8.490 Cls: 1.355 Hist: 0.8742 Path: 0.4338 | 1.2s
  Epoch 115/800 | Total: 6.778 Edge: 0.394 Con: 8.518 Cls: 1.400 Hist: 0.8965 Path: 0.4361 | Val F1: 0.3485 | 1.2s
  Epoch 116/800 | Total: 6.649 Edge: 0.383 Con: 8.494 Cls: 1.366 Hist: 0.8857 Path: 0.4339 | 1.2s
  Epoch 117/800 | Total: 6.729 Edge: 0.379 Con: 8.498 Cls: 1.392 Hist: 0.8969 Path: 0.4269 | 1.2s
  Epoch 118/800 | Total: 6.611 Edge: 0.378 Con: 8.488 Cls: 1.361 Hist: 0.8735 Path: 0.4265 | 1.2s
  Epoch 119/800 | Total: 6.587 Edge: 0.377 Con: 8.485 Cls: 1.356 Hist: 0.8734 Path: 0.4184 | 1.2s
  Epoch 120/800 | Total: 6.530 Edge: 0.372 Con: 8.490 Cls: 1.343 Hist: 0.8640 Path: 0.4149 | Val F1: 0.3642 | 1.2s
  Epoch 121/800 | Total: 6.475 Edge: 0.366 Con: 8.482 Cls: 1.332 Hist: 0.8563 Path: 0.4090 | 1.2s
  Epoch 122/800 | Total: 6.494 Edge: 0.371 Con: 8.492 Cls: 1.336 Hist: 0.8571 Path: 0.4086 | 1.2s
  Epoch 123/800 | Total: 6.495 Edge: 0.369 Con: 8.488 Cls: 1.337 Hist: 0.8571 Path: 0.4097 | 1.1s
  Epoch 124/800 | Total: 6.506 Edge: 0.366 Con: 8.491 Cls: 1.338 Hist: 0.8604 Path: 0.4150 | 1.1s
  Epoch 125/800 | Total: 6.764 Edge: 0.376 Con: 8.504 Cls: 1.401 Hist: 0.9014 Path: 0.4334 | Val F1: 0.3246 | 1.2s
  Epoch 126/800 | Total: 7.452 Edge: 0.404 Con: 8.533 Cls: 1.572 Hist: 1.0125 Path: 0.4660 | 1.1s
  Epoch 127/800 | Total: 7.178 Edge: 0.410 Con: 8.505 Cls: 1.495 Hist: 0.9605 Path: 0.4723 | 1.2s
  Epoch 128/800 | Total: 6.917 Edge: 0.410 Con: 8.502 Cls: 1.423 Hist: 0.9140 Path: 0.4740 | 1.2s
  Epoch 129/800 | Total: 6.713 Edge: 0.390 Con: 8.491 Cls: 1.385 Hist: 0.8864 Path: 0.4322 | 1.2s
  Epoch 130/800 | Total: 6.562 Edge: 0.380 Con: 8.485 Cls: 1.348 Hist: 0.8676 Path: 0.4210 | Val F1: 0.3664 | 1.2s
  Epoch 131/800 | Total: 6.502 Edge: 0.375 Con: 8.483 Cls: 1.335 Hist: 0.8602 Path: 0.4143 | 1.2s
  Epoch 132/800 | Total: 6.512 Edge: 0.375 Con: 8.489 Cls: 1.338 Hist: 0.8563 Path: 0.4162 | 1.2s
  Epoch 133/800 | Total: 6.466 Edge: 0.370 Con: 8.496 Cls: 1.327 Hist: 0.8509 Path: 0.4141 | 1.2s
  Epoch 134/800 | Total: 6.605 Edge: 0.377 Con: 8.486 Cls: 1.358 Hist: 0.8764 Path: 0.4299 | 1.2s
  Epoch 135/800 | Total: 6.533 Edge: 0.380 Con: 8.485 Cls: 1.335 Hist: 0.8627 Path: 0.4357 | Val F1: 0.3565 | 1.2s
  Epoch 136/800 | Total: 6.747 Edge: 0.385 Con: 8.492 Cls: 1.394 Hist: 0.9054 Path: 0.4269 | 1.2s
  Epoch 137/800 | Total: 6.694 Edge: 0.381 Con: 8.475 Cls: 1.384 Hist: 0.8923 Path: 0.4213 | 1.2s
  Epoch 138/800 | Total: 6.512 Edge: 0.376 Con: 8.487 Cls: 1.338 Hist: 0.8580 Path: 0.4150 | 1.2s
  Epoch 139/800 | Total: 6.502 Edge: 0.373 Con: 8.483 Cls: 1.337 Hist: 0.8612 Path: 0.4095 | 1.2s
  Epoch 140/800 | Total: 6.407 Edge: 0.364 Con: 8.479 Cls: 1.313 Hist: 0.8470 Path: 0.4091 | Val F1: 0.3750 | 1.1s
  Epoch 141/800 | Total: 6.443 Edge: 0.360 Con: 8.480 Cls: 1.326 Hist: 0.8509 Path: 0.4043 | 1.2s
  Epoch 142/800 | Total: 6.385 Edge: 0.361 Con: 8.475 Cls: 1.312 Hist: 0.8425 Path: 0.3979 | 1.2s
  Epoch 143/800 | Total: 6.357 Edge: 0.362 Con: 8.475 Cls: 1.305 Hist: 0.8331 Path: 0.3990 | 1.2s
  Epoch 144/800 | Total: 6.330 Edge: 0.362 Con: 8.485 Cls: 1.299 Hist: 0.8275 Path: 0.3949 | 1.2s
  Epoch 145/800 | Total: 6.436 Edge: 0.371 Con: 8.474 Cls: 1.324 Hist: 0.8486 Path: 0.3979 | Val F1: 0.3715 | 1.2s
  Epoch 146/800 | Total: 6.461 Edge: 0.370 Con: 8.478 Cls: 1.331 Hist: 0.8530 Path: 0.3983 | 1.2s
  Epoch 147/800 | Total: 6.448 Edge: 0.374 Con: 8.472 Cls: 1.327 Hist: 0.8478 Path: 0.3981 | 1.2s
  Epoch 148/800 | Total: 6.384 Edge: 0.365 Con: 8.482 Cls: 1.311 Hist: 0.8368 Path: 0.4015 | 1.2s
  Epoch 149/800 | Total: 6.404 Edge: 0.371 Con: 8.485 Cls: 1.312 Hist: 0.8387 Path: 0.4112 | 1.2s
  Epoch 150/800 | Total: 6.378 Edge: 0.367 Con: 8.477 Cls: 1.302 Hist: 0.8295 Path: 0.4268 | Val F1: 0.3710 | 1.1s
  Epoch 151/800 | Total: 6.376 Edge: 0.362 Con: 8.469 Cls: 1.304 Hist: 0.8356 Path: 0.4175 | 1.2s
  Epoch 152/800 | Total: 6.359 Edge: 0.362 Con: 8.471 Cls: 1.301 Hist: 0.8363 Path: 0.4100 | 1.2s
  Epoch 153/800 | Total: 6.272 Edge: 0.360 Con: 8.476 Cls: 1.278 Hist: 0.8160 Path: 0.4125 | 1.2s
  Epoch 154/800 | Total: 6.281 Edge: 0.358 Con: 8.472 Cls: 1.285 Hist: 0.8202 Path: 0.4016 | 1.2s
  Epoch 155/800 | Total: 6.302 Edge: 0.355 Con: 8.470 Cls: 1.294 Hist: 0.8256 Path: 0.3936 | Val F1: 0.3725 | 1.2s
  Epoch 156/800 | Total: 6.297 Edge: 0.357 Con: 8.473 Cls: 1.290 Hist: 0.8257 Path: 0.3965 | 1.2s
  Epoch 157/800 | Total: 6.296 Edge: 0.353 Con: 8.476 Cls: 1.294 Hist: 0.8247 Path: 0.3900 | 1.2s
  Epoch 158/800 | Total: 6.277 Edge: 0.358 Con: 8.468 Cls: 1.284 Hist: 0.8202 Path: 0.3995 | 1.2s
  Epoch 159/800 | Total: 6.333 Edge: 0.361 Con: 8.474 Cls: 1.299 Hist: 0.8270 Path: 0.4013 | 1.2s
  Epoch 160/800 | Total: 6.324 Edge: 0.361 Con: 8.475 Cls: 1.295 Hist: 0.8266 Path: 0.4031 | Val F1: 0.3752 | 1.2s
  Epoch 161/800 | Total: 6.327 Edge: 0.356 Con: 8.464 Cls: 1.301 Hist: 0.8280 Path: 0.3948 | 1.2s
  Epoch 162/800 | Total: 6.426 Edge: 0.363 Con: 8.488 Cls: 1.320 Hist: 0.8481 Path: 0.4067 | 1.2s
  Epoch 163/800 | Total: 6.365 Edge: 0.367 Con: 8.475 Cls: 1.302 Hist: 0.8376 Path: 0.4065 | 1.2s
  Epoch 164/800 | Total: 6.359 Edge: 0.358 Con: 8.469 Cls: 1.306 Hist: 0.8392 Path: 0.3973 | 1.2s
  Epoch 165/800 | Total: 6.396 Edge: 0.364 Con: 8.482 Cls: 1.312 Hist: 0.8424 Path: 0.4047 | Val F1: 0.3732 | 1.2s
  Epoch 166/800 | Total: 6.402 Edge: 0.370 Con: 8.478 Cls: 1.312 Hist: 0.8375 Path: 0.4108 | 1.2s
  Epoch 167/800 | Total: 6.287 Edge: 0.360 Con: 8.472 Cls: 1.288 Hist: 0.8174 Path: 0.3992 | 1.2s
  Epoch 168/800 | Total: 6.304 Edge: 0.362 Con: 8.479 Cls: 1.288 Hist: 0.8239 Path: 0.4046 | 1.2s
  Epoch 169/800 | Total: 6.276 Edge: 0.354 Con: 8.474 Cls: 1.287 Hist: 0.8232 Path: 0.3915 | 1.2s
  Epoch 170/800 | Total: 6.388 Edge: 0.364 Con: 8.473 Cls: 1.314 Hist: 0.8367 Path: 0.3987 | Val F1: 0.3542 | 1.2s
  Epoch 171/800 | Total: 6.360 Edge: 0.361 Con: 8.466 Cls: 1.306 Hist: 0.8351 Path: 0.3983 | 1.2s
  Epoch 172/800 | Total: 6.350 Edge: 0.364 Con: 8.471 Cls: 1.303 Hist: 0.8318 Path: 0.3982 | 1.2s
  Epoch 173/800 | Total: 6.390 Edge: 0.366 Con: 8.480 Cls: 1.313 Hist: 0.8394 Path: 0.3968 | 1.2s
  Epoch 174/800 | Total: 6.318 Edge: 0.358 Con: 8.468 Cls: 1.293 Hist: 0.8320 Path: 0.4015 | 1.2s
  Epoch 175/800 | Total: 6.238 Edge: 0.354 Con: 8.473 Cls: 1.278 Hist: 0.8108 Path: 0.3921 | Val F1: 0.3846 | 1.2s
  Epoch 176/800 | Total: 6.199 Edge: 0.349 Con: 8.467 Cls: 1.268 Hist: 0.8114 Path: 0.3876 | 1.2s
  Epoch 177/800 | Total: 6.188 Edge: 0.349 Con: 8.462 Cls: 1.265 Hist: 0.8118 Path: 0.3858 | 1.2s
  Epoch 178/800 | Total: 6.195 Edge: 0.352 Con: 8.473 Cls: 1.267 Hist: 0.8083 Path: 0.3853 | 1.1s
  Epoch 179/800 | Total: 6.232 Edge: 0.351 Con: 8.465 Cls: 1.278 Hist: 0.8179 Path: 0.3833 | 1.2s
  Epoch 180/800 | Total: 6.366 Edge: 0.352 Con: 8.474 Cls: 1.310 Hist: 0.8405 Path: 0.3947 | Val F1: 0.3851 | 1.2s
  Epoch 181/800 | Total: 6.348 Edge: 0.355 Con: 8.470 Cls: 1.303 Hist: 0.8327 Path: 0.4037 | 1.2s
  Epoch 182/800 | Total: 6.292 Edge: 0.360 Con: 8.470 Cls: 1.284 Hist: 0.8193 Path: 0.4125 | 1.1s
  Epoch 183/800 | Total: 6.328 Edge: 0.367 Con: 8.484 Cls: 1.289 Hist: 0.8248 Path: 0.4200 | 1.2s
  Epoch 184/800 | Total: 6.312 Edge: 0.362 Con: 8.475 Cls: 1.292 Hist: 0.8235 Path: 0.4039 | 1.2s
  Epoch 185/800 | Total: 6.262 Edge: 0.357 Con: 8.466 Cls: 1.280 Hist: 0.8185 Path: 0.3989 | Val F1: 0.3808 | 1.2s
  Epoch 186/800 | Total: 6.279 Edge: 0.357 Con: 8.467 Cls: 1.286 Hist: 0.8161 Path: 0.4001 | 1.2s
  Epoch 187/800 | Total: 6.275 Edge: 0.355 Con: 8.475 Cls: 1.284 Hist: 0.8194 Path: 0.4005 | 1.2s
  Epoch 188/800 | Total: 6.220 Edge: 0.351 Con: 8.460 Cls: 1.274 Hist: 0.8121 Path: 0.3887 | 1.2s
  Epoch 189/800 | Total: 6.263 Edge: 0.350 Con: 8.467 Cls: 1.286 Hist: 0.8255 Path: 0.3819 | 1.2s
  Epoch 190/800 | Total: 6.267 Edge: 0.354 Con: 8.459 Cls: 1.286 Hist: 0.8257 Path: 0.3819 | Val F1: 0.3856 | 1.1s
  Epoch 191/800 | Total: 6.205 Edge: 0.353 Con: 8.456 Cls: 1.270 Hist: 0.8140 Path: 0.3812 | 1.1s
  Epoch 192/800 | Total: 6.192 Edge: 0.346 Con: 8.461 Cls: 1.270 Hist: 0.8125 Path: 0.3776 | 1.2s
  Epoch 193/800 | Total: 6.269 Edge: 0.352 Con: 8.466 Cls: 1.288 Hist: 0.8229 Path: 0.3844 | 1.2s
  Epoch 194/800 | Total: 6.299 Edge: 0.351 Con: 8.469 Cls: 1.297 Hist: 0.8216 Path: 0.3885 | 1.2s
  Epoch 195/800 | Total: 6.298 Edge: 0.351 Con: 8.465 Cls: 1.296 Hist: 0.8284 Path: 0.3854 | Val F1: 0.3871 | 1.2s
  Epoch 196/800 | Total: 6.274 Edge: 0.344 Con: 8.457 Cls: 1.291 Hist: 0.8305 Path: 0.3790 | 1.1s
  Epoch 197/800 | Total: 6.244 Edge: 0.343 Con: 8.460 Cls: 1.285 Hist: 0.8226 Path: 0.3766 | 1.2s
  Epoch 198/800 | Total: 6.294 Edge: 0.355 Con: 8.472 Cls: 1.290 Hist: 0.8268 Path: 0.3940 | 1.2s
  Epoch 199/800 | Total: 6.339 Edge: 0.357 Con: 8.473 Cls: 1.300 Hist: 0.8406 Path: 0.3953 | 1.1s
  Epoch 200/800 | Total: 6.455 Edge: 0.383 Con: 8.474 Cls: 1.320 Hist: 0.8561 Path: 0.4104 | Val F1: 0.3785 | 1.1s
  Epoch 201/800 | Total: 6.402 Edge: 0.378 Con: 8.473 Cls: 1.308 Hist: 0.8296 Path: 0.4232 | 1.2s
  Epoch 202/800 | Total: 6.297 Edge: 0.369 Con: 8.468 Cls: 1.279 Hist: 0.8228 Path: 0.4228 | 1.2s
  Epoch 203/800 | Total: 6.201 Edge: 0.348 Con: 8.459 Cls: 1.266 Hist: 0.8108 Path: 0.3981 | 1.2s
  Epoch 204/800 | Total: 6.121 Edge: 0.344 Con: 8.457 Cls: 1.252 Hist: 0.7929 Path: 0.3839 | 1.1s
  Epoch 205/800 | Total: 6.105 Edge: 0.344 Con: 8.468 Cls: 1.247 Hist: 0.7913 Path: 0.3826 | Val F1: 0.3955 | 1.1s
  Epoch 206/800 | Total: 6.139 Edge: 0.344 Con: 8.466 Cls: 1.257 Hist: 0.7987 Path: 0.3797 | 1.1s
  Epoch 207/800 | Total: 6.097 Edge: 0.346 Con: 8.464 Cls: 1.246 Hist: 0.7902 Path: 0.3757 | 1.1s
  Epoch 208/800 | Total: 6.098 Edge: 0.347 Con: 8.460 Cls: 1.246 Hist: 0.7889 Path: 0.3782 | 1.1s
  Epoch 209/800 | Total: 6.101 Edge: 0.341 Con: 8.455 Cls: 1.248 Hist: 0.7936 Path: 0.3776 | 1.1s
  Epoch 210/800 | Total: 6.228 Edge: 0.343 Con: 8.458 Cls: 1.281 Hist: 0.8111 Path: 0.3856 | Val F1: 0.3899 | 1.1s
  Epoch 211/800 | Total: 6.179 Edge: 0.341 Con: 8.452 Cls: 1.269 Hist: 0.8093 Path: 0.3777 | 1.1s
  Epoch 212/800 | Total: 6.061 Edge: 0.338 Con: 8.466 Cls: 1.239 Hist: 0.7838 Path: 0.3764 | 1.1s
  Epoch 213/800 | Total: 6.217 Edge: 0.339 Con: 8.456 Cls: 1.282 Hist: 0.8100 Path: 0.3768 | 1.1s
  Epoch 214/800 | Total: 6.247 Edge: 0.346 Con: 8.458 Cls: 1.283 Hist: 0.8227 Path: 0.3845 | 1.1s
  Epoch 215/800 | Total: 6.147 Edge: 0.345 Con: 8.451 Cls: 1.257 Hist: 0.8041 Path: 0.3818 | Val F1: 0.3877 | 1.1s
  Epoch 216/800 | Total: 6.252 Edge: 0.349 Con: 8.478 Cls: 1.285 Hist: 0.8157 Path: 0.3834 | 1.1s
  Epoch 217/800 | Total: 6.229 Edge: 0.343 Con: 8.453 Cls: 1.281 Hist: 0.8209 Path: 0.3765 | 1.2s
  Epoch 218/800 | Total: 6.283 Edge: 0.342 Con: 8.457 Cls: 1.293 Hist: 0.8269 Path: 0.3886 | 1.2s
  Epoch 219/800 | Total: 6.263 Edge: 0.354 Con: 8.463 Cls: 1.283 Hist: 0.8133 Path: 0.3997 | 1.2s
  Epoch 220/800 | Total: 6.266 Edge: 0.368 Con: 8.469 Cls: 1.276 Hist: 0.8185 Path: 0.4046 | Val F1: 0.3947 | 1.2s
  Epoch 221/800 | Total: 6.218 Edge: 0.366 Con: 8.462 Cls: 1.264 Hist: 0.8053 Path: 0.4073 | 1.2s
  Epoch 222/800 | Total: 6.266 Edge: 0.361 Con: 8.461 Cls: 1.279 Hist: 0.8211 Path: 0.4024 | 1.2s
  Epoch 223/800 | Total: 6.291 Edge: 0.360 Con: 8.462 Cls: 1.290 Hist: 0.8190 Path: 0.3968 | 1.2s
  Epoch 224/800 | Total: 6.145 Edge: 0.360 Con: 8.457 Cls: 1.250 Hist: 0.8009 Path: 0.3885 | 1.2s
  Epoch 225/800 | Total: 6.129 Edge: 0.348 Con: 8.459 Cls: 1.251 Hist: 0.7985 Path: 0.3832 | Val F1: 0.4036 | 1.2s
  Epoch 226/800 | Total: 6.100 Edge: 0.351 Con: 8.459 Cls: 1.244 Hist: 0.7880 Path: 0.3832 | 1.2s
  Epoch 227/800 | Total: 6.089 Edge: 0.341 Con: 8.452 Cls: 1.245 Hist: 0.7944 Path: 0.3724 | 1.2s
  Epoch 228/800 | Total: 6.018 Edge: 0.337 Con: 8.455 Cls: 1.229 Hist: 0.7791 Path: 0.3699 | 1.2s
  Epoch 229/800 | Total: 6.027 Edge: 0.335 Con: 8.452 Cls: 1.230 Hist: 0.7873 Path: 0.3673 | 1.2s
  Epoch 230/800 | Total: 6.043 Edge: 0.337 Con: 8.459 Cls: 1.235 Hist: 0.7883 Path: 0.3657 | Val F1: 0.4017 | 1.2s
  Epoch 231/800 | Total: 6.009 Edge: 0.335 Con: 8.451 Cls: 1.227 Hist: 0.7786 Path: 0.3687 | 1.2s
  Epoch 232/800 | Total: 6.063 Edge: 0.337 Con: 8.451 Cls: 1.241 Hist: 0.7887 Path: 0.3691 | 1.2s
  Epoch 233/800 | Total: 6.069 Edge: 0.338 Con: 8.453 Cls: 1.241 Hist: 0.7883 Path: 0.3728 | 1.2s
  Epoch 234/800 | Total: 5.983 Edge: 0.335 Con: 8.447 Cls: 1.219 Hist: 0.7773 Path: 0.3693 | 1.2s
  Epoch 235/800 | Total: 6.025 Edge: 0.339 Con: 8.452 Cls: 1.229 Hist: 0.7805 Path: 0.3739 | Val F1: 0.4030 | 1.1s
  Epoch 236/800 | Total: 6.057 Edge: 0.342 Con: 8.446 Cls: 1.235 Hist: 0.7892 Path: 0.3745 | 1.1s
  Epoch 237/800 | Total: 6.263 Edge: 0.351 Con: 8.459 Cls: 1.286 Hist: 0.8264 Path: 0.3826 | 1.1s
  Epoch 238/800 | Total: 6.248 Edge: 0.362 Con: 8.451 Cls: 1.278 Hist: 0.8177 Path: 0.3882 | 1.2s
  Epoch 239/800 | Total: 6.195 Edge: 0.355 Con: 8.456 Cls: 1.267 Hist: 0.8083 Path: 0.3848 | 1.2s
  Epoch 240/800 | Total: 6.106 Edge: 0.345 Con: 8.454 Cls: 1.247 Hist: 0.7974 Path: 0.3757 | Val F1: 0.4014 | 1.2s
  Epoch 241/800 | Total: 6.136 Edge: 0.351 Con: 8.459 Cls: 1.253 Hist: 0.7964 Path: 0.3846 | 1.2s
  Epoch 242/800 | Total: 6.135 Edge: 0.349 Con: 8.456 Cls: 1.250 Hist: 0.7985 Path: 0.3922 | 1.2s
  Epoch 243/800 | Total: 6.157 Edge: 0.343 Con: 8.452 Cls: 1.262 Hist: 0.8038 Path: 0.3781 | 1.2s
  Epoch 244/800 | Total: 6.071 Edge: 0.339 Con: 8.448 Cls: 1.241 Hist: 0.7914 Path: 0.3723 | 1.2s
  Epoch 245/800 | Total: 6.037 Edge: 0.343 Con: 8.450 Cls: 1.231 Hist: 0.7810 Path: 0.3744 | Val F1: 0.4046 | 1.2s
  Epoch 246/800 | Total: 6.075 Edge: 0.343 Con: 8.449 Cls: 1.241 Hist: 0.7849 Path: 0.3805 | 1.2s
  Epoch 247/800 | Total: 6.012 Edge: 0.338 Con: 8.445 Cls: 1.226 Hist: 0.7787 Path: 0.3718 | 1.2s
  Epoch 248/800 | Total: 5.965 Edge: 0.339 Con: 8.449 Cls: 1.212 Hist: 0.7694 Path: 0.3754 | 1.2s
  Epoch 249/800 | Total: 6.061 Edge: 0.340 Con: 8.440 Cls: 1.235 Hist: 0.7917 Path: 0.3797 | 1.2s
  Epoch 250/800 | Total: 6.125 Edge: 0.341 Con: 8.447 Cls: 1.257 Hist: 0.7987 Path: 0.3699 | Val F1: 0.3959 | 1.1s
  Epoch 251/800 | Total: 6.140 Edge: 0.340 Con: 8.448 Cls: 1.260 Hist: 0.8043 Path: 0.3708 | 1.1s
  Epoch 252/800 | Total: 6.146 Edge: 0.344 Con: 8.457 Cls: 1.260 Hist: 0.8006 Path: 0.3772 | 1.1s
  Epoch 253/800 | Total: 6.243 Edge: 0.340 Con: 8.453 Cls: 1.290 Hist: 0.8107 Path: 0.3782 | 1.1s
  Epoch 254/800 | Total: 6.073 Edge: 0.339 Con: 8.443 Cls: 1.240 Hist: 0.7936 Path: 0.3768 | 1.1s
  Epoch 255/800 | Total: 5.966 Edge: 0.336 Con: 8.449 Cls: 1.212 Hist: 0.7738 Path: 0.3751 | Val F1: 0.4034 | 1.1s
  Epoch 256/800 | Total: 6.030 Edge: 0.338 Con: 8.450 Cls: 1.229 Hist: 0.7814 Path: 0.3782 | 1.1s
  Epoch 257/800 | Total: 6.090 Edge: 0.340 Con: 8.436 Cls: 1.245 Hist: 0.7960 Path: 0.3741 | 1.1s
  Epoch 258/800 | Total: 6.025 Edge: 0.338 Con: 8.445 Cls: 1.229 Hist: 0.7864 Path: 0.3686 | 1.1s
  Epoch 259/800 | Total: 5.978 Edge: 0.335 Con: 8.438 Cls: 1.219 Hist: 0.7820 Path: 0.3604 | 1.2s
  Epoch 260/800 | Total: 6.074 Edge: 0.339 Con: 8.447 Cls: 1.243 Hist: 0.7895 Path: 0.3710 | Val F1: 0.3791 | 1.2s
  Epoch 261/800 | Total: 6.464 Edge: 0.349 Con: 8.457 Cls: 1.347 Hist: 0.8431 Path: 0.3861 | 1.2s
  Epoch 262/800 | Total: 6.217 Edge: 0.348 Con: 8.454 Cls: 1.272 Hist: 0.8140 Path: 0.3937 | 1.2s
  Epoch 263/800 | Total: 6.077 Edge: 0.340 Con: 8.454 Cls: 1.240 Hist: 0.7889 Path: 0.3822 | 1.2s
  Epoch 264/800 | Total: 6.021 Edge: 0.335 Con: 8.451 Cls: 1.230 Hist: 0.7805 Path: 0.3709 | 1.1s
  Epoch 265/800 | Total: 5.961 Edge: 0.332 Con: 8.443 Cls: 1.215 Hist: 0.7733 Path: 0.3670 | Val F1: 0.4083 | 1.1s
  Epoch 266/800 | Total: 5.916 Edge: 0.329 Con: 8.440 Cls: 1.207 Hist: 0.7633 Path: 0.3598 | 1.1s
  Epoch 267/800 | Total: 5.889 Edge: 0.328 Con: 8.446 Cls: 1.199 Hist: 0.7616 Path: 0.3582 | 1.2s
  Epoch 268/800 | Total: 5.870 Edge: 0.328 Con: 8.442 Cls: 1.195 Hist: 0.7580 Path: 0.3552 | 1.2s
  Epoch 269/800 | Total: 5.853 Edge: 0.326 Con: 8.442 Cls: 1.191 Hist: 0.7577 Path: 0.3535 | 1.2s
  Epoch 270/800 | Total: 5.901 Edge: 0.327 Con: 8.443 Cls: 1.204 Hist: 0.7612 Path: 0.3551 | Val F1: 0.4108 | 1.2s
  Epoch 271/800 | Total: 5.987 Edge: 0.332 Con: 8.444 Cls: 1.225 Hist: 0.7767 Path: 0.3584 | 1.2s
  Epoch 272/800 | Total: 6.057 Edge: 0.342 Con: 8.449 Cls: 1.239 Hist: 0.7825 Path: 0.3692 | 1.2s
  Epoch 273/800 | Total: 5.998 Edge: 0.334 Con: 8.445 Cls: 1.224 Hist: 0.7790 Path: 0.3678 | 1.2s
  Epoch 274/800 | Total: 6.075 Edge: 0.335 Con: 8.435 Cls: 1.246 Hist: 0.7893 Path: 0.3675 | 1.2s
  Epoch 275/800 | Total: 5.942 Edge: 0.333 Con: 8.437 Cls: 1.209 Hist: 0.7717 Path: 0.3658 | Val F1: 0.4021 | 1.2s
  Epoch 276/800 | Total: 5.964 Edge: 0.329 Con: 8.433 Cls: 1.220 Hist: 0.7716 Path: 0.3607 | 1.2s
  Epoch 277/800 | Total: 5.905 Edge: 0.330 Con: 8.437 Cls: 1.203 Hist: 0.7642 Path: 0.3585 | 1.2s
  Epoch 278/800 | Total: 5.973 Edge: 0.329 Con: 8.438 Cls: 1.223 Hist: 0.7749 Path: 0.3550 | 1.2s
  Epoch 279/800 | Total: 5.983 Edge: 0.330 Con: 8.447 Cls: 1.225 Hist: 0.7767 Path: 0.3568 | 1.2s
  Epoch 280/800 | Total: 6.000 Edge: 0.338 Con: 8.435 Cls: 1.224 Hist: 0.7820 Path: 0.3636 | Val F1: 0.4122 | 1.2s
  Epoch 281/800 | Total: 5.944 Edge: 0.340 Con: 8.451 Cls: 1.208 Hist: 0.7669 Path: 0.3682 | 1.2s
  Epoch 282/800 | Total: 6.142 Edge: 0.344 Con: 8.443 Cls: 1.261 Hist: 0.8017 Path: 0.3688 | 1.2s
  Epoch 283/800 | Total: 6.091 Edge: 0.338 Con: 8.436 Cls: 1.249 Hist: 0.7984 Path: 0.3640 | 1.2s
  Epoch 284/800 | Total: 6.211 Edge: 0.344 Con: 8.462 Cls: 1.275 Hist: 0.8169 Path: 0.3797 | 1.2s
  Epoch 285/800 | Total: 6.518 Edge: 0.353 Con: 8.440 Cls: 1.352 Hist: 0.8761 Path: 0.3905 | Val F1: 0.4016 | 1.2s
  Epoch 286/800 | Total: 6.120 Edge: 0.347 Con: 8.452 Cls: 1.248 Hist: 0.8038 Path: 0.3791 | 1.2s
  Epoch 287/800 | Total: 6.006 Edge: 0.339 Con: 8.450 Cls: 1.225 Hist: 0.7763 Path: 0.3699 | 1.2s
  Epoch 288/800 | Total: 6.049 Edge: 0.344 Con: 8.449 Cls: 1.234 Hist: 0.7856 Path: 0.3722 | 1.2s
  Epoch 289/800 | Total: 6.038 Edge: 0.337 Con: 8.436 Cls: 1.232 Hist: 0.7953 Path: 0.3673 | 1.2s
  Epoch 290/800 | Total: 5.955 Edge: 0.330 Con: 8.443 Cls: 1.216 Hist: 0.7735 Path: 0.3591 | Val F1: 0.4092 | 1.2s
  Epoch 291/800 | Total: 5.930 Edge: 0.327 Con: 8.435 Cls: 1.211 Hist: 0.7678 Path: 0.3574 | 1.2s
  Epoch 292/800 | Total: 5.882 Edge: 0.330 Con: 8.444 Cls: 1.195 Hist: 0.7551 Path: 0.3664 | 1.2s
  Epoch 293/800 | Total: 5.884 Edge: 0.330 Con: 8.436 Cls: 1.196 Hist: 0.7573 Path: 0.3667 | 1.2s
  Epoch 294/800 | Total: 5.849 Edge: 0.325 Con: 8.435 Cls: 1.190 Hist: 0.7557 Path: 0.3555 | 1.2s
  Epoch 295/800 | Total: 5.822 Edge: 0.326 Con: 8.438 Cls: 1.182 Hist: 0.7516 Path: 0.3535 | Val F1: 0.4216 | 1.2s
  Epoch 296/800 | Total: 5.804 Edge: 0.327 Con: 8.434 Cls: 1.177 Hist: 0.7477 Path: 0.3546 | 1.2s
  Epoch 297/800 | Total: 5.880 Edge: 0.328 Con: 8.431 Cls: 1.199 Hist: 0.7576 Path: 0.3541 | 1.2s
  Epoch 298/800 | Total: 5.873 Edge: 0.326 Con: 8.430 Cls: 1.196 Hist: 0.7642 Path: 0.3521 | 1.2s
  Epoch 299/800 | Total: 5.988 Edge: 0.328 Con: 8.441 Cls: 1.227 Hist: 0.7797 Path: 0.3560 | 1.2s
  Epoch 300/800 | Total: 5.976 Edge: 0.329 Con: 8.436 Cls: 1.223 Hist: 0.7757 Path: 0.3593 | Val F1: 0.4136 | 1.2s
  Epoch 301/800 | Total: 5.989 Edge: 0.334 Con: 8.432 Cls: 1.222 Hist: 0.7753 Path: 0.3684 | 1.2s
  Epoch 302/800 | Total: 5.950 Edge: 0.337 Con: 8.441 Cls: 1.210 Hist: 0.7710 Path: 0.3673 | 1.2s
  Epoch 303/800 | Total: 5.914 Edge: 0.329 Con: 8.435 Cls: 1.205 Hist: 0.7656 Path: 0.3600 | 1.2s
  Epoch 304/800 | Total: 6.000 Edge: 0.336 Con: 8.434 Cls: 1.227 Hist: 0.7765 Path: 0.3634 | 1.2s
  Epoch 305/800 | Total: 5.939 Edge: 0.332 Con: 8.445 Cls: 1.210 Hist: 0.7703 Path: 0.3613 | Val F1: 0.4116 | 1.2s
  Epoch 306/800 | Total: 5.971 Edge: 0.332 Con: 8.432 Cls: 1.220 Hist: 0.7768 Path: 0.3577 | 1.2s
  Epoch 307/800 | Total: 6.018 Edge: 0.329 Con: 8.441 Cls: 1.233 Hist: 0.7823 Path: 0.3632 | 1.2s
  Epoch 308/800 | Total: 5.928 Edge: 0.337 Con: 8.438 Cls: 1.206 Hist: 0.7643 Path: 0.3634 | 1.2s
  Epoch 309/800 | Total: 5.933 Edge: 0.331 Con: 8.437 Cls: 1.209 Hist: 0.7720 Path: 0.3611 | 1.2s
  Epoch 310/800 | Total: 5.840 Edge: 0.329 Con: 8.435 Cls: 1.185 Hist: 0.7532 Path: 0.3591 | Val F1: 0.4175 | 1.2s
  Epoch 311/800 | Total: 5.888 Edge: 0.327 Con: 8.434 Cls: 1.200 Hist: 0.7634 Path: 0.3557 | 1.2s
  Epoch 312/800 | Total: 5.850 Edge: 0.324 Con: 8.433 Cls: 1.192 Hist: 0.7549 Path: 0.3516 | 1.2s
  Epoch 313/800 | Total: 5.908 Edge: 0.327 Con: 8.438 Cls: 1.205 Hist: 0.7664 Path: 0.3568 | 1.2s
  Epoch 314/800 | Total: 5.881 Edge: 0.330 Con: 8.436 Cls: 1.196 Hist: 0.7610 Path: 0.3568 | 1.2s
  Epoch 315/800 | Total: 5.824 Edge: 0.329 Con: 8.436 Cls: 1.181 Hist: 0.7567 Path: 0.3512 | Val F1: 0.4158 | 1.2s
  Epoch 316/800 | Total: 5.889 Edge: 0.327 Con: 8.443 Cls: 1.200 Hist: 0.7601 Path: 0.3557 | 1.2s
  Epoch 317/800 | Total: 5.911 Edge: 0.327 Con: 8.434 Cls: 1.205 Hist: 0.7679 Path: 0.3563 | 1.2s
  Epoch 318/800 | Total: 5.882 Edge: 0.324 Con: 8.432 Cls: 1.200 Hist: 0.7606 Path: 0.3550 | 1.2s
  Epoch 319/800 | Total: 5.868 Edge: 0.322 Con: 8.434 Cls: 1.197 Hist: 0.7574 Path: 0.3524 | 1.2s
  Epoch 320/800 | Total: 5.901 Edge: 0.329 Con: 8.436 Cls: 1.201 Hist: 0.7587 Path: 0.3654 | Val F1: 0.4162 | 1.2s
  Epoch 321/800 | Total: 5.894 Edge: 0.338 Con: 8.442 Cls: 1.194 Hist: 0.7615 Path: 0.3674 | 1.2s
  Epoch 322/800 | Total: 5.955 Edge: 0.347 Con: 8.435 Cls: 1.209 Hist: 0.7641 Path: 0.3744 | 1.2s
  Epoch 323/800 | Total: 5.946 Edge: 0.342 Con: 8.434 Cls: 1.208 Hist: 0.7663 Path: 0.3706 | 1.2s
  Epoch 324/800 | Total: 5.902 Edge: 0.338 Con: 8.434 Cls: 1.198 Hist: 0.7590 Path: 0.3673 | 1.2s
  Epoch 325/800 | Total: 5.817 Edge: 0.326 Con: 8.434 Cls: 1.181 Hist: 0.7483 Path: 0.3558 | Val F1: 0.4173 | 1.2s
  Epoch 326/800 | Total: 5.865 Edge: 0.326 Con: 8.436 Cls: 1.195 Hist: 0.7586 Path: 0.3538 | 1.2s
  Epoch 327/800 | Total: 6.022 Edge: 0.326 Con: 8.438 Cls: 1.237 Hist: 0.7855 Path: 0.3571 | 1.2s
  Epoch 328/800 | Total: 6.140 Edge: 0.335 Con: 8.441 Cls: 1.263 Hist: 0.8080 Path: 0.3635 | 1.2s
  Epoch 329/800 | Total: 6.003 Edge: 0.334 Con: 8.427 Cls: 1.227 Hist: 0.7819 Path: 0.3636 | 1.2s
  Epoch 330/800 | Total: 5.882 Edge: 0.326 Con: 8.427 Cls: 1.198 Hist: 0.7637 Path: 0.3564 | Val F1: 0.4209 | 1.2s
  Epoch 331/800 | Total: 5.817 Edge: 0.323 Con: 8.424 Cls: 1.182 Hist: 0.7542 Path: 0.3509 | 1.2s
  Epoch 332/800 | Total: 5.796 Edge: 0.326 Con: 8.432 Cls: 1.175 Hist: 0.7506 Path: 0.3522 | 1.2s
  Epoch 333/800 | Total: 5.859 Edge: 0.330 Con: 8.435 Cls: 1.193 Hist: 0.7532 Path: 0.3549 | 1.2s
  Epoch 334/800 | Total: 5.783 Edge: 0.323 Con: 8.430 Cls: 1.174 Hist: 0.7463 Path: 0.3489 | 1.2s
  Epoch 335/800 | Total: 5.820 Edge: 0.321 Con: 8.428 Cls: 1.186 Hist: 0.7545 Path: 0.3455 | Val F1: 0.4071 | 1.2s
  Epoch 336/800 | Total: 5.897 Edge: 0.323 Con: 8.434 Cls: 1.204 Hist: 0.7687 Path: 0.3499 | 1.2s
  Epoch 337/800 | Total: 5.872 Edge: 0.328 Con: 8.438 Cls: 1.195 Hist: 0.7599 Path: 0.3563 | 1.2s
  Epoch 338/800 | Total: 5.943 Edge: 0.335 Con: 8.432 Cls: 1.211 Hist: 0.7670 Path: 0.3649 | 1.2s
  Epoch 339/800 | Total: 5.956 Edge: 0.327 Con: 8.436 Cls: 1.220 Hist: 0.7730 Path: 0.3538 | 1.2s
  Epoch 340/800 | Total: 5.865 Edge: 0.326 Con: 8.428 Cls: 1.195 Hist: 0.7552 Path: 0.3548 | Val F1: 0.4139 | 1.2s
  Epoch 341/800 | Total: 5.848 Edge: 0.324 Con: 8.432 Cls: 1.191 Hist: 0.7543 Path: 0.3531 | 1.2s
  Epoch 342/800 | Total: 5.853 Edge: 0.330 Con: 8.432 Cls: 1.188 Hist: 0.7536 Path: 0.3603 | 1.2s
  Epoch 343/800 | Total: 6.029 Edge: 0.336 Con: 8.434 Cls: 1.230 Hist: 0.7883 Path: 0.3711 | 1.2s
  Epoch 344/800 | Total: 6.011 Edge: 0.336 Con: 8.442 Cls: 1.227 Hist: 0.7770 Path: 0.3722 | 1.2s
  Epoch 345/800 | Total: 5.985 Edge: 0.329 Con: 8.429 Cls: 1.226 Hist: 0.7791 Path: 0.3574 | Val F1: 0.3990 | 1.2s
  Epoch 346/800 | Total: 5.937 Edge: 0.327 Con: 8.439 Cls: 1.208 Hist: 0.7775 Path: 0.3632 | 1.2s
  Epoch 347/800 | Total: 5.965 Edge: 0.332 Con: 8.426 Cls: 1.216 Hist: 0.7800 Path: 0.3641 | 1.2s
  Epoch 348/800 | Total: 5.864 Edge: 0.331 Con: 8.429 Cls: 1.189 Hist: 0.7577 Path: 0.3640 | 1.2s
  Epoch 349/800 | Total: 5.823 Edge: 0.327 Con: 8.426 Cls: 1.181 Hist: 0.7542 Path: 0.3567 | 1.2s
  Epoch 350/800 | Total: 5.810 Edge: 0.322 Con: 8.433 Cls: 1.180 Hist: 0.7519 Path: 0.3528 | Val F1: 0.4136 | 1.2s
  Epoch 351/800 | Total: 5.885 Edge: 0.326 Con: 8.425 Cls: 1.198 Hist: 0.7624 Path: 0.3599 | 1.2s
  Epoch 352/800 | Total: 5.911 Edge: 0.329 Con: 8.425 Cls: 1.208 Hist: 0.7629 Path: 0.3533 | 1.2s
  Epoch 353/800 | Total: 5.882 Edge: 0.328 Con: 8.423 Cls: 1.196 Hist: 0.7660 Path: 0.3571 | 1.2s
  Epoch 354/800 | Total: 5.834 Edge: 0.324 Con: 8.424 Cls: 1.188 Hist: 0.7546 Path: 0.3473 | 1.2s
  Epoch 355/800 | Total: 5.824 Edge: 0.323 Con: 8.424 Cls: 1.185 Hist: 0.7549 Path: 0.3472 | Val F1: 0.4110 | 1.2s
  Epoch 356/800 | Total: 5.850 Edge: 0.323 Con: 8.430 Cls: 1.192 Hist: 0.7614 Path: 0.3461 | 1.2s
  Epoch 357/800 | Total: 5.828 Edge: 0.325 Con: 8.427 Cls: 1.186 Hist: 0.7519 Path: 0.3499 | 1.2s
  Epoch 358/800 | Total: 5.818 Edge: 0.321 Con: 8.427 Cls: 1.185 Hist: 0.7540 Path: 0.3448 | 1.2s
  Epoch 359/800 | Total: 5.767 Edge: 0.319 Con: 8.421 Cls: 1.171 Hist: 0.7470 Path: 0.3445 | 1.2s
  Epoch 360/800 | Total: 5.754 Edge: 0.317 Con: 8.429 Cls: 1.169 Hist: 0.7425 Path: 0.3450 | Val F1: 0.4230 | 1.2s
  Epoch 361/800 | Total: 5.821 Edge: 0.320 Con: 8.423 Cls: 1.186 Hist: 0.7534 Path: 0.3483 | 1.2s
  Epoch 362/800 | Total: 5.875 Edge: 0.325 Con: 8.438 Cls: 1.198 Hist: 0.7578 Path: 0.3532 | 1.2s
  Epoch 363/800 | Total: 5.923 Edge: 0.324 Con: 8.423 Cls: 1.209 Hist: 0.7674 Path: 0.3612 | 1.1s
  Epoch 364/800 | Total: 5.785 Edge: 0.323 Con: 8.425 Cls: 1.172 Hist: 0.7482 Path: 0.3544 | 1.1s
  Epoch 365/800 | Total: 5.764 Edge: 0.320 Con: 8.428 Cls: 1.172 Hist: 0.7390 Path: 0.3467 | Val F1: 0.4268 | 1.1s
  Epoch 366/800 | Total: 5.806 Edge: 0.325 Con: 8.432 Cls: 1.182 Hist: 0.7459 Path: 0.3474 | 1.2s
  Epoch 367/800 | Total: 5.896 Edge: 0.333 Con: 8.429 Cls: 1.201 Hist: 0.7596 Path: 0.3578 | 1.2s
  Epoch 368/800 | Total: 6.160 Edge: 0.340 Con: 8.440 Cls: 1.264 Hist: 0.8082 Path: 0.3759 | 1.2s
  Epoch 369/800 | Total: 6.102 Edge: 0.342 Con: 8.441 Cls: 1.251 Hist: 0.7860 Path: 0.3769 | 1.2s
  Epoch 370/800 | Total: 5.973 Edge: 0.341 Con: 8.439 Cls: 1.216 Hist: 0.7723 Path: 0.3695 | Val F1: 0.4180 | 1.2s
  Epoch 371/800 | Total: 5.886 Edge: 0.335 Con: 8.422 Cls: 1.193 Hist: 0.7610 Path: 0.3686 | 1.2s
  Epoch 372/800 | Total: 5.786 Edge: 0.323 Con: 8.418 Cls: 1.175 Hist: 0.7439 Path: 0.3526 | 1.2s
  Epoch 373/800 | Total: 5.792 Edge: 0.320 Con: 8.429 Cls: 1.177 Hist: 0.7485 Path: 0.3493 | 1.2s
  Epoch 374/800 | Total: 5.787 Edge: 0.317 Con: 8.424 Cls: 1.178 Hist: 0.7525 Path: 0.3430 | 1.2s
  Epoch 375/800 | Total: 5.797 Edge: 0.320 Con: 8.426 Cls: 1.178 Hist: 0.7510 Path: 0.3486 | Val F1: 0.4090 | 1.2s
  Epoch 376/800 | Total: 5.820 Edge: 0.325 Con: 8.436 Cls: 1.182 Hist: 0.7536 Path: 0.3527 | 1.2s
  Epoch 377/800 | Total: 5.885 Edge: 0.326 Con: 8.421 Cls: 1.200 Hist: 0.7630 Path: 0.3532 | 1.2s
  Epoch 378/800 | Total: 5.794 Edge: 0.324 Con: 8.426 Cls: 1.179 Hist: 0.7449 Path: 0.3465 | 1.2s
  Epoch 379/800 | Total: 5.811 Edge: 0.322 Con: 8.426 Cls: 1.181 Hist: 0.7511 Path: 0.3513 | 1.2s
  Epoch 380/800 | Total: 5.803 Edge: 0.323 Con: 8.429 Cls: 1.178 Hist: 0.7523 Path: 0.3521 | Val F1: 0.4126 | 1.2s
  Epoch 381/800 | Total: 5.894 Edge: 0.321 Con: 8.425 Cls: 1.203 Hist: 0.7659 Path: 0.3535 | 1.2s
  Epoch 382/800 | Total: 5.879 Edge: 0.328 Con: 8.427 Cls: 1.195 Hist: 0.7634 Path: 0.3608 | 1.2s
  Epoch 383/800 | Total: 5.792 Edge: 0.323 Con: 8.430 Cls: 1.174 Hist: 0.7479 Path: 0.3560 | 1.2s
  Epoch 384/800 | Total: 5.762 Edge: 0.319 Con: 8.418 Cls: 1.169 Hist: 0.7473 Path: 0.3469 | 1.2s
  Epoch 385/800 | Total: 5.704 Edge: 0.314 Con: 8.415 Cls: 1.159 Hist: 0.7309 Path: 0.3413 | Val F1: 0.4306 | 1.2s
  Epoch 386/800 | Total: 5.724 Edge: 0.315 Con: 8.426 Cls: 1.163 Hist: 0.7385 Path: 0.3395 | 1.2s
  Epoch 387/800 | Total: 5.837 Edge: 0.321 Con: 8.422 Cls: 1.191 Hist: 0.7599 Path: 0.3408 | 1.2s
  Epoch 388/800 | Total: 5.805 Edge: 0.323 Con: 8.421 Cls: 1.182 Hist: 0.7521 Path: 0.3412 | 1.2s
  Epoch 389/800 | Total: 5.743 Edge: 0.320 Con: 8.421 Cls: 1.166 Hist: 0.7433 Path: 0.3414 | 1.2s
  Epoch 390/800 | Total: 5.741 Edge: 0.314 Con: 8.423 Cls: 1.166 Hist: 0.7381 Path: 0.3490 | Val F1: 0.4178 | 1.2s
  Epoch 391/800 | Total: 5.751 Edge: 0.317 Con: 8.422 Cls: 1.165 Hist: 0.7421 Path: 0.3539 | 1.2s
  Epoch 392/800 | Total: 5.740 Edge: 0.317 Con: 8.416 Cls: 1.161 Hist: 0.7447 Path: 0.3539 | 1.2s
  Epoch 393/800 | Total: 5.724 Edge: 0.319 Con: 8.420 Cls: 1.159 Hist: 0.7396 Path: 0.3471 | 1.2s
  Epoch 394/800 | Total: 5.695 Edge: 0.320 Con: 8.423 Cls: 1.152 Hist: 0.7303 Path: 0.3474 | 1.2s
  Epoch 395/800 | Total: 5.698 Edge: 0.319 Con: 8.419 Cls: 1.151 Hist: 0.7329 Path: 0.3508 | Val F1: 0.4289 | 1.2s
  Epoch 396/800 | Total: 5.715 Edge: 0.318 Con: 8.417 Cls: 1.158 Hist: 0.7338 Path: 0.3490 | 1.2s
  Epoch 397/800 | Total: 5.742 Edge: 0.313 Con: 8.418 Cls: 1.167 Hist: 0.7442 Path: 0.3414 | 1.2s
  Epoch 398/800 | Total: 5.759 Edge: 0.312 Con: 8.411 Cls: 1.172 Hist: 0.7482 Path: 0.3407 | 1.2s
  Epoch 399/800 | Total: 5.767 Edge: 0.315 Con: 8.419 Cls: 1.174 Hist: 0.7479 Path: 0.3408 | 1.2s
  Epoch 400/800 | Total: 5.753 Edge: 0.314 Con: 8.421 Cls: 1.172 Hist: 0.7427 Path: 0.3374 | Val F1: 0.4233 | 1.2s
  Epoch 401/800 | Total: 5.816 Edge: 0.318 Con: 8.421 Cls: 1.186 Hist: 0.7567 Path: 0.3405 | 1.2s
  Epoch 402/800 | Total: 6.115 Edge: 0.329 Con: 8.435 Cls: 1.264 Hist: 0.7901 Path: 0.3598 | 1.2s
  Epoch 403/800 | Total: 6.028 Edge: 0.342 Con: 8.441 Cls: 1.229 Hist: 0.7720 Path: 0.3831 | 1.2s
  Epoch 404/800 | Total: 5.995 Edge: 0.335 Con: 8.422 Cls: 1.224 Hist: 0.7748 Path: 0.3705 | 1.2s
  Epoch 405/800 | Total: 5.958 Edge: 0.334 Con: 8.424 Cls: 1.213 Hist: 0.7728 Path: 0.3705 | Val F1: 0.4106 | 1.2s
  Epoch 406/800 | Total: 5.833 Edge: 0.326 Con: 8.427 Cls: 1.185 Hist: 0.7535 Path: 0.3559 | 1.2s
  Epoch 407/800 | Total: 5.836 Edge: 0.325 Con: 8.420 Cls: 1.188 Hist: 0.7535 Path: 0.3506 | 1.2s
  Epoch 408/800 | Total: 5.794 Edge: 0.321 Con: 8.415 Cls: 1.177 Hist: 0.7482 Path: 0.3513 | 1.2s
  Epoch 409/800 | Total: 5.787 Edge: 0.327 Con: 8.435 Cls: 1.171 Hist: 0.7463 Path: 0.3560 | 1.2s
  Epoch 410/800 | Total: 5.813 Edge: 0.340 Con: 8.421 Cls: 1.173 Hist: 0.7515 Path: 0.3607 | Val F1: 0.4231 | 1.2s
  Epoch 411/800 | Total: 5.794 Edge: 0.325 Con: 8.423 Cls: 1.175 Hist: 0.7536 Path: 0.3486 | 1.2s
  Epoch 412/800 | Total: 5.853 Edge: 0.322 Con: 8.418 Cls: 1.194 Hist: 0.7607 Path: 0.3464 | 1.2s
  Epoch 413/800 | Total: 5.841 Edge: 0.324 Con: 8.422 Cls: 1.189 Hist: 0.7567 Path: 0.3532 | 1.2s
  Epoch 414/800 | Total: 5.962 Edge: 0.327 Con: 8.427 Cls: 1.222 Hist: 0.7706 Path: 0.3561 | 1.2s
  Epoch 415/800 | Total: 5.799 Edge: 0.326 Con: 8.419 Cls: 1.176 Hist: 0.7500 Path: 0.3540 | Val F1: 0.4219 | 1.2s
  Epoch 416/800 | Total: 5.762 Edge: 0.320 Con: 8.426 Cls: 1.171 Hist: 0.7383 Path: 0.3472 | 1.2s
  Epoch 417/800 | Total: 5.696 Edge: 0.316 Con: 8.420 Cls: 1.154 Hist: 0.7347 Path: 0.3407 | 1.2s
  Epoch 418/800 | Total: 5.653 Edge: 0.318 Con: 8.416 Cls: 1.142 Hist: 0.7278 Path: 0.3408 | 1.2s
  Epoch 419/800 | Total: 5.669 Edge: 0.318 Con: 8.415 Cls: 1.145 Hist: 0.7322 Path: 0.3414 | 1.2s
  Epoch 420/800 | Total: 5.751 Edge: 0.315 Con: 8.425 Cls: 1.167 Hist: 0.7437 Path: 0.3473 | Val F1: 0.4285 | 1.2s
  Epoch 421/800 | Total: 5.767 Edge: 0.317 Con: 8.422 Cls: 1.174 Hist: 0.7421 Path: 0.3441 | 1.2s
  Epoch 422/800 | Total: 5.785 Edge: 0.323 Con: 8.417 Cls: 1.174 Hist: 0.7492 Path: 0.3485 | 1.2s
  Epoch 423/800 | Total: 5.804 Edge: 0.340 Con: 8.422 Cls: 1.169 Hist: 0.7450 Path: 0.3688 | 1.2s
  Epoch 424/800 | Total: 5.750 Edge: 0.324 Con: 8.417 Cls: 1.163 Hist: 0.7454 Path: 0.3513 | 1.2s
  Epoch 425/800 | Total: 5.701 Edge: 0.314 Con: 8.413 Cls: 1.155 Hist: 0.7378 Path: 0.3413 | Val F1: 0.4273 | 1.2s
  Epoch 426/800 | Total: 5.682 Edge: 0.318 Con: 8.422 Cls: 1.150 Hist: 0.7306 Path: 0.3419 | 1.2s
  Epoch 427/800 | Total: 5.751 Edge: 0.316 Con: 8.424 Cls: 1.169 Hist: 0.7443 Path: 0.3412 | 1.2s
  Epoch 428/800 | Total: 5.701 Edge: 0.312 Con: 8.417 Cls: 1.157 Hist: 0.7368 Path: 0.3393 | 1.2s
  Epoch 429/800 | Total: 5.747 Edge: 0.317 Con: 8.416 Cls: 1.166 Hist: 0.7434 Path: 0.3457 | 1.2s
  Epoch 430/800 | Total: 5.801 Edge: 0.322 Con: 8.422 Cls: 1.180 Hist: 0.7470 Path: 0.3507 | Val F1: 0.4286 | 1.2s
  Epoch 431/800 | Total: 5.820 Edge: 0.319 Con: 8.418 Cls: 1.186 Hist: 0.7563 Path: 0.3457 | 1.2s
  Epoch 432/800 | Total: 5.794 Edge: 0.322 Con: 8.432 Cls: 1.175 Hist: 0.7528 Path: 0.3502 | 1.2s
  Epoch 433/800 | Total: 5.774 Edge: 0.322 Con: 8.419 Cls: 1.170 Hist: 0.7471 Path: 0.3518 | 1.2s
  Epoch 434/800 | Total: 5.934 Edge: 0.337 Con: 8.431 Cls: 1.207 Hist: 0.7651 Path: 0.3677 | 1.2s
  Epoch 435/800 | Total: 5.843 Edge: 0.327 Con: 8.424 Cls: 1.191 Hist: 0.7489 Path: 0.3517 | Val F1: 0.4179 | 1.2s
  Epoch 436/800 | Total: 5.824 Edge: 0.323 Con: 8.418 Cls: 1.185 Hist: 0.7514 Path: 0.3525 | 1.2s
  Epoch 437/800 | Total: 5.758 Edge: 0.317 Con: 8.422 Cls: 1.169 Hist: 0.7475 Path: 0.3438 | 1.2s
  Epoch 438/800 | Total: 5.758 Edge: 0.319 Con: 8.419 Cls: 1.169 Hist: 0.7423 Path: 0.3474 | 1.2s
  Epoch 439/800 | Total: 5.652 Edge: 0.315 Con: 8.416 Cls: 1.144 Hist: 0.7290 Path: 0.3361 | 1.2s
  Epoch 440/800 | Total: 5.701 Edge: 0.316 Con: 8.410 Cls: 1.157 Hist: 0.7349 Path: 0.3373 | Val F1: 0.4287 | 1.2s
  Epoch 441/800 | Total: 5.655 Edge: 0.315 Con: 8.418 Cls: 1.145 Hist: 0.7283 Path: 0.3346 | 1.2s
  Epoch 442/800 | Total: 5.643 Edge: 0.311 Con: 8.413 Cls: 1.143 Hist: 0.7248 Path: 0.3374 | 1.1s
  Epoch 443/800 | Total: 5.622 Edge: 0.310 Con: 8.415 Cls: 1.138 Hist: 0.7224 Path: 0.3328 | 1.1s
  Epoch 444/800 | Total: 5.641 Edge: 0.314 Con: 8.415 Cls: 1.141 Hist: 0.7279 Path: 0.3359 | 1.1s
  Epoch 445/800 | Total: 5.666 Edge: 0.315 Con: 8.417 Cls: 1.146 Hist: 0.7333 Path: 0.3364 | Val F1: 0.4321 | 1.1s
  Epoch 446/800 | Total: 5.649 Edge: 0.311 Con: 8.409 Cls: 1.143 Hist: 0.7324 Path: 0.3364 | 1.1s
  Epoch 447/800 | Total: 5.630 Edge: 0.311 Con: 8.415 Cls: 1.139 Hist: 0.7267 Path: 0.3349 | 1.1s
  Epoch 448/800 | Total: 5.677 Edge: 0.315 Con: 8.419 Cls: 1.150 Hist: 0.7317 Path: 0.3385 | 1.1s
  Epoch 449/800 | Total: 5.786 Edge: 0.315 Con: 8.416 Cls: 1.178 Hist: 0.7519 Path: 0.3440 | 1.1s
  Epoch 450/800 | Total: 5.745 Edge: 0.318 Con: 8.418 Cls: 1.166 Hist: 0.7386 Path: 0.3485 | Val F1: 0.4260 | 1.1s
  Epoch 451/800 | Total: 5.715 Edge: 0.314 Con: 8.412 Cls: 1.158 Hist: 0.7404 Path: 0.3462 | 1.1s
  Epoch 452/800 | Total: 5.684 Edge: 0.321 Con: 8.419 Cls: 1.146 Hist: 0.7325 Path: 0.3510 | 1.1s
  Epoch 453/800 | Total: 5.686 Edge: 0.319 Con: 8.416 Cls: 1.150 Hist: 0.7338 Path: 0.3429 | 1.1s
  Epoch 454/800 | Total: 5.775 Edge: 0.320 Con: 8.423 Cls: 1.173 Hist: 0.7499 Path: 0.3448 | 1.1s
  Epoch 455/800 | Total: 5.696 Edge: 0.315 Con: 8.413 Cls: 1.153 Hist: 0.7382 Path: 0.3417 | Val F1: 0.4259 | 1.1s
  Epoch 456/800 | Total: 5.906 Edge: 0.323 Con: 8.423 Cls: 1.206 Hist: 0.7729 Path: 0.3505 | 1.1s
  Epoch 457/800 | Total: 5.969 Edge: 0.327 Con: 8.424 Cls: 1.222 Hist: 0.7812 Path: 0.3532 | 1.1s
  Epoch 458/800 | Total: 5.916 Edge: 0.328 Con: 8.419 Cls: 1.208 Hist: 0.7715 Path: 0.3499 | 1.1s
  Epoch 459/800 | Total: 5.799 Edge: 0.325 Con: 8.432 Cls: 1.176 Hist: 0.7484 Path: 0.3551 | 1.2s
  Epoch 460/800 | Total: 5.778 Edge: 0.330 Con: 8.423 Cls: 1.171 Hist: 0.7401 Path: 0.3533 | Val F1: 0.4233 | 1.1s
  Epoch 461/800 | Total: 5.687 Edge: 0.320 Con: 8.413 Cls: 1.148 Hist: 0.7331 Path: 0.3491 | 1.1s
  Epoch 462/800 | Total: 5.656 Edge: 0.314 Con: 8.415 Cls: 1.142 Hist: 0.7302 Path: 0.3460 | 1.1s
  Epoch 463/800 | Total: 5.710 Edge: 0.312 Con: 8.411 Cls: 1.160 Hist: 0.7369 Path: 0.3406 | 1.1s
  Epoch 464/800 | Total: 6.206 Edge: 0.338 Con: 8.435 Cls: 1.283 Hist: 0.8028 Path: 0.3728 | 1.2s
  Epoch 465/800 | Total: 6.140 Edge: 0.352 Con: 8.435 Cls: 1.252 Hist: 0.7951 Path: 0.3935 | Val F1: 0.4137 | 1.2s
  Epoch 466/800 | Total: 5.895 Edge: 0.335 Con: 8.433 Cls: 1.194 Hist: 0.7659 Path: 0.3674 | 1.2s
  Epoch 467/800 | Total: 5.967 Edge: 0.334 Con: 8.431 Cls: 1.212 Hist: 0.7813 Path: 0.3716 | 1.2s
  Epoch 468/800 | Total: 5.951 Edge: 0.333 Con: 8.431 Cls: 1.208 Hist: 0.7797 Path: 0.3704 | 1.2s
  Epoch 469/800 | Total: 5.779 Edge: 0.322 Con: 8.420 Cls: 1.172 Hist: 0.7496 Path: 0.3498 | 1.2s
  Epoch 470/800 | Total: 5.702 Edge: 0.319 Con: 8.415 Cls: 1.154 Hist: 0.7353 Path: 0.3425 | Val F1: 0.4258 | 1.2s
  Epoch 471/800 | Total: 5.743 Edge: 0.315 Con: 8.415 Cls: 1.168 Hist: 0.7426 Path: 0.3389 | 1.2s
  Epoch 472/800 | Total: 5.728 Edge: 0.313 Con: 8.406 Cls: 1.164 Hist: 0.7437 Path: 0.3382 | 1.2s
  Epoch 473/800 | Total: 5.726 Edge: 0.313 Con: 8.417 Cls: 1.164 Hist: 0.7410 Path: 0.3379 | 1.2s
  Epoch 474/800 | Total: 5.600 Edge: 0.310 Con: 8.415 Cls: 1.132 Hist: 0.7203 Path: 0.3331 | 1.1s
  Epoch 475/800 | Total: 5.632 Edge: 0.313 Con: 8.409 Cls: 1.140 Hist: 0.7253 Path: 0.3322 | Val F1: 0.4376 | 1.2s
  Epoch 476/800 | Total: 5.676 Edge: 0.310 Con: 8.407 Cls: 1.151 Hist: 0.7368 Path: 0.3349 | 1.2s
  Epoch 477/800 | Total: 5.650 Edge: 0.310 Con: 8.410 Cls: 1.145 Hist: 0.7282 Path: 0.3357 | 1.2s
  Epoch 478/800 | Total: 5.657 Edge: 0.310 Con: 8.408 Cls: 1.146 Hist: 0.7329 Path: 0.3344 | 1.2s
  Epoch 479/800 | Total: 5.639 Edge: 0.310 Con: 8.410 Cls: 1.140 Hist: 0.7273 Path: 0.3394 | 1.2s
  Epoch 480/800 | Total: 5.716 Edge: 0.319 Con: 8.413 Cls: 1.155 Hist: 0.7395 Path: 0.3510 | Val F1: 0.4342 | 1.2s
  Epoch 481/800 | Total: 5.670 Edge: 0.318 Con: 8.414 Cls: 1.147 Hist: 0.7271 Path: 0.3439 | 1.2s
  Epoch 482/800 | Total: 5.660 Edge: 0.315 Con: 8.411 Cls: 1.145 Hist: 0.7298 Path: 0.3390 | 1.2s
  Epoch 483/800 | Total: 5.601 Edge: 0.312 Con: 8.411 Cls: 1.131 Hist: 0.7230 Path: 0.3317 | 1.2s
  Epoch 484/800 | Total: 5.632 Edge: 0.316 Con: 8.417 Cls: 1.136 Hist: 0.7254 Path: 0.3415 | 1.2s
  Epoch 485/800 | Total: 5.620 Edge: 0.312 Con: 8.416 Cls: 1.136 Hist: 0.7258 Path: 0.3341 | Val F1: 0.4361 | 1.2s
  Epoch 486/800 | Total: 5.583 Edge: 0.308 Con: 8.407 Cls: 1.127 Hist: 0.7205 Path: 0.3324 | 1.2s
  Epoch 487/800 | Total: 5.669 Edge: 0.312 Con: 8.414 Cls: 1.148 Hist: 0.7316 Path: 0.3389 | 1.2s
  Epoch 488/800 | Total: 5.754 Edge: 0.317 Con: 8.414 Cls: 1.169 Hist: 0.7412 Path: 0.3477 | 1.1s
  Epoch 489/800 | Total: 5.853 Edge: 0.325 Con: 8.419 Cls: 1.191 Hist: 0.7598 Path: 0.3536 | 1.1s
  Epoch 490/800 | Total: 6.032 Edge: 0.336 Con: 8.418 Cls: 1.232 Hist: 0.7908 Path: 0.3668 | Val F1: 0.4245 | 1.1s
  Epoch 491/800 | Total: 5.842 Edge: 0.320 Con: 8.419 Cls: 1.191 Hist: 0.7581 Path: 0.3483 | 1.2s
  Epoch 492/800 | Total: 5.944 Edge: 0.321 Con: 8.420 Cls: 1.218 Hist: 0.7791 Path: 0.3473 | 1.2s
  Epoch 493/800 | Total: 6.003 Edge: 0.319 Con: 8.423 Cls: 1.237 Hist: 0.7784 Path: 0.3533 | 1.2s
  Epoch 494/800 | Total: 6.722 Edge: 0.352 Con: 8.458 Cls: 1.410 Hist: 0.8962 Path: 0.3966 | 1.2s
  Epoch 495/800 | Total: 6.654 Edge: 0.364 Con: 8.446 Cls: 1.385 Hist: 0.8894 Path: 0.4029 | Val F1: 0.3799 | 1.2s
  Epoch 496/800 | Total: 6.136 Edge: 0.369 Con: 8.445 Cls: 1.246 Hist: 0.7952 Path: 0.3878 | 1.2s
  Epoch 497/800 | Total: 5.919 Edge: 0.341 Con: 8.434 Cls: 1.200 Hist: 0.7716 Path: 0.3625 | 1.2s
  Epoch 498/800 | Total: 5.786 Edge: 0.332 Con: 8.424 Cls: 1.167 Hist: 0.7489 Path: 0.3626 | 1.2s
  Epoch 499/800 | Total: 5.733 Edge: 0.322 Con: 8.420 Cls: 1.160 Hist: 0.7406 Path: 0.3475 | 1.2s
  Epoch 500/800 | Total: 5.689 Edge: 0.320 Con: 8.421 Cls: 1.151 Hist: 0.7330 Path: 0.3414 | Val F1: 0.4242 | 1.2s
  Epoch 501/800 | Total: 5.649 Edge: 0.314 Con: 8.412 Cls: 1.144 Hist: 0.7277 Path: 0.3354 | 1.2s
  Epoch 502/800 | Total: 5.641 Edge: 0.312 Con: 8.413 Cls: 1.142 Hist: 0.7254 Path: 0.3354 | 1.2s
  Epoch 503/800 | Total: 5.700 Edge: 0.314 Con: 8.412 Cls: 1.157 Hist: 0.7357 Path: 0.3376 | 1.2s
  Epoch 504/800 | Total: 5.634 Edge: 0.316 Con: 8.412 Cls: 1.137 Hist: 0.7271 Path: 0.3390 | 1.2s
  Epoch 505/800 | Total: 5.637 Edge: 0.315 Con: 8.412 Cls: 1.139 Hist: 0.7288 Path: 0.3359 | Val F1: 0.4291 | 1.2s
  Epoch 506/800 | Total: 5.600 Edge: 0.312 Con: 8.413 Cls: 1.129 Hist: 0.7190 Path: 0.3395 | 1.2s
  Epoch 507/800 | Total: 5.596 Edge: 0.314 Con: 8.407 Cls: 1.130 Hist: 0.7183 Path: 0.3347 | 1.2s
  Epoch 508/800 | Total: 5.620 Edge: 0.310 Con: 8.406 Cls: 1.137 Hist: 0.7239 Path: 0.3348 | 1.1s
  Epoch 509/800 | Total: 5.566 Edge: 0.308 Con: 8.404 Cls: 1.122 Hist: 0.7188 Path: 0.3328 | 1.2s
  Epoch 510/800 | Total: 5.554 Edge: 0.306 Con: 8.408 Cls: 1.121 Hist: 0.7156 Path: 0.3294 | Val F1: 0.4364 | 1.2s
  Epoch 511/800 | Total: 5.549 Edge: 0.304 Con: 8.400 Cls: 1.120 Hist: 0.7156 Path: 0.3284 | 1.2s
  Epoch 512/800 | Total: 5.565 Edge: 0.307 Con: 8.412 Cls: 1.122 Hist: 0.7197 Path: 0.3310 | 1.2s
  Epoch 513/800 | Total: 5.560 Edge: 0.306 Con: 8.405 Cls: 1.123 Hist: 0.7141 Path: 0.3299 | 1.2s
  Epoch 514/800 | Total: 5.559 Edge: 0.305 Con: 8.406 Cls: 1.122 Hist: 0.7191 Path: 0.3295 | 1.2s
  Epoch 515/800 | Total: 5.575 Edge: 0.306 Con: 8.406 Cls: 1.128 Hist: 0.7189 Path: 0.3261 | Val F1: 0.4377 | 1.2s
  Epoch 516/800 | Total: 5.570 Edge: 0.306 Con: 8.404 Cls: 1.127 Hist: 0.7161 Path: 0.3276 | 1.2s
  Epoch 517/800 | Total: 5.556 Edge: 0.306 Con: 8.406 Cls: 1.122 Hist: 0.7155 Path: 0.3275 | 1.2s
  Epoch 518/800 | Total: 5.587 Edge: 0.310 Con: 8.412 Cls: 1.127 Hist: 0.7201 Path: 0.3344 | 1.2s
  Epoch 519/800 | Total: 5.583 Edge: 0.313 Con: 8.412 Cls: 1.124 Hist: 0.7188 Path: 0.3369 | 1.2s
  Epoch 520/800 | Total: 5.630 Edge: 0.312 Con: 8.414 Cls: 1.139 Hist: 0.7240 Path: 0.3367 | Val F1: 0.4335 | 1.2s
  Epoch 521/800 | Total: 5.596 Edge: 0.308 Con: 8.410 Cls: 1.131 Hist: 0.7193 Path: 0.3352 | 1.2s
  Epoch 522/800 | Total: 5.568 Edge: 0.308 Con: 8.410 Cls: 1.123 Hist: 0.7152 Path: 0.3339 | 1.2s
  Epoch 523/800 | Total: 5.584 Edge: 0.306 Con: 8.410 Cls: 1.128 Hist: 0.7228 Path: 0.3287 | 1.1s
  Epoch 524/800 | Total: 5.619 Edge: 0.309 Con: 8.409 Cls: 1.136 Hist: 0.7245 Path: 0.3360 | 1.2s
  Epoch 525/800 | Total: 5.611 Edge: 0.311 Con: 8.407 Cls: 1.134 Hist: 0.7242 Path: 0.3326 | Val F1: 0.4320 | 1.1s
  Epoch 526/800 | Total: 5.592 Edge: 0.308 Con: 8.408 Cls: 1.131 Hist: 0.7205 Path: 0.3314 | 1.2s
  Epoch 527/800 | Total: 5.565 Edge: 0.309 Con: 8.406 Cls: 1.123 Hist: 0.7152 Path: 0.3317 | 1.2s
  Epoch 528/800 | Total: 5.695 Edge: 0.316 Con: 8.417 Cls: 1.152 Hist: 0.7349 Path: 0.3451 | 1.2s
  Epoch 529/800 | Total: 5.756 Edge: 0.319 Con: 8.409 Cls: 1.167 Hist: 0.7425 Path: 0.3509 | 1.2s
  Epoch 530/800 | Total: 5.713 Edge: 0.315 Con: 8.404 Cls: 1.159 Hist: 0.7366 Path: 0.3433 | Val F1: 0.4263 | 1.2s
  Epoch 531/800 | Total: 5.665 Edge: 0.313 Con: 8.408 Cls: 1.146 Hist: 0.7351 Path: 0.3389 | 1.2s
  Epoch 532/800 | Total: 5.702 Edge: 0.311 Con: 8.407 Cls: 1.157 Hist: 0.7407 Path: 0.3380 | 1.2s
  Epoch 533/800 | Total: 5.677 Edge: 0.315 Con: 8.417 Cls: 1.149 Hist: 0.7366 Path: 0.3369 | 1.2s
  Epoch 534/800 | Total: 5.668 Edge: 0.311 Con: 8.403 Cls: 1.150 Hist: 0.7343 Path: 0.3336 | 1.2s
  Epoch 535/800 | Total: 5.589 Edge: 0.308 Con: 8.412 Cls: 1.129 Hist: 0.7226 Path: 0.3319 | Val F1: 0.4389 | 1.2s
  Epoch 536/800 | Total: 5.648 Edge: 0.310 Con: 8.408 Cls: 1.145 Hist: 0.7312 Path: 0.3301 | 1.2s
  Epoch 537/800 | Total: 5.725 Edge: 0.315 Con: 8.417 Cls: 1.162 Hist: 0.7443 Path: 0.3386 | 1.2s
  Epoch 538/800 | Total: 5.691 Edge: 0.320 Con: 8.415 Cls: 1.152 Hist: 0.7336 Path: 0.3410 | 1.2s
  Epoch 539/800 | Total: 5.791 Edge: 0.321 Con: 8.418 Cls: 1.177 Hist: 0.7436 Path: 0.3533 | 1.2s
  Epoch 540/800 | Total: 5.674 Edge: 0.317 Con: 8.415 Cls: 1.147 Hist: 0.7289 Path: 0.3442 | Val F1: 0.4327 | 1.1s
  Epoch 541/800 | Total: 5.684 Edge: 0.314 Con: 8.409 Cls: 1.151 Hist: 0.7404 Path: 0.3352 | 1.3s
  Epoch 542/800 | Total: 5.636 Edge: 0.310 Con: 8.407 Cls: 1.142 Hist: 0.7292 Path: 0.3314 | 1.1s
  Epoch 543/800 | Total: 5.578 Edge: 0.312 Con: 8.401 Cls: 1.124 Hist: 0.7203 Path: 0.3333 | 1.1s
  Epoch 544/800 | Total: 5.602 Edge: 0.311 Con: 8.409 Cls: 1.131 Hist: 0.7227 Path: 0.3327 | 1.2s
  Epoch 545/800 | Total: 5.551 Edge: 0.308 Con: 8.404 Cls: 1.120 Hist: 0.7105 Path: 0.3330 | Val F1: 0.4370 | 1.2s
  Epoch 546/800 | Total: 5.569 Edge: 0.307 Con: 8.403 Cls: 1.125 Hist: 0.7168 Path: 0.3289 | 1.1s
  Epoch 547/800 | Total: 5.542 Edge: 0.308 Con: 8.405 Cls: 1.117 Hist: 0.7127 Path: 0.3292 | 1.1s
  Epoch 548/800 | Total: 5.568 Edge: 0.305 Con: 8.399 Cls: 1.124 Hist: 0.7216 Path: 0.3290 | 1.1s
  Epoch 549/800 | Total: 5.563 Edge: 0.305 Con: 8.404 Cls: 1.123 Hist: 0.7205 Path: 0.3273 | 1.1s
  Epoch 550/800 | Total: 5.677 Edge: 0.309 Con: 8.401 Cls: 1.152 Hist: 0.7380 Path: 0.3330 | Val F1: 0.4223 | 1.1s
  Epoch 551/800 | Total: 5.701 Edge: 0.315 Con: 8.408 Cls: 1.155 Hist: 0.7402 Path: 0.3400 | 1.1s
  Epoch 552/800 | Total: 5.674 Edge: 0.326 Con: 8.412 Cls: 1.143 Hist: 0.7282 Path: 0.3500 | 1.1s
  Epoch 553/800 | Total: 5.683 Edge: 0.331 Con: 8.415 Cls: 1.142 Hist: 0.7319 Path: 0.3519 | 1.1s
  Epoch 554/800 | Total: 5.648 Edge: 0.319 Con: 8.410 Cls: 1.139 Hist: 0.7327 Path: 0.3392 | 1.1s
  Epoch 555/800 | Total: 5.602 Edge: 0.312 Con: 8.404 Cls: 1.130 Hist: 0.7254 Path: 0.3354 | Val F1: 0.4297 | 1.1s
  Epoch 556/800 | Total: 5.655 Edge: 0.313 Con: 8.417 Cls: 1.143 Hist: 0.7313 Path: 0.3389 | 1.1s
  Epoch 557/800 | Total: 5.767 Edge: 0.317 Con: 8.418 Cls: 1.171 Hist: 0.7508 Path: 0.3447 | 1.1s
  Epoch 558/800 | Total: 5.760 Edge: 0.319 Con: 8.419 Cls: 1.168 Hist: 0.7511 Path: 0.3440 | 1.1s
  Epoch 559/800 | Total: 5.698 Edge: 0.315 Con: 8.411 Cls: 1.152 Hist: 0.7444 Path: 0.3406 | 1.1s
  Epoch 560/800 | Total: 5.643 Edge: 0.320 Con: 8.410 Cls: 1.139 Hist: 0.7255 Path: 0.3404 | Val F1: 0.4342 | 1.1s
  Epoch 561/800 | Total: 5.625 Edge: 0.322 Con: 8.404 Cls: 1.132 Hist: 0.7305 Path: 0.3375 | 1.1s
  Epoch 562/800 | Total: 5.614 Edge: 0.313 Con: 8.402 Cls: 1.132 Hist: 0.7251 Path: 0.3402 | 1.1s
  Epoch 563/800 | Total: 5.574 Edge: 0.310 Con: 8.400 Cls: 1.120 Hist: 0.7192 Path: 0.3441 | 1.1s
  Epoch 564/800 | Total: 5.524 Edge: 0.306 Con: 8.402 Cls: 1.112 Hist: 0.7127 Path: 0.3280 | 1.2s
  Epoch 565/800 | Total: 5.598 Edge: 0.304 Con: 8.399 Cls: 1.134 Hist: 0.7245 Path: 0.3272 | Val F1: 0.4310 | 1.2s
  Epoch 566/800 | Total: 5.682 Edge: 0.309 Con: 8.403 Cls: 1.155 Hist: 0.7356 Path: 0.3309 | 1.2s
  Epoch 567/800 | Total: 5.568 Edge: 0.309 Con: 8.404 Cls: 1.123 Hist: 0.7179 Path: 0.3307 | 1.2s
  Epoch 568/800 | Total: 5.563 Edge: 0.311 Con: 8.402 Cls: 1.120 Hist: 0.7188 Path: 0.3323 | 1.2s
  Epoch 569/800 | Total: 5.657 Edge: 0.311 Con: 8.400 Cls: 1.148 Hist: 0.7304 Path: 0.3316 | 1.2s
  Epoch 570/800 | Total: 5.709 Edge: 0.318 Con: 8.413 Cls: 1.158 Hist: 0.7353 Path: 0.3390 | Val F1: 0.4344 | 1.2s
  Epoch 571/800 | Total: 5.687 Edge: 0.318 Con: 8.409 Cls: 1.150 Hist: 0.7337 Path: 0.3455 | 1.2s
  Epoch 572/800 | Total: 5.661 Edge: 0.314 Con: 8.406 Cls: 1.143 Hist: 0.7357 Path: 0.3409 | 1.2s
  Epoch 573/800 | Total: 5.576 Edge: 0.310 Con: 8.407 Cls: 1.124 Hist: 0.7195 Path: 0.3331 | 1.2s
  Epoch 574/800 | Total: 5.568 Edge: 0.306 Con: 8.402 Cls: 1.123 Hist: 0.7215 Path: 0.3329 | 1.2s
  Epoch 575/800 | Total: 5.554 Edge: 0.305 Con: 8.399 Cls: 1.120 Hist: 0.7163 Path: 0.3320 | Val F1: 0.4419 | 1.2s
  Epoch 576/800 | Total: 5.522 Edge: 0.308 Con: 8.400 Cls: 1.110 Hist: 0.7110 Path: 0.3326 | 1.2s
  Epoch 577/800 | Total: 5.560 Edge: 0.307 Con: 8.394 Cls: 1.121 Hist: 0.7176 Path: 0.3327 | 1.2s
  Epoch 578/800 | Total: 5.535 Edge: 0.307 Con: 8.403 Cls: 1.114 Hist: 0.7146 Path: 0.3320 | 1.2s
  Epoch 579/800 | Total: 5.578 Edge: 0.308 Con: 8.398 Cls: 1.125 Hist: 0.7200 Path: 0.3337 | 1.2s
  Epoch 580/800 | Total: 5.652 Edge: 0.309 Con: 8.404 Cls: 1.146 Hist: 0.7317 Path: 0.3341 | Val F1: 0.4407 | 1.2s
  Epoch 581/800 | Total: 5.675 Edge: 0.317 Con: 8.402 Cls: 1.146 Hist: 0.7346 Path: 0.3461 | 1.2s
  Epoch 582/800 | Total: 5.614 Edge: 0.315 Con: 8.405 Cls: 1.129 Hist: 0.7274 Path: 0.3450 | 1.2s
  Epoch 583/800 | Total: 5.566 Edge: 0.309 Con: 8.396 Cls: 1.122 Hist: 0.7177 Path: 0.3343 | 1.2s
  Epoch 584/800 | Total: 5.627 Edge: 0.309 Con: 8.399 Cls: 1.140 Hist: 0.7278 Path: 0.3310 | 1.2s
  Epoch 585/800 | Total: 5.723 Edge: 0.315 Con: 8.418 Cls: 1.163 Hist: 0.7423 Path: 0.3362 | Val F1: 0.4214 | 1.2s
  Epoch 586/800 | Total: 5.778 Edge: 0.314 Con: 8.409 Cls: 1.176 Hist: 0.7535 Path: 0.3421 | 1.2s
  Epoch 587/800 | Total: 5.750 Edge: 0.317 Con: 8.406 Cls: 1.165 Hist: 0.7487 Path: 0.3488 | 1.2s
  Epoch 588/800 | Total: 5.776 Edge: 0.319 Con: 8.411 Cls: 1.171 Hist: 0.7474 Path: 0.3555 | 1.2s
  Epoch 589/800 | Total: 5.706 Edge: 0.325 Con: 8.415 Cls: 1.153 Hist: 0.7324 Path: 0.3466 | 1.2s
  Epoch 590/800 | Total: 5.688 Edge: 0.317 Con: 8.404 Cls: 1.149 Hist: 0.7378 Path: 0.3458 | Val F1: 0.4403 | 1.2s
  Epoch 591/800 | Total: 5.587 Edge: 0.307 Con: 8.407 Cls: 1.130 Hist: 0.7171 Path: 0.3311 | 1.2s
  Epoch 592/800 | Total: 5.539 Edge: 0.305 Con: 8.402 Cls: 1.118 Hist: 0.7137 Path: 0.3269 | 1.2s
  Epoch 593/800 | Total: 5.566 Edge: 0.306 Con: 8.401 Cls: 1.124 Hist: 0.7184 Path: 0.3280 | 1.2s
  Epoch 594/800 | Total: 5.607 Edge: 0.311 Con: 8.407 Cls: 1.132 Hist: 0.7235 Path: 0.3357 | 1.2s
  Epoch 595/800 | Total: 5.680 Edge: 0.313 Con: 8.410 Cls: 1.150 Hist: 0.7365 Path: 0.3383 | Val F1: 0.4284 | 1.2s
  Epoch 596/800 | Total: 5.705 Edge: 0.321 Con: 8.412 Cls: 1.154 Hist: 0.7330 Path: 0.3479 | 1.2s
  Epoch 597/800 | Total: 5.679 Edge: 0.318 Con: 8.409 Cls: 1.150 Hist: 0.7334 Path: 0.3376 | 1.1s
  Epoch 598/800 | Total: 5.638 Edge: 0.314 Con: 8.401 Cls: 1.141 Hist: 0.7263 Path: 0.3350 | 1.1s
  Epoch 599/800 | Total: 5.659 Edge: 0.308 Con: 8.400 Cls: 1.147 Hist: 0.7346 Path: 0.3342 | 1.1s
  Epoch 600/800 | Total: 5.601 Edge: 0.313 Con: 8.412 Cls: 1.128 Hist: 0.7248 Path: 0.3369 | Val F1: 0.4347 | 1.1s
  Epoch 601/800 | Total: 5.618 Edge: 0.312 Con: 8.401 Cls: 1.133 Hist: 0.7304 Path: 0.3364 | 1.1s
  Epoch 602/800 | Total: 5.547 Edge: 0.311 Con: 8.395 Cls: 1.115 Hist: 0.7161 Path: 0.3355 | 1.1s
  Epoch 603/800 | Total: 5.572 Edge: 0.307 Con: 8.398 Cls: 1.125 Hist: 0.7184 Path: 0.3317 | 1.1s
  Epoch 604/800 | Total: 5.621 Edge: 0.310 Con: 8.400 Cls: 1.137 Hist: 0.7252 Path: 0.3348 | 1.1s
  Epoch 605/800 | Total: 5.648 Edge: 0.309 Con: 8.406 Cls: 1.143 Hist: 0.7330 Path: 0.3355 | Val F1: 0.4352 | 1.2s
  Epoch 606/800 | Total: 5.573 Edge: 0.306 Con: 8.402 Cls: 1.125 Hist: 0.7182 Path: 0.3338 | 1.2s
  Epoch 607/800 | Total: 5.607 Edge: 0.306 Con: 8.402 Cls: 1.134 Hist: 0.7288 Path: 0.3296 | 1.2s
  Epoch 608/800 | Total: 5.547 Edge: 0.304 Con: 8.400 Cls: 1.119 Hist: 0.7180 Path: 0.3290 | 1.2s
  Epoch 609/800 | Total: 5.503 Edge: 0.303 Con: 8.399 Cls: 1.107 Hist: 0.7126 Path: 0.3255 | 1.2s
  Epoch 610/800 | Total: 5.526 Edge: 0.303 Con: 8.396 Cls: 1.116 Hist: 0.7118 Path: 0.3241 | Val F1: 0.4351 | 1.2s
  Epoch 611/800 | Total: 5.639 Edge: 0.313 Con: 8.411 Cls: 1.142 Hist: 0.7283 Path: 0.3310 | 1.2s
  Epoch 612/800 | Total: 5.655 Edge: 0.318 Con: 8.403 Cls: 1.142 Hist: 0.7346 Path: 0.3356 | 1.2s
  Epoch 613/800 | Total: 5.701 Edge: 0.326 Con: 8.409 Cls: 1.151 Hist: 0.7331 Path: 0.3489 | 1.2s
  Epoch 614/800 | Total: 5.685 Edge: 0.319 Con: 8.398 Cls: 1.148 Hist: 0.7329 Path: 0.3513 | 1.2s
  Epoch 615/800 | Total: 5.592 Edge: 0.312 Con: 8.405 Cls: 1.128 Hist: 0.7206 Path: 0.3360 | Val F1: 0.4392 | 1.1s
  Epoch 616/800 | Total: 5.674 Edge: 0.309 Con: 8.401 Cls: 1.151 Hist: 0.7321 Path: 0.3411 | 1.1s
  Epoch 617/800 | Total: 5.699 Edge: 0.317 Con: 8.412 Cls: 1.155 Hist: 0.7316 Path: 0.3438 | 1.1s
  Epoch 618/800 | Total: 5.752 Edge: 0.316 Con: 8.418 Cls: 1.169 Hist: 0.7395 Path: 0.3465 | 1.1s
  Epoch 619/800 | Total: 5.707 Edge: 0.314 Con: 8.411 Cls: 1.155 Hist: 0.7326 Path: 0.3533 | 1.1s
  Epoch 620/800 | Total: 5.625 Edge: 0.311 Con: 8.403 Cls: 1.134 Hist: 0.7262 Path: 0.3445 | Val F1: 0.4342 | 1.1s
  Epoch 621/800 | Total: 5.573 Edge: 0.308 Con: 8.399 Cls: 1.124 Hist: 0.7164 Path: 0.3348 | 1.1s
  Epoch 622/800 | Total: 5.589 Edge: 0.304 Con: 8.392 Cls: 1.130 Hist: 0.7274 Path: 0.3283 | 1.1s
  Epoch 623/800 | Total: 5.537 Edge: 0.305 Con: 8.395 Cls: 1.115 Hist: 0.7194 Path: 0.3291 | 1.1s
  Epoch 624/800 | Total: 5.479 Edge: 0.302 Con: 8.398 Cls: 1.103 Hist: 0.7062 Path: 0.3235 | 1.1s
  Epoch 625/800 | Total: 5.479 Edge: 0.300 Con: 8.396 Cls: 1.102 Hist: 0.7099 Path: 0.3228 | Val F1: 0.4472 | 1.1s
  Epoch 626/800 | Total: 5.521 Edge: 0.301 Con: 8.392 Cls: 1.116 Hist: 0.7117 Path: 0.3205 | 1.1s
  Epoch 627/800 | Total: 5.639 Edge: 0.308 Con: 8.400 Cls: 1.143 Hist: 0.7321 Path: 0.3310 | 1.1s
  Epoch 628/800 | Total: 5.591 Edge: 0.308 Con: 8.401 Cls: 1.130 Hist: 0.7254 Path: 0.3276 | 1.1s
  Epoch 629/800 | Total: 5.549 Edge: 0.308 Con: 8.397 Cls: 1.117 Hist: 0.7156 Path: 0.3345 | 1.1s
  Epoch 630/800 | Total: 5.515 Edge: 0.309 Con: 8.401 Cls: 1.105 Hist: 0.7150 Path: 0.3349 | Val F1: 0.4401 | 1.1s
  Epoch 631/800 | Total: 5.582 Edge: 0.306 Con: 8.395 Cls: 1.127 Hist: 0.7249 Path: 0.3308 | 1.1s
  Epoch 632/800 | Total: 5.532 Edge: 0.305 Con: 8.400 Cls: 1.113 Hist: 0.7159 Path: 0.3308 | 1.1s
  Epoch 633/800 | Total: 5.746 Edge: 0.310 Con: 8.401 Cls: 1.171 Hist: 0.7477 Path: 0.3345 | 1.1s
  Epoch 634/800 | Total: 5.713 Edge: 0.315 Con: 8.409 Cls: 1.160 Hist: 0.7418 Path: 0.3358 | 1.1s
  Epoch 635/800 | Total: 5.664 Edge: 0.315 Con: 8.407 Cls: 1.144 Hist: 0.7384 Path: 0.3367 | Val F1: 0.4355 | 1.1s
  Epoch 636/800 | Total: 5.621 Edge: 0.312 Con: 8.397 Cls: 1.137 Hist: 0.7292 Path: 0.3280 | 1.1s
  Epoch 637/800 | Total: 5.609 Edge: 0.312 Con: 8.399 Cls: 1.133 Hist: 0.7303 Path: 0.3286 | 1.1s
  Epoch 638/800 | Total: 5.629 Edge: 0.313 Con: 8.407 Cls: 1.136 Hist: 0.7320 Path: 0.3349 | 1.1s
  Epoch 639/800 | Total: 5.732 Edge: 0.316 Con: 8.411 Cls: 1.162 Hist: 0.7486 Path: 0.3399 | 1.1s
  Epoch 640/800 | Total: 5.687 Edge: 0.310 Con: 8.408 Cls: 1.151 Hist: 0.7468 Path: 0.3355 | Val F1: 0.4277 | 1.1s
  Epoch 641/800 | Total: 5.619 Edge: 0.309 Con: 8.404 Cls: 1.132 Hist: 0.7299 Path: 0.3440 | 1.1s
  Epoch 642/800 | Total: 5.654 Edge: 0.312 Con: 8.411 Cls: 1.142 Hist: 0.7332 Path: 0.3427 | 1.1s
  Epoch 643/800 | Total: 5.672 Edge: 0.309 Con: 8.404 Cls: 1.149 Hist: 0.7396 Path: 0.3352 | 1.1s
  Epoch 644/800 | Total: 5.603 Edge: 0.308 Con: 8.402 Cls: 1.133 Hist: 0.7227 Path: 0.3322 | 1.1s
  Epoch 645/800 | Total: 5.654 Edge: 0.316 Con: 8.409 Cls: 1.141 Hist: 0.7300 Path: 0.3434 | Val F1: 0.4445 | 1.1s
  Epoch 646/800 | Total: 5.615 Edge: 0.309 Con: 8.402 Cls: 1.134 Hist: 0.7255 Path: 0.3383 | 1.1s
  Epoch 647/800 | Total: 5.556 Edge: 0.305 Con: 8.392 Cls: 1.121 Hist: 0.7197 Path: 0.3298 | 1.1s
  Epoch 648/800 | Total: 5.524 Edge: 0.309 Con: 8.402 Cls: 1.111 Hist: 0.7101 Path: 0.3303 | 1.1s
  Epoch 649/800 | Total: 5.523 Edge: 0.314 Con: 8.398 Cls: 1.110 Hist: 0.7068 Path: 0.3339 | 1.1s
  Epoch 650/800 | Total: 5.546 Edge: 0.312 Con: 8.394 Cls: 1.115 Hist: 0.7140 Path: 0.3343 | Val F1: 0.4434 | 1.1s
  Epoch 651/800 | Total: 5.613 Edge: 0.307 Con: 8.402 Cls: 1.134 Hist: 0.7315 Path: 0.3311 | 1.1s
  Epoch 652/800 | Total: 5.603 Edge: 0.306 Con: 8.402 Cls: 1.132 Hist: 0.7285 Path: 0.3309 | 1.1s
  Epoch 653/800 | Total: 5.732 Edge: 0.311 Con: 8.410 Cls: 1.163 Hist: 0.7505 Path: 0.3398 | 1.1s
  Epoch 654/800 | Total: 5.716 Edge: 0.311 Con: 8.397 Cls: 1.161 Hist: 0.7480 Path: 0.3359 | 1.1s
  Epoch 655/800 | Total: 5.601 Edge: 0.308 Con: 8.398 Cls: 1.133 Hist: 0.7242 Path: 0.3298 | Val F1: 0.4361 | 1.1s
  Epoch 656/800 | Total: 5.512 Edge: 0.308 Con: 8.401 Cls: 1.108 Hist: 0.7121 Path: 0.3297 | 1.1s
  Epoch 657/800 | Total: 5.572 Edge: 0.308 Con: 8.395 Cls: 1.125 Hist: 0.7212 Path: 0.3282 | 1.1s
  Epoch 658/800 | Total: 5.559 Edge: 0.309 Con: 8.396 Cls: 1.122 Hist: 0.7167 Path: 0.3263 | 1.1s
  Epoch 659/800 | Total: 5.504 Edge: 0.310 Con: 8.399 Cls: 1.106 Hist: 0.7097 Path: 0.3249 | 1.1s
  Epoch 660/800 | Total: 5.509 Edge: 0.308 Con: 8.396 Cls: 1.109 Hist: 0.7114 Path: 0.3242 | Val F1: 0.4354 | 1.1s
  Epoch 661/800 | Total: 5.522 Edge: 0.303 Con: 8.397 Cls: 1.113 Hist: 0.7124 Path: 0.3295 | 1.1s
  Epoch 662/800 | Total: 5.540 Edge: 0.303 Con: 8.395 Cls: 1.119 Hist: 0.7144 Path: 0.3261 | 1.1s
  Epoch 663/800 | Total: 5.550 Edge: 0.304 Con: 8.400 Cls: 1.120 Hist: 0.7158 Path: 0.3294 | 1.1s
  Epoch 664/800 | Total: 5.538 Edge: 0.305 Con: 8.391 Cls: 1.117 Hist: 0.7183 Path: 0.3265 | 1.1s
  Epoch 665/800 | Total: 5.495 Edge: 0.307 Con: 8.402 Cls: 1.104 Hist: 0.7096 Path: 0.3268 | Val F1: 0.4291 | 1.1s
  Epoch 666/800 | Total: 5.562 Edge: 0.305 Con: 8.398 Cls: 1.123 Hist: 0.7243 Path: 0.3240 | 1.1s
  Epoch 667/800 | Total: 5.514 Edge: 0.305 Con: 8.399 Cls: 1.110 Hist: 0.7121 Path: 0.3251 | 1.1s
  Epoch 668/800 | Total: 5.488 Edge: 0.301 Con: 8.396 Cls: 1.105 Hist: 0.7121 Path: 0.3207 | 1.1s
  Epoch 669/800 | Total: 5.460 Edge: 0.299 Con: 8.393 Cls: 1.098 Hist: 0.7037 Path: 0.3261 | 1.1s
  Epoch 670/800 | Total: 5.495 Edge: 0.301 Con: 8.398 Cls: 1.104 Hist: 0.7146 Path: 0.3264 | Val F1: 0.4400 | 1.1s
  Epoch 671/800 | Total: 5.483 Edge: 0.303 Con: 8.397 Cls: 1.102 Hist: 0.7088 Path: 0.3257 | 1.1s
  Epoch 672/800 | Total: 5.506 Edge: 0.309 Con: 8.397 Cls: 1.107 Hist: 0.7101 Path: 0.3251 | 1.1s
  Epoch 673/800 | Total: 5.457 Edge: 0.310 Con: 8.394 Cls: 1.091 Hist: 0.7027 Path: 0.3310 | 1.1s
  Epoch 674/800 | Total: 5.474 Edge: 0.304 Con: 8.392 Cls: 1.099 Hist: 0.7031 Path: 0.3310 | 1.1s
  Epoch 675/800 | Total: 5.445 Edge: 0.300 Con: 8.390 Cls: 1.094 Hist: 0.7009 Path: 0.3232 | Val F1: 0.4516 | 1.1s
  Epoch 676/800 | Total: 5.468 Edge: 0.298 Con: 8.394 Cls: 1.099 Hist: 0.7096 Path: 0.3234 | 1.1s
  Epoch 677/800 | Total: 5.519 Edge: 0.299 Con: 8.389 Cls: 1.115 Hist: 0.7163 Path: 0.3199 | 1.1s
  Epoch 678/800 | Total: 5.553 Edge: 0.303 Con: 8.396 Cls: 1.122 Hist: 0.7172 Path: 0.3264 | 1.1s
  Epoch 679/800 | Total: 5.546 Edge: 0.304 Con: 8.398 Cls: 1.120 Hist: 0.7160 Path: 0.3264 | 1.1s
  Epoch 680/800 | Total: 5.538 Edge: 0.306 Con: 8.404 Cls: 1.115 Hist: 0.7127 Path: 0.3351 | Val F1: 0.4382 | 1.1s
  Epoch 681/800 | Total: 5.539 Edge: 0.303 Con: 8.394 Cls: 1.118 Hist: 0.7184 Path: 0.3248 | 1.1s
  Epoch 682/800 | Total: 5.607 Edge: 0.306 Con: 8.401 Cls: 1.135 Hist: 0.7254 Path: 0.3310 | 1.1s
  Epoch 683/800 | Total: 5.538 Edge: 0.304 Con: 8.396 Cls: 1.116 Hist: 0.7161 Path: 0.3308 | 1.1s
  Epoch 684/800 | Total: 5.512 Edge: 0.304 Con: 8.398 Cls: 1.111 Hist: 0.7100 Path: 0.3258 | 1.1s
  Epoch 685/800 | Total: 5.489 Edge: 0.305 Con: 8.396 Cls: 1.101 Hist: 0.7110 Path: 0.3306 | Val F1: 0.4374 | 1.1s
  Epoch 686/800 | Total: 5.472 Edge: 0.302 Con: 8.400 Cls: 1.099 Hist: 0.7050 Path: 0.3284 | 1.1s
  Epoch 687/800 | Total: 5.486 Edge: 0.303 Con: 8.393 Cls: 1.101 Hist: 0.7071 Path: 0.3332 | 1.1s
  Epoch 688/800 | Total: 5.558 Edge: 0.310 Con: 8.405 Cls: 1.119 Hist: 0.7181 Path: 0.3334 | 1.1s
  Epoch 689/800 | Total: 5.576 Edge: 0.306 Con: 8.401 Cls: 1.125 Hist: 0.7268 Path: 0.3292 | 1.1s
  Epoch 690/800 | Total: 5.579 Edge: 0.308 Con: 8.404 Cls: 1.124 Hist: 0.7244 Path: 0.3331 | Val F1: 0.4160 | 1.1s
  Epoch 691/800 | Total: 5.621 Edge: 0.308 Con: 8.394 Cls: 1.139 Hist: 0.7285 Path: 0.3273 | 1.1s
  Epoch 692/800 | Total: 5.570 Edge: 0.305 Con: 8.399 Cls: 1.126 Hist: 0.7202 Path: 0.3264 | 1.1s
  Epoch 693/800 | Total: 5.624 Edge: 0.307 Con: 8.394 Cls: 1.140 Hist: 0.7249 Path: 0.3330 | 1.1s
  Epoch 694/800 | Total: 5.677 Edge: 0.309 Con: 8.407 Cls: 1.152 Hist: 0.7406 Path: 0.3312 | 1.1s
  Epoch 695/800 | Total: 5.657 Edge: 0.311 Con: 8.408 Cls: 1.143 Hist: 0.7386 Path: 0.3359 | Val F1: 0.4245 | 1.1s
  Epoch 696/800 | Total: 5.671 Edge: 0.311 Con: 8.407 Cls: 1.145 Hist: 0.7405 Path: 0.3422 | 1.1s
  Epoch 697/800 | Total: 5.546 Edge: 0.305 Con: 8.398 Cls: 1.116 Hist: 0.7150 Path: 0.3384 | 1.1s
  Epoch 698/800 | Total: 5.541 Edge: 0.304 Con: 8.393 Cls: 1.115 Hist: 0.7165 Path: 0.3355 | 1.1s
  Epoch 699/800 | Total: 5.554 Edge: 0.306 Con: 8.397 Cls: 1.119 Hist: 0.7191 Path: 0.3321 | 1.1s
  Epoch 700/800 | Total: 5.534 Edge: 0.307 Con: 8.400 Cls: 1.113 Hist: 0.7184 Path: 0.3292 | Val F1: 0.4376 | 1.1s
  Epoch 701/800 | Total: 5.515 Edge: 0.303 Con: 8.393 Cls: 1.111 Hist: 0.7117 Path: 0.3279 | 1.1s
  Epoch 702/800 | Total: 5.549 Edge: 0.307 Con: 8.402 Cls: 1.118 Hist: 0.7180 Path: 0.3296 | 1.1s
  Epoch 703/800 | Total: 5.562 Edge: 0.310 Con: 8.395 Cls: 1.120 Hist: 0.7223 Path: 0.3309 | 1.1s
  Epoch 704/800 | Total: 5.547 Edge: 0.307 Con: 8.394 Cls: 1.116 Hist: 0.7201 Path: 0.3326 | 1.1s
  Epoch 705/800 | Total: 5.561 Edge: 0.305 Con: 8.397 Cls: 1.121 Hist: 0.7247 Path: 0.3293 | Val F1: 0.4277 | 1.1s
  Epoch 706/800 | Total: 5.559 Edge: 0.304 Con: 8.397 Cls: 1.121 Hist: 0.7225 Path: 0.3320 | 1.1s
  Epoch 707/800 | Total: 5.498 Edge: 0.304 Con: 8.401 Cls: 1.107 Hist: 0.7073 Path: 0.3265 | 1.1s
  Epoch 708/800 | Total: 5.559 Edge: 0.304 Con: 8.394 Cls: 1.122 Hist: 0.7236 Path: 0.3264 | 1.1s
  Epoch 709/800 | Total: 5.582 Edge: 0.306 Con: 8.398 Cls: 1.128 Hist: 0.7234 Path: 0.3269 | 1.1s
  Epoch 710/800 | Total: 5.614 Edge: 0.312 Con: 8.408 Cls: 1.133 Hist: 0.7236 Path: 0.3402 | Val F1: 0.4355 | 1.1s
  Epoch 711/800 | Total: 5.619 Edge: 0.311 Con: 8.412 Cls: 1.135 Hist: 0.7231 Path: 0.3395 | 1.1s
  Epoch 712/800 | Total: 5.566 Edge: 0.308 Con: 8.409 Cls: 1.121 Hist: 0.7174 Path: 0.3376 | 1.1s
  Epoch 713/800 | Total: 5.517 Edge: 0.303 Con: 8.396 Cls: 1.109 Hist: 0.7166 Path: 0.3318 | 1.1s
  Epoch 714/800 | Total: 5.719 Edge: 0.312 Con: 8.412 Cls: 1.163 Hist: 0.7368 Path: 0.3390 | 1.1s
  Epoch 715/800 | Total: 5.675 Edge: 0.311 Con: 8.399 Cls: 1.149 Hist: 0.7367 Path: 0.3404 | Val F1: 0.4374 | 1.1s
  Epoch 716/800 | Total: 5.579 Edge: 0.314 Con: 8.398 Cls: 1.120 Hist: 0.7245 Path: 0.3410 | 1.1s
  Epoch 717/800 | Total: 5.529 Edge: 0.309 Con: 8.393 Cls: 1.112 Hist: 0.7141 Path: 0.3321 | 1.1s
  Epoch 718/800 | Total: 5.465 Edge: 0.302 Con: 8.389 Cls: 1.099 Hist: 0.7058 Path: 0.3226 | 1.1s
  Epoch 719/800 | Total: 5.438 Edge: 0.298 Con: 8.387 Cls: 1.093 Hist: 0.6984 Path: 0.3228 | 1.1s
  Epoch 720/800 | Total: 5.454 Edge: 0.299 Con: 8.392 Cls: 1.097 Hist: 0.7046 Path: 0.3196 | Val F1: 0.4391 | 1.1s
  Epoch 721/800 | Total: 5.453 Edge: 0.301 Con: 8.388 Cls: 1.094 Hist: 0.7094 Path: 0.3219 | 1.1s
  Epoch 722/800 | Total: 5.546 Edge: 0.302 Con: 8.392 Cls: 1.118 Hist: 0.7239 Path: 0.3276 | 1.1s
  Epoch 723/800 | Total: 5.506 Edge: 0.305 Con: 8.393 Cls: 1.106 Hist: 0.7153 Path: 0.3277 | 1.1s
  Epoch 724/800 | Total: 5.501 Edge: 0.304 Con: 8.397 Cls: 1.106 Hist: 0.7104 Path: 0.3293 | 1.1s
  Epoch 725/800 | Total: 5.524 Edge: 0.303 Con: 8.391 Cls: 1.111 Hist: 0.7163 Path: 0.3309 | Val F1: 0.4402 | 1.1s
  Epoch 726/800 | Total: 5.457 Edge: 0.301 Con: 8.386 Cls: 1.097 Hist: 0.7064 Path: 0.3201 | 1.1s
  Epoch 727/800 | Total: 5.469 Edge: 0.300 Con: 8.387 Cls: 1.099 Hist: 0.7096 Path: 0.3231 | 1.1s
  Epoch 728/800 | Total: 5.477 Edge: 0.304 Con: 8.390 Cls: 1.100 Hist: 0.7064 Path: 0.3270 | 1.1s
  Epoch 729/800 | Total: 5.541 Edge: 0.303 Con: 8.388 Cls: 1.118 Hist: 0.7191 Path: 0.3259 | 1.1s
  Epoch 730/800 | Total: 5.571 Edge: 0.305 Con: 8.398 Cls: 1.123 Hist: 0.7272 Path: 0.3308 | Val F1: 0.4368 | 1.1s
  Epoch 731/800 | Total: 5.550 Edge: 0.303 Con: 8.393 Cls: 1.121 Hist: 0.7202 Path: 0.3259 | 1.1s
  Epoch 732/800 | Total: 5.609 Edge: 0.313 Con: 8.411 Cls: 1.129 Hist: 0.7299 Path: 0.3372 | 1.1s
  Epoch 733/800 | Total: 5.797 Edge: 0.322 Con: 8.420 Cls: 1.177 Hist: 0.7501 Path: 0.3507 | 1.1s
  Epoch 734/800 | Total: 5.751 Edge: 0.329 Con: 8.409 Cls: 1.157 Hist: 0.7484 Path: 0.3615 | 1.1s
  Epoch 735/800 | Total: 5.713 Edge: 0.318 Con: 8.398 Cls: 1.157 Hist: 0.7380 Path: 0.3479 | Val F1: 0.4309 | 1.1s
  Epoch 736/800 | Total: 5.741 Edge: 0.325 Con: 8.406 Cls: 1.157 Hist: 0.7386 Path: 0.3648 | 1.1s
  Epoch 737/800 | Total: 5.750 Edge: 0.315 Con: 8.401 Cls: 1.166 Hist: 0.7495 Path: 0.3482 | 1.1s
  Epoch 738/800 | Total: 5.658 Edge: 0.312 Con: 8.401 Cls: 1.143 Hist: 0.7357 Path: 0.3424 | 1.1s
  Epoch 739/800 | Total: 5.542 Edge: 0.306 Con: 8.398 Cls: 1.116 Hist: 0.7101 Path: 0.3367 | 1.1s
  Epoch 740/800 | Total: 5.490 Edge: 0.299 Con: 8.392 Cls: 1.104 Hist: 0.7120 Path: 0.3269 | Val F1: 0.4510 | 1.1s
  Epoch 741/800 | Total: 5.517 Edge: 0.302 Con: 8.390 Cls: 1.110 Hist: 0.7188 Path: 0.3270 | 1.1s
  Epoch 742/800 | Total: 5.462 Edge: 0.299 Con: 8.389 Cls: 1.100 Hist: 0.7053 Path: 0.3204 | 1.1s
  Epoch 743/800 | Total: 5.462 Edge: 0.300 Con: 8.384 Cls: 1.097 Hist: 0.7092 Path: 0.3232 | 1.1s
  Epoch 744/800 | Total: 5.460 Edge: 0.303 Con: 8.394 Cls: 1.095 Hist: 0.7069 Path: 0.3261 | 1.1s
  Epoch 745/800 | Total: 5.482 Edge: 0.302 Con: 8.388 Cls: 1.102 Hist: 0.7096 Path: 0.3265 | Val F1: 0.4372 | 1.1s
  Epoch 746/800 | Total: 5.501 Edge: 0.306 Con: 8.398 Cls: 1.107 Hist: 0.7079 Path: 0.3282 | 1.1s
  Epoch 747/800 | Total: 5.446 Edge: 0.301 Con: 8.388 Cls: 1.093 Hist: 0.7046 Path: 0.3219 | 1.1s
  Epoch 748/800 | Total: 5.453 Edge: 0.303 Con: 8.392 Cls: 1.096 Hist: 0.7024 Path: 0.3206 | 1.1s
  Epoch 749/800 | Total: 5.424 Edge: 0.300 Con: 8.390 Cls: 1.089 Hist: 0.6975 Path: 0.3205 | 1.1s
  Epoch 750/800 | Total: 5.449 Edge: 0.299 Con: 8.394 Cls: 1.096 Hist: 0.7017 Path: 0.3210 | Val F1: 0.4449 | 1.1s
  Epoch 751/800 | Total: 5.469 Edge: 0.301 Con: 8.394 Cls: 1.100 Hist: 0.7068 Path: 0.3213 | 1.1s
  Epoch 752/800 | Total: 5.585 Edge: 0.308 Con: 8.389 Cls: 1.128 Hist: 0.7262 Path: 0.3266 | 1.1s
  Epoch 753/800 | Total: 5.562 Edge: 0.311 Con: 8.395 Cls: 1.120 Hist: 0.7194 Path: 0.3313 | 1.1s
  Epoch 754/800 | Total: 5.436 Edge: 0.304 Con: 8.393 Cls: 1.089 Hist: 0.6991 Path: 0.3272 | 1.1s
  Epoch 755/800 | Total: 5.431 Edge: 0.300 Con: 8.393 Cls: 1.090 Hist: 0.6998 Path: 0.3212 | Val F1: 0.4480 | 1.1s
  Epoch 756/800 | Total: 5.404 Edge: 0.297 Con: 8.386 Cls: 1.084 Hist: 0.6990 Path: 0.3176 | 1.1s
  Epoch 757/800 | Total: 5.463 Edge: 0.299 Con: 8.380 Cls: 1.098 Hist: 0.7077 Path: 0.3235 | 1.1s
  Epoch 758/800 | Total: 5.409 Edge: 0.302 Con: 8.389 Cls: 1.083 Hist: 0.6961 Path: 0.3230 | 1.1s
  Epoch 759/800 | Total: 5.444 Edge: 0.302 Con: 8.392 Cls: 1.092 Hist: 0.7012 Path: 0.3247 | 1.1s
  Epoch 760/800 | Total: 5.450 Edge: 0.300 Con: 8.387 Cls: 1.095 Hist: 0.7037 Path: 0.3245 | Val F1: 0.4522 | 1.1s
  Epoch 761/800 | Total: 5.423 Edge: 0.297 Con: 8.389 Cls: 1.088 Hist: 0.6996 Path: 0.3243 | 1.1s
  Epoch 762/800 | Total: 5.451 Edge: 0.300 Con: 8.392 Cls: 1.093 Hist: 0.7050 Path: 0.3275 | 1.1s
  Epoch 763/800 | Total: 5.408 Edge: 0.299 Con: 8.384 Cls: 1.082 Hist: 0.7008 Path: 0.3223 | 1.1s
  Epoch 764/800 | Total: 5.406 Edge: 0.299 Con: 8.389 Cls: 1.083 Hist: 0.6956 Path: 0.3246 | 1.1s
  Epoch 765/800 | Total: 5.468 Edge: 0.303 Con: 8.383 Cls: 1.097 Hist: 0.7066 Path: 0.3282 | Val F1: 0.4382 | 1.1s
  Epoch 766/800 | Total: 5.530 Edge: 0.306 Con: 8.392 Cls: 1.111 Hist: 0.7201 Path: 0.3326 | 1.1s
  Epoch 767/800 | Total: 5.642 Edge: 0.305 Con: 8.407 Cls: 1.144 Hist: 0.7342 Path: 0.3288 | 1.1s
  Epoch 768/800 | Total: 5.585 Edge: 0.311 Con: 8.391 Cls: 1.127 Hist: 0.7234 Path: 0.3316 | 1.1s
  Epoch 769/800 | Total: 5.548 Edge: 0.306 Con: 8.394 Cls: 1.120 Hist: 0.7173 Path: 0.3253 | 1.1s
  Epoch 770/800 | Total: 5.495 Edge: 0.300 Con: 8.391 Cls: 1.108 Hist: 0.7121 Path: 0.3190 | Val F1: 0.4470 | 1.1s
  Epoch 771/800 | Total: 5.584 Edge: 0.303 Con: 8.395 Cls: 1.130 Hist: 0.7234 Path: 0.3291 | 1.1s
  Epoch 772/800 | Total: 5.874 Edge: 0.325 Con: 8.406 Cls: 1.197 Hist: 0.7747 Path: 0.3439 | 1.1s
  Epoch 773/800 | Total: 5.854 Edge: 0.317 Con: 8.406 Cls: 1.195 Hist: 0.7583 Path: 0.3521 | 1.1s
  Epoch 774/800 | Total: 5.740 Edge: 0.323 Con: 8.409 Cls: 1.156 Hist: 0.7513 Path: 0.3565 | 1.1s
  Epoch 775/800 | Total: 5.817 Edge: 0.316 Con: 8.409 Cls: 1.183 Hist: 0.7592 Path: 0.3505 | Val F1: 0.4216 | 1.1s
  Epoch 776/800 | Total: 5.744 Edge: 0.320 Con: 8.417 Cls: 1.163 Hist: 0.7435 Path: 0.3506 | 1.1s
  Epoch 777/800 | Total: 5.626 Edge: 0.314 Con: 8.403 Cls: 1.136 Hist: 0.7271 Path: 0.3363 | 1.1s
  Epoch 778/800 | Total: 5.492 Edge: 0.303 Con: 8.393 Cls: 1.104 Hist: 0.7085 Path: 0.3290 | 1.1s
  Epoch 779/800 | Total: 5.462 Edge: 0.302 Con: 8.397 Cls: 1.095 Hist: 0.7051 Path: 0.3290 | 1.1s
  Epoch 780/800 | Total: 5.446 Edge: 0.302 Con: 8.391 Cls: 1.092 Hist: 0.7027 Path: 0.3261 | Val F1: 0.4419 | 1.1s
  Epoch 781/800 | Total: 5.468 Edge: 0.301 Con: 8.386 Cls: 1.099 Hist: 0.7064 Path: 0.3271 | 1.1s
  Epoch 782/800 | Total: 5.392 Edge: 0.299 Con: 8.390 Cls: 1.077 Hist: 0.6988 Path: 0.3243 | 1.1s
  Epoch 783/800 | Total: 5.452 Edge: 0.301 Con: 8.387 Cls: 1.094 Hist: 0.7060 Path: 0.3239 | 1.1s
  Epoch 784/800 | Total: 5.462 Edge: 0.298 Con: 8.392 Cls: 1.099 Hist: 0.7100 Path: 0.3179 | 1.1s
  Epoch 785/800 | Total: 5.561 Edge: 0.303 Con: 8.395 Cls: 1.124 Hist: 0.7200 Path: 0.3259 | Val F1: 0.4347 | 1.1s
  Epoch 786/800 | Total: 5.676 Edge: 0.308 Con: 8.409 Cls: 1.152 Hist: 0.7365 Path: 0.3350 | 1.1s
  Epoch 787/800 | Total: 5.607 Edge: 0.306 Con: 8.402 Cls: 1.134 Hist: 0.7274 Path: 0.3300 | 1.1s
  Epoch 788/800 | Total: 5.551 Edge: 0.306 Con: 8.391 Cls: 1.117 Hist: 0.7176 Path: 0.3379 | 1.1s
  Epoch 789/800 | Total: 5.500 Edge: 0.307 Con: 8.390 Cls: 1.101 Hist: 0.7128 Path: 0.3374 | 1.1s
  Epoch 790/800 | Total: 5.473 Edge: 0.303 Con: 8.387 Cls: 1.101 Hist: 0.7037 Path: 0.3250 | Val F1: 0.4461 | 1.1s
  Epoch 791/800 | Total: 5.452 Edge: 0.302 Con: 8.390 Cls: 1.095 Hist: 0.7027 Path: 0.3215 | 1.1s
  Epoch 792/800 | Total: 5.401 Edge: 0.300 Con: 8.385 Cls: 1.082 Hist: 0.6979 Path: 0.3178 | 1.1s
  Epoch 793/800 | Total: 5.422 Edge: 0.303 Con: 8.394 Cls: 1.087 Hist: 0.6979 Path: 0.3196 | 1.1s
  Epoch 794/800 | Total: 5.502 Edge: 0.302 Con: 8.390 Cls: 1.109 Hist: 0.7150 Path: 0.3197 | 1.1s
  Epoch 795/800 | Total: 5.556 Edge: 0.305 Con: 8.399 Cls: 1.123 Hist: 0.7185 Path: 0.3245 | Val F1: 0.4373 | 1.1s
  Epoch 796/800 | Total: 5.510 Edge: 0.302 Con: 8.392 Cls: 1.110 Hist: 0.7119 Path: 0.3270 | 1.1s
  Epoch 797/800 | Total: 5.513 Edge: 0.300 Con: 8.394 Cls: 1.110 Hist: 0.7165 Path: 0.3280 | 1.1s
  Epoch 798/800 | Total: 5.548 Edge: 0.306 Con: 8.398 Cls: 1.116 Hist: 0.7230 Path: 0.3319 | 1.1s
  Epoch 799/800 | Total: 5.585 Edge: 0.309 Con: 8.400 Cls: 1.127 Hist: 0.7237 Path: 0.3328 | 1.1s
  Epoch 800/800 | Total: 5.559 Edge: 0.304 Con: 8.395 Cls: 1.121 Hist: 0.7193 Path: 0.3321 | Val F1: 0.4394 | 1.1s
  Best Val F1: 0.4522 | Test F1: 0.4473
  Total training time: 1007.9s (16.8 min)

======================================================================
  Val  Macro-F1: 0.4522
  Test Macro-F1: 0.4473
  Test Accuracy: 0.6577
  Time: 1009.8s
  Peak GPU mem: 2.31 GB
======================================================================

  Results saved to: results/NESS_ogbn-arxiv_MCAR_0.8_20260725_132854
