/home/erfan/MATE/venv/lib/python3.13/site-packages/outdated/__init__.py:36: UserWarning: pkg_resources is deprecated as an API. See https://setuptools.pypa.io/en/latest/pkg_resources.html. The pkg_resources package is slated for removal as early as 2025-11-30. Refrain from using this package or pin to Setuptools<81.
  from pkg_resources import parse_version
/home/erfan/MATE/ogbn_benchmarks/data_loader.py:96: UserWarning: Sparse invariant checks are implicitly disabled. Memory errors (e.g. SEGFAULT) will occur when operating on a sparse tensor which violates the invariants, but checks incur performance overhead. To silence this warning, explicitly opt in or out. See `torch.sparse.check_sparse_tensor_invariants.__doc__` for guidance.  (Triggered internally at /pytorch/aten/src/ATen/Context.cpp:760.)
  adj = torch.sparse_coo_tensor(edge_index, vals, (num_nodes, num_nodes)).coalesce()
======================================================================
  NESS | ogbn-arxiv | MCAR @ 60% | lr=0.001
======================================================================
[1/3] Loading ogbn-arxiv...
  169,343 nodes | 128 dims | 40 classes
[2/3] Simulating MCAR missingness...
Simulating MCAR missingness at 60% rate...
  MCAR: Uniform random selection
  Observable: 67,738 (40.0%)
  Masked: 101,605 (60.0%)
  Observable: 67,738 | Val: 50,802 | Test: 50,803
[3/3] Running NESS...
  single_view=True -> forcing w_con=0 (contrastive is trivial with one view)
  Prefilling missing nodes via Feature Propagation (40 iters)...
  Computing neighbor label-histogram target (2-hop, observable labels)...
  Partitioning graph into 20 clusters (cache_device=gpu)...
  Cached 20 clusters
  Training NESS for up to 800 epochs (patience=20)...
  Epoch 1/800 | Total: 14.683 Edge: 0.695 Con: 0.184 Cls: 3.530 Hist: 2.6951 Path: 0.7016 | 14.0s
  Epoch 2/800 | Total: 13.067 Edge: 0.685 Con: 0.280 Cls: 3.126 Hist: 2.3152 Path: 0.6884 | 3.6s
  Epoch 3/800 | Total: 12.463 Edge: 0.663 Con: 0.263 Cls: 2.985 Hist: 2.1572 Path: 0.6861 | 3.5s
  Epoch 4/800 | Total: 11.967 Edge: 0.650 Con: 0.196 Cls: 2.866 Hist: 2.0366 Path: 0.6838 | 3.6s
  Epoch 5/800 | Total: 11.518 Edge: 0.654 Con: 0.201 Cls: 2.749 Hist: 1.9313 Path: 0.6856 | Val F1: 0.0444 | 3.4s
  Epoch 6/800 | Total: 11.490 Edge: 0.664 Con: 0.191 Cls: 2.757 Hist: 1.8836 Path: 0.6715 | 3.5s
  Epoch 7/800 | Total: 10.594 Edge: 0.634 Con: 0.193 Cls: 2.536 Hist: 1.6873 Path: 0.6652 | 3.5s
  Epoch 8/800 | Total: 10.076 Edge: 0.610 Con: 0.170 Cls: 2.419 Hist: 1.5683 Path: 0.6400 | 3.6s
  Epoch 9/800 | Total: 9.642 Edge: 0.611 Con: 0.159 Cls: 2.298 Hist: 1.4863 Path: 0.6514 | 3.5s
  Epoch 10/800 | Total: 9.681 Edge: 0.590 Con: 0.148 Cls: 2.295 Hist: 1.5653 Path: 0.6399 | Val F1: 0.0939 | 3.6s
  Epoch 11/800 | Total: 9.379 Edge: 0.587 Con: 0.152 Cls: 2.229 Hist: 1.4703 Path: 0.6335 | 3.5s
  Epoch 12/800 | Total: 9.191 Edge: 0.575 Con: 0.143 Cls: 2.188 Hist: 1.4264 Path: 0.6261 | 3.5s
  Epoch 13/800 | Total: 8.947 Edge: 0.561 Con: 0.146 Cls: 2.132 Hist: 1.3805 Path: 0.6085 | 3.6s
  Epoch 14/800 | Total: 8.560 Edge: 0.545 Con: 0.132 Cls: 2.034 Hist: 1.3043 Path: 0.6099 | 3.5s
  Epoch 15/800 | Total: 8.711 Edge: 0.534 Con: 0.132 Cls: 2.079 Hist: 1.3381 Path: 0.6006 | Val F1: 0.1460 | 3.5s
  Epoch 16/800 | Total: 8.246 Edge: 0.528 Con: 0.126 Cls: 1.962 Hist: 1.2453 Path: 0.5870 | 3.5s
  Epoch 17/800 | Total: 8.068 Edge: 0.522 Con: 0.122 Cls: 1.917 Hist: 1.2138 Path: 0.5817 | 3.5s
  Epoch 18/800 | Total: 8.110 Edge: 0.507 Con: 0.116 Cls: 1.934 Hist: 1.2279 Path: 0.5727 | 3.5s
  Epoch 19/800 | Total: 8.297 Edge: 0.520 Con: 0.115 Cls: 1.974 Hist: 1.2711 Path: 0.5842 | 3.5s
  Epoch 20/800 | Total: 7.951 Edge: 0.516 Con: 0.116 Cls: 1.885 Hist: 1.1939 Path: 0.5868 | Val F1: 0.1720 | 3.5s
  Epoch 21/800 | Total: 7.960 Edge: 0.510 Con: 0.111 Cls: 1.896 Hist: 1.1872 Path: 0.5761 | 3.4s
  Epoch 22/800 | Total: 7.648 Edge: 0.499 Con: 0.105 Cls: 1.812 Hist: 1.1489 Path: 0.5642 | 3.5s
  Epoch 23/800 | Total: 7.747 Edge: 0.486 Con: 0.104 Cls: 1.843 Hist: 1.1644 Path: 0.5684 | 3.5s
  Epoch 24/800 | Total: 7.730 Edge: 0.490 Con: 0.100 Cls: 1.838 Hist: 1.1578 Path: 0.5694 | 3.5s
  Epoch 25/800 | Total: 7.496 Edge: 0.476 Con: 0.097 Cls: 1.787 Hist: 1.1163 Path: 0.5434 | Val F1: 0.2049 | 3.5s
  Epoch 26/800 | Total: 7.414 Edge: 0.488 Con: 0.098 Cls: 1.757 Hist: 1.0947 Path: 0.5597 | 3.5s
  Epoch 27/800 | Total: 7.387 Edge: 0.474 Con: 0.096 Cls: 1.755 Hist: 1.0898 Path: 0.5602 | 3.6s
  Epoch 28/800 | Total: 7.374 Edge: 0.471 Con: 0.094 Cls: 1.758 Hist: 1.0807 Path: 0.5483 | 3.5s
  Epoch 29/800 | Total: 7.462 Edge: 0.487 Con: 0.093 Cls: 1.773 Hist: 1.1025 Path: 0.5532 | 3.5s
  Epoch 30/800 | Total: 7.534 Edge: 0.485 Con: 0.092 Cls: 1.789 Hist: 1.1155 Path: 0.5670 | Val F1: 0.1727 | 3.5s
  Epoch 31/800 | Total: 7.653 Edge: 0.484 Con: 0.090 Cls: 1.818 Hist: 1.1302 Path: 0.5837 | 3.5s
  Epoch 32/800 | Total: 7.441 Edge: 0.489 Con: 0.089 Cls: 1.757 Hist: 1.1114 Path: 0.5701 | 3.5s
  Epoch 33/800 | Total: 7.249 Edge: 0.463 Con: 0.086 Cls: 1.723 Hist: 1.0792 Path: 0.5389 | 3.5s
  Epoch 34/800 | Total: 7.025 Edge: 0.456 Con: 0.086 Cls: 1.669 Hist: 1.0331 Path: 0.5305 | 3.5s
  Epoch 35/800 | Total: 6.965 Edge: 0.442 Con: 0.082 Cls: 1.660 Hist: 1.0231 Path: 0.5206 | Val F1: 0.2409 | 3.5s
  Epoch 36/800 | Total: 6.967 Edge: 0.441 Con: 0.081 Cls: 1.660 Hist: 1.0301 Path: 0.5160 | 3.5s
  Epoch 37/800 | Total: 6.923 Edge: 0.434 Con: 0.081 Cls: 1.651 Hist: 1.0252 Path: 0.5114 | 3.5s
  Epoch 38/800 | Total: 6.959 Edge: 0.437 Con: 0.079 Cls: 1.655 Hist: 1.0236 Path: 0.5349 | 3.5s
  Epoch 39/800 | Total: 6.899 Edge: 0.468 Con: 0.080 Cls: 1.623 Hist: 1.0037 Path: 0.5601 | 3.5s
  Epoch 40/800 | Total: 6.913 Edge: 0.450 Con: 0.078 Cls: 1.638 Hist: 1.0148 Path: 0.5352 | Val F1: 0.2717 | 3.5s
  Epoch 41/800 | Total: 6.749 Edge: 0.440 Con: 0.078 Cls: 1.600 Hist: 0.9848 Path: 0.5243 | 3.5s
  Epoch 42/800 | Total: 6.795 Edge: 0.430 Con: 0.075 Cls: 1.619 Hist: 0.9994 Path: 0.5093 | 3.5s
  Epoch 43/800 | Total: 6.835 Edge: 0.426 Con: 0.075 Cls: 1.631 Hist: 1.0070 Path: 0.5088 | 3.5s
  Epoch 44/800 | Total: 6.857 Edge: 0.437 Con: 0.076 Cls: 1.635 Hist: 1.0061 Path: 0.5083 | 3.4s
  Epoch 45/800 | Total: 6.870 Edge: 0.432 Con: 0.075 Cls: 1.640 Hist: 1.0146 Path: 0.5029 | Val F1: 0.2661 | 3.4s
  Epoch 46/800 | Total: 6.658 Edge: 0.416 Con: 0.073 Cls: 1.589 Hist: 0.9797 Path: 0.4970 | 3.5s
  Epoch 47/800 | Total: 6.606 Edge: 0.413 Con: 0.072 Cls: 1.575 Hist: 0.9789 Path: 0.4913 | 3.6s
  Epoch 48/800 | Total: 6.578 Edge: 0.422 Con: 0.071 Cls: 1.564 Hist: 0.9612 Path: 0.5025 | 3.4s
  Epoch 49/800 | Total: 6.580 Edge: 0.424 Con: 0.070 Cls: 1.559 Hist: 0.9638 Path: 0.5138 | 3.5s
  Epoch 50/800 | Total: 6.518 Edge: 0.422 Con: 0.071 Cls: 1.545 Hist: 0.9476 Path: 0.5139 | Val F1: 0.2993 | 3.5s
  Epoch 51/800 | Total: 6.521 Edge: 0.408 Con: 0.070 Cls: 1.554 Hist: 0.9591 Path: 0.4912 | 3.6s
  Epoch 52/800 | Total: 6.604 Edge: 0.414 Con: 0.069 Cls: 1.573 Hist: 0.9738 Path: 0.4968 | 3.5s
  Epoch 53/800 | Total: 6.488 Edge: 0.412 Con: 0.068 Cls: 1.544 Hist: 0.9532 Path: 0.4919 | 3.5s
  Epoch 54/800 | Total: 6.491 Edge: 0.421 Con: 0.069 Cls: 1.541 Hist: 0.9491 Path: 0.4996 | 3.5s
  Epoch 55/800 | Total: 6.473 Edge: 0.420 Con: 0.069 Cls: 1.540 Hist: 0.9357 Path: 0.4986 | Val F1: 0.3101 | 3.5s
  Epoch 56/800 | Total: 6.454 Edge: 0.407 Con: 0.066 Cls: 1.540 Hist: 0.9430 Path: 0.4850 | 3.6s
  Epoch 57/800 | Total: 6.567 Edge: 0.402 Con: 0.065 Cls: 1.568 Hist: 0.9768 Path: 0.4830 | 3.6s
  Epoch 58/800 | Total: 6.515 Edge: 0.410 Con: 0.066 Cls: 1.555 Hist: 0.9589 Path: 0.4813 | 3.5s
  Epoch 59/800 | Total: 6.398 Edge: 0.413 Con: 0.067 Cls: 1.522 Hist: 0.9331 Path: 0.4863 | 3.5s
  Epoch 60/800 | Total: 6.360 Edge: 0.407 Con: 0.066 Cls: 1.514 Hist: 0.9277 Path: 0.4830 | Val F1: 0.3220 | 3.5s
  Epoch 61/800 | Total: 6.297 Edge: 0.403 Con: 0.066 Cls: 1.497 Hist: 0.9162 Path: 0.4849 | 3.5s
  Epoch 62/800 | Total: 6.268 Edge: 0.395 Con: 0.064 Cls: 1.494 Hist: 0.9162 Path: 0.4731 | 3.6s
  Epoch 63/800 | Total: 6.320 Edge: 0.396 Con: 0.065 Cls: 1.510 Hist: 0.9242 Path: 0.4692 | 3.6s
  Epoch 64/800 | Total: 6.352 Edge: 0.397 Con: 0.064 Cls: 1.518 Hist: 0.9341 Path: 0.4664 | 3.5s
  Epoch 65/800 | Total: 6.373 Edge: 0.393 Con: 0.063 Cls: 1.524 Hist: 0.9346 Path: 0.4728 | Val F1: 0.3198 | 3.5s
  Epoch 66/800 | Total: 6.300 Edge: 0.396 Con: 0.065 Cls: 1.504 Hist: 0.9197 Path: 0.4722 | 3.6s
  Epoch 67/800 | Total: 6.262 Edge: 0.388 Con: 0.063 Cls: 1.497 Hist: 0.9190 Path: 0.4635 | 3.4s
  Epoch 68/800 | Total: 6.265 Edge: 0.382 Con: 0.062 Cls: 1.501 Hist: 0.9216 Path: 0.4591 | 3.5s
  Epoch 69/800 | Total: 6.151 Edge: 0.385 Con: 0.061 Cls: 1.471 Hist: 0.8942 Path: 0.4596 | 3.6s
  Epoch 70/800 | Total: 6.213 Edge: 0.388 Con: 0.063 Cls: 1.484 Hist: 0.9072 Path: 0.4659 | Val F1: 0.3437 | 3.5s
  Epoch 71/800 | Total: 6.218 Edge: 0.384 Con: 0.063 Cls: 1.486 Hist: 0.9091 Path: 0.4654 | 3.5s
  Epoch 72/800 | Total: 6.205 Edge: 0.389 Con: 0.062 Cls: 1.479 Hist: 0.9016 Path: 0.4773 | 3.5s
  Epoch 73/800 | Total: 6.210 Edge: 0.389 Con: 0.061 Cls: 1.481 Hist: 0.9030 Path: 0.4736 | 3.6s
  Epoch 74/800 | Total: 6.248 Edge: 0.393 Con: 0.060 Cls: 1.492 Hist: 0.9125 Path: 0.4661 | 3.6s
  Epoch 75/800 | Total: 6.285 Edge: 0.392 Con: 0.060 Cls: 1.501 Hist: 0.9251 Path: 0.4672 | Val F1: 0.3409 | 3.5s
  Epoch 76/800 | Total: 6.174 Edge: 0.382 Con: 0.060 Cls: 1.478 Hist: 0.8976 Path: 0.4608 | 3.3s
  Epoch 77/800 | Total: 6.164 Edge: 0.385 Con: 0.060 Cls: 1.474 Hist: 0.8968 Path: 0.4588 | 3.6s
  Epoch 78/800 | Total: 6.247 Edge: 0.387 Con: 0.060 Cls: 1.493 Hist: 0.9062 Path: 0.4741 | 3.5s
  Epoch 79/800 | Total: 6.178 Edge: 0.384 Con: 0.059 Cls: 1.476 Hist: 0.9028 Path: 0.4645 | 3.5s
  Epoch 80/800 | Total: 6.142 Edge: 0.381 Con: 0.060 Cls: 1.468 Hist: 0.8925 Path: 0.4634 | Val F1: 0.3515 | 3.5s
  Epoch 81/800 | Total: 6.104 Edge: 0.383 Con: 0.058 Cls: 1.457 Hist: 0.8870 Path: 0.4630 | 3.5s
  Epoch 82/800 | Total: 6.145 Edge: 0.378 Con: 0.058 Cls: 1.470 Hist: 0.8974 Path: 0.4589 | 3.5s
  Epoch 83/800 | Total: 6.462 Edge: 0.390 Con: 0.060 Cls: 1.555 Hist: 0.9411 Path: 0.4650 | 3.5s
  Epoch 84/800 | Total: 6.496 Edge: 0.408 Con: 0.060 Cls: 1.558 Hist: 0.9395 Path: 0.4723 | 3.6s
  Epoch 85/800 | Total: 6.429 Edge: 0.400 Con: 0.060 Cls: 1.538 Hist: 0.9436 Path: 0.4714 | Val F1: 0.3487 | 3.5s
  Epoch 86/800 | Total: 6.288 Edge: 0.402 Con: 0.059 Cls: 1.497 Hist: 0.9202 Path: 0.4743 | 3.1s
  Epoch 87/800 | Total: 6.283 Edge: 0.399 Con: 0.059 Cls: 1.497 Hist: 0.9251 Path: 0.4686 | 3.2s
  Epoch 88/800 | Total: 6.172 Edge: 0.382 Con: 0.058 Cls: 1.476 Hist: 0.8999 Path: 0.4609 | 3.1s
  Epoch 89/800 | Total: 6.188 Edge: 0.384 Con: 0.058 Cls: 1.482 Hist: 0.9012 Path: 0.4578 | 3.2s
  Epoch 90/800 | Total: 6.176 Edge: 0.393 Con: 0.056 Cls: 1.467 Hist: 0.9025 Path: 0.4796 | Val F1: 0.3311 | 3.1s
  Epoch 91/800 | Total: 6.207 Edge: 0.398 Con: 0.056 Cls: 1.474 Hist: 0.8971 Path: 0.4891 | 3.1s
  Epoch 92/800 | Total: 6.081 Edge: 0.377 Con: 0.056 Cls: 1.455 Hist: 0.8854 Path: 0.4543 | 3.2s
  Epoch 93/800 | Total: 6.036 Edge: 0.373 Con: 0.055 Cls: 1.443 Hist: 0.8753 Path: 0.4579 | 3.0s
  Epoch 94/800 | Total: 6.041 Edge: 0.368 Con: 0.056 Cls: 1.447 Hist: 0.8797 Path: 0.4516 | 3.2s
  Epoch 95/800 | Total: 5.934 Edge: 0.362 Con: 0.055 Cls: 1.424 Hist: 0.8605 Path: 0.4408 | Val F1: 0.3471 | 3.2s
  Epoch 96/800 | Total: 5.946 Edge: 0.358 Con: 0.054 Cls: 1.430 Hist: 0.8580 Path: 0.4400 | 3.1s
  Epoch 97/800 | Total: 5.971 Edge: 0.360 Con: 0.054 Cls: 1.435 Hist: 0.8635 Path: 0.4415 | 3.1s
  Epoch 98/800 | Total: 5.933 Edge: 0.362 Con: 0.054 Cls: 1.424 Hist: 0.8556 Path: 0.4425 | 3.2s
  Epoch 99/800 | Total: 5.995 Edge: 0.370 Con: 0.054 Cls: 1.436 Hist: 0.8697 Path: 0.4473 | 3.1s
  Epoch 100/800 | Total: 5.922 Edge: 0.366 Con: 0.054 Cls: 1.417 Hist: 0.8538 Path: 0.4513 | Val F1: 0.3690 | 3.1s
  Epoch 101/800 | Total: 5.973 Edge: 0.365 Con: 0.053 Cls: 1.432 Hist: 0.8637 Path: 0.4485 | 3.2s
  Epoch 102/800 | Total: 5.953 Edge: 0.368 Con: 0.053 Cls: 1.424 Hist: 0.8668 Path: 0.4469 | 3.1s
  Epoch 103/800 | Total: 5.910 Edge: 0.358 Con: 0.053 Cls: 1.418 Hist: 0.8559 Path: 0.4429 | 3.2s
  Epoch 104/800 | Total: 5.924 Edge: 0.356 Con: 0.052 Cls: 1.424 Hist: 0.8613 Path: 0.4335 | 2.9s
  Epoch 105/800 | Total: 5.939 Edge: 0.366 Con: 0.051 Cls: 1.425 Hist: 0.8582 Path: 0.4392 | Val F1: 0.3460 | 3.2s
  Epoch 106/800 | Total: 6.058 Edge: 0.365 Con: 0.052 Cls: 1.455 Hist: 0.8840 Path: 0.4455 | 3.1s
  Epoch 107/800 | Total: 5.935 Edge: 0.360 Con: 0.053 Cls: 1.426 Hist: 0.8585 Path: 0.4386 | 3.2s
  Epoch 108/800 | Total: 6.039 Edge: 0.363 Con: 0.051 Cls: 1.451 Hist: 0.8738 Path: 0.4485 | 3.1s
  Epoch 109/800 | Total: 6.039 Edge: 0.363 Con: 0.052 Cls: 1.447 Hist: 0.8854 Path: 0.4484 | 3.0s
  Epoch 110/800 | Total: 5.936 Edge: 0.365 Con: 0.051 Cls: 1.423 Hist: 0.8557 Path: 0.4456 | Val F1: 0.3720 | 3.1s
  Epoch 111/800 | Total: 5.956 Edge: 0.364 Con: 0.051 Cls: 1.429 Hist: 0.8615 Path: 0.4440 | 3.1s
  Epoch 112/800 | Total: 6.014 Edge: 0.360 Con: 0.051 Cls: 1.446 Hist: 0.8754 Path: 0.4413 | 3.2s
  Epoch 113/800 | Total: 6.024 Edge: 0.362 Con: 0.052 Cls: 1.447 Hist: 0.8743 Path: 0.4453 | 3.1s
  Epoch 114/800 | Total: 5.932 Edge: 0.363 Con: 0.050 Cls: 1.422 Hist: 0.8610 Path: 0.4411 | 3.1s
  Epoch 115/800 | Total: 5.938 Edge: 0.359 Con: 0.050 Cls: 1.427 Hist: 0.8658 Path: 0.4330 | Val F1: 0.3722 | 1.8s
  Epoch 116/800 | Total: 5.836 Edge: 0.354 Con: 0.050 Cls: 1.402 Hist: 0.8444 Path: 0.4305 | 1.7s
  Epoch 117/800 | Total: 5.925 Edge: 0.360 Con: 0.049 Cls: 1.418 Hist: 0.8583 Path: 0.4519 | 1.6s
  Epoch 118/800 | Total: 5.928 Edge: 0.360 Con: 0.049 Cls: 1.422 Hist: 0.8591 Path: 0.4443 | 1.5s
  Epoch 119/800 | Total: 5.953 Edge: 0.361 Con: 0.050 Cls: 1.428 Hist: 0.8622 Path: 0.4446 | 1.6s
  Epoch 120/800 | Total: 5.870 Edge: 0.356 Con: 0.049 Cls: 1.408 Hist: 0.8506 Path: 0.4370 | Val F1: 0.3726 | 1.6s
  Epoch 121/800 | Total: 6.045 Edge: 0.355 Con: 0.049 Cls: 1.458 Hist: 0.8746 Path: 0.4404 | 1.5s
  Epoch 122/800 | Total: 6.213 Edge: 0.370 Con: 0.050 Cls: 1.490 Hist: 0.9122 Path: 0.4610 | 1.6s
  Epoch 123/800 | Total: 6.089 Edge: 0.368 Con: 0.050 Cls: 1.456 Hist: 0.8870 Path: 0.4668 | 1.6s
  Epoch 124/800 | Total: 6.077 Edge: 0.384 Con: 0.049 Cls: 1.449 Hist: 0.8726 Path: 0.4728 | 1.6s
  Epoch 125/800 | Total: 6.151 Edge: 0.381 Con: 0.049 Cls: 1.469 Hist: 0.9002 Path: 0.4622 | Val F1: 0.3754 | 1.6s
  Epoch 126/800 | Total: 5.883 Edge: 0.370 Con: 0.049 Cls: 1.406 Hist: 0.8464 Path: 0.4465 | 1.6s
  Epoch 127/800 | Total: 5.788 Edge: 0.376 Con: 0.048 Cls: 1.378 Hist: 0.8256 Path: 0.4520 | 1.6s
  Epoch 128/800 | Total: 5.806 Edge: 0.366 Con: 0.047 Cls: 1.390 Hist: 0.8353 Path: 0.4344 | 1.6s
  Epoch 129/800 | Total: 5.813 Edge: 0.356 Con: 0.047 Cls: 1.396 Hist: 0.8377 Path: 0.4317 | 1.6s
  Epoch 130/800 | Total: 5.764 Edge: 0.350 Con: 0.047 Cls: 1.385 Hist: 0.8280 Path: 0.4296 | Val F1: 0.3858 | 1.6s
  Epoch 131/800 | Total: 5.710 Edge: 0.343 Con: 0.047 Cls: 1.374 Hist: 0.8217 Path: 0.4235 | 1.6s
  Epoch 132/800 | Total: 5.761 Edge: 0.346 Con: 0.047 Cls: 1.387 Hist: 0.8301 Path: 0.4256 | 1.6s
  Epoch 133/800 | Total: 5.800 Edge: 0.345 Con: 0.047 Cls: 1.396 Hist: 0.8378 Path: 0.4281 | 1.6s
  Epoch 134/800 | Total: 5.828 Edge: 0.344 Con: 0.046 Cls: 1.404 Hist: 0.8444 Path: 0.4275 | 1.6s
  Epoch 135/800 | Total: 5.794 Edge: 0.346 Con: 0.047 Cls: 1.394 Hist: 0.8395 Path: 0.4261 | Val F1: 0.3777 | 1.6s
  Epoch 136/800 | Total: 5.929 Edge: 0.353 Con: 0.047 Cls: 1.425 Hist: 0.8646 Path: 0.4370 | 1.6s
  Epoch 137/800 | Total: 5.980 Edge: 0.357 Con: 0.048 Cls: 1.435 Hist: 0.8737 Path: 0.4442 | 1.7s
  Epoch 138/800 | Total: 5.888 Edge: 0.369 Con: 0.047 Cls: 1.406 Hist: 0.8500 Path: 0.4516 | 1.6s
  Epoch 139/800 | Total: 5.842 Edge: 0.350 Con: 0.047 Cls: 1.404 Hist: 0.8484 Path: 0.4321 | 1.6s
  Epoch 140/800 | Total: 5.758 Edge: 0.344 Con: 0.046 Cls: 1.384 Hist: 0.8348 Path: 0.4260 | Val F1: 0.3794 | 1.6s
  Epoch 141/800 | Total: 5.742 Edge: 0.345 Con: 0.047 Cls: 1.382 Hist: 0.8268 Path: 0.4241 | 1.6s
  Epoch 142/800 | Total: 5.753 Edge: 0.353 Con: 0.045 Cls: 1.382 Hist: 0.8285 Path: 0.4245 | 1.7s
  Epoch 143/800 | Total: 5.709 Edge: 0.347 Con: 0.046 Cls: 1.374 Hist: 0.8189 Path: 0.4215 | 1.5s
  Epoch 144/800 | Total: 5.703 Edge: 0.343 Con: 0.044 Cls: 1.372 Hist: 0.8231 Path: 0.4200 | 1.6s
  Epoch 145/800 | Total: 5.712 Edge: 0.345 Con: 0.046 Cls: 1.374 Hist: 0.8192 Path: 0.4251 | Val F1: 0.3765 | 1.6s
  Epoch 146/800 | Total: 5.806 Edge: 0.348 Con: 0.046 Cls: 1.395 Hist: 0.8416 Path: 0.4303 | 1.6s
  Epoch 147/800 | Total: 5.810 Edge: 0.345 Con: 0.045 Cls: 1.395 Hist: 0.8537 Path: 0.4256 | 1.6s
  Epoch 148/800 | Total: 5.774 Edge: 0.349 Con: 0.045 Cls: 1.387 Hist: 0.8334 Path: 0.4298 | 1.6s
  Epoch 149/800 | Total: 5.979 Edge: 0.353 Con: 0.044 Cls: 1.439 Hist: 0.8767 Path: 0.4319 | 1.6s
  Epoch 150/800 | Total: 5.826 Edge: 0.352 Con: 0.046 Cls: 1.399 Hist: 0.8390 Path: 0.4385 | Val F1: 0.3906 | 1.6s
  Epoch 151/800 | Total: 5.719 Edge: 0.353 Con: 0.045 Cls: 1.367 Hist: 0.8183 Path: 0.4476 | 1.7s
  Epoch 152/800 | Total: 5.806 Edge: 0.353 Con: 0.045 Cls: 1.389 Hist: 0.8427 Path: 0.4446 | 1.6s
  Epoch 153/800 | Total: 5.797 Edge: 0.345 Con: 0.044 Cls: 1.393 Hist: 0.8411 Path: 0.4318 | 1.6s
  Epoch 154/800 | Total: 5.747 Edge: 0.347 Con: 0.045 Cls: 1.383 Hist: 0.8224 Path: 0.4277 | 1.6s
  Epoch 155/800 | Total: 5.669 Edge: 0.341 Con: 0.045 Cls: 1.363 Hist: 0.8152 Path: 0.4229 | Val F1: 0.3916 | 1.6s
  Epoch 156/800 | Total: 5.648 Edge: 0.335 Con: 0.044 Cls: 1.360 Hist: 0.8133 Path: 0.4190 | 1.6s
  Epoch 157/800 | Total: 5.664 Edge: 0.334 Con: 0.044 Cls: 1.367 Hist: 0.8131 Path: 0.4167 | 1.5s
  Epoch 158/800 | Total: 5.687 Edge: 0.335 Con: 0.044 Cls: 1.371 Hist: 0.8205 Path: 0.4168 | 2.0s
  Epoch 159/800 | Total: 5.653 Edge: 0.337 Con: 0.044 Cls: 1.361 Hist: 0.8160 Path: 0.4177 | 2.0s
  Epoch 160/800 | Total: 5.837 Edge: 0.345 Con: 0.045 Cls: 1.407 Hist: 0.8413 Path: 0.4289 | Val F1: 0.3880 | 2.0s
  Epoch 161/800 | Total: 5.866 Edge: 0.338 Con: 0.044 Cls: 1.420 Hist: 0.8517 Path: 0.4167 | 2.1s
  Epoch 162/800 | Total: 5.725 Edge: 0.337 Con: 0.044 Cls: 1.380 Hist: 0.8274 Path: 0.4215 | 2.0s
  Epoch 163/800 | Total: 5.710 Edge: 0.337 Con: 0.044 Cls: 1.376 Hist: 0.8203 Path: 0.4246 | 2.2s
  Epoch 164/800 | Total: 5.788 Edge: 0.348 Con: 0.043 Cls: 1.390 Hist: 0.8328 Path: 0.4366 | 1.9s
  Epoch 165/800 | Total: 5.905 Edge: 0.366 Con: 0.044 Cls: 1.416 Hist: 0.8495 Path: 0.4422 | Val F1: 0.3757 | 2.0s
  Epoch 166/800 | Total: 5.749 Edge: 0.363 Con: 0.044 Cls: 1.375 Hist: 0.8215 Path: 0.4380 | 2.0s
  Epoch 167/800 | Total: 5.712 Edge: 0.344 Con: 0.043 Cls: 1.373 Hist: 0.8282 Path: 0.4219 | 2.0s
  Epoch 168/800 | Total: 5.653 Edge: 0.338 Con: 0.043 Cls: 1.363 Hist: 0.8075 Path: 0.4187 | 2.0s
  Epoch 169/800 | Total: 5.635 Edge: 0.335 Con: 0.043 Cls: 1.358 Hist: 0.8118 Path: 0.4158 | 2.1s
  Epoch 170/800 | Total: 5.602 Edge: 0.329 Con: 0.043 Cls: 1.353 Hist: 0.8046 Path: 0.4088 | Val F1: 0.3903 | 2.0s
  Epoch 171/800 | Total: 5.638 Edge: 0.333 Con: 0.042 Cls: 1.359 Hist: 0.8140 Path: 0.4139 | 2.1s
  Epoch 172/800 | Total: 5.649 Edge: 0.330 Con: 0.043 Cls: 1.364 Hist: 0.8128 Path: 0.4139 | 2.0s
  Epoch 173/800 | Total: 5.671 Edge: 0.337 Con: 0.043 Cls: 1.365 Hist: 0.8169 Path: 0.4215 | 2.0s
  Epoch 174/800 | Total: 5.640 Edge: 0.336 Con: 0.042 Cls: 1.357 Hist: 0.8122 Path: 0.4218 | 2.0s
  Epoch 175/800 | Total: 5.632 Edge: 0.337 Con: 0.042 Cls: 1.357 Hist: 0.8092 Path: 0.4164 | Val F1: 0.3973 | 2.0s
  Epoch 176/800 | Total: 5.631 Edge: 0.333 Con: 0.042 Cls: 1.357 Hist: 0.8127 Path: 0.4139 | 2.0s
  Epoch 177/800 | Total: 5.714 Edge: 0.338 Con: 0.042 Cls: 1.378 Hist: 0.8285 Path: 0.4159 | 2.0s
  Epoch 178/800 | Total: 5.587 Edge: 0.332 Con: 0.042 Cls: 1.346 Hist: 0.8046 Path: 0.4126 | 2.0s
  Epoch 179/800 | Total: 5.642 Edge: 0.334 Con: 0.043 Cls: 1.360 Hist: 0.8089 Path: 0.4176 | 2.0s
  Epoch 180/800 | Total: 5.639 Edge: 0.331 Con: 0.041 Cls: 1.359 Hist: 0.8143 Path: 0.4154 | Val F1: 0.3932 | 2.1s
  Epoch 181/800 | Total: 5.606 Edge: 0.333 Con: 0.042 Cls: 1.348 Hist: 0.8090 Path: 0.4192 | 2.1s
  Epoch 182/800 | Total: 5.617 Edge: 0.333 Con: 0.041 Cls: 1.351 Hist: 0.8101 Path: 0.4197 | 2.1s
  Epoch 183/800 | Total: 5.621 Edge: 0.335 Con: 0.042 Cls: 1.352 Hist: 0.8145 Path: 0.4151 | 2.0s
  Epoch 184/800 | Total: 5.520 Edge: 0.332 Con: 0.042 Cls: 1.327 Hist: 0.7906 Path: 0.4152 | 2.0s
  Epoch 185/800 | Total: 5.566 Edge: 0.330 Con: 0.042 Cls: 1.340 Hist: 0.7992 Path: 0.4154 | Val F1: 0.3857 | 1.9s
  Epoch 186/800 | Total: 5.634 Edge: 0.333 Con: 0.042 Cls: 1.357 Hist: 0.8151 Path: 0.4163 | 1.9s
  Epoch 187/800 | Total: 5.732 Edge: 0.339 Con: 0.042 Cls: 1.380 Hist: 0.8204 Path: 0.4329 | 2.0s
  Epoch 188/800 | Total: 5.929 Edge: 0.338 Con: 0.042 Cls: 1.434 Hist: 0.8631 Path: 0.4261 | 2.0s
  Epoch 189/800 | Total: 5.767 Edge: 0.334 Con: 0.042 Cls: 1.392 Hist: 0.8389 Path: 0.4172 | 2.0s
  Epoch 190/800 | Total: 5.687 Edge: 0.340 Con: 0.042 Cls: 1.369 Hist: 0.8195 Path: 0.4198 | Val F1: 0.3958 | 2.0s
  Epoch 191/800 | Total: 5.758 Edge: 0.351 Con: 0.041 Cls: 1.386 Hist: 0.8275 Path: 0.4224 | 2.0s
  Epoch 192/800 | Total: 5.670 Edge: 0.338 Con: 0.041 Cls: 1.366 Hist: 0.8169 Path: 0.4183 | 2.0s
  Epoch 193/800 | Total: 5.571 Edge: 0.333 Con: 0.042 Cls: 1.340 Hist: 0.8005 Path: 0.4162 | 2.0s
  Epoch 194/800 | Total: 5.607 Edge: 0.333 Con: 0.041 Cls: 1.349 Hist: 0.8036 Path: 0.4230 | 2.0s
  Epoch 195/800 | Total: 5.641 Edge: 0.344 Con: 0.041 Cls: 1.354 Hist: 0.8053 Path: 0.4294 | Val F1: 0.3972 | 2.0s
  Epoch 196/800 | Total: 5.583 Edge: 0.344 Con: 0.040 Cls: 1.341 Hist: 0.7933 Path: 0.4229 | 2.0s
  Epoch 197/800 | Total: 5.653 Edge: 0.338 Con: 0.040 Cls: 1.360 Hist: 0.8167 Path: 0.4176 | 2.0s
  Epoch 198/800 | Total: 5.578 Edge: 0.333 Con: 0.041 Cls: 1.344 Hist: 0.8002 Path: 0.4120 | 2.0s
  Epoch 199/800 | Total: 5.564 Edge: 0.329 Con: 0.040 Cls: 1.343 Hist: 0.7984 Path: 0.4083 | 2.0s
  Epoch 200/800 | Total: 5.552 Edge: 0.324 Con: 0.040 Cls: 1.341 Hist: 0.7960 Path: 0.4092 | Val F1: 0.4011 | 2.0s
  Epoch 201/800 | Total: 5.564 Edge: 0.329 Con: 0.040 Cls: 1.342 Hist: 0.8005 Path: 0.4100 | 2.0s
  Epoch 202/800 | Total: 5.626 Edge: 0.336 Con: 0.040 Cls: 1.355 Hist: 0.8111 Path: 0.4134 | 1.9s
  Epoch 203/800 | Total: 5.603 Edge: 0.329 Con: 0.041 Cls: 1.350 Hist: 0.8084 Path: 0.4150 | 2.0s
  Epoch 204/800 | Total: 5.601 Edge: 0.329 Con: 0.040 Cls: 1.348 Hist: 0.8031 Path: 0.4257 | 2.0s
  Epoch 205/800 | Total: 5.676 Edge: 0.340 Con: 0.040 Cls: 1.364 Hist: 0.8146 Path: 0.4287 | Val F1: 0.3964 | 1.9s
  Epoch 206/800 | Total: 5.642 Edge: 0.331 Con: 0.040 Cls: 1.361 Hist: 0.8099 Path: 0.4186 | 1.9s
  Epoch 207/800 | Total: 5.925 Edge: 0.340 Con: 0.040 Cls: 1.434 Hist: 0.8522 Path: 0.4293 | 1.9s
  Epoch 208/800 | Total: 5.855 Edge: 0.356 Con: 0.041 Cls: 1.403 Hist: 0.8523 Path: 0.4373 | 2.0s
  Epoch 209/800 | Total: 5.612 Edge: 0.336 Con: 0.040 Cls: 1.351 Hist: 0.8035 Path: 0.4187 | 2.0s
  Epoch 210/800 | Total: 5.632 Edge: 0.342 Con: 0.039 Cls: 1.355 Hist: 0.8104 Path: 0.4139 | Val F1: 0.3976 | 1.9s
  Epoch 211/800 | Total: 5.629 Edge: 0.332 Con: 0.040 Cls: 1.356 Hist: 0.8131 Path: 0.4153 | 2.0s
  Epoch 212/800 | Total: 5.599 Edge: 0.326 Con: 0.039 Cls: 1.353 Hist: 0.8037 Path: 0.4092 | 2.0s
  Epoch 213/800 | Total: 5.692 Edge: 0.344 Con: 0.039 Cls: 1.369 Hist: 0.8243 Path: 0.4166 | 2.0s
  Epoch 214/800 | Total: 5.593 Edge: 0.340 Con: 0.040 Cls: 1.348 Hist: 0.7992 Path: 0.4102 | 2.0s
  Epoch 215/800 | Total: 5.504 Edge: 0.324 Con: 0.039 Cls: 1.329 Hist: 0.7898 Path: 0.4035 | Val F1: 0.3991 | 2.0s
  Epoch 216/800 | Total: 5.534 Edge: 0.321 Con: 0.039 Cls: 1.339 Hist: 0.7917 Path: 0.4027 | 2.0s
  Epoch 217/800 | Total: 5.499 Edge: 0.317 Con: 0.039 Cls: 1.330 Hist: 0.7909 Path: 0.4017 | 1.9s
  Epoch 218/800 | Total: 5.500 Edge: 0.321 Con: 0.039 Cls: 1.329 Hist: 0.7897 Path: 0.4026 | 2.0s
  Epoch 219/800 | Total: 5.519 Edge: 0.321 Con: 0.039 Cls: 1.334 Hist: 0.7931 Path: 0.4033 | 2.0s
  Epoch 220/800 | Total: 5.494 Edge: 0.319 Con: 0.039 Cls: 1.327 Hist: 0.7895 Path: 0.4030 | Val F1: 0.4201 | 2.1s
  Epoch 221/800 | Total: 5.475 Edge: 0.314 Con: 0.039 Cls: 1.324 Hist: 0.7882 Path: 0.4005 | 2.0s
  Epoch 222/800 | Total: 5.473 Edge: 0.316 Con: 0.038 Cls: 1.324 Hist: 0.7833 Path: 0.4001 | 2.0s
  Epoch 223/800 | Total: 5.501 Edge: 0.322 Con: 0.039 Cls: 1.328 Hist: 0.7917 Path: 0.4034 | 1.9s
  Epoch 224/800 | Total: 5.479 Edge: 0.317 Con: 0.038 Cls: 1.326 Hist: 0.7867 Path: 0.3981 | 2.0s
  Epoch 225/800 | Total: 5.476 Edge: 0.318 Con: 0.038 Cls: 1.324 Hist: 0.7849 Path: 0.4016 | Val F1: 0.4073 | 2.0s
  Epoch 226/800 | Total: 5.514 Edge: 0.320 Con: 0.038 Cls: 1.333 Hist: 0.7905 Path: 0.4051 | 2.0s
  Epoch 227/800 | Total: 5.542 Edge: 0.322 Con: 0.039 Cls: 1.340 Hist: 0.7953 Path: 0.4053 | 1.9s
  Epoch 228/800 | Total: 5.549 Edge: 0.320 Con: 0.039 Cls: 1.343 Hist: 0.7958 Path: 0.4047 | 1.9s
  Epoch 229/800 | Total: 5.448 Edge: 0.318 Con: 0.038 Cls: 1.316 Hist: 0.7820 Path: 0.4002 | 1.9s
  Epoch 230/800 | Total: 5.460 Edge: 0.317 Con: 0.039 Cls: 1.320 Hist: 0.7831 Path: 0.4004 | Val F1: 0.4126 | 2.0s
  Epoch 231/800 | Total: 5.470 Edge: 0.324 Con: 0.038 Cls: 1.319 Hist: 0.7812 Path: 0.4078 | 1.9s
  Epoch 232/800 | Total: 5.444 Edge: 0.319 Con: 0.038 Cls: 1.314 Hist: 0.7811 Path: 0.4015 | 2.0s
  Epoch 233/800 | Total: 5.464 Edge: 0.321 Con: 0.039 Cls: 1.321 Hist: 0.7800 Path: 0.4020 | 2.1s
  Epoch 234/800 | Total: 5.537 Edge: 0.331 Con: 0.038 Cls: 1.336 Hist: 0.7935 Path: 0.4053 | 1.9s
  Epoch 235/800 | Total: 5.548 Edge: 0.330 Con: 0.038 Cls: 1.338 Hist: 0.7975 Path: 0.4067 | Val F1: 0.4057 | 1.9s
  Epoch 236/800 | Total: 5.521 Edge: 0.319 Con: 0.038 Cls: 1.335 Hist: 0.7929 Path: 0.4027 | 2.0s
  Epoch 237/800 | Total: 5.604 Edge: 0.336 Con: 0.039 Cls: 1.348 Hist: 0.8083 Path: 0.4154 | 1.9s
  Epoch 238/800 | Total: 5.604 Edge: 0.337 Con: 0.039 Cls: 1.347 Hist: 0.8071 Path: 0.4201 | 2.0s
  Epoch 239/800 | Total: 5.594 Edge: 0.337 Con: 0.039 Cls: 1.345 Hist: 0.8025 Path: 0.4210 | 2.0s
  Epoch 240/800 | Total: 5.694 Edge: 0.336 Con: 0.038 Cls: 1.372 Hist: 0.8195 Path: 0.4232 | Val F1: 0.3945 | 2.1s
  Epoch 241/800 | Total: 5.863 Edge: 0.349 Con: 0.039 Cls: 1.412 Hist: 0.8419 Path: 0.4358 | 2.0s
  Epoch 242/800 | Total: 5.837 Edge: 0.377 Con: 0.040 Cls: 1.383 Hist: 0.8410 Path: 0.4703 | 2.0s
  Epoch 243/800 | Total: 5.666 Edge: 0.343 Con: 0.039 Cls: 1.361 Hist: 0.8169 Path: 0.4249 | 2.0s
  Epoch 244/800 | Total: 5.505 Edge: 0.329 Con: 0.040 Cls: 1.327 Hist: 0.7870 Path: 0.4090 | 2.0s
  Epoch 245/800 | Total: 5.536 Edge: 0.326 Con: 0.039 Cls: 1.336 Hist: 0.7931 Path: 0.4091 | Val F1: 0.4065 | 2.0s
  Epoch 246/800 | Total: 5.632 Edge: 0.328 Con: 0.038 Cls: 1.363 Hist: 0.8015 Path: 0.4135 | 1.9s
  Epoch 247/800 | Total: 5.807 Edge: 0.335 Con: 0.038 Cls: 1.405 Hist: 0.8376 Path: 0.4185 | 2.0s
  Epoch 248/800 | Total: 5.701 Edge: 0.329 Con: 0.038 Cls: 1.380 Hist: 0.8175 Path: 0.4155 | 1.9s
  Epoch 249/800 | Total: 5.612 Edge: 0.335 Con: 0.038 Cls: 1.348 Hist: 0.8092 Path: 0.4230 | 1.9s
  Epoch 250/800 | Total: 5.600 Edge: 0.330 Con: 0.039 Cls: 1.350 Hist: 0.8039 Path: 0.4169 | Val F1: 0.4035 | 2.0s
  Epoch 251/800 | Total: 5.527 Edge: 0.324 Con: 0.038 Cls: 1.332 Hist: 0.7928 Path: 0.4130 | 2.0s
  Epoch 252/800 | Total: 5.563 Edge: 0.320 Con: 0.038 Cls: 1.343 Hist: 0.8030 Path: 0.4107 | 1.9s
  Epoch 253/800 | Total: 5.491 Edge: 0.318 Con: 0.038 Cls: 1.326 Hist: 0.7860 Path: 0.4092 | 1.9s
  Epoch 254/800 | Total: 5.487 Edge: 0.319 Con: 0.037 Cls: 1.324 Hist: 0.7867 Path: 0.4081 | 2.0s
  Epoch 255/800 | Total: 5.461 Edge: 0.316 Con: 0.038 Cls: 1.321 Hist: 0.7844 Path: 0.3986 | Val F1: 0.4117 | 1.9s
  Epoch 256/800 | Total: 5.381 Edge: 0.313 Con: 0.037 Cls: 1.300 Hist: 0.7745 Path: 0.3942 | 1.9s
  Epoch 257/800 | Total: 5.451 Edge: 0.312 Con: 0.037 Cls: 1.321 Hist: 0.7849 Path: 0.3923 | 2.0s
  Epoch 258/800 | Total: 5.396 Edge: 0.313 Con: 0.037 Cls: 1.304 Hist: 0.7759 Path: 0.3946 | 2.0s
  Epoch 259/800 | Total: 5.370 Edge: 0.312 Con: 0.037 Cls: 1.298 Hist: 0.7715 Path: 0.3910 | 2.0s
  Epoch 260/800 | Total: 5.376 Edge: 0.315 Con: 0.036 Cls: 1.300 Hist: 0.7703 Path: 0.3919 | Val F1: 0.4120 | 2.0s
  Epoch 261/800 | Total: 5.519 Edge: 0.316 Con: 0.037 Cls: 1.336 Hist: 0.7950 Path: 0.3999 | 1.9s
  Epoch 262/800 | Total: 5.681 Edge: 0.325 Con: 0.037 Cls: 1.380 Hist: 0.8102 Path: 0.4069 | 2.0s
  Epoch 263/800 | Total: 5.727 Edge: 0.324 Con: 0.038 Cls: 1.390 Hist: 0.8278 Path: 0.4056 | 2.0s
  Epoch 264/800 | Total: 5.693 Edge: 0.323 Con: 0.037 Cls: 1.377 Hist: 0.8311 Path: 0.4074 | 2.0s
  Epoch 265/800 | Total: 5.498 Edge: 0.323 Con: 0.038 Cls: 1.328 Hist: 0.7869 Path: 0.4041 | Val F1: 0.4136 | 2.0s
  Epoch 266/800 | Total: 5.432 Edge: 0.319 Con: 0.037 Cls: 1.310 Hist: 0.7774 Path: 0.4046 | 1.6s
  Epoch 267/800 | Total: 5.453 Edge: 0.316 Con: 0.036 Cls: 1.319 Hist: 0.7826 Path: 0.3976 | 1.7s
  Epoch 268/800 | Total: 5.455 Edge: 0.321 Con: 0.036 Cls: 1.317 Hist: 0.7851 Path: 0.3976 | 1.7s
  Epoch 269/800 | Total: 5.389 Edge: 0.325 Con: 0.036 Cls: 1.299 Hist: 0.7696 Path: 0.3977 | 1.6s
  Epoch 270/800 | Total: 5.389 Edge: 0.320 Con: 0.036 Cls: 1.300 Hist: 0.7715 Path: 0.3981 | Val F1: 0.4200 | 1.6s
  Epoch 271/800 | Total: 5.430 Edge: 0.316 Con: 0.036 Cls: 1.313 Hist: 0.7765 Path: 0.3976 | 1.6s
  Epoch 272/800 | Total: 5.450 Edge: 0.312 Con: 0.036 Cls: 1.322 Hist: 0.7802 Path: 0.3928 | 1.6s
  Epoch 273/800 | Total: 5.479 Edge: 0.313 Con: 0.036 Cls: 1.328 Hist: 0.7856 Path: 0.3969 | 1.6s
  Epoch 274/800 | Total: 5.401 Edge: 0.313 Con: 0.036 Cls: 1.306 Hist: 0.7721 Path: 0.3975 | 1.6s
  Epoch 275/800 | Total: 5.382 Edge: 0.311 Con: 0.035 Cls: 1.302 Hist: 0.7759 Path: 0.3893 | Val F1: 0.4188 | 1.6s
  Epoch 276/800 | Total: 5.399 Edge: 0.311 Con: 0.036 Cls: 1.307 Hist: 0.7738 Path: 0.3937 | 1.6s
  Epoch 277/800 | Total: 5.413 Edge: 0.313 Con: 0.036 Cls: 1.312 Hist: 0.7728 Path: 0.3922 | 1.7s
  Epoch 278/800 | Total: 5.430 Edge: 0.313 Con: 0.036 Cls: 1.313 Hist: 0.7790 Path: 0.3980 | 1.6s
  Epoch 279/800 | Total: 5.429 Edge: 0.317 Con: 0.036 Cls: 1.312 Hist: 0.7769 Path: 0.3993 | 1.7s
  Epoch 280/800 | Total: 5.508 Edge: 0.319 Con: 0.035 Cls: 1.330 Hist: 0.7954 Path: 0.4047 | Val F1: 0.4094 | 1.7s
  Epoch 281/800 | Total: 5.514 Edge: 0.320 Con: 0.036 Cls: 1.334 Hist: 0.7860 Path: 0.4056 | 1.7s
  Epoch 282/800 | Total: 5.539 Edge: 0.317 Con: 0.035 Cls: 1.338 Hist: 0.8014 Path: 0.4052 | 1.7s
  Epoch 283/800 | Total: 5.614 Edge: 0.330 Con: 0.036 Cls: 1.353 Hist: 0.8110 Path: 0.4138 | 1.6s
  Epoch 284/800 | Total: 5.579 Edge: 0.323 Con: 0.036 Cls: 1.345 Hist: 0.8108 Path: 0.4090 | 1.6s
  Epoch 285/800 | Total: 5.529 Edge: 0.330 Con: 0.036 Cls: 1.329 Hist: 0.7957 Path: 0.4162 | Val F1: 0.4060 | 1.6s
  Epoch 286/800 | Total: 5.495 Edge: 0.340 Con: 0.035 Cls: 1.321 Hist: 0.7762 Path: 0.4153 | 1.7s
  Epoch 287/800 | Total: 5.508 Edge: 0.326 Con: 0.036 Cls: 1.327 Hist: 0.7909 Path: 0.4097 | 1.6s
  Epoch 288/800 | Total: 5.403 Edge: 0.314 Con: 0.036 Cls: 1.305 Hist: 0.7740 Path: 0.3990 | 1.6s
  Epoch 289/800 | Total: 5.490 Edge: 0.313 Con: 0.035 Cls: 1.329 Hist: 0.7915 Path: 0.3981 | 1.6s
  Epoch 290/800 | Total: 5.547 Edge: 0.316 Con: 0.035 Cls: 1.343 Hist: 0.8029 Path: 0.3996 | Val F1: 0.4100 | 1.6s
  Epoch 291/800 | Total: 5.446 Edge: 0.322 Con: 0.036 Cls: 1.317 Hist: 0.7764 Path: 0.3976 | 1.6s
  Epoch 292/800 | Total: 5.459 Edge: 0.326 Con: 0.035 Cls: 1.317 Hist: 0.7816 Path: 0.3999 | 1.6s
  Epoch 293/800 | Total: 5.422 Edge: 0.324 Con: 0.036 Cls: 1.308 Hist: 0.7761 Path: 0.3975 | 1.7s
  Epoch 294/800 | Total: 5.402 Edge: 0.317 Con: 0.035 Cls: 1.306 Hist: 0.7732 Path: 0.3935 | 1.6s
  Epoch 295/800 | Total: 5.313 Edge: 0.309 Con: 0.035 Cls: 1.285 Hist: 0.7597 Path: 0.3893 | Val F1: 0.4232 | 1.6s
  Epoch 296/800 | Total: 5.351 Edge: 0.306 Con: 0.035 Cls: 1.297 Hist: 0.7633 Path: 0.3900 | 1.6s
  Epoch 297/800 | Total: 5.405 Edge: 0.306 Con: 0.035 Cls: 1.312 Hist: 0.7762 Path: 0.3862 | 1.6s
  Epoch 298/800 | Total: 5.356 Edge: 0.307 Con: 0.034 Cls: 1.297 Hist: 0.7707 Path: 0.3888 | 1.6s
  Epoch 299/800 | Total: 5.382 Edge: 0.311 Con: 0.035 Cls: 1.305 Hist: 0.7677 Path: 0.3899 | 1.6s
  Epoch 300/800 | Total: 5.389 Edge: 0.308 Con: 0.034 Cls: 1.305 Hist: 0.7764 Path: 0.3899 | Val F1: 0.4164 | 1.6s
  Epoch 301/800 | Total: 5.291 Edge: 0.308 Con: 0.035 Cls: 1.279 Hist: 0.7562 Path: 0.3895 | 1.6s
  Epoch 302/800 | Total: 5.332 Edge: 0.307 Con: 0.034 Cls: 1.291 Hist: 0.7659 Path: 0.3866 | 1.6s
  Epoch 303/800 | Total: 5.370 Edge: 0.306 Con: 0.034 Cls: 1.303 Hist: 0.7705 Path: 0.3856 | 1.6s
  Epoch 304/800 | Total: 5.403 Edge: 0.309 Con: 0.035 Cls: 1.310 Hist: 0.7755 Path: 0.3866 | 1.6s
  Epoch 305/800 | Total: 5.442 Edge: 0.318 Con: 0.036 Cls: 1.318 Hist: 0.7772 Path: 0.3930 | Val F1: 0.4110 | 1.6s
  Epoch 306/800 | Total: 5.666 Edge: 0.327 Con: 0.036 Cls: 1.373 Hist: 0.8116 Path: 0.4087 | 1.6s
  Epoch 307/800 | Total: 5.529 Edge: 0.324 Con: 0.036 Cls: 1.335 Hist: 0.7931 Path: 0.4074 | 1.6s
  Epoch 308/800 | Total: 5.581 Edge: 0.316 Con: 0.035 Cls: 1.355 Hist: 0.8002 Path: 0.3996 | 1.5s
  Epoch 309/800 | Total: 5.474 Edge: 0.313 Con: 0.034 Cls: 1.326 Hist: 0.7836 Path: 0.3997 | 1.6s
  Epoch 310/800 | Total: 5.472 Edge: 0.313 Con: 0.035 Cls: 1.326 Hist: 0.7860 Path: 0.3961 | Val F1: 0.4145 | 1.6s
  Epoch 311/800 | Total: 5.492 Edge: 0.312 Con: 0.034 Cls: 1.331 Hist: 0.7924 Path: 0.3951 | 1.6s
  Epoch 312/800 | Total: 5.476 Edge: 0.308 Con: 0.035 Cls: 1.330 Hist: 0.7907 Path: 0.3886 | 1.6s
  Epoch 313/800 | Total: 5.422 Edge: 0.309 Con: 0.034 Cls: 1.315 Hist: 0.7755 Path: 0.3919 | 1.6s
  Epoch 314/800 | Total: 5.318 Edge: 0.311 Con: 0.034 Cls: 1.284 Hist: 0.7575 Path: 0.3971 | 1.6s
  Epoch 315/800 | Total: 5.344 Edge: 0.307 Con: 0.034 Cls: 1.294 Hist: 0.7638 Path: 0.3905 | Val F1: 0.4244 | 1.6s
  Epoch 316/800 | Total: 5.433 Edge: 0.309 Con: 0.035 Cls: 1.319 Hist: 0.7796 Path: 0.3888 | 1.6s
  Epoch 317/800 | Total: 5.453 Edge: 0.308 Con: 0.034 Cls: 1.320 Hist: 0.7884 Path: 0.3955 | 1.6s
  Epoch 318/800 | Total: 5.481 Edge: 0.311 Con: 0.035 Cls: 1.329 Hist: 0.7893 Path: 0.3936 | 1.6s
  Epoch 319/800 | Total: 5.458 Edge: 0.325 Con: 0.035 Cls: 1.319 Hist: 0.7789 Path: 0.3993 | 1.6s
  Epoch 320/800 | Total: 5.431 Edge: 0.323 Con: 0.035 Cls: 1.312 Hist: 0.7763 Path: 0.3961 | Val F1: 0.4091 | 1.7s
  Epoch 321/800 | Total: 5.428 Edge: 0.322 Con: 0.034 Cls: 1.309 Hist: 0.7788 Path: 0.3992 | 1.7s
  Epoch 322/800 | Total: 5.370 Edge: 0.310 Con: 0.034 Cls: 1.299 Hist: 0.7697 Path: 0.3923 | 1.6s
  Epoch 323/800 | Total: 5.377 Edge: 0.311 Con: 0.034 Cls: 1.301 Hist: 0.7693 Path: 0.3946 | 1.6s
  Epoch 324/800 | Total: 5.381 Edge: 0.308 Con: 0.033 Cls: 1.303 Hist: 0.7719 Path: 0.3912 | 1.6s
  Epoch 325/800 | Total: 5.406 Edge: 0.314 Con: 0.034 Cls: 1.308 Hist: 0.7771 Path: 0.3909 | Val F1: 0.4197 | 1.6s
  Epoch 326/800 | Total: 5.335 Edge: 0.309 Con: 0.033 Cls: 1.293 Hist: 0.7641 Path: 0.3844 | 1.7s
  Epoch 327/800 | Total: 5.307 Edge: 0.302 Con: 0.034 Cls: 1.289 Hist: 0.7557 Path: 0.3822 | 1.6s
  Epoch 328/800 | Total: 5.326 Edge: 0.304 Con: 0.034 Cls: 1.291 Hist: 0.7582 Path: 0.3889 | 1.6s
  Epoch 329/800 | Total: 5.303 Edge: 0.301 Con: 0.034 Cls: 1.286 Hist: 0.7596 Path: 0.3829 | 1.6s
  Epoch 330/800 | Total: 5.337 Edge: 0.301 Con: 0.034 Cls: 1.296 Hist: 0.7638 Path: 0.3834 | Val F1: 0.4226 | 1.6s
  Epoch 331/800 | Total: 5.370 Edge: 0.304 Con: 0.033 Cls: 1.305 Hist: 0.7658 Path: 0.3850 | 1.6s
  Epoch 332/800 | Total: 5.363 Edge: 0.311 Con: 0.034 Cls: 1.296 Hist: 0.7731 Path: 0.3911 | 1.7s
  Epoch 333/800 | Total: 5.363 Edge: 0.307 Con: 0.034 Cls: 1.299 Hist: 0.7726 Path: 0.3881 | 1.6s
  Epoch 334/800 | Total: 5.340 Edge: 0.306 Con: 0.034 Cls: 1.294 Hist: 0.7643 Path: 0.3872 | 1.6s
  Epoch 335/800 | Total: 5.336 Edge: 0.307 Con: 0.034 Cls: 1.292 Hist: 0.7625 Path: 0.3897 | Val F1: 0.4288 | 1.6s
  Epoch 336/800 | Total: 5.373 Edge: 0.322 Con: 0.034 Cls: 1.297 Hist: 0.7690 Path: 0.3926 | 1.6s
  Epoch 337/800 | Total: 5.536 Edge: 0.324 Con: 0.033 Cls: 1.336 Hist: 0.7943 Path: 0.4089 | 2.0s
  Epoch 338/800 | Total: 5.379 Edge: 0.317 Con: 0.034 Cls: 1.298 Hist: 0.7711 Path: 0.3978 | 1.9s
  Epoch 339/800 | Total: 5.366 Edge: 0.309 Con: 0.034 Cls: 1.298 Hist: 0.7710 Path: 0.3907 | 2.0s
  Epoch 340/800 | Total: 5.538 Edge: 0.310 Con: 0.033 Cls: 1.343 Hist: 0.8003 Path: 0.3981 | Val F1: 0.4170 | 1.9s
  Epoch 341/800 | Total: 5.454 Edge: 0.315 Con: 0.034 Cls: 1.321 Hist: 0.7835 Path: 0.3937 | 1.9s
  Epoch 342/800 | Total: 5.391 Edge: 0.313 Con: 0.034 Cls: 1.302 Hist: 0.7772 Path: 0.3940 | 2.0s
  Epoch 343/800 | Total: 5.352 Edge: 0.307 Con: 0.034 Cls: 1.296 Hist: 0.7692 Path: 0.3882 | 1.9s
  Epoch 344/800 | Total: 5.391 Edge: 0.303 Con: 0.033 Cls: 1.308 Hist: 0.7799 Path: 0.3843 | 1.9s
  Epoch 345/800 | Total: 5.354 Edge: 0.307 Con: 0.033 Cls: 1.297 Hist: 0.7674 Path: 0.3891 | Val F1: 0.4196 | 2.0s
  Epoch 346/800 | Total: 5.407 Edge: 0.308 Con: 0.033 Cls: 1.312 Hist: 0.7748 Path: 0.3885 | 1.9s
  Epoch 347/800 | Total: 5.361 Edge: 0.306 Con: 0.033 Cls: 1.299 Hist: 0.7649 Path: 0.3920 | 2.0s
  Epoch 348/800 | Total: 5.417 Edge: 0.315 Con: 0.033 Cls: 1.309 Hist: 0.7772 Path: 0.3971 | 2.0s
  Epoch 349/800 | Total: 5.348 Edge: 0.314 Con: 0.033 Cls: 1.291 Hist: 0.7674 Path: 0.3942 | 1.9s
  Epoch 350/800 | Total: 5.328 Edge: 0.311 Con: 0.034 Cls: 1.288 Hist: 0.7608 Path: 0.3906 | Val F1: 0.4266 | 2.0s
  Epoch 351/800 | Total: 5.360 Edge: 0.307 Con: 0.033 Cls: 1.296 Hist: 0.7717 Path: 0.3914 | 2.0s
  Epoch 352/800 | Total: 5.342 Edge: 0.303 Con: 0.033 Cls: 1.295 Hist: 0.7700 Path: 0.3823 | 2.0s
  Epoch 353/800 | Total: 5.324 Edge: 0.304 Con: 0.033 Cls: 1.291 Hist: 0.7622 Path: 0.3837 | 2.0s
  Epoch 354/800 | Total: 5.311 Edge: 0.303 Con: 0.033 Cls: 1.288 Hist: 0.7610 Path: 0.3812 | 2.1s
  Epoch 355/800 | Total: 5.476 Edge: 0.311 Con: 0.033 Cls: 1.329 Hist: 0.7929 Path: 0.3867 | Val F1: 0.4186 | 2.1s
  Epoch 356/800 | Total: 5.382 Edge: 0.317 Con: 0.033 Cls: 1.300 Hist: 0.7728 Path: 0.3934 | 2.0s
  Epoch 357/800 | Total: 5.388 Edge: 0.316 Con: 0.033 Cls: 1.300 Hist: 0.7694 Path: 0.4026 | 2.0s
  Epoch 358/800 | Total: 5.307 Edge: 0.310 Con: 0.033 Cls: 1.281 Hist: 0.7593 Path: 0.3935 | 2.1s
  Epoch 359/800 | Total: 5.306 Edge: 0.301 Con: 0.032 Cls: 1.285 Hist: 0.7623 Path: 0.3862 | 2.0s
  Epoch 360/800 | Total: 5.300 Edge: 0.298 Con: 0.032 Cls: 1.286 Hist: 0.7615 Path: 0.3832 | Val F1: 0.4263 | 2.1s
  Epoch 361/800 | Total: 5.354 Edge: 0.303 Con: 0.033 Cls: 1.299 Hist: 0.7733 Path: 0.3806 | 2.0s
  Epoch 362/800 | Total: 5.369 Edge: 0.307 Con: 0.033 Cls: 1.300 Hist: 0.7752 Path: 0.3855 | 2.1s
  Epoch 363/800 | Total: 5.426 Edge: 0.308 Con: 0.034 Cls: 1.315 Hist: 0.7819 Path: 0.3908 | 2.0s
  Epoch 364/800 | Total: 5.309 Edge: 0.306 Con: 0.033 Cls: 1.285 Hist: 0.7580 Path: 0.3910 | 1.9s
  Epoch 365/800 | Total: 5.361 Edge: 0.306 Con: 0.033 Cls: 1.300 Hist: 0.7648 Path: 0.3908 | Val F1: 0.4135 | 1.9s
  Epoch 366/800 | Total: 5.406 Edge: 0.310 Con: 0.033 Cls: 1.309 Hist: 0.7792 Path: 0.3895 | 2.1s
  Epoch 367/800 | Total: 5.299 Edge: 0.310 Con: 0.033 Cls: 1.282 Hist: 0.7548 Path: 0.3875 | 2.1s
  Epoch 368/800 | Total: 5.480 Edge: 0.310 Con: 0.033 Cls: 1.331 Hist: 0.7881 Path: 0.3888 | 2.0s
  Epoch 369/800 | Total: 5.423 Edge: 0.315 Con: 0.033 Cls: 1.312 Hist: 0.7791 Path: 0.3924 | 2.1s
  Epoch 370/800 | Total: 5.339 Edge: 0.315 Con: 0.033 Cls: 1.290 Hist: 0.7626 Path: 0.3910 | Val F1: 0.4221 | 2.0s
  Epoch 371/800 | Total: 5.411 Edge: 0.309 Con: 0.033 Cls: 1.311 Hist: 0.7802 Path: 0.3872 | 2.1s
  Epoch 372/800 | Total: 5.487 Edge: 0.319 Con: 0.033 Cls: 1.331 Hist: 0.7858 Path: 0.3901 | 2.0s
  Epoch 373/800 | Total: 5.464 Edge: 0.310 Con: 0.032 Cls: 1.327 Hist: 0.7873 Path: 0.3868 | 2.0s
  Epoch 374/800 | Total: 5.420 Edge: 0.312 Con: 0.032 Cls: 1.314 Hist: 0.7812 Path: 0.3857 | 2.0s
  Epoch 375/800 | Total: 5.331 Edge: 0.311 Con: 0.032 Cls: 1.291 Hist: 0.7630 Path: 0.3854 | Val F1: 0.4326 | 2.0s
  Epoch 376/800 | Total: 5.308 Edge: 0.311 Con: 0.033 Cls: 1.282 Hist: 0.7611 Path: 0.3905 | 2.1s
  Epoch 377/800 | Total: 5.408 Edge: 0.309 Con: 0.032 Cls: 1.311 Hist: 0.7767 Path: 0.3877 | 2.0s
  Epoch 378/800 | Total: 5.322 Edge: 0.302 Con: 0.032 Cls: 1.290 Hist: 0.7655 Path: 0.3846 | 2.1s
  Epoch 379/800 | Total: 5.268 Edge: 0.300 Con: 0.032 Cls: 1.276 Hist: 0.7543 Path: 0.3840 | 2.0s
  Epoch 380/800 | Total: 5.252 Edge: 0.298 Con: 0.033 Cls: 1.273 Hist: 0.7511 Path: 0.3830 | Val F1: 0.4270 | 2.0s
  Epoch 381/800 | Total: 5.235 Edge: 0.296 Con: 0.032 Cls: 1.270 Hist: 0.7518 Path: 0.3774 | 2.1s
  Epoch 382/800 | Total: 5.231 Edge: 0.294 Con: 0.032 Cls: 1.271 Hist: 0.7485 Path: 0.3757 | 2.0s
  Epoch 383/800 | Total: 5.278 Edge: 0.296 Con: 0.032 Cls: 1.282 Hist: 0.7599 Path: 0.3764 | 2.0s
  Epoch 384/800 | Total: 5.284 Edge: 0.299 Con: 0.032 Cls: 1.282 Hist: 0.7582 Path: 0.3823 | 2.1s
  Epoch 385/800 | Total: 5.337 Edge: 0.312 Con: 0.033 Cls: 1.290 Hist: 0.7629 Path: 0.3915 | Val F1: 0.4310 | 2.0s
  Epoch 386/800 | Total: 5.291 Edge: 0.312 Con: 0.033 Cls: 1.276 Hist: 0.7544 Path: 0.3964 | 2.0s
  Epoch 387/800 | Total: 5.284 Edge: 0.309 Con: 0.033 Cls: 1.275 Hist: 0.7552 Path: 0.3947 | 2.1s
  Epoch 388/800 | Total: 5.406 Edge: 0.307 Con: 0.032 Cls: 1.310 Hist: 0.7780 Path: 0.3909 | 2.0s
  Epoch 389/800 | Total: 5.502 Edge: 0.315 Con: 0.033 Cls: 1.333 Hist: 0.7904 Path: 0.3968 | 2.1s
  Epoch 390/800 | Total: 5.583 Edge: 0.322 Con: 0.034 Cls: 1.350 Hist: 0.8083 Path: 0.4032 | Val F1: 0.4062 | 2.1s
  Epoch 391/800 | Total: 5.441 Edge: 0.315 Con: 0.034 Cls: 1.317 Hist: 0.7814 Path: 0.3937 | 2.1s
  Epoch 392/800 | Total: 5.363 Edge: 0.310 Con: 0.033 Cls: 1.297 Hist: 0.7725 Path: 0.3911 | 2.1s
  Epoch 393/800 | Total: 5.706 Edge: 0.323 Con: 0.033 Cls: 1.388 Hist: 0.8159 Path: 0.4044 | 2.1s
  Epoch 394/800 | Total: 5.656 Edge: 0.342 Con: 0.033 Cls: 1.362 Hist: 0.8074 Path: 0.4219 | 2.0s
  Epoch 395/800 | Total: 5.543 Edge: 0.340 Con: 0.032 Cls: 1.329 Hist: 0.7949 Path: 0.4214 | Val F1: 0.4108 | 2.0s
  Epoch 396/800 | Total: 5.446 Edge: 0.337 Con: 0.033 Cls: 1.306 Hist: 0.7778 Path: 0.4151 | 2.0s
  Epoch 397/800 | Total: 5.347 Edge: 0.316 Con: 0.033 Cls: 1.288 Hist: 0.7695 Path: 0.3959 | 2.0s
  Epoch 398/800 | Total: 5.354 Edge: 0.309 Con: 0.032 Cls: 1.296 Hist: 0.7652 Path: 0.3913 | 2.1s
  Epoch 399/800 | Total: 5.364 Edge: 0.301 Con: 0.031 Cls: 1.303 Hist: 0.7704 Path: 0.3832 | 2.0s
  Epoch 400/800 | Total: 5.298 Edge: 0.300 Con: 0.032 Cls: 1.286 Hist: 0.7600 Path: 0.3805 | Val F1: 0.4301 | 2.1s
  Epoch 401/800 | Total: 5.343 Edge: 0.300 Con: 0.031 Cls: 1.298 Hist: 0.7684 Path: 0.3805 | 2.0s
  Epoch 402/800 | Total: 5.356 Edge: 0.303 Con: 0.032 Cls: 1.300 Hist: 0.7696 Path: 0.3853 | 2.0s
  Epoch 403/800 | Total: 5.356 Edge: 0.301 Con: 0.032 Cls: 1.298 Hist: 0.7738 Path: 0.3871 | 2.1s
  Epoch 404/800 | Total: 5.303 Edge: 0.298 Con: 0.032 Cls: 1.287 Hist: 0.7579 Path: 0.3840 | 2.1s
  Epoch 405/800 | Total: 5.255 Edge: 0.297 Con: 0.031 Cls: 1.275 Hist: 0.7546 Path: 0.3783 | Val F1: 0.4305 | 2.1s
  Epoch 406/800 | Total: 5.232 Edge: 0.295 Con: 0.031 Cls: 1.271 Hist: 0.7456 Path: 0.3795 | 2.1s
  Epoch 407/800 | Total: 5.390 Edge: 0.303 Con: 0.032 Cls: 1.307 Hist: 0.7798 Path: 0.3853 | 2.0s
  Epoch 408/800 | Total: 5.325 Edge: 0.295 Con: 0.031 Cls: 1.293 Hist: 0.7688 Path: 0.3822 | 2.0s
  Epoch 409/800 | Total: 5.334 Edge: 0.300 Con: 0.032 Cls: 1.294 Hist: 0.7709 Path: 0.3813 | 2.0s
  Epoch 410/800 | Total: 5.294 Edge: 0.298 Con: 0.031 Cls: 1.283 Hist: 0.7627 Path: 0.3829 | Val F1: 0.4295 | 2.1s
  Epoch 411/800 | Total: 5.341 Edge: 0.306 Con: 0.031 Cls: 1.292 Hist: 0.7676 Path: 0.3909 | 2.1s
  Epoch 412/800 | Total: 5.312 Edge: 0.302 Con: 0.032 Cls: 1.286 Hist: 0.7622 Path: 0.3887 | 2.1s
  Epoch 413/800 | Total: 5.265 Edge: 0.299 Con: 0.032 Cls: 1.277 Hist: 0.7535 Path: 0.3821 | 2.0s
  Epoch 414/800 | Total: 5.267 Edge: 0.296 Con: 0.032 Cls: 1.279 Hist: 0.7537 Path: 0.3809 | 2.0s
  Epoch 415/800 | Total: 5.241 Edge: 0.300 Con: 0.032 Cls: 1.269 Hist: 0.7516 Path: 0.3821 | Val F1: 0.4285 | 2.1s
  Epoch 416/800 | Total: 5.273 Edge: 0.303 Con: 0.032 Cls: 1.276 Hist: 0.7564 Path: 0.3852 | 2.0s
  Epoch 417/800 | Total: 5.311 Edge: 0.299 Con: 0.032 Cls: 1.288 Hist: 0.7651 Path: 0.3830 | 2.0s
  Epoch 418/800 | Total: 5.271 Edge: 0.299 Con: 0.032 Cls: 1.280 Hist: 0.7550 Path: 0.3770 | 2.1s
  Epoch 419/800 | Total: 5.306 Edge: 0.300 Con: 0.032 Cls: 1.288 Hist: 0.7647 Path: 0.3769 | 2.0s
  Epoch 420/800 | Total: 5.299 Edge: 0.298 Con: 0.031 Cls: 1.286 Hist: 0.7638 Path: 0.3783 | Val F1: 0.4258 | 2.0s
  Epoch 421/800 | Total: 5.289 Edge: 0.299 Con: 0.032 Cls: 1.283 Hist: 0.7610 Path: 0.3797 | 2.1s
  Epoch 422/800 | Total: 5.298 Edge: 0.298 Con: 0.031 Cls: 1.287 Hist: 0.7580 Path: 0.3824 | 2.0s
  Epoch 423/800 | Total: 5.277 Edge: 0.302 Con: 0.032 Cls: 1.279 Hist: 0.7588 Path: 0.3804 | 2.0s
  Epoch 424/800 | Total: 5.309 Edge: 0.303 Con: 0.032 Cls: 1.288 Hist: 0.7600 Path: 0.3830 | 2.1s
  Epoch 425/800 | Total: 5.354 Edge: 0.303 Con: 0.032 Cls: 1.300 Hist: 0.7722 Path: 0.3782 | Val F1: 0.4257 | 2.0s
  Epoch 426/800 | Total: 5.355 Edge: 0.309 Con: 0.031 Cls: 1.297 Hist: 0.7732 Path: 0.3810 | 2.0s
  Epoch 427/800 | Total: 5.381 Edge: 0.308 Con: 0.032 Cls: 1.305 Hist: 0.7721 Path: 0.3854 | 2.0s
  Epoch 428/800 | Total: 5.329 Edge: 0.300 Con: 0.031 Cls: 1.293 Hist: 0.7654 Path: 0.3838 | 2.1s
  Epoch 429/800 | Total: 5.313 Edge: 0.302 Con: 0.032 Cls: 1.291 Hist: 0.7570 Path: 0.3826 | 2.0s
  Epoch 430/800 | Total: 5.362 Edge: 0.301 Con: 0.031 Cls: 1.301 Hist: 0.7742 Path: 0.3827 | Val F1: 0.4226 | 2.1s
  Epoch 431/800 | Total: 5.353 Edge: 0.304 Con: 0.031 Cls: 1.299 Hist: 0.7675 Path: 0.3855 | 2.1s
  Epoch 432/800 | Total: 5.303 Edge: 0.298 Con: 0.031 Cls: 1.289 Hist: 0.7630 Path: 0.3755 | 2.1s
  Epoch 433/800 | Total: 5.311 Edge: 0.299 Con: 0.031 Cls: 1.290 Hist: 0.7612 Path: 0.3794 | 2.1s
  Epoch 434/800 | Total: 5.268 Edge: 0.295 Con: 0.031 Cls: 1.279 Hist: 0.7614 Path: 0.3763 | 2.0s
  Epoch 435/800 | Total: 5.231 Edge: 0.295 Con: 0.031 Cls: 1.269 Hist: 0.7525 Path: 0.3774 | Val F1: 0.4318 | 2.0s
  Epoch 436/800 | Total: 5.222 Edge: 0.292 Con: 0.031 Cls: 1.270 Hist: 0.7487 Path: 0.3711 | 2.0s
  Epoch 437/800 | Total: 5.164 Edge: 0.290 Con: 0.031 Cls: 1.255 Hist: 0.7376 Path: 0.3721 | 2.0s
  Epoch 438/800 | Total: 5.139 Edge: 0.290 Con: 0.031 Cls: 1.249 Hist: 0.7326 Path: 0.3708 | 2.1s
  Epoch 439/800 | Total: 5.233 Edge: 0.291 Con: 0.031 Cls: 1.272 Hist: 0.7522 Path: 0.3742 | 2.0s
  Epoch 440/800 | Total: 5.231 Edge: 0.294 Con: 0.031 Cls: 1.269 Hist: 0.7520 Path: 0.3782 | Val F1: 0.4243 | 2.0s
  Epoch 441/800 | Total: 5.225 Edge: 0.297 Con: 0.031 Cls: 1.266 Hist: 0.7490 Path: 0.3818 | 2.0s
  Epoch 442/800 | Total: 5.278 Edge: 0.299 Con: 0.031 Cls: 1.279 Hist: 0.7611 Path: 0.3813 | 2.0s
  Epoch 443/800 | Total: 5.249 Edge: 0.300 Con: 0.031 Cls: 1.272 Hist: 0.7528 Path: 0.3817 | 1.7s
  Epoch 444/800 | Total: 5.214 Edge: 0.296 Con: 0.031 Cls: 1.265 Hist: 0.7474 Path: 0.3756 | 2.0s
  Epoch 445/800 | Total: 5.351 Edge: 0.299 Con: 0.031 Cls: 1.300 Hist: 0.7705 Path: 0.3804 | Val F1: 0.4245 | 2.0s
  Epoch 446/800 | Total: 5.394 Edge: 0.308 Con: 0.031 Cls: 1.308 Hist: 0.7774 Path: 0.3845 | 2.0s
  Epoch 447/800 | Total: 5.336 Edge: 0.306 Con: 0.032 Cls: 1.293 Hist: 0.7626 Path: 0.3871 | 2.0s
  Epoch 448/800 | Total: 5.332 Edge: 0.304 Con: 0.031 Cls: 1.292 Hist: 0.7682 Path: 0.3836 | 2.0s
  Epoch 449/800 | Total: 5.343 Edge: 0.299 Con: 0.031 Cls: 1.296 Hist: 0.7731 Path: 0.3830 | 2.1s
  Epoch 450/800 | Total: 5.311 Edge: 0.304 Con: 0.031 Cls: 1.288 Hist: 0.7638 Path: 0.3781 | Val F1: 0.4162 | 2.0s
  Epoch 451/800 | Total: 5.301 Edge: 0.313 Con: 0.031 Cls: 1.279 Hist: 0.7610 Path: 0.3890 | 2.0s
  Epoch 452/800 | Total: 5.383 Edge: 0.311 Con: 0.031 Cls: 1.303 Hist: 0.7729 Path: 0.3901 | 2.0s
  Epoch 453/800 | Total: 5.357 Edge: 0.308 Con: 0.032 Cls: 1.297 Hist: 0.7652 Path: 0.3941 | 1.9s
  Epoch 454/800 | Total: 5.348 Edge: 0.301 Con: 0.031 Cls: 1.298 Hist: 0.7666 Path: 0.3875 | 1.9s
  Epoch 455/800 | Total: 5.319 Edge: 0.298 Con: 0.031 Cls: 1.290 Hist: 0.7671 Path: 0.3824 | Val F1: 0.4218 | 1.9s
  Epoch 456/800 | Total: 5.325 Edge: 0.297 Con: 0.031 Cls: 1.295 Hist: 0.7665 Path: 0.3784 | 2.0s
  Epoch 457/800 | Total: 5.320 Edge: 0.296 Con: 0.031 Cls: 1.293 Hist: 0.7665 Path: 0.3785 | 1.9s
  Epoch 458/800 | Total: 5.315 Edge: 0.295 Con: 0.030 Cls: 1.291 Hist: 0.7671 Path: 0.3821 | 2.0s
  Epoch 459/800 | Total: 5.318 Edge: 0.299 Con: 0.031 Cls: 1.290 Hist: 0.7664 Path: 0.3826 | 2.0s
  Epoch 460/800 | Total: 5.536 Edge: 0.307 Con: 0.031 Cls: 1.351 Hist: 0.7928 Path: 0.3820 | Val F1: 0.4252 | 2.0s
  Epoch 461/800 | Total: 5.511 Edge: 0.308 Con: 0.032 Cls: 1.340 Hist: 0.7934 Path: 0.3908 | 2.1s
  Epoch 462/800 | Total: 5.313 Edge: 0.302 Con: 0.031 Cls: 1.290 Hist: 0.7622 Path: 0.3779 | 2.0s
  Epoch 463/800 | Total: 5.272 Edge: 0.296 Con: 0.031 Cls: 1.279 Hist: 0.7607 Path: 0.3780 | 2.0s
  Epoch 464/800 | Total: 5.306 Edge: 0.294 Con: 0.030 Cls: 1.290 Hist: 0.7624 Path: 0.3794 | 1.9s
  Epoch 465/800 | Total: 5.261 Edge: 0.293 Con: 0.031 Cls: 1.278 Hist: 0.7542 Path: 0.3807 | Val F1: 0.4276 | 2.0s
  Epoch 466/800 | Total: 5.193 Edge: 0.294 Con: 0.030 Cls: 1.258 Hist: 0.7446 Path: 0.3815 | 2.0s
  Epoch 467/800 | Total: 5.177 Edge: 0.293 Con: 0.030 Cls: 1.254 Hist: 0.7425 Path: 0.3785 | 1.9s
  Epoch 468/800 | Total: 5.184 Edge: 0.293 Con: 0.030 Cls: 1.258 Hist: 0.7408 Path: 0.3773 | 2.0s
  Epoch 469/800 | Total: 5.329 Edge: 0.294 Con: 0.030 Cls: 1.298 Hist: 0.7620 Path: 0.3788 | 2.0s
  Epoch 470/800 | Total: 5.289 Edge: 0.299 Con: 0.031 Cls: 1.283 Hist: 0.7562 Path: 0.3854 | Val F1: 0.4330 | 2.0s
  Epoch 471/800 | Total: 5.347 Edge: 0.295 Con: 0.031 Cls: 1.300 Hist: 0.7703 Path: 0.3802 | 2.0s
  Epoch 472/800 | Total: 5.295 Edge: 0.298 Con: 0.031 Cls: 1.286 Hist: 0.7597 Path: 0.3801 | 2.0s
  Epoch 473/800 | Total: 5.261 Edge: 0.299 Con: 0.030 Cls: 1.276 Hist: 0.7541 Path: 0.3806 | 2.0s
  Epoch 474/800 | Total: 5.170 Edge: 0.293 Con: 0.031 Cls: 1.254 Hist: 0.7387 Path: 0.3747 | 2.0s
  Epoch 475/800 | Total: 5.178 Edge: 0.289 Con: 0.030 Cls: 1.257 Hist: 0.7460 Path: 0.3711 | Val F1: 0.4371 | 2.0s
  Epoch 476/800 | Total: 5.144 Edge: 0.288 Con: 0.030 Cls: 1.250 Hist: 0.7347 Path: 0.3714 | 2.0s
  Epoch 477/800 | Total: 5.184 Edge: 0.292 Con: 0.030 Cls: 1.258 Hist: 0.7442 Path: 0.3749 | 2.0s
  Epoch 478/800 | Total: 5.184 Edge: 0.293 Con: 0.030 Cls: 1.258 Hist: 0.7456 Path: 0.3702 | 2.1s
  Epoch 479/800 | Total: 5.155 Edge: 0.292 Con: 0.030 Cls: 1.252 Hist: 0.7380 Path: 0.3688 | 1.2s
  Epoch 480/800 | Total: 5.192 Edge: 0.292 Con: 0.030 Cls: 1.261 Hist: 0.7446 Path: 0.3712 | Val F1: 0.4255 | 1.1s
  Epoch 481/800 | Total: 5.223 Edge: 0.292 Con: 0.030 Cls: 1.269 Hist: 0.7512 Path: 0.3727 | 0.9s
  Epoch 482/800 | Total: 5.246 Edge: 0.292 Con: 0.031 Cls: 1.274 Hist: 0.7590 Path: 0.3744 | 0.9s
  Epoch 483/800 | Total: 5.272 Edge: 0.295 Con: 0.030 Cls: 1.280 Hist: 0.7596 Path: 0.3761 | 0.9s
  Epoch 484/800 | Total: 5.221 Edge: 0.294 Con: 0.031 Cls: 1.266 Hist: 0.7533 Path: 0.3746 | 0.9s
  Epoch 485/800 | Total: 5.242 Edge: 0.303 Con: 0.031 Cls: 1.269 Hist: 0.7506 Path: 0.3808 | Val F1: 0.4269 | 0.9s
  Epoch 486/800 | Total: 5.253 Edge: 0.298 Con: 0.030 Cls: 1.273 Hist: 0.7537 Path: 0.3809 | 0.9s
  Epoch 487/800 | Total: 5.213 Edge: 0.295 Con: 0.030 Cls: 1.263 Hist: 0.7499 Path: 0.3779 | 0.9s
  Epoch 488/800 | Total: 5.226 Edge: 0.298 Con: 0.030 Cls: 1.264 Hist: 0.7518 Path: 0.3844 | 0.9s
  Epoch 489/800 | Total: 5.264 Edge: 0.300 Con: 0.030 Cls: 1.274 Hist: 0.7611 Path: 0.3804 | 0.9s
  Epoch 490/800 | Total: 5.250 Edge: 0.302 Con: 0.031 Cls: 1.272 Hist: 0.7533 Path: 0.3788 | Val F1: 0.4338 | 0.9s
  Epoch 491/800 | Total: 5.223 Edge: 0.294 Con: 0.031 Cls: 1.267 Hist: 0.7510 Path: 0.3772 | 0.9s
  Epoch 492/800 | Total: 5.204 Edge: 0.298 Con: 0.030 Cls: 1.259 Hist: 0.7503 Path: 0.3796 | 0.9s
  Epoch 493/800 | Total: 5.180 Edge: 0.292 Con: 0.030 Cls: 1.257 Hist: 0.7423 Path: 0.3738 | 0.9s
  Epoch 494/800 | Total: 5.270 Edge: 0.295 Con: 0.030 Cls: 1.279 Hist: 0.7612 Path: 0.3761 | 0.9s
  Epoch 495/800 | Total: 5.177 Edge: 0.293 Con: 0.031 Cls: 1.258 Hist: 0.7397 Path: 0.3717 | Val F1: 0.4314 | 0.9s
  Epoch 496/800 | Total: 5.272 Edge: 0.297 Con: 0.030 Cls: 1.280 Hist: 0.7613 Path: 0.3741 | 0.9s
  Epoch 497/800 | Total: 5.288 Edge: 0.295 Con: 0.031 Cls: 1.285 Hist: 0.7598 Path: 0.3793 | 0.9s
  Epoch 498/800 | Total: 5.409 Edge: 0.296 Con: 0.030 Cls: 1.318 Hist: 0.7736 Path: 0.3855 | 0.9s
  Epoch 499/800 | Total: 5.334 Edge: 0.295 Con: 0.031 Cls: 1.297 Hist: 0.7704 Path: 0.3790 | 0.9s
  Epoch 500/800 | Total: 5.373 Edge: 0.297 Con: 0.030 Cls: 1.308 Hist: 0.7709 Path: 0.3814 | Val F1: 0.4289 | 0.9s
  Epoch 501/800 | Total: 5.333 Edge: 0.309 Con: 0.030 Cls: 1.292 Hist: 0.7645 Path: 0.3833 | 0.9s
  Epoch 502/800 | Total: 5.266 Edge: 0.307 Con: 0.030 Cls: 1.275 Hist: 0.7536 Path: 0.3794 | 0.9s
  Epoch 503/800 | Total: 5.316 Edge: 0.303 Con: 0.030 Cls: 1.290 Hist: 0.7627 Path: 0.3811 | 0.9s
  Epoch 504/800 | Total: 5.315 Edge: 0.302 Con: 0.030 Cls: 1.288 Hist: 0.7641 Path: 0.3843 | 0.9s
  Epoch 505/800 | Total: 5.347 Edge: 0.297 Con: 0.030 Cls: 1.298 Hist: 0.7715 Path: 0.3832 | Val F1: 0.4155 | 0.9s
  Epoch 506/800 | Total: 5.333 Edge: 0.298 Con: 0.030 Cls: 1.297 Hist: 0.7642 Path: 0.3808 | 0.9s
  Epoch 507/800 | Total: 5.381 Edge: 0.294 Con: 0.030 Cls: 1.310 Hist: 0.7754 Path: 0.3808 | 0.9s
  Epoch 508/800 | Total: 5.345 Edge: 0.299 Con: 0.030 Cls: 1.294 Hist: 0.7713 Path: 0.3912 | 0.9s
  Epoch 509/800 | Total: 5.317 Edge: 0.303 Con: 0.030 Cls: 1.287 Hist: 0.7636 Path: 0.3891 | 0.9s
  Epoch 510/800 | Total: 5.294 Edge: 0.311 Con: 0.030 Cls: 1.279 Hist: 0.7599 Path: 0.3875 | Val F1: 0.4317 | 0.9s
  Epoch 511/800 | Total: 5.251 Edge: 0.298 Con: 0.030 Cls: 1.273 Hist: 0.7552 Path: 0.3793 | 0.9s
  Epoch 512/800 | Total: 5.263 Edge: 0.304 Con: 0.030 Cls: 1.274 Hist: 0.7545 Path: 0.3819 | 0.9s
  Epoch 513/800 | Total: 5.483 Edge: 0.303 Con: 0.030 Cls: 1.335 Hist: 0.7929 Path: 0.3825 | 0.9s
  Epoch 514/800 | Total: 5.213 Edge: 0.298 Con: 0.030 Cls: 1.263 Hist: 0.7485 Path: 0.3788 | 0.9s
  Epoch 515/800 | Total: 5.224 Edge: 0.297 Con: 0.030 Cls: 1.268 Hist: 0.7496 Path: 0.3746 | Val F1: 0.4167 | 0.9s
  Epoch 516/800 | Total: 5.200 Edge: 0.294 Con: 0.030 Cls: 1.261 Hist: 0.7471 Path: 0.3756 | 0.9s
  Epoch 517/800 | Total: 5.132 Edge: 0.287 Con: 0.030 Cls: 1.246 Hist: 0.7376 Path: 0.3693 | 0.9s
  Epoch 518/800 | Total: 5.126 Edge: 0.286 Con: 0.030 Cls: 1.245 Hist: 0.7358 Path: 0.3687 | 0.9s
  Epoch 519/800 | Total: 5.131 Edge: 0.287 Con: 0.030 Cls: 1.247 Hist: 0.7341 Path: 0.3687 | 0.9s
  Epoch 520/800 | Total: 5.220 Edge: 0.287 Con: 0.030 Cls: 1.270 Hist: 0.7521 Path: 0.3705 | Val F1: 0.4252 | 0.9s
  Epoch 521/800 | Total: 5.229 Edge: 0.292 Con: 0.030 Cls: 1.271 Hist: 0.7505 Path: 0.3730 | 0.9s
  Epoch 522/800 | Total: 5.195 Edge: 0.293 Con: 0.030 Cls: 1.262 Hist: 0.7414 Path: 0.3749 | 0.9s
  Epoch 523/800 | Total: 5.184 Edge: 0.292 Con: 0.030 Cls: 1.258 Hist: 0.7439 Path: 0.3733 | 0.9s
  Epoch 524/800 | Total: 5.213 Edge: 0.297 Con: 0.030 Cls: 1.265 Hist: 0.7462 Path: 0.3752 | 0.9s
  Epoch 525/800 | Total: 5.365 Edge: 0.308 Con: 0.030 Cls: 1.300 Hist: 0.7715 Path: 0.3868 | Val F1: 0.4036 | 0.9s
  Epoch 526/800 | Total: 5.377 Edge: 0.301 Con: 0.030 Cls: 1.306 Hist: 0.7779 Path: 0.3804 | 0.9s
  Epoch 527/800 | Total: 5.261 Edge: 0.295 Con: 0.030 Cls: 1.277 Hist: 0.7537 Path: 0.3806 | 0.9s
  Epoch 528/800 | Total: 5.269 Edge: 0.298 Con: 0.029 Cls: 1.277 Hist: 0.7559 Path: 0.3849 | 0.9s
  Epoch 529/800 | Total: 5.320 Edge: 0.298 Con: 0.030 Cls: 1.290 Hist: 0.7672 Path: 0.3860 | 0.9s
  Epoch 530/800 | Total: 5.279 Edge: 0.294 Con: 0.029 Cls: 1.284 Hist: 0.7594 Path: 0.3741 | Val F1: 0.4307 | 0.9s
  Epoch 531/800 | Total: 5.211 Edge: 0.292 Con: 0.030 Cls: 1.265 Hist: 0.7467 Path: 0.3786 | 0.9s
  Epoch 532/800 | Total: 5.231 Edge: 0.292 Con: 0.030 Cls: 1.273 Hist: 0.7444 Path: 0.3766 | 0.9s
  Epoch 533/800 | Total: 5.142 Edge: 0.288 Con: 0.030 Cls: 1.250 Hist: 0.7357 Path: 0.3701 | 0.9s
  Epoch 534/800 | Total: 5.155 Edge: 0.283 Con: 0.030 Cls: 1.254 Hist: 0.7425 Path: 0.3682 | 0.9s
  Epoch 535/800 | Total: 5.127 Edge: 0.283 Con: 0.029 Cls: 1.245 Hist: 0.7372 Path: 0.3702 | Val F1: 0.4378 | 0.9s
  Epoch 536/800 | Total: 5.163 Edge: 0.286 Con: 0.029 Cls: 1.255 Hist: 0.7402 Path: 0.3723 | 0.9s
  Epoch 537/800 | Total: 5.251 Edge: 0.293 Con: 0.030 Cls: 1.277 Hist: 0.7588 Path: 0.3685 | 0.9s
  Epoch 538/800 | Total: 5.220 Edge: 0.296 Con: 0.030 Cls: 1.267 Hist: 0.7498 Path: 0.3750 | 0.9s
  Epoch 539/800 | Total: 5.282 Edge: 0.294 Con: 0.030 Cls: 1.284 Hist: 0.7616 Path: 0.3758 | 0.9s
  Epoch 540/800 | Total: 5.172 Edge: 0.293 Con: 0.029 Cls: 1.255 Hist: 0.7404 Path: 0.3747 | Val F1: 0.4333 | 0.9s
  Epoch 541/800 | Total: 5.152 Edge: 0.294 Con: 0.029 Cls: 1.249 Hist: 0.7357 Path: 0.3762 | 0.9s
  Epoch 542/800 | Total: 5.135 Edge: 0.289 Con: 0.030 Cls: 1.246 Hist: 0.7344 Path: 0.3748 | 0.9s
  Epoch 543/800 | Total: 5.210 Edge: 0.299 Con: 0.030 Cls: 1.260 Hist: 0.7454 Path: 0.3864 | 0.9s
  Epoch 544/800 | Total: 5.318 Edge: 0.306 Con: 0.029 Cls: 1.287 Hist: 0.7648 Path: 0.3880 | 0.9s
  Epoch 545/800 | Total: 5.247 Edge: 0.300 Con: 0.030 Cls: 1.270 Hist: 0.7548 Path: 0.3830 | Val F1: 0.4298 | 0.9s
  Epoch 546/800 | Total: 5.299 Edge: 0.296 Con: 0.030 Cls: 1.286 Hist: 0.7646 Path: 0.3793 | 0.9s
  Epoch 547/800 | Total: 5.265 Edge: 0.294 Con: 0.030 Cls: 1.277 Hist: 0.7620 Path: 0.3773 | 0.9s
  Epoch 548/800 | Total: 5.256 Edge: 0.293 Con: 0.029 Cls: 1.277 Hist: 0.7573 Path: 0.3756 | 0.9s
  Epoch 549/800 | Total: 5.260 Edge: 0.296 Con: 0.030 Cls: 1.277 Hist: 0.7563 Path: 0.3769 | 0.9s
  Epoch 550/800 | Total: 5.265 Edge: 0.308 Con: 0.030 Cls: 1.273 Hist: 0.7514 Path: 0.3864 | Val F1: 0.4397 | 0.9s
  Epoch 551/800 | Total: 5.211 Edge: 0.300 Con: 0.030 Cls: 1.263 Hist: 0.7483 Path: 0.3745 | 0.9s
  Epoch 552/800 | Total: 5.149 Edge: 0.292 Con: 0.030 Cls: 1.249 Hist: 0.7354 Path: 0.3737 | 0.9s
  Epoch 553/800 | Total: 5.200 Edge: 0.294 Con: 0.029 Cls: 1.262 Hist: 0.7454 Path: 0.3738 | 0.9s
  Epoch 554/800 | Total: 5.247 Edge: 0.292 Con: 0.030 Cls: 1.275 Hist: 0.7564 Path: 0.3729 | 0.9s
  Epoch 555/800 | Total: 5.203 Edge: 0.291 Con: 0.029 Cls: 1.264 Hist: 0.7518 Path: 0.3687 | Val F1: 0.4343 | 0.9s
  Epoch 556/800 | Total: 5.174 Edge: 0.293 Con: 0.030 Cls: 1.256 Hist: 0.7394 Path: 0.3728 | 0.9s
  Epoch 557/800 | Total: 5.182 Edge: 0.296 Con: 0.029 Cls: 1.258 Hist: 0.7388 Path: 0.3733 | 0.9s
  Epoch 558/800 | Total: 5.191 Edge: 0.288 Con: 0.029 Cls: 1.261 Hist: 0.7479 Path: 0.3714 | 0.9s
  Epoch 559/800 | Total: 5.196 Edge: 0.292 Con: 0.029 Cls: 1.262 Hist: 0.7439 Path: 0.3744 | 0.9s
  Epoch 560/800 | Total: 5.168 Edge: 0.288 Con: 0.029 Cls: 1.256 Hist: 0.7454 Path: 0.3673 | Val F1: 0.4287 | 0.9s
  Epoch 561/800 | Total: 5.225 Edge: 0.290 Con: 0.029 Cls: 1.270 Hist: 0.7519 Path: 0.3736 | 0.9s
  Epoch 562/800 | Total: 5.255 Edge: 0.296 Con: 0.030 Cls: 1.274 Hist: 0.7555 Path: 0.3817 | 0.9s
  Epoch 563/800 | Total: 5.393 Edge: 0.302 Con: 0.030 Cls: 1.310 Hist: 0.7723 Path: 0.3885 | 0.9s
  Epoch 564/800 | Total: 5.689 Edge: 0.307 Con: 0.031 Cls: 1.389 Hist: 0.8193 Path: 0.3962 | 0.9s
  Epoch 565/800 | Total: 5.839 Edge: 0.325 Con: 0.032 Cls: 1.417 Hist: 0.8476 Path: 0.4164 | Val F1: 0.4055 | 0.9s
  Epoch 566/800 | Total: 5.534 Edge: 0.318 Con: 0.032 Cls: 1.335 Hist: 0.8002 Path: 0.4098 | 0.9s
  Epoch 567/800 | Total: 5.590 Edge: 0.316 Con: 0.030 Cls: 1.353 Hist: 0.8163 Path: 0.3981 | 0.9s
  Epoch 568/800 | Total: 5.295 Edge: 0.298 Con: 0.029 Cls: 1.283 Hist: 0.7645 Path: 0.3830 | 0.9s
  Epoch 569/800 | Total: 5.223 Edge: 0.292 Con: 0.029 Cls: 1.268 Hist: 0.7526 Path: 0.3750 | 0.9s
  Epoch 570/800 | Total: 5.247 Edge: 0.291 Con: 0.029 Cls: 1.275 Hist: 0.7582 Path: 0.3720 | Val F1: 0.4307 | 0.9s
  Epoch 571/800 | Total: 5.331 Edge: 0.289 Con: 0.029 Cls: 1.296 Hist: 0.7816 Path: 0.3738 | 0.9s
  Epoch 572/800 | Total: 5.311 Edge: 0.300 Con: 0.029 Cls: 1.289 Hist: 0.7680 Path: 0.3768 | 0.9s
  Epoch 573/800 | Total: 5.252 Edge: 0.309 Con: 0.029 Cls: 1.271 Hist: 0.7533 Path: 0.3776 | 0.9s
  Epoch 574/800 | Total: 5.208 Edge: 0.299 Con: 0.029 Cls: 1.262 Hist: 0.7485 Path: 0.3749 | 0.9s
  Epoch 575/800 | Total: 5.122 Edge: 0.290 Con: 0.029 Cls: 1.243 Hist: 0.7348 Path: 0.3684 | Val F1: 0.4433 | 0.9s
  Epoch 576/800 | Total: 5.146 Edge: 0.287 Con: 0.029 Cls: 1.250 Hist: 0.7373 Path: 0.3719 | 0.9s
  Epoch 577/800 | Total: 5.123 Edge: 0.284 Con: 0.029 Cls: 1.245 Hist: 0.7329 Path: 0.3698 | 0.9s
  Epoch 578/800 | Total: 5.192 Edge: 0.289 Con: 0.029 Cls: 1.262 Hist: 0.7447 Path: 0.3727 | 0.9s
  Epoch 579/800 | Total: 5.317 Edge: 0.294 Con: 0.029 Cls: 1.293 Hist: 0.7675 Path: 0.3763 | 0.9s
  Epoch 580/800 | Total: 5.202 Edge: 0.292 Con: 0.030 Cls: 1.263 Hist: 0.7462 Path: 0.3753 | Val F1: 0.4419 | 0.9s
  Epoch 581/800 | Total: 5.365 Edge: 0.296 Con: 0.029 Cls: 1.305 Hist: 0.7739 Path: 0.3802 | 0.9s
  Epoch 582/800 | Total: 5.322 Edge: 0.300 Con: 0.029 Cls: 1.290 Hist: 0.7655 Path: 0.3863 | 0.9s
  Epoch 583/800 | Total: 5.320 Edge: 0.294 Con: 0.030 Cls: 1.293 Hist: 0.7662 Path: 0.3813 | 0.9s
  Epoch 584/800 | Total: 5.216 Edge: 0.294 Con: 0.029 Cls: 1.265 Hist: 0.7479 Path: 0.3776 | 0.9s
  Epoch 585/800 | Total: 5.178 Edge: 0.288 Con: 0.029 Cls: 1.259 Hist: 0.7430 Path: 0.3706 | Val F1: 0.4281 | 0.9s
  Epoch 586/800 | Total: 5.191 Edge: 0.291 Con: 0.030 Cls: 1.261 Hist: 0.7437 Path: 0.3750 | 0.9s
  Epoch 587/800 | Total: 5.207 Edge: 0.291 Con: 0.029 Cls: 1.264 Hist: 0.7499 Path: 0.3752 | 0.9s
  Epoch 588/800 | Total: 5.151 Edge: 0.291 Con: 0.029 Cls: 1.250 Hist: 0.7358 Path: 0.3726 | 0.9s
  Epoch 589/800 | Total: 5.184 Edge: 0.287 Con: 0.029 Cls: 1.260 Hist: 0.7493 Path: 0.3681 | 0.9s
  Epoch 590/800 | Total: 5.186 Edge: 0.288 Con: 0.029 Cls: 1.260 Hist: 0.7478 Path: 0.3716 | Val F1: 0.4321 | 0.9s
  Epoch 591/800 | Total: 5.146 Edge: 0.285 Con: 0.029 Cls: 1.251 Hist: 0.7402 Path: 0.3680 | 0.9s
  Epoch 592/800 | Total: 5.143 Edge: 0.282 Con: 0.029 Cls: 1.252 Hist: 0.7403 Path: 0.3641 | 0.9s
  Epoch 593/800 | Total: 5.115 Edge: 0.283 Con: 0.029 Cls: 1.246 Hist: 0.7328 Path: 0.3625 | 0.9s
  Epoch 594/800 | Total: 5.187 Edge: 0.281 Con: 0.029 Cls: 1.266 Hist: 0.7442 Path: 0.3646 | 0.9s
  Epoch 595/800 | Total: 5.195 Edge: 0.291 Con: 0.029 Cls: 1.263 Hist: 0.7445 Path: 0.3693 | Val F1: 0.4414 | 0.9s
  Epoch 596/800 | Total: 5.246 Edge: 0.287 Con: 0.029 Cls: 1.277 Hist: 0.7528 Path: 0.3755 | 0.9s
  Epoch 597/800 | Total: 5.394 Edge: 0.299 Con: 0.029 Cls: 1.312 Hist: 0.7781 Path: 0.3812 | 0.9s
  Epoch 598/800 | Total: 5.207 Edge: 0.291 Con: 0.030 Cls: 1.266 Hist: 0.7463 Path: 0.3724 | 0.9s
  Epoch 599/800 | Total: 5.216 Edge: 0.291 Con: 0.029 Cls: 1.267 Hist: 0.7494 Path: 0.3730 | 0.9s
  Epoch 600/800 | Total: 5.144 Edge: 0.289 Con: 0.029 Cls: 1.249 Hist: 0.7389 Path: 0.3703 | Val F1: 0.4363 | 0.9s
  Epoch 601/800 | Total: 5.140 Edge: 0.294 Con: 0.029 Cls: 1.243 Hist: 0.7380 Path: 0.3774 | 0.9s
  Epoch 602/800 | Total: 5.182 Edge: 0.291 Con: 0.029 Cls: 1.257 Hist: 0.7462 Path: 0.3737 | 0.9s
  Epoch 603/800 | Total: 5.248 Edge: 0.295 Con: 0.029 Cls: 1.275 Hist: 0.7498 Path: 0.3780 | 0.9s
  Epoch 604/800 | Total: 5.276 Edge: 0.291 Con: 0.029 Cls: 1.284 Hist: 0.7565 Path: 0.3757 | 0.9s
  Epoch 605/800 | Total: 5.314 Edge: 0.294 Con: 0.029 Cls: 1.291 Hist: 0.7693 Path: 0.3779 | Val F1: 0.4299 | 0.9s
  Epoch 606/800 | Total: 5.296 Edge: 0.292 Con: 0.029 Cls: 1.287 Hist: 0.7657 Path: 0.3780 | 0.9s
  Epoch 607/800 | Total: 5.222 Edge: 0.287 Con: 0.029 Cls: 1.270 Hist: 0.7520 Path: 0.3739 | 0.9s
  Epoch 608/800 | Total: 5.188 Edge: 0.289 Con: 0.029 Cls: 1.260 Hist: 0.7465 Path: 0.3730 | 0.9s
  Epoch 609/800 | Total: 5.173 Edge: 0.296 Con: 0.029 Cls: 1.253 Hist: 0.7428 Path: 0.3762 | 0.9s
  Epoch 610/800 | Total: 5.129 Edge: 0.286 Con: 0.029 Cls: 1.245 Hist: 0.7381 Path: 0.3690 | Val F1: 0.4392 | 0.9s
  Epoch 611/800 | Total: 5.127 Edge: 0.288 Con: 0.028 Cls: 1.245 Hist: 0.7341 Path: 0.3704 | 0.9s
  Epoch 612/800 | Total: 5.162 Edge: 0.287 Con: 0.028 Cls: 1.256 Hist: 0.7355 Path: 0.3708 | 0.9s
  Epoch 613/800 | Total: 5.199 Edge: 0.288 Con: 0.028 Cls: 1.266 Hist: 0.7471 Path: 0.3658 | 0.9s
  Epoch 614/800 | Total: 5.140 Edge: 0.286 Con: 0.029 Cls: 1.249 Hist: 0.7382 Path: 0.3678 | 0.9s
  Epoch 615/800 | Total: 5.100 Edge: 0.288 Con: 0.029 Cls: 1.238 Hist: 0.7312 Path: 0.3682 | Val F1: 0.4416 | 0.9s
  Epoch 616/800 | Total: 5.119 Edge: 0.283 Con: 0.028 Cls: 1.244 Hist: 0.7376 Path: 0.3674 | 0.9s
  Epoch 617/800 | Total: 5.081 Edge: 0.281 Con: 0.028 Cls: 1.236 Hist: 0.7278 Path: 0.3635 | 0.9s
  Epoch 618/800 | Total: 5.142 Edge: 0.285 Con: 0.028 Cls: 1.250 Hist: 0.7387 Path: 0.3674 | 0.9s
  Epoch 619/800 | Total: 5.097 Edge: 0.283 Con: 0.029 Cls: 1.239 Hist: 0.7320 Path: 0.3667 | 0.9s
  Epoch 620/800 | Total: 5.082 Edge: 0.283 Con: 0.029 Cls: 1.235 Hist: 0.7282 Path: 0.3660 | Val F1: 0.4500 | 0.9s
  Epoch 621/800 | Total: 5.150 Edge: 0.289 Con: 0.029 Cls: 1.251 Hist: 0.7370 Path: 0.3723 | 0.9s
  Epoch 622/800 | Total: 5.169 Edge: 0.294 Con: 0.029 Cls: 1.252 Hist: 0.7378 Path: 0.3798 | 0.9s
  Epoch 623/800 | Total: 5.142 Edge: 0.292 Con: 0.029 Cls: 1.247 Hist: 0.7359 Path: 0.3736 | 0.9s
  Epoch 624/800 | Total: 5.179 Edge: 0.292 Con: 0.028 Cls: 1.258 Hist: 0.7416 Path: 0.3734 | 0.9s
  Epoch 625/800 | Total: 5.192 Edge: 0.297 Con: 0.029 Cls: 1.260 Hist: 0.7433 Path: 0.3714 | Val F1: 0.4398 | 0.9s
  Epoch 626/800 | Total: 5.216 Edge: 0.298 Con: 0.028 Cls: 1.265 Hist: 0.7488 Path: 0.3758 | 0.9s
  Epoch 627/800 | Total: 5.192 Edge: 0.298 Con: 0.029 Cls: 1.260 Hist: 0.7414 Path: 0.3743 | 0.9s
  Epoch 628/800 | Total: 5.260 Edge: 0.291 Con: 0.029 Cls: 1.278 Hist: 0.7600 Path: 0.3752 | 0.9s
  Epoch 629/800 | Total: 5.232 Edge: 0.292 Con: 0.030 Cls: 1.270 Hist: 0.7527 Path: 0.3769 | 0.9s
  Epoch 630/800 | Total: 5.176 Edge: 0.286 Con: 0.028 Cls: 1.258 Hist: 0.7438 Path: 0.3724 | Val F1: 0.4335 | 0.9s
  Epoch 631/800 | Total: 5.261 Edge: 0.298 Con: 0.029 Cls: 1.277 Hist: 0.7556 Path: 0.3761 | 0.9s
  Epoch 632/800 | Total: 5.403 Edge: 0.304 Con: 0.031 Cls: 1.312 Hist: 0.7765 Path: 0.3867 | 0.9s
  Epoch 633/800 | Total: 5.371 Edge: 0.308 Con: 0.030 Cls: 1.299 Hist: 0.7708 Path: 0.3936 | 0.9s
  Epoch 634/800 | Total: 5.221 Edge: 0.309 Con: 0.030 Cls: 1.257 Hist: 0.7505 Path: 0.3919 | 0.9s
  Epoch 635/800 | Total: 5.179 Edge: 0.298 Con: 0.029 Cls: 1.252 Hist: 0.7448 Path: 0.3804 | Val F1: 0.4397 | 0.9s
  Epoch 636/800 | Total: 5.136 Edge: 0.289 Con: 0.028 Cls: 1.247 Hist: 0.7390 Path: 0.3681 | 0.9s
  Epoch 637/800 | Total: 5.179 Edge: 0.284 Con: 0.028 Cls: 1.261 Hist: 0.7428 Path: 0.3690 | 0.9s
  Epoch 638/800 | Total: 5.071 Edge: 0.282 Con: 0.028 Cls: 1.233 Hist: 0.7255 Path: 0.3660 | 0.9s
  Epoch 639/800 | Total: 5.094 Edge: 0.283 Con: 0.028 Cls: 1.239 Hist: 0.7333 Path: 0.3614 | 0.9s
  Epoch 640/800 | Total: 5.086 Edge: 0.280 Con: 0.028 Cls: 1.238 Hist: 0.7294 Path: 0.3636 | Val F1: 0.4409 | 0.9s
  Epoch 641/800 | Total: 5.059 Edge: 0.282 Con: 0.029 Cls: 1.229 Hist: 0.7262 Path: 0.3623 | 0.9s
  Epoch 642/800 | Total: 5.102 Edge: 0.284 Con: 0.029 Cls: 1.241 Hist: 0.7322 Path: 0.3617 | 0.9s
  Epoch 643/800 | Total: 5.126 Edge: 0.283 Con: 0.029 Cls: 1.247 Hist: 0.7355 Path: 0.3652 | 0.9s
  Epoch 644/800 | Total: 5.196 Edge: 0.284 Con: 0.029 Cls: 1.265 Hist: 0.7505 Path: 0.3679 | 0.9s
  Epoch 645/800 | Total: 5.179 Edge: 0.283 Con: 0.029 Cls: 1.262 Hist: 0.7416 Path: 0.3689 | Val F1: 0.4376 | 0.9s
  Epoch 646/800 | Total: 5.148 Edge: 0.287 Con: 0.029 Cls: 1.250 Hist: 0.7407 Path: 0.3721 | 0.9s
  Epoch 647/800 | Total: 5.187 Edge: 0.291 Con: 0.029 Cls: 1.259 Hist: 0.7447 Path: 0.3752 | 0.9s
  Epoch 648/800 | Total: 5.181 Edge: 0.293 Con: 0.029 Cls: 1.257 Hist: 0.7464 Path: 0.3703 | 0.9s
  Epoch 649/800 | Total: 5.389 Edge: 0.289 Con: 0.029 Cls: 1.316 Hist: 0.7800 Path: 0.3731 | 0.9s
  Epoch 650/800 | Total: 5.232 Edge: 0.295 Con: 0.029 Cls: 1.269 Hist: 0.7508 Path: 0.3798 | Val F1: 0.4326 | 0.9s
  Epoch 651/800 | Total: 5.200 Edge: 0.293 Con: 0.029 Cls: 1.259 Hist: 0.7441 Path: 0.3853 | 0.9s
  Epoch 652/800 | Total: 5.164 Edge: 0.286 Con: 0.029 Cls: 1.256 Hist: 0.7423 Path: 0.3681 | 0.9s
  Epoch 653/800 | Total: 5.183 Edge: 0.292 Con: 0.028 Cls: 1.257 Hist: 0.7401 Path: 0.3799 | 0.9s
  Epoch 654/800 | Total: 5.171 Edge: 0.288 Con: 0.029 Cls: 1.256 Hist: 0.7432 Path: 0.3723 | 0.9s
  Epoch 655/800 | Total: 5.242 Edge: 0.290 Con: 0.029 Cls: 1.276 Hist: 0.7564 Path: 0.3681 | Val F1: 0.4288 | 0.9s
  Epoch 656/800 | Total: 5.204 Edge: 0.286 Con: 0.029 Cls: 1.266 Hist: 0.7492 Path: 0.3715 | 0.9s
  Epoch 657/800 | Total: 5.189 Edge: 0.290 Con: 0.029 Cls: 1.260 Hist: 0.7474 Path: 0.3717 | 0.9s
  Epoch 658/800 | Total: 5.172 Edge: 0.292 Con: 0.029 Cls: 1.254 Hist: 0.7444 Path: 0.3733 | 0.9s
  Epoch 659/800 | Total: 5.203 Edge: 0.286 Con: 0.029 Cls: 1.267 Hist: 0.7434 Path: 0.3716 | 0.9s
  Epoch 660/800 | Total: 5.119 Edge: 0.284 Con: 0.029 Cls: 1.244 Hist: 0.7354 Path: 0.3671 | Val F1: 0.4478 | 0.9s
  Epoch 661/800 | Total: 5.126 Edge: 0.284 Con: 0.028 Cls: 1.247 Hist: 0.7370 Path: 0.3651 | 0.9s
  Epoch 662/800 | Total: 5.049 Edge: 0.285 Con: 0.028 Cls: 1.226 Hist: 0.7239 Path: 0.3633 | 0.9s
  Epoch 663/800 | Total: 5.071 Edge: 0.287 Con: 0.028 Cls: 1.230 Hist: 0.7289 Path: 0.3652 | 0.9s
  Epoch 664/800 | Total: 5.099 Edge: 0.282 Con: 0.028 Cls: 1.240 Hist: 0.7339 Path: 0.3630 | 0.9s
  Epoch 665/800 | Total: 5.100 Edge: 0.283 Con: 0.029 Cls: 1.239 Hist: 0.7341 Path: 0.3664 | Val F1: 0.4418 | 0.9s
  Epoch 666/800 | Total: 5.186 Edge: 0.290 Con: 0.028 Cls: 1.258 Hist: 0.7487 Path: 0.3738 | 0.9s
  Epoch 667/800 | Total: 5.239 Edge: 0.291 Con: 0.028 Cls: 1.274 Hist: 0.7520 Path: 0.3748 | 0.9s
  Epoch 668/800 | Total: 5.259 Edge: 0.291 Con: 0.029 Cls: 1.278 Hist: 0.7623 Path: 0.3733 | 0.9s
  Epoch 669/800 | Total: 5.250 Edge: 0.288 Con: 0.029 Cls: 1.276 Hist: 0.7589 Path: 0.3741 | 0.9s
  Epoch 670/800 | Total: 5.630 Edge: 0.302 Con: 0.030 Cls: 1.373 Hist: 0.8208 Path: 0.3881 | Val F1: 0.3996 | 0.9s
  Epoch 671/800 | Total: 5.705 Edge: 0.321 Con: 0.031 Cls: 1.383 Hist: 0.8265 Path: 0.4085 | 0.9s
  Epoch 672/800 | Total: 5.682 Edge: 0.331 Con: 0.031 Cls: 1.371 Hist: 0.8261 Path: 0.4126 | 0.9s
  Epoch 673/800 | Total: 5.556 Edge: 0.346 Con: 0.031 Cls: 1.328 Hist: 0.7981 Path: 0.4270 | 0.9s
  Epoch 674/800 | Total: 5.356 Edge: 0.314 Con: 0.031 Cls: 1.294 Hist: 0.7694 Path: 0.3914 | 0.9s
  Epoch 675/800 | Total: 5.319 Edge: 0.314 Con: 0.031 Cls: 1.282 Hist: 0.7623 Path: 0.3949 | Val F1: 0.4333 | 0.9s
  Epoch 676/800 | Total: 5.254 Edge: 0.304 Con: 0.029 Cls: 1.271 Hist: 0.7535 Path: 0.3839 | 0.9s
  Epoch 677/800 | Total: 5.192 Edge: 0.294 Con: 0.029 Cls: 1.258 Hist: 0.7444 Path: 0.3782 | 0.9s
  Epoch 678/800 | Total: 5.123 Edge: 0.287 Con: 0.028 Cls: 1.243 Hist: 0.7353 Path: 0.3705 | 0.9s
  Epoch 679/800 | Total: 5.107 Edge: 0.282 Con: 0.028 Cls: 1.241 Hist: 0.7330 Path: 0.3670 | 0.9s
  Epoch 680/800 | Total: 5.114 Edge: 0.287 Con: 0.029 Cls: 1.242 Hist: 0.7308 Path: 0.3688 | Val F1: 0.4463 | 0.9s
  Epoch 681/800 | Total: 5.140 Edge: 0.284 Con: 0.028 Cls: 1.249 Hist: 0.7430 Path: 0.3673 | 0.9s
  Epoch 682/800 | Total: 5.114 Edge: 0.283 Con: 0.028 Cls: 1.243 Hist: 0.7363 Path: 0.3649 | 0.9s
  Epoch 683/800 | Total: 5.168 Edge: 0.284 Con: 0.028 Cls: 1.258 Hist: 0.7428 Path: 0.3663 | 0.9s
  Epoch 684/800 | Total: 5.141 Edge: 0.282 Con: 0.028 Cls: 1.252 Hist: 0.7375 Path: 0.3641 | 0.9s
  Epoch 685/800 | Total: 5.134 Edge: 0.283 Con: 0.028 Cls: 1.248 Hist: 0.7425 Path: 0.3646 | Val F1: 0.4443 | 1.0s
  Epoch 686/800 | Total: 5.158 Edge: 0.284 Con: 0.029 Cls: 1.256 Hist: 0.7432 Path: 0.3640 | 0.9s
  Epoch 687/800 | Total: 5.205 Edge: 0.287 Con: 0.028 Cls: 1.267 Hist: 0.7477 Path: 0.3687 | 0.9s
  Epoch 688/800 | Total: 5.213 Edge: 0.287 Con: 0.029 Cls: 1.269 Hist: 0.7484 Path: 0.3717 | 0.9s
  Epoch 689/800 | Total: 5.227 Edge: 0.284 Con: 0.029 Cls: 1.271 Hist: 0.7607 Path: 0.3690 | 1.0s
  Epoch 690/800 | Total: 5.248 Edge: 0.287 Con: 0.029 Cls: 1.276 Hist: 0.7578 Path: 0.3743 | Val F1: 0.4344 | 0.9s
  Epoch 691/800 | Total: 5.173 Edge: 0.286 Con: 0.028 Cls: 1.257 Hist: 0.7444 Path: 0.3703 | 0.9s
  Epoch 692/800 | Total: 5.141 Edge: 0.285 Con: 0.028 Cls: 1.250 Hist: 0.7390 Path: 0.3661 | 0.9s
  Epoch 693/800 | Total: 5.179 Edge: 0.285 Con: 0.029 Cls: 1.259 Hist: 0.7448 Path: 0.3733 | 0.9s
  Epoch 694/800 | Total: 5.238 Edge: 0.289 Con: 0.029 Cls: 1.276 Hist: 0.7486 Path: 0.3738 | 0.9s
  Epoch 695/800 | Total: 5.347 Edge: 0.292 Con: 0.028 Cls: 1.301 Hist: 0.7727 Path: 0.3784 | Val F1: 0.4184 | 1.0s
  Epoch 696/800 | Total: 5.479 Edge: 0.304 Con: 0.030 Cls: 1.331 Hist: 0.7937 Path: 0.3869 | 0.9s
  Epoch 697/800 | Total: 5.313 Edge: 0.300 Con: 0.029 Cls: 1.288 Hist: 0.7627 Path: 0.3860 | 0.9s
  Epoch 698/800 | Total: 5.230 Edge: 0.297 Con: 0.029 Cls: 1.266 Hist: 0.7524 Path: 0.3830 | 0.9s
  Epoch 699/800 | Total: 5.187 Edge: 0.297 Con: 0.028 Cls: 1.256 Hist: 0.7423 Path: 0.3796 | 0.9s
  Epoch 700/800 | Total: 5.156 Edge: 0.300 Con: 0.028 Cls: 1.247 Hist: 0.7367 Path: 0.3784 | Val F1: 0.4397 | 0.9s
  Epoch 701/800 | Total: 5.113 Edge: 0.288 Con: 0.028 Cls: 1.240 Hist: 0.7332 Path: 0.3702 | 0.9s
  Epoch 702/800 | Total: 5.080 Edge: 0.289 Con: 0.028 Cls: 1.231 Hist: 0.7288 Path: 0.3685 | 0.9s
  Epoch 703/800 | Total: 5.107 Edge: 0.287 Con: 0.028 Cls: 1.240 Hist: 0.7327 Path: 0.3676 | 0.9s
  Epoch 704/800 | Total: 5.120 Edge: 0.282 Con: 0.028 Cls: 1.245 Hist: 0.7376 Path: 0.3658 | 1.0s
  Epoch 705/800 | Total: 5.162 Edge: 0.282 Con: 0.028 Cls: 1.256 Hist: 0.7456 Path: 0.3662 | Val F1: 0.4342 | 0.9s
  Epoch 706/800 | Total: 5.104 Edge: 0.278 Con: 0.028 Cls: 1.244 Hist: 0.7330 Path: 0.3605 | 0.9s
  Epoch 707/800 | Total: 5.083 Edge: 0.281 Con: 0.028 Cls: 1.235 Hist: 0.7325 Path: 0.3638 | 0.9s
  Epoch 708/800 | Total: 5.110 Edge: 0.287 Con: 0.029 Cls: 1.241 Hist: 0.7332 Path: 0.3667 | 0.9s
  Epoch 709/800 | Total: 5.079 Edge: 0.284 Con: 0.028 Cls: 1.233 Hist: 0.7308 Path: 0.3650 | 1.0s
  Epoch 710/800 | Total: 5.111 Edge: 0.281 Con: 0.028 Cls: 1.244 Hist: 0.7378 Path: 0.3615 | Val F1: 0.4394 | 0.9s
  Epoch 711/800 | Total: 5.208 Edge: 0.288 Con: 0.029 Cls: 1.265 Hist: 0.7516 Path: 0.3721 | 0.9s
  Epoch 712/800 | Total: 5.296 Edge: 0.292 Con: 0.028 Cls: 1.287 Hist: 0.7706 Path: 0.3731 | 1.0s
  Epoch 713/800 | Total: 5.291 Edge: 0.302 Con: 0.029 Cls: 1.280 Hist: 0.7594 Path: 0.3901 | 0.9s
  Epoch 714/800 | Total: 5.447 Edge: 0.322 Con: 0.029 Cls: 1.319 Hist: 0.7719 Path: 0.3953 | 0.9s
  Epoch 715/800 | Total: 5.269 Edge: 0.310 Con: 0.029 Cls: 1.274 Hist: 0.7567 Path: 0.3787 | Val F1: 0.4334 | 1.0s
  Epoch 716/800 | Total: 5.172 Edge: 0.296 Con: 0.028 Cls: 1.252 Hist: 0.7398 Path: 0.3795 | 0.9s
  Epoch 717/800 | Total: 5.120 Edge: 0.283 Con: 0.028 Cls: 1.244 Hist: 0.7377 Path: 0.3677 | 0.9s
  Epoch 718/800 | Total: 5.133 Edge: 0.285 Con: 0.028 Cls: 1.247 Hist: 0.7399 Path: 0.3681 | 1.0s
  Epoch 719/800 | Total: 5.102 Edge: 0.287 Con: 0.029 Cls: 1.239 Hist: 0.7339 Path: 0.3652 | 0.9s
  Epoch 720/800 | Total: 5.125 Edge: 0.286 Con: 0.028 Cls: 1.245 Hist: 0.7352 Path: 0.3673 | Val F1: 0.4366 | 1.0s
  Early stopping at epoch 720
  Best Val F1: 0.4500 | Test F1: 0.4527
  Total training time: 1369.1s (22.8 min)

======================================================================
  Val  Macro-F1: 0.4500
  Test Macro-F1: 0.4527
  Test Accuracy: 0.6685
  Time: 1371.2s
  Peak GPU mem: 1.24 GB
======================================================================

  Results saved to: results/NESS_ogbn-arxiv_MCAR_0.6_20260725_125214
