/home/erfan/MATE/venv/lib/python3.13/site-packages/outdated/__init__.py:36: UserWarning: pkg_resources is deprecated as an API. See https://setuptools.pypa.io/en/latest/pkg_resources.html. The pkg_resources package is slated for removal as early as 2025-11-30. Refrain from using this package or pin to Setuptools<81.
  from pkg_resources import parse_version
/home/erfan/MATE/ogbn_benchmarks/data_loader.py:96: UserWarning: Sparse invariant checks are implicitly disabled. Memory errors (e.g. SEGFAULT) will occur when operating on a sparse tensor which violates the invariants, but checks incur performance overhead. To silence this warning, explicitly opt in or out. See `torch.sparse.check_sparse_tensor_invariants.__doc__` for guidance.  (Triggered internally at /pytorch/aten/src/ATen/Context.cpp:760.)
  adj = torch.sparse_coo_tensor(edge_index, vals, (num_nodes, num_nodes)).coalesce()
======================================================================
  NESS | ogbn-arxiv | MCAR @ 60%
======================================================================
[1/3] Loading ogbn-arxiv...
  169,343 nodes | 128 dims | 40 classes
[2/3] Simulating MCAR missingness...
Simulating MCAR missingness at 60% rate...
  MCAR: Uniform random selection
  Observable: 67,738 (40.0%)
  Masked: 101,605 (60.0%)
  Observable: 67,738 | Val: 50,802 | Test: 50,803
[3/3] Running NESS...
  Prefilling missing nodes via Feature Propagation (40 iters)...
  Computing SSL targets (neighborhood stats + centroid, 2-hop)...
✓ Using FAST vectorized SSL computation (torch_scatter available)
  Computing 2-hop neighborhood targets (FAST vectorized)...
Traceback (most recent call last):
  File "/home/erfan/MATE/ogbn_benchmarks/main_benchmark_ogbn.py", line 337, in <module>
    main()
    ~~~~^^
  File "/home/erfan/MATE/ogbn_benchmarks/main_benchmark_ogbn.py", line 231, in main
    val_f1, test_f1, test_acc = train_NESS(
                                ~~~~~~~~~~^
        graph, features, labels,
        ^^^^^^^^^^^^^^^^^^^^^^^^
    ...<29 lines>...
        weights_path=weights_path,
        ^^^^^^^^^^^^^^^^^^^^^^^^^^
    )
    ^
  File "/home/erfan/MATE/ogbn_benchmarks/NESS_bench.py", line 276, in train_NESS
    target_stats, target_centroid = _compute_ssl_targets(
                                    ~~~~~~~~~~~~~~~~~~~~^
        adj, features, masked_features, observable_id, device, ssl_hops=ssl_hops)
        ^^^^^^^^^^^^^^^^^^^^^^^^^^^^^^^^^^^^^^^^^^^^^^^^^^^^^^^^^^^^^^^^^^^^^^^^^
  File "/home/erfan/MATE/ogbn_benchmarks/NESS_bench.py", line 47, in _compute_ssl_targets
    target_centroid, target_stats = compute_khop_neighborhood_targets(
                                    ~~~~~~~~~~~~~~~~~~~~~~~~~~~~~~~~~^
        adj_cpu, feats_cpu, obs_cpu, k=ssl_hops)
        ^^^^^^^^^^^^^^^^^^^^^^^^^^^^^^^^^^^^^^^^
  File "/home/erfan/MATE/ogbn_benchmarks/../src/fast_ssl_compute.py", line 120, in compute_khop_neighborhood_targets
    cur_x = torch.sparse.mm(A, cur_x)
KeyboardInterrupt
