/home/erfan/MATE/venv/lib/python3.13/site-packages/outdated/__init__.py:36: UserWarning: pkg_resources is deprecated as an API. See https://setuptools.pypa.io/en/latest/pkg_resources.html. The pkg_resources package is slated for removal as early as 2025-11-30. Refrain from using this package or pin to Setuptools<81.
  from pkg_resources import parse_version
/home/erfan/MATE/ogbn_benchmarks/data_loader.py:96: UserWarning: Sparse invariant checks are implicitly disabled. Memory errors (e.g. SEGFAULT) will occur when operating on a sparse tensor which violates the invariants, but checks incur performance overhead. To silence this warning, explicitly opt in or out. See `torch.sparse.check_sparse_tensor_invariants.__doc__` for guidance.  (Triggered internally at /pytorch/aten/src/ATen/Context.cpp:760.)
  adj = torch.sparse_coo_tensor(edge_index, vals, (num_nodes, num_nodes)).coalesce()
======================================================================
  NESS | ogbn-arxiv | MCAR @ 80% | lr=0.001
======================================================================
[1/3] Loading ogbn-arxiv...
  169,343 nodes | 128 dims | 40 classes
[2/3] Simulating MCAR missingness...
Simulating MCAR missingness at 80% rate...
  MCAR: Uniform random selection
  Observable: 33,869 (20.0%)
  Masked: 135,474 (80.0%)
  Observable: 33,869 | Val: 67,737 | Test: 67,737
[3/3] Running NESS...
  Prefilling missing nodes via Feature Propagation (40 iters)...
  Computing neighbor label-histogram target (2-hop, observable labels)...
  Partitioning graph into 20 clusters (cache_device=gpu)...
  Cached 20 clusters
  Training NESS for up to 800 epochs (patience=20)...
  Epoch 1/800 | Total: 8.276 Edge: 0.673 Con: 0.630 Cls: 3.523 Hist: 2.7591 Path: 0.6904 | 11.0s
  Epoch 2/800 | Total: 7.172 Edge: 0.620 Con: 0.445 Cls: 3.110 Hist: 2.3229 Path: 0.6735 | 1.0s
  Epoch 3/800 | Total: 6.833 Edge: 0.605 Con: 0.379 Cls: 3.008 Hist: 2.1733 Path: 0.6686 | 1.5s
  Epoch 4/800 | Total: 6.576 Edge: 0.591 Con: 0.336 Cls: 2.916 Hist: 2.0672 Path: 0.6662 | 1.5s
  Epoch 5/800 | Total: 6.246 Edge: 0.587 Con: 0.308 Cls: 2.778 Hist: 1.9086 Path: 0.6632 | Val F1: 0.0240 | 1.6s
  Epoch 6/800 | Total: 5.934 Edge: 0.584 Con: 0.281 Cls: 2.616 Hist: 1.7863 Path: 0.6662 | 1.6s
  Epoch 7/800 | Total: 5.673 Edge: 0.588 Con: 0.263 Cls: 2.480 Hist: 1.6817 Path: 0.6607 | 1.4s
  Epoch 8/800 | Total: 5.425 Edge: 0.558 Con: 0.248 Cls: 2.383 Hist: 1.5938 Path: 0.6421 | 1.3s
  Epoch 9/800 | Total: 5.256 Edge: 0.537 Con: 0.237 Cls: 2.303 Hist: 1.5487 Path: 0.6304 | 1.3s
  Epoch 10/800 | Total: 5.109 Edge: 0.519 Con: 0.232 Cls: 2.246 Hist: 1.4987 Path: 0.6135 | Val F1: 0.0934 | 1.3s
  Epoch 11/800 | Total: 4.961 Edge: 0.521 Con: 0.228 Cls: 2.149 Hist: 1.4448 Path: 0.6183 | 1.5s
  Epoch 12/800 | Total: 4.849 Edge: 0.509 Con: 0.222 Cls: 2.109 Hist: 1.4024 Path: 0.6069 | 1.5s
  Epoch 13/800 | Total: 4.764 Edge: 0.500 Con: 0.219 Cls: 2.077 Hist: 1.3772 Path: 0.5909 | 1.5s
  Epoch 14/800 | Total: 4.748 Edge: 0.504 Con: 0.215 Cls: 2.069 Hist: 1.3660 Path: 0.5947 | 1.6s
  Epoch 15/800 | Total: 4.664 Edge: 0.497 Con: 0.215 Cls: 2.017 Hist: 1.3465 Path: 0.5889 | Val F1: 0.1472 | 1.7s
  Epoch 16/800 | Total: 4.578 Edge: 0.497 Con: 0.213 Cls: 1.975 Hist: 1.3053 Path: 0.5874 | 1.8s
  Epoch 17/800 | Total: 4.577 Edge: 0.502 Con: 0.213 Cls: 1.970 Hist: 1.3067 Path: 0.5866 | 2.0s
  Epoch 18/800 | Total: 4.531 Edge: 0.501 Con: 0.211 Cls: 1.952 Hist: 1.2870 Path: 0.5808 | 1.7s
  Epoch 19/800 | Total: 4.417 Edge: 0.484 Con: 0.211 Cls: 1.901 Hist: 1.2503 Path: 0.5712 | 1.5s
  Epoch 20/800 | Total: 4.380 Edge: 0.477 Con: 0.209 Cls: 1.885 Hist: 1.2459 Path: 0.5645 | Val F1: 0.1458 | 1.5s
  Epoch 21/800 | Total: 4.357 Edge: 0.463 Con: 0.206 Cls: 1.896 Hist: 1.2450 Path: 0.5467 | 1.4s
  Epoch 22/800 | Total: 4.212 Edge: 0.467 Con: 0.204 Cls: 1.808 Hist: 1.1859 Path: 0.5472 | 1.3s
  Epoch 23/800 | Total: 4.204 Edge: 0.455 Con: 0.203 Cls: 1.817 Hist: 1.1921 Path: 0.5373 | 1.3s
  Epoch 24/800 | Total: 4.153 Edge: 0.461 Con: 0.202 Cls: 1.784 Hist: 1.1663 Path: 0.5389 | 1.1s
  Epoch 25/800 | Total: 4.167 Edge: 0.461 Con: 0.201 Cls: 1.777 Hist: 1.1704 Path: 0.5579 | Val F1: 0.2045 | 1.2s
  Epoch 26/800 | Total: 4.171 Edge: 0.467 Con: 0.199 Cls: 1.780 Hist: 1.1568 Path: 0.5671 | 1.0s
  Epoch 27/800 | Total: 4.128 Edge: 0.457 Con: 0.199 Cls: 1.771 Hist: 1.1565 Path: 0.5451 | 1.7s
  Epoch 28/800 | Total: 4.048 Edge: 0.448 Con: 0.197 Cls: 1.738 Hist: 1.1332 Path: 0.5307 | 1.7s
  Epoch 29/800 | Total: 4.021 Edge: 0.440 Con: 0.195 Cls: 1.734 Hist: 1.1333 Path: 0.5185 | 1.7s
  Epoch 30/800 | Total: 4.050 Edge: 0.446 Con: 0.195 Cls: 1.737 Hist: 1.1429 Path: 0.5292 | Val F1: 0.2243 | 1.4s
  Epoch 31/800 | Total: 3.954 Edge: 0.432 Con: 0.195 Cls: 1.700 Hist: 1.1103 Path: 0.5164 | 1.5s
  Epoch 32/800 | Total: 3.937 Edge: 0.435 Con: 0.195 Cls: 1.682 Hist: 1.1066 Path: 0.5181 | 1.4s
  Epoch 33/800 | Total: 3.937 Edge: 0.439 Con: 0.196 Cls: 1.681 Hist: 1.1006 Path: 0.5210 | 1.5s
  Epoch 34/800 | Total: 3.896 Edge: 0.435 Con: 0.194 Cls: 1.665 Hist: 1.0823 Path: 0.5200 | 1.8s
  Epoch 35/800 | Total: 3.884 Edge: 0.432 Con: 0.192 Cls: 1.660 Hist: 1.0895 Path: 0.5108 | Val F1: 0.2312 | 1.8s
  Epoch 36/800 | Total: 3.852 Edge: 0.424 Con: 0.193 Cls: 1.650 Hist: 1.0845 Path: 0.5005 | 1.7s
  Epoch 37/800 | Total: 3.816 Edge: 0.424 Con: 0.193 Cls: 1.633 Hist: 1.0702 Path: 0.4964 | 1.7s
  Epoch 38/800 | Total: 3.810 Edge: 0.432 Con: 0.192 Cls: 1.627 Hist: 1.0609 Path: 0.4983 | 2.0s
  Epoch 39/800 | Total: 3.858 Edge: 0.432 Con: 0.191 Cls: 1.650 Hist: 1.0842 Path: 0.5005 | 2.1s
  Epoch 40/800 | Total: 3.907 Edge: 0.434 Con: 0.191 Cls: 1.682 Hist: 1.0877 Path: 0.5113 | Val F1: 0.2381 | 1.6s
  Epoch 41/800 | Total: 3.866 Edge: 0.452 Con: 0.190 Cls: 1.638 Hist: 1.0666 Path: 0.5198 | 1.7s
  Epoch 42/800 | Total: 3.839 Edge: 0.443 Con: 0.190 Cls: 1.616 Hist: 1.0537 Path: 0.5361 | 1.4s
  Epoch 43/800 | Total: 3.771 Edge: 0.427 Con: 0.192 Cls: 1.596 Hist: 1.0420 Path: 0.5130 | 1.2s
  Epoch 44/800 | Total: 3.771 Edge: 0.417 Con: 0.188 Cls: 1.616 Hist: 1.0550 Path: 0.4949 | 1.4s
  Epoch 45/800 | Total: 3.701 Edge: 0.415 Con: 0.190 Cls: 1.583 Hist: 1.0291 Path: 0.4837 | Val F1: 0.2515 | 1.1s
  Epoch 46/800 | Total: 3.695 Edge: 0.412 Con: 0.190 Cls: 1.582 Hist: 1.0281 Path: 0.4831 | 1.2s
  Epoch 47/800 | Total: 3.673 Edge: 0.409 Con: 0.189 Cls: 1.572 Hist: 1.0209 Path: 0.4827 | 1.2s
  Epoch 48/800 | Total: 3.666 Edge: 0.407 Con: 0.189 Cls: 1.568 Hist: 1.0221 Path: 0.4807 | 1.4s
  Epoch 49/800 | Total: 3.703 Edge: 0.407 Con: 0.185 Cls: 1.597 Hist: 1.0404 Path: 0.4734 | 1.5s
  Epoch 50/800 | Total: 3.693 Edge: 0.423 Con: 0.186 Cls: 1.573 Hist: 1.0158 Path: 0.4960 | Val F1: 0.2687 | 1.8s
  Epoch 51/800 | Total: 3.693 Edge: 0.406 Con: 0.187 Cls: 1.585 Hist: 1.0351 Path: 0.4798 | 1.6s
  Epoch 52/800 | Total: 3.631 Edge: 0.405 Con: 0.188 Cls: 1.554 Hist: 1.0105 Path: 0.4733 | 1.2s
  Epoch 53/800 | Total: 3.617 Edge: 0.405 Con: 0.188 Cls: 1.551 Hist: 1.0039 Path: 0.4692 | 1.2s
  Epoch 54/800 | Total: 3.616 Edge: 0.402 Con: 0.186 Cls: 1.548 Hist: 1.0090 Path: 0.4715 | 1.4s
  Epoch 55/800 | Total: 3.592 Edge: 0.400 Con: 0.186 Cls: 1.532 Hist: 0.9979 Path: 0.4763 | Val F1: 0.2613 | 1.4s
  Epoch 56/800 | Total: 3.611 Edge: 0.401 Con: 0.185 Cls: 1.547 Hist: 1.0110 Path: 0.4675 | 1.5s
  Epoch 57/800 | Total: 3.560 Edge: 0.402 Con: 0.186 Cls: 1.518 Hist: 0.9857 Path: 0.4684 | 1.8s
  Epoch 58/800 | Total: 3.565 Edge: 0.394 Con: 0.184 Cls: 1.532 Hist: 0.9940 Path: 0.4620 | 2.0s
  Epoch 59/800 | Total: 3.575 Edge: 0.391 Con: 0.183 Cls: 1.540 Hist: 1.0045 Path: 0.4560 | 1.7s
  Epoch 60/800 | Total: 3.525 Edge: 0.393 Con: 0.186 Cls: 1.508 Hist: 0.9787 Path: 0.4593 | Val F1: 0.2770 | 1.6s
  Epoch 61/800 | Total: 3.557 Edge: 0.400 Con: 0.183 Cls: 1.524 Hist: 0.9879 Path: 0.4624 | 2.1s
  Epoch 62/800 | Total: 3.617 Edge: 0.406 Con: 0.184 Cls: 1.553 Hist: 1.0039 Path: 0.4711 | 2.0s
  Epoch 63/800 | Total: 3.569 Edge: 0.404 Con: 0.182 Cls: 1.516 Hist: 0.9848 Path: 0.4820 | 1.8s
  Epoch 64/800 | Total: 3.578 Edge: 0.400 Con: 0.183 Cls: 1.532 Hist: 0.9915 Path: 0.4717 | 1.5s
  Epoch 65/800 | Total: 3.537 Edge: 0.394 Con: 0.182 Cls: 1.515 Hist: 0.9858 Path: 0.4610 | Val F1: 0.2835 | 1.5s
  Epoch 66/800 | Total: 3.544 Edge: 0.394 Con: 0.183 Cls: 1.522 Hist: 0.9870 Path: 0.4583 | 1.2s
  Epoch 67/800 | Total: 3.523 Edge: 0.390 Con: 0.183 Cls: 1.510 Hist: 0.9816 Path: 0.4595 | 1.1s
  Epoch 68/800 | Total: 3.507 Edge: 0.390 Con: 0.184 Cls: 1.505 Hist: 0.9781 Path: 0.4505 | 1.4s
  Epoch 69/800 | Total: 3.514 Edge: 0.394 Con: 0.182 Cls: 1.505 Hist: 0.9805 Path: 0.4520 | 1.5s
  Epoch 70/800 | Total: 3.495 Edge: 0.392 Con: 0.181 Cls: 1.499 Hist: 0.9733 Path: 0.4497 | Val F1: 0.2881 | 1.1s
  Epoch 71/800 | Total: 3.512 Edge: 0.387 Con: 0.180 Cls: 1.510 Hist: 0.9832 Path: 0.4518 | 1.5s
  Epoch 72/800 | Total: 3.497 Edge: 0.387 Con: 0.184 Cls: 1.499 Hist: 0.9709 Path: 0.4565 | 1.3s
  Epoch 73/800 | Total: 3.450 Edge: 0.381 Con: 0.179 Cls: 1.483 Hist: 0.9603 Path: 0.4474 | 1.5s
  Epoch 74/800 | Total: 3.492 Edge: 0.386 Con: 0.180 Cls: 1.500 Hist: 0.9704 Path: 0.4560 | 1.5s
  Epoch 75/800 | Total: 3.495 Edge: 0.383 Con: 0.179 Cls: 1.511 Hist: 0.9734 Path: 0.4486 | Val F1: 0.3011 | 1.3s
  Epoch 76/800 | Total: 3.476 Edge: 0.381 Con: 0.181 Cls: 1.499 Hist: 0.9692 Path: 0.4463 | 1.4s
  Epoch 77/800 | Total: 3.508 Edge: 0.384 Con: 0.182 Cls: 1.509 Hist: 0.9691 Path: 0.4641 | 1.6s
  Epoch 78/800 | Total: 3.548 Edge: 0.388 Con: 0.180 Cls: 1.530 Hist: 0.9922 Path: 0.4579 | 1.7s
  Epoch 79/800 | Total: 3.467 Edge: 0.381 Con: 0.179 Cls: 1.492 Hist: 0.9719 Path: 0.4426 | 1.8s
  Epoch 80/800 | Total: 3.419 Edge: 0.377 Con: 0.177 Cls: 1.476 Hist: 0.9553 Path: 0.4339 | Val F1: 0.2954 | 1.8s
  Epoch 81/800 | Total: 3.441 Edge: 0.375 Con: 0.180 Cls: 1.487 Hist: 0.9595 Path: 0.4396 | 1.7s
  Epoch 82/800 | Total: 3.402 Edge: 0.376 Con: 0.180 Cls: 1.464 Hist: 0.9454 Path: 0.4372 | 1.7s
  Epoch 83/800 | Total: 3.406 Edge: 0.377 Con: 0.180 Cls: 1.463 Hist: 0.9501 Path: 0.4360 | 2.0s
  Epoch 84/800 | Total: 3.395 Edge: 0.376 Con: 0.180 Cls: 1.456 Hist: 0.9447 Path: 0.4387 | 2.1s
  Epoch 85/800 | Total: 3.416 Edge: 0.387 Con: 0.180 Cls: 1.456 Hist: 0.9424 Path: 0.4508 | Val F1: 0.3120 | 1.8s
  Epoch 86/800 | Total: 3.414 Edge: 0.378 Con: 0.180 Cls: 1.464 Hist: 0.9434 Path: 0.4480 | 1.6s
  Epoch 87/800 | Total: 3.429 Edge: 0.381 Con: 0.178 Cls: 1.471 Hist: 0.9556 Path: 0.4442 | 1.2s
  Epoch 88/800 | Total: 3.411 Edge: 0.384 Con: 0.181 Cls: 1.463 Hist: 0.9418 Path: 0.4407 | 1.1s
  Epoch 89/800 | Total: 3.393 Edge: 0.375 Con: 0.178 Cls: 1.461 Hist: 0.9492 Path: 0.4310 | 1.4s
  Epoch 90/800 | Total: 3.390 Edge: 0.373 Con: 0.178 Cls: 1.461 Hist: 0.9444 Path: 0.4332 | Val F1: 0.3113 | 1.2s
  Epoch 91/800 | Total: 3.372 Edge: 0.371 Con: 0.177 Cls: 1.455 Hist: 0.9389 Path: 0.4299 | 1.2s
  Epoch 92/800 | Total: 3.377 Edge: 0.370 Con: 0.177 Cls: 1.458 Hist: 0.9453 Path: 0.4270 | 1.4s
  Epoch 93/800 | Total: 3.371 Edge: 0.370 Con: 0.179 Cls: 1.455 Hist: 0.9387 Path: 0.4287 | 1.5s
  Epoch 94/800 | Total: 3.346 Edge: 0.366 Con: 0.177 Cls: 1.444 Hist: 0.9297 Path: 0.4287 | 1.4s
  Epoch 95/800 | Total: 3.382 Edge: 0.368 Con: 0.179 Cls: 1.459 Hist: 0.9496 Path: 0.4269 | Val F1: 0.3220 | 1.5s
  Epoch 96/800 | Total: 3.360 Edge: 0.365 Con: 0.178 Cls: 1.450 Hist: 0.9403 Path: 0.4259 | 1.5s
  Epoch 97/800 | Total: 3.338 Edge: 0.366 Con: 0.177 Cls: 1.442 Hist: 0.9295 Path: 0.4243 | 1.3s
  Epoch 98/800 | Total: 3.388 Edge: 0.371 Con: 0.177 Cls: 1.458 Hist: 0.9490 Path: 0.4328 | 1.5s
  Epoch 99/800 | Total: 3.404 Edge: 0.371 Con: 0.177 Cls: 1.474 Hist: 0.9530 Path: 0.4295 | 1.3s
  Epoch 100/800 | Total: 3.387 Edge: 0.372 Con: 0.177 Cls: 1.461 Hist: 0.9423 Path: 0.4335 | Val F1: 0.3197 | 1.4s
  Epoch 101/800 | Total: 3.434 Edge: 0.374 Con: 0.176 Cls: 1.482 Hist: 0.9606 Path: 0.4421 | 1.6s
  Epoch 102/800 | Total: 3.365 Edge: 0.366 Con: 0.176 Cls: 1.456 Hist: 0.9383 Path: 0.4292 | 1.8s
  Epoch 103/800 | Total: 3.348 Edge: 0.368 Con: 0.178 Cls: 1.442 Hist: 0.9312 Path: 0.4294 | 1.7s
  Epoch 104/800 | Total: 3.389 Edge: 0.369 Con: 0.178 Cls: 1.463 Hist: 0.9420 Path: 0.4371 | 1.7s
  Epoch 105/800 | Total: 3.414 Edge: 0.369 Con: 0.176 Cls: 1.475 Hist: 0.9546 Path: 0.4389 | Val F1: 0.3232 | 1.9s
  Epoch 106/800 | Total: 3.428 Edge: 0.383 Con: 0.176 Cls: 1.482 Hist: 0.9503 Path: 0.4364 | 2.1s
  Epoch 107/800 | Total: 3.343 Edge: 0.377 Con: 0.176 Cls: 1.438 Hist: 0.9292 Path: 0.4225 | 1.8s
  Epoch 108/800 | Total: 3.332 Edge: 0.374 Con: 0.177 Cls: 1.435 Hist: 0.9247 Path: 0.4210 | 1.7s
  Epoch 109/800 | Total: 3.340 Edge: 0.365 Con: 0.177 Cls: 1.441 Hist: 0.9369 Path: 0.4187 | 1.5s
  Epoch 110/800 | Total: 3.315 Edge: 0.364 Con: 0.175 Cls: 1.437 Hist: 0.9210 Path: 0.4180 | Val F1: 0.3095 | 1.4s
  Epoch 111/800 | Total: 3.321 Edge: 0.365 Con: 0.176 Cls: 1.433 Hist: 0.9288 Path: 0.4178 | 1.2s
  Epoch 112/800 | Total: 3.307 Edge: 0.367 Con: 0.177 Cls: 1.425 Hist: 0.9189 Path: 0.4191 | 1.4s
  Epoch 113/800 | Total: 3.311 Edge: 0.366 Con: 0.177 Cls: 1.426 Hist: 0.9236 Path: 0.4192 | 1.1s
  Epoch 114/800 | Total: 3.310 Edge: 0.363 Con: 0.174 Cls: 1.423 Hist: 0.9221 Path: 0.4277 | 1.2s
  Epoch 115/800 | Total: 3.320 Edge: 0.366 Con: 0.176 Cls: 1.423 Hist: 0.9207 Path: 0.4348 | Val F1: 0.3377 | 1.4s
  Epoch 116/800 | Total: 3.325 Edge: 0.369 Con: 0.175 Cls: 1.430 Hist: 0.9237 Path: 0.4280 | 1.1s
  Epoch 117/800 | Total: 3.347 Edge: 0.364 Con: 0.176 Cls: 1.449 Hist: 0.9351 Path: 0.4221 | 1.2s
  Epoch 118/800 | Total: 3.285 Edge: 0.360 Con: 0.175 Cls: 1.416 Hist: 0.9160 Path: 0.4187 | 1.1s
  Epoch 119/800 | Total: 3.292 Edge: 0.359 Con: 0.175 Cls: 1.420 Hist: 0.9246 Path: 0.4141 | 1.1s
  Epoch 120/800 | Total: 3.287 Edge: 0.358 Con: 0.173 Cls: 1.426 Hist: 0.9177 Path: 0.4130 | Val F1: 0.3294 | 1.2s
  Epoch 121/800 | Total: 3.272 Edge: 0.360 Con: 0.175 Cls: 1.416 Hist: 0.9135 Path: 0.4082 | 1.1s
  Epoch 122/800 | Total: 3.249 Edge: 0.358 Con: 0.174 Cls: 1.401 Hist: 0.9055 Path: 0.4101 | 1.1s
  Epoch 123/800 | Total: 3.278 Edge: 0.360 Con: 0.173 Cls: 1.416 Hist: 0.9159 Path: 0.4136 | 1.0s
  Epoch 124/800 | Total: 3.370 Edge: 0.374 Con: 0.174 Cls: 1.456 Hist: 0.9397 Path: 0.4261 | 1.2s
  Epoch 125/800 | Total: 3.377 Edge: 0.370 Con: 0.176 Cls: 1.456 Hist: 0.9435 Path: 0.4324 | Val F1: 0.3262 | 1.1s
  Epoch 126/800 | Total: 3.306 Edge: 0.365 Con: 0.174 Cls: 1.421 Hist: 0.9164 Path: 0.4299 | 1.1s
  Epoch 127/800 | Total: 3.266 Edge: 0.356 Con: 0.174 Cls: 1.410 Hist: 0.9122 Path: 0.4131 | 1.1s
  Epoch 128/800 | Total: 3.234 Edge: 0.361 Con: 0.175 Cls: 1.388 Hist: 0.8959 Path: 0.4142 | 1.0s
  Epoch 129/800 | Total: 3.261 Edge: 0.358 Con: 0.172 Cls: 1.410 Hist: 0.9116 Path: 0.4097 | 0.9s
  Epoch 130/800 | Total: 3.273 Edge: 0.357 Con: 0.176 Cls: 1.416 Hist: 0.9161 Path: 0.4079 | Val F1: 0.3433 | 1.1s
  Epoch 131/800 | Total: 3.304 Edge: 0.355 Con: 0.174 Cls: 1.435 Hist: 0.9264 Path: 0.4133 | 0.9s
  Epoch 132/800 | Total: 3.303 Edge: 0.356 Con: 0.174 Cls: 1.428 Hist: 0.9214 Path: 0.4239 | 1.1s
  Epoch 133/800 | Total: 3.252 Edge: 0.355 Con: 0.173 Cls: 1.403 Hist: 0.9064 Path: 0.4140 | 1.1s
  Epoch 134/800 | Total: 3.277 Edge: 0.353 Con: 0.173 Cls: 1.420 Hist: 0.9215 Path: 0.4097 | 0.9s
  Epoch 135/800 | Total: 3.312 Edge: 0.356 Con: 0.172 Cls: 1.445 Hist: 0.9306 Path: 0.4090 | Val F1: 0.3231 | 1.2s
  Epoch 136/800 | Total: 3.316 Edge: 0.361 Con: 0.173 Cls: 1.443 Hist: 0.9203 Path: 0.4179 | 1.0s
  Epoch 137/800 | Total: 3.298 Edge: 0.361 Con: 0.171 Cls: 1.427 Hist: 0.9273 Path: 0.4117 | 1.0s
  Epoch 138/800 | Total: 3.268 Edge: 0.362 Con: 0.172 Cls: 1.410 Hist: 0.9089 Path: 0.4154 | 1.0s
  Epoch 139/800 | Total: 3.243 Edge: 0.357 Con: 0.173 Cls: 1.399 Hist: 0.9046 Path: 0.4097 | 1.1s
  Epoch 140/800 | Total: 3.245 Edge: 0.358 Con: 0.172 Cls: 1.400 Hist: 0.9061 Path: 0.4091 | Val F1: 0.3420 | 1.1s
  Epoch 141/800 | Total: 3.270 Edge: 0.354 Con: 0.170 Cls: 1.416 Hist: 0.9167 Path: 0.4136 | 1.1s
  Epoch 142/800 | Total: 3.296 Edge: 0.357 Con: 0.172 Cls: 1.430 Hist: 0.9230 Path: 0.4131 | 1.2s
  Epoch 143/800 | Total: 3.243 Edge: 0.357 Con: 0.172 Cls: 1.396 Hist: 0.9061 Path: 0.4117 | 1.1s
  Epoch 144/800 | Total: 3.217 Edge: 0.352 Con: 0.172 Cls: 1.393 Hist: 0.8982 Path: 0.4024 | 1.2s
  Epoch 145/800 | Total: 3.203 Edge: 0.354 Con: 0.171 Cls: 1.381 Hist: 0.8912 Path: 0.4055 | Val F1: 0.3383 | 1.1s
  Epoch 146/800 | Total: 3.250 Edge: 0.354 Con: 0.173 Cls: 1.403 Hist: 0.9119 Path: 0.4090 | 1.2s
  Epoch 147/800 | Total: 3.285 Edge: 0.355 Con: 0.171 Cls: 1.415 Hist: 0.9173 Path: 0.4261 | 1.1s
  Epoch 148/800 | Total: 3.318 Edge: 0.362 Con: 0.172 Cls: 1.423 Hist: 0.9236 Path: 0.4374 | 1.2s
  Epoch 149/800 | Total: 3.265 Edge: 0.360 Con: 0.172 Cls: 1.404 Hist: 0.9008 Path: 0.4273 | 1.1s
  Epoch 150/800 | Total: 3.293 Edge: 0.361 Con: 0.173 Cls: 1.418 Hist: 0.9146 Path: 0.4262 | Val F1: 0.3333 | 1.1s
  Epoch 151/800 | Total: 3.278 Edge: 0.353 Con: 0.173 Cls: 1.422 Hist: 0.9192 Path: 0.4118 | 1.2s
  Epoch 152/800 | Total: 3.249 Edge: 0.352 Con: 0.171 Cls: 1.406 Hist: 0.9071 Path: 0.4118 | 1.2s
  Epoch 153/800 | Total: 3.269 Edge: 0.351 Con: 0.172 Cls: 1.419 Hist: 0.9197 Path: 0.4074 | 1.2s
  Epoch 154/800 | Total: 3.268 Edge: 0.350 Con: 0.171 Cls: 1.424 Hist: 0.9155 Path: 0.4066 | 1.2s
  Epoch 155/800 | Total: 3.254 Edge: 0.349 Con: 0.171 Cls: 1.415 Hist: 0.9153 Path: 0.4040 | Val F1: 0.3305 | 1.2s
  Epoch 156/800 | Total: 3.232 Edge: 0.359 Con: 0.172 Cls: 1.392 Hist: 0.8987 Path: 0.4092 | 1.4s
  Epoch 157/800 | Total: 3.238 Edge: 0.377 Con: 0.171 Cls: 1.386 Hist: 0.8944 Path: 0.4097 | 1.7s
  Epoch 158/800 | Total: 3.266 Edge: 0.366 Con: 0.171 Cls: 1.404 Hist: 0.9111 Path: 0.4140 | 1.8s
  Epoch 159/800 | Total: 3.233 Edge: 0.359 Con: 0.171 Cls: 1.394 Hist: 0.9047 Path: 0.4038 | 1.3s
  Epoch 160/800 | Total: 3.282 Edge: 0.352 Con: 0.171 Cls: 1.432 Hist: 0.9245 Path: 0.4023 | Val F1: 0.3126 | 1.1s
  Epoch 161/800 | Total: 3.308 Edge: 0.352 Con: 0.170 Cls: 1.448 Hist: 0.9360 Path: 0.4015 | 1.2s
  Epoch 162/800 | Total: 3.254 Edge: 0.351 Con: 0.170 Cls: 1.417 Hist: 0.9185 Path: 0.3973 | 1.2s
  Epoch 163/800 | Total: 3.209 Edge: 0.348 Con: 0.171 Cls: 1.391 Hist: 0.8982 Path: 0.4014 | 1.1s
  Epoch 164/800 | Total: 3.220 Edge: 0.349 Con: 0.171 Cls: 1.395 Hist: 0.9032 Path: 0.4013 | 1.1s
  Epoch 165/800 | Total: 3.249 Edge: 0.353 Con: 0.172 Cls: 1.405 Hist: 0.9080 Path: 0.4115 | Val F1: 0.3483 | 1.2s
  Epoch 166/800 | Total: 3.252 Edge: 0.352 Con: 0.170 Cls: 1.410 Hist: 0.9103 Path: 0.4101 | 1.2s
  Epoch 167/800 | Total: 3.326 Edge: 0.352 Con: 0.170 Cls: 1.466 Hist: 0.9314 Path: 0.4062 | 0.9s
  Epoch 168/800 | Total: 3.430 Edge: 0.360 Con: 0.173 Cls: 1.502 Hist: 0.9766 Path: 0.4176 | 0.9s
  Epoch 169/800 | Total: 3.297 Edge: 0.359 Con: 0.172 Cls: 1.429 Hist: 0.9245 Path: 0.4124 | 0.9s
  Epoch 170/800 | Total: 3.244 Edge: 0.350 Con: 0.170 Cls: 1.407 Hist: 0.9064 Path: 0.4104 | Val F1: 0.3447 | 1.0s
  Epoch 171/800 | Total: 3.225 Edge: 0.351 Con: 0.169 Cls: 1.395 Hist: 0.9015 Path: 0.4084 | 1.1s
  Epoch 172/800 | Total: 3.222 Edge: 0.348 Con: 0.169 Cls: 1.397 Hist: 0.9018 Path: 0.4056 | 1.0s
  Epoch 173/800 | Total: 3.222 Edge: 0.346 Con: 0.172 Cls: 1.395 Hist: 0.9043 Path: 0.4039 | 1.0s
  Epoch 174/800 | Total: 3.167 Edge: 0.347 Con: 0.169 Cls: 1.365 Hist: 0.8817 Path: 0.4047 | 0.9s
  Epoch 175/800 | Total: 3.181 Edge: 0.347 Con: 0.170 Cls: 1.369 Hist: 0.8891 Path: 0.4064 | Val F1: 0.3601 | 0.9s
  Epoch 176/800 | Total: 3.184 Edge: 0.351 Con: 0.170 Cls: 1.373 Hist: 0.8857 Path: 0.4041 | 0.9s
  Epoch 177/800 | Total: 3.199 Edge: 0.352 Con: 0.172 Cls: 1.381 Hist: 0.8927 Path: 0.4016 | 1.0s
  Epoch 178/800 | Total: 3.180 Edge: 0.352 Con: 0.169 Cls: 1.375 Hist: 0.8864 Path: 0.3971 | 1.0s
  Epoch 179/800 | Total: 3.180 Edge: 0.350 Con: 0.168 Cls: 1.375 Hist: 0.8846 Path: 0.4020 | 0.9s
  Epoch 180/800 | Total: 3.164 Edge: 0.343 Con: 0.168 Cls: 1.370 Hist: 0.8851 Path: 0.3966 | Val F1: 0.3603 | 0.9s
  Epoch 181/800 | Total: 3.173 Edge: 0.345 Con: 0.171 Cls: 1.370 Hist: 0.8848 Path: 0.4019 | 1.0s
  Epoch 182/800 | Total: 3.212 Edge: 0.346 Con: 0.169 Cls: 1.394 Hist: 0.9013 Path: 0.4022 | 1.0s
  Epoch 183/800 | Total: 3.229 Edge: 0.349 Con: 0.170 Cls: 1.398 Hist: 0.9055 Path: 0.4061 | 0.9s
  Epoch 184/800 | Total: 3.205 Edge: 0.349 Con: 0.169 Cls: 1.391 Hist: 0.8963 Path: 0.3999 | 0.9s
  Epoch 185/800 | Total: 3.177 Edge: 0.349 Con: 0.169 Cls: 1.372 Hist: 0.8879 Path: 0.3989 | Val F1: 0.3604 | 0.9s
  Epoch 186/800 | Total: 3.171 Edge: 0.348 Con: 0.168 Cls: 1.371 Hist: 0.8874 Path: 0.3966 | 1.1s
  Epoch 187/800 | Total: 3.196 Edge: 0.349 Con: 0.169 Cls: 1.381 Hist: 0.8932 Path: 0.4034 | 0.9s
  Epoch 188/800 | Total: 3.172 Edge: 0.351 Con: 0.168 Cls: 1.369 Hist: 0.8834 Path: 0.4006 | 0.9s
  Epoch 189/800 | Total: 3.186 Edge: 0.349 Con: 0.170 Cls: 1.379 Hist: 0.8881 Path: 0.3997 | 1.1s
  Epoch 190/800 | Total: 3.179 Edge: 0.348 Con: 0.168 Cls: 1.378 Hist: 0.8899 Path: 0.3940 | Val F1: 0.3527 | 0.9s
  Epoch 191/800 | Total: 3.190 Edge: 0.350 Con: 0.170 Cls: 1.384 Hist: 0.8842 Path: 0.4020 | 0.9s
  Epoch 192/800 | Total: 3.197 Edge: 0.352 Con: 0.168 Cls: 1.380 Hist: 0.8922 Path: 0.4046 | 1.1s
  Epoch 193/800 | Total: 3.207 Edge: 0.352 Con: 0.169 Cls: 1.389 Hist: 0.8941 Path: 0.4027 | 0.9s
  Epoch 194/800 | Total: 3.230 Edge: 0.355 Con: 0.169 Cls: 1.401 Hist: 0.8975 Path: 0.4078 | 1.1s
  Epoch 195/800 | Total: 3.177 Edge: 0.350 Con: 0.170 Cls: 1.371 Hist: 0.8819 Path: 0.4038 | Val F1: 0.3601 | 1.0s
  Epoch 196/800 | Total: 3.154 Edge: 0.344 Con: 0.168 Cls: 1.363 Hist: 0.8817 Path: 0.3976 | 1.1s
  Epoch 197/800 | Total: 3.146 Edge: 0.342 Con: 0.169 Cls: 1.358 Hist: 0.8806 Path: 0.3964 | 1.1s
  Epoch 198/800 | Total: 3.168 Edge: 0.342 Con: 0.168 Cls: 1.376 Hist: 0.8883 Path: 0.3931 | 1.2s
  Epoch 199/800 | Total: 3.181 Edge: 0.345 Con: 0.170 Cls: 1.380 Hist: 0.8905 Path: 0.3957 | 0.9s
  Epoch 200/800 | Total: 3.194 Edge: 0.348 Con: 0.170 Cls: 1.383 Hist: 0.8885 Path: 0.4045 | Val F1: 0.3548 | 1.2s
  Epoch 201/800 | Total: 3.133 Edge: 0.343 Con: 0.168 Cls: 1.356 Hist: 0.8739 Path: 0.3924 | 1.2s
  Epoch 202/800 | Total: 3.250 Edge: 0.343 Con: 0.168 Cls: 1.419 Hist: 0.9214 Path: 0.3979 | 1.1s
  Epoch 203/800 | Total: 3.226 Edge: 0.350 Con: 0.171 Cls: 1.398 Hist: 0.9046 Path: 0.4029 | 1.2s
  Epoch 204/800 | Total: 3.202 Edge: 0.359 Con: 0.168 Cls: 1.379 Hist: 0.8901 Path: 0.4069 | 1.1s
  Epoch 205/800 | Total: 3.191 Edge: 0.349 Con: 0.168 Cls: 1.384 Hist: 0.8907 Path: 0.3986 | Val F1: 0.3718 | 1.1s
  Epoch 206/800 | Total: 3.179 Edge: 0.345 Con: 0.168 Cls: 1.381 Hist: 0.8909 Path: 0.3941 | 1.1s
  Epoch 207/800 | Total: 3.170 Edge: 0.340 Con: 0.168 Cls: 1.380 Hist: 0.8899 Path: 0.3921 | 1.1s
  Epoch 208/800 | Total: 3.152 Edge: 0.341 Con: 0.170 Cls: 1.369 Hist: 0.8799 Path: 0.3930 | 0.9s
  Epoch 209/800 | Total: 3.149 Edge: 0.339 Con: 0.168 Cls: 1.370 Hist: 0.8831 Path: 0.3886 | 1.1s
  Epoch 210/800 | Total: 3.122 Edge: 0.338 Con: 0.169 Cls: 1.355 Hist: 0.8727 Path: 0.3870 | Val F1: 0.3642 | 1.1s
  Epoch 211/800 | Total: 3.123 Edge: 0.338 Con: 0.168 Cls: 1.356 Hist: 0.8735 Path: 0.3877 | 1.2s
  Epoch 212/800 | Total: 3.163 Edge: 0.345 Con: 0.170 Cls: 1.368 Hist: 0.8853 Path: 0.3942 | 1.0s
  Epoch 213/800 | Total: 3.192 Edge: 0.344 Con: 0.168 Cls: 1.384 Hist: 0.8930 Path: 0.4029 | 0.9s
  Epoch 214/800 | Total: 3.213 Edge: 0.353 Con: 0.169 Cls: 1.386 Hist: 0.8912 Path: 0.4141 | 1.1s
  Epoch 215/800 | Total: 3.190 Edge: 0.348 Con: 0.169 Cls: 1.381 Hist: 0.8885 Path: 0.4043 | Val F1: 0.3705 | 1.1s
  Epoch 216/800 | Total: 3.183 Edge: 0.344 Con: 0.169 Cls: 1.378 Hist: 0.8978 Path: 0.3949 | 1.1s
  Epoch 217/800 | Total: 3.141 Edge: 0.343 Con: 0.168 Cls: 1.365 Hist: 0.8774 Path: 0.3879 | 1.1s
  Epoch 218/800 | Total: 3.157 Edge: 0.343 Con: 0.167 Cls: 1.372 Hist: 0.8851 Path: 0.3892 | 0.9s
  Epoch 219/800 | Total: 3.147 Edge: 0.347 Con: 0.167 Cls: 1.364 Hist: 0.8813 Path: 0.3873 | 1.0s
  Epoch 220/800 | Total: 3.132 Edge: 0.342 Con: 0.167 Cls: 1.356 Hist: 0.8742 Path: 0.3928 | Val F1: 0.3684 | 1.0s
  Epoch 221/800 | Total: 3.128 Edge: 0.339 Con: 0.167 Cls: 1.357 Hist: 0.8761 Path: 0.3887 | 1.0s
  Epoch 222/800 | Total: 3.118 Edge: 0.337 Con: 0.166 Cls: 1.354 Hist: 0.8750 Path: 0.3858 | 1.2s
  Epoch 223/800 | Total: 3.127 Edge: 0.339 Con: 0.168 Cls: 1.356 Hist: 0.8759 Path: 0.3891 | 1.2s
  Epoch 224/800 | Total: 3.129 Edge: 0.340 Con: 0.168 Cls: 1.358 Hist: 0.8713 Path: 0.3924 | 1.2s
  Epoch 225/800 | Total: 3.137 Edge: 0.340 Con: 0.167 Cls: 1.355 Hist: 0.8773 Path: 0.3982 | Val F1: 0.3636 | 1.1s
  Epoch 226/800 | Total: 3.122 Edge: 0.339 Con: 0.168 Cls: 1.354 Hist: 0.8719 Path: 0.3893 | 1.3s
  Epoch 227/800 | Total: 3.152 Edge: 0.339 Con: 0.167 Cls: 1.364 Hist: 0.8858 Path: 0.3964 | 1.1s
  Epoch 228/800 | Total: 3.194 Edge: 0.337 Con: 0.167 Cls: 1.392 Hist: 0.9016 Path: 0.3960 | 1.3s
  Epoch 229/800 | Total: 3.176 Edge: 0.339 Con: 0.167 Cls: 1.378 Hist: 0.8961 Path: 0.3965 | 1.2s
  Epoch 230/800 | Total: 3.204 Edge: 0.347 Con: 0.167 Cls: 1.394 Hist: 0.8962 Path: 0.3997 | Val F1: 0.3605 | 1.2s
  Epoch 231/800 | Total: 3.172 Edge: 0.347 Con: 0.168 Cls: 1.373 Hist: 0.8877 Path: 0.3968 | 1.2s
  Epoch 232/800 | Total: 3.141 Edge: 0.343 Con: 0.167 Cls: 1.362 Hist: 0.8734 Path: 0.3958 | 1.2s
  Epoch 233/800 | Total: 3.148 Edge: 0.343 Con: 0.168 Cls: 1.361 Hist: 0.8817 Path: 0.3949 | 1.2s
  Epoch 234/800 | Total: 3.106 Edge: 0.338 Con: 0.168 Cls: 1.344 Hist: 0.8657 Path: 0.3901 | 1.3s
  Epoch 235/800 | Total: 3.138 Edge: 0.339 Con: 0.169 Cls: 1.362 Hist: 0.8789 Path: 0.3886 | Val F1: 0.3607 | 1.5s
  Epoch 236/800 | Total: 3.136 Edge: 0.336 Con: 0.167 Cls: 1.362 Hist: 0.8844 Path: 0.3869 | 1.6s
  Epoch 237/800 | Total: 3.135 Edge: 0.337 Con: 0.167 Cls: 1.366 Hist: 0.8772 Path: 0.3872 | 1.5s
  Epoch 238/800 | Total: 3.138 Edge: 0.339 Con: 0.167 Cls: 1.367 Hist: 0.8812 Path: 0.3843 | 1.1s
  Epoch 239/800 | Total: 3.121 Edge: 0.337 Con: 0.167 Cls: 1.354 Hist: 0.8783 Path: 0.3853 | 1.2s
  Epoch 240/800 | Total: 3.106 Edge: 0.335 Con: 0.167 Cls: 1.351 Hist: 0.8641 Path: 0.3894 | Val F1: 0.3723 | 1.2s
  Epoch 241/800 | Total: 3.170 Edge: 0.338 Con: 0.168 Cls: 1.381 Hist: 0.8904 Path: 0.3918 | 1.2s
  Epoch 242/800 | Total: 3.173 Edge: 0.341 Con: 0.167 Cls: 1.377 Hist: 0.8870 Path: 0.4008 | 1.1s
  Epoch 243/800 | Total: 3.220 Edge: 0.343 Con: 0.168 Cls: 1.404 Hist: 0.9029 Path: 0.4025 | 1.2s
  Epoch 244/800 | Total: 3.261 Edge: 0.352 Con: 0.168 Cls: 1.417 Hist: 0.9132 Path: 0.4107 | 1.2s
  Epoch 245/800 | Total: 3.231 Edge: 0.347 Con: 0.168 Cls: 1.407 Hist: 0.9073 Path: 0.4013 | Val F1: 0.3626 | 1.1s
  Epoch 246/800 | Total: 3.184 Edge: 0.342 Con: 0.167 Cls: 1.390 Hist: 0.8946 Path: 0.3897 | 0.9s
  Epoch 247/800 | Total: 3.155 Edge: 0.345 Con: 0.168 Cls: 1.368 Hist: 0.8802 Path: 0.3936 | 0.9s
  Epoch 248/800 | Total: 3.112 Edge: 0.337 Con: 0.167 Cls: 1.351 Hist: 0.8714 Path: 0.3862 | 0.9s
  Epoch 249/800 | Total: 3.114 Edge: 0.334 Con: 0.167 Cls: 1.351 Hist: 0.8771 Path: 0.3846 | 1.1s
  Epoch 250/800 | Total: 3.161 Edge: 0.336 Con: 0.168 Cls: 1.378 Hist: 0.8905 Path: 0.3884 | Val F1: 0.3687 | 0.9s
  Epoch 251/800 | Total: 3.124 Edge: 0.337 Con: 0.167 Cls: 1.355 Hist: 0.8776 Path: 0.3877 | 1.1s
  Epoch 252/800 | Total: 3.124 Edge: 0.338 Con: 0.168 Cls: 1.356 Hist: 0.8752 Path: 0.3870 | 0.9s
  Epoch 253/800 | Total: 3.148 Edge: 0.347 Con: 0.168 Cls: 1.359 Hist: 0.8772 Path: 0.3965 | 0.9s
  Epoch 254/800 | Total: 3.135 Edge: 0.343 Con: 0.165 Cls: 1.355 Hist: 0.8771 Path: 0.3948 | 1.1s
  Epoch 255/800 | Total: 3.105 Edge: 0.339 Con: 0.166 Cls: 1.344 Hist: 0.8698 Path: 0.3857 | Val F1: 0.3729 | 0.9s
  Epoch 256/800 | Total: 3.091 Edge: 0.334 Con: 0.167 Cls: 1.341 Hist: 0.8673 Path: 0.3826 | 1.1s
  Epoch 257/800 | Total: 3.103 Edge: 0.335 Con: 0.166 Cls: 1.346 Hist: 0.8705 Path: 0.3847 | 0.9s
  Epoch 258/800 | Total: 3.092 Edge: 0.335 Con: 0.167 Cls: 1.336 Hist: 0.8672 Path: 0.3853 | 1.0s
  Epoch 259/800 | Total: 3.109 Edge: 0.335 Con: 0.166 Cls: 1.350 Hist: 0.8699 Path: 0.3883 | 0.9s
  Epoch 260/800 | Total: 3.167 Edge: 0.339 Con: 0.166 Cls: 1.379 Hist: 0.8879 Path: 0.3938 | Val F1: 0.3749 | 0.9s
  Epoch 261/800 | Total: 3.139 Edge: 0.343 Con: 0.166 Cls: 1.361 Hist: 0.8799 Path: 0.3885 | 0.9s
  Epoch 262/800 | Total: 3.131 Edge: 0.341 Con: 0.167 Cls: 1.363 Hist: 0.8769 Path: 0.3843 | 1.1s
  Epoch 263/800 | Total: 3.150 Edge: 0.344 Con: 0.167 Cls: 1.369 Hist: 0.8836 Path: 0.3859 | 1.0s
  Epoch 264/800 | Total: 3.108 Edge: 0.335 Con: 0.167 Cls: 1.350 Hist: 0.8720 Path: 0.3842 | 1.0s
  Epoch 265/800 | Total: 3.154 Edge: 0.340 Con: 0.167 Cls: 1.373 Hist: 0.8827 Path: 0.3912 | Val F1: 0.3471 | 0.9s
  Epoch 266/800 | Total: 3.148 Edge: 0.342 Con: 0.168 Cls: 1.364 Hist: 0.8755 Path: 0.3987 | 1.1s
  Epoch 267/800 | Total: 3.154 Edge: 0.349 Con: 0.167 Cls: 1.362 Hist: 0.8715 Path: 0.4049 | 0.9s
  Epoch 268/800 | Total: 3.175 Edge: 0.342 Con: 0.168 Cls: 1.380 Hist: 0.8900 Path: 0.3938 | 1.1s
  Epoch 269/800 | Total: 3.094 Edge: 0.338 Con: 0.166 Cls: 1.339 Hist: 0.8639 Path: 0.3865 | 0.9s
  Epoch 270/800 | Total: 3.099 Edge: 0.336 Con: 0.168 Cls: 1.343 Hist: 0.8662 Path: 0.3860 | Val F1: 0.3708 | 1.1s
  Epoch 271/800 | Total: 3.109 Edge: 0.336 Con: 0.168 Cls: 1.351 Hist: 0.8713 Path: 0.3834 | 1.1s
  Epoch 272/800 | Total: 3.081 Edge: 0.330 Con: 0.164 Cls: 1.343 Hist: 0.8653 Path: 0.3782 | 0.9s
  Epoch 273/800 | Total: 3.064 Edge: 0.329 Con: 0.166 Cls: 1.330 Hist: 0.8613 Path: 0.3780 | 0.9s
  Epoch 274/800 | Total: 3.061 Edge: 0.329 Con: 0.166 Cls: 1.325 Hist: 0.8620 Path: 0.3787 | 1.1s
  Epoch 275/800 | Total: 3.045 Edge: 0.329 Con: 0.166 Cls: 1.320 Hist: 0.8508 Path: 0.3789 | Val F1: 0.3661 | 0.9s
  Epoch 276/800 | Total: 3.130 Edge: 0.335 Con: 0.168 Cls: 1.358 Hist: 0.8818 Path: 0.3872 | 0.9s
  Epoch 277/800 | Total: 3.091 Edge: 0.335 Con: 0.166 Cls: 1.342 Hist: 0.8648 Path: 0.3830 | 1.1s
  Epoch 278/800 | Total: 3.083 Edge: 0.335 Con: 0.165 Cls: 1.335 Hist: 0.8649 Path: 0.3832 | 0.9s
  Epoch 279/800 | Total: 3.088 Edge: 0.336 Con: 0.166 Cls: 1.338 Hist: 0.8633 Path: 0.3845 | 0.9s
  Epoch 280/800 | Total: 3.071 Edge: 0.334 Con: 0.166 Cls: 1.329 Hist: 0.8551 Path: 0.3873 | Val F1: 0.3724 | 0.9s
  Epoch 281/800 | Total: 3.067 Edge: 0.337 Con: 0.165 Cls: 1.325 Hist: 0.8487 Path: 0.3910 | 1.1s
  Epoch 282/800 | Total: 3.077 Edge: 0.333 Con: 0.166 Cls: 1.337 Hist: 0.8625 Path: 0.3798 | 1.2s
  Epoch 283/800 | Total: 3.091 Edge: 0.332 Con: 0.166 Cls: 1.345 Hist: 0.8658 Path: 0.3826 | 1.1s
  Epoch 284/800 | Total: 3.162 Edge: 0.337 Con: 0.168 Cls: 1.381 Hist: 0.8881 Path: 0.3887 | 1.2s
  Epoch 285/800 | Total: 3.178 Edge: 0.345 Con: 0.167 Cls: 1.378 Hist: 0.8902 Path: 0.3985 | Val F1: 0.3619 | 1.1s
  Epoch 286/800 | Total: 3.109 Edge: 0.335 Con: 0.166 Cls: 1.345 Hist: 0.8755 Path: 0.3879 | 1.1s
  Epoch 287/800 | Total: 3.129 Edge: 0.338 Con: 0.167 Cls: 1.357 Hist: 0.8766 Path: 0.3905 | 1.1s
  Epoch 288/800 | Total: 3.082 Edge: 0.336 Con: 0.168 Cls: 1.336 Hist: 0.8573 Path: 0.3853 | 0.9s
  Epoch 289/800 | Total: 3.070 Edge: 0.334 Con: 0.166 Cls: 1.332 Hist: 0.8580 Path: 0.3799 | 1.1s
  Epoch 290/800 | Total: 3.086 Edge: 0.333 Con: 0.165 Cls: 1.342 Hist: 0.8668 Path: 0.3790 | Val F1: 0.3660 | 1.2s
  Epoch 291/800 | Total: 3.093 Edge: 0.336 Con: 0.166 Cls: 1.342 Hist: 0.8687 Path: 0.3808 | 1.1s
  Epoch 292/800 | Total: 3.081 Edge: 0.339 Con: 0.167 Cls: 1.333 Hist: 0.8558 Path: 0.3856 | 1.0s
  Epoch 293/800 | Total: 3.137 Edge: 0.337 Con: 0.165 Cls: 1.365 Hist: 0.8832 Path: 0.3873 | 1.0s
  Epoch 294/800 | Total: 3.090 Edge: 0.331 Con: 0.165 Cls: 1.343 Hist: 0.8678 Path: 0.3840 | 1.2s
  Epoch 295/800 | Total: 3.107 Edge: 0.336 Con: 0.165 Cls: 1.345 Hist: 0.8686 Path: 0.3919 | Val F1: 0.3793 | 1.0s
  Epoch 296/800 | Total: 3.094 Edge: 0.332 Con: 0.168 Cls: 1.338 Hist: 0.8646 Path: 0.3907 | 1.1s
  Epoch 297/800 | Total: 3.052 Edge: 0.330 Con: 0.166 Cls: 1.321 Hist: 0.8560 Path: 0.3790 | 1.0s
  Epoch 298/800 | Total: 3.056 Edge: 0.328 Con: 0.167 Cls: 1.325 Hist: 0.8613 Path: 0.3732 | 1.1s
  Epoch 299/800 | Total: 3.091 Edge: 0.331 Con: 0.168 Cls: 1.348 Hist: 0.8661 Path: 0.3781 | 1.1s
  Epoch 300/800 | Total: 3.075 Edge: 0.330 Con: 0.167 Cls: 1.334 Hist: 0.8598 Path: 0.3852 | Val F1: 0.3801 | 1.1s
  Epoch 301/800 | Total: 3.073 Edge: 0.333 Con: 0.165 Cls: 1.329 Hist: 0.8570 Path: 0.3892 | 1.1s
  Epoch 302/800 | Total: 3.063 Edge: 0.328 Con: 0.165 Cls: 1.331 Hist: 0.8606 Path: 0.3782 | 1.1s
  Epoch 303/800 | Total: 3.066 Edge: 0.333 Con: 0.166 Cls: 1.332 Hist: 0.8593 Path: 0.3757 | 1.0s
  Epoch 304/800 | Total: 3.137 Edge: 0.339 Con: 0.166 Cls: 1.366 Hist: 0.8773 Path: 0.3876 | 1.1s
  Epoch 305/800 | Total: 3.083 Edge: 0.333 Con: 0.165 Cls: 1.339 Hist: 0.8621 Path: 0.3832 | Val F1: 0.3707 | 0.9s
  Epoch 306/800 | Total: 3.067 Edge: 0.334 Con: 0.167 Cls: 1.326 Hist: 0.8513 Path: 0.3883 | 0.9s
  Epoch 307/800 | Total: 3.066 Edge: 0.332 Con: 0.165 Cls: 1.328 Hist: 0.8608 Path: 0.3805 | 1.2s
  Epoch 308/800 | Total: 3.061 Edge: 0.332 Con: 0.166 Cls: 1.325 Hist: 0.8563 Path: 0.3812 | 1.2s
  Epoch 309/800 | Total: 3.053 Edge: 0.336 Con: 0.166 Cls: 1.316 Hist: 0.8532 Path: 0.3826 | 1.1s
  Epoch 310/800 | Total: 3.053 Edge: 0.331 Con: 0.166 Cls: 1.322 Hist: 0.8535 Path: 0.3797 | Val F1: 0.3797 | 1.1s
  Epoch 311/800 | Total: 3.064 Edge: 0.331 Con: 0.166 Cls: 1.321 Hist: 0.8546 Path: 0.3908 | 1.2s
  Epoch 312/800 | Total: 3.074 Edge: 0.332 Con: 0.167 Cls: 1.332 Hist: 0.8554 Path: 0.3877 | 1.2s
  Epoch 313/800 | Total: 3.087 Edge: 0.329 Con: 0.165 Cls: 1.340 Hist: 0.8725 Path: 0.3803 | 1.1s
  Epoch 314/800 | Total: 3.081 Edge: 0.330 Con: 0.165 Cls: 1.343 Hist: 0.8633 Path: 0.3799 | 1.2s
  Epoch 315/800 | Total: 3.056 Edge: 0.331 Con: 0.165 Cls: 1.322 Hist: 0.8579 Path: 0.3802 | Val F1: 0.3725 | 1.2s
  Epoch 316/800 | Total: 3.052 Edge: 0.333 Con: 0.166 Cls: 1.318 Hist: 0.8551 Path: 0.3808 | 1.3s
  Epoch 317/800 | Total: 3.077 Edge: 0.332 Con: 0.167 Cls: 1.336 Hist: 0.8597 Path: 0.3824 | 1.4s
  Epoch 318/800 | Total: 3.098 Edge: 0.330 Con: 0.167 Cls: 1.348 Hist: 0.8705 Path: 0.3824 | 1.3s
  Epoch 319/800 | Total: 3.096 Edge: 0.330 Con: 0.165 Cls: 1.354 Hist: 0.8659 Path: 0.3810 | 1.2s
  Epoch 320/800 | Total: 3.091 Edge: 0.332 Con: 0.165 Cls: 1.345 Hist: 0.8675 Path: 0.3815 | Val F1: 0.3680 | 1.3s
  Epoch 321/800 | Total: 3.152 Edge: 0.338 Con: 0.166 Cls: 1.372 Hist: 0.8871 Path: 0.3885 | 1.7s
  Epoch 322/800 | Total: 3.115 Edge: 0.335 Con: 0.167 Cls: 1.353 Hist: 0.8742 Path: 0.3856 | 1.8s
  Epoch 323/800 | Total: 3.108 Edge: 0.334 Con: 0.165 Cls: 1.347 Hist: 0.8712 Path: 0.3906 | 1.1s
  Epoch 324/800 | Total: 3.118 Edge: 0.334 Con: 0.165 Cls: 1.354 Hist: 0.8777 Path: 0.3880 | 1.2s
  Epoch 325/800 | Total: 3.065 Edge: 0.334 Con: 0.165 Cls: 1.329 Hist: 0.8519 Path: 0.3843 | Val F1: 0.3768 | 1.1s
  Epoch 326/800 | Total: 3.085 Edge: 0.332 Con: 0.165 Cls: 1.339 Hist: 0.8678 Path: 0.3813 | 1.1s
  Epoch 327/800 | Total: 3.138 Edge: 0.333 Con: 0.165 Cls: 1.372 Hist: 0.8890 Path: 0.3791 | 1.1s
  Epoch 328/800 | Total: 3.073 Edge: 0.330 Con: 0.164 Cls: 1.340 Hist: 0.8618 Path: 0.3762 | 1.1s
  Epoch 329/800 | Total: 3.049 Edge: 0.331 Con: 0.165 Cls: 1.322 Hist: 0.8556 Path: 0.3757 | 1.2s
  Epoch 330/800 | Total: 3.058 Edge: 0.327 Con: 0.166 Cls: 1.332 Hist: 0.8639 Path: 0.3698 | Val F1: 0.3800 | 1.1s
  Epoch 331/800 | Total: 3.092 Edge: 0.328 Con: 0.167 Cls: 1.351 Hist: 0.8710 Path: 0.3753 | 1.2s
  Epoch 332/800 | Total: 3.093 Edge: 0.330 Con: 0.167 Cls: 1.347 Hist: 0.8671 Path: 0.3827 | 1.1s
  Epoch 333/800 | Total: 3.137 Edge: 0.332 Con: 0.165 Cls: 1.372 Hist: 0.8844 Path: 0.3833 | 0.9s
  Epoch 334/800 | Total: 3.055 Edge: 0.330 Con: 0.165 Cls: 1.322 Hist: 0.8597 Path: 0.3789 | 1.1s
  Epoch 335/800 | Total: 3.055 Edge: 0.334 Con: 0.165 Cls: 1.316 Hist: 0.8512 Path: 0.3891 | Val F1: 0.3823 | 1.0s
  Epoch 336/800 | Total: 3.103 Edge: 0.341 Con: 0.165 Cls: 1.326 Hist: 0.8573 Path: 0.4137 | 1.0s
  Epoch 337/800 | Total: 3.072 Edge: 0.338 Con: 0.165 Cls: 1.325 Hist: 0.8559 Path: 0.3884 | 1.0s
  Epoch 338/800 | Total: 3.066 Edge: 0.332 Con: 0.166 Cls: 1.328 Hist: 0.8575 Path: 0.3832 | 1.1s
  Epoch 339/800 | Total: 3.039 Edge: 0.330 Con: 0.164 Cls: 1.316 Hist: 0.8544 Path: 0.3741 | 1.0s
  Epoch 340/800 | Total: 3.043 Edge: 0.326 Con: 0.166 Cls: 1.320 Hist: 0.8531 Path: 0.3783 | Val F1: 0.3677 | 1.1s
  Epoch 341/800 | Total: 3.100 Edge: 0.328 Con: 0.165 Cls: 1.350 Hist: 0.8729 Path: 0.3844 | 1.1s
  Epoch 342/800 | Total: 3.125 Edge: 0.328 Con: 0.166 Cls: 1.367 Hist: 0.8832 Path: 0.3810 | 1.0s
  Epoch 343/800 | Total: 3.047 Edge: 0.329 Con: 0.166 Cls: 1.320 Hist: 0.8512 Path: 0.3810 | 1.0s
  Epoch 344/800 | Total: 3.029 Edge: 0.329 Con: 0.165 Cls: 1.306 Hist: 0.8504 Path: 0.3786 | 1.1s
  Epoch 345/800 | Total: 3.056 Edge: 0.330 Con: 0.166 Cls: 1.325 Hist: 0.8576 Path: 0.3782 | Val F1: 0.3699 | 1.0s
  Epoch 346/800 | Total: 3.054 Edge: 0.328 Con: 0.166 Cls: 1.329 Hist: 0.8516 Path: 0.3788 | 1.0s
  Epoch 347/800 | Total: 3.057 Edge: 0.329 Con: 0.166 Cls: 1.327 Hist: 0.8608 Path: 0.3747 | 1.0s
  Epoch 348/800 | Total: 3.080 Edge: 0.331 Con: 0.165 Cls: 1.342 Hist: 0.8655 Path: 0.3771 | 1.0s
  Epoch 349/800 | Total: 3.096 Edge: 0.331 Con: 0.167 Cls: 1.345 Hist: 0.8722 Path: 0.3807 | 1.1s
  Epoch 350/800 | Total: 3.063 Edge: 0.330 Con: 0.166 Cls: 1.327 Hist: 0.8590 Path: 0.3813 | Val F1: 0.3666 | 1.1s
  Epoch 351/800 | Total: 3.067 Edge: 0.324 Con: 0.163 Cls: 1.343 Hist: 0.8620 Path: 0.3743 | 1.0s
  Epoch 352/800 | Total: 3.050 Edge: 0.326 Con: 0.166 Cls: 1.325 Hist: 0.8585 Path: 0.3748 | 0.9s
  Epoch 353/800 | Total: 3.068 Edge: 0.326 Con: 0.166 Cls: 1.337 Hist: 0.8617 Path: 0.3775 | 0.9s
  Epoch 354/800 | Total: 3.040 Edge: 0.326 Con: 0.165 Cls: 1.319 Hist: 0.8517 Path: 0.3782 | 1.1s
  Epoch 355/800 | Total: 3.041 Edge: 0.327 Con: 0.166 Cls: 1.319 Hist: 0.8537 Path: 0.3763 | Val F1: 0.3805 | 0.9s
  Epoch 356/800 | Total: 3.039 Edge: 0.328 Con: 0.166 Cls: 1.316 Hist: 0.8505 Path: 0.3791 | 1.1s
  Epoch 357/800 | Total: 3.045 Edge: 0.326 Con: 0.165 Cls: 1.320 Hist: 0.8564 Path: 0.3781 | 0.9s
  Epoch 358/800 | Total: 3.045 Edge: 0.328 Con: 0.165 Cls: 1.318 Hist: 0.8552 Path: 0.3787 | 1.1s
  Epoch 359/800 | Total: 3.086 Edge: 0.334 Con: 0.167 Cls: 1.334 Hist: 0.8634 Path: 0.3871 | 0.9s
  Epoch 360/800 | Total: 3.079 Edge: 0.334 Con: 0.165 Cls: 1.330 Hist: 0.8638 Path: 0.3860 | Val F1: 0.3724 | 1.0s
  Epoch 361/800 | Total: 3.045 Edge: 0.331 Con: 0.167 Cls: 1.318 Hist: 0.8458 Path: 0.3842 | 1.0s
  Epoch 362/800 | Total: 3.044 Edge: 0.327 Con: 0.165 Cls: 1.321 Hist: 0.8517 Path: 0.3797 | 1.1s
  Epoch 363/800 | Total: 3.054 Edge: 0.330 Con: 0.166 Cls: 1.322 Hist: 0.8556 Path: 0.3811 | 0.9s
  Epoch 364/800 | Total: 3.060 Edge: 0.328 Con: 0.165 Cls: 1.325 Hist: 0.8586 Path: 0.3827 | 0.9s
  Epoch 365/800 | Total: 3.066 Edge: 0.332 Con: 0.166 Cls: 1.325 Hist: 0.8589 Path: 0.3831 | Val F1: 0.3651 | 1.0s
  Epoch 366/800 | Total: 3.091 Edge: 0.333 Con: 0.164 Cls: 1.341 Hist: 0.8687 Path: 0.3846 | 1.1s
  Epoch 367/800 | Total: 3.115 Edge: 0.332 Con: 0.164 Cls: 1.358 Hist: 0.8805 Path: 0.3817 | 1.1s
  Epoch 368/800 | Total: 3.069 Edge: 0.329 Con: 0.166 Cls: 1.337 Hist: 0.8596 Path: 0.3779 | 1.2s
  Epoch 369/800 | Total: 3.051 Edge: 0.324 Con: 0.165 Cls: 1.328 Hist: 0.8584 Path: 0.3761 | 1.0s
  Epoch 370/800 | Total: 3.039 Edge: 0.326 Con: 0.165 Cls: 1.320 Hist: 0.8529 Path: 0.3742 | Val F1: 0.3776 | 1.2s
  Epoch 371/800 | Total: 3.030 Edge: 0.328 Con: 0.166 Cls: 1.314 Hist: 0.8481 Path: 0.3725 | 1.1s
  Epoch 372/800 | Total: 3.042 Edge: 0.328 Con: 0.166 Cls: 1.321 Hist: 0.8522 Path: 0.3750 | 1.2s
  Epoch 373/800 | Total: 3.028 Edge: 0.329 Con: 0.166 Cls: 1.310 Hist: 0.8482 Path: 0.3751 | 0.9s
  Epoch 374/800 | Total: 3.069 Edge: 0.329 Con: 0.165 Cls: 1.341 Hist: 0.8596 Path: 0.3735 | 1.0s
  Epoch 375/800 | Total: 3.088 Edge: 0.326 Con: 0.165 Cls: 1.346 Hist: 0.8758 Path: 0.3744 | Val F1: 0.3655 | 1.0s
  Epoch 376/800 | Total: 3.074 Edge: 0.328 Con: 0.165 Cls: 1.343 Hist: 0.8634 Path: 0.3748 | 1.1s
  Epoch 377/800 | Total: 3.022 Edge: 0.327 Con: 0.165 Cls: 1.312 Hist: 0.8504 Path: 0.3686 | 1.1s
  Epoch 378/800 | Total: 3.063 Edge: 0.333 Con: 0.165 Cls: 1.327 Hist: 0.8595 Path: 0.3790 | 1.1s
  Epoch 379/800 | Total: 3.057 Edge: 0.331 Con: 0.165 Cls: 1.330 Hist: 0.8563 Path: 0.3750 | 1.1s
  Epoch 380/800 | Total: 3.042 Edge: 0.325 Con: 0.165 Cls: 1.326 Hist: 0.8572 Path: 0.3700 | Val F1: 0.3780 | 0.9s
  Epoch 381/800 | Total: 2.998 Edge: 0.326 Con: 0.165 Cls: 1.297 Hist: 0.8397 Path: 0.3706 | 0.9s
  Epoch 382/800 | Total: 3.037 Edge: 0.325 Con: 0.163 Cls: 1.319 Hist: 0.8560 Path: 0.3739 | 1.1s
  Epoch 383/800 | Total: 3.038 Edge: 0.326 Con: 0.166 Cls: 1.319 Hist: 0.8529 Path: 0.3746 | 0.9s
  Epoch 384/800 | Total: 3.040 Edge: 0.327 Con: 0.164 Cls: 1.318 Hist: 0.8520 Path: 0.3785 | 1.1s
  Epoch 385/800 | Total: 3.020 Edge: 0.326 Con: 0.164 Cls: 1.310 Hist: 0.8417 Path: 0.3784 | Val F1: 0.3811 | 0.9s
  Epoch 386/800 | Total: 3.020 Edge: 0.326 Con: 0.165 Cls: 1.308 Hist: 0.8444 Path: 0.3771 | 1.1s
  Epoch 387/800 | Total: 3.037 Edge: 0.326 Con: 0.165 Cls: 1.319 Hist: 0.8529 Path: 0.3745 | 0.9s
  Epoch 388/800 | Total: 3.080 Edge: 0.330 Con: 0.165 Cls: 1.342 Hist: 0.8674 Path: 0.3765 | 1.1s
  Epoch 389/800 | Total: 3.058 Edge: 0.328 Con: 0.164 Cls: 1.331 Hist: 0.8590 Path: 0.3758 | 1.1s
  Epoch 390/800 | Total: 3.032 Edge: 0.329 Con: 0.164 Cls: 1.317 Hist: 0.8467 Path: 0.3762 | Val F1: 0.3794 | 1.0s
  Epoch 391/800 | Total: 3.083 Edge: 0.330 Con: 0.164 Cls: 1.345 Hist: 0.8729 Path: 0.3712 | 1.1s
  Epoch 392/800 | Total: 3.054 Edge: 0.328 Con: 0.164 Cls: 1.329 Hist: 0.8578 Path: 0.3741 | 0.9s
  Epoch 393/800 | Total: 3.046 Edge: 0.332 Con: 0.164 Cls: 1.317 Hist: 0.8549 Path: 0.3778 | 1.1s
  Epoch 394/800 | Total: 3.038 Edge: 0.330 Con: 0.167 Cls: 1.312 Hist: 0.8489 Path: 0.3795 | 1.1s
  Epoch 395/800 | Total: 3.055 Edge: 0.326 Con: 0.165 Cls: 1.324 Hist: 0.8653 Path: 0.3748 | Val F1: 0.3751 | 1.1s
  Epoch 396/800 | Total: 3.038 Edge: 0.323 Con: 0.165 Cls: 1.322 Hist: 0.8576 Path: 0.3698 | 1.1s
  Epoch 397/800 | Total: 3.024 Edge: 0.325 Con: 0.165 Cls: 1.310 Hist: 0.8498 Path: 0.3731 | 1.1s
  Epoch 398/800 | Total: 3.034 Edge: 0.327 Con: 0.165 Cls: 1.315 Hist: 0.8489 Path: 0.3786 | 1.4s
  Epoch 399/800 | Total: 3.016 Edge: 0.328 Con: 0.165 Cls: 1.307 Hist: 0.8447 Path: 0.3720 | 1.1s
  Epoch 400/800 | Total: 3.015 Edge: 0.322 Con: 0.165 Cls: 1.311 Hist: 0.8444 Path: 0.3735 | Val F1: 0.3894 | 1.2s
  Epoch 401/800 | Total: 3.009 Edge: 0.322 Con: 0.164 Cls: 1.304 Hist: 0.8451 Path: 0.3732 | 1.2s
  Epoch 402/800 | Total: 3.043 Edge: 0.325 Con: 0.165 Cls: 1.323 Hist: 0.8530 Path: 0.3758 | 1.1s
  Epoch 403/800 | Total: 3.052 Edge: 0.327 Con: 0.165 Cls: 1.321 Hist: 0.8581 Path: 0.3812 | 1.2s
  Epoch 404/800 | Total: 3.074 Edge: 0.331 Con: 0.166 Cls: 1.329 Hist: 0.8530 Path: 0.3952 | 1.1s
  Epoch 405/800 | Total: 3.069 Edge: 0.326 Con: 0.164 Cls: 1.338 Hist: 0.8629 Path: 0.3772 | Val F1: 0.3741 | 1.2s
  Epoch 406/800 | Total: 3.044 Edge: 0.328 Con: 0.165 Cls: 1.321 Hist: 0.8532 Path: 0.3774 | 1.2s
  Epoch 407/800 | Total: 3.060 Edge: 0.328 Con: 0.165 Cls: 1.330 Hist: 0.8581 Path: 0.3789 | 1.3s
  Epoch 408/800 | Total: 3.045 Edge: 0.327 Con: 0.166 Cls: 1.322 Hist: 0.8602 Path: 0.3699 | 1.2s
  Epoch 409/800 | Total: 3.006 Edge: 0.322 Con: 0.166 Cls: 1.307 Hist: 0.8437 Path: 0.3677 | 1.4s
  Epoch 410/800 | Total: 3.026 Edge: 0.323 Con: 0.164 Cls: 1.323 Hist: 0.8489 Path: 0.3677 | Val F1: 0.3785 | 1.7s
  Epoch 411/800 | Total: 3.023 Edge: 0.326 Con: 0.165 Cls: 1.309 Hist: 0.8493 Path: 0.3733 | 1.7s
  Epoch 412/800 | Total: 3.059 Edge: 0.328 Con: 0.165 Cls: 1.332 Hist: 0.8619 Path: 0.3713 | 1.2s
  Epoch 413/800 | Total: 3.070 Edge: 0.332 Con: 0.166 Cls: 1.339 Hist: 0.8612 Path: 0.3712 | 1.1s
  Epoch 414/800 | Total: 3.025 Edge: 0.333 Con: 0.163 Cls: 1.311 Hist: 0.8446 Path: 0.3735 | 1.0s
  Epoch 415/800 | Total: 3.059 Edge: 0.329 Con: 0.164 Cls: 1.331 Hist: 0.8577 Path: 0.3776 | Val F1: 0.3688 | 1.2s
  Epoch 416/800 | Total: 3.056 Edge: 0.333 Con: 0.165 Cls: 1.326 Hist: 0.8533 Path: 0.3784 | 1.2s
  Epoch 417/800 | Total: 3.058 Edge: 0.331 Con: 0.166 Cls: 1.329 Hist: 0.8554 Path: 0.3772 | 1.2s
  Epoch 418/800 | Total: 3.048 Edge: 0.331 Con: 0.164 Cls: 1.322 Hist: 0.8528 Path: 0.3795 | 1.1s
  Epoch 419/800 | Total: 3.043 Edge: 0.325 Con: 0.165 Cls: 1.327 Hist: 0.8533 Path: 0.3734 | 1.2s
  Epoch 420/800 | Total: 3.081 Edge: 0.327 Con: 0.165 Cls: 1.344 Hist: 0.8659 Path: 0.3797 | Val F1: 0.3605 | 0.9s
  Epoch 421/800 | Total: 3.066 Edge: 0.325 Con: 0.164 Cls: 1.331 Hist: 0.8617 Path: 0.3841 | 1.1s
  Epoch 422/800 | Total: 3.040 Edge: 0.324 Con: 0.165 Cls: 1.319 Hist: 0.8547 Path: 0.3765 | 0.9s
  Epoch 423/800 | Total: 3.018 Edge: 0.322 Con: 0.165 Cls: 1.310 Hist: 0.8488 Path: 0.3709 | 0.9s
  Epoch 424/800 | Total: 3.036 Edge: 0.327 Con: 0.164 Cls: 1.313 Hist: 0.8477 Path: 0.3846 | 0.9s
  Epoch 425/800 | Total: 3.017 Edge: 0.322 Con: 0.165 Cls: 1.308 Hist: 0.8468 Path: 0.3746 | Val F1: 0.3898 | 1.1s
  Epoch 426/800 | Total: 3.000 Edge: 0.320 Con: 0.165 Cls: 1.302 Hist: 0.8435 Path: 0.3708 | 1.1s
  Epoch 427/800 | Total: 2.981 Edge: 0.321 Con: 0.164 Cls: 1.291 Hist: 0.8360 Path: 0.3687 | 0.9s
  Epoch 428/800 | Total: 3.058 Edge: 0.325 Con: 0.166 Cls: 1.341 Hist: 0.8551 Path: 0.3713 | 0.9s
  Epoch 429/800 | Total: 3.078 Edge: 0.330 Con: 0.165 Cls: 1.348 Hist: 0.8605 Path: 0.3740 | 0.9s
  Epoch 430/800 | Total: 3.044 Edge: 0.327 Con: 0.165 Cls: 1.325 Hist: 0.8546 Path: 0.3719 | Val F1: 0.3839 | 1.1s
  Epoch 431/800 | Total: 2.995 Edge: 0.324 Con: 0.166 Cls: 1.297 Hist: 0.8409 Path: 0.3670 | 0.9s
  Epoch 432/800 | Total: 3.027 Edge: 0.320 Con: 0.165 Cls: 1.322 Hist: 0.8554 Path: 0.3646 | 1.1s
  Epoch 433/800 | Total: 2.993 Edge: 0.320 Con: 0.165 Cls: 1.300 Hist: 0.8451 Path: 0.3632 | 0.9s
  Epoch 434/800 | Total: 2.985 Edge: 0.320 Con: 0.163 Cls: 1.295 Hist: 0.8377 Path: 0.3682 | 0.9s
  Epoch 435/800 | Total: 3.002 Edge: 0.321 Con: 0.164 Cls: 1.305 Hist: 0.8397 Path: 0.3719 | Val F1: 0.3805 | 1.1s
  Epoch 436/800 | Total: 3.012 Edge: 0.323 Con: 0.164 Cls: 1.309 Hist: 0.8451 Path: 0.3708 | 1.0s
  Epoch 437/800 | Total: 3.029 Edge: 0.322 Con: 0.165 Cls: 1.317 Hist: 0.8499 Path: 0.3752 | 1.1s
  Epoch 438/800 | Total: 3.008 Edge: 0.321 Con: 0.164 Cls: 1.307 Hist: 0.8470 Path: 0.3692 | 0.9s
  Epoch 439/800 | Total: 2.995 Edge: 0.324 Con: 0.164 Cls: 1.293 Hist: 0.8397 Path: 0.3749 | 1.1s
  Epoch 440/800 | Total: 3.077 Edge: 0.334 Con: 0.165 Cls: 1.330 Hist: 0.8623 Path: 0.3858 | Val F1: 0.3741 | 0.9s
  Epoch 441/800 | Total: 3.071 Edge: 0.339 Con: 0.164 Cls: 1.324 Hist: 0.8553 Path: 0.3894 | 0.9s
  Epoch 442/800 | Total: 3.052 Edge: 0.333 Con: 0.164 Cls: 1.313 Hist: 0.8536 Path: 0.3888 | 1.1s
  Epoch 443/800 | Total: 3.114 Edge: 0.330 Con: 0.165 Cls: 1.358 Hist: 0.8773 Path: 0.3832 | 1.0s
  Epoch 444/800 | Total: 3.038 Edge: 0.328 Con: 0.164 Cls: 1.316 Hist: 0.8498 Path: 0.3799 | 0.9s
  Epoch 445/800 | Total: 3.094 Edge: 0.335 Con: 0.165 Cls: 1.348 Hist: 0.8651 Path: 0.3808 | Val F1: 0.3626 | 0.9s
  Epoch 446/800 | Total: 3.043 Edge: 0.337 Con: 0.165 Cls: 1.314 Hist: 0.8504 Path: 0.3776 | 0.9s
  Epoch 447/800 | Total: 3.043 Edge: 0.327 Con: 0.165 Cls: 1.321 Hist: 0.8564 Path: 0.3730 | 1.1s
  Epoch 448/800 | Total: 3.031 Edge: 0.328 Con: 0.165 Cls: 1.316 Hist: 0.8511 Path: 0.3706 | 0.9s
  Epoch 449/800 | Total: 3.002 Edge: 0.326 Con: 0.165 Cls: 1.303 Hist: 0.8415 Path: 0.3678 | 0.9s
  Epoch 450/800 | Total: 3.012 Edge: 0.328 Con: 0.164 Cls: 1.301 Hist: 0.8453 Path: 0.3738 | Val F1: 0.3787 | 0.9s
  Epoch 451/800 | Total: 3.032 Edge: 0.324 Con: 0.164 Cls: 1.320 Hist: 0.8549 Path: 0.3702 | 1.0s
  Epoch 452/800 | Total: 3.024 Edge: 0.324 Con: 0.165 Cls: 1.311 Hist: 0.8503 Path: 0.3734 | 1.0s
  Epoch 453/800 | Total: 3.008 Edge: 0.323 Con: 0.165 Cls: 1.304 Hist: 0.8436 Path: 0.3724 | 1.1s
  Epoch 454/800 | Total: 3.023 Edge: 0.323 Con: 0.164 Cls: 1.316 Hist: 0.8499 Path: 0.3704 | 1.1s
  Epoch 455/800 | Total: 3.033 Edge: 0.325 Con: 0.165 Cls: 1.315 Hist: 0.8465 Path: 0.3811 | Val F1: 0.3804 | 1.0s
  Epoch 456/800 | Total: 3.035 Edge: 0.327 Con: 0.166 Cls: 1.315 Hist: 0.8476 Path: 0.3794 | 1.2s
  Epoch 457/800 | Total: 3.047 Edge: 0.332 Con: 0.164 Cls: 1.312 Hist: 0.8511 Path: 0.3880 | 1.1s
  Epoch 458/800 | Total: 3.039 Edge: 0.328 Con: 0.166 Cls: 1.315 Hist: 0.8511 Path: 0.3775 | 1.1s
  Epoch 459/800 | Total: 3.021 Edge: 0.321 Con: 0.165 Cls: 1.320 Hist: 0.8466 Path: 0.3692 | 1.1s
  Epoch 460/800 | Total: 3.071 Edge: 0.325 Con: 0.165 Cls: 1.342 Hist: 0.8664 Path: 0.3719 | Val F1: 0.3784 | 0.9s
  Epoch 461/800 | Total: 3.037 Edge: 0.326 Con: 0.165 Cls: 1.322 Hist: 0.8533 Path: 0.3715 | 1.1s
  Epoch 462/800 | Total: 3.031 Edge: 0.324 Con: 0.163 Cls: 1.321 Hist: 0.8519 Path: 0.3711 | 1.0s
  Epoch 463/800 | Total: 3.013 Edge: 0.326 Con: 0.166 Cls: 1.307 Hist: 0.8457 Path: 0.3687 | 1.1s
  Epoch 464/800 | Total: 2.992 Edge: 0.323 Con: 0.166 Cls: 1.294 Hist: 0.8389 Path: 0.3705 | 1.1s
  Epoch 465/800 | Total: 2.994 Edge: 0.324 Con: 0.165 Cls: 1.298 Hist: 0.8407 Path: 0.3665 | Val F1: 0.3881 | 1.2s
  Epoch 466/800 | Total: 2.973 Edge: 0.321 Con: 0.164 Cls: 1.286 Hist: 0.8350 Path: 0.3666 | 1.0s
  Epoch 467/800 | Total: 2.983 Edge: 0.319 Con: 0.164 Cls: 1.297 Hist: 0.8403 Path: 0.3633 | 1.0s
  Epoch 468/800 | Total: 3.019 Edge: 0.320 Con: 0.164 Cls: 1.319 Hist: 0.8525 Path: 0.3638 | 1.1s
  Epoch 469/800 | Total: 3.023 Edge: 0.324 Con: 0.164 Cls: 1.313 Hist: 0.8487 Path: 0.3738 | 0.9s
  Epoch 470/800 | Total: 3.036 Edge: 0.324 Con: 0.164 Cls: 1.321 Hist: 0.8554 Path: 0.3714 | Val F1: 0.3757 | 1.1s
  Epoch 471/800 | Total: 3.032 Edge: 0.323 Con: 0.164 Cls: 1.316 Hist: 0.8542 Path: 0.3747 | 0.9s
  Epoch 472/800 | Total: 3.045 Edge: 0.325 Con: 0.164 Cls: 1.327 Hist: 0.8518 Path: 0.3759 | 1.0s
  Epoch 473/800 | Total: 3.025 Edge: 0.324 Con: 0.164 Cls: 1.311 Hist: 0.8481 Path: 0.3774 | 1.1s
  Epoch 474/800 | Total: 2.989 Edge: 0.320 Con: 0.163 Cls: 1.295 Hist: 0.8352 Path: 0.3750 | 1.1s
  Epoch 475/800 | Total: 3.003 Edge: 0.326 Con: 0.165 Cls: 1.291 Hist: 0.8385 Path: 0.3825 | Val F1: 0.3830 | 1.1s
  Epoch 476/800 | Total: 2.997 Edge: 0.320 Con: 0.163 Cls: 1.299 Hist: 0.8405 Path: 0.3741 | 1.1s
  Epoch 477/800 | Total: 2.984 Edge: 0.324 Con: 0.165 Cls: 1.286 Hist: 0.8366 Path: 0.3725 | 1.0s
  Epoch 478/800 | Total: 3.000 Edge: 0.321 Con: 0.166 Cls: 1.301 Hist: 0.8392 Path: 0.3730 | 1.1s
  Epoch 479/800 | Total: 3.021 Edge: 0.322 Con: 0.164 Cls: 1.316 Hist: 0.8484 Path: 0.3703 | 1.1s
  Epoch 480/800 | Total: 3.024 Edge: 0.321 Con: 0.163 Cls: 1.312 Hist: 0.8569 Path: 0.3711 | Val F1: 0.3710 | 1.1s
  Epoch 481/800 | Total: 3.001 Edge: 0.323 Con: 0.164 Cls: 1.301 Hist: 0.8415 Path: 0.3715 | 1.1s
  Epoch 482/800 | Total: 3.027 Edge: 0.321 Con: 0.165 Cls: 1.319 Hist: 0.8514 Path: 0.3712 | 1.2s
  Epoch 483/800 | Total: 2.993 Edge: 0.324 Con: 0.165 Cls: 1.292 Hist: 0.8378 Path: 0.3739 | 1.3s
  Epoch 484/800 | Total: 3.020 Edge: 0.324 Con: 0.165 Cls: 1.311 Hist: 0.8473 Path: 0.3729 | 1.1s
  Epoch 485/800 | Total: 2.999 Edge: 0.322 Con: 0.164 Cls: 1.302 Hist: 0.8419 Path: 0.3685 | Val F1: 0.3801 | 1.2s
  Epoch 486/800 | Total: 2.992 Edge: 0.321 Con: 0.165 Cls: 1.299 Hist: 0.8407 Path: 0.3665 | 1.2s
  Epoch 487/800 | Total: 3.050 Edge: 0.328 Con: 0.164 Cls: 1.330 Hist: 0.8558 Path: 0.3724 | 1.2s
  Epoch 488/800 | Total: 3.047 Edge: 0.323 Con: 0.164 Cls: 1.331 Hist: 0.8608 Path: 0.3688 | 1.1s
  Epoch 489/800 | Total: 3.023 Edge: 0.323 Con: 0.164 Cls: 1.312 Hist: 0.8518 Path: 0.3715 | 1.2s
  Epoch 490/800 | Total: 3.001 Edge: 0.320 Con: 0.164 Cls: 1.305 Hist: 0.8456 Path: 0.3664 | Val F1: 0.3815 | 1.3s
  Epoch 491/800 | Total: 3.156 Edge: 0.331 Con: 0.164 Cls: 1.389 Hist: 0.8891 Path: 0.3829 | 1.2s
  Epoch 492/800 | Total: 3.177 Edge: 0.335 Con: 0.169 Cls: 1.394 Hist: 0.8942 Path: 0.3857 | 1.2s
  Epoch 493/800 | Total: 3.130 Edge: 0.333 Con: 0.168 Cls: 1.364 Hist: 0.8800 Path: 0.3845 | 1.2s
  Epoch 494/800 | Total: 3.076 Edge: 0.334 Con: 0.164 Cls: 1.341 Hist: 0.8600 Path: 0.3764 | 1.2s
  Epoch 495/800 | Total: 3.051 Edge: 0.336 Con: 0.167 Cls: 1.322 Hist: 0.8512 Path: 0.3757 | Val F1: 0.3817 | 1.4s
  Epoch 496/800 | Total: 3.012 Edge: 0.326 Con: 0.165 Cls: 1.306 Hist: 0.8428 Path: 0.3719 | 1.7s
  Epoch 497/800 | Total: 2.996 Edge: 0.322 Con: 0.164 Cls: 1.297 Hist: 0.8399 Path: 0.3726 | 1.5s
  Epoch 498/800 | Total: 3.012 Edge: 0.320 Con: 0.164 Cls: 1.313 Hist: 0.8433 Path: 0.3719 | 1.2s
  Epoch 499/800 | Total: 3.072 Edge: 0.322 Con: 0.165 Cls: 1.345 Hist: 0.8661 Path: 0.3742 | 1.3s
  Epoch 500/800 | Total: 3.021 Edge: 0.322 Con: 0.164 Cls: 1.313 Hist: 0.8496 Path: 0.3722 | Val F1: 0.3858 | 1.1s
  Epoch 501/800 | Total: 2.992 Edge: 0.319 Con: 0.163 Cls: 1.300 Hist: 0.8408 Path: 0.3694 | 1.3s
  Epoch 502/800 | Total: 2.982 Edge: 0.320 Con: 0.164 Cls: 1.295 Hist: 0.8378 Path: 0.3655 | 1.2s
  Epoch 503/800 | Total: 3.008 Edge: 0.321 Con: 0.164 Cls: 1.308 Hist: 0.8468 Path: 0.3685 | 1.1s
  Epoch 504/800 | Total: 3.000 Edge: 0.321 Con: 0.165 Cls: 1.304 Hist: 0.8452 Path: 0.3645 | 1.1s
  Epoch 505/800 | Total: 3.013 Edge: 0.323 Con: 0.164 Cls: 1.308 Hist: 0.8469 Path: 0.3707 | Val F1: 0.3794 | 1.1s
  Epoch 506/800 | Total: 2.997 Edge: 0.323 Con: 0.164 Cls: 1.296 Hist: 0.8403 Path: 0.3735 | 1.1s
  Epoch 507/800 | Total: 3.001 Edge: 0.325 Con: 0.166 Cls: 1.299 Hist: 0.8412 Path: 0.3711 | 1.0s
  Epoch 508/800 | Total: 3.042 Edge: 0.329 Con: 0.165 Cls: 1.320 Hist: 0.8516 Path: 0.3772 | 1.1s
  Epoch 509/800 | Total: 3.035 Edge: 0.326 Con: 0.164 Cls: 1.315 Hist: 0.8530 Path: 0.3775 | 0.9s
  Epoch 510/800 | Total: 3.134 Edge: 0.330 Con: 0.165 Cls: 1.373 Hist: 0.8828 Path: 0.3836 | Val F1: 0.3675 | 0.9s
  Epoch 511/800 | Total: 3.115 Edge: 0.340 Con: 0.167 Cls: 1.344 Hist: 0.8682 Path: 0.3959 | 1.1s
  Epoch 512/800 | Total: 3.029 Edge: 0.333 Con: 0.164 Cls: 1.304 Hist: 0.8418 Path: 0.3862 | 1.0s
  Epoch 513/800 | Total: 3.052 Edge: 0.323 Con: 0.163 Cls: 1.329 Hist: 0.8683 Path: 0.3685 | 1.1s
  Epoch 514/800 | Total: 2.996 Edge: 0.321 Con: 0.163 Cls: 1.301 Hist: 0.8444 Path: 0.3666 | 1.0s
  Epoch 515/800 | Total: 2.970 Edge: 0.317 Con: 0.165 Cls: 1.291 Hist: 0.8339 Path: 0.3635 | Val F1: 0.3890 | 1.0s
  Epoch 516/800 | Total: 2.951 Edge: 0.315 Con: 0.163 Cls: 1.283 Hist: 0.8288 Path: 0.3612 | 1.1s
  Epoch 517/800 | Total: 2.963 Edge: 0.318 Con: 0.163 Cls: 1.292 Hist: 0.8315 Path: 0.3589 | 1.1s
  Epoch 518/800 | Total: 2.962 Edge: 0.319 Con: 0.163 Cls: 1.285 Hist: 0.8303 Path: 0.3638 | 1.0s
  Epoch 519/800 | Total: 2.966 Edge: 0.319 Con: 0.165 Cls: 1.285 Hist: 0.8325 Path: 0.3651 | 0.9s
  Epoch 520/800 | Total: 2.968 Edge: 0.319 Con: 0.163 Cls: 1.288 Hist: 0.8365 Path: 0.3619 | Val F1: 0.3876 | 1.1s
  Epoch 521/800 | Total: 2.974 Edge: 0.323 Con: 0.163 Cls: 1.290 Hist: 0.8331 Path: 0.3642 | 0.9s
  Epoch 522/800 | Total: 2.996 Edge: 0.332 Con: 0.164 Cls: 1.291 Hist: 0.8338 Path: 0.3750 | 1.1s
  Epoch 523/800 | Total: 3.010 Edge: 0.326 Con: 0.163 Cls: 1.305 Hist: 0.8420 Path: 0.3741 | 1.0s
  Epoch 524/800 | Total: 3.028 Edge: 0.321 Con: 0.164 Cls: 1.315 Hist: 0.8553 Path: 0.3724 | 1.1s
  Epoch 525/800 | Total: 3.065 Edge: 0.321 Con: 0.166 Cls: 1.342 Hist: 0.8667 Path: 0.3695 | Val F1: 0.3798 | 1.0s
  Early stopping at epoch 525
  Best Val F1: 0.3898 | Test F1: 0.3924
  Total training time: 685.4s (11.4 min)

======================================================================
  Val  Macro-F1: 0.3898
  Test Macro-F1: 0.3924
  Test Accuracy: 0.6345
  Time: 687.4s
======================================================================

  Results saved to: results/NESS_ogbn-arxiv_MCAR_0.8_20260723_144616
