usage: main_benchmark_ogbn.py [-h]
                              --model {NeighAggre,GraphSAGE,KNN,MATE,FP,PaGCN,NESS}
                              [--dataset {cora,citeseer,amac,amap,ogbn-products,ogbn-arxiv}]
                              [--missingness {MCAR,MAR,MNAR}]
                              [--miss_rate MISS_RATE] [--seed SEED]
                              [--data_root DATA_ROOT] [--cuda]
                              [--device DEVICE] [--hidden HIDDEN]
                              [--dropout DROPOUT] [--lr LR]
                              [--weight_decay WEIGHT_DECAY] [--epochs EPOCHS]
                              [--patience PATIENCE] [--batch_size BATCH_SIZE]
                              [--K K] [--max_hops MAX_HOPS] [--w_edge W_EDGE]
                              [--w_cls W_CLS] [--w_con W_CON]
                              [--w_recon W_RECON] [--w_hist W_HIST]
                              [--w_path W_PATH] [--w_triplet W_TRIPLET]
                              [--w_anchor W_ANCHOR] [--w_stats W_STATS]
                              [--w_centroid W_CENTROID] [--walk_len WALK_LEN]
                              [--num_anchors NUM_ANCHORS]
                              [--anchor_resample ANCHOR_RESAMPLE]
                              [--ssl_objective [SSL_OBJECTIVE ...]]
                              [--view2 {edge_mask,dropout,feat_mask,ppr,prefill_contrast,deep}]
                              [--encoder_layer {gcn,sage,gat}]
                              [--num_layers NUM_LAYERS] [--freeze_landmarks]
                              [--anchor_local] [--anchor_fixed]
                              [--anchor_local_hops ANCHOR_LOCAL_HOPS]
                              [--single_view] [--ppr_on_prefilled]
                              [--num_parts NUM_PARTS]
                              [--cache_device {cpu,gpu}] [--prefill {zero,fp}]
                              [--ssl_hops SSL_HOPS]
main_benchmark_ogbn.py: error: unrecognized arguments: --fp_iterations 20
