/home/erfan/MATE/venv/lib/python3.13/site-packages/outdated/__init__.py:36: UserWarning: pkg_resources is deprecated as an API. See https://setuptools.pypa.io/en/latest/pkg_resources.html. The pkg_resources package is slated for removal as early as 2025-11-30. Refrain from using this package or pin to Setuptools<81.
  from pkg_resources import parse_version
/home/erfan/MATE/ogbn_benchmarks/data_loader.py:96: UserWarning: Sparse invariant checks are implicitly disabled. Memory errors (e.g. SEGFAULT) will occur when operating on a sparse tensor which violates the invariants, but checks incur performance overhead. To silence this warning, explicitly opt in or out. See `torch.sparse.check_sparse_tensor_invariants.__doc__` for guidance.  (Triggered internally at /pytorch/aten/src/ATen/Context.cpp:760.)
  adj = torch.sparse_coo_tensor(edge_index, vals, (num_nodes, num_nodes)).coalesce()
======================================================================
  NESS | ogbn-arxiv | MCAR @ 80% | lr=0.001
======================================================================
[1/3] Loading ogbn-arxiv...
  169,343 nodes | 128 dims | 40 classes
[2/3] Simulating MCAR missingness...
Simulating MCAR missingness at 80% rate...
  MCAR: Uniform random selection
  Observable: 33,869 (20.0%)
  Masked: 135,474 (80.0%)
  Observable: 33,869 | Val: 67,737 | Test: 67,737
[3/3] Running NESS...
  Prefilling missing nodes via Feature Propagation (40 iters)...
  Computing neighbor label-histogram target (2-hop, observable labels)...
  Partitioning graph into 20 clusters (cache_device=gpu)...
  Cached 20 clusters
  Training NESS for up to 800 epochs (patience=20)...
  Epoch 1/800 | Total: 8.385 Edge: 0.689 Con: 0.674 Cls: 3.507 Hist: 2.8186 Path: 0.6970 | 10.7s
  Epoch 2/800 | Total: 7.237 Edge: 0.645 Con: 0.483 Cls: 3.084 Hist: 2.3441 Path: 0.6809 | 1.0s
  Epoch 3/800 | Total: 6.831 Edge: 0.620 Con: 0.379 Cls: 2.949 Hist: 2.2038 Path: 0.6780 | 1.0s
  Epoch 4/800 | Total: 6.505 Edge: 0.617 Con: 0.329 Cls: 2.856 Hist: 2.0284 Path: 0.6743 | 1.2s
  Epoch 5/800 | Total: 6.096 Edge: 0.607 Con: 0.313 Cls: 2.683 Hist: 1.8189 Path: 0.6743 | Val F1: 0.0304 | 1.0s
  Epoch 6/800 | Total: 5.919 Edge: 0.607 Con: 0.289 Cls: 2.586 Hist: 1.7743 Path: 0.6616 | 0.9s
  Epoch 7/800 | Total: 5.581 Edge: 0.579 Con: 0.275 Cls: 2.445 Hist: 1.6489 Path: 0.6324 | 1.3s
  Epoch 8/800 | Total: 5.449 Edge: 0.559 Con: 0.264 Cls: 2.389 Hist: 1.6218 Path: 0.6152 | 1.1s
  Epoch 9/800 | Total: 5.308 Edge: 0.567 Con: 0.252 Cls: 2.318 Hist: 1.5553 Path: 0.6158 | 1.1s
  Epoch 10/800 | Total: 5.046 Edge: 0.546 Con: 0.239 Cls: 2.196 Hist: 1.4635 Path: 0.6010 | Val F1: 0.1148 | 1.1s
  Epoch 11/800 | Total: 4.791 Edge: 0.527 Con: 0.236 Cls: 2.074 Hist: 1.3616 Path: 0.5925 | 1.0s
  Epoch 12/800 | Total: 4.822 Edge: 0.508 Con: 0.231 Cls: 2.095 Hist: 1.4011 Path: 0.5862 | 1.1s
  Epoch 13/800 | Total: 4.780 Edge: 0.503 Con: 0.230 Cls: 2.067 Hist: 1.3933 Path: 0.5870 | 1.0s
  Epoch 14/800 | Total: 4.771 Edge: 0.492 Con: 0.227 Cls: 2.086 Hist: 1.3957 Path: 0.5706 | 1.0s
  Epoch 15/800 | Total: 4.798 Edge: 0.494 Con: 0.224 Cls: 2.089 Hist: 1.4107 Path: 0.5804 | Val F1: 0.1224 | 0.9s
  Epoch 16/800 | Total: 4.700 Edge: 0.492 Con: 0.224 Cls: 2.041 Hist: 1.3622 Path: 0.5802 | 1.2s
  Epoch 17/800 | Total: 4.497 Edge: 0.473 Con: 0.217 Cls: 1.945 Hist: 1.2947 Path: 0.5667 | 1.0s
  Epoch 18/800 | Total: 4.417 Edge: 0.475 Con: 0.213 Cls: 1.903 Hist: 1.2639 Path: 0.5615 | 1.1s
  Epoch 19/800 | Total: 4.295 Edge: 0.480 Con: 0.214 Cls: 1.841 Hist: 1.2122 Path: 0.5479 | 1.1s
  Epoch 20/800 | Total: 4.315 Edge: 0.470 Con: 0.212 Cls: 1.860 Hist: 1.2259 Path: 0.5465 | Val F1: 0.1710 | 0.9s
  Epoch 21/800 | Total: 4.280 Edge: 0.463 Con: 0.212 Cls: 1.850 Hist: 1.2154 Path: 0.5393 | 1.0s
  Epoch 22/800 | Total: 4.400 Edge: 0.465 Con: 0.211 Cls: 1.911 Hist: 1.2702 Path: 0.5423 | 1.1s
  Epoch 23/800 | Total: 4.259 Edge: 0.460 Con: 0.207 Cls: 1.822 Hist: 1.2025 Path: 0.5679 | 1.0s
  Epoch 24/800 | Total: 4.258 Edge: 0.451 Con: 0.208 Cls: 1.850 Hist: 1.2146 Path: 0.5349 | 1.0s
  Epoch 25/800 | Total: 4.108 Edge: 0.456 Con: 0.206 Cls: 1.751 Hist: 1.1529 Path: 0.5433 | Val F1: 0.2060 | 1.1s
  Epoch 26/800 | Total: 4.051 Edge: 0.449 Con: 0.202 Cls: 1.736 Hist: 1.1363 Path: 0.5279 | 1.0s
  Epoch 27/800 | Total: 4.033 Edge: 0.436 Con: 0.201 Cls: 1.743 Hist: 1.1382 Path: 0.5145 | 1.0s
  Epoch 28/800 | Total: 4.005 Edge: 0.446 Con: 0.200 Cls: 1.719 Hist: 1.1244 Path: 0.5145 | 0.9s
  Epoch 29/800 | Total: 4.049 Edge: 0.447 Con: 0.197 Cls: 1.743 Hist: 1.1389 Path: 0.5233 | 1.4s
  Epoch 30/800 | Total: 3.934 Edge: 0.436 Con: 0.194 Cls: 1.698 Hist: 1.0971 Path: 0.5083 | Val F1: 0.2141 | 1.2s
  Epoch 31/800 | Total: 4.043 Edge: 0.434 Con: 0.195 Cls: 1.758 Hist: 1.1469 Path: 0.5095 | 1.0s
  Epoch 32/800 | Total: 3.954 Edge: 0.429 Con: 0.196 Cls: 1.715 Hist: 1.1072 Path: 0.5064 | 1.2s
  Epoch 33/800 | Total: 3.923 Edge: 0.434 Con: 0.197 Cls: 1.690 Hist: 1.0989 Path: 0.5039 | 1.0s
  Epoch 34/800 | Total: 3.899 Edge: 0.436 Con: 0.195 Cls: 1.678 Hist: 1.0792 Path: 0.5107 | 1.1s
  Epoch 35/800 | Total: 3.870 Edge: 0.431 Con: 0.193 Cls: 1.670 Hist: 1.0738 Path: 0.5019 | Val F1: 0.2319 | 1.0s
  Epoch 36/800 | Total: 3.891 Edge: 0.442 Con: 0.193 Cls: 1.664 Hist: 1.0758 Path: 0.5150 | 1.1s
  Epoch 37/800 | Total: 3.850 Edge: 0.446 Con: 0.191 Cls: 1.646 Hist: 1.0597 Path: 0.5087 | 1.2s
  Epoch 38/800 | Total: 3.867 Edge: 0.431 Con: 0.192 Cls: 1.669 Hist: 1.0760 Path: 0.4993 | 1.1s
  Epoch 39/800 | Total: 3.991 Edge: 0.434 Con: 0.195 Cls: 1.732 Hist: 1.1160 Path: 0.5152 | 1.1s
  Epoch 40/800 | Total: 3.998 Edge: 0.428 Con: 0.193 Cls: 1.740 Hist: 1.1353 Path: 0.5014 | Val F1: 0.2318 | 1.0s
  Epoch 41/800 | Total: 3.845 Edge: 0.421 Con: 0.190 Cls: 1.656 Hist: 1.0820 Path: 0.4969 | 1.1s
  Epoch 42/800 | Total: 3.796 Edge: 0.420 Con: 0.191 Cls: 1.641 Hist: 1.0597 Path: 0.4854 | 1.0s
  Epoch 43/800 | Total: 3.776 Edge: 0.430 Con: 0.189 Cls: 1.614 Hist: 1.0389 Path: 0.5032 | 1.1s
  Epoch 44/800 | Total: 3.730 Edge: 0.413 Con: 0.189 Cls: 1.600 Hist: 1.0238 Path: 0.5046 | 1.1s
  Epoch 45/800 | Total: 3.749 Edge: 0.412 Con: 0.189 Cls: 1.620 Hist: 1.0351 Path: 0.4926 | Val F1: 0.2552 | 1.0s
  Epoch 46/800 | Total: 3.693 Edge: 0.418 Con: 0.189 Cls: 1.579 Hist: 1.0152 Path: 0.4911 | 1.1s
  Epoch 47/800 | Total: 3.679 Edge: 0.411 Con: 0.186 Cls: 1.581 Hist: 1.0228 Path: 0.4776 | 1.0s
  Epoch 48/800 | Total: 3.628 Edge: 0.410 Con: 0.185 Cls: 1.559 Hist: 1.0038 Path: 0.4703 | 1.1s
  Epoch 49/800 | Total: 3.691 Edge: 0.412 Con: 0.187 Cls: 1.594 Hist: 1.0278 Path: 0.4711 | 1.0s
  Epoch 50/800 | Total: 3.654 Edge: 0.412 Con: 0.185 Cls: 1.575 Hist: 1.0082 Path: 0.4740 | Val F1: 0.2754 | 1.3s
  Epoch 51/800 | Total: 3.619 Edge: 0.405 Con: 0.187 Cls: 1.565 Hist: 0.9970 Path: 0.4643 | 1.0s
  Epoch 52/800 | Total: 3.670 Edge: 0.404 Con: 0.188 Cls: 1.594 Hist: 1.0222 Path: 0.4614 | 1.0s
  Epoch 53/800 | Total: 3.644 Edge: 0.400 Con: 0.184 Cls: 1.585 Hist: 1.0141 Path: 0.4604 | 0.9s
  Epoch 54/800 | Total: 3.565 Edge: 0.404 Con: 0.185 Cls: 1.532 Hist: 0.9823 Path: 0.4619 | 1.0s
  Epoch 55/800 | Total: 3.582 Edge: 0.396 Con: 0.185 Cls: 1.547 Hist: 0.9937 Path: 0.4605 | Val F1: 0.2822 | 0.9s
  Epoch 56/800 | Total: 3.531 Edge: 0.395 Con: 0.183 Cls: 1.519 Hist: 0.9703 Path: 0.4632 | 1.0s
  Epoch 57/800 | Total: 3.555 Edge: 0.397 Con: 0.183 Cls: 1.523 Hist: 0.9783 Path: 0.4726 | 1.1s
  Epoch 58/800 | Total: 3.563 Edge: 0.395 Con: 0.186 Cls: 1.539 Hist: 0.9830 Path: 0.4602 | 1.1s
  Epoch 59/800 | Total: 3.528 Edge: 0.391 Con: 0.184 Cls: 1.517 Hist: 0.9761 Path: 0.4603 | 1.0s
  Epoch 60/800 | Total: 3.578 Edge: 0.402 Con: 0.185 Cls: 1.532 Hist: 0.9872 Path: 0.4715 | Val F1: 0.2676 | 1.1s
  Epoch 61/800 | Total: 3.652 Edge: 0.406 Con: 0.186 Cls: 1.575 Hist: 1.0139 Path: 0.4710 | 1.1s
  Epoch 62/800 | Total: 3.628 Edge: 0.409 Con: 0.183 Cls: 1.556 Hist: 1.0047 Path: 0.4761 | 1.1s
  Epoch 63/800 | Total: 3.539 Edge: 0.400 Con: 0.184 Cls: 1.517 Hist: 0.9751 Path: 0.4627 | 1.3s
  Epoch 64/800 | Total: 3.521 Edge: 0.388 Con: 0.183 Cls: 1.515 Hist: 0.9804 Path: 0.4546 | 1.0s
  Epoch 65/800 | Total: 3.468 Edge: 0.388 Con: 0.178 Cls: 1.489 Hist: 0.9570 Path: 0.4546 | Val F1: 0.2948 | 1.0s
  Epoch 66/800 | Total: 3.504 Edge: 0.397 Con: 0.182 Cls: 1.502 Hist: 0.9623 Path: 0.4605 | 1.1s
  Epoch 67/800 | Total: 3.558 Edge: 0.407 Con: 0.182 Cls: 1.528 Hist: 0.9838 Path: 0.4573 | 1.0s
  Epoch 68/800 | Total: 3.510 Edge: 0.398 Con: 0.181 Cls: 1.507 Hist: 0.9692 Path: 0.4536 | 1.0s
  Epoch 69/800 | Total: 3.436 Edge: 0.388 Con: 0.180 Cls: 1.478 Hist: 0.9472 Path: 0.4426 | 1.0s
  Epoch 70/800 | Total: 3.414 Edge: 0.381 Con: 0.179 Cls: 1.471 Hist: 0.9427 Path: 0.4401 | Val F1: 0.3140 | 1.2s
  Epoch 71/800 | Total: 3.451 Edge: 0.376 Con: 0.180 Cls: 1.495 Hist: 0.9664 Path: 0.4346 | 1.2s
  Epoch 72/800 | Total: 3.387 Edge: 0.374 Con: 0.179 Cls: 1.468 Hist: 0.9377 Path: 0.4283 | 1.2s
  Epoch 73/800 | Total: 3.384 Edge: 0.379 Con: 0.178 Cls: 1.457 Hist: 0.9333 Path: 0.4364 | 1.1s
  Epoch 74/800 | Total: 3.451 Edge: 0.393 Con: 0.181 Cls: 1.476 Hist: 0.9458 Path: 0.4561 | 1.0s
  Epoch 75/800 | Total: 3.486 Edge: 0.392 Con: 0.178 Cls: 1.490 Hist: 0.9664 Path: 0.4602 | Val F1: 0.3174 | 1.0s
  Epoch 76/800 | Total: 3.417 Edge: 0.385 Con: 0.179 Cls: 1.467 Hist: 0.9424 Path: 0.4428 | 1.0s
  Epoch 77/800 | Total: 3.369 Edge: 0.382 Con: 0.177 Cls: 1.445 Hist: 0.9270 Path: 0.4379 | 1.1s
  Epoch 78/800 | Total: 3.398 Edge: 0.377 Con: 0.178 Cls: 1.472 Hist: 0.9388 Path: 0.4322 | 1.1s
  Epoch 79/800 | Total: 3.375 Edge: 0.378 Con: 0.180 Cls: 1.456 Hist: 0.9326 Path: 0.4290 | 1.0s
  Epoch 80/800 | Total: 3.385 Edge: 0.372 Con: 0.176 Cls: 1.466 Hist: 0.9390 Path: 0.4309 | Val F1: 0.3138 | 1.2s
  Epoch 81/800 | Total: 3.381 Edge: 0.379 Con: 0.179 Cls: 1.452 Hist: 0.9324 Path: 0.4396 | 1.1s
  Epoch 82/800 | Total: 3.390 Edge: 0.375 Con: 0.175 Cls: 1.464 Hist: 0.9421 Path: 0.4343 | 1.4s
  Epoch 83/800 | Total: 3.483 Edge: 0.386 Con: 0.176 Cls: 1.508 Hist: 0.9674 Path: 0.4454 | 1.1s
  Epoch 84/800 | Total: 3.499 Edge: 0.390 Con: 0.177 Cls: 1.513 Hist: 0.9728 Path: 0.4459 | 1.1s
  Epoch 85/800 | Total: 3.535 Edge: 0.395 Con: 0.177 Cls: 1.519 Hist: 0.9911 Path: 0.4524 | Val F1: 0.2948 | 1.0s
  Epoch 86/800 | Total: 3.493 Edge: 0.394 Con: 0.177 Cls: 1.500 Hist: 0.9619 Path: 0.4592 | 1.0s
  Epoch 87/800 | Total: 3.473 Edge: 0.380 Con: 0.176 Cls: 1.496 Hist: 0.9828 Path: 0.4383 | 1.0s
  Epoch 88/800 | Total: 3.588 Edge: 0.381 Con: 0.175 Cls: 1.562 Hist: 1.0212 Path: 0.4480 | 1.2s
  Epoch 89/800 | Total: 3.584 Edge: 0.385 Con: 0.181 Cls: 1.553 Hist: 1.0187 Path: 0.4462 | 1.0s
  Epoch 90/800 | Total: 3.416 Edge: 0.379 Con: 0.177 Cls: 1.475 Hist: 0.9521 Path: 0.4332 | Val F1: 0.3158 | 1.2s
  Epoch 91/800 | Total: 3.362 Edge: 0.371 Con: 0.176 Cls: 1.458 Hist: 0.9295 Path: 0.4269 | 1.2s
  Epoch 92/800 | Total: 3.382 Edge: 0.366 Con: 0.174 Cls: 1.481 Hist: 0.9399 Path: 0.4207 | 1.1s
  Epoch 93/800 | Total: 3.333 Edge: 0.373 Con: 0.174 Cls: 1.444 Hist: 0.9219 Path: 0.4197 | 1.1s
  Epoch 94/800 | Total: 3.411 Edge: 0.382 Con: 0.174 Cls: 1.476 Hist: 0.9434 Path: 0.4361 | 1.1s
  Epoch 95/800 | Total: 3.435 Edge: 0.374 Con: 0.174 Cls: 1.492 Hist: 0.9620 Path: 0.4329 | Val F1: 0.3186 | 1.2s
  Epoch 96/800 | Total: 3.324 Edge: 0.363 Con: 0.174 Cls: 1.445 Hist: 0.9232 Path: 0.4187 | 1.0s
  Epoch 97/800 | Total: 3.311 Edge: 0.362 Con: 0.173 Cls: 1.442 Hist: 0.9202 Path: 0.4136 | 1.0s
  Epoch 98/800 | Total: 3.304 Edge: 0.362 Con: 0.176 Cls: 1.437 Hist: 0.9153 Path: 0.4149 | 1.0s
  Epoch 99/800 | Total: 3.339 Edge: 0.367 Con: 0.174 Cls: 1.452 Hist: 0.9235 Path: 0.4212 | 1.3s
  Epoch 100/800 | Total: 3.319 Edge: 0.368 Con: 0.174 Cls: 1.431 Hist: 0.9196 Path: 0.4262 | Val F1: 0.3316 | 1.3s
  Epoch 101/800 | Total: 3.297 Edge: 0.370 Con: 0.173 Cls: 1.428 Hist: 0.9097 Path: 0.4170 | 1.3s
  Epoch 102/800 | Total: 3.307 Edge: 0.371 Con: 0.172 Cls: 1.421 Hist: 0.9175 Path: 0.4246 | 1.2s
  Epoch 103/800 | Total: 3.409 Edge: 0.369 Con: 0.174 Cls: 1.483 Hist: 0.9574 Path: 0.4250 | 1.2s
  Epoch 104/800 | Total: 3.381 Edge: 0.371 Con: 0.174 Cls: 1.468 Hist: 0.9440 Path: 0.4239 | 1.0s
  Epoch 105/800 | Total: 3.289 Edge: 0.366 Con: 0.171 Cls: 1.427 Hist: 0.9076 Path: 0.4182 | Val F1: 0.3284 | 1.1s
  Epoch 106/800 | Total: 3.288 Edge: 0.365 Con: 0.171 Cls: 1.428 Hist: 0.9062 Path: 0.4174 | 1.0s
  Epoch 107/800 | Total: 3.340 Edge: 0.370 Con: 0.176 Cls: 1.434 Hist: 0.9268 Path: 0.4333 | 1.0s
  Epoch 108/800 | Total: 3.311 Edge: 0.367 Con: 0.176 Cls: 1.432 Hist: 0.9134 Path: 0.4232 | 1.1s
  Epoch 109/800 | Total: 3.277 Edge: 0.359 Con: 0.172 Cls: 1.415 Hist: 0.9089 Path: 0.4211 | 1.0s
  Epoch 110/800 | Total: 3.280 Edge: 0.363 Con: 0.172 Cls: 1.418 Hist: 0.9098 Path: 0.4173 | Val F1: 0.3337 | 1.1s
  Epoch 111/800 | Total: 3.262 Edge: 0.360 Con: 0.172 Cls: 1.416 Hist: 0.8998 Path: 0.4147 | 1.1s
  Epoch 112/800 | Total: 3.289 Edge: 0.357 Con: 0.172 Cls: 1.431 Hist: 0.9146 Path: 0.4145 | 1.1s
  Epoch 113/800 | Total: 3.304 Edge: 0.361 Con: 0.172 Cls: 1.434 Hist: 0.9197 Path: 0.4167 | 1.0s
  Epoch 114/800 | Total: 3.268 Edge: 0.367 Con: 0.171 Cls: 1.412 Hist: 0.8978 Path: 0.4208 | 1.1s
  Epoch 115/800 | Total: 3.303 Edge: 0.369 Con: 0.175 Cls: 1.427 Hist: 0.9114 Path: 0.4200 | Val F1: 0.3358 | 1.1s
  Epoch 116/800 | Total: 3.314 Edge: 0.366 Con: 0.172 Cls: 1.433 Hist: 0.9159 Path: 0.4263 | 1.3s
  Epoch 117/800 | Total: 3.288 Edge: 0.361 Con: 0.173 Cls: 1.419 Hist: 0.9159 Path: 0.4177 | 1.0s
  Epoch 118/800 | Total: 3.277 Edge: 0.357 Con: 0.172 Cls: 1.421 Hist: 0.9128 Path: 0.4134 | 1.0s
  Epoch 119/800 | Total: 3.248 Edge: 0.354 Con: 0.171 Cls: 1.404 Hist: 0.8982 Path: 0.4206 | 1.0s
  Epoch 120/800 | Total: 3.282 Edge: 0.357 Con: 0.171 Cls: 1.420 Hist: 0.9123 Path: 0.4213 | Val F1: 0.3385 | 1.2s
  Epoch 121/800 | Total: 3.317 Edge: 0.363 Con: 0.173 Cls: 1.437 Hist: 0.9154 Path: 0.4290 | 1.1s
  Epoch 122/800 | Total: 3.309 Edge: 0.364 Con: 0.172 Cls: 1.433 Hist: 0.9179 Path: 0.4224 | 1.0s
  Epoch 123/800 | Total: 3.250 Edge: 0.364 Con: 0.170 Cls: 1.394 Hist: 0.8911 Path: 0.4320 | 1.0s
  Epoch 124/800 | Total: 3.290 Edge: 0.358 Con: 0.169 Cls: 1.424 Hist: 0.9210 Path: 0.4179 | 1.1s
  Epoch 125/800 | Total: 3.260 Edge: 0.366 Con: 0.171 Cls: 1.406 Hist: 0.9009 Path: 0.4157 | Val F1: 0.3562 | 1.1s
  Epoch 126/800 | Total: 3.281 Edge: 0.373 Con: 0.171 Cls: 1.416 Hist: 0.8991 Path: 0.4215 | 0.9s
  Epoch 127/800 | Total: 3.239 Edge: 0.363 Con: 0.169 Cls: 1.396 Hist: 0.8923 Path: 0.4184 | 0.9s
  Epoch 128/800 | Total: 3.230 Edge: 0.354 Con: 0.171 Cls: 1.402 Hist: 0.8931 Path: 0.4093 | 1.0s
  Epoch 129/800 | Total: 3.208 Edge: 0.352 Con: 0.170 Cls: 1.401 Hist: 0.8852 Path: 0.4002 | 1.2s
  Epoch 130/800 | Total: 3.235 Edge: 0.350 Con: 0.170 Cls: 1.410 Hist: 0.9000 Path: 0.4044 | Val F1: 0.3243 | 1.0s
  Epoch 131/800 | Total: 3.251 Edge: 0.352 Con: 0.171 Cls: 1.414 Hist: 0.9076 Path: 0.4074 | 1.0s
  Epoch 132/800 | Total: 3.270 Edge: 0.352 Con: 0.170 Cls: 1.432 Hist: 0.9066 Path: 0.4100 | 1.0s
  Epoch 133/800 | Total: 3.318 Edge: 0.354 Con: 0.172 Cls: 1.450 Hist: 0.9315 Path: 0.4105 | 1.1s
  Epoch 134/800 | Total: 3.279 Edge: 0.358 Con: 0.171 Cls: 1.426 Hist: 0.9071 Path: 0.4173 | 1.0s
  Epoch 135/800 | Total: 3.313 Edge: 0.359 Con: 0.170 Cls: 1.442 Hist: 0.9244 Path: 0.4178 | Val F1: 0.3368 | 1.4s
  Epoch 136/800 | Total: 3.242 Edge: 0.354 Con: 0.172 Cls: 1.403 Hist: 0.8976 Path: 0.4156 | 1.0s
  Epoch 137/800 | Total: 3.214 Edge: 0.350 Con: 0.169 Cls: 1.397 Hist: 0.8872 Path: 0.4103 | 1.0s
  Epoch 138/800 | Total: 3.185 Edge: 0.350 Con: 0.171 Cls: 1.381 Hist: 0.8754 Path: 0.4081 | 1.2s
  Epoch 139/800 | Total: 3.255 Edge: 0.352 Con: 0.171 Cls: 1.420 Hist: 0.9047 Path: 0.4067 | 1.1s
  Epoch 140/800 | Total: 3.257 Edge: 0.352 Con: 0.170 Cls: 1.425 Hist: 0.9026 Path: 0.4067 | Val F1: 0.3320 | 1.0s
  Epoch 141/800 | Total: 3.320 Edge: 0.350 Con: 0.170 Cls: 1.457 Hist: 0.9250 Path: 0.4178 | 1.1s
  Epoch 142/800 | Total: 3.296 Edge: 0.354 Con: 0.171 Cls: 1.442 Hist: 0.9185 Path: 0.4102 | 1.3s
  Epoch 143/800 | Total: 3.233 Edge: 0.354 Con: 0.168 Cls: 1.408 Hist: 0.8942 Path: 0.4093 | 1.0s
  Epoch 144/800 | Total: 3.186 Edge: 0.349 Con: 0.169 Cls: 1.386 Hist: 0.8812 Path: 0.4002 | 1.0s
  Epoch 145/800 | Total: 3.174 Edge: 0.346 Con: 0.169 Cls: 1.378 Hist: 0.8827 Path: 0.3978 | Val F1: 0.3604 | 1.2s
  Epoch 146/800 | Total: 3.183 Edge: 0.346 Con: 0.169 Cls: 1.388 Hist: 0.8846 Path: 0.3957 | 1.1s
  Epoch 147/800 | Total: 3.246 Edge: 0.350 Con: 0.170 Cls: 1.418 Hist: 0.9057 Path: 0.4019 | 1.1s
  Epoch 148/800 | Total: 3.237 Edge: 0.346 Con: 0.169 Cls: 1.417 Hist: 0.9041 Path: 0.4002 | 1.1s
  Epoch 149/800 | Total: 3.226 Edge: 0.347 Con: 0.169 Cls: 1.410 Hist: 0.8953 Path: 0.4044 | 1.0s
  Epoch 150/800 | Total: 3.209 Edge: 0.357 Con: 0.169 Cls: 1.397 Hist: 0.8831 Path: 0.4029 | Val F1: 0.3478 | 1.0s
  Epoch 151/800 | Total: 3.173 Edge: 0.349 Con: 0.169 Cls: 1.378 Hist: 0.8777 Path: 0.3988 | 1.1s
  Epoch 152/800 | Total: 3.159 Edge: 0.346 Con: 0.169 Cls: 1.371 Hist: 0.8720 Path: 0.3999 | 1.0s
  Epoch 153/800 | Total: 3.239 Edge: 0.351 Con: 0.172 Cls: 1.412 Hist: 0.9009 Path: 0.4035 | 1.1s
  Epoch 154/800 | Total: 3.269 Edge: 0.355 Con: 0.171 Cls: 1.426 Hist: 0.9072 Path: 0.4104 | 1.0s
  Epoch 155/800 | Total: 3.320 Edge: 0.356 Con: 0.171 Cls: 1.448 Hist: 0.9296 Path: 0.4148 | Val F1: 0.3154 | 1.0s
  Epoch 156/800 | Total: 3.336 Edge: 0.360 Con: 0.170 Cls: 1.461 Hist: 0.9317 Path: 0.4135 | 0.9s
  Epoch 157/800 | Total: 3.255 Edge: 0.358 Con: 0.168 Cls: 1.410 Hist: 0.9071 Path: 0.4121 | 1.0s
  Epoch 158/800 | Total: 3.202 Edge: 0.368 Con: 0.170 Cls: 1.381 Hist: 0.8794 Path: 0.4049 | 1.0s
  Epoch 159/800 | Total: 3.210 Edge: 0.362 Con: 0.166 Cls: 1.381 Hist: 0.8840 Path: 0.4172 | 1.0s
  Epoch 160/800 | Total: 3.225 Edge: 0.354 Con: 0.166 Cls: 1.400 Hist: 0.8966 Path: 0.4090 | Val F1: 0.3431 | 1.1s
  Epoch 161/800 | Total: 3.190 Edge: 0.347 Con: 0.168 Cls: 1.389 Hist: 0.8904 Path: 0.3960 | 1.1s
  Epoch 162/800 | Total: 3.159 Edge: 0.345 Con: 0.170 Cls: 1.377 Hist: 0.8744 Path: 0.3927 | 1.1s
  Epoch 163/800 | Total: 3.116 Edge: 0.341 Con: 0.167 Cls: 1.357 Hist: 0.8593 Path: 0.3913 | 1.0s
  Epoch 164/800 | Total: 3.113 Edge: 0.343 Con: 0.169 Cls: 1.351 Hist: 0.8572 Path: 0.3933 | 1.1s
  Epoch 165/800 | Total: 3.134 Edge: 0.343 Con: 0.168 Cls: 1.361 Hist: 0.8648 Path: 0.3969 | Val F1: 0.3623 | 0.9s
  Epoch 166/800 | Total: 3.133 Edge: 0.339 Con: 0.167 Cls: 1.363 Hist: 0.8711 Path: 0.3921 | 1.2s
  Epoch 167/800 | Total: 3.186 Edge: 0.340 Con: 0.169 Cls: 1.400 Hist: 0.8833 Path: 0.3932 | 0.9s
  Epoch 168/800 | Total: 3.155 Edge: 0.345 Con: 0.169 Cls: 1.373 Hist: 0.8729 Path: 0.3950 | 1.2s
  Epoch 169/800 | Total: 3.131 Edge: 0.337 Con: 0.169 Cls: 1.368 Hist: 0.8726 Path: 0.3850 | 1.2s
  Epoch 170/800 | Total: 3.112 Edge: 0.338 Con: 0.169 Cls: 1.356 Hist: 0.8602 Path: 0.3891 | Val F1: 0.3546 | 1.0s
  Epoch 171/800 | Total: 3.154 Edge: 0.341 Con: 0.168 Cls: 1.372 Hist: 0.8797 Path: 0.3933 | 1.0s
  Epoch 172/800 | Total: 3.105 Edge: 0.337 Con: 0.166 Cls: 1.355 Hist: 0.8607 Path: 0.3861 | 0.9s
  Epoch 173/800 | Total: 3.155 Edge: 0.348 Con: 0.167 Cls: 1.366 Hist: 0.8773 Path: 0.3965 | 1.2s
  Epoch 174/800 | Total: 3.141 Edge: 0.343 Con: 0.168 Cls: 1.367 Hist: 0.8712 Path: 0.3923 | 1.0s
  Epoch 175/800 | Total: 3.220 Edge: 0.348 Con: 0.168 Cls: 1.412 Hist: 0.8992 Path: 0.3926 | Val F1: 0.3469 | 1.0s
  Epoch 176/800 | Total: 3.365 Edge: 0.357 Con: 0.171 Cls: 1.471 Hist: 0.9469 Path: 0.4180 | 1.0s
  Epoch 177/800 | Total: 3.482 Edge: 0.374 Con: 0.170 Cls: 1.504 Hist: 0.9845 Path: 0.4497 | 1.0s
  Epoch 178/800 | Total: 3.342 Edge: 0.359 Con: 0.169 Cls: 1.461 Hist: 0.9332 Path: 0.4200 | 1.0s
  Epoch 179/800 | Total: 3.196 Edge: 0.348 Con: 0.168 Cls: 1.387 Hist: 0.8876 Path: 0.4050 | 1.1s
  Epoch 180/800 | Total: 3.182 Edge: 0.342 Con: 0.168 Cls: 1.385 Hist: 0.8876 Path: 0.3999 | Val F1: 0.3647 | 1.2s
  Epoch 181/800 | Total: 3.118 Edge: 0.339 Con: 0.168 Cls: 1.354 Hist: 0.8626 Path: 0.3941 | 1.3s
  Epoch 182/800 | Total: 3.115 Edge: 0.338 Con: 0.167 Cls: 1.362 Hist: 0.8629 Path: 0.3848 | 1.0s
  Epoch 183/800 | Total: 3.072 Edge: 0.339 Con: 0.169 Cls: 1.334 Hist: 0.8450 Path: 0.3849 | 1.2s
  Epoch 184/800 | Total: 3.064 Edge: 0.340 Con: 0.168 Cls: 1.330 Hist: 0.8454 Path: 0.3811 | 1.1s
  Epoch 185/800 | Total: 3.066 Edge: 0.335 Con: 0.168 Cls: 1.335 Hist: 0.8468 Path: 0.3816 | Val F1: 0.3773 | 1.2s
  Epoch 186/800 | Total: 3.057 Edge: 0.332 Con: 0.168 Cls: 1.333 Hist: 0.8451 Path: 0.3794 | 1.0s
  Epoch 187/800 | Total: 3.059 Edge: 0.330 Con: 0.166 Cls: 1.333 Hist: 0.8511 Path: 0.3789 | 1.2s
  Epoch 188/800 | Total: 3.047 Edge: 0.330 Con: 0.167 Cls: 1.330 Hist: 0.8409 Path: 0.3788 | 1.0s
  Epoch 189/800 | Total: 3.106 Edge: 0.333 Con: 0.167 Cls: 1.362 Hist: 0.8643 Path: 0.3799 | 1.1s
  Epoch 190/800 | Total: 3.163 Edge: 0.344 Con: 0.169 Cls: 1.375 Hist: 0.8778 Path: 0.3971 | Val F1: 0.3592 | 0.9s
  Epoch 191/800 | Total: 3.165 Edge: 0.346 Con: 0.166 Cls: 1.376 Hist: 0.8710 Path: 0.4059 | 1.0s
  Epoch 192/800 | Total: 3.186 Edge: 0.344 Con: 0.168 Cls: 1.392 Hist: 0.8780 Path: 0.4043 | 1.0s
  Epoch 193/800 | Total: 3.205 Edge: 0.341 Con: 0.167 Cls: 1.399 Hist: 0.8913 Path: 0.4067 | 1.2s
  Epoch 194/800 | Total: 3.122 Edge: 0.334 Con: 0.166 Cls: 1.362 Hist: 0.8641 Path: 0.3961 | 0.9s
  Epoch 195/800 | Total: 3.102 Edge: 0.331 Con: 0.167 Cls: 1.355 Hist: 0.8618 Path: 0.3857 | Val F1: 0.3634 | 1.0s
  Epoch 196/800 | Total: 3.141 Edge: 0.334 Con: 0.169 Cls: 1.376 Hist: 0.8776 Path: 0.3853 | 1.0s
  Epoch 197/800 | Total: 3.066 Edge: 0.331 Con: 0.167 Cls: 1.335 Hist: 0.8519 Path: 0.3810 | 1.1s
  Epoch 198/800 | Total: 3.126 Edge: 0.336 Con: 0.167 Cls: 1.371 Hist: 0.8714 Path: 0.3809 | 1.0s
  Epoch 199/800 | Total: 3.063 Edge: 0.337 Con: 0.170 Cls: 1.329 Hist: 0.8435 Path: 0.3834 | 1.0s
  Epoch 200/800 | Total: 3.191 Edge: 0.340 Con: 0.166 Cls: 1.401 Hist: 0.8956 Path: 0.3872 | Val F1: 0.3366 | 1.2s
  Epoch 201/800 | Total: 3.132 Edge: 0.336 Con: 0.166 Cls: 1.373 Hist: 0.8739 Path: 0.3826 | 1.0s
  Epoch 202/800 | Total: 3.103 Edge: 0.334 Con: 0.167 Cls: 1.354 Hist: 0.8681 Path: 0.3799 | 1.2s
  Epoch 203/800 | Total: 3.104 Edge: 0.338 Con: 0.167 Cls: 1.354 Hist: 0.8580 Path: 0.3864 | 0.9s
  Epoch 204/800 | Total: 3.147 Edge: 0.342 Con: 0.168 Cls: 1.372 Hist: 0.8730 Path: 0.3928 | 0.9s
  Epoch 205/800 | Total: 3.112 Edge: 0.336 Con: 0.166 Cls: 1.359 Hist: 0.8679 Path: 0.3828 | Val F1: 0.3693 | 0.9s
  Epoch 206/800 | Total: 3.110 Edge: 0.337 Con: 0.165 Cls: 1.355 Hist: 0.8636 Path: 0.3895 | 1.0s
  Epoch 207/800 | Total: 3.101 Edge: 0.330 Con: 0.167 Cls: 1.353 Hist: 0.8699 Path: 0.3804 | 1.2s
  Epoch 208/800 | Total: 3.067 Edge: 0.330 Con: 0.168 Cls: 1.341 Hist: 0.8536 Path: 0.3755 | 1.2s
  Epoch 209/800 | Total: 3.074 Edge: 0.328 Con: 0.166 Cls: 1.346 Hist: 0.8603 Path: 0.3737 | 1.0s
  Epoch 210/800 | Total: 3.153 Edge: 0.336 Con: 0.170 Cls: 1.382 Hist: 0.8815 Path: 0.3834 | Val F1: 0.3539 | 1.1s
  Epoch 211/800 | Total: 3.090 Edge: 0.337 Con: 0.167 Cls: 1.341 Hist: 0.8603 Path: 0.3843 | 1.2s
  Epoch 212/800 | Total: 3.071 Edge: 0.337 Con: 0.168 Cls: 1.333 Hist: 0.8451 Path: 0.3871 | 1.1s
  Epoch 213/800 | Total: 3.056 Edge: 0.333 Con: 0.166 Cls: 1.330 Hist: 0.8450 Path: 0.3826 | 1.2s
  Epoch 214/800 | Total: 3.019 Edge: 0.330 Con: 0.166 Cls: 1.314 Hist: 0.8364 Path: 0.3731 | 1.0s
  Epoch 215/800 | Total: 3.056 Edge: 0.331 Con: 0.165 Cls: 1.341 Hist: 0.8490 Path: 0.3697 | Val F1: 0.3671 | 0.9s
  Epoch 216/800 | Total: 3.098 Edge: 0.331 Con: 0.168 Cls: 1.354 Hist: 0.8681 Path: 0.3771 | 1.0s
  Epoch 217/800 | Total: 3.122 Edge: 0.335 Con: 0.167 Cls: 1.366 Hist: 0.8642 Path: 0.3902 | 1.1s
  Epoch 218/800 | Total: 3.235 Edge: 0.344 Con: 0.169 Cls: 1.416 Hist: 0.9022 Path: 0.4049 | 1.1s
  Epoch 219/800 | Total: 3.215 Edge: 0.347 Con: 0.166 Cls: 1.405 Hist: 0.8922 Path: 0.4046 | 1.2s
  Epoch 220/800 | Total: 3.171 Edge: 0.340 Con: 0.167 Cls: 1.392 Hist: 0.8790 Path: 0.3945 | Val F1: 0.3599 | 1.1s
  Epoch 221/800 | Total: 3.136 Edge: 0.339 Con: 0.167 Cls: 1.369 Hist: 0.8722 Path: 0.3901 | 1.0s
  Epoch 222/800 | Total: 3.148 Edge: 0.346 Con: 0.170 Cls: 1.364 Hist: 0.8664 Path: 0.4020 | 1.0s
  Epoch 223/800 | Total: 3.117 Edge: 0.341 Con: 0.164 Cls: 1.354 Hist: 0.8642 Path: 0.3941 | 1.0s
  Epoch 224/800 | Total: 3.049 Edge: 0.329 Con: 0.166 Cls: 1.329 Hist: 0.8464 Path: 0.3783 | 1.2s
  Epoch 225/800 | Total: 3.107 Edge: 0.336 Con: 0.168 Cls: 1.357 Hist: 0.8641 Path: 0.3815 | Val F1: 0.3716 | 1.0s
  Epoch 226/800 | Total: 3.135 Edge: 0.334 Con: 0.166 Cls: 1.373 Hist: 0.8722 Path: 0.3886 | 1.1s
  Epoch 227/800 | Total: 3.106 Edge: 0.339 Con: 0.168 Cls: 1.347 Hist: 0.8581 Path: 0.3941 | 1.2s
  Epoch 228/800 | Total: 3.072 Edge: 0.335 Con: 0.167 Cls: 1.331 Hist: 0.8454 Path: 0.3938 | 1.1s
  Epoch 229/800 | Total: 3.069 Edge: 0.330 Con: 0.169 Cls: 1.338 Hist: 0.8522 Path: 0.3801 | 1.2s
  Epoch 230/800 | Total: 3.076 Edge: 0.332 Con: 0.168 Cls: 1.345 Hist: 0.8542 Path: 0.3771 | Val F1: 0.3721 | 1.1s
  Epoch 231/800 | Total: 3.130 Edge: 0.339 Con: 0.169 Cls: 1.362 Hist: 0.8662 Path: 0.3925 | 0.9s
  Epoch 232/800 | Total: 3.074 Edge: 0.339 Con: 0.170 Cls: 1.331 Hist: 0.8488 Path: 0.3863 | 1.0s
  Epoch 233/800 | Total: 3.106 Edge: 0.340 Con: 0.167 Cls: 1.349 Hist: 0.8633 Path: 0.3867 | 1.1s
  Epoch 234/800 | Total: 3.076 Edge: 0.337 Con: 0.167 Cls: 1.339 Hist: 0.8506 Path: 0.3828 | 1.0s
  Epoch 235/800 | Total: 3.091 Edge: 0.333 Con: 0.168 Cls: 1.351 Hist: 0.8635 Path: 0.3749 | Val F1: 0.3712 | 1.1s
  Epoch 236/800 | Total: 3.133 Edge: 0.345 Con: 0.168 Cls: 1.364 Hist: 0.8669 Path: 0.3895 | 1.1s
  Epoch 237/800 | Total: 3.047 Edge: 0.332 Con: 0.166 Cls: 1.327 Hist: 0.8427 Path: 0.3791 | 1.0s
  Epoch 238/800 | Total: 3.089 Edge: 0.334 Con: 0.168 Cls: 1.350 Hist: 0.8552 Path: 0.3823 | 1.2s
  Epoch 239/800 | Total: 3.103 Edge: 0.330 Con: 0.165 Cls: 1.363 Hist: 0.8628 Path: 0.3817 | 0.9s
  Epoch 240/800 | Total: 3.107 Edge: 0.329 Con: 0.167 Cls: 1.357 Hist: 0.8699 Path: 0.3843 | Val F1: 0.3664 | 1.0s
  Epoch 241/800 | Total: 3.201 Edge: 0.333 Con: 0.168 Cls: 1.403 Hist: 0.9039 Path: 0.3927 | 1.0s
  Epoch 242/800 | Total: 3.165 Edge: 0.340 Con: 0.173 Cls: 1.381 Hist: 0.8793 Path: 0.3921 | 1.4s
  Epoch 243/800 | Total: 3.111 Edge: 0.340 Con: 0.169 Cls: 1.348 Hist: 0.8639 Path: 0.3888 | 1.0s
  Epoch 244/800 | Total: 3.148 Edge: 0.344 Con: 0.168 Cls: 1.379 Hist: 0.8701 Path: 0.3871 | 0.9s
  Epoch 245/800 | Total: 3.127 Edge: 0.346 Con: 0.169 Cls: 1.359 Hist: 0.8601 Path: 0.3918 | Val F1: 0.3761 | 0.9s
  Epoch 246/800 | Total: 3.136 Edge: 0.327 Con: 0.166 Cls: 1.384 Hist: 0.8741 Path: 0.3837 | 1.0s
  Epoch 247/800 | Total: 3.120 Edge: 0.327 Con: 0.168 Cls: 1.369 Hist: 0.8743 Path: 0.3818 | 0.9s
  Epoch 248/800 | Total: 3.023 Edge: 0.324 Con: 0.168 Cls: 1.321 Hist: 0.8364 Path: 0.3737 | 1.0s
  Epoch 249/800 | Total: 3.073 Edge: 0.328 Con: 0.167 Cls: 1.347 Hist: 0.8571 Path: 0.3747 | 1.1s
  Epoch 250/800 | Total: 3.083 Edge: 0.328 Con: 0.168 Cls: 1.345 Hist: 0.8658 Path: 0.3756 | Val F1: 0.3710 | 1.1s
  Epoch 251/800 | Total: 3.114 Edge: 0.337 Con: 0.166 Cls: 1.358 Hist: 0.8691 Path: 0.3842 | 1.0s
  Epoch 252/800 | Total: 3.047 Edge: 0.328 Con: 0.166 Cls: 1.329 Hist: 0.8450 Path: 0.3796 | 1.1s
  Epoch 253/800 | Total: 3.058 Edge: 0.331 Con: 0.167 Cls: 1.331 Hist: 0.8519 Path: 0.3775 | 0.9s
  Epoch 254/800 | Total: 3.011 Edge: 0.324 Con: 0.166 Cls: 1.314 Hist: 0.8331 Path: 0.3734 | 0.9s
  Epoch 255/800 | Total: 3.047 Edge: 0.324 Con: 0.164 Cls: 1.332 Hist: 0.8502 Path: 0.3756 | Val F1: 0.3680 | 0.9s
  Epoch 256/800 | Total: 3.018 Edge: 0.324 Con: 0.165 Cls: 1.317 Hist: 0.8349 Path: 0.3768 | 1.1s
  Epoch 257/800 | Total: 2.995 Edge: 0.323 Con: 0.166 Cls: 1.307 Hist: 0.8245 Path: 0.3744 | 1.0s
  Epoch 258/800 | Total: 2.981 Edge: 0.322 Con: 0.165 Cls: 1.299 Hist: 0.8244 Path: 0.3701 | 1.1s
  Epoch 259/800 | Total: 2.976 Edge: 0.321 Con: 0.166 Cls: 1.297 Hist: 0.8269 Path: 0.3649 | 1.1s
  Epoch 260/800 | Total: 2.978 Edge: 0.320 Con: 0.165 Cls: 1.302 Hist: 0.8248 Path: 0.3670 | Val F1: 0.3740 | 1.0s
  Epoch 261/800 | Total: 2.985 Edge: 0.319 Con: 0.165 Cls: 1.311 Hist: 0.8315 Path: 0.3587 | 1.1s
  Epoch 262/800 | Total: 3.047 Edge: 0.325 Con: 0.167 Cls: 1.341 Hist: 0.8454 Path: 0.3680 | 1.1s
  Epoch 263/800 | Total: 3.033 Edge: 0.327 Con: 0.165 Cls: 1.325 Hist: 0.8432 Path: 0.3726 | 1.0s
  Epoch 264/800 | Total: 3.067 Edge: 0.323 Con: 0.165 Cls: 1.342 Hist: 0.8671 Path: 0.3691 | 1.3s
  Epoch 265/800 | Total: 3.008 Edge: 0.320 Con: 0.166 Cls: 1.320 Hist: 0.8361 Path: 0.3657 | Val F1: 0.3826 | 1.2s
  Epoch 266/800 | Total: 3.021 Edge: 0.324 Con: 0.166 Cls: 1.319 Hist: 0.8415 Path: 0.3706 | 1.2s
  Epoch 267/800 | Total: 3.015 Edge: 0.321 Con: 0.165 Cls: 1.316 Hist: 0.8430 Path: 0.3692 | 1.1s
  Epoch 268/800 | Total: 3.212 Edge: 0.339 Con: 0.166 Cls: 1.403 Hist: 0.9082 Path: 0.3965 | 1.2s
  Epoch 269/800 | Total: 3.179 Edge: 0.348 Con: 0.167 Cls: 1.377 Hist: 0.8859 Path: 0.4016 | 1.2s
  Epoch 270/800 | Total: 3.168 Edge: 0.341 Con: 0.167 Cls: 1.369 Hist: 0.8813 Path: 0.4099 | Val F1: 0.3661 | 1.1s
  Epoch 271/800 | Total: 3.099 Edge: 0.337 Con: 0.167 Cls: 1.348 Hist: 0.8546 Path: 0.3920 | 1.0s
  Epoch 272/800 | Total: 3.060 Edge: 0.331 Con: 0.167 Cls: 1.330 Hist: 0.8492 Path: 0.3832 | 1.0s
  Epoch 273/800 | Total: 3.021 Edge: 0.329 Con: 0.166 Cls: 1.315 Hist: 0.8378 Path: 0.3735 | 0.9s
  Epoch 274/800 | Total: 3.016 Edge: 0.327 Con: 0.167 Cls: 1.317 Hist: 0.8332 Path: 0.3723 | 1.1s
  Epoch 275/800 | Total: 3.033 Edge: 0.330 Con: 0.166 Cls: 1.326 Hist: 0.8417 Path: 0.3698 | Val F1: 0.3763 | 1.0s
  Epoch 276/800 | Total: 3.027 Edge: 0.331 Con: 0.166 Cls: 1.319 Hist: 0.8379 Path: 0.3722 | 1.0s
  Epoch 277/800 | Total: 3.009 Edge: 0.328 Con: 0.166 Cls: 1.310 Hist: 0.8309 Path: 0.3736 | 1.1s
  Epoch 278/800 | Total: 2.987 Edge: 0.327 Con: 0.165 Cls: 1.302 Hist: 0.8224 Path: 0.3708 | 0.9s
  Epoch 279/800 | Total: 3.043 Edge: 0.324 Con: 0.166 Cls: 1.338 Hist: 0.8473 Path: 0.3680 | 1.3s
  Epoch 280/800 | Total: 3.019 Edge: 0.325 Con: 0.166 Cls: 1.324 Hist: 0.8338 Path: 0.3703 | Val F1: 0.3563 | 1.1s
  Epoch 281/800 | Total: 3.010 Edge: 0.324 Con: 0.166 Cls: 1.317 Hist: 0.8358 Path: 0.3671 | 1.0s
  Epoch 282/800 | Total: 2.959 Edge: 0.318 Con: 0.164 Cls: 1.293 Hist: 0.8186 Path: 0.3651 | 1.0s
  Epoch 283/800 | Total: 2.979 Edge: 0.316 Con: 0.165 Cls: 1.307 Hist: 0.8282 Path: 0.3627 | 1.0s
  Epoch 284/800 | Total: 2.956 Edge: 0.318 Con: 0.164 Cls: 1.294 Hist: 0.8187 Path: 0.3609 | 1.3s
  Epoch 285/800 | Total: 2.986 Edge: 0.320 Con: 0.165 Cls: 1.310 Hist: 0.8256 Path: 0.3658 | Val F1: 0.3902 | 1.0s
  Epoch 286/800 | Total: 3.037 Edge: 0.322 Con: 0.164 Cls: 1.333 Hist: 0.8465 Path: 0.3717 | 1.0s
  Epoch 287/800 | Total: 3.088 Edge: 0.327 Con: 0.166 Cls: 1.353 Hist: 0.8621 Path: 0.3802 | 1.1s
  Epoch 288/800 | Total: 3.043 Edge: 0.323 Con: 0.166 Cls: 1.335 Hist: 0.8456 Path: 0.3723 | 1.1s
  Epoch 289/800 | Total: 3.060 Edge: 0.325 Con: 0.166 Cls: 1.341 Hist: 0.8533 Path: 0.3749 | 0.9s
  Epoch 290/800 | Total: 2.994 Edge: 0.318 Con: 0.164 Cls: 1.314 Hist: 0.8318 Path: 0.3664 | Val F1: 0.3811 | 1.0s
  Epoch 291/800 | Total: 2.977 Edge: 0.316 Con: 0.164 Cls: 1.303 Hist: 0.8312 Path: 0.3618 | 0.9s
  Epoch 292/800 | Total: 2.976 Edge: 0.320 Con: 0.165 Cls: 1.299 Hist: 0.8228 Path: 0.3700 | 0.9s
  Epoch 293/800 | Total: 3.057 Edge: 0.319 Con: 0.163 Cls: 1.350 Hist: 0.8576 Path: 0.3666 | 1.0s
  Epoch 294/800 | Total: 3.031 Edge: 0.324 Con: 0.166 Cls: 1.324 Hist: 0.8420 Path: 0.3759 | 1.3s
  Epoch 295/800 | Total: 3.031 Edge: 0.326 Con: 0.163 Cls: 1.320 Hist: 0.8398 Path: 0.3809 | Val F1: 0.3764 | 1.1s
  Epoch 296/800 | Total: 3.012 Edge: 0.323 Con: 0.164 Cls: 1.316 Hist: 0.8344 Path: 0.3753 | 0.9s
  Epoch 297/800 | Total: 2.979 Edge: 0.318 Con: 0.166 Cls: 1.302 Hist: 0.8255 Path: 0.3677 | 0.9s
  Epoch 298/800 | Total: 2.970 Edge: 0.323 Con: 0.163 Cls: 1.297 Hist: 0.8218 Path: 0.3652 | 1.1s
  Epoch 299/800 | Total: 2.976 Edge: 0.317 Con: 0.164 Cls: 1.306 Hist: 0.8286 Path: 0.3600 | 1.0s
  Epoch 300/800 | Total: 3.000 Edge: 0.319 Con: 0.166 Cls: 1.312 Hist: 0.8363 Path: 0.3665 | Val F1: 0.3799 | 1.0s
  Epoch 301/800 | Total: 3.030 Edge: 0.317 Con: 0.164 Cls: 1.331 Hist: 0.8518 Path: 0.3661 | 0.9s
  Epoch 302/800 | Total: 3.174 Edge: 0.328 Con: 0.167 Cls: 1.410 Hist: 0.8881 Path: 0.3815 | 1.1s
  Epoch 303/800 | Total: 3.230 Edge: 0.335 Con: 0.170 Cls: 1.430 Hist: 0.9098 Path: 0.3843 | 0.9s
  Epoch 304/800 | Total: 3.104 Edge: 0.336 Con: 0.168 Cls: 1.349 Hist: 0.8562 Path: 0.3953 | 1.1s
  Epoch 305/800 | Total: 3.117 Edge: 0.338 Con: 0.167 Cls: 1.356 Hist: 0.8669 Path: 0.3901 | Val F1: 0.3673 | 1.0s
  Epoch 306/800 | Total: 3.029 Edge: 0.334 Con: 0.167 Cls: 1.310 Hist: 0.8373 Path: 0.3798 | 1.0s
  Epoch 307/800 | Total: 2.997 Edge: 0.336 Con: 0.165 Cls: 1.304 Hist: 0.8233 Path: 0.3684 | 1.1s
  Epoch 308/800 | Total: 3.032 Edge: 0.334 Con: 0.164 Cls: 1.323 Hist: 0.8410 Path: 0.3695 | 1.1s
  Epoch 309/800 | Total: 3.012 Edge: 0.324 Con: 0.165 Cls: 1.319 Hist: 0.8353 Path: 0.3686 | 1.1s
  Epoch 310/800 | Total: 3.136 Edge: 0.329 Con: 0.167 Cls: 1.385 Hist: 0.8732 Path: 0.3822 | Val F1: 0.3670 | 1.2s
  Epoch 311/800 | Total: 3.131 Edge: 0.334 Con: 0.167 Cls: 1.369 Hist: 0.8749 Path: 0.3864 | 1.3s
  Epoch 312/800 | Total: 3.035 Edge: 0.336 Con: 0.167 Cls: 1.313 Hist: 0.8377 Path: 0.3822 | 1.0s
  Epoch 313/800 | Total: 3.003 Edge: 0.332 Con: 0.166 Cls: 1.304 Hist: 0.8265 Path: 0.3743 | 1.0s
  Epoch 314/800 | Total: 3.063 Edge: 0.326 Con: 0.165 Cls: 1.344 Hist: 0.8518 Path: 0.3761 | 1.0s
  Epoch 315/800 | Total: 3.039 Edge: 0.325 Con: 0.166 Cls: 1.330 Hist: 0.8451 Path: 0.3732 | Val F1: 0.3797 | 1.1s
  Epoch 316/800 | Total: 3.035 Edge: 0.322 Con: 0.166 Cls: 1.330 Hist: 0.8521 Path: 0.3649 | 1.0s
  Epoch 317/800 | Total: 3.094 Edge: 0.330 Con: 0.166 Cls: 1.360 Hist: 0.8578 Path: 0.3801 | 1.1s
  Epoch 318/800 | Total: 3.058 Edge: 0.328 Con: 0.164 Cls: 1.340 Hist: 0.8479 Path: 0.3777 | 1.1s
  Epoch 319/800 | Total: 2.999 Edge: 0.325 Con: 0.165 Cls: 1.305 Hist: 0.8306 Path: 0.3731 | 1.1s
  Epoch 320/800 | Total: 2.975 Edge: 0.319 Con: 0.163 Cls: 1.302 Hist: 0.8263 Path: 0.3639 | Val F1: 0.3870 | 1.2s
  Epoch 321/800 | Total: 2.956 Edge: 0.317 Con: 0.162 Cls: 1.293 Hist: 0.8206 Path: 0.3631 | 1.1s
  Epoch 322/800 | Total: 3.002 Edge: 0.319 Con: 0.164 Cls: 1.313 Hist: 0.8384 Path: 0.3684 | 0.9s
  Epoch 323/800 | Total: 3.026 Edge: 0.321 Con: 0.164 Cls: 1.329 Hist: 0.8446 Path: 0.3677 | 1.0s
  Epoch 324/800 | Total: 3.031 Edge: 0.326 Con: 0.166 Cls: 1.326 Hist: 0.8413 Path: 0.3725 | 1.0s
  Epoch 325/800 | Total: 3.057 Edge: 0.321 Con: 0.164 Cls: 1.339 Hist: 0.8586 Path: 0.3740 | Val F1: 0.3735 | 1.1s
  Epoch 326/800 | Total: 3.030 Edge: 0.323 Con: 0.164 Cls: 1.331 Hist: 0.8399 Path: 0.3729 | 1.1s
  Epoch 327/800 | Total: 3.045 Edge: 0.323 Con: 0.165 Cls: 1.336 Hist: 0.8460 Path: 0.3753 | 1.1s
  Epoch 328/800 | Total: 2.965 Edge: 0.318 Con: 0.164 Cls: 1.296 Hist: 0.8244 Path: 0.3624 | 1.1s
  Epoch 329/800 | Total: 2.996 Edge: 0.327 Con: 0.165 Cls: 1.307 Hist: 0.8315 Path: 0.3648 | 1.3s
  Epoch 330/800 | Total: 2.976 Edge: 0.323 Con: 0.164 Cls: 1.299 Hist: 0.8214 Path: 0.3683 | Val F1: 0.3840 | 1.0s
  Epoch 331/800 | Total: 3.001 Edge: 0.324 Con: 0.165 Cls: 1.318 Hist: 0.8281 Path: 0.3667 | 0.9s
  Epoch 332/800 | Total: 3.003 Edge: 0.324 Con: 0.165 Cls: 1.316 Hist: 0.8320 Path: 0.3653 | 1.0s
  Epoch 333/800 | Total: 3.055 Edge: 0.329 Con: 0.166 Cls: 1.338 Hist: 0.8543 Path: 0.3680 | 1.1s
  Epoch 334/800 | Total: 3.176 Edge: 0.337 Con: 0.168 Cls: 1.393 Hist: 0.8904 Path: 0.3873 | 0.9s
  Epoch 335/800 | Total: 3.082 Edge: 0.327 Con: 0.165 Cls: 1.349 Hist: 0.8577 Path: 0.3835 | Val F1: 0.3762 | 0.9s
  Epoch 336/800 | Total: 3.110 Edge: 0.329 Con: 0.166 Cls: 1.364 Hist: 0.8650 Path: 0.3853 | 0.9s
  Epoch 337/800 | Total: 3.010 Edge: 0.321 Con: 0.165 Cls: 1.317 Hist: 0.8369 Path: 0.3689 | 1.1s
  Epoch 338/800 | Total: 2.973 Edge: 0.322 Con: 0.165 Cls: 1.295 Hist: 0.8209 Path: 0.3694 | 1.2s
  Epoch 339/800 | Total: 2.971 Edge: 0.323 Con: 0.163 Cls: 1.295 Hist: 0.8197 Path: 0.3702 | 1.0s
  Epoch 340/800 | Total: 2.947 Edge: 0.323 Con: 0.164 Cls: 1.284 Hist: 0.8127 Path: 0.3644 | Val F1: 0.3782 | 1.2s
  Epoch 341/800 | Total: 2.961 Edge: 0.320 Con: 0.165 Cls: 1.294 Hist: 0.8213 Path: 0.3617 | 1.1s
  Epoch 342/800 | Total: 2.943 Edge: 0.318 Con: 0.163 Cls: 1.279 Hist: 0.8144 Path: 0.3683 | 1.1s
  Epoch 343/800 | Total: 2.940 Edge: 0.317 Con: 0.165 Cls: 1.281 Hist: 0.8136 Path: 0.3637 | 1.1s
  Epoch 344/800 | Total: 2.938 Edge: 0.315 Con: 0.163 Cls: 1.287 Hist: 0.8129 Path: 0.3598 | 1.1s
  Epoch 345/800 | Total: 2.939 Edge: 0.315 Con: 0.163 Cls: 1.285 Hist: 0.8164 Path: 0.3585 | Val F1: 0.3825 | 1.1s
  Epoch 346/800 | Total: 2.935 Edge: 0.315 Con: 0.164 Cls: 1.282 Hist: 0.8110 Path: 0.3628 | 1.0s
  Epoch 347/800 | Total: 2.914 Edge: 0.314 Con: 0.162 Cls: 1.270 Hist: 0.8027 Path: 0.3647 | 1.0s
  Epoch 348/800 | Total: 2.961 Edge: 0.318 Con: 0.163 Cls: 1.292 Hist: 0.8180 Path: 0.3704 | 0.9s
  Epoch 349/800 | Total: 2.942 Edge: 0.313 Con: 0.163 Cls: 1.288 Hist: 0.8177 Path: 0.3602 | 0.9s
  Epoch 350/800 | Total: 2.929 Edge: 0.313 Con: 0.163 Cls: 1.282 Hist: 0.8116 Path: 0.3600 | Val F1: 0.3935 | 1.0s
  Epoch 351/800 | Total: 2.919 Edge: 0.314 Con: 0.165 Cls: 1.275 Hist: 0.8062 Path: 0.3589 | 1.0s
  Epoch 352/800 | Total: 2.981 Edge: 0.320 Con: 0.164 Cls: 1.304 Hist: 0.8259 Path: 0.3674 | 0.9s
  Epoch 353/800 | Total: 3.110 Edge: 0.325 Con: 0.165 Cls: 1.371 Hist: 0.8731 Path: 0.3759 | 0.9s
  Epoch 354/800 | Total: 3.040 Edge: 0.324 Con: 0.163 Cls: 1.327 Hist: 0.8459 Path: 0.3804 | 1.0s
  Epoch 355/800 | Total: 3.035 Edge: 0.322 Con: 0.165 Cls: 1.327 Hist: 0.8439 Path: 0.3778 | Val F1: 0.3766 | 1.1s
  Epoch 356/800 | Total: 2.994 Edge: 0.317 Con: 0.162 Cls: 1.310 Hist: 0.8338 Path: 0.3714 | 1.2s
  Epoch 357/800 | Total: 2.941 Edge: 0.317 Con: 0.165 Cls: 1.282 Hist: 0.8136 Path: 0.3645 | 1.0s
  Epoch 358/800 | Total: 2.942 Edge: 0.313 Con: 0.163 Cls: 1.288 Hist: 0.8179 Path: 0.3594 | 1.1s
  Epoch 359/800 | Total: 2.981 Edge: 0.311 Con: 0.164 Cls: 1.314 Hist: 0.8386 Path: 0.3533 | 0.9s
  Epoch 360/800 | Total: 2.983 Edge: 0.316 Con: 0.165 Cls: 1.310 Hist: 0.8310 Path: 0.3615 | Val F1: 0.3815 | 1.0s
  Epoch 361/800 | Total: 2.953 Edge: 0.316 Con: 0.164 Cls: 1.287 Hist: 0.8194 Path: 0.3657 | 1.0s
  Epoch 362/800 | Total: 2.964 Edge: 0.317 Con: 0.164 Cls: 1.297 Hist: 0.8251 Path: 0.3605 | 1.0s
  Epoch 363/800 | Total: 2.941 Edge: 0.314 Con: 0.162 Cls: 1.291 Hist: 0.8158 Path: 0.3586 | 0.9s
  Epoch 364/800 | Total: 2.947 Edge: 0.314 Con: 0.165 Cls: 1.295 Hist: 0.8153 Path: 0.3575 | 1.0s
  Epoch 365/800 | Total: 2.944 Edge: 0.317 Con: 0.164 Cls: 1.284 Hist: 0.8126 Path: 0.3653 | Val F1: 0.3924 | 1.3s
  Epoch 366/800 | Total: 3.029 Edge: 0.321 Con: 0.164 Cls: 1.324 Hist: 0.8455 Path: 0.3748 | 1.2s
  Epoch 367/800 | Total: 3.036 Edge: 0.320 Con: 0.166 Cls: 1.332 Hist: 0.8487 Path: 0.3706 | 1.1s
  Epoch 368/800 | Total: 2.998 Edge: 0.326 Con: 0.164 Cls: 1.300 Hist: 0.8253 Path: 0.3819 | 1.1s
  Epoch 369/800 | Total: 2.964 Edge: 0.323 Con: 0.161 Cls: 1.284 Hist: 0.8158 Path: 0.3803 | 1.0s
  Epoch 370/800 | Total: 3.042 Edge: 0.323 Con: 0.167 Cls: 1.331 Hist: 0.8494 Path: 0.3728 | Val F1: 0.3806 | 1.0s
  Epoch 371/800 | Total: 3.074 Edge: 0.330 Con: 0.165 Cls: 1.351 Hist: 0.8455 Path: 0.3819 | 1.2s
  Epoch 372/800 | Total: 3.098 Edge: 0.329 Con: 0.166 Cls: 1.358 Hist: 0.8665 Path: 0.3786 | 1.0s
  Epoch 373/800 | Total: 3.012 Edge: 0.326 Con: 0.166 Cls: 1.306 Hist: 0.8387 Path: 0.3752 | 1.1s
  Epoch 374/800 | Total: 2.966 Edge: 0.321 Con: 0.165 Cls: 1.291 Hist: 0.8237 Path: 0.3639 | 1.1s
  Epoch 375/800 | Total: 2.928 Edge: 0.315 Con: 0.165 Cls: 1.276 Hist: 0.8111 Path: 0.3609 | Val F1: 0.3860 | 1.1s
  Epoch 376/800 | Total: 2.969 Edge: 0.318 Con: 0.166 Cls: 1.300 Hist: 0.8283 Path: 0.3572 | 1.1s
  Epoch 377/800 | Total: 2.980 Edge: 0.321 Con: 0.164 Cls: 1.307 Hist: 0.8227 Path: 0.3651 | 1.1s
  Epoch 378/800 | Total: 3.011 Edge: 0.325 Con: 0.164 Cls: 1.320 Hist: 0.8330 Path: 0.3689 | 1.0s
  Epoch 379/800 | Total: 3.082 Edge: 0.326 Con: 0.165 Cls: 1.358 Hist: 0.8631 Path: 0.3700 | 1.3s
  Epoch 380/800 | Total: 3.055 Edge: 0.327 Con: 0.167 Cls: 1.341 Hist: 0.8456 Path: 0.3746 | Val F1: 0.3878 | 1.1s
  Epoch 381/800 | Total: 2.965 Edge: 0.322 Con: 0.164 Cls: 1.283 Hist: 0.8172 Path: 0.3784 | 1.0s
  Epoch 382/800 | Total: 2.951 Edge: 0.319 Con: 0.165 Cls: 1.283 Hist: 0.8141 Path: 0.3710 | 1.0s
  Epoch 383/800 | Total: 2.940 Edge: 0.320 Con: 0.162 Cls: 1.279 Hist: 0.8128 Path: 0.3655 | 1.0s
  Epoch 384/800 | Total: 2.924 Edge: 0.314 Con: 0.163 Cls: 1.278 Hist: 0.8087 Path: 0.3617 | 0.9s
  Epoch 385/800 | Total: 2.944 Edge: 0.314 Con: 0.164 Cls: 1.290 Hist: 0.8185 Path: 0.3578 | Val F1: 0.3873 | 0.9s
  Epoch 386/800 | Total: 2.961 Edge: 0.317 Con: 0.165 Cls: 1.300 Hist: 0.8210 Path: 0.3587 | 1.1s
  Epoch 387/800 | Total: 2.937 Edge: 0.311 Con: 0.162 Cls: 1.291 Hist: 0.8174 Path: 0.3563 | 1.0s
  Epoch 388/800 | Total: 2.950 Edge: 0.315 Con: 0.164 Cls: 1.289 Hist: 0.8186 Path: 0.3639 | 1.0s
  Epoch 389/800 | Total: 2.927 Edge: 0.317 Con: 0.164 Cls: 1.276 Hist: 0.8120 Path: 0.3589 | 1.2s
  Epoch 390/800 | Total: 2.986 Edge: 0.325 Con: 0.163 Cls: 1.305 Hist: 0.8247 Path: 0.3679 | Val F1: 0.3749 | 1.0s
  Epoch 391/800 | Total: 2.991 Edge: 0.323 Con: 0.164 Cls: 1.308 Hist: 0.8274 Path: 0.3689 | 1.0s
  Epoch 392/800 | Total: 2.962 Edge: 0.316 Con: 0.163 Cls: 1.296 Hist: 0.8242 Path: 0.3632 | 1.0s
  Epoch 393/800 | Total: 2.949 Edge: 0.318 Con: 0.163 Cls: 1.289 Hist: 0.8184 Path: 0.3607 | 1.0s
  Epoch 394/800 | Total: 2.989 Edge: 0.317 Con: 0.164 Cls: 1.309 Hist: 0.8318 Path: 0.3680 | 1.0s
  Epoch 395/800 | Total: 2.980 Edge: 0.317 Con: 0.164 Cls: 1.311 Hist: 0.8250 Path: 0.3623 | Val F1: 0.4032 | 1.1s
  Epoch 396/800 | Total: 2.997 Edge: 0.318 Con: 0.165 Cls: 1.316 Hist: 0.8334 Path: 0.3638 | 1.2s
  Epoch 397/800 | Total: 3.005 Edge: 0.318 Con: 0.165 Cls: 1.321 Hist: 0.8422 Path: 0.3592 | 0.9s
  Epoch 398/800 | Total: 2.963 Edge: 0.315 Con: 0.165 Cls: 1.299 Hist: 0.8247 Path: 0.3595 | 1.0s
  Epoch 399/800 | Total: 2.928 Edge: 0.312 Con: 0.165 Cls: 1.280 Hist: 0.8138 Path: 0.3584 | 1.1s
  Epoch 400/800 | Total: 2.963 Edge: 0.315 Con: 0.164 Cls: 1.298 Hist: 0.8227 Path: 0.3635 | Val F1: 0.3800 | 0.9s
  Epoch 401/800 | Total: 3.034 Edge: 0.317 Con: 0.167 Cls: 1.326 Hist: 0.8446 Path: 0.3790 | 0.9s
  Epoch 402/800 | Total: 3.044 Edge: 0.316 Con: 0.165 Cls: 1.346 Hist: 0.8462 Path: 0.3715 | 0.9s
  Epoch 403/800 | Total: 3.090 Edge: 0.321 Con: 0.166 Cls: 1.362 Hist: 0.8622 Path: 0.3786 | 1.0s
  Epoch 404/800 | Total: 3.025 Edge: 0.325 Con: 0.166 Cls: 1.321 Hist: 0.8406 Path: 0.3726 | 1.1s
  Epoch 405/800 | Total: 3.079 Edge: 0.321 Con: 0.165 Cls: 1.361 Hist: 0.8638 Path: 0.3677 | Val F1: 0.3837 | 1.2s
  Epoch 406/800 | Total: 3.046 Edge: 0.330 Con: 0.167 Cls: 1.329 Hist: 0.8502 Path: 0.3701 | 1.0s
  Epoch 407/800 | Total: 2.994 Edge: 0.329 Con: 0.166 Cls: 1.307 Hist: 0.8294 Path: 0.3630 | 1.0s
  Epoch 408/800 | Total: 3.040 Edge: 0.323 Con: 0.165 Cls: 1.333 Hist: 0.8456 Path: 0.3727 | 0.9s
  Epoch 409/800 | Total: 3.046 Edge: 0.321 Con: 0.164 Cls: 1.336 Hist: 0.8585 Path: 0.3657 | 1.0s
  Epoch 410/800 | Total: 2.995 Edge: 0.320 Con: 0.166 Cls: 1.304 Hist: 0.8303 Path: 0.3756 | Val F1: 0.3940 | 1.1s
  Epoch 411/800 | Total: 2.925 Edge: 0.313 Con: 0.164 Cls: 1.280 Hist: 0.8083 Path: 0.3594 | 1.0s
  Epoch 412/800 | Total: 2.910 Edge: 0.312 Con: 0.164 Cls: 1.267 Hist: 0.8094 Path: 0.3575 | 1.0s
  Epoch 413/800 | Total: 2.942 Edge: 0.315 Con: 0.166 Cls: 1.284 Hist: 0.8155 Path: 0.3617 | 0.9s
  Epoch 414/800 | Total: 2.937 Edge: 0.314 Con: 0.164 Cls: 1.286 Hist: 0.8153 Path: 0.3590 | 0.9s
  Epoch 415/800 | Total: 2.954 Edge: 0.314 Con: 0.163 Cls: 1.295 Hist: 0.8217 Path: 0.3605 | Val F1: 0.3906 | 1.0s
  Epoch 416/800 | Total: 2.984 Edge: 0.316 Con: 0.165 Cls: 1.308 Hist: 0.8326 Path: 0.3628 | 1.3s
  Epoch 417/800 | Total: 2.973 Edge: 0.317 Con: 0.165 Cls: 1.306 Hist: 0.8259 Path: 0.3599 | 1.4s
  Epoch 418/800 | Total: 2.958 Edge: 0.317 Con: 0.163 Cls: 1.291 Hist: 0.8197 Path: 0.3677 | 1.0s
  Epoch 419/800 | Total: 2.946 Edge: 0.314 Con: 0.164 Cls: 1.294 Hist: 0.8214 Path: 0.3531 | 1.0s
  Epoch 420/800 | Total: 2.923 Edge: 0.313 Con: 0.163 Cls: 1.280 Hist: 0.8149 Path: 0.3527 | Val F1: 0.3895 | 0.9s
  Epoch 421/800 | Total: 2.927 Edge: 0.313 Con: 0.164 Cls: 1.281 Hist: 0.8123 Path: 0.3573 | 1.0s
  Epoch 422/800 | Total: 2.956 Edge: 0.312 Con: 0.162 Cls: 1.296 Hist: 0.8291 Path: 0.3570 | 1.1s
  Epoch 423/800 | Total: 2.945 Edge: 0.317 Con: 0.164 Cls: 1.287 Hist: 0.8168 Path: 0.3601 | 1.1s
  Epoch 424/800 | Total: 2.986 Edge: 0.326 Con: 0.163 Cls: 1.297 Hist: 0.8241 Path: 0.3748 | 1.0s
  Epoch 425/800 | Total: 2.943 Edge: 0.317 Con: 0.164 Cls: 1.283 Hist: 0.8139 Path: 0.3640 | Val F1: 0.3958 | 1.0s
  Epoch 426/800 | Total: 2.971 Edge: 0.320 Con: 0.165 Cls: 1.297 Hist: 0.8277 Path: 0.3610 | 0.9s
  Epoch 427/800 | Total: 2.979 Edge: 0.332 Con: 0.163 Cls: 1.291 Hist: 0.8178 Path: 0.3752 | 1.0s
  Epoch 428/800 | Total: 2.993 Edge: 0.329 Con: 0.166 Cls: 1.298 Hist: 0.8268 Path: 0.3737 | 1.1s
  Epoch 429/800 | Total: 2.998 Edge: 0.325 Con: 0.163 Cls: 1.307 Hist: 0.8311 Path: 0.3714 | 0.9s
  Epoch 430/800 | Total: 2.945 Edge: 0.321 Con: 0.165 Cls: 1.283 Hist: 0.8113 Path: 0.3647 | Val F1: 0.3876 | 0.9s
  Epoch 431/800 | Total: 2.948 Edge: 0.317 Con: 0.164 Cls: 1.286 Hist: 0.8142 Path: 0.3671 | 0.9s
  Epoch 432/800 | Total: 3.030 Edge: 0.318 Con: 0.164 Cls: 1.331 Hist: 0.8485 Path: 0.3682 | 1.1s
  Epoch 433/800 | Total: 2.992 Edge: 0.320 Con: 0.166 Cls: 1.312 Hist: 0.8334 Path: 0.3614 | 1.1s
  Epoch 434/800 | Total: 2.934 Edge: 0.318 Con: 0.165 Cls: 1.283 Hist: 0.8112 Path: 0.3569 | 1.0s
  Epoch 435/800 | Total: 2.961 Edge: 0.316 Con: 0.165 Cls: 1.295 Hist: 0.8222 Path: 0.3621 | Val F1: 0.3746 | 1.3s
  Epoch 436/800 | Total: 2.956 Edge: 0.315 Con: 0.164 Cls: 1.294 Hist: 0.8257 Path: 0.3581 | 1.0s
  Epoch 437/800 | Total: 3.066 Edge: 0.319 Con: 0.165 Cls: 1.356 Hist: 0.8604 Path: 0.3664 | 1.0s
  Epoch 438/800 | Total: 3.055 Edge: 0.316 Con: 0.165 Cls: 1.349 Hist: 0.8574 Path: 0.3686 | 0.9s
  Epoch 439/800 | Total: 3.101 Edge: 0.319 Con: 0.166 Cls: 1.377 Hist: 0.8671 Path: 0.3731 | 0.9s
  Epoch 440/800 | Total: 3.054 Edge: 0.325 Con: 0.162 Cls: 1.342 Hist: 0.8521 Path: 0.3732 | Val F1: 0.3886 | 1.0s
  Epoch 441/800 | Total: 2.996 Edge: 0.318 Con: 0.165 Cls: 1.318 Hist: 0.8311 Path: 0.3644 | 1.2s
  Epoch 442/800 | Total: 2.988 Edge: 0.323 Con: 0.164 Cls: 1.303 Hist: 0.8235 Path: 0.3743 | 1.1s
  Epoch 443/800 | Total: 2.953 Edge: 0.316 Con: 0.163 Cls: 1.286 Hist: 0.8230 Path: 0.3643 | 1.1s
  Epoch 444/800 | Total: 2.944 Edge: 0.314 Con: 0.163 Cls: 1.289 Hist: 0.8197 Path: 0.3582 | 1.0s
  Epoch 445/800 | Total: 2.962 Edge: 0.315 Con: 0.163 Cls: 1.303 Hist: 0.8169 Path: 0.3642 | Val F1: 0.3883 | 1.0s
  Epoch 446/800 | Total: 2.961 Edge: 0.317 Con: 0.162 Cls: 1.299 Hist: 0.8217 Path: 0.3620 | 1.2s
  Epoch 447/800 | Total: 2.931 Edge: 0.312 Con: 0.162 Cls: 1.279 Hist: 0.8107 Path: 0.3666 | 1.1s
  Epoch 448/800 | Total: 2.928 Edge: 0.313 Con: 0.163 Cls: 1.274 Hist: 0.8128 Path: 0.3641 | 1.0s
  Epoch 449/800 | Total: 2.912 Edge: 0.312 Con: 0.162 Cls: 1.270 Hist: 0.8097 Path: 0.3582 | 1.2s
  Epoch 450/800 | Total: 2.912 Edge: 0.312 Con: 0.163 Cls: 1.274 Hist: 0.8102 Path: 0.3529 | Val F1: 0.3997 | 1.0s
  Epoch 451/800 | Total: 2.908 Edge: 0.313 Con: 0.163 Cls: 1.266 Hist: 0.8060 Path: 0.3590 | 1.1s
  Epoch 452/800 | Total: 2.912 Edge: 0.312 Con: 0.163 Cls: 1.274 Hist: 0.8095 Path: 0.3528 | 1.1s
  Epoch 453/800 | Total: 2.940 Edge: 0.313 Con: 0.165 Cls: 1.290 Hist: 0.8156 Path: 0.3570 | 0.9s
  Epoch 454/800 | Total: 3.021 Edge: 0.318 Con: 0.165 Cls: 1.329 Hist: 0.8455 Path: 0.3637 | 1.0s
  Epoch 455/800 | Total: 3.019 Edge: 0.322 Con: 0.163 Cls: 1.325 Hist: 0.8450 Path: 0.3649 | Val F1: 0.3834 | 1.0s
  Epoch 456/800 | Total: 3.008 Edge: 0.321 Con: 0.164 Cls: 1.315 Hist: 0.8456 Path: 0.3632 | 1.1s
  Epoch 457/800 | Total: 3.005 Edge: 0.327 Con: 0.163 Cls: 1.314 Hist: 0.8312 Path: 0.3699 | 1.2s
  Epoch 458/800 | Total: 2.972 Edge: 0.327 Con: 0.164 Cls: 1.290 Hist: 0.8183 Path: 0.3724 | 1.0s
  Epoch 459/800 | Total: 2.939 Edge: 0.320 Con: 0.163 Cls: 1.278 Hist: 0.8098 Path: 0.3675 | 1.1s
  Epoch 460/800 | Total: 2.953 Edge: 0.319 Con: 0.165 Cls: 1.282 Hist: 0.8141 Path: 0.3724 | Val F1: 0.3781 | 1.1s
  Epoch 461/800 | Total: 2.945 Edge: 0.313 Con: 0.163 Cls: 1.289 Hist: 0.8170 Path: 0.3628 | 1.1s
  Epoch 462/800 | Total: 2.927 Edge: 0.312 Con: 0.162 Cls: 1.278 Hist: 0.8135 Path: 0.3614 | 1.0s
  Epoch 463/800 | Total: 2.918 Edge: 0.309 Con: 0.161 Cls: 1.282 Hist: 0.8128 Path: 0.3535 | 1.3s
  Epoch 464/800 | Total: 2.904 Edge: 0.309 Con: 0.161 Cls: 1.274 Hist: 0.8062 Path: 0.3533 | 1.1s
  Epoch 465/800 | Total: 2.903 Edge: 0.306 Con: 0.161 Cls: 1.280 Hist: 0.8095 Path: 0.3473 | Val F1: 0.3945 | 1.1s
  Epoch 466/800 | Total: 2.913 Edge: 0.309 Con: 0.163 Cls: 1.279 Hist: 0.8111 Path: 0.3510 | 1.0s
  Epoch 467/800 | Total: 2.923 Edge: 0.311 Con: 0.162 Cls: 1.279 Hist: 0.8104 Path: 0.3599 | 1.0s
  Epoch 468/800 | Total: 2.927 Edge: 0.313 Con: 0.162 Cls: 1.282 Hist: 0.8141 Path: 0.3562 | 1.1s
  Epoch 469/800 | Total: 2.911 Edge: 0.307 Con: 0.162 Cls: 1.279 Hist: 0.8086 Path: 0.3537 | 0.9s
  Epoch 470/800 | Total: 2.933 Edge: 0.308 Con: 0.162 Cls: 1.289 Hist: 0.8193 Path: 0.3542 | Val F1: 0.3958 | 1.0s
  Epoch 471/800 | Total: 2.917 Edge: 0.312 Con: 0.162 Cls: 1.275 Hist: 0.8109 Path: 0.3572 | 1.1s
  Epoch 472/800 | Total: 2.904 Edge: 0.310 Con: 0.162 Cls: 1.276 Hist: 0.8016 Path: 0.3549 | 1.2s
  Epoch 473/800 | Total: 2.953 Edge: 0.314 Con: 0.163 Cls: 1.294 Hist: 0.8177 Path: 0.3645 | 1.1s
  Epoch 474/800 | Total: 3.090 Edge: 0.338 Con: 0.170 Cls: 1.336 Hist: 0.8527 Path: 0.3933 | 0.9s
  Epoch 475/800 | Total: 3.087 Edge: 0.343 Con: 0.168 Cls: 1.331 Hist: 0.8527 Path: 0.3924 | Val F1: 0.3877 | 1.0s
  Epoch 476/800 | Total: 3.008 Edge: 0.332 Con: 0.168 Cls: 1.302 Hist: 0.8303 Path: 0.3761 | 0.9s
  Epoch 477/800 | Total: 2.944 Edge: 0.327 Con: 0.166 Cls: 1.271 Hist: 0.8087 Path: 0.3712 | 1.3s
  Epoch 478/800 | Total: 2.929 Edge: 0.321 Con: 0.167 Cls: 1.275 Hist: 0.8036 Path: 0.3638 | 1.2s
  Epoch 479/800 | Total: 2.887 Edge: 0.313 Con: 0.162 Cls: 1.261 Hist: 0.7930 Path: 0.3577 | 1.1s
  Epoch 480/800 | Total: 2.934 Edge: 0.311 Con: 0.163 Cls: 1.286 Hist: 0.8150 Path: 0.3584 | Val F1: 0.3957 | 1.0s
  Epoch 481/800 | Total: 2.906 Edge: 0.308 Con: 0.162 Cls: 1.272 Hist: 0.8080 Path: 0.3559 | 1.1s
  Epoch 482/800 | Total: 2.886 Edge: 0.307 Con: 0.162 Cls: 1.266 Hist: 0.7991 Path: 0.3518 | 1.0s
  Epoch 483/800 | Total: 2.874 Edge: 0.306 Con: 0.161 Cls: 1.260 Hist: 0.7983 Path: 0.3496 | 0.9s
  Epoch 484/800 | Total: 2.889 Edge: 0.307 Con: 0.162 Cls: 1.263 Hist: 0.8043 Path: 0.3533 | 0.9s
  Epoch 485/800 | Total: 2.881 Edge: 0.306 Con: 0.161 Cls: 1.260 Hist: 0.7986 Path: 0.3546 | Val F1: 0.3928 | 0.9s
  Epoch 486/800 | Total: 2.865 Edge: 0.306 Con: 0.163 Cls: 1.253 Hist: 0.7943 Path: 0.3486 | 1.0s
  Epoch 487/800 | Total: 2.891 Edge: 0.306 Con: 0.162 Cls: 1.269 Hist: 0.8049 Path: 0.3493 | 1.2s
  Epoch 488/800 | Total: 2.915 Edge: 0.311 Con: 0.162 Cls: 1.278 Hist: 0.8091 Path: 0.3545 | 1.3s
  Epoch 489/800 | Total: 2.927 Edge: 0.317 Con: 0.163 Cls: 1.281 Hist: 0.8067 Path: 0.3584 | 1.0s
  Epoch 490/800 | Total: 2.951 Edge: 0.316 Con: 0.163 Cls: 1.295 Hist: 0.8139 Path: 0.3626 | Val F1: 0.3928 | 1.2s
  Epoch 491/800 | Total: 2.994 Edge: 0.323 Con: 0.165 Cls: 1.305 Hist: 0.8329 Path: 0.3686 | 1.2s
  Epoch 492/800 | Total: 2.976 Edge: 0.312 Con: 0.164 Cls: 1.313 Hist: 0.8299 Path: 0.3582 | 1.0s
  Epoch 493/800 | Total: 2.960 Edge: 0.315 Con: 0.164 Cls: 1.300 Hist: 0.8207 Path: 0.3606 | 0.9s
  Epoch 494/800 | Total: 3.060 Edge: 0.325 Con: 0.164 Cls: 1.340 Hist: 0.8595 Path: 0.3715 | 1.1s
  Epoch 495/800 | Total: 2.983 Edge: 0.319 Con: 0.164 Cls: 1.297 Hist: 0.8258 Path: 0.3776 | Val F1: 0.3951 | 1.1s
  Early stopping at epoch 495
  Best Val F1: 0.4032 | Test F1: 0.4049
  Total training time: 588.3s (9.8 min)

======================================================================
  Val  Macro-F1: 0.4032
  Test Macro-F1: 0.4049
  Test Accuracy: 0.6373
  Time: 590.3s
======================================================================

  Results saved to: results/NESS_ogbn-arxiv_MCAR_0.8_20260723_180736
