/home/erfan/MATE/venv/lib/python3.13/site-packages/outdated/__init__.py:36: UserWarning: pkg_resources is deprecated as an API. See https://setuptools.pypa.io/en/latest/pkg_resources.html. The pkg_resources package is slated for removal as early as 2025-11-30. Refrain from using this package or pin to Setuptools<81.
  from pkg_resources import parse_version
/home/erfan/MATE/ogbn_benchmarks/data_loader.py:96: UserWarning: Sparse invariant checks are implicitly disabled. Memory errors (e.g. SEGFAULT) will occur when operating on a sparse tensor which violates the invariants, but checks incur performance overhead. To silence this warning, explicitly opt in or out. See `torch.sparse.check_sparse_tensor_invariants.__doc__` for guidance.  (Triggered internally at /pytorch/aten/src/ATen/Context.cpp:760.)
  adj = torch.sparse_coo_tensor(edge_index, vals, (num_nodes, num_nodes)).coalesce()
======================================================================
  NESS | ogbn-arxiv | MCAR @ 80% | lr=0.005
======================================================================
[1/3] Loading ogbn-arxiv...
  169,343 nodes | 128 dims | 40 classes
[2/3] Simulating MCAR missingness...
Simulating MCAR missingness at 80% rate...
  MCAR: Uniform random selection
  Observable: 33,869 (20.0%)
  Masked: 135,474 (80.0%)
  Observable: 33,869 | Val: 67,737 | Test: 67,737
[3/3] Running NESS...
  Prefilling missing nodes via Feature Propagation (40 iters)...
  Computing neighbor label-histogram target (2-hop, observable labels)...
  Partitioning graph into 20 clusters (cache_device=gpu)...
  Cached 20 clusters
  Training NESS for up to 800 epochs (patience=20)...
  Epoch 1/800 | Total: 8.091 Edge: 0.668 Con: 0.508 Cls: 3.428 Hist: 2.8007 Path: 0.6855 | 10.1s
  Epoch 2/800 | Total: 7.088 Edge: 0.633 Con: 0.331 Cls: 3.035 Hist: 2.4126 Path: 0.6760 | 0.9s
  Epoch 3/800 | Total: 6.700 Edge: 0.625 Con: 0.362 Cls: 2.877 Hist: 2.1726 Path: 0.6636 | 0.9s
  Epoch 4/800 | Total: 6.093 Edge: 0.584 Con: 0.304 Cls: 2.666 Hist: 1.8969 Path: 0.6424 | 0.9s
  Epoch 5/800 | Total: 5.780 Edge: 0.582 Con: 0.255 Cls: 2.486 Hist: 1.8148 Path: 0.6419 | Val F1: 0.0329 | 0.9s
  Epoch 6/800 | Total: 5.606 Edge: 0.558 Con: 0.234 Cls: 2.464 Hist: 1.7300 Path: 0.6197 | 0.9s
  Epoch 7/800 | Total: 5.435 Edge: 0.557 Con: 0.222 Cls: 2.373 Hist: 1.6783 Path: 0.6045 | 0.9s
  Epoch 8/800 | Total: 5.467 Edge: 0.548 Con: 0.226 Cls: 2.411 Hist: 1.6700 Path: 0.6121 | 0.9s
  Epoch 9/800 | Total: 5.753 Edge: 0.614 Con: 0.248 Cls: 2.480 Hist: 1.7668 Path: 0.6445 | 0.9s
  Epoch 10/800 | Total: 5.510 Edge: 0.585 Con: 0.239 Cls: 2.440 Hist: 1.6155 Path: 0.6289 | Val F1: 0.0916 | 0.9s
  Epoch 11/800 | Total: 5.196 Edge: 0.532 Con: 0.213 Cls: 2.279 Hist: 1.5682 Path: 0.6035 | 0.9s
  Epoch 12/800 | Total: 5.165 Edge: 0.548 Con: 0.218 Cls: 2.227 Hist: 1.5467 Path: 0.6247 | 0.9s
  Epoch 13/800 | Total: 4.888 Edge: 0.513 Con: 0.211 Cls: 2.108 Hist: 1.4347 Path: 0.6214 | 0.9s
  Epoch 14/800 | Total: 4.765 Edge: 0.503 Con: 0.200 Cls: 2.056 Hist: 1.4159 Path: 0.5907 | 0.9s
  Epoch 15/800 | Total: 4.596 Edge: 0.484 Con: 0.198 Cls: 2.003 Hist: 1.3358 Path: 0.5747 | Val F1: 0.1744 | 0.9s
  Epoch 16/800 | Total: 4.572 Edge: 0.492 Con: 0.197 Cls: 2.000 Hist: 1.2940 Path: 0.5883 | 0.9s
  Epoch 17/800 | Total: 4.837 Edge: 0.487 Con: 0.199 Cls: 2.139 Hist: 1.4328 Path: 0.5787 | 0.9s
  Epoch 18/800 | Total: 4.869 Edge: 0.507 Con: 0.199 Cls: 2.136 Hist: 1.4476 Path: 0.5798 | 0.9s
  Epoch 19/800 | Total: 5.026 Edge: 0.545 Con: 0.212 Cls: 2.178 Hist: 1.4971 Path: 0.5937 | 0.9s
  Epoch 20/800 | Total: 4.666 Edge: 0.500 Con: 0.203 Cls: 2.018 Hist: 1.3769 Path: 0.5694 | Val F1: 0.1797 | 0.9s
  Epoch 21/800 | Total: 4.706 Edge: 0.486 Con: 0.191 Cls: 2.064 Hist: 1.3982 Path: 0.5665 | 0.9s
  Epoch 22/800 | Total: 4.606 Edge: 0.506 Con: 0.189 Cls: 2.013 Hist: 1.3383 Path: 0.5592 | 0.9s
  Epoch 23/800 | Total: 4.343 Edge: 0.492 Con: 0.187 Cls: 1.877 Hist: 1.2329 Path: 0.5548 | 0.9s
  Epoch 24/800 | Total: 4.171 Edge: 0.470 Con: 0.183 Cls: 1.810 Hist: 1.1667 Path: 0.5406 | 0.9s
  Epoch 25/800 | Total: 4.156 Edge: 0.452 Con: 0.180 Cls: 1.823 Hist: 1.1726 Path: 0.5276 | Val F1: 0.2220 | 0.9s
  Epoch 26/800 | Total: 4.140 Edge: 0.450 Con: 0.183 Cls: 1.816 Hist: 1.1568 Path: 0.5342 | 0.9s
  Epoch 27/800 | Total: 4.142 Edge: 0.444 Con: 0.181 Cls: 1.814 Hist: 1.1820 Path: 0.5209 | 0.9s
  Epoch 28/800 | Total: 4.214 Edge: 0.455 Con: 0.182 Cls: 1.851 Hist: 1.1894 Path: 0.5370 | 0.9s
  Epoch 29/800 | Total: 4.296 Edge: 0.447 Con: 0.182 Cls: 1.886 Hist: 1.2585 Path: 0.5227 | 0.9s
  Epoch 30/800 | Total: 4.643 Edge: 0.460 Con: 0.184 Cls: 2.017 Hist: 1.4491 Path: 0.5336 | Val F1: 0.2176 | 0.9s
  Epoch 31/800 | Total: 4.299 Edge: 0.464 Con: 0.184 Cls: 1.867 Hist: 1.2477 Path: 0.5367 | 0.9s
  Epoch 32/800 | Total: 4.211 Edge: 0.456 Con: 0.181 Cls: 1.835 Hist: 1.2172 Path: 0.5210 | 0.9s
  Epoch 33/800 | Total: 4.031 Edge: 0.447 Con: 0.177 Cls: 1.728 Hist: 1.1370 Path: 0.5423 | 0.9s
  Epoch 34/800 | Total: 4.078 Edge: 0.451 Con: 0.180 Cls: 1.773 Hist: 1.1430 Path: 0.5300 | 0.9s
  Epoch 35/800 | Total: 4.131 Edge: 0.459 Con: 0.181 Cls: 1.802 Hist: 1.1610 Path: 0.5288 | Val F1: 0.1888 | 0.9s
  Epoch 36/800 | Total: 4.150 Edge: 0.442 Con: 0.182 Cls: 1.805 Hist: 1.2061 Path: 0.5154 | 0.9s
  Epoch 37/800 | Total: 4.231 Edge: 0.443 Con: 0.182 Cls: 1.860 Hist: 1.2228 Path: 0.5231 | 0.9s
  Epoch 38/800 | Total: 4.127 Edge: 0.444 Con: 0.179 Cls: 1.800 Hist: 1.1894 Path: 0.5136 | 0.9s
  Epoch 39/800 | Total: 4.161 Edge: 0.444 Con: 0.180 Cls: 1.815 Hist: 1.2023 Path: 0.5196 | 0.9s
  Epoch 40/800 | Total: 4.127 Edge: 0.451 Con: 0.184 Cls: 1.787 Hist: 1.1768 Path: 0.5285 | Val F1: 0.2371 | 0.9s
  Epoch 41/800 | Total: 3.987 Edge: 0.436 Con: 0.177 Cls: 1.728 Hist: 1.1129 Path: 0.5340 | 0.9s
  Epoch 42/800 | Total: 4.181 Edge: 0.432 Con: 0.178 Cls: 1.854 Hist: 1.1894 Path: 0.5268 | 1.0s
  Epoch 43/800 | Total: 4.390 Edge: 0.450 Con: 0.189 Cls: 1.935 Hist: 1.2773 Path: 0.5381 | 1.0s
  Epoch 44/800 | Total: 4.050 Edge: 0.446 Con: 0.178 Cls: 1.761 Hist: 1.1334 Path: 0.5322 | 0.9s
  Epoch 45/800 | Total: 3.889 Edge: 0.429 Con: 0.176 Cls: 1.682 Hist: 1.0979 Path: 0.5034 | Val F1: 0.2561 | 1.0s
  Epoch 46/800 | Total: 3.834 Edge: 0.430 Con: 0.173 Cls: 1.653 Hist: 1.0632 Path: 0.5138 | 0.9s
  Epoch 47/800 | Total: 4.035 Edge: 0.434 Con: 0.172 Cls: 1.765 Hist: 1.1474 Path: 0.5171 | 1.0s
  Epoch 48/800 | Total: 3.898 Edge: 0.432 Con: 0.177 Cls: 1.685 Hist: 1.1040 Path: 0.5003 | 0.9s
  Epoch 49/800 | Total: 3.943 Edge: 0.420 Con: 0.171 Cls: 1.735 Hist: 1.1211 Path: 0.4964 | 0.9s
  Epoch 50/800 | Total: 4.042 Edge: 0.422 Con: 0.174 Cls: 1.799 Hist: 1.1429 Path: 0.5049 | Val F1: 0.2474 | 0.9s
  Epoch 51/800 | Total: 4.233 Edge: 0.441 Con: 0.185 Cls: 1.867 Hist: 1.2251 Path: 0.5151 | 0.9s
  Epoch 52/800 | Total: 4.088 Edge: 0.430 Con: 0.177 Cls: 1.798 Hist: 1.1780 Path: 0.5043 | 0.9s
  Epoch 53/800 | Total: 4.187 Edge: 0.438 Con: 0.179 Cls: 1.844 Hist: 1.2134 Path: 0.5125 | 0.9s
  Epoch 54/800 | Total: 4.162 Edge: 0.444 Con: 0.178 Cls: 1.823 Hist: 1.2120 Path: 0.5054 | 0.9s
  Epoch 55/800 | Total: 3.958 Edge: 0.437 Con: 0.176 Cls: 1.732 Hist: 1.1143 Path: 0.4983 | Val F1: 0.2350 | 0.9s
  Epoch 56/800 | Total: 3.878 Edge: 0.421 Con: 0.175 Cls: 1.694 Hist: 1.1067 Path: 0.4810 | 0.9s
  Epoch 57/800 | Total: 3.852 Edge: 0.427 Con: 0.176 Cls: 1.659 Hist: 1.0839 Path: 0.5068 | 0.9s
  Epoch 58/800 | Total: 3.843 Edge: 0.415 Con: 0.173 Cls: 1.688 Hist: 1.0883 Path: 0.4792 | 0.9s
  Epoch 59/800 | Total: 4.172 Edge: 0.444 Con: 0.177 Cls: 1.843 Hist: 1.2184 Path: 0.4893 | 0.9s
  Epoch 60/800 | Total: 3.982 Edge: 0.428 Con: 0.175 Cls: 1.752 Hist: 1.1326 Path: 0.4935 | Val F1: 0.2584 | 0.9s
  Epoch 61/800 | Total: 3.894 Edge: 0.461 Con: 0.176 Cls: 1.649 Hist: 1.0706 Path: 0.5371 | 0.9s
  Epoch 62/800 | Total: 3.970 Edge: 0.425 Con: 0.178 Cls: 1.721 Hist: 1.1540 Path: 0.4926 | 0.9s
  Epoch 63/800 | Total: 3.740 Edge: 0.411 Con: 0.173 Cls: 1.625 Hist: 1.0492 Path: 0.4817 | 0.9s
  Epoch 64/800 | Total: 3.752 Edge: 0.407 Con: 0.174 Cls: 1.641 Hist: 1.0547 Path: 0.4758 | 0.9s
  Epoch 65/800 | Total: 3.833 Edge: 0.407 Con: 0.173 Cls: 1.670 Hist: 1.0980 Path: 0.4861 | Val F1: 0.2493 | 0.9s
  Epoch 66/800 | Total: 3.839 Edge: 0.413 Con: 0.174 Cls: 1.655 Hist: 1.0553 Path: 0.5409 | 0.9s
  Epoch 67/800 | Total: 3.818 Edge: 0.422 Con: 0.174 Cls: 1.641 Hist: 1.0776 Path: 0.5033 | 0.9s
  Epoch 68/800 | Total: 4.100 Edge: 0.428 Con: 0.176 Cls: 1.804 Hist: 1.1787 Path: 0.5130 | 0.9s
  Epoch 69/800 | Total: 4.089 Edge: 0.429 Con: 0.186 Cls: 1.794 Hist: 1.1796 Path: 0.4998 | 0.9s
  Epoch 70/800 | Total: 3.812 Edge: 0.412 Con: 0.179 Cls: 1.641 Hist: 1.0944 Path: 0.4854 | Val F1: 0.2294 | 0.9s
  Epoch 71/800 | Total: 3.921 Edge: 0.412 Con: 0.174 Cls: 1.701 Hist: 1.1419 Path: 0.4915 | 0.9s
  Epoch 72/800 | Total: 3.902 Edge: 0.405 Con: 0.177 Cls: 1.700 Hist: 1.1473 Path: 0.4725 | 0.9s
  Epoch 73/800 | Total: 3.865 Edge: 0.423 Con: 0.175 Cls: 1.665 Hist: 1.0899 Path: 0.5128 | 0.9s
  Epoch 74/800 | Total: 3.801 Edge: 0.422 Con: 0.173 Cls: 1.652 Hist: 1.0583 Path: 0.4961 | 0.9s
  Epoch 75/800 | Total: 3.726 Edge: 0.409 Con: 0.172 Cls: 1.635 Hist: 1.0269 Path: 0.4834 | Val F1: 0.2829 | 0.9s
  Epoch 76/800 | Total: 3.836 Edge: 0.408 Con: 0.175 Cls: 1.696 Hist: 1.0823 Path: 0.4740 | 0.9s
  Epoch 77/800 | Total: 3.880 Edge: 0.421 Con: 0.182 Cls: 1.676 Hist: 1.0924 Path: 0.5086 | 0.9s
  Epoch 78/800 | Total: 3.982 Edge: 0.425 Con: 0.174 Cls: 1.759 Hist: 1.1367 Path: 0.4869 | 0.9s
  Epoch 79/800 | Total: 3.803 Edge: 0.411 Con: 0.182 Cls: 1.649 Hist: 1.0786 Path: 0.4821 | 0.9s
  Epoch 80/800 | Total: 3.715 Edge: 0.408 Con: 0.173 Cls: 1.604 Hist: 1.0517 Path: 0.4785 | Val F1: 0.2848 | 0.9s
  Epoch 81/800 | Total: 3.674 Edge: 0.416 Con: 0.173 Cls: 1.583 Hist: 1.0186 Path: 0.4833 | 0.9s
  Epoch 82/800 | Total: 3.690 Edge: 0.424 Con: 0.174 Cls: 1.592 Hist: 1.0242 Path: 0.4758 | 0.9s
  Epoch 83/800 | Total: 3.615 Edge: 0.398 Con: 0.173 Cls: 1.573 Hist: 1.0100 Path: 0.4611 | 0.9s
  Epoch 84/800 | Total: 3.642 Edge: 0.399 Con: 0.173 Cls: 1.596 Hist: 1.0152 Path: 0.4593 | 0.9s
  Epoch 85/800 | Total: 3.681 Edge: 0.407 Con: 0.170 Cls: 1.598 Hist: 1.0400 Path: 0.4653 | Val F1: 0.2456 | 0.9s
  Epoch 86/800 | Total: 3.666 Edge: 0.401 Con: 0.172 Cls: 1.596 Hist: 1.0314 Path: 0.4648 | 0.9s
  Epoch 87/800 | Total: 3.648 Edge: 0.412 Con: 0.172 Cls: 1.585 Hist: 1.0167 Path: 0.4623 | 0.9s
  Epoch 88/800 | Total: 3.766 Edge: 0.415 Con: 0.175 Cls: 1.637 Hist: 1.0635 Path: 0.4749 | 0.9s
  Epoch 89/800 | Total: 3.746 Edge: 0.406 Con: 0.176 Cls: 1.639 Hist: 1.0541 Path: 0.4708 | 0.9s
  Epoch 90/800 | Total: 3.662 Edge: 0.404 Con: 0.175 Cls: 1.593 Hist: 1.0214 Path: 0.4682 | Val F1: 0.3003 | 0.9s
  Epoch 91/800 | Total: 3.697 Edge: 0.428 Con: 0.171 Cls: 1.586 Hist: 1.0290 Path: 0.4836 | 1.0s
  Epoch 92/800 | Total: 3.871 Edge: 0.412 Con: 0.176 Cls: 1.691 Hist: 1.1219 Path: 0.4693 | 1.0s
  Epoch 93/800 | Total: 3.649 Edge: 0.409 Con: 0.172 Cls: 1.573 Hist: 1.0244 Path: 0.4702 | 1.0s
  Epoch 94/800 | Total: 3.744 Edge: 0.404 Con: 0.174 Cls: 1.637 Hist: 1.0642 Path: 0.4648 | 1.0s
  Epoch 95/800 | Total: 3.710 Edge: 0.395 Con: 0.172 Cls: 1.618 Hist: 1.0635 Path: 0.4620 | Val F1: 0.2832 | 0.9s
  Epoch 96/800 | Total: 3.540 Edge: 0.392 Con: 0.173 Cls: 1.522 Hist: 0.9962 Path: 0.4567 | 0.9s
  Epoch 97/800 | Total: 3.523 Edge: 0.385 Con: 0.168 Cls: 1.531 Hist: 0.9863 Path: 0.4519 | 0.9s
  Epoch 98/800 | Total: 3.570 Edge: 0.386 Con: 0.169 Cls: 1.561 Hist: 1.0039 Path: 0.4507 | 0.9s
  Epoch 99/800 | Total: 3.798 Edge: 0.408 Con: 0.180 Cls: 1.647 Hist: 1.0836 Path: 0.4797 | 1.0s
  Epoch 100/800 | Total: 3.696 Edge: 0.419 Con: 0.176 Cls: 1.598 Hist: 1.0363 Path: 0.4662 | Val F1: 0.2648 | 1.0s
  Epoch 101/800 | Total: 3.763 Edge: 0.415 Con: 0.171 Cls: 1.634 Hist: 1.0695 Path: 0.4728 | 1.0s
  Epoch 102/800 | Total: 3.959 Edge: 0.426 Con: 0.176 Cls: 1.750 Hist: 1.1232 Path: 0.4838 | 0.9s
  Epoch 103/800 | Total: 4.286 Edge: 0.445 Con: 0.209 Cls: 1.862 Hist: 1.2491 Path: 0.5201 | 0.9s
  Epoch 104/800 | Total: 4.355 Edge: 0.443 Con: 0.194 Cls: 1.898 Hist: 1.3094 Path: 0.5099 | 0.9s
  Epoch 105/800 | Total: 4.225 Edge: 0.461 Con: 0.191 Cls: 1.818 Hist: 1.2388 Path: 0.5168 | Val F1: 0.2271 | 0.9s
  Epoch 106/800 | Total: 4.295 Edge: 0.449 Con: 0.186 Cls: 1.860 Hist: 1.2844 Path: 0.5166 | 0.9s
  Epoch 107/800 | Total: 4.112 Edge: 0.439 Con: 0.188 Cls: 1.768 Hist: 1.2139 Path: 0.5041 | 0.9s
  Epoch 108/800 | Total: 3.833 Edge: 0.423 Con: 0.183 Cls: 1.644 Hist: 1.0951 Path: 0.4879 | 0.9s
  Epoch 109/800 | Total: 3.804 Edge: 0.416 Con: 0.182 Cls: 1.640 Hist: 1.0882 Path: 0.4785 | 0.9s
  Epoch 110/800 | Total: 3.797 Edge: 0.416 Con: 0.182 Cls: 1.641 Hist: 1.0728 Path: 0.4852 | Val F1: 0.2835 | 0.9s
  Epoch 111/800 | Total: 3.602 Edge: 0.398 Con: 0.180 Cls: 1.554 Hist: 1.0029 Path: 0.4671 | 0.9s
  Epoch 112/800 | Total: 3.631 Edge: 0.394 Con: 0.176 Cls: 1.585 Hist: 1.0175 Path: 0.4587 | 0.9s
  Epoch 113/800 | Total: 3.709 Edge: 0.400 Con: 0.177 Cls: 1.623 Hist: 1.0463 Path: 0.4624 | 0.9s
  Epoch 114/800 | Total: 3.693 Edge: 0.406 Con: 0.175 Cls: 1.588 Hist: 1.0597 Path: 0.4651 | 0.9s
  Epoch 115/800 | Total: 3.605 Edge: 0.400 Con: 0.174 Cls: 1.561 Hist: 1.0072 Path: 0.4629 | Val F1: 0.2665 | 0.9s
  Epoch 116/800 | Total: 3.704 Edge: 0.406 Con: 0.175 Cls: 1.617 Hist: 1.0372 Path: 0.4688 | 0.9s
  Epoch 117/800 | Total: 3.620 Edge: 0.395 Con: 0.175 Cls: 1.574 Hist: 1.0235 Path: 0.4521 | 0.9s
  Epoch 118/800 | Total: 3.587 Edge: 0.401 Con: 0.175 Cls: 1.548 Hist: 0.9993 Path: 0.4645 | 0.9s
  Epoch 119/800 | Total: 3.469 Edge: 0.384 Con: 0.172 Cls: 1.500 Hist: 0.9665 Path: 0.4467 | 0.9s
  Epoch 120/800 | Total: 3.512 Edge: 0.389 Con: 0.172 Cls: 1.525 Hist: 0.9782 Path: 0.4486 | Val F1: 0.2983 | 0.9s
  Epoch 121/800 | Total: 3.737 Edge: 0.394 Con: 0.175 Cls: 1.660 Hist: 1.0475 Path: 0.4610 | 0.9s
  Epoch 122/800 | Total: 3.624 Edge: 0.396 Con: 0.174 Cls: 1.588 Hist: 1.0078 Path: 0.4575 | 0.9s
  Epoch 123/800 | Total: 3.523 Edge: 0.387 Con: 0.171 Cls: 1.531 Hist: 0.9808 Path: 0.4537 | 0.9s
  Epoch 124/800 | Total: 3.721 Edge: 0.398 Con: 0.173 Cls: 1.633 Hist: 1.0501 Path: 0.4663 | 0.9s
  Epoch 125/800 | Total: 3.698 Edge: 0.403 Con: 0.177 Cls: 1.600 Hist: 1.0441 Path: 0.4723 | Val F1: 0.2995 | 0.9s
  Epoch 126/800 | Total: 3.608 Edge: 0.395 Con: 0.175 Cls: 1.569 Hist: 1.0108 Path: 0.4583 | 0.9s
  Epoch 127/800 | Total: 3.520 Edge: 0.400 Con: 0.176 Cls: 1.511 Hist: 0.9715 Path: 0.4619 | 0.9s
  Epoch 128/800 | Total: 3.557 Edge: 0.395 Con: 0.176 Cls: 1.530 Hist: 0.9956 Path: 0.4608 | 0.9s
  Epoch 129/800 | Total: 3.444 Edge: 0.385 Con: 0.171 Cls: 1.490 Hist: 0.9517 Path: 0.4457 | 0.9s
  Epoch 130/800 | Total: 3.505 Edge: 0.380 Con: 0.172 Cls: 1.523 Hist: 0.9824 Path: 0.4475 | Val F1: 0.2628 | 0.9s
  Epoch 131/800 | Total: 3.713 Edge: 0.403 Con: 0.182 Cls: 1.630 Hist: 1.0341 Path: 0.4637 | 0.9s
  Epoch 132/800 | Total: 4.219 Edge: 0.419 Con: 0.186 Cls: 1.893 Hist: 1.2373 Path: 0.4829 | 0.9s
  Epoch 133/800 | Total: 4.372 Edge: 0.454 Con: 0.207 Cls: 1.885 Hist: 1.3016 Path: 0.5248 | 0.9s
  Epoch 134/800 | Total: 4.161 Edge: 0.448 Con: 0.212 Cls: 1.784 Hist: 1.1815 Path: 0.5350 | 0.9s
  Epoch 135/800 | Total: 3.950 Edge: 0.443 Con: 0.191 Cls: 1.685 Hist: 1.1183 Path: 0.5133 | Val F1: 0.2952 | 0.9s
  Epoch 136/800 | Total: 3.751 Edge: 0.442 Con: 0.186 Cls: 1.596 Hist: 1.0448 Path: 0.4813 | 0.9s
  Epoch 137/800 | Total: 3.815 Edge: 0.430 Con: 0.181 Cls: 1.638 Hist: 1.0913 Path: 0.4741 | 0.9s
  Epoch 138/800 | Total: 4.000 Edge: 0.440 Con: 0.187 Cls: 1.716 Hist: 1.1735 Path: 0.4842 | 0.9s
  Epoch 139/800 | Total: 3.844 Edge: 0.424 Con: 0.186 Cls: 1.652 Hist: 1.1092 Path: 0.4719 | 0.9s
  Epoch 140/800 | Total: 3.751 Edge: 0.410 Con: 0.185 Cls: 1.625 Hist: 1.0620 Path: 0.4694 | Val F1: 0.3112 | 0.9s
  Epoch 141/800 | Total: 3.677 Edge: 0.404 Con: 0.176 Cls: 1.586 Hist: 1.0418 Path: 0.4687 | 0.9s
  Epoch 142/800 | Total: 4.038 Edge: 0.420 Con: 0.182 Cls: 1.781 Hist: 1.1771 Path: 0.4766 | 0.9s
  Epoch 143/800 | Total: 3.934 Edge: 0.434 Con: 0.197 Cls: 1.672 Hist: 1.1404 Path: 0.4905 | 0.9s
  Epoch 144/800 | Total: 3.826 Edge: 0.419 Con: 0.179 Cls: 1.659 Hist: 1.0942 Path: 0.4748 | 0.9s
  Epoch 145/800 | Total: 3.665 Edge: 0.416 Con: 0.177 Cls: 1.568 Hist: 1.0253 Path: 0.4787 | Val F1: 0.3066 | 0.9s
  Epoch 146/800 | Total: 3.756 Edge: 0.408 Con: 0.176 Cls: 1.613 Hist: 1.0773 Path: 0.4817 | 0.9s
  Epoch 147/800 | Total: 3.874 Edge: 0.417 Con: 0.178 Cls: 1.661 Hist: 1.1295 Path: 0.4892 | 0.9s
  Epoch 148/800 | Total: 3.968 Edge: 0.431 Con: 0.184 Cls: 1.708 Hist: 1.1676 Path: 0.4779 | 0.9s
  Epoch 149/800 | Total: 3.823 Edge: 0.414 Con: 0.186 Cls: 1.675 Hist: 1.0789 Path: 0.4695 | 0.9s
  Epoch 150/800 | Total: 3.665 Edge: 0.403 Con: 0.180 Cls: 1.580 Hist: 1.0410 Path: 0.4621 | Val F1: 0.2909 | 0.9s
  Epoch 151/800 | Total: 3.635 Edge: 0.393 Con: 0.177 Cls: 1.565 Hist: 1.0486 Path: 0.4515 | 0.9s
  Epoch 152/800 | Total: 3.635 Edge: 0.401 Con: 0.175 Cls: 1.556 Hist: 1.0361 Path: 0.4665 | 0.9s
  Epoch 153/800 | Total: 3.645 Edge: 0.395 Con: 0.176 Cls: 1.585 Hist: 1.0304 Path: 0.4586 | 0.9s
  Epoch 154/800 | Total: 3.587 Edge: 0.396 Con: 0.180 Cls: 1.551 Hist: 1.0068 Path: 0.4542 | 0.9s
  Epoch 155/800 | Total: 3.586 Edge: 0.393 Con: 0.177 Cls: 1.555 Hist: 1.0119 Path: 0.4496 | Val F1: 0.2702 | 0.9s
  Epoch 156/800 | Total: 3.675 Edge: 0.392 Con: 0.176 Cls: 1.604 Hist: 1.0505 Path: 0.4529 | 0.9s
  Epoch 157/800 | Total: 3.608 Edge: 0.398 Con: 0.174 Cls: 1.574 Hist: 1.0064 Path: 0.4550 | 0.9s
  Epoch 158/800 | Total: 3.534 Edge: 0.394 Con: 0.174 Cls: 1.539 Hist: 0.9769 Path: 0.4507 | 0.9s
  Epoch 159/800 | Total: 3.573 Edge: 0.397 Con: 0.174 Cls: 1.541 Hist: 1.0100 Path: 0.4505 | 0.9s
  Epoch 160/800 | Total: 3.656 Edge: 0.404 Con: 0.175 Cls: 1.577 Hist: 1.0412 Path: 0.4585 | Val F1: 0.2606 | 0.9s
  Epoch 161/800 | Total: 3.722 Edge: 0.405 Con: 0.176 Cls: 1.606 Hist: 1.0600 Path: 0.4753 | 0.9s
  Epoch 162/800 | Total: 3.708 Edge: 0.393 Con: 0.175 Cls: 1.615 Hist: 1.0494 Path: 0.4762 | 0.9s
  Epoch 163/800 | Total: 3.889 Edge: 0.428 Con: 0.179 Cls: 1.653 Hist: 1.1224 Path: 0.5064 | 0.9s
  Epoch 164/800 | Total: 3.836 Edge: 0.420 Con: 0.178 Cls: 1.646 Hist: 1.1033 Path: 0.4881 | 0.9s
  Epoch 165/800 | Total: 3.700 Edge: 0.411 Con: 0.183 Cls: 1.587 Hist: 1.0482 Path: 0.4708 | Val F1: 0.2996 | 0.9s
  Epoch 166/800 | Total: 3.599 Edge: 0.403 Con: 0.177 Cls: 1.545 Hist: 1.0137 Path: 0.4611 | 0.9s
  Epoch 167/800 | Total: 3.608 Edge: 0.405 Con: 0.179 Cls: 1.568 Hist: 0.9929 Path: 0.4625 | 0.9s
  Epoch 168/800 | Total: 3.749 Edge: 0.390 Con: 0.173 Cls: 1.655 Hist: 1.0783 Path: 0.4526 | 0.9s
  Epoch 169/800 | Total: 3.782 Edge: 0.403 Con: 0.181 Cls: 1.663 Hist: 1.0658 Path: 0.4682 | 0.9s
  Epoch 170/800 | Total: 3.643 Edge: 0.400 Con: 0.178 Cls: 1.587 Hist: 1.0190 Path: 0.4592 | Val F1: 0.2889 | 0.9s
  Epoch 171/800 | Total: 3.698 Edge: 0.407 Con: 0.175 Cls: 1.619 Hist: 1.0457 Path: 0.4522 | 0.9s
  Epoch 172/800 | Total: 3.825 Edge: 0.408 Con: 0.179 Cls: 1.665 Hist: 1.1057 Path: 0.4673 | 0.9s
  Epoch 173/800 | Total: 3.693 Edge: 0.400 Con: 0.182 Cls: 1.600 Hist: 1.0528 Path: 0.4581 | 0.9s
  Epoch 174/800 | Total: 3.558 Edge: 0.395 Con: 0.176 Cls: 1.532 Hist: 0.9924 Path: 0.4623 | 0.9s
  Epoch 175/800 | Total: 3.567 Edge: 0.389 Con: 0.175 Cls: 1.553 Hist: 1.0026 Path: 0.4471 | Val F1: 0.3135 | 0.9s
  Epoch 176/800 | Total: 3.557 Edge: 0.384 Con: 0.174 Cls: 1.551 Hist: 1.0055 Path: 0.4434 | 0.9s
  Epoch 177/800 | Total: 3.541 Edge: 0.395 Con: 0.176 Cls: 1.532 Hist: 0.9858 Path: 0.4519 | 0.9s
  Epoch 178/800 | Total: 3.465 Edge: 0.392 Con: 0.174 Cls: 1.495 Hist: 0.9610 Path: 0.4434 | 0.9s
  Epoch 179/800 | Total: 3.460 Edge: 0.385 Con: 0.172 Cls: 1.491 Hist: 0.9620 Path: 0.4500 | 0.9s
  Epoch 180/800 | Total: 3.421 Edge: 0.374 Con: 0.170 Cls: 1.487 Hist: 0.9508 Path: 0.4392 | Val F1: 0.3259 | 0.9s
  Epoch 181/800 | Total: 3.505 Edge: 0.383 Con: 0.176 Cls: 1.519 Hist: 0.9864 Path: 0.4406 | 0.9s
  Epoch 182/800 | Total: 3.544 Edge: 0.382 Con: 0.172 Cls: 1.544 Hist: 0.9973 Path: 0.4490 | 0.9s
  Epoch 183/800 | Total: 3.622 Edge: 0.396 Con: 0.179 Cls: 1.576 Hist: 1.0237 Path: 0.4477 | 0.9s
  Epoch 184/800 | Total: 3.554 Edge: 0.396 Con: 0.175 Cls: 1.537 Hist: 0.9910 Path: 0.4551 | 0.9s
  Epoch 185/800 | Total: 3.515 Edge: 0.385 Con: 0.177 Cls: 1.522 Hist: 0.9891 Path: 0.4427 | Val F1: 0.2931 | 0.9s
  Epoch 186/800 | Total: 3.524 Edge: 0.388 Con: 0.180 Cls: 1.523 Hist: 0.9856 Path: 0.4482 | 0.9s
  Epoch 187/800 | Total: 3.635 Edge: 0.393 Con: 0.176 Cls: 1.588 Hist: 1.0264 Path: 0.4522 | 0.9s
  Epoch 188/800 | Total: 3.567 Edge: 0.396 Con: 0.174 Cls: 1.553 Hist: 0.9857 Path: 0.4574 | 0.9s
  Epoch 189/800 | Total: 3.465 Edge: 0.386 Con: 0.171 Cls: 1.498 Hist: 0.9675 Path: 0.4427 | 0.9s
  Epoch 190/800 | Total: 3.678 Edge: 0.384 Con: 0.171 Cls: 1.609 Hist: 1.0627 Path: 0.4511 | Val F1: 0.3193 | 0.9s
  Epoch 191/800 | Total: 3.546 Edge: 0.383 Con: 0.175 Cls: 1.543 Hist: 1.0034 Path: 0.4415 | 0.9s
  Epoch 192/800 | Total: 3.692 Edge: 0.390 Con: 0.173 Cls: 1.616 Hist: 1.0540 Path: 0.4586 | 0.9s
  Epoch 193/800 | Total: 3.744 Edge: 0.406 Con: 0.182 Cls: 1.615 Hist: 1.0645 Path: 0.4773 | 0.9s
  Epoch 194/800 | Total: 4.060 Edge: 0.412 Con: 0.186 Cls: 1.786 Hist: 1.1946 Path: 0.4805 | 0.9s
  Epoch 195/800 | Total: 3.766 Edge: 0.400 Con: 0.183 Cls: 1.650 Hist: 1.0648 Path: 0.4686 | Val F1: 0.2637 | 0.9s
  Epoch 196/800 | Total: 3.589 Edge: 0.389 Con: 0.177 Cls: 1.559 Hist: 1.0057 Path: 0.4580 | 0.9s
  Epoch 197/800 | Total: 3.545 Edge: 0.383 Con: 0.177 Cls: 1.527 Hist: 1.0148 Path: 0.4437 | 0.9s
  Epoch 198/800 | Total: 3.471 Edge: 0.389 Con: 0.173 Cls: 1.491 Hist: 0.9736 Path: 0.4443 | 0.9s
  Epoch 199/800 | Total: 3.508 Edge: 0.382 Con: 0.175 Cls: 1.518 Hist: 0.9882 Path: 0.4447 | 0.9s
  Epoch 200/800 | Total: 3.593 Edge: 0.389 Con: 0.177 Cls: 1.559 Hist: 1.0206 Path: 0.4471 | Val F1: 0.3007 | 0.9s
  Epoch 201/800 | Total: 3.570 Edge: 0.392 Con: 0.176 Cls: 1.555 Hist: 1.0043 Path: 0.4434 | 0.9s
  Epoch 202/800 | Total: 3.562 Edge: 0.395 Con: 0.176 Cls: 1.537 Hist: 1.0072 Path: 0.4478 | 0.9s
  Epoch 203/800 | Total: 3.585 Edge: 0.396 Con: 0.176 Cls: 1.556 Hist: 1.0107 Path: 0.4464 | 0.9s
  Epoch 204/800 | Total: 3.688 Edge: 0.391 Con: 0.181 Cls: 1.615 Hist: 1.0604 Path: 0.4402 | 0.9s
  Epoch 205/800 | Total: 3.632 Edge: 0.389 Con: 0.180 Cls: 1.587 Hist: 1.0239 Path: 0.4524 | Val F1: 0.2969 | 0.9s
  Epoch 206/800 | Total: 3.613 Edge: 0.392 Con: 0.183 Cls: 1.564 Hist: 1.0020 Path: 0.4729 | 0.9s
  Epoch 207/800 | Total: 3.600 Edge: 0.387 Con: 0.178 Cls: 1.550 Hist: 1.0216 Path: 0.4625 | 0.9s
  Epoch 208/800 | Total: 3.538 Edge: 0.380 Con: 0.176 Cls: 1.534 Hist: 0.9983 Path: 0.4493 | 0.9s
  Epoch 209/800 | Total: 3.461 Edge: 0.383 Con: 0.174 Cls: 1.502 Hist: 0.9636 Path: 0.4377 | 0.9s
  Epoch 210/800 | Total: 3.532 Edge: 0.394 Con: 0.180 Cls: 1.521 Hist: 0.9882 Path: 0.4481 | Val F1: 0.3159 | 0.9s
  Epoch 211/800 | Total: 3.490 Edge: 0.392 Con: 0.176 Cls: 1.509 Hist: 0.9698 Path: 0.4443 | 0.9s
  Epoch 212/800 | Total: 3.453 Edge: 0.385 Con: 0.177 Cls: 1.492 Hist: 0.9632 Path: 0.4359 | 0.9s
  Epoch 213/800 | Total: 3.546 Edge: 0.382 Con: 0.175 Cls: 1.541 Hist: 0.9968 Path: 0.4511 | 0.9s
  Epoch 214/800 | Total: 3.662 Edge: 0.396 Con: 0.180 Cls: 1.603 Hist: 1.0125 Path: 0.4707 | 0.9s
  Epoch 215/800 | Total: 3.714 Edge: 0.397 Con: 0.180 Cls: 1.626 Hist: 1.0445 Path: 0.4669 | Val F1: 0.3081 | 0.9s
  Epoch 216/800 | Total: 4.088 Edge: 0.420 Con: 0.190 Cls: 1.779 Hist: 1.1700 Path: 0.5290 | 0.9s
  Epoch 217/800 | Total: 3.846 Edge: 0.426 Con: 0.193 Cls: 1.657 Hist: 1.0724 Path: 0.4973 | 0.9s
  Epoch 218/800 | Total: 4.068 Edge: 0.421 Con: 0.189 Cls: 1.781 Hist: 1.1857 Path: 0.4919 | 0.9s
  Epoch 219/800 | Total: 3.812 Edge: 0.415 Con: 0.195 Cls: 1.640 Hist: 1.0791 Path: 0.4830 | 0.9s
  Epoch 220/800 | Total: 3.659 Edge: 0.394 Con: 0.182 Cls: 1.581 Hist: 1.0410 Path: 0.4606 | Val F1: 0.2948 | 0.9s
  Epoch 221/800 | Total: 3.619 Edge: 0.395 Con: 0.180 Cls: 1.564 Hist: 1.0202 Path: 0.4585 | 0.9s
  Epoch 222/800 | Total: 3.676 Edge: 0.395 Con: 0.178 Cls: 1.602 Hist: 1.0537 Path: 0.4475 | 0.9s
  Epoch 223/800 | Total: 3.824 Edge: 0.408 Con: 0.184 Cls: 1.684 Hist: 1.0873 Path: 0.4605 | 0.9s
  Epoch 224/800 | Total: 3.984 Edge: 0.415 Con: 0.192 Cls: 1.749 Hist: 1.1465 Path: 0.4812 | 0.9s
  Epoch 225/800 | Total: 4.129 Edge: 0.421 Con: 0.202 Cls: 1.798 Hist: 1.2257 Path: 0.4812 | Val F1: 0.2565 | 0.9s
  Epoch 226/800 | Total: 3.802 Edge: 0.429 Con: 0.193 Cls: 1.617 Hist: 1.0845 Path: 0.4789 | 0.9s
  Epoch 227/800 | Total: 3.647 Edge: 0.402 Con: 0.180 Cls: 1.571 Hist: 1.0248 Path: 0.4691 | 0.9s
  Epoch 228/800 | Total: 3.640 Edge: 0.389 Con: 0.181 Cls: 1.571 Hist: 1.0456 Path: 0.4532 | 0.9s
  Epoch 229/800 | Total: 3.601 Edge: 0.389 Con: 0.179 Cls: 1.564 Hist: 1.0219 Path: 0.4472 | 0.9s
  Epoch 230/800 | Total: 3.617 Edge: 0.404 Con: 0.182 Cls: 1.563 Hist: 1.0172 Path: 0.4510 | Val F1: 0.3234 | 0.9s
  Epoch 231/800 | Total: 3.462 Edge: 0.381 Con: 0.177 Cls: 1.504 Hist: 0.9650 Path: 0.4349 | 0.9s
  Epoch 232/800 | Total: 3.474 Edge: 0.379 Con: 0.176 Cls: 1.503 Hist: 0.9784 Path: 0.4379 | 0.9s
  Epoch 233/800 | Total: 3.450 Edge: 0.378 Con: 0.176 Cls: 1.500 Hist: 0.9637 Path: 0.4334 | 0.9s
  Epoch 234/800 | Total: 3.519 Edge: 0.388 Con: 0.178 Cls: 1.525 Hist: 0.9873 Path: 0.4405 | 0.9s
  Epoch 235/800 | Total: 3.454 Edge: 0.395 Con: 0.178 Cls: 1.478 Hist: 0.9582 Path: 0.4444 | Val F1: 0.3223 | 0.9s
  Epoch 236/800 | Total: 3.471 Edge: 0.383 Con: 0.179 Cls: 1.490 Hist: 0.9873 Path: 0.4326 | 0.9s
  Epoch 237/800 | Total: 3.589 Edge: 0.396 Con: 0.181 Cls: 1.546 Hist: 1.0044 Path: 0.4609 | 0.9s
  Epoch 238/800 | Total: 3.639 Edge: 0.388 Con: 0.179 Cls: 1.587 Hist: 1.0348 Path: 0.4502 | 0.9s
  Epoch 239/800 | Total: 3.644 Edge: 0.399 Con: 0.181 Cls: 1.578 Hist: 1.0299 Path: 0.4560 | 0.9s
  Epoch 240/800 | Total: 3.657 Edge: 0.398 Con: 0.183 Cls: 1.605 Hist: 1.0240 Path: 0.4481 | Val F1: 0.2860 | 0.9s
  Epoch 241/800 | Total: 3.704 Edge: 0.391 Con: 0.179 Cls: 1.627 Hist: 1.0562 Path: 0.4500 | 0.9s
  Epoch 242/800 | Total: 3.625 Edge: 0.392 Con: 0.184 Cls: 1.579 Hist: 0.9997 Path: 0.4708 | 0.9s
  Epoch 243/800 | Total: 3.626 Edge: 0.388 Con: 0.181 Cls: 1.569 Hist: 1.0360 Path: 0.4525 | 0.9s
  Epoch 244/800 | Total: 3.584 Edge: 0.390 Con: 0.177 Cls: 1.559 Hist: 1.0052 Path: 0.4535 | 0.9s
  Epoch 245/800 | Total: 3.525 Edge: 0.390 Con: 0.181 Cls: 1.530 Hist: 0.9759 Path: 0.4477 | Val F1: 0.3283 | 0.9s
  Epoch 246/800 | Total: 3.581 Edge: 0.393 Con: 0.180 Cls: 1.554 Hist: 1.0028 Path: 0.4515 | 0.9s
  Epoch 247/800 | Total: 3.625 Edge: 0.388 Con: 0.180 Cls: 1.574 Hist: 1.0200 Path: 0.4627 | 0.9s
  Epoch 248/800 | Total: 3.721 Edge: 0.402 Con: 0.182 Cls: 1.608 Hist: 1.0656 Path: 0.4627 | 0.9s
  Epoch 249/800 | Total: 3.571 Edge: 0.395 Con: 0.181 Cls: 1.529 Hist: 0.9888 Path: 0.4763 | 0.9s
  Epoch 250/800 | Total: 3.669 Edge: 0.392 Con: 0.183 Cls: 1.586 Hist: 1.0498 Path: 0.4575 | Val F1: 0.3203 | 0.9s
  Epoch 251/800 | Total: 3.642 Edge: 0.390 Con: 0.185 Cls: 1.592 Hist: 1.0310 Path: 0.4448 | 0.9s
  Epoch 252/800 | Total: 3.752 Edge: 0.400 Con: 0.187 Cls: 1.633 Hist: 1.0700 Path: 0.4623 | 0.9s
  Epoch 253/800 | Total: 3.795 Edge: 0.406 Con: 0.193 Cls: 1.649 Hist: 1.0778 Path: 0.4685 | 0.9s
  Epoch 254/800 | Total: 3.790 Edge: 0.402 Con: 0.186 Cls: 1.670 Hist: 1.0740 Path: 0.4589 | 0.9s
  Epoch 255/800 | Total: 3.797 Edge: 0.403 Con: 0.192 Cls: 1.663 Hist: 1.0810 Path: 0.4576 | Val F1: 0.2731 | 0.9s
  Epoch 256/800 | Total: 3.730 Edge: 0.409 Con: 0.191 Cls: 1.601 Hist: 1.0596 Path: 0.4698 | 0.9s
  Epoch 257/800 | Total: 3.696 Edge: 0.406 Con: 0.186 Cls: 1.598 Hist: 1.0503 Path: 0.4557 | 0.9s
  Epoch 258/800 | Total: 3.707 Edge: 0.394 Con: 0.191 Cls: 1.599 Hist: 1.0720 Path: 0.4509 | 0.9s
  Epoch 259/800 | Total: 3.587 Edge: 0.395 Con: 0.181 Cls: 1.540 Hist: 1.0153 Path: 0.4555 | 0.9s
  Epoch 260/800 | Total: 3.554 Edge: 0.386 Con: 0.178 Cls: 1.538 Hist: 1.0079 Path: 0.4439 | Val F1: 0.3152 | 0.9s
  Epoch 261/800 | Total: 3.528 Edge: 0.382 Con: 0.178 Cls: 1.527 Hist: 0.9939 Path: 0.4475 | 0.9s
  Epoch 262/800 | Total: 3.519 Edge: 0.380 Con: 0.175 Cls: 1.519 Hist: 1.0042 Path: 0.4409 | 0.9s
  Epoch 263/800 | Total: 3.558 Edge: 0.381 Con: 0.179 Cls: 1.535 Hist: 1.0197 Path: 0.4438 | 0.9s
  Epoch 264/800 | Total: 3.503 Edge: 0.394 Con: 0.177 Cls: 1.508 Hist: 0.9828 Path: 0.4413 | 0.9s
  Epoch 265/800 | Total: 3.628 Edge: 0.391 Con: 0.177 Cls: 1.558 Hist: 1.0502 Path: 0.4521 | Val F1: 0.2848 | 0.9s
  Epoch 266/800 | Total: 3.514 Edge: 0.387 Con: 0.178 Cls: 1.518 Hist: 0.9911 Path: 0.4385 | 0.9s
  Epoch 267/800 | Total: 3.473 Edge: 0.393 Con: 0.176 Cls: 1.496 Hist: 0.9667 Path: 0.4415 | 0.9s
  Epoch 268/800 | Total: 3.576 Edge: 0.397 Con: 0.181 Cls: 1.547 Hist: 1.0040 Path: 0.4469 | 0.9s
  Epoch 269/800 | Total: 3.636 Edge: 0.388 Con: 0.180 Cls: 1.577 Hist: 1.0465 Path: 0.4436 | 0.9s
  Epoch 270/800 | Total: 3.478 Edge: 0.382 Con: 0.179 Cls: 1.505 Hist: 0.9728 Path: 0.4389 | Val F1: 0.3264 | 0.9s
  Epoch 271/800 | Total: 3.454 Edge: 0.380 Con: 0.176 Cls: 1.486 Hist: 0.9762 Path: 0.4364 | 0.9s
  Epoch 272/800 | Total: 3.469 Edge: 0.370 Con: 0.177 Cls: 1.512 Hist: 0.9808 Path: 0.4282 | 0.9s
  Epoch 273/800 | Total: 3.430 Edge: 0.375 Con: 0.175 Cls: 1.480 Hist: 0.9592 Path: 0.4400 | 0.9s
  Epoch 274/800 | Total: 3.441 Edge: 0.376 Con: 0.175 Cls: 1.482 Hist: 0.9721 Path: 0.4359 | 0.9s
  Epoch 275/800 | Total: 3.420 Edge: 0.380 Con: 0.178 Cls: 1.471 Hist: 0.9534 Path: 0.4373 | Val F1: 0.3113 | 0.9s
  Epoch 276/800 | Total: 3.557 Edge: 0.398 Con: 0.177 Cls: 1.537 Hist: 0.9985 Path: 0.4457 | 0.9s
  Epoch 277/800 | Total: 3.538 Edge: 0.381 Con: 0.174 Cls: 1.538 Hist: 1.0080 Path: 0.4377 | 0.9s
  Epoch 278/800 | Total: 3.431 Edge: 0.376 Con: 0.172 Cls: 1.483 Hist: 0.9676 Path: 0.4321 | 0.9s
  Epoch 279/800 | Total: 3.438 Edge: 0.374 Con: 0.173 Cls: 1.495 Hist: 0.9658 Path: 0.4300 | 1.0s
  Epoch 280/800 | Total: 3.405 Edge: 0.377 Con: 0.173 Cls: 1.482 Hist: 0.9484 Path: 0.4255 | Val F1: 0.3080 | 0.9s
  Epoch 281/800 | Total: 3.461 Edge: 0.371 Con: 0.172 Cls: 1.532 Hist: 0.9603 Path: 0.4262 | 1.0s
  Epoch 282/800 | Total: 3.437 Edge: 0.371 Con: 0.174 Cls: 1.495 Hist: 0.9786 Path: 0.4193 | 1.0s
  Epoch 283/800 | Total: 3.502 Edge: 0.370 Con: 0.172 Cls: 1.532 Hist: 1.0003 Path: 0.4272 | 1.0s
  Epoch 284/800 | Total: 3.471 Edge: 0.375 Con: 0.175 Cls: 1.522 Hist: 0.9615 Path: 0.4371 | 0.9s
  Epoch 285/800 | Total: 3.517 Edge: 0.376 Con: 0.174 Cls: 1.540 Hist: 0.9910 Path: 0.4350 | Val F1: 0.3320 | 0.9s
  Epoch 286/800 | Total: 3.535 Edge: 0.381 Con: 0.175 Cls: 1.552 Hist: 0.9791 Path: 0.4481 | 0.9s
  Epoch 287/800 | Total: 3.485 Edge: 0.381 Con: 0.176 Cls: 1.505 Hist: 0.9731 Path: 0.4500 | 0.9s
  Epoch 288/800 | Total: 3.654 Edge: 0.404 Con: 0.178 Cls: 1.578 Hist: 1.0304 Path: 0.4633 | 0.9s
  Epoch 289/800 | Total: 3.790 Edge: 0.403 Con: 0.183 Cls: 1.644 Hist: 1.0887 Path: 0.4717 | 0.9s
  Epoch 290/800 | Total: 3.699 Edge: 0.416 Con: 0.193 Cls: 1.598 Hist: 1.0310 Path: 0.4612 | Val F1: 0.3228 | 0.9s
  Epoch 291/800 | Total: 3.628 Edge: 0.398 Con: 0.184 Cls: 1.571 Hist: 1.0224 Path: 0.4518 | 0.9s
  Epoch 292/800 | Total: 3.553 Edge: 0.398 Con: 0.183 Cls: 1.530 Hist: 0.9823 Path: 0.4599 | 0.9s
  Epoch 293/800 | Total: 3.854 Edge: 0.404 Con: 0.182 Cls: 1.681 Hist: 1.1200 Path: 0.4675 | 0.9s
  Epoch 294/800 | Total: 3.960 Edge: 0.425 Con: 0.198 Cls: 1.687 Hist: 1.1479 Path: 0.5017 | 0.9s
  Epoch 295/800 | Total: 4.371 Edge: 0.454 Con: 0.209 Cls: 1.861 Hist: 1.3320 Path: 0.5153 | Val F1: 0.1683 | 0.9s
  Epoch 296/800 | Total: 4.171 Edge: 0.447 Con: 0.228 Cls: 1.798 Hist: 1.2028 Path: 0.4954 | 0.9s
  Epoch 297/800 | Total: 3.864 Edge: 0.425 Con: 0.205 Cls: 1.662 Hist: 1.0825 Path: 0.4889 | 0.9s
  Epoch 298/800 | Total: 3.700 Edge: 0.409 Con: 0.194 Cls: 1.579 Hist: 1.0510 Path: 0.4669 | 0.9s
  Epoch 299/800 | Total: 3.586 Edge: 0.402 Con: 0.190 Cls: 1.535 Hist: 1.0007 Path: 0.4577 | 0.9s
  Epoch 300/800 | Total: 3.493 Edge: 0.386 Con: 0.182 Cls: 1.507 Hist: 0.9788 Path: 0.4391 | Val F1: 0.3139 | 0.9s
  Epoch 301/800 | Total: 3.486 Edge: 0.378 Con: 0.180 Cls: 1.510 Hist: 0.9826 Path: 0.4357 | 0.9s
  Epoch 302/800 | Total: 3.628 Edge: 0.385 Con: 0.179 Cls: 1.592 Hist: 1.0313 Path: 0.4398 | 0.9s
  Epoch 303/800 | Total: 4.093 Edge: 0.415 Con: 0.194 Cls: 1.823 Hist: 1.1913 Path: 0.4705 | 0.9s
  Epoch 304/800 | Total: 4.061 Edge: 0.420 Con: 0.203 Cls: 1.790 Hist: 1.1626 Path: 0.4856 | 0.9s
  Epoch 305/800 | Total: 3.714 Edge: 0.419 Con: 0.195 Cls: 1.591 Hist: 1.0306 Path: 0.4788 | Val F1: 0.3098 | 0.9s
  Epoch 306/800 | Total: 3.734 Edge: 0.409 Con: 0.188 Cls: 1.626 Hist: 1.0405 Path: 0.4698 | 0.9s
  Epoch 307/800 | Total: 3.788 Edge: 0.410 Con: 0.196 Cls: 1.641 Hist: 1.0778 Path: 0.4637 | 0.9s
  Epoch 308/800 | Total: 3.656 Edge: 0.404 Con: 0.191 Cls: 1.585 Hist: 1.0205 Path: 0.4554 | 0.9s
  Epoch 309/800 | Total: 3.547 Edge: 0.393 Con: 0.183 Cls: 1.530 Hist: 0.9914 Path: 0.4497 | 0.9s
  Epoch 310/800 | Total: 3.434 Edge: 0.388 Con: 0.178 Cls: 1.494 Hist: 0.9430 Path: 0.4322 | Val F1: 0.3319 | 0.9s
  Epoch 311/800 | Total: 3.580 Edge: 0.383 Con: 0.180 Cls: 1.560 Hist: 1.0149 Path: 0.4428 | 0.9s
  Epoch 312/800 | Total: 3.444 Edge: 0.379 Con: 0.179 Cls: 1.494 Hist: 0.9554 Path: 0.4376 | 0.9s
  Epoch 313/800 | Total: 3.458 Edge: 0.376 Con: 0.177 Cls: 1.491 Hist: 0.9801 Path: 0.4340 | 0.9s
  Epoch 314/800 | Total: 3.465 Edge: 0.376 Con: 0.178 Cls: 1.507 Hist: 0.9726 Path: 0.4320 | 0.9s
  Epoch 315/800 | Total: 3.590 Edge: 0.375 Con: 0.178 Cls: 1.575 Hist: 1.0343 Path: 0.4282 | Val F1: 0.3271 | 0.9s
  Epoch 316/800 | Total: 3.454 Edge: 0.382 Con: 0.178 Cls: 1.496 Hist: 0.9616 Path: 0.4368 | 0.9s
  Epoch 317/800 | Total: 3.502 Edge: 0.378 Con: 0.176 Cls: 1.521 Hist: 0.9879 Path: 0.4396 | 0.9s
  Epoch 318/800 | Total: 3.423 Edge: 0.376 Con: 0.178 Cls: 1.484 Hist: 0.9463 Path: 0.4384 | 0.9s
  Epoch 319/800 | Total: 3.325 Edge: 0.367 Con: 0.172 Cls: 1.436 Hist: 0.9264 Path: 0.4241 | 0.9s
  Epoch 320/800 | Total: 3.338 Edge: 0.371 Con: 0.173 Cls: 1.440 Hist: 0.9337 Path: 0.4199 | Val F1: 0.3214 | 0.9s
  Epoch 321/800 | Total: 3.483 Edge: 0.378 Con: 0.174 Cls: 1.510 Hist: 0.9839 Path: 0.4381 | 0.9s
  Epoch 322/800 | Total: 3.514 Edge: 0.378 Con: 0.177 Cls: 1.527 Hist: 0.9911 Path: 0.4415 | 0.9s
  Epoch 323/800 | Total: 3.582 Edge: 0.391 Con: 0.177 Cls: 1.551 Hist: 1.0144 Path: 0.4482 | 0.9s
  Epoch 324/800 | Total: 3.700 Edge: 0.390 Con: 0.186 Cls: 1.625 Hist: 1.0436 Path: 0.4556 | 0.9s
  Epoch 325/800 | Total: 3.769 Edge: 0.398 Con: 0.186 Cls: 1.655 Hist: 1.0623 Path: 0.4672 | Val F1: 0.2937 | 0.9s
  Epoch 326/800 | Total: 3.668 Edge: 0.400 Con: 0.195 Cls: 1.580 Hist: 1.0304 Path: 0.4628 | 0.9s
  Epoch 327/800 | Total: 3.556 Edge: 0.399 Con: 0.183 Cls: 1.524 Hist: 1.0028 Path: 0.4471 | 0.9s
  Epoch 328/800 | Total: 3.473 Edge: 0.384 Con: 0.177 Cls: 1.495 Hist: 0.9765 Path: 0.4403 | 0.9s
  Epoch 329/800 | Total: 3.515 Edge: 0.382 Con: 0.176 Cls: 1.522 Hist: 0.9933 Path: 0.4421 | 0.9s
  Epoch 330/800 | Total: 3.617 Edge: 0.386 Con: 0.181 Cls: 1.581 Hist: 1.0173 Path: 0.4518 | Val F1: 0.3163 | 0.9s
  Epoch 331/800 | Total: 3.426 Edge: 0.379 Con: 0.177 Cls: 1.470 Hist: 0.9584 Path: 0.4416 | 0.9s
  Epoch 332/800 | Total: 3.427 Edge: 0.378 Con: 0.174 Cls: 1.473 Hist: 0.9719 Path: 0.4296 | 0.9s
  Epoch 333/800 | Total: 3.523 Edge: 0.374 Con: 0.172 Cls: 1.550 Hist: 1.0037 Path: 0.4237 | 0.9s
  Epoch 334/800 | Total: 3.673 Edge: 0.385 Con: 0.179 Cls: 1.622 Hist: 1.0478 Path: 0.4389 | 0.9s
  Epoch 335/800 | Total: 3.880 Edge: 0.404 Con: 0.189 Cls: 1.707 Hist: 1.1109 Path: 0.4690 | Val F1: 0.2880 | 0.9s
  Epoch 336/800 | Total: 3.793 Edge: 0.410 Con: 0.202 Cls: 1.635 Hist: 1.0789 Path: 0.4677 | 0.9s
  Epoch 337/800 | Total: 3.826 Edge: 0.430 Con: 0.200 Cls: 1.629 Hist: 1.0736 Path: 0.4926 | 0.9s
  Epoch 338/800 | Total: 3.616 Edge: 0.414 Con: 0.187 Cls: 1.539 Hist: 1.0222 Path: 0.4541 | 0.9s
  Epoch 339/800 | Total: 3.684 Edge: 0.411 Con: 0.186 Cls: 1.569 Hist: 1.0553 Path: 0.4617 | 0.9s
  Epoch 340/800 | Total: 3.691 Edge: 0.411 Con: 0.188 Cls: 1.563 Hist: 1.0643 Path: 0.4649 | Val F1: 0.2911 | 0.9s
  Epoch 341/800 | Total: 3.746 Edge: 0.396 Con: 0.183 Cls: 1.611 Hist: 1.0999 Path: 0.4567 | 0.9s
  Epoch 342/800 | Total: 3.672 Edge: 0.390 Con: 0.183 Cls: 1.583 Hist: 1.0632 Path: 0.4526 | 0.9s
  Epoch 343/800 | Total: 3.537 Edge: 0.388 Con: 0.180 Cls: 1.524 Hist: 1.0065 Path: 0.4389 | 0.9s
  Epoch 344/800 | Total: 3.531 Edge: 0.391 Con: 0.178 Cls: 1.508 Hist: 1.0012 Path: 0.4522 | 0.9s
  Epoch 345/800 | Total: 3.473 Edge: 0.390 Con: 0.178 Cls: 1.486 Hist: 0.9736 Path: 0.4461 | Val F1: 0.3062 | 0.9s
  Epoch 346/800 | Total: 3.474 Edge: 0.383 Con: 0.176 Cls: 1.517 Hist: 0.9625 Path: 0.4357 | 0.9s
  Epoch 347/800 | Total: 3.446 Edge: 0.378 Con: 0.176 Cls: 1.482 Hist: 0.9768 Path: 0.4329 | 0.9s
  Epoch 348/800 | Total: 3.495 Edge: 0.400 Con: 0.178 Cls: 1.501 Hist: 0.9750 Path: 0.4410 | 0.9s
  Epoch 349/800 | Total: 3.603 Edge: 0.399 Con: 0.183 Cls: 1.545 Hist: 1.0180 Path: 0.4576 | 0.9s
  Epoch 350/800 | Total: 3.616 Edge: 0.382 Con: 0.180 Cls: 1.578 Hist: 1.0317 Path: 0.4449 | Val F1: 0.2845 | 0.9s
  Epoch 351/800 | Total: 3.622 Edge: 0.383 Con: 0.176 Cls: 1.586 Hist: 1.0307 Path: 0.4469 | 0.9s
  Epoch 352/800 | Total: 3.561 Edge: 0.388 Con: 0.182 Cls: 1.556 Hist: 0.9988 Path: 0.4368 | 0.9s
  Epoch 353/800 | Total: 3.596 Edge: 0.403 Con: 0.183 Cls: 1.545 Hist: 1.0207 Path: 0.4442 | 0.9s
  Epoch 354/800 | Total: 3.547 Edge: 0.390 Con: 0.182 Cls: 1.537 Hist: 0.9923 Path: 0.4463 | 0.9s
  Epoch 355/800 | Total: 3.470 Edge: 0.380 Con: 0.179 Cls: 1.495 Hist: 0.9675 Path: 0.4489 | Val F1: 0.3211 | 0.9s
  Epoch 356/800 | Total: 3.558 Edge: 0.388 Con: 0.180 Cls: 1.554 Hist: 0.9907 Path: 0.4467 | 0.9s
  Epoch 357/800 | Total: 3.524 Edge: 0.382 Con: 0.175 Cls: 1.534 Hist: 0.9932 Path: 0.4396 | 0.9s
  Epoch 358/800 | Total: 3.498 Edge: 0.382 Con: 0.177 Cls: 1.508 Hist: 0.9895 Path: 0.4419 | 0.9s
  Epoch 359/800 | Total: 3.483 Edge: 0.385 Con: 0.178 Cls: 1.496 Hist: 0.9820 Path: 0.4429 | 0.9s
  Epoch 360/800 | Total: 3.480 Edge: 0.385 Con: 0.178 Cls: 1.494 Hist: 0.9883 Path: 0.4341 | Val F1: 0.3158 | 0.9s
  Epoch 361/800 | Total: 3.389 Edge: 0.376 Con: 0.177 Cls: 1.458 Hist: 0.9415 Path: 0.4362 | 0.9s
  Epoch 362/800 | Total: 3.410 Edge: 0.377 Con: 0.174 Cls: 1.464 Hist: 0.9592 Path: 0.4351 | 0.9s
  Epoch 363/800 | Total: 3.385 Edge: 0.374 Con: 0.171 Cls: 1.457 Hist: 0.9473 Path: 0.4355 | 0.9s
  Epoch 364/800 | Total: 3.402 Edge: 0.379 Con: 0.172 Cls: 1.480 Hist: 0.9424 Path: 0.4288 | 1.0s
  Epoch 365/800 | Total: 3.409 Edge: 0.383 Con: 0.174 Cls: 1.474 Hist: 0.9500 Path: 0.4289 | Val F1: 0.3406 | 1.0s
  Epoch 366/800 | Total: 3.423 Edge: 0.377 Con: 0.173 Cls: 1.482 Hist: 0.9620 Path: 0.4294 | 0.9s
  Epoch 367/800 | Total: 3.539 Edge: 0.384 Con: 0.175 Cls: 1.536 Hist: 1.0125 Path: 0.4313 | 1.0s
  Epoch 368/800 | Total: 3.588 Edge: 0.382 Con: 0.178 Cls: 1.583 Hist: 1.0156 Path: 0.4287 | 0.9s
  Epoch 369/800 | Total: 3.536 Edge: 0.380 Con: 0.177 Cls: 1.556 Hist: 0.9923 Path: 0.4311 | 0.9s
  Epoch 370/800 | Total: 3.484 Edge: 0.382 Con: 0.176 Cls: 1.516 Hist: 0.9833 Path: 0.4262 | Val F1: 0.3236 | 1.0s
  Epoch 371/800 | Total: 3.536 Edge: 0.376 Con: 0.177 Cls: 1.548 Hist: 1.0051 Path: 0.4298 | 0.9s
  Epoch 372/800 | Total: 3.478 Edge: 0.393 Con: 0.179 Cls: 1.490 Hist: 0.9651 Path: 0.4507 | 0.9s
  Epoch 373/800 | Total: 3.478 Edge: 0.382 Con: 0.178 Cls: 1.503 Hist: 0.9762 Path: 0.4381 | 0.9s
  Epoch 374/800 | Total: 3.575 Edge: 0.382 Con: 0.175 Cls: 1.574 Hist: 1.0119 Path: 0.4325 | 0.9s
  Epoch 375/800 | Total: 3.525 Edge: 0.384 Con: 0.178 Cls: 1.530 Hist: 0.9922 Path: 0.4409 | Val F1: 0.2846 | 0.9s
  Epoch 376/800 | Total: 3.492 Edge: 0.388 Con: 0.181 Cls: 1.499 Hist: 0.9796 Path: 0.4441 | 0.9s
  Epoch 377/800 | Total: 3.513 Edge: 0.388 Con: 0.180 Cls: 1.510 Hist: 0.9973 Path: 0.4381 | 0.9s
  Epoch 378/800 | Total: 3.603 Edge: 0.384 Con: 0.183 Cls: 1.564 Hist: 1.0277 Path: 0.4435 | 0.9s
  Epoch 379/800 | Total: 3.591 Edge: 0.388 Con: 0.183 Cls: 1.565 Hist: 1.0105 Path: 0.4434 | 0.9s
  Epoch 380/800 | Total: 3.678 Edge: 0.395 Con: 0.186 Cls: 1.606 Hist: 1.0551 Path: 0.4363 | Val F1: 0.3030 | 1.0s
  Epoch 381/800 | Total: 3.527 Edge: 0.391 Con: 0.183 Cls: 1.519 Hist: 0.9943 Path: 0.4399 | 0.9s
  Epoch 382/800 | Total: 3.606 Edge: 0.403 Con: 0.182 Cls: 1.541 Hist: 1.0157 Path: 0.4647 | 1.0s
  Epoch 383/800 | Total: 3.787 Edge: 0.418 Con: 0.185 Cls: 1.626 Hist: 1.0582 Path: 0.5008 | 1.0s
  Epoch 384/800 | Total: 3.716 Edge: 0.409 Con: 0.186 Cls: 1.594 Hist: 1.0591 Path: 0.4681 | 0.9s
  Epoch 385/800 | Total: 3.713 Edge: 0.411 Con: 0.194 Cls: 1.574 Hist: 1.0595 Path: 0.4745 | Val F1: 0.2858 | 0.9s
  Epoch 386/800 | Total: 3.620 Edge: 0.398 Con: 0.187 Cls: 1.545 Hist: 1.0235 Path: 0.4666 | 0.9s
  Epoch 387/800 | Total: 3.699 Edge: 0.418 Con: 0.186 Cls: 1.578 Hist: 1.0366 Path: 0.4809 | 1.0s
  Epoch 388/800 | Total: 3.635 Edge: 0.408 Con: 0.187 Cls: 1.566 Hist: 1.0072 Path: 0.4668 | 0.9s
  Epoch 389/800 | Total: 3.662 Edge: 0.401 Con: 0.183 Cls: 1.580 Hist: 1.0422 Path: 0.4555 | 0.9s
  Epoch 390/800 | Total: 3.572 Edge: 0.386 Con: 0.180 Cls: 1.543 Hist: 1.0186 Path: 0.4444 | Val F1: 0.3372 | 0.9s
  Epoch 391/800 | Total: 3.562 Edge: 0.380 Con: 0.179 Cls: 1.546 Hist: 1.0304 Path: 0.4270 | 0.9s
  Epoch 392/800 | Total: 3.550 Edge: 0.382 Con: 0.179 Cls: 1.537 Hist: 1.0134 Path: 0.4380 | 0.9s
  Epoch 393/800 | Total: 3.544 Edge: 0.386 Con: 0.179 Cls: 1.534 Hist: 1.0070 Path: 0.4381 | 0.9s
  Epoch 394/800 | Total: 3.505 Edge: 0.386 Con: 0.174 Cls: 1.514 Hist: 0.9998 Path: 0.4317 | 0.9s
  Epoch 395/800 | Total: 3.461 Edge: 0.384 Con: 0.176 Cls: 1.488 Hist: 0.9752 Path: 0.4378 | Val F1: 0.3008 | 0.9s
  Epoch 396/800 | Total: 3.639 Edge: 0.388 Con: 0.179 Cls: 1.593 Hist: 1.0398 Path: 0.4392 | 0.9s
  Epoch 397/800 | Total: 3.489 Edge: 0.391 Con: 0.182 Cls: 1.500 Hist: 0.9761 Path: 0.4402 | 0.9s
  Epoch 398/800 | Total: 3.534 Edge: 0.393 Con: 0.179 Cls: 1.522 Hist: 0.9962 Path: 0.4446 | 0.9s
  Epoch 399/800 | Total: 3.543 Edge: 0.388 Con: 0.181 Cls: 1.518 Hist: 1.0131 Path: 0.4433 | 1.0s
  Epoch 400/800 | Total: 3.544 Edge: 0.379 Con: 0.176 Cls: 1.538 Hist: 1.0146 Path: 0.4367 | Val F1: 0.3288 | 0.9s
  Epoch 401/800 | Total: 3.502 Edge: 0.380 Con: 0.175 Cls: 1.523 Hist: 0.9892 Path: 0.4347 | 0.9s
  Epoch 402/800 | Total: 3.793 Edge: 0.406 Con: 0.184 Cls: 1.651 Hist: 1.0982 Path: 0.4537 | 0.9s
  Epoch 403/800 | Total: 3.757 Edge: 0.419 Con: 0.192 Cls: 1.621 Hist: 1.0681 Path: 0.4567 | 0.9s
  Epoch 404/800 | Total: 3.751 Edge: 0.404 Con: 0.192 Cls: 1.615 Hist: 1.0878 Path: 0.4525 | 0.9s
  Epoch 405/800 | Total: 3.827 Edge: 0.420 Con: 0.191 Cls: 1.661 Hist: 1.0781 Path: 0.4780 | Val F1: 0.2600 | 0.9s
  Epoch 406/800 | Total: 3.836 Edge: 0.423 Con: 0.192 Cls: 1.672 Hist: 1.0801 Path: 0.4684 | 0.9s
  Epoch 407/800 | Total: 3.774 Edge: 0.424 Con: 0.192 Cls: 1.628 Hist: 1.0654 Path: 0.4640 | 0.9s
  Epoch 408/800 | Total: 3.939 Edge: 0.418 Con: 0.199 Cls: 1.701 Hist: 1.1525 Path: 0.4696 | 0.9s
  Epoch 409/800 | Total: 3.876 Edge: 0.414 Con: 0.202 Cls: 1.672 Hist: 1.1230 Path: 0.4645 | 0.9s
  Epoch 410/800 | Total: 3.667 Edge: 0.402 Con: 0.189 Cls: 1.581 Hist: 1.0494 Path: 0.4458 | Val F1: 0.3006 | 0.9s
  Epoch 411/800 | Total: 3.649 Edge: 0.392 Con: 0.184 Cls: 1.578 Hist: 1.0492 Path: 0.4456 | 0.9s
  Epoch 412/800 | Total: 3.573 Edge: 0.395 Con: 0.182 Cls: 1.533 Hist: 1.0222 Path: 0.4401 | 0.9s
  Epoch 413/800 | Total: 3.470 Edge: 0.380 Con: 0.180 Cls: 1.493 Hist: 0.9857 Path: 0.4304 | 0.9s
  Epoch 414/800 | Total: 3.507 Edge: 0.382 Con: 0.176 Cls: 1.509 Hist: 0.9986 Path: 0.4410 | 0.9s
  Epoch 415/800 | Total: 3.546 Edge: 0.383 Con: 0.179 Cls: 1.527 Hist: 1.0229 Path: 0.4357 | Val F1: 0.2913 | 0.9s
  Epoch 416/800 | Total: 3.567 Edge: 0.385 Con: 0.180 Cls: 1.551 Hist: 1.0145 Path: 0.4370 | 0.9s
  Epoch 417/800 | Total: 3.506 Edge: 0.383 Con: 0.176 Cls: 1.520 Hist: 0.9914 Path: 0.4363 | 0.9s
  Epoch 418/800 | Total: 3.403 Edge: 0.377 Con: 0.174 Cls: 1.468 Hist: 0.9595 Path: 0.4255 | 0.9s
  Epoch 419/800 | Total: 3.393 Edge: 0.376 Con: 0.174 Cls: 1.468 Hist: 0.9474 Path: 0.4273 | 0.9s
  Epoch 420/800 | Total: 3.525 Edge: 0.387 Con: 0.177 Cls: 1.523 Hist: 0.9949 Path: 0.4435 | Val F1: 0.3014 | 0.9s
  Epoch 421/800 | Total: 3.533 Edge: 0.384 Con: 0.177 Cls: 1.527 Hist: 1.0050 Path: 0.4407 | 0.9s
  Epoch 422/800 | Total: 3.473 Edge: 0.382 Con: 0.177 Cls: 1.507 Hist: 0.9720 Path: 0.4344 | 0.9s
  Epoch 423/800 | Total: 3.458 Edge: 0.387 Con: 0.182 Cls: 1.484 Hist: 0.9664 Path: 0.4392 | 0.9s
  Epoch 424/800 | Total: 3.648 Edge: 0.388 Con: 0.179 Cls: 1.587 Hist: 1.0505 Path: 0.4430 | 0.9s
  Epoch 425/800 | Total: 3.619 Edge: 0.398 Con: 0.183 Cls: 1.555 Hist: 1.0366 Path: 0.4465 | Val F1: 0.3036 | 0.9s
  Epoch 426/800 | Total: 3.732 Edge: 0.417 Con: 0.189 Cls: 1.580 Hist: 1.0788 Path: 0.4670 | 0.9s
  Epoch 427/800 | Total: 3.663 Edge: 0.400 Con: 0.185 Cls: 1.582 Hist: 1.0484 Path: 0.4471 | 0.9s
  Epoch 428/800 | Total: 3.562 Edge: 0.397 Con: 0.185 Cls: 1.527 Hist: 1.0018 Path: 0.4510 | 0.9s
  Epoch 429/800 | Total: 3.480 Edge: 0.385 Con: 0.179 Cls: 1.509 Hist: 0.9670 Path: 0.4396 | 0.9s
  Epoch 430/800 | Total: 3.454 Edge: 0.383 Con: 0.177 Cls: 1.494 Hist: 0.9700 Path: 0.4308 | Val F1: 0.3278 | 0.9s
  Epoch 431/800 | Total: 3.404 Edge: 0.377 Con: 0.175 Cls: 1.472 Hist: 0.9576 Path: 0.4221 | 0.9s
  Epoch 432/800 | Total: 3.522 Edge: 0.373 Con: 0.177 Cls: 1.539 Hist: 1.0039 Path: 0.4296 | 0.9s
  Epoch 433/800 | Total: 3.848 Edge: 0.401 Con: 0.187 Cls: 1.675 Hist: 1.1264 Path: 0.4591 | 0.9s
  Epoch 434/800 | Total: 3.812 Edge: 0.433 Con: 0.191 Cls: 1.645 Hist: 1.0811 Path: 0.4617 | 0.9s
  Epoch 435/800 | Total: 3.714 Edge: 0.427 Con: 0.186 Cls: 1.595 Hist: 1.0476 Path: 0.4577 | Val F1: 0.2882 | 0.9s
  Epoch 436/800 | Total: 3.531 Edge: 0.409 Con: 0.183 Cls: 1.515 Hist: 0.9772 Path: 0.4460 | 0.9s
  Epoch 437/800 | Total: 3.537 Edge: 0.393 Con: 0.179 Cls: 1.521 Hist: 1.0039 Path: 0.4399 | 0.9s
  Epoch 438/800 | Total: 3.415 Edge: 0.380 Con: 0.178 Cls: 1.473 Hist: 0.9584 Path: 0.4256 | 0.9s
  Epoch 439/800 | Total: 3.346 Edge: 0.377 Con: 0.177 Cls: 1.439 Hist: 0.9313 Path: 0.4229 | 0.9s
  Epoch 440/800 | Total: 3.478 Edge: 0.373 Con: 0.176 Cls: 1.508 Hist: 0.9890 Path: 0.4317 | Val F1: 0.3185 | 0.9s
  Epoch 441/800 | Total: 3.457 Edge: 0.385 Con: 0.178 Cls: 1.482 Hist: 0.9696 Path: 0.4417 | 0.9s
  Epoch 442/800 | Total: 3.478 Edge: 0.381 Con: 0.177 Cls: 1.498 Hist: 0.9839 Path: 0.4382 | 0.9s
  Epoch 443/800 | Total: 3.524 Edge: 0.379 Con: 0.180 Cls: 1.530 Hist: 1.0024 Path: 0.4328 | 0.9s
  Epoch 444/800 | Total: 3.625 Edge: 0.378 Con: 0.179 Cls: 1.607 Hist: 1.0206 Path: 0.4400 | 0.9s
  Epoch 445/800 | Total: 3.467 Edge: 0.384 Con: 0.183 Cls: 1.505 Hist: 0.9606 Path: 0.4353 | Val F1: 0.3457 | 0.9s
  Epoch 446/800 | Total: 3.397 Edge: 0.378 Con: 0.178 Cls: 1.471 Hist: 0.9452 Path: 0.4246 | 0.9s
  Epoch 447/800 | Total: 3.401 Edge: 0.372 Con: 0.177 Cls: 1.470 Hist: 0.9589 Path: 0.4231 | 0.9s
  Epoch 448/800 | Total: 3.495 Edge: 0.389 Con: 0.178 Cls: 1.508 Hist: 0.9797 Path: 0.4415 | 0.9s
  Epoch 449/800 | Total: 3.569 Edge: 0.388 Con: 0.179 Cls: 1.559 Hist: 1.0115 Path: 0.4311 | 0.9s
  Epoch 450/800 | Total: 3.516 Edge: 0.395 Con: 0.180 Cls: 1.508 Hist: 0.9847 Path: 0.4486 | Val F1: 0.3062 | 0.9s
  Epoch 451/800 | Total: 3.616 Edge: 0.406 Con: 0.179 Cls: 1.579 Hist: 0.9950 Path: 0.4568 | 0.9s
  Epoch 452/800 | Total: 3.655 Edge: 0.397 Con: 0.185 Cls: 1.592 Hist: 1.0343 Path: 0.4476 | 0.9s
  Epoch 453/800 | Total: 3.789 Edge: 0.401 Con: 0.184 Cls: 1.649 Hist: 1.0844 Path: 0.4700 | 0.9s
  Epoch 454/800 | Total: 3.988 Edge: 0.418 Con: 0.197 Cls: 1.748 Hist: 1.1621 Path: 0.4622 | 0.9s
  Epoch 455/800 | Total: 3.682 Edge: 0.401 Con: 0.197 Cls: 1.587 Hist: 1.0493 Path: 0.4479 | Val F1: 0.3286 | 0.9s
  Epoch 456/800 | Total: 3.624 Edge: 0.396 Con: 0.193 Cls: 1.557 Hist: 1.0284 Path: 0.4490 | 0.9s
  Epoch 457/800 | Total: 3.633 Edge: 0.405 Con: 0.191 Cls: 1.567 Hist: 1.0203 Path: 0.4501 | 0.9s
  Epoch 458/800 | Total: 3.614 Edge: 0.401 Con: 0.188 Cls: 1.572 Hist: 1.0065 Path: 0.4466 | 0.9s
  Epoch 459/800 | Total: 3.668 Edge: 0.409 Con: 0.182 Cls: 1.603 Hist: 1.0230 Path: 0.4520 | 0.9s
  Epoch 460/800 | Total: 4.468 Edge: 0.460 Con: 0.223 Cls: 1.954 Hist: 1.3044 Path: 0.5267 | Val F1: 0.2186 | 0.9s
  Epoch 461/800 | Total: 4.316 Edge: 0.455 Con: 0.248 Cls: 1.817 Hist: 1.2663 Path: 0.5297 | 0.9s
  Epoch 462/800 | Total: 4.205 Edge: 0.447 Con: 0.226 Cls: 1.799 Hist: 1.2254 Path: 0.5080 | 0.9s
  Epoch 463/800 | Total: 3.975 Edge: 0.434 Con: 0.209 Cls: 1.688 Hist: 1.1526 Path: 0.4914 | 0.9s
  Epoch 464/800 | Total: 3.912 Edge: 0.419 Con: 0.200 Cls: 1.681 Hist: 1.1386 Path: 0.4738 | 0.9s
  Epoch 465/800 | Total: 3.678 Edge: 0.418 Con: 0.189 Cls: 1.580 Hist: 1.0301 Path: 0.4602 | Val F1: 0.3180 | 0.9s
  Epoch 466/800 | Total: 3.753 Edge: 0.409 Con: 0.185 Cls: 1.601 Hist: 1.0988 Path: 0.4593 | 0.9s
  Epoch 467/800 | Total: 3.757 Edge: 0.411 Con: 0.187 Cls: 1.638 Hist: 1.0628 Path: 0.4576 | 0.9s
  Epoch 468/800 | Total: 3.676 Edge: 0.410 Con: 0.188 Cls: 1.571 Hist: 1.0490 Path: 0.4573 | 0.9s
  Epoch 469/800 | Total: 3.653 Edge: 0.403 Con: 0.187 Cls: 1.578 Hist: 1.0209 Path: 0.4629 | 0.9s
  Epoch 470/800 | Total: 3.567 Edge: 0.393 Con: 0.183 Cls: 1.538 Hist: 1.0047 Path: 0.4484 | Val F1: 0.3145 | 0.9s
  Epoch 471/800 | Total: 3.660 Edge: 0.395 Con: 0.183 Cls: 1.560 Hist: 1.0625 Path: 0.4596 | 0.9s
  Epoch 472/800 | Total: 3.720 Edge: 0.394 Con: 0.184 Cls: 1.605 Hist: 1.0809 Path: 0.4557 | 0.9s
  Epoch 473/800 | Total: 3.645 Edge: 0.394 Con: 0.186 Cls: 1.579 Hist: 1.0371 Path: 0.4490 | 0.9s
  Epoch 474/800 | Total: 3.535 Edge: 0.404 Con: 0.182 Cls: 1.515 Hist: 0.9750 Path: 0.4583 | 0.9s
  Epoch 475/800 | Total: 3.493 Edge: 0.391 Con: 0.180 Cls: 1.481 Hist: 0.9766 Path: 0.4636 | Val F1: 0.3628 | 0.9s
  Epoch 476/800 | Total: 3.501 Edge: 0.385 Con: 0.178 Cls: 1.498 Hist: 0.9976 Path: 0.4423 | 0.9s
  Epoch 477/800 | Total: 3.425 Edge: 0.382 Con: 0.178 Cls: 1.470 Hist: 0.9614 Path: 0.4336 | 0.9s
  Epoch 478/800 | Total: 3.437 Edge: 0.376 Con: 0.178 Cls: 1.484 Hist: 0.9659 Path: 0.4338 | 0.9s
  Epoch 479/800 | Total: 3.442 Edge: 0.379 Con: 0.178 Cls: 1.492 Hist: 0.9617 Path: 0.4305 | 0.9s
  Epoch 480/800 | Total: 3.393 Edge: 0.375 Con: 0.176 Cls: 1.464 Hist: 0.9489 Path: 0.4291 | Val F1: 0.3317 | 0.9s
  Epoch 481/800 | Total: 3.391 Edge: 0.373 Con: 0.174 Cls: 1.471 Hist: 0.9436 Path: 0.4289 | 0.9s
  Epoch 482/800 | Total: 3.468 Edge: 0.379 Con: 0.175 Cls: 1.507 Hist: 0.9781 Path: 0.4297 | 0.9s
  Epoch 483/800 | Total: 3.430 Edge: 0.380 Con: 0.177 Cls: 1.482 Hist: 0.9577 Path: 0.4336 | 0.9s
  Epoch 484/800 | Total: 3.423 Edge: 0.373 Con: 0.173 Cls: 1.487 Hist: 0.9641 Path: 0.4260 | 0.9s
  Epoch 485/800 | Total: 3.333 Edge: 0.370 Con: 0.173 Cls: 1.437 Hist: 0.9306 Path: 0.4228 | Val F1: 0.3378 | 0.9s
  Epoch 486/800 | Total: 3.333 Edge: 0.371 Con: 0.172 Cls: 1.433 Hist: 0.9321 Path: 0.4255 | 0.9s
  Epoch 487/800 | Total: 3.330 Edge: 0.365 Con: 0.172 Cls: 1.439 Hist: 0.9307 Path: 0.4235 | 0.9s
  Epoch 488/800 | Total: 3.477 Edge: 0.375 Con: 0.176 Cls: 1.507 Hist: 0.9839 Path: 0.4342 | 0.9s
  Epoch 489/800 | Total: 3.537 Edge: 0.384 Con: 0.182 Cls: 1.539 Hist: 0.9968 Path: 0.4342 | 0.9s
  Epoch 490/800 | Total: 3.498 Edge: 0.378 Con: 0.178 Cls: 1.528 Hist: 0.9862 Path: 0.4279 | Val F1: 0.3290 | 0.9s
  Epoch 491/800 | Total: 3.465 Edge: 0.377 Con: 0.176 Cls: 1.515 Hist: 0.9690 Path: 0.4276 | 0.9s
  Epoch 492/800 | Total: 3.616 Edge: 0.394 Con: 0.180 Cls: 1.579 Hist: 1.0201 Path: 0.4431 | 0.9s
  Epoch 493/800 | Total: 3.626 Edge: 0.389 Con: 0.180 Cls: 1.589 Hist: 1.0215 Path: 0.4460 | 0.9s
  Epoch 494/800 | Total: 3.479 Edge: 0.387 Con: 0.179 Cls: 1.495 Hist: 0.9775 Path: 0.4391 | 0.9s
  Epoch 495/800 | Total: 3.468 Edge: 0.381 Con: 0.177 Cls: 1.501 Hist: 0.9724 Path: 0.4362 | Val F1: 0.3334 | 0.9s
  Epoch 496/800 | Total: 3.460 Edge: 0.374 Con: 0.175 Cls: 1.515 Hist: 0.9649 Path: 0.4304 | 0.9s
  Epoch 497/800 | Total: 3.350 Edge: 0.370 Con: 0.176 Cls: 1.447 Hist: 0.9359 Path: 0.4213 | 0.9s
  Epoch 498/800 | Total: 3.581 Edge: 0.379 Con: 0.176 Cls: 1.568 Hist: 1.0179 Path: 0.4394 | 0.9s
  Epoch 499/800 | Total: 3.775 Edge: 0.399 Con: 0.189 Cls: 1.660 Hist: 1.0699 Path: 0.4558 | 0.9s
  Epoch 500/800 | Total: 3.776 Edge: 0.409 Con: 0.191 Cls: 1.631 Hist: 1.0820 Path: 0.4628 | Val F1: 0.2800 | 0.9s
  Epoch 501/800 | Total: 4.237 Edge: 0.459 Con: 0.200 Cls: 1.811 Hist: 1.2295 Path: 0.5367 | 0.9s
  Epoch 502/800 | Total: 3.926 Edge: 0.456 Con: 0.214 Cls: 1.658 Hist: 1.0885 Path: 0.5102 | 0.9s
  Epoch 503/800 | Total: 3.720 Edge: 0.417 Con: 0.194 Cls: 1.588 Hist: 1.0443 Path: 0.4764 | 0.9s
  Epoch 504/800 | Total: 3.625 Edge: 0.414 Con: 0.189 Cls: 1.547 Hist: 1.0042 Path: 0.4700 | 0.9s
  Epoch 505/800 | Total: 3.586 Edge: 0.410 Con: 0.185 Cls: 1.517 Hist: 1.0119 Path: 0.4612 | Val F1: 0.2744 | 0.9s
  Epoch 506/800 | Total: 3.574 Edge: 0.388 Con: 0.185 Cls: 1.544 Hist: 1.0040 Path: 0.4537 | 0.9s
  Epoch 507/800 | Total: 3.482 Edge: 0.393 Con: 0.182 Cls: 1.482 Hist: 0.9739 Path: 0.4514 | 0.9s
  Epoch 508/800 | Total: 3.540 Edge: 0.393 Con: 0.181 Cls: 1.533 Hist: 0.9874 Path: 0.4457 | 0.9s
  Epoch 509/800 | Total: 3.497 Edge: 0.389 Con: 0.181 Cls: 1.503 Hist: 0.9797 Path: 0.4449 | 0.9s
  Epoch 510/800 | Total: 3.528 Edge: 0.384 Con: 0.181 Cls: 1.515 Hist: 1.0077 Path: 0.4406 | Val F1: 0.2839 | 0.9s
  Epoch 511/800 | Total: 3.506 Edge: 0.388 Con: 0.180 Cls: 1.504 Hist: 0.9894 Path: 0.4448 | 0.9s
  Epoch 512/800 | Total: 3.430 Edge: 0.387 Con: 0.176 Cls: 1.471 Hist: 0.9535 Path: 0.4426 | 0.9s
  Epoch 513/800 | Total: 3.612 Edge: 0.384 Con: 0.177 Cls: 1.582 Hist: 1.0350 Path: 0.4343 | 0.9s
  Epoch 514/800 | Total: 3.656 Edge: 0.391 Con: 0.183 Cls: 1.589 Hist: 1.0457 Path: 0.4483 | 0.9s
  Epoch 515/800 | Total: 3.588 Edge: 0.385 Con: 0.185 Cls: 1.544 Hist: 1.0251 Path: 0.4486 | Val F1: 0.2913 | 0.9s
  Epoch 516/800 | Total: 3.474 Edge: 0.385 Con: 0.179 Cls: 1.495 Hist: 0.9802 Path: 0.4355 | 0.9s
  Epoch 517/800 | Total: 3.406 Edge: 0.373 Con: 0.175 Cls: 1.474 Hist: 0.9552 Path: 0.4286 | 0.9s
  Epoch 518/800 | Total: 3.409 Edge: 0.380 Con: 0.174 Cls: 1.470 Hist: 0.9495 Path: 0.4347 | 0.9s
  Epoch 519/800 | Total: 3.467 Edge: 0.380 Con: 0.178 Cls: 1.507 Hist: 0.9680 Path: 0.4340 | 0.9s
  Epoch 520/800 | Total: 3.458 Edge: 0.374 Con: 0.177 Cls: 1.497 Hist: 0.9839 Path: 0.4250 | Val F1: 0.3482 | 0.9s
  Epoch 521/800 | Total: 3.449 Edge: 0.386 Con: 0.176 Cls: 1.484 Hist: 0.9531 Path: 0.4494 | 0.9s
  Epoch 522/800 | Total: 3.496 Edge: 0.380 Con: 0.174 Cls: 1.521 Hist: 0.9903 Path: 0.4309 | 0.9s
  Epoch 523/800 | Total: 3.513 Edge: 0.380 Con: 0.177 Cls: 1.526 Hist: 0.9937 Path: 0.4364 | 0.9s
  Epoch 524/800 | Total: 3.422 Edge: 0.375 Con: 0.174 Cls: 1.485 Hist: 0.9595 Path: 0.4282 | 0.9s
  Epoch 525/800 | Total: 3.373 Edge: 0.372 Con: 0.174 Cls: 1.453 Hist: 0.9433 Path: 0.4297 | Val F1: 0.3479 | 0.9s
  Epoch 526/800 | Total: 3.486 Edge: 0.376 Con: 0.178 Cls: 1.511 Hist: 0.9857 Path: 0.4354 | 0.9s
  Epoch 527/800 | Total: 3.559 Edge: 0.396 Con: 0.177 Cls: 1.542 Hist: 0.9955 Path: 0.4476 | 0.9s
  Epoch 528/800 | Total: 3.536 Edge: 0.388 Con: 0.179 Cls: 1.546 Hist: 0.9834 Path: 0.4393 | 0.9s
  Epoch 529/800 | Total: 3.611 Edge: 0.399 Con: 0.183 Cls: 1.559 Hist: 1.0252 Path: 0.4450 | 0.9s
  Epoch 530/800 | Total: 3.703 Edge: 0.407 Con: 0.183 Cls: 1.609 Hist: 1.0450 Path: 0.4590 | Val F1: 0.3015 | 0.9s
  Epoch 531/800 | Total: 3.873 Edge: 0.409 Con: 0.186 Cls: 1.697 Hist: 1.1084 Path: 0.4721 | 0.9s
  Epoch 532/800 | Total: 3.771 Edge: 0.404 Con: 0.189 Cls: 1.639 Hist: 1.0738 Path: 0.4663 | 0.9s
  Epoch 533/800 | Total: 3.719 Edge: 0.407 Con: 0.190 Cls: 1.601 Hist: 1.0599 Path: 0.4624 | 0.9s
  Epoch 534/800 | Total: 3.529 Edge: 0.387 Con: 0.186 Cls: 1.516 Hist: 0.9891 Path: 0.4521 | 0.9s
  Epoch 535/800 | Total: 3.506 Edge: 0.393 Con: 0.183 Cls: 1.499 Hist: 0.9723 Path: 0.4589 | Val F1: 0.3041 | 0.9s
  Epoch 536/800 | Total: 3.483 Edge: 0.382 Con: 0.185 Cls: 1.500 Hist: 0.9763 Path: 0.4402 | 0.9s
  Epoch 537/800 | Total: 3.447 Edge: 0.372 Con: 0.178 Cls: 1.488 Hist: 0.9745 Path: 0.4343 | 0.9s
  Epoch 538/800 | Total: 3.513 Edge: 0.383 Con: 0.179 Cls: 1.521 Hist: 0.9961 Path: 0.4333 | 0.9s
  Epoch 539/800 | Total: 3.395 Edge: 0.373 Con: 0.177 Cls: 1.466 Hist: 0.9538 Path: 0.4252 | 0.9s
  Epoch 540/800 | Total: 3.365 Edge: 0.373 Con: 0.174 Cls: 1.450 Hist: 0.9412 Path: 0.4272 | Val F1: 0.3245 | 0.9s
  Epoch 541/800 | Total: 3.386 Edge: 0.371 Con: 0.174 Cls: 1.465 Hist: 0.9507 Path: 0.4249 | 0.9s
  Epoch 542/800 | Total: 3.378 Edge: 0.370 Con: 0.174 Cls: 1.463 Hist: 0.9444 Path: 0.4261 | 0.9s
  Epoch 543/800 | Total: 3.327 Edge: 0.369 Con: 0.171 Cls: 1.431 Hist: 0.9330 Path: 0.4225 | 0.9s
  Epoch 544/800 | Total: 3.352 Edge: 0.366 Con: 0.172 Cls: 1.455 Hist: 0.9422 Path: 0.4170 | 0.9s
  Epoch 545/800 | Total: 3.357 Edge: 0.367 Con: 0.172 Cls: 1.454 Hist: 0.9408 Path: 0.4235 | Val F1: 0.3335 | 0.9s
  Epoch 546/800 | Total: 3.369 Edge: 0.365 Con: 0.173 Cls: 1.472 Hist: 0.9434 Path: 0.4152 | 0.9s
  Epoch 547/800 | Total: 3.372 Edge: 0.373 Con: 0.175 Cls: 1.460 Hist: 0.9400 Path: 0.4246 | 0.9s
  Epoch 548/800 | Total: 3.386 Edge: 0.371 Con: 0.174 Cls: 1.478 Hist: 0.9373 Path: 0.4262 | 0.9s
  Epoch 549/800 | Total: 3.499 Edge: 0.387 Con: 0.177 Cls: 1.528 Hist: 0.9614 Path: 0.4462 | 0.9s
  Epoch 550/800 | Total: 3.452 Edge: 0.390 Con: 0.178 Cls: 1.486 Hist: 0.9643 Path: 0.4338 | Val F1: 0.3326 | 0.9s
  Epoch 551/800 | Total: 3.530 Edge: 0.380 Con: 0.174 Cls: 1.536 Hist: 1.0053 Path: 0.4351 | 0.9s
  Epoch 552/800 | Total: 3.466 Edge: 0.386 Con: 0.177 Cls: 1.506 Hist: 0.9563 Path: 0.4415 | 0.9s
  Epoch 553/800 | Total: 3.464 Edge: 0.394 Con: 0.178 Cls: 1.491 Hist: 0.9651 Path: 0.4365 | 0.9s
  Epoch 554/800 | Total: 3.445 Edge: 0.382 Con: 0.180 Cls: 1.481 Hist: 0.9645 Path: 0.4367 | 0.9s
  Epoch 555/800 | Total: 3.402 Edge: 0.389 Con: 0.178 Cls: 1.453 Hist: 0.9445 Path: 0.4379 | Val F1: 0.3178 | 0.9s
  Epoch 556/800 | Total: 3.645 Edge: 0.389 Con: 0.180 Cls: 1.585 Hist: 1.0448 Path: 0.4463 | 0.9s
  Epoch 557/800 | Total: 3.644 Edge: 0.386 Con: 0.184 Cls: 1.603 Hist: 1.0255 Path: 0.4445 | 0.9s
  Epoch 558/800 | Total: 3.623 Edge: 0.394 Con: 0.180 Cls: 1.558 Hist: 1.0369 Path: 0.4535 | 0.9s
  Epoch 559/800 | Total: 3.607 Edge: 0.398 Con: 0.183 Cls: 1.567 Hist: 1.0171 Path: 0.4427 | 0.9s
  Epoch 560/800 | Total: 3.621 Edge: 0.395 Con: 0.182 Cls: 1.565 Hist: 1.0212 Path: 0.4582 | Val F1: 0.3040 | 0.9s
  Epoch 561/800 | Total: 3.667 Edge: 0.394 Con: 0.186 Cls: 1.595 Hist: 1.0477 Path: 0.4439 | 0.9s
  Epoch 562/800 | Total: 3.576 Edge: 0.394 Con: 0.189 Cls: 1.557 Hist: 0.9934 Path: 0.4419 | 0.9s
  Epoch 563/800 | Total: 3.683 Edge: 0.399 Con: 0.185 Cls: 1.606 Hist: 1.0306 Path: 0.4629 | 0.9s
  Epoch 564/800 | Total: 3.582 Edge: 0.389 Con: 0.184 Cls: 1.543 Hist: 1.0249 Path: 0.4409 | 0.9s
  Epoch 565/800 | Total: 3.538 Edge: 0.386 Con: 0.180 Cls: 1.513 Hist: 1.0237 Path: 0.4347 | Val F1: 0.3131 | 0.9s
  Epoch 566/800 | Total: 3.541 Edge: 0.393 Con: 0.182 Cls: 1.515 Hist: 1.0026 Path: 0.4483 | 0.9s
  Epoch 567/800 | Total: 3.447 Edge: 0.381 Con: 0.182 Cls: 1.484 Hist: 0.9632 Path: 0.4369 | 0.9s
  Epoch 568/800 | Total: 3.404 Edge: 0.378 Con: 0.178 Cls: 1.459 Hist: 0.9550 Path: 0.4346 | 0.9s
  Epoch 569/800 | Total: 3.393 Edge: 0.374 Con: 0.175 Cls: 1.459 Hist: 0.9488 Path: 0.4363 | 0.9s
  Epoch 570/800 | Total: 3.530 Edge: 0.389 Con: 0.178 Cls: 1.513 Hist: 0.9986 Path: 0.4515 | Val F1: 0.3145 | 0.9s
  Epoch 571/800 | Total: 3.572 Edge: 0.391 Con: 0.180 Cls: 1.539 Hist: 1.0207 Path: 0.4414 | 0.9s
  Epoch 572/800 | Total: 3.797 Edge: 0.417 Con: 0.189 Cls: 1.637 Hist: 1.0898 Path: 0.4645 | 0.9s
  Epoch 573/800 | Total: 3.739 Edge: 0.418 Con: 0.206 Cls: 1.576 Hist: 1.0774 Path: 0.4613 | 0.9s
  Epoch 574/800 | Total: 3.607 Edge: 0.399 Con: 0.186 Cls: 1.552 Hist: 1.0170 Path: 0.4537 | 0.9s
  Epoch 575/800 | Total: 3.614 Edge: 0.388 Con: 0.182 Cls: 1.569 Hist: 1.0293 Path: 0.4454 | Val F1: 0.3053 | 0.9s
  Early stopping at epoch 575
  Best Val F1: 0.3628 | Test F1: 0.3657
  Total training time: 592.6s (9.9 min)

======================================================================
  Val  Macro-F1: 0.3628
  Test Macro-F1: 0.3657
  Test Accuracy: 0.6071
  Time: 594.4s
======================================================================

  Results saved to: results/NESS_ogbn-arxiv_MCAR_0.8_20260723_185705
