/home/erfan/MATE/venv/lib/python3.13/site-packages/outdated/__init__.py:36: UserWarning: pkg_resources is deprecated as an API. See https://setuptools.pypa.io/en/latest/pkg_resources.html. The pkg_resources package is slated for removal as early as 2025-11-30. Refrain from using this package or pin to Setuptools<81.
  from pkg_resources import parse_version
/home/erfan/MATE/ogbn_benchmarks/data_loader.py:96: UserWarning: Sparse invariant checks are implicitly disabled. Memory errors (e.g. SEGFAULT) will occur when operating on a sparse tensor which violates the invariants, but checks incur performance overhead. To silence this warning, explicitly opt in or out. See `torch.sparse.check_sparse_tensor_invariants.__doc__` for guidance.  (Triggered internally at /pytorch/aten/src/ATen/Context.cpp:760.)
  adj = torch.sparse_coo_tensor(edge_index, vals, (num_nodes, num_nodes)).coalesce()
======================================================================
  NESS | ogbn-arxiv | MCAR @ 80% | lr=0.001
======================================================================
[1/3] Loading ogbn-arxiv...
  169,343 nodes | 128 dims | 40 classes
[2/3] Simulating MCAR missingness...
Simulating MCAR missingness at 80% rate...
  MCAR: Uniform random selection
  Observable: 33,869 (20.0%)
  Masked: 135,474 (80.0%)
  Observable: 33,869 | Val: 67,737 | Test: 67,737
[3/3] Running NESS...
  Prefilling missing nodes via Feature Propagation (40 iters)...
  Computing neighbor label-histogram target (2-hop, observable labels)...
  Partitioning graph into 20 clusters (cache_device=gpu)...
  Cached 20 clusters
  Training NESS for up to 800 epochs (patience=20)...
  Epoch 1/800 | Total: 6.508 Edge: 0.672 Con: 0.625 Cls: 3.535 Hist: 2.7528 Path: 0.6901 | 10.5s
  Epoch 2/800 | Total: 5.603 Edge: 0.617 Con: 0.438 Cls: 3.115 Hist: 2.3165 Path: 0.6744 | 1.1s
  Epoch 3/800 | Total: 5.316 Edge: 0.603 Con: 0.371 Cls: 3.007 Hist: 2.1690 Path: 0.6701 | 1.1s
  Epoch 4/800 | Total: 5.105 Edge: 0.588 Con: 0.330 Cls: 2.921 Hist: 2.0603 Path: 0.6665 | 1.1s
  Epoch 5/800 | Total: 4.859 Edge: 0.580 Con: 0.304 Cls: 2.807 Hist: 1.9087 Path: 0.6622 | Val F1: 0.0245 | 1.1s
  Epoch 6/800 | Total: 4.637 Edge: 0.578 Con: 0.278 Cls: 2.651 Hist: 1.7951 Path: 0.6594 | 1.1s
  Epoch 7/800 | Total: 4.424 Edge: 0.576 Con: 0.259 Cls: 2.500 Hist: 1.6857 Path: 0.6530 | 0.9s
  Epoch 8/800 | Total: 4.209 Edge: 0.549 Con: 0.246 Cls: 2.392 Hist: 1.5848 Path: 0.6333 | 1.0s
  Epoch 9/800 | Total: 4.085 Edge: 0.531 Con: 0.234 Cls: 2.316 Hist: 1.5404 Path: 0.6215 | 1.1s
  Epoch 10/800 | Total: 3.975 Edge: 0.515 Con: 0.229 Cls: 2.260 Hist: 1.4891 Path: 0.6111 | Val F1: 0.0961 | 1.1s
  Epoch 11/800 | Total: 3.891 Edge: 0.519 Con: 0.226 Cls: 2.170 Hist: 1.4470 Path: 0.6146 | 1.1s
  Epoch 12/800 | Total: 3.785 Edge: 0.505 Con: 0.219 Cls: 2.121 Hist: 1.3979 Path: 0.6030 | 0.9s
  Epoch 13/800 | Total: 3.718 Edge: 0.495 Con: 0.215 Cls: 2.083 Hist: 1.3773 Path: 0.5889 | 1.2s
  Epoch 14/800 | Total: 3.698 Edge: 0.498 Con: 0.211 Cls: 2.069 Hist: 1.3627 Path: 0.5919 | 1.2s
  Epoch 15/800 | Total: 3.648 Edge: 0.487 Con: 0.211 Cls: 2.025 Hist: 1.3476 Path: 0.5898 | Val F1: 0.1443 | 1.1s
  Epoch 16/800 | Total: 3.576 Edge: 0.485 Con: 0.209 Cls: 1.979 Hist: 1.3026 Path: 0.5892 | 1.1s
  Epoch 17/800 | Total: 3.562 Edge: 0.485 Con: 0.209 Cls: 1.978 Hist: 1.3010 Path: 0.5780 | 0.9s
  Epoch 18/800 | Total: 3.506 Edge: 0.481 Con: 0.207 Cls: 1.948 Hist: 1.2737 Path: 0.5708 | 1.1s
  Epoch 19/800 | Total: 3.434 Edge: 0.473 Con: 0.206 Cls: 1.901 Hist: 1.2361 Path: 0.5679 | 1.1s
  Epoch 20/800 | Total: 3.398 Edge: 0.470 Con: 0.205 Cls: 1.871 Hist: 1.2269 Path: 0.5614 | Val F1: 0.1523 | 1.1s
  Epoch 21/800 | Total: 3.383 Edge: 0.456 Con: 0.202 Cls: 1.890 Hist: 1.2321 Path: 0.5472 | 1.0s
  Epoch 22/800 | Total: 3.289 Edge: 0.462 Con: 0.200 Cls: 1.812 Hist: 1.1774 Path: 0.5437 | 1.0s
  Epoch 23/800 | Total: 3.291 Edge: 0.452 Con: 0.199 Cls: 1.828 Hist: 1.1890 Path: 0.5370 | 0.9s
  Epoch 24/800 | Total: 3.252 Edge: 0.455 Con: 0.199 Cls: 1.794 Hist: 1.1630 Path: 0.5378 | 1.1s
  Epoch 25/800 | Total: 3.241 Edge: 0.451 Con: 0.197 Cls: 1.785 Hist: 1.1621 Path: 0.5386 | Val F1: 0.1997 | 0.9s
  Epoch 26/800 | Total: 3.230 Edge: 0.447 Con: 0.196 Cls: 1.789 Hist: 1.1535 Path: 0.5386 | 1.0s
  Epoch 27/800 | Total: 3.216 Edge: 0.443 Con: 0.195 Cls: 1.774 Hist: 1.1521 Path: 0.5396 | 1.0s
  Epoch 28/800 | Total: 3.194 Edge: 0.446 Con: 0.193 Cls: 1.750 Hist: 1.1324 Path: 0.5479 | 1.2s
  Epoch 29/800 | Total: 3.176 Edge: 0.444 Con: 0.191 Cls: 1.762 Hist: 1.1320 Path: 0.5280 | 1.1s
  Epoch 30/800 | Total: 3.167 Edge: 0.439 Con: 0.192 Cls: 1.753 Hist: 1.1419 Path: 0.5178 | Val F1: 0.2206 | 1.1s
  Epoch 31/800 | Total: 3.099 Edge: 0.426 Con: 0.191 Cls: 1.725 Hist: 1.1083 Path: 0.5105 | 1.2s
  Epoch 32/800 | Total: 3.080 Edge: 0.425 Con: 0.190 Cls: 1.686 Hist: 1.0995 Path: 0.5226 | 1.1s
  Epoch 33/800 | Total: 3.077 Edge: 0.429 Con: 0.191 Cls: 1.680 Hist: 1.0923 Path: 0.5246 | 1.2s
  Epoch 34/800 | Total: 3.045 Edge: 0.434 Con: 0.190 Cls: 1.670 Hist: 1.0767 Path: 0.5098 | 1.1s
  Epoch 35/800 | Total: 3.078 Edge: 0.438 Con: 0.188 Cls: 1.688 Hist: 1.0992 Path: 0.5088 | Val F1: 0.2292 | 1.2s
  Epoch 36/800 | Total: 3.025 Edge: 0.426 Con: 0.189 Cls: 1.665 Hist: 1.0813 Path: 0.4960 | 1.1s
  Epoch 37/800 | Total: 2.987 Edge: 0.418 Con: 0.189 Cls: 1.641 Hist: 1.0658 Path: 0.4930 | 1.3s
  Epoch 38/800 | Total: 2.986 Edge: 0.429 Con: 0.187 Cls: 1.630 Hist: 1.0548 Path: 0.4999 | 1.1s
  Epoch 39/800 | Total: 3.054 Edge: 0.445 Con: 0.187 Cls: 1.654 Hist: 1.0754 Path: 0.5195 | 1.2s
  Epoch 40/800 | Total: 3.043 Edge: 0.434 Con: 0.186 Cls: 1.663 Hist: 1.0767 Path: 0.5147 | Val F1: 0.2332 | 1.2s
  Epoch 41/800 | Total: 3.025 Edge: 0.441 Con: 0.185 Cls: 1.653 Hist: 1.0648 Path: 0.5068 | 1.2s
  Epoch 42/800 | Total: 3.004 Edge: 0.427 Con: 0.186 Cls: 1.632 Hist: 1.0512 Path: 0.5229 | 1.1s
  Epoch 43/800 | Total: 2.957 Edge: 0.416 Con: 0.187 Cls: 1.614 Hist: 1.0414 Path: 0.5061 | 1.2s
  Epoch 44/800 | Total: 2.968 Edge: 0.410 Con: 0.183 Cls: 1.646 Hist: 1.0608 Path: 0.4907 | 1.8s
  Epoch 45/800 | Total: 2.903 Edge: 0.409 Con: 0.184 Cls: 1.600 Hist: 1.0294 Path: 0.4811 | Val F1: 0.2473 | 1.8s
  Epoch 46/800 | Total: 2.897 Edge: 0.409 Con: 0.184 Cls: 1.594 Hist: 1.0246 Path: 0.4826 | 1.2s
  Epoch 47/800 | Total: 2.886 Edge: 0.409 Con: 0.183 Cls: 1.583 Hist: 1.0209 Path: 0.4815 | 1.0s
  Epoch 48/800 | Total: 2.877 Edge: 0.402 Con: 0.183 Cls: 1.590 Hist: 1.0230 Path: 0.4750 | 1.1s
  Epoch 49/800 | Total: 2.902 Edge: 0.402 Con: 0.179 Cls: 1.618 Hist: 1.0399 Path: 0.4724 | 1.0s
  Epoch 50/800 | Total: 2.910 Edge: 0.420 Con: 0.181 Cls: 1.587 Hist: 1.0154 Path: 0.5001 | Val F1: 0.2611 | 1.2s
  Epoch 51/800 | Total: 2.904 Edge: 0.403 Con: 0.182 Cls: 1.602 Hist: 1.0360 Path: 0.4811 | 1.3s
  Epoch 52/800 | Total: 2.850 Edge: 0.400 Con: 0.183 Cls: 1.566 Hist: 1.0083 Path: 0.4755 | 1.1s
  Epoch 53/800 | Total: 2.831 Edge: 0.398 Con: 0.183 Cls: 1.561 Hist: 1.0018 Path: 0.4688 | 1.2s
  Epoch 54/800 | Total: 2.833 Edge: 0.396 Con: 0.180 Cls: 1.560 Hist: 1.0071 Path: 0.4707 | 1.1s
  Epoch 55/800 | Total: 2.810 Edge: 0.395 Con: 0.181 Cls: 1.539 Hist: 0.9942 Path: 0.4699 | Val F1: 0.2590 | 0.9s
  Epoch 56/800 | Total: 2.813 Edge: 0.391 Con: 0.178 Cls: 1.553 Hist: 1.0058 Path: 0.4612 | 1.1s
  Epoch 57/800 | Total: 2.788 Edge: 0.394 Con: 0.181 Cls: 1.532 Hist: 0.9856 Path: 0.4617 | 0.9s
  Epoch 58/800 | Total: 2.780 Edge: 0.387 Con: 0.178 Cls: 1.540 Hist: 0.9880 Path: 0.4565 | 0.9s
  Epoch 59/800 | Total: 2.810 Edge: 0.386 Con: 0.177 Cls: 1.561 Hist: 1.0077 Path: 0.4578 | 0.9s
  Epoch 60/800 | Total: 2.770 Edge: 0.387 Con: 0.179 Cls: 1.523 Hist: 0.9819 Path: 0.4600 | Val F1: 0.2735 | 1.1s
  Epoch 61/800 | Total: 2.788 Edge: 0.391 Con: 0.176 Cls: 1.536 Hist: 0.9853 Path: 0.4674 | 0.9s
  Epoch 62/800 | Total: 2.846 Edge: 0.404 Con: 0.178 Cls: 1.560 Hist: 1.0045 Path: 0.4799 | 0.9s
  Epoch 63/800 | Total: 2.791 Edge: 0.394 Con: 0.176 Cls: 1.532 Hist: 0.9861 Path: 0.4689 | 1.1s
  Epoch 64/800 | Total: 2.791 Edge: 0.392 Con: 0.177 Cls: 1.545 Hist: 0.9884 Path: 0.4616 | 0.9s
  Epoch 65/800 | Total: 2.769 Edge: 0.387 Con: 0.176 Cls: 1.531 Hist: 0.9845 Path: 0.4565 | Val F1: 0.2813 | 1.1s
  Epoch 66/800 | Total: 2.765 Edge: 0.382 Con: 0.177 Cls: 1.536 Hist: 0.9895 Path: 0.4487 | 0.9s
  Epoch 67/800 | Total: 2.749 Edge: 0.381 Con: 0.177 Cls: 1.526 Hist: 0.9797 Path: 0.4473 | 0.9s
  Epoch 68/800 | Total: 2.740 Edge: 0.383 Con: 0.177 Cls: 1.516 Hist: 0.9760 Path: 0.4455 | 1.1s
  Epoch 69/800 | Total: 2.760 Edge: 0.386 Con: 0.176 Cls: 1.529 Hist: 0.9838 Path: 0.4488 | 0.9s
  Epoch 70/800 | Total: 2.741 Edge: 0.386 Con: 0.175 Cls: 1.516 Hist: 0.9726 Path: 0.4484 | Val F1: 0.2807 | 0.9s
  Epoch 71/800 | Total: 2.750 Edge: 0.377 Con: 0.174 Cls: 1.526 Hist: 0.9872 Path: 0.4480 | 1.0s
  Epoch 72/800 | Total: 2.743 Edge: 0.379 Con: 0.177 Cls: 1.513 Hist: 0.9702 Path: 0.4599 | 0.9s
  Epoch 73/800 | Total: 2.711 Edge: 0.376 Con: 0.173 Cls: 1.494 Hist: 0.9622 Path: 0.4531 | 0.9s
  Epoch 74/800 | Total: 2.719 Edge: 0.377 Con: 0.174 Cls: 1.511 Hist: 0.9682 Path: 0.4449 | 0.9s
  Epoch 75/800 | Total: 2.726 Edge: 0.376 Con: 0.174 Cls: 1.524 Hist: 0.9720 Path: 0.4431 | Val F1: 0.2931 | 1.1s
  Epoch 76/800 | Total: 2.715 Edge: 0.376 Con: 0.175 Cls: 1.507 Hist: 0.9664 Path: 0.4448 | 1.1s
  Epoch 77/800 | Total: 2.754 Edge: 0.384 Con: 0.176 Cls: 1.518 Hist: 0.9627 Path: 0.4722 | 0.9s
  Epoch 78/800 | Total: 2.792 Edge: 0.391 Con: 0.174 Cls: 1.544 Hist: 0.9946 Path: 0.4608 | 0.9s
  Epoch 79/800 | Total: 2.720 Edge: 0.378 Con: 0.173 Cls: 1.507 Hist: 0.9739 Path: 0.4417 | 1.1s
  Epoch 80/800 | Total: 2.681 Edge: 0.372 Con: 0.171 Cls: 1.492 Hist: 0.9576 Path: 0.4340 | Val F1: 0.2895 | 0.9s
  Epoch 81/800 | Total: 2.699 Edge: 0.374 Con: 0.173 Cls: 1.503 Hist: 0.9603 Path: 0.4403 | 1.1s
  Epoch 82/800 | Total: 2.669 Edge: 0.373 Con: 0.173 Cls: 1.476 Hist: 0.9472 Path: 0.4385 | 0.9s
  Epoch 83/800 | Total: 2.669 Edge: 0.373 Con: 0.174 Cls: 1.475 Hist: 0.9487 Path: 0.4364 | 1.1s
  Epoch 84/800 | Total: 2.659 Edge: 0.370 Con: 0.173 Cls: 1.471 Hist: 0.9463 Path: 0.4343 | 0.9s
  Epoch 85/800 | Total: 2.665 Edge: 0.373 Con: 0.174 Cls: 1.470 Hist: 0.9437 Path: 0.4387 | Val F1: 0.2925 | 0.9s
  Epoch 86/800 | Total: 2.668 Edge: 0.375 Con: 0.173 Cls: 1.484 Hist: 0.9440 Path: 0.4344 | 0.9s
  Epoch 87/800 | Total: 2.689 Edge: 0.378 Con: 0.171 Cls: 1.495 Hist: 0.9647 Path: 0.4285 | 1.1s
  Epoch 88/800 | Total: 2.669 Edge: 0.380 Con: 0.174 Cls: 1.477 Hist: 0.9431 Path: 0.4323 | 0.9s
  Epoch 89/800 | Total: 2.671 Edge: 0.376 Con: 0.171 Cls: 1.476 Hist: 0.9500 Path: 0.4356 | 1.1s
  Epoch 90/800 | Total: 2.671 Edge: 0.371 Con: 0.171 Cls: 1.484 Hist: 0.9493 Path: 0.4373 | Val F1: 0.3090 | 0.9s
  Epoch 91/800 | Total: 2.661 Edge: 0.370 Con: 0.171 Cls: 1.479 Hist: 0.9467 Path: 0.4335 | 1.2s
  Epoch 92/800 | Total: 2.653 Edge: 0.373 Con: 0.171 Cls: 1.471 Hist: 0.9460 Path: 0.4278 | 1.0s
  Epoch 93/800 | Total: 2.662 Edge: 0.371 Con: 0.173 Cls: 1.478 Hist: 0.9492 Path: 0.4295 | 1.1s
  Epoch 94/800 | Total: 2.632 Edge: 0.365 Con: 0.170 Cls: 1.465 Hist: 0.9358 Path: 0.4283 | 1.1s
  Epoch 95/800 | Total: 2.656 Edge: 0.365 Con: 0.172 Cls: 1.477 Hist: 0.9543 Path: 0.4270 | Val F1: 0.3183 | 1.1s
  Epoch 96/800 | Total: 2.633 Edge: 0.362 Con: 0.170 Cls: 1.467 Hist: 0.9442 Path: 0.4228 | 1.0s
  Epoch 97/800 | Total: 2.638 Edge: 0.368 Con: 0.170 Cls: 1.460 Hist: 0.9335 Path: 0.4362 | 1.0s
  Epoch 98/800 | Total: 2.665 Edge: 0.370 Con: 0.170 Cls: 1.480 Hist: 0.9518 Path: 0.4334 | 0.9s
  Epoch 99/800 | Total: 2.657 Edge: 0.365 Con: 0.170 Cls: 1.488 Hist: 0.9530 Path: 0.4247 | 1.0s
  Epoch 100/800 | Total: 2.647 Edge: 0.368 Con: 0.170 Cls: 1.473 Hist: 0.9428 Path: 0.4293 | Val F1: 0.3049 | 1.1s
  Epoch 101/800 | Total: 2.678 Edge: 0.368 Con: 0.169 Cls: 1.490 Hist: 0.9568 Path: 0.4388 | 0.9s
  Epoch 102/800 | Total: 2.639 Edge: 0.364 Con: 0.169 Cls: 1.471 Hist: 0.9407 Path: 0.4296 | 0.9s
  Epoch 103/800 | Total: 2.632 Edge: 0.368 Con: 0.171 Cls: 1.460 Hist: 0.9335 Path: 0.4285 | 1.0s
  Epoch 104/800 | Total: 2.660 Edge: 0.369 Con: 0.171 Cls: 1.478 Hist: 0.9451 Path: 0.4348 | 1.0s
  Epoch 105/800 | Total: 2.686 Edge: 0.369 Con: 0.170 Cls: 1.490 Hist: 0.9601 Path: 0.4411 | Val F1: 0.3196 | 0.9s
  Epoch 106/800 | Total: 2.682 Edge: 0.373 Con: 0.170 Cls: 1.499 Hist: 0.9549 Path: 0.4358 | 1.0s
  Epoch 107/800 | Total: 2.609 Edge: 0.364 Con: 0.170 Cls: 1.454 Hist: 0.9282 Path: 0.4194 | 1.1s
  Epoch 108/800 | Total: 2.604 Edge: 0.363 Con: 0.169 Cls: 1.453 Hist: 0.9276 Path: 0.4177 | 1.0s
  Epoch 109/800 | Total: 2.616 Edge: 0.359 Con: 0.170 Cls: 1.463 Hist: 0.9408 Path: 0.4157 | 1.2s
  Epoch 110/800 | Total: 2.595 Edge: 0.358 Con: 0.168 Cls: 1.458 Hist: 0.9256 Path: 0.4150 | Val F1: 0.3044 | 1.1s
  Epoch 111/800 | Total: 2.607 Edge: 0.360 Con: 0.169 Cls: 1.456 Hist: 0.9338 Path: 0.4164 | 0.9s
  Epoch 112/800 | Total: 2.589 Edge: 0.362 Con: 0.170 Cls: 1.440 Hist: 0.9199 Path: 0.4165 | 1.1s
  Epoch 113/800 | Total: 2.593 Edge: 0.360 Con: 0.170 Cls: 1.441 Hist: 0.9257 Path: 0.4168 | 1.1s
  Epoch 114/800 | Total: 2.598 Edge: 0.358 Con: 0.168 Cls: 1.443 Hist: 0.9263 Path: 0.4242 | 1.0s
  Epoch 115/800 | Total: 2.618 Edge: 0.366 Con: 0.169 Cls: 1.440 Hist: 0.9239 Path: 0.4395 | Val F1: 0.3220 | 1.0s
  Epoch 116/800 | Total: 2.600 Edge: 0.360 Con: 0.168 Cls: 1.451 Hist: 0.9292 Path: 0.4176 | 0.9s
  Epoch 117/800 | Total: 2.624 Edge: 0.361 Con: 0.168 Cls: 1.474 Hist: 0.9388 Path: 0.4189 | 0.9s
  Epoch 118/800 | Total: 2.568 Edge: 0.355 Con: 0.167 Cls: 1.430 Hist: 0.9185 Path: 0.4128 | 1.0s
  Epoch 119/800 | Total: 2.583 Edge: 0.353 Con: 0.168 Cls: 1.435 Hist: 0.9265 Path: 0.4181 | 1.0s
  Epoch 120/800 | Total: 2.578 Edge: 0.353 Con: 0.166 Cls: 1.444 Hist: 0.9219 Path: 0.4159 | Val F1: 0.3210 | 0.9s
  Epoch 121/800 | Total: 2.566 Edge: 0.356 Con: 0.168 Cls: 1.434 Hist: 0.9172 Path: 0.4077 | 1.1s
  Epoch 122/800 | Total: 2.541 Edge: 0.353 Con: 0.167 Cls: 1.416 Hist: 0.9089 Path: 0.4040 | 1.1s
  Epoch 123/800 | Total: 2.565 Edge: 0.355 Con: 0.166 Cls: 1.432 Hist: 0.9180 Path: 0.4105 | 1.0s
  Epoch 124/800 | Total: 2.633 Edge: 0.367 Con: 0.168 Cls: 1.465 Hist: 0.9401 Path: 0.4255 | 0.9s
  Epoch 125/800 | Total: 2.653 Edge: 0.362 Con: 0.169 Cls: 1.488 Hist: 0.9512 Path: 0.4270 | Val F1: 0.3191 | 1.2s
  Epoch 126/800 | Total: 2.611 Edge: 0.366 Con: 0.167 Cls: 1.442 Hist: 0.9228 Path: 0.4340 | 0.9s
  Epoch 127/800 | Total: 2.600 Edge: 0.361 Con: 0.168 Cls: 1.437 Hist: 0.9216 Path: 0.4311 | 1.2s
  Epoch 128/800 | Total: 2.557 Edge: 0.360 Con: 0.169 Cls: 1.411 Hist: 0.9029 Path: 0.4199 | 1.0s
  Epoch 129/800 | Total: 2.551 Edge: 0.352 Con: 0.166 Cls: 1.422 Hist: 0.9130 Path: 0.4089 | 1.1s
  Epoch 130/800 | Total: 2.570 Edge: 0.354 Con: 0.168 Cls: 1.431 Hist: 0.9196 Path: 0.4119 | Val F1: 0.3383 | 1.0s
  Epoch 131/800 | Total: 2.596 Edge: 0.356 Con: 0.167 Cls: 1.451 Hist: 0.9280 Path: 0.4187 | 1.1s
  Epoch 132/800 | Total: 2.594 Edge: 0.354 Con: 0.168 Cls: 1.444 Hist: 0.9279 Path: 0.4213 | 0.9s
  Epoch 133/800 | Total: 2.560 Edge: 0.355 Con: 0.167 Cls: 1.424 Hist: 0.9118 Path: 0.4149 | 1.2s
  Epoch 134/800 | Total: 2.570 Edge: 0.353 Con: 0.167 Cls: 1.434 Hist: 0.9214 Path: 0.4119 | 1.2s
  Epoch 135/800 | Total: 2.596 Edge: 0.353 Con: 0.166 Cls: 1.466 Hist: 0.9352 Path: 0.4091 | Val F1: 0.3157 | 1.1s
  Epoch 136/800 | Total: 2.589 Edge: 0.356 Con: 0.167 Cls: 1.461 Hist: 0.9194 Path: 0.4163 | 1.0s
  Epoch 137/800 | Total: 2.578 Edge: 0.350 Con: 0.165 Cls: 1.448 Hist: 0.9318 Path: 0.4076 | 0.9s
  Epoch 138/800 | Total: 2.567 Edge: 0.353 Con: 0.165 Cls: 1.438 Hist: 0.9191 Path: 0.4101 | 1.0s
  Epoch 139/800 | Total: 2.544 Edge: 0.352 Con: 0.166 Cls: 1.422 Hist: 0.9087 Path: 0.4068 | 1.1s
  Epoch 140/800 | Total: 2.555 Edge: 0.355 Con: 0.165 Cls: 1.422 Hist: 0.9119 Path: 0.4115 | Val F1: 0.3349 | 1.1s
  Epoch 141/800 | Total: 2.562 Edge: 0.350 Con: 0.164 Cls: 1.433 Hist: 0.9201 Path: 0.4119 | 0.9s
  Epoch 142/800 | Total: 2.589 Edge: 0.351 Con: 0.166 Cls: 1.459 Hist: 0.9311 Path: 0.4119 | 0.9s
  Epoch 143/800 | Total: 2.545 Edge: 0.351 Con: 0.166 Cls: 1.415 Hist: 0.9097 Path: 0.4116 | 0.9s
  Epoch 144/800 | Total: 2.528 Edge: 0.349 Con: 0.165 Cls: 1.411 Hist: 0.9024 Path: 0.4069 | 1.2s
  Epoch 145/800 | Total: 2.518 Edge: 0.353 Con: 0.165 Cls: 1.399 Hist: 0.8963 Path: 0.4055 | Val F1: 0.3286 | 1.2s
  Epoch 146/800 | Total: 2.564 Edge: 0.353 Con: 0.166 Cls: 1.431 Hist: 0.9233 Path: 0.4058 | 1.0s
  Epoch 147/800 | Total: 2.582 Edge: 0.354 Con: 0.165 Cls: 1.440 Hist: 0.9273 Path: 0.4164 | 1.1s
  Epoch 148/800 | Total: 2.584 Edge: 0.357 Con: 0.166 Cls: 1.441 Hist: 0.9232 Path: 0.4176 | 1.0s
  Epoch 149/800 | Total: 2.537 Edge: 0.357 Con: 0.166 Cls: 1.413 Hist: 0.8962 Path: 0.4112 | 0.9s
  Epoch 150/800 | Total: 2.588 Edge: 0.364 Con: 0.166 Cls: 1.438 Hist: 0.9211 Path: 0.4172 | Val F1: 0.3098 | 1.0s
  Epoch 151/800 | Total: 2.567 Edge: 0.352 Con: 0.166 Cls: 1.436 Hist: 0.9237 Path: 0.4071 | 1.1s
  Epoch 152/800 | Total: 2.538 Edge: 0.347 Con: 0.165 Cls: 1.425 Hist: 0.9094 Path: 0.4038 | 1.1s
  Epoch 153/800 | Total: 2.561 Edge: 0.348 Con: 0.165 Cls: 1.439 Hist: 0.9236 Path: 0.4050 | 1.2s
  Epoch 154/800 | Total: 2.545 Edge: 0.346 Con: 0.164 Cls: 1.435 Hist: 0.9156 Path: 0.4019 | 1.0s
  Epoch 155/800 | Total: 2.535 Edge: 0.344 Con: 0.164 Cls: 1.429 Hist: 0.9148 Path: 0.3982 | Val F1: 0.3217 | 1.2s
  Epoch 156/800 | Total: 2.525 Edge: 0.352 Con: 0.165 Cls: 1.414 Hist: 0.9024 Path: 0.3983 | 1.0s
  Epoch 157/800 | Total: 2.534 Edge: 0.369 Con: 0.165 Cls: 1.396 Hist: 0.8935 Path: 0.4090 | 1.0s
  Epoch 158/800 | Total: 2.565 Edge: 0.356 Con: 0.164 Cls: 1.429 Hist: 0.9192 Path: 0.4117 | 1.4s
  Epoch 159/800 | Total: 2.541 Edge: 0.350 Con: 0.164 Cls: 1.421 Hist: 0.9138 Path: 0.4025 | 1.0s
  Epoch 160/800 | Total: 2.582 Edge: 0.348 Con: 0.164 Cls: 1.460 Hist: 0.9340 Path: 0.4059 | Val F1: 0.2990 | 1.0s
  Epoch 161/800 | Total: 2.610 Edge: 0.350 Con: 0.164 Cls: 1.482 Hist: 0.9456 Path: 0.4093 | 1.0s
  Epoch 162/800 | Total: 2.559 Edge: 0.347 Con: 0.163 Cls: 1.438 Hist: 0.9237 Path: 0.4064 | 0.9s
  Epoch 163/800 | Total: 2.541 Edge: 0.351 Con: 0.165 Cls: 1.409 Hist: 0.9024 Path: 0.4174 | 1.0s
  Epoch 164/800 | Total: 2.530 Edge: 0.347 Con: 0.164 Cls: 1.416 Hist: 0.9068 Path: 0.4038 | 1.4s
  Epoch 165/800 | Total: 2.540 Edge: 0.344 Con: 0.165 Cls: 1.429 Hist: 0.9131 Path: 0.4026 | Val F1: 0.3434 | 1.0s
  Epoch 166/800 | Total: 2.539 Edge: 0.345 Con: 0.164 Cls: 1.428 Hist: 0.9150 Path: 0.4011 | 1.0s
  Epoch 167/800 | Total: 2.570 Edge: 0.345 Con: 0.164 Cls: 1.468 Hist: 0.9272 Path: 0.3993 | 0.9s
  Epoch 168/800 | Total: 2.658 Edge: 0.353 Con: 0.166 Cls: 1.513 Hist: 0.9733 Path: 0.4089 | 1.0s
  Epoch 169/800 | Total: 2.571 Edge: 0.361 Con: 0.164 Cls: 1.432 Hist: 0.9200 Path: 0.4098 | 1.3s
  Epoch 170/800 | Total: 2.559 Edge: 0.347 Con: 0.163 Cls: 1.445 Hist: 0.9250 Path: 0.4019 | Val F1: 0.3354 | 1.0s
  Epoch 171/800 | Total: 2.520 Edge: 0.347 Con: 0.163 Cls: 1.409 Hist: 0.9028 Path: 0.4025 | 1.1s
  Epoch 172/800 | Total: 2.521 Edge: 0.344 Con: 0.163 Cls: 1.420 Hist: 0.9056 Path: 0.3980 | 1.0s
  Epoch 173/800 | Total: 2.546 Edge: 0.344 Con: 0.165 Cls: 1.431 Hist: 0.9218 Path: 0.3994 | 1.1s
  Epoch 174/800 | Total: 2.496 Edge: 0.346 Con: 0.163 Cls: 1.390 Hist: 0.8903 Path: 0.4016 | 1.1s
  Epoch 175/800 | Total: 2.501 Edge: 0.347 Con: 0.164 Cls: 1.388 Hist: 0.8920 Path: 0.4034 | Val F1: 0.3503 | 1.2s
  Epoch 176/800 | Total: 2.503 Edge: 0.348 Con: 0.164 Cls: 1.395 Hist: 0.8891 Path: 0.4031 | 1.1s
  Epoch 177/800 | Total: 2.507 Edge: 0.347 Con: 0.165 Cls: 1.402 Hist: 0.8969 Path: 0.3965 | 1.1s
  Epoch 178/800 | Total: 2.499 Edge: 0.347 Con: 0.163 Cls: 1.399 Hist: 0.8913 Path: 0.3987 | 1.2s
  Epoch 179/800 | Total: 2.492 Edge: 0.345 Con: 0.162 Cls: 1.399 Hist: 0.8896 Path: 0.3955 | 1.1s
  Epoch 180/800 | Total: 2.479 Edge: 0.340 Con: 0.163 Cls: 1.391 Hist: 0.8891 Path: 0.3916 | Val F1: 0.3535 | 1.0s
  Epoch 181/800 | Total: 2.489 Edge: 0.344 Con: 0.165 Cls: 1.393 Hist: 0.8897 Path: 0.3941 | 1.1s
  Epoch 182/800 | Total: 2.513 Edge: 0.343 Con: 0.163 Cls: 1.414 Hist: 0.9035 Path: 0.3973 | 1.3s
  Epoch 183/800 | Total: 2.525 Edge: 0.343 Con: 0.165 Cls: 1.420 Hist: 0.9078 Path: 0.3989 | 1.0s
  Epoch 184/800 | Total: 2.517 Edge: 0.344 Con: 0.163 Cls: 1.411 Hist: 0.9004 Path: 0.4043 | 1.0s
  Epoch 185/800 | Total: 2.498 Edge: 0.347 Con: 0.164 Cls: 1.390 Hist: 0.8904 Path: 0.4024 | Val F1: 0.3573 | 1.0s
  Epoch 186/800 | Total: 2.500 Edge: 0.346 Con: 0.163 Cls: 1.394 Hist: 0.8912 Path: 0.4026 | 0.9s
  Epoch 187/800 | Total: 2.490 Edge: 0.342 Con: 0.163 Cls: 1.399 Hist: 0.8918 Path: 0.3940 | 1.0s
  Epoch 188/800 | Total: 2.486 Edge: 0.344 Con: 0.162 Cls: 1.389 Hist: 0.8880 Path: 0.3967 | 1.2s
  Epoch 189/800 | Total: 2.483 Edge: 0.341 Con: 0.163 Cls: 1.395 Hist: 0.8889 Path: 0.3920 | 1.0s
  Epoch 190/800 | Total: 2.479 Edge: 0.340 Con: 0.162 Cls: 1.397 Hist: 0.8911 Path: 0.3871 | Val F1: 0.3523 | 1.0s
  Epoch 191/800 | Total: 2.483 Edge: 0.342 Con: 0.163 Cls: 1.399 Hist: 0.8836 Path: 0.3942 | 1.0s
  Epoch 192/800 | Total: 2.497 Edge: 0.345 Con: 0.163 Cls: 1.397 Hist: 0.8931 Path: 0.3973 | 1.3s
  Epoch 193/800 | Total: 2.506 Edge: 0.346 Con: 0.162 Cls: 1.407 Hist: 0.8993 Path: 0.3946 | 1.1s
  Epoch 194/800 | Total: 2.521 Edge: 0.347 Con: 0.163 Cls: 1.418 Hist: 0.9024 Path: 0.3995 | 1.2s
  Epoch 195/800 | Total: 2.486 Edge: 0.343 Con: 0.164 Cls: 1.391 Hist: 0.8865 Path: 0.3978 | Val F1: 0.3530 | 1.1s
  Epoch 196/800 | Total: 2.469 Edge: 0.338 Con: 0.162 Cls: 1.384 Hist: 0.8877 Path: 0.3902 | 0.9s
  Epoch 197/800 | Total: 2.461 Edge: 0.337 Con: 0.163 Cls: 1.377 Hist: 0.8814 Path: 0.3906 | 1.0s
  Epoch 198/800 | Total: 2.480 Edge: 0.338 Con: 0.162 Cls: 1.397 Hist: 0.8922 Path: 0.3888 | 0.9s
  Epoch 199/800 | Total: 2.498 Edge: 0.341 Con: 0.164 Cls: 1.405 Hist: 0.8968 Path: 0.3943 | 0.9s
  Epoch 200/800 | Total: 2.509 Edge: 0.346 Con: 0.164 Cls: 1.404 Hist: 0.8941 Path: 0.4036 | Val F1: 0.3475 | 1.0s
  Epoch 201/800 | Total: 2.473 Edge: 0.343 Con: 0.161 Cls: 1.381 Hist: 0.8795 Path: 0.3985 | 1.1s
  Epoch 202/800 | Total: 2.556 Edge: 0.343 Con: 0.163 Cls: 1.436 Hist: 0.9205 Path: 0.4121 | 0.9s
  Epoch 203/800 | Total: 2.558 Edge: 0.352 Con: 0.164 Cls: 1.426 Hist: 0.9113 Path: 0.4170 | 1.0s
  Epoch 204/800 | Total: 2.543 Edge: 0.353 Con: 0.163 Cls: 1.428 Hist: 0.9082 Path: 0.4059 | 1.1s
  Epoch 205/800 | Total: 2.520 Edge: 0.346 Con: 0.162 Cls: 1.417 Hist: 0.8991 Path: 0.4043 | Val F1: 0.3589 | 1.0s
  Epoch 206/800 | Total: 2.518 Edge: 0.345 Con: 0.162 Cls: 1.413 Hist: 0.9024 Path: 0.4023 | 1.0s
  Epoch 207/800 | Total: 2.499 Edge: 0.336 Con: 0.163 Cls: 1.411 Hist: 0.9010 Path: 0.3942 | 1.2s
  Epoch 208/800 | Total: 2.477 Edge: 0.338 Con: 0.163 Cls: 1.393 Hist: 0.8858 Path: 0.3938 | 1.0s
  Epoch 209/800 | Total: 2.475 Edge: 0.336 Con: 0.162 Cls: 1.393 Hist: 0.8891 Path: 0.3914 | 1.0s
  Epoch 210/800 | Total: 2.452 Edge: 0.334 Con: 0.164 Cls: 1.376 Hist: 0.8793 Path: 0.3881 | Val F1: 0.3612 | 1.2s
  Epoch 211/800 | Total: 2.443 Edge: 0.334 Con: 0.162 Cls: 1.373 Hist: 0.8746 Path: 0.3860 | 1.3s
  Epoch 212/800 | Total: 2.478 Edge: 0.338 Con: 0.164 Cls: 1.391 Hist: 0.8897 Path: 0.3910 | 0.9s
  Epoch 213/800 | Total: 2.493 Edge: 0.341 Con: 0.162 Cls: 1.406 Hist: 0.8945 Path: 0.3927 | 0.9s
  Epoch 214/800 | Total: 2.515 Edge: 0.351 Con: 0.163 Cls: 1.409 Hist: 0.8966 Path: 0.3999 | 1.1s
  Epoch 215/800 | Total: 2.513 Edge: 0.348 Con: 0.162 Cls: 1.412 Hist: 0.8960 Path: 0.4010 | Val F1: 0.3696 | 1.1s
  Epoch 216/800 | Total: 2.512 Edge: 0.343 Con: 0.163 Cls: 1.410 Hist: 0.9047 Path: 0.3959 | 1.1s
  Epoch 217/800 | Total: 2.475 Edge: 0.343 Con: 0.162 Cls: 1.395 Hist: 0.8855 Path: 0.3875 | 1.0s
  Epoch 218/800 | Total: 2.479 Edge: 0.342 Con: 0.161 Cls: 1.395 Hist: 0.8910 Path: 0.3872 | 1.0s
  Epoch 219/800 | Total: 2.464 Edge: 0.342 Con: 0.162 Cls: 1.383 Hist: 0.8846 Path: 0.3838 | 1.1s
  Epoch 220/800 | Total: 2.450 Edge: 0.337 Con: 0.162 Cls: 1.377 Hist: 0.8786 Path: 0.3841 | Val F1: 0.3599 | 1.1s
  Epoch 221/800 | Total: 2.452 Edge: 0.334 Con: 0.161 Cls: 1.379 Hist: 0.8808 Path: 0.3871 | 1.0s
  Epoch 222/800 | Total: 2.450 Edge: 0.333 Con: 0.161 Cls: 1.377 Hist: 0.8810 Path: 0.3867 | 1.0s
  Epoch 223/800 | Total: 2.460 Edge: 0.335 Con: 0.162 Cls: 1.379 Hist: 0.8804 Path: 0.3935 | 1.1s
  Epoch 224/800 | Total: 2.464 Edge: 0.338 Con: 0.163 Cls: 1.376 Hist: 0.8752 Path: 0.4002 | 1.1s
  Epoch 225/800 | Total: 2.469 Edge: 0.338 Con: 0.161 Cls: 1.378 Hist: 0.8818 Path: 0.3995 | Val F1: 0.3598 | 1.3s
  Epoch 226/800 | Total: 2.454 Edge: 0.337 Con: 0.162 Cls: 1.374 Hist: 0.8783 Path: 0.3886 | 1.3s
  Epoch 227/800 | Total: 2.472 Edge: 0.337 Con: 0.161 Cls: 1.383 Hist: 0.8912 Path: 0.3912 | 1.2s
  Epoch 228/800 | Total: 2.502 Edge: 0.336 Con: 0.161 Cls: 1.415 Hist: 0.9076 Path: 0.3889 | 1.1s
  Epoch 229/800 | Total: 2.490 Edge: 0.334 Con: 0.161 Cls: 1.404 Hist: 0.9019 Path: 0.3914 | 1.0s
  Epoch 230/800 | Total: 2.498 Edge: 0.338 Con: 0.161 Cls: 1.407 Hist: 0.8926 Path: 0.4027 | Val F1: 0.3523 | 1.1s
  Epoch 231/800 | Total: 2.471 Edge: 0.338 Con: 0.162 Cls: 1.384 Hist: 0.8863 Path: 0.3924 | 1.1s
  Epoch 232/800 | Total: 2.449 Edge: 0.336 Con: 0.161 Cls: 1.384 Hist: 0.8767 Path: 0.3847 | 1.0s
  Epoch 233/800 | Total: 2.454 Edge: 0.335 Con: 0.162 Cls: 1.384 Hist: 0.8831 Path: 0.3818 | 0.9s
  Epoch 234/800 | Total: 2.430 Edge: 0.332 Con: 0.162 Cls: 1.364 Hist: 0.8682 Path: 0.3852 | 1.1s
  Epoch 235/800 | Total: 2.457 Edge: 0.333 Con: 0.163 Cls: 1.383 Hist: 0.8823 Path: 0.3867 | Val F1: 0.3548 | 1.2s
  Epoch 236/800 | Total: 2.469 Edge: 0.333 Con: 0.161 Cls: 1.389 Hist: 0.8907 Path: 0.3898 | 0.9s
  Epoch 237/800 | Total: 2.458 Edge: 0.335 Con: 0.161 Cls: 1.388 Hist: 0.8822 Path: 0.3860 | 1.0s
  Epoch 238/800 | Total: 2.463 Edge: 0.334 Con: 0.162 Cls: 1.389 Hist: 0.8858 Path: 0.3868 | 1.2s
  Epoch 239/800 | Total: 2.460 Edge: 0.336 Con: 0.161 Cls: 1.375 Hist: 0.8829 Path: 0.3930 | 1.0s
  Epoch 240/800 | Total: 2.445 Edge: 0.335 Con: 0.162 Cls: 1.371 Hist: 0.8682 Path: 0.3945 | Val F1: 0.3652 | 1.2s
  Epoch 241/800 | Total: 2.512 Edge: 0.341 Con: 0.163 Cls: 1.409 Hist: 0.9009 Path: 0.4028 | 0.9s
  Epoch 242/800 | Total: 2.513 Edge: 0.341 Con: 0.162 Cls: 1.407 Hist: 0.9007 Path: 0.4054 | 0.9s
  Epoch 243/800 | Total: 2.547 Edge: 0.340 Con: 0.163 Cls: 1.450 Hist: 0.9179 Path: 0.4005 | 0.9s
  Epoch 244/800 | Total: 2.588 Edge: 0.350 Con: 0.162 Cls: 1.469 Hist: 0.9319 Path: 0.4098 | 1.0s
  Epoch 245/800 | Total: 2.523 Edge: 0.342 Con: 0.162 Cls: 1.425 Hist: 0.9112 Path: 0.3952 | Val F1: 0.3466 | 1.1s
  Epoch 246/800 | Total: 2.516 Edge: 0.342 Con: 0.161 Cls: 1.430 Hist: 0.9083 Path: 0.3899 | 1.2s
  Epoch 247/800 | Total: 2.486 Edge: 0.342 Con: 0.162 Cls: 1.399 Hist: 0.8897 Path: 0.3920 | 1.2s
  Epoch 248/800 | Total: 2.452 Edge: 0.337 Con: 0.160 Cls: 1.377 Hist: 0.8786 Path: 0.3882 | 1.2s
  Epoch 249/800 | Total: 2.484 Edge: 0.336 Con: 0.160 Cls: 1.400 Hist: 0.8968 Path: 0.3910 | 1.2s
  Epoch 250/800 | Total: 2.541 Edge: 0.339 Con: 0.163 Cls: 1.444 Hist: 0.9228 Path: 0.3948 | Val F1: 0.3466 | 1.0s
  Epoch 251/800 | Total: 2.480 Edge: 0.338 Con: 0.162 Cls: 1.392 Hist: 0.8893 Path: 0.3942 | 1.0s
  Epoch 252/800 | Total: 2.457 Edge: 0.336 Con: 0.161 Cls: 1.383 Hist: 0.8836 Path: 0.3850 | 1.2s
  Epoch 253/800 | Total: 2.474 Edge: 0.346 Con: 0.162 Cls: 1.385 Hist: 0.8851 Path: 0.3884 | 1.2s
  Epoch 254/800 | Total: 2.472 Edge: 0.342 Con: 0.160 Cls: 1.383 Hist: 0.8847 Path: 0.3934 | 0.9s
  Epoch 255/800 | Total: 2.451 Edge: 0.340 Con: 0.161 Cls: 1.369 Hist: 0.8775 Path: 0.3885 | Val F1: 0.3720 | 1.0s
  Epoch 256/800 | Total: 2.442 Edge: 0.332 Con: 0.161 Cls: 1.370 Hist: 0.8767 Path: 0.3867 | 0.9s
  Epoch 257/800 | Total: 2.444 Edge: 0.333 Con: 0.161 Cls: 1.372 Hist: 0.8770 Path: 0.3864 | 1.0s
  Epoch 258/800 | Total: 2.443 Edge: 0.333 Con: 0.162 Cls: 1.366 Hist: 0.8772 Path: 0.3885 | 1.0s
  Epoch 259/800 | Total: 2.456 Edge: 0.333 Con: 0.160 Cls: 1.377 Hist: 0.8800 Path: 0.3944 | 1.0s
  Epoch 260/800 | Total: 2.467 Edge: 0.331 Con: 0.161 Cls: 1.396 Hist: 0.8893 Path: 0.3874 | Val F1: 0.3697 | 1.1s
  Epoch 261/800 | Total: 2.444 Edge: 0.329 Con: 0.161 Cls: 1.381 Hist: 0.8810 Path: 0.3819 | 1.1s
  Epoch 262/800 | Total: 2.444 Edge: 0.330 Con: 0.161 Cls: 1.382 Hist: 0.8832 Path: 0.3786 | 1.0s
  Epoch 263/800 | Total: 2.479 Edge: 0.337 Con: 0.162 Cls: 1.403 Hist: 0.8922 Path: 0.3871 | 1.0s
  Epoch 264/800 | Total: 2.453 Edge: 0.333 Con: 0.161 Cls: 1.382 Hist: 0.8823 Path: 0.3848 | 1.1s
  Epoch 265/800 | Total: 2.484 Edge: 0.333 Con: 0.161 Cls: 1.412 Hist: 0.8963 Path: 0.3868 | Val F1: 0.3341 | 1.0s
  Epoch 266/800 | Total: 2.465 Edge: 0.338 Con: 0.162 Cls: 1.390 Hist: 0.8843 Path: 0.3854 | 1.1s
  Epoch 267/800 | Total: 2.446 Edge: 0.336 Con: 0.161 Cls: 1.377 Hist: 0.8711 Path: 0.3901 | 1.1s
  Epoch 268/800 | Total: 2.499 Edge: 0.336 Con: 0.162 Cls: 1.418 Hist: 0.9001 Path: 0.3911 | 1.1s
  Epoch 269/800 | Total: 2.436 Edge: 0.332 Con: 0.160 Cls: 1.367 Hist: 0.8740 Path: 0.3856 | 1.2s
  Epoch 270/800 | Total: 2.434 Edge: 0.329 Con: 0.163 Cls: 1.368 Hist: 0.8739 Path: 0.3837 | Val F1: 0.3644 | 1.0s
  Epoch 271/800 | Total: 2.436 Edge: 0.331 Con: 0.162 Cls: 1.376 Hist: 0.8755 Path: 0.3798 | 1.2s
  Epoch 272/800 | Total: 2.408 Edge: 0.330 Con: 0.159 Cls: 1.357 Hist: 0.8645 Path: 0.3766 | 1.2s
  Epoch 273/800 | Total: 2.409 Edge: 0.326 Con: 0.160 Cls: 1.355 Hist: 0.8692 Path: 0.3765 | 1.2s
  Epoch 274/800 | Total: 2.414 Edge: 0.328 Con: 0.160 Cls: 1.352 Hist: 0.8683 Path: 0.3810 | 1.1s
  Epoch 275/800 | Total: 2.397 Edge: 0.328 Con: 0.161 Cls: 1.344 Hist: 0.8557 Path: 0.3801 | Val F1: 0.3600 | 1.1s
  Epoch 276/800 | Total: 2.459 Edge: 0.332 Con: 0.162 Cls: 1.383 Hist: 0.8825 Path: 0.3911 | 0.9s
  Epoch 277/800 | Total: 2.435 Edge: 0.335 Con: 0.160 Cls: 1.362 Hist: 0.8681 Path: 0.3910 | 1.0s
  Epoch 278/800 | Total: 2.437 Edge: 0.334 Con: 0.159 Cls: 1.364 Hist: 0.8722 Path: 0.3890 | 1.0s
  Epoch 279/800 | Total: 2.428 Edge: 0.331 Con: 0.160 Cls: 1.366 Hist: 0.8705 Path: 0.3827 | 0.9s
  Epoch 280/800 | Total: 2.421 Edge: 0.333 Con: 0.159 Cls: 1.362 Hist: 0.8634 Path: 0.3848 | Val F1: 0.3653 | 1.0s
  Epoch 281/800 | Total: 2.420 Edge: 0.339 Con: 0.160 Cls: 1.357 Hist: 0.8594 Path: 0.3838 | 0.9s
  Epoch 282/800 | Total: 2.431 Edge: 0.335 Con: 0.161 Cls: 1.361 Hist: 0.8721 Path: 0.3830 | 1.0s
  Epoch 283/800 | Total: 2.435 Edge: 0.332 Con: 0.161 Cls: 1.371 Hist: 0.8712 Path: 0.3858 | 1.1s
  Epoch 284/800 | Total: 2.481 Edge: 0.333 Con: 0.161 Cls: 1.406 Hist: 0.8964 Path: 0.3870 | 1.0s
  Epoch 285/800 | Total: 2.518 Edge: 0.339 Con: 0.161 Cls: 1.426 Hist: 0.9146 Path: 0.3897 | Val F1: 0.3560 | 1.2s
  Epoch 286/800 | Total: 2.449 Edge: 0.332 Con: 0.160 Cls: 1.373 Hist: 0.8826 Path: 0.3878 | 1.0s
  Epoch 287/800 | Total: 2.467 Edge: 0.335 Con: 0.162 Cls: 1.382 Hist: 0.8852 Path: 0.3945 | 1.3s
  Epoch 288/800 | Total: 2.443 Edge: 0.335 Con: 0.162 Cls: 1.371 Hist: 0.8729 Path: 0.3867 | 0.9s
  Epoch 289/800 | Total: 2.420 Edge: 0.330 Con: 0.160 Cls: 1.362 Hist: 0.8660 Path: 0.3827 | 1.1s
  Epoch 290/800 | Total: 2.422 Edge: 0.327 Con: 0.159 Cls: 1.372 Hist: 0.8734 Path: 0.3770 | Val F1: 0.3577 | 1.0s
  Epoch 291/800 | Total: 2.425 Edge: 0.328 Con: 0.161 Cls: 1.374 Hist: 0.8749 Path: 0.3738 | 1.1s
  Epoch 292/800 | Total: 2.407 Edge: 0.331 Con: 0.162 Cls: 1.356 Hist: 0.8590 Path: 0.3773 | 0.9s
  Epoch 293/800 | Total: 2.467 Edge: 0.334 Con: 0.160 Cls: 1.395 Hist: 0.8920 Path: 0.3839 | 0.9s
  Epoch 294/800 | Total: 2.426 Edge: 0.328 Con: 0.159 Cls: 1.367 Hist: 0.8721 Path: 0.3835 | 1.2s
  Epoch 295/800 | Total: 2.456 Edge: 0.334 Con: 0.160 Cls: 1.370 Hist: 0.8754 Path: 0.4010 | Val F1: 0.3740 | 1.0s
  Epoch 296/800 | Total: 2.451 Edge: 0.334 Con: 0.163 Cls: 1.367 Hist: 0.8722 Path: 0.3981 | 0.9s
  Epoch 297/800 | Total: 2.411 Edge: 0.330 Con: 0.161 Cls: 1.352 Hist: 0.8647 Path: 0.3792 | 1.2s
  Epoch 298/800 | Total: 2.414 Edge: 0.328 Con: 0.162 Cls: 1.358 Hist: 0.8686 Path: 0.3765 | 1.0s
  Epoch 299/800 | Total: 2.433 Edge: 0.331 Con: 0.163 Cls: 1.373 Hist: 0.8712 Path: 0.3808 | 1.3s
  Epoch 300/800 | Total: 2.424 Edge: 0.329 Con: 0.162 Cls: 1.364 Hist: 0.8678 Path: 0.3843 | Val F1: 0.3648 | 1.1s
  Epoch 301/800 | Total: 2.429 Edge: 0.334 Con: 0.159 Cls: 1.356 Hist: 0.8653 Path: 0.3920 | 1.1s
  Epoch 302/800 | Total: 2.427 Edge: 0.329 Con: 0.159 Cls: 1.368 Hist: 0.8732 Path: 0.3822 | 1.0s
  Epoch 303/800 | Total: 2.423 Edge: 0.331 Con: 0.160 Cls: 1.363 Hist: 0.8687 Path: 0.3814 | 1.0s
  Epoch 304/800 | Total: 2.477 Edge: 0.334 Con: 0.161 Cls: 1.406 Hist: 0.8921 Path: 0.3865 | 1.2s
  Epoch 305/800 | Total: 2.425 Edge: 0.332 Con: 0.160 Cls: 1.362 Hist: 0.8669 Path: 0.3854 | Val F1: 0.3635 | 1.0s
  Epoch 306/800 | Total: 2.409 Edge: 0.333 Con: 0.161 Cls: 1.353 Hist: 0.8567 Path: 0.3824 | 1.0s
  Epoch 307/800 | Total: 2.415 Edge: 0.332 Con: 0.160 Cls: 1.357 Hist: 0.8658 Path: 0.3781 | 1.1s
  Epoch 308/800 | Total: 2.417 Edge: 0.331 Con: 0.161 Cls: 1.355 Hist: 0.8660 Path: 0.3817 | 0.9s
  Epoch 309/800 | Total: 2.403 Edge: 0.328 Con: 0.160 Cls: 1.348 Hist: 0.8636 Path: 0.3770 | 1.2s
  Epoch 310/800 | Total: 2.403 Edge: 0.327 Con: 0.161 Cls: 1.352 Hist: 0.8607 Path: 0.3783 | Val F1: 0.3709 | 1.3s
  Epoch 311/800 | Total: 2.411 Edge: 0.327 Con: 0.161 Cls: 1.350 Hist: 0.8626 Path: 0.3856 | 1.0s
  Epoch 312/800 | Total: 2.419 Edge: 0.327 Con: 0.161 Cls: 1.372 Hist: 0.8660 Path: 0.3796 | 1.0s
  Epoch 313/800 | Total: 2.430 Edge: 0.329 Con: 0.160 Cls: 1.364 Hist: 0.8781 Path: 0.3806 | 1.3s
  Epoch 314/800 | Total: 2.429 Edge: 0.330 Con: 0.159 Cls: 1.370 Hist: 0.8727 Path: 0.3826 | 1.0s
  Epoch 315/800 | Total: 2.419 Edge: 0.328 Con: 0.160 Cls: 1.360 Hist: 0.8696 Path: 0.3807 | Val F1: 0.3611 | 1.0s
  Epoch 316/800 | Total: 2.408 Edge: 0.329 Con: 0.161 Cls: 1.352 Hist: 0.8638 Path: 0.3791 | 1.1s
  Epoch 317/800 | Total: 2.410 Edge: 0.328 Con: 0.161 Cls: 1.359 Hist: 0.8629 Path: 0.3783 | 1.1s
  Epoch 318/800 | Total: 2.419 Edge: 0.327 Con: 0.161 Cls: 1.364 Hist: 0.8697 Path: 0.3796 | 0.9s
  Epoch 319/800 | Total: 2.417 Edge: 0.325 Con: 0.159 Cls: 1.375 Hist: 0.8684 Path: 0.3773 | 0.9s
  Epoch 320/800 | Total: 2.424 Edge: 0.331 Con: 0.160 Cls: 1.368 Hist: 0.8697 Path: 0.3792 | Val F1: 0.3612 | 1.1s
  Epoch 321/800 | Total: 2.472 Edge: 0.337 Con: 0.160 Cls: 1.392 Hist: 0.8876 Path: 0.3917 | 0.9s
  Epoch 322/800 | Total: 2.451 Edge: 0.339 Con: 0.162 Cls: 1.373 Hist: 0.8756 Path: 0.3881 | 0.9s
  Epoch 323/800 | Total: 2.447 Edge: 0.336 Con: 0.160 Cls: 1.371 Hist: 0.8758 Path: 0.3901 | 0.9s
  Epoch 324/800 | Total: 2.444 Edge: 0.330 Con: 0.160 Cls: 1.378 Hist: 0.8822 Path: 0.3840 | 0.9s
  Epoch 325/800 | Total: 2.403 Edge: 0.335 Con: 0.160 Cls: 1.347 Hist: 0.8517 Path: 0.3832 | Val F1: 0.3717 | 1.1s
  Epoch 326/800 | Total: 2.425 Edge: 0.331 Con: 0.160 Cls: 1.361 Hist: 0.8729 Path: 0.3812 | 1.0s
  Epoch 327/800 | Total: 2.463 Edge: 0.328 Con: 0.159 Cls: 1.407 Hist: 0.8983 Path: 0.3734 | 0.9s
  Epoch 328/800 | Total: 2.412 Edge: 0.326 Con: 0.159 Cls: 1.368 Hist: 0.8711 Path: 0.3721 | 1.0s
  Epoch 329/800 | Total: 2.392 Edge: 0.325 Con: 0.159 Cls: 1.350 Hist: 0.8608 Path: 0.3713 | 1.0s
  Epoch 330/800 | Total: 2.410 Edge: 0.326 Con: 0.160 Cls: 1.362 Hist: 0.8719 Path: 0.3711 | Val F1: 0.3749 | 1.1s
  Epoch 331/800 | Total: 2.425 Edge: 0.331 Con: 0.161 Cls: 1.360 Hist: 0.8694 Path: 0.3837 | 1.0s
  Epoch 332/800 | Total: 2.431 Edge: 0.330 Con: 0.161 Cls: 1.361 Hist: 0.8695 Path: 0.3907 | 1.1s
  Epoch 333/800 | Total: 2.463 Edge: 0.331 Con: 0.160 Cls: 1.389 Hist: 0.8860 Path: 0.3918 | 1.0s
  Epoch 334/800 | Total: 2.434 Edge: 0.334 Con: 0.160 Cls: 1.362 Hist: 0.8688 Path: 0.3902 | 1.1s
  Epoch 335/800 | Total: 2.468 Edge: 0.335 Con: 0.160 Cls: 1.395 Hist: 0.8835 Path: 0.3918 | Val F1: 0.3739 | 1.0s
  Epoch 336/800 | Total: 2.449 Edge: 0.334 Con: 0.162 Cls: 1.377 Hist: 0.8771 Path: 0.3881 | 1.0s
  Epoch 337/800 | Total: 2.413 Edge: 0.332 Con: 0.160 Cls: 1.358 Hist: 0.8631 Path: 0.3789 | 1.0s
  Epoch 338/800 | Total: 2.413 Edge: 0.332 Con: 0.161 Cls: 1.355 Hist: 0.8650 Path: 0.3771 | 1.0s
  Epoch 339/800 | Total: 2.397 Edge: 0.330 Con: 0.159 Cls: 1.345 Hist: 0.8619 Path: 0.3738 | 1.1s
  Epoch 340/800 | Total: 2.389 Edge: 0.325 Con: 0.160 Cls: 1.346 Hist: 0.8581 Path: 0.3730 | Val F1: 0.3530 | 1.1s
  Epoch 341/800 | Total: 2.432 Edge: 0.327 Con: 0.160 Cls: 1.377 Hist: 0.8796 Path: 0.3772 | 1.1s
  Epoch 342/800 | Total: 2.444 Edge: 0.327 Con: 0.161 Cls: 1.389 Hist: 0.8869 Path: 0.3746 | 0.9s
  Epoch 343/800 | Total: 2.394 Edge: 0.327 Con: 0.160 Cls: 1.345 Hist: 0.8547 Path: 0.3795 | 1.2s
  Epoch 344/800 | Total: 2.399 Edge: 0.329 Con: 0.160 Cls: 1.340 Hist: 0.8597 Path: 0.3802 | 1.2s
  Epoch 345/800 | Total: 2.433 Edge: 0.334 Con: 0.160 Cls: 1.363 Hist: 0.8688 Path: 0.3885 | Val F1: 0.3601 | 1.0s
  Epoch 346/800 | Total: 2.417 Edge: 0.330 Con: 0.161 Cls: 1.362 Hist: 0.8606 Path: 0.3854 | 0.9s
  Epoch 347/800 | Total: 2.413 Edge: 0.327 Con: 0.160 Cls: 1.356 Hist: 0.8677 Path: 0.3791 | 1.2s
  Epoch 348/800 | Total: 2.409 Edge: 0.325 Con: 0.160 Cls: 1.360 Hist: 0.8669 Path: 0.3764 | 1.0s
  Epoch 349/800 | Total: 2.435 Edge: 0.328 Con: 0.162 Cls: 1.372 Hist: 0.8757 Path: 0.3833 | 0.9s
  Epoch 350/800 | Total: 2.410 Edge: 0.329 Con: 0.160 Cls: 1.353 Hist: 0.8639 Path: 0.3806 | Val F1: 0.3546 | 0.9s
  Epoch 351/800 | Total: 2.406 Edge: 0.322 Con: 0.158 Cls: 1.370 Hist: 0.8696 Path: 0.3716 | 0.9s
  Epoch 352/800 | Total: 2.401 Edge: 0.324 Con: 0.160 Cls: 1.352 Hist: 0.8634 Path: 0.3770 | 1.0s
  Epoch 353/800 | Total: 2.418 Edge: 0.326 Con: 0.161 Cls: 1.365 Hist: 0.8700 Path: 0.3789 | 1.0s
  Epoch 354/800 | Total: 2.403 Edge: 0.327 Con: 0.160 Cls: 1.351 Hist: 0.8582 Path: 0.3819 | 1.1s
  Epoch 355/800 | Total: 2.406 Edge: 0.327 Con: 0.161 Cls: 1.349 Hist: 0.8644 Path: 0.3782 | Val F1: 0.3719 | 1.0s
  Epoch 356/800 | Total: 2.408 Edge: 0.329 Con: 0.159 Cls: 1.354 Hist: 0.8617 Path: 0.3803 | 1.3s
  Epoch 357/800 | Total: 2.392 Edge: 0.326 Con: 0.159 Cls: 1.348 Hist: 0.8591 Path: 0.3741 | 1.1s
  Epoch 358/800 | Total: 2.398 Edge: 0.327 Con: 0.159 Cls: 1.352 Hist: 0.8621 Path: 0.3742 | 1.0s
  Epoch 359/800 | Total: 2.420 Edge: 0.328 Con: 0.161 Cls: 1.363 Hist: 0.8693 Path: 0.3796 | 1.0s
  Epoch 360/800 | Total: 2.412 Edge: 0.327 Con: 0.160 Cls: 1.355 Hist: 0.8677 Path: 0.3794 | Val F1: 0.3633 | 1.0s
  Epoch 361/800 | Total: 2.396 Edge: 0.329 Con: 0.161 Cls: 1.344 Hist: 0.8533 Path: 0.3806 | 1.2s
  Epoch 362/800 | Total: 2.400 Edge: 0.326 Con: 0.159 Cls: 1.355 Hist: 0.8617 Path: 0.3750 | 1.0s
  Epoch 363/800 | Total: 2.402 Edge: 0.328 Con: 0.160 Cls: 1.348 Hist: 0.8613 Path: 0.3780 | 1.1s
  Epoch 364/800 | Total: 2.412 Edge: 0.327 Con: 0.159 Cls: 1.356 Hist: 0.8651 Path: 0.3827 | 1.0s
  Epoch 365/800 | Total: 2.427 Edge: 0.334 Con: 0.161 Cls: 1.360 Hist: 0.8686 Path: 0.3827 | Val F1: 0.3487 | 1.2s
  Epoch 366/800 | Total: 2.465 Edge: 0.341 Con: 0.159 Cls: 1.372 Hist: 0.8756 Path: 0.4034 | 1.0s
  Epoch 367/800 | Total: 2.510 Edge: 0.345 Con: 0.158 Cls: 1.396 Hist: 0.8943 Path: 0.4138 | 1.2s
  Epoch 368/800 | Total: 2.497 Edge: 0.337 Con: 0.161 Cls: 1.406 Hist: 0.8949 Path: 0.4015 | 1.0s
  Epoch 369/800 | Total: 2.458 Edge: 0.330 Con: 0.160 Cls: 1.390 Hist: 0.8832 Path: 0.3893 | 1.0s
  Epoch 370/800 | Total: 2.429 Edge: 0.332 Con: 0.160 Cls: 1.364 Hist: 0.8655 Path: 0.3885 | Val F1: 0.3700 | 0.9s
  Epoch 371/800 | Total: 2.391 Edge: 0.328 Con: 0.161 Cls: 1.340 Hist: 0.8543 Path: 0.3781 | 0.9s
  Epoch 372/800 | Total: 2.396 Edge: 0.322 Con: 0.161 Cls: 1.354 Hist: 0.8626 Path: 0.3730 | 1.1s
  Epoch 373/800 | Total: 2.390 Edge: 0.324 Con: 0.161 Cls: 1.344 Hist: 0.8584 Path: 0.3748 | 1.0s
  Epoch 374/800 | Total: 2.419 Edge: 0.329 Con: 0.160 Cls: 1.371 Hist: 0.8695 Path: 0.3743 | 0.9s
  Epoch 375/800 | Total: 2.436 Edge: 0.326 Con: 0.159 Cls: 1.379 Hist: 0.8842 Path: 0.3772 | Val F1: 0.3608 | 0.9s
  Epoch 376/800 | Total: 2.423 Edge: 0.326 Con: 0.160 Cls: 1.374 Hist: 0.8735 Path: 0.3774 | 1.1s
  Epoch 377/800 | Total: 2.381 Edge: 0.324 Con: 0.159 Cls: 1.344 Hist: 0.8576 Path: 0.3688 | 0.9s
  Epoch 378/800 | Total: 2.409 Edge: 0.323 Con: 0.160 Cls: 1.362 Hist: 0.8681 Path: 0.3773 | 0.9s
  Epoch 379/800 | Total: 2.389 Edge: 0.321 Con: 0.159 Cls: 1.352 Hist: 0.8614 Path: 0.3710 | 0.9s
  Epoch 380/800 | Total: 2.393 Edge: 0.322 Con: 0.159 Cls: 1.356 Hist: 0.8638 Path: 0.3703 | Val F1: 0.3635 | 0.9s
  Epoch 381/800 | Total: 2.372 Edge: 0.323 Con: 0.160 Cls: 1.331 Hist: 0.8524 Path: 0.3717 | 1.0s
  Epoch 382/800 | Total: 2.408 Edge: 0.324 Con: 0.159 Cls: 1.363 Hist: 0.8699 Path: 0.3739 | 1.0s
  Epoch 383/800 | Total: 2.414 Edge: 0.326 Con: 0.161 Cls: 1.364 Hist: 0.8699 Path: 0.3755 | 1.1s
  Epoch 384/800 | Total: 2.392 Edge: 0.325 Con: 0.159 Cls: 1.350 Hist: 0.8590 Path: 0.3739 | 1.1s
  Epoch 385/800 | Total: 2.382 Edge: 0.325 Con: 0.159 Cls: 1.342 Hist: 0.8537 Path: 0.3731 | Val F1: 0.3695 | 1.0s
  Epoch 386/800 | Total: 2.376 Edge: 0.323 Con: 0.159 Cls: 1.340 Hist: 0.8518 Path: 0.3714 | 0.9s
  Epoch 387/800 | Total: 2.385 Edge: 0.324 Con: 0.159 Cls: 1.348 Hist: 0.8577 Path: 0.3704 | 1.2s
  Epoch 388/800 | Total: 2.409 Edge: 0.330 Con: 0.158 Cls: 1.360 Hist: 0.8669 Path: 0.3733 | 0.9s
  Epoch 389/800 | Total: 2.400 Edge: 0.329 Con: 0.159 Cls: 1.351 Hist: 0.8607 Path: 0.3769 | 1.1s
  Epoch 390/800 | Total: 2.386 Edge: 0.331 Con: 0.159 Cls: 1.338 Hist: 0.8526 Path: 0.3751 | Val F1: 0.3701 | 0.9s
  Epoch 391/800 | Total: 2.430 Edge: 0.330 Con: 0.160 Cls: 1.376 Hist: 0.8802 Path: 0.3725 | 1.0s
  Epoch 392/800 | Total: 2.404 Edge: 0.326 Con: 0.159 Cls: 1.361 Hist: 0.8652 Path: 0.3743 | 1.2s
  Epoch 393/800 | Total: 2.403 Edge: 0.328 Con: 0.159 Cls: 1.352 Hist: 0.8641 Path: 0.3767 | 0.9s
  Epoch 394/800 | Total: 2.394 Edge: 0.329 Con: 0.161 Cls: 1.342 Hist: 0.8548 Path: 0.3785 | 1.0s
  Epoch 395/800 | Total: 2.422 Edge: 0.330 Con: 0.160 Cls: 1.352 Hist: 0.8710 Path: 0.3855 | Val F1: 0.3589 | 1.1s
  Epoch 396/800 | Total: 2.415 Edge: 0.326 Con: 0.159 Cls: 1.364 Hist: 0.8707 Path: 0.3776 | 1.1s
  Epoch 397/800 | Total: 2.393 Edge: 0.324 Con: 0.160 Cls: 1.345 Hist: 0.8639 Path: 0.3735 | 0.9s
  Epoch 398/800 | Total: 2.393 Edge: 0.325 Con: 0.160 Cls: 1.345 Hist: 0.8579 Path: 0.3785 | 1.2s
  Epoch 399/800 | Total: 2.382 Edge: 0.326 Con: 0.159 Cls: 1.336 Hist: 0.8539 Path: 0.3742 | 1.0s
  Epoch 400/800 | Total: 2.377 Edge: 0.319 Con: 0.159 Cls: 1.342 Hist: 0.8533 Path: 0.3746 | Val F1: 0.3817 | 1.0s
  Epoch 401/800 | Total: 2.374 Edge: 0.320 Con: 0.158 Cls: 1.338 Hist: 0.8551 Path: 0.3718 | 1.0s
  Epoch 402/800 | Total: 2.399 Edge: 0.324 Con: 0.160 Cls: 1.356 Hist: 0.8624 Path: 0.3740 | 0.9s
  Epoch 403/800 | Total: 2.404 Edge: 0.325 Con: 0.159 Cls: 1.350 Hist: 0.8658 Path: 0.3790 | 1.0s
  Epoch 404/800 | Total: 2.411 Edge: 0.329 Con: 0.160 Cls: 1.361 Hist: 0.8600 Path: 0.3821 | 1.1s
  Epoch 405/800 | Total: 2.418 Edge: 0.328 Con: 0.159 Cls: 1.368 Hist: 0.8697 Path: 0.3770 | Val F1: 0.3599 | 1.0s
  Epoch 406/800 | Total: 2.414 Edge: 0.328 Con: 0.159 Cls: 1.363 Hist: 0.8683 Path: 0.3777 | 1.0s
  Epoch 407/800 | Total: 2.416 Edge: 0.328 Con: 0.159 Cls: 1.362 Hist: 0.8675 Path: 0.3800 | 1.1s
  Epoch 408/800 | Total: 2.406 Edge: 0.325 Con: 0.161 Cls: 1.358 Hist: 0.8716 Path: 0.3705 | 0.9s
  Epoch 409/800 | Total: 2.366 Edge: 0.320 Con: 0.160 Cls: 1.336 Hist: 0.8509 Path: 0.3669 | 0.9s
  Epoch 410/800 | Total: 2.384 Edge: 0.324 Con: 0.159 Cls: 1.352 Hist: 0.8564 Path: 0.3695 | Val F1: 0.3715 | 0.9s
  Epoch 411/800 | Total: 2.395 Edge: 0.324 Con: 0.159 Cls: 1.349 Hist: 0.8611 Path: 0.3761 | 1.1s
  Epoch 412/800 | Total: 2.416 Edge: 0.327 Con: 0.160 Cls: 1.370 Hist: 0.8699 Path: 0.3741 | 1.1s
  Epoch 413/800 | Total: 2.415 Edge: 0.333 Con: 0.161 Cls: 1.364 Hist: 0.8661 Path: 0.3726 | 1.1s
  Epoch 414/800 | Total: 2.405 Edge: 0.340 Con: 0.158 Cls: 1.351 Hist: 0.8577 Path: 0.3741 | 1.0s
  Epoch 415/800 | Total: 2.435 Edge: 0.330 Con: 0.159 Cls: 1.384 Hist: 0.8803 Path: 0.3739 | Val F1: 0.3495 | 0.9s
  Epoch 416/800 | Total: 2.417 Edge: 0.332 Con: 0.160 Cls: 1.364 Hist: 0.8642 Path: 0.3796 | 1.1s
  Epoch 417/800 | Total: 2.416 Edge: 0.329 Con: 0.160 Cls: 1.361 Hist: 0.8665 Path: 0.3796 | 1.0s
  Epoch 418/800 | Total: 2.411 Edge: 0.332 Con: 0.159 Cls: 1.349 Hist: 0.8599 Path: 0.3854 | 0.9s
  Epoch 419/800 | Total: 2.404 Edge: 0.325 Con: 0.159 Cls: 1.355 Hist: 0.8634 Path: 0.3787 | 0.9s
  Epoch 420/800 | Total: 2.420 Edge: 0.327 Con: 0.159 Cls: 1.369 Hist: 0.8698 Path: 0.3797 | Val F1: 0.3507 | 0.9s
  Epoch 421/800 | Total: 2.412 Edge: 0.325 Con: 0.159 Cls: 1.362 Hist: 0.8681 Path: 0.3789 | 1.1s
  Epoch 422/800 | Total: 2.388 Edge: 0.325 Con: 0.160 Cls: 1.343 Hist: 0.8591 Path: 0.3733 | 1.2s
  Epoch 423/800 | Total: 2.380 Edge: 0.324 Con: 0.160 Cls: 1.342 Hist: 0.8567 Path: 0.3680 | 1.3s
  Epoch 424/800 | Total: 2.387 Edge: 0.326 Con: 0.159 Cls: 1.347 Hist: 0.8559 Path: 0.3730 | 1.0s
  Epoch 425/800 | Total: 2.374 Edge: 0.321 Con: 0.160 Cls: 1.340 Hist: 0.8553 Path: 0.3680 | Val F1: 0.3841 | 1.2s
  Epoch 426/800 | Total: 2.378 Edge: 0.321 Con: 0.159 Cls: 1.342 Hist: 0.8558 Path: 0.3708 | 0.9s
  Epoch 427/800 | Total: 2.355 Edge: 0.320 Con: 0.159 Cls: 1.327 Hist: 0.8451 Path: 0.3675 | 0.9s
  Epoch 428/800 | Total: 2.408 Edge: 0.322 Con: 0.160 Cls: 1.376 Hist: 0.8676 Path: 0.3698 | 1.0s
  Epoch 429/800 | Total: 2.404 Edge: 0.324 Con: 0.159 Cls: 1.372 Hist: 0.8644 Path: 0.3706 | 1.1s
  Epoch 430/800 | Total: 2.397 Edge: 0.328 Con: 0.159 Cls: 1.354 Hist: 0.8600 Path: 0.3727 | Val F1: 0.3763 | 1.0s
  Epoch 431/800 | Total: 2.376 Edge: 0.325 Con: 0.160 Cls: 1.334 Hist: 0.8537 Path: 0.3707 | 1.4s
  Epoch 432/800 | Total: 2.391 Edge: 0.323 Con: 0.160 Cls: 1.351 Hist: 0.8616 Path: 0.3714 | 1.2s
  Epoch 433/800 | Total: 2.373 Edge: 0.323 Con: 0.159 Cls: 1.328 Hist: 0.8517 Path: 0.3754 | 1.2s
  Epoch 434/800 | Total: 2.355 Edge: 0.320 Con: 0.158 Cls: 1.325 Hist: 0.8423 Path: 0.3717 | 1.0s
  Epoch 435/800 | Total: 2.368 Edge: 0.319 Con: 0.159 Cls: 1.336 Hist: 0.8493 Path: 0.3725 | Val F1: 0.3666 | 1.1s
  Epoch 436/800 | Total: 2.373 Edge: 0.320 Con: 0.159 Cls: 1.336 Hist: 0.8513 Path: 0.3736 | 1.0s
  Epoch 437/800 | Total: 2.395 Edge: 0.323 Con: 0.159 Cls: 1.346 Hist: 0.8561 Path: 0.3834 | 1.0s
  Epoch 438/800 | Total: 2.381 Edge: 0.321 Con: 0.159 Cls: 1.344 Hist: 0.8582 Path: 0.3711 | 1.0s
  Epoch 439/800 | Total: 2.368 Edge: 0.320 Con: 0.159 Cls: 1.334 Hist: 0.8515 Path: 0.3698 | 1.2s
  Epoch 440/800 | Total: 2.410 Edge: 0.324 Con: 0.159 Cls: 1.366 Hist: 0.8714 Path: 0.3723 | Val F1: 0.3622 | 1.0s
  Epoch 441/800 | Total: 2.387 Edge: 0.328 Con: 0.158 Cls: 1.343 Hist: 0.8549 Path: 0.3749 | 1.0s
  Epoch 442/800 | Total: 2.382 Edge: 0.325 Con: 0.158 Cls: 1.335 Hist: 0.8530 Path: 0.3786 | 1.3s
  Epoch 443/800 | Total: 2.432 Edge: 0.327 Con: 0.159 Cls: 1.377 Hist: 0.8773 Path: 0.3801 | 1.2s
  Epoch 444/800 | Total: 2.393 Edge: 0.326 Con: 0.158 Cls: 1.346 Hist: 0.8568 Path: 0.3786 | 1.1s
  Epoch 445/800 | Total: 2.458 Edge: 0.337 Con: 0.160 Cls: 1.394 Hist: 0.8771 Path: 0.3872 | Val F1: 0.3563 | 1.2s
  Epoch 446/800 | Total: 2.419 Edge: 0.336 Con: 0.159 Cls: 1.349 Hist: 0.8580 Path: 0.3909 | 1.0s
  Epoch 447/800 | Total: 2.417 Edge: 0.329 Con: 0.159 Cls: 1.362 Hist: 0.8651 Path: 0.3837 | 1.2s
  Epoch 448/800 | Total: 2.394 Edge: 0.324 Con: 0.160 Cls: 1.352 Hist: 0.8638 Path: 0.3712 | 1.2s
  Epoch 449/800 | Total: 2.366 Edge: 0.322 Con: 0.160 Cls: 1.338 Hist: 0.8491 Path: 0.3666 | 1.1s
  Epoch 450/800 | Total: 2.373 Edge: 0.324 Con: 0.159 Cls: 1.332 Hist: 0.8533 Path: 0.3710 | Val F1: 0.3698 | 1.2s
  Epoch 451/800 | Total: 2.386 Edge: 0.322 Con: 0.158 Cls: 1.351 Hist: 0.8616 Path: 0.3689 | 1.3s
  Epoch 452/800 | Total: 2.394 Edge: 0.322 Con: 0.159 Cls: 1.354 Hist: 0.8645 Path: 0.3712 | 1.1s
  Epoch 453/800 | Total: 2.376 Edge: 0.323 Con: 0.159 Cls: 1.339 Hist: 0.8528 Path: 0.3718 | 1.0s
  Epoch 454/800 | Total: 2.394 Edge: 0.324 Con: 0.159 Cls: 1.354 Hist: 0.8601 Path: 0.3725 | 1.0s
  Epoch 455/800 | Total: 2.417 Edge: 0.329 Con: 0.159 Cls: 1.359 Hist: 0.8605 Path: 0.3885 | Val F1: 0.3667 | 1.0s
  Epoch 456/800 | Total: 2.411 Edge: 0.327 Con: 0.160 Cls: 1.359 Hist: 0.8621 Path: 0.3817 | 1.1s
  Epoch 457/800 | Total: 2.429 Edge: 0.331 Con: 0.158 Cls: 1.354 Hist: 0.8667 Path: 0.3966 | 1.0s
  Epoch 458/800 | Total: 2.425 Edge: 0.328 Con: 0.160 Cls: 1.362 Hist: 0.8693 Path: 0.3863 | 1.1s
  Epoch 459/800 | Total: 2.381 Edge: 0.321 Con: 0.159 Cls: 1.353 Hist: 0.8547 Path: 0.3691 | 1.0s
  Epoch 460/800 | Total: 2.424 Edge: 0.328 Con: 0.160 Cls: 1.375 Hist: 0.8735 Path: 0.3750 | Val F1: 0.3658 | 1.0s
  Epoch 461/800 | Total: 2.402 Edge: 0.328 Con: 0.160 Cls: 1.353 Hist: 0.8624 Path: 0.3756 | 0.9s
  Epoch 462/800 | Total: 2.397 Edge: 0.324 Con: 0.159 Cls: 1.357 Hist: 0.8623 Path: 0.3739 | 0.9s
  Epoch 463/800 | Total: 2.383 Edge: 0.326 Con: 0.160 Cls: 1.341 Hist: 0.8568 Path: 0.3698 | 1.1s
  Epoch 464/800 | Total: 2.367 Edge: 0.323 Con: 0.161 Cls: 1.329 Hist: 0.8465 Path: 0.3727 | 1.3s
  Epoch 465/800 | Total: 2.374 Edge: 0.324 Con: 0.159 Cls: 1.337 Hist: 0.8503 Path: 0.3715 | Val F1: 0.3771 | 1.2s
  Epoch 466/800 | Total: 2.361 Edge: 0.321 Con: 0.158 Cls: 1.326 Hist: 0.8452 Path: 0.3736 | 1.1s
  Epoch 467/800 | Total: 2.369 Edge: 0.323 Con: 0.159 Cls: 1.334 Hist: 0.8520 Path: 0.3686 | 1.0s
  Epoch 468/800 | Total: 2.395 Edge: 0.322 Con: 0.159 Cls: 1.359 Hist: 0.8676 Path: 0.3671 | 1.0s
  Epoch 469/800 | Total: 2.390 Edge: 0.324 Con: 0.159 Cls: 1.351 Hist: 0.8583 Path: 0.3735 | 1.3s
  Epoch 470/800 | Total: 2.393 Edge: 0.325 Con: 0.158 Cls: 1.354 Hist: 0.8628 Path: 0.3699 | Val F1: 0.3670 | 1.1s
  Epoch 471/800 | Total: 2.408 Edge: 0.326 Con: 0.159 Cls: 1.357 Hist: 0.8694 Path: 0.3746 | 1.2s
  Epoch 472/800 | Total: 2.405 Edge: 0.325 Con: 0.159 Cls: 1.366 Hist: 0.8654 Path: 0.3734 | 1.0s
  Epoch 473/800 | Total: 2.379 Edge: 0.320 Con: 0.159 Cls: 1.346 Hist: 0.8575 Path: 0.3698 | 1.0s
  Epoch 474/800 | Total: 2.353 Edge: 0.317 Con: 0.158 Cls: 1.332 Hist: 0.8470 Path: 0.3653 | 1.1s
  Epoch 475/800 | Total: 2.370 Edge: 0.321 Con: 0.159 Cls: 1.330 Hist: 0.8503 Path: 0.3745 | Val F1: 0.3709 | 1.0s
  Epoch 476/800 | Total: 2.368 Edge: 0.321 Con: 0.158 Cls: 1.334 Hist: 0.8497 Path: 0.3724 | 1.1s
  Epoch 477/800 | Total: 2.356 Edge: 0.324 Con: 0.159 Cls: 1.320 Hist: 0.8438 Path: 0.3694 | 1.2s
  Epoch 478/800 | Total: 2.371 Edge: 0.322 Con: 0.160 Cls: 1.342 Hist: 0.8477 Path: 0.3707 | 1.0s
  Epoch 479/800 | Total: 2.386 Edge: 0.323 Con: 0.159 Cls: 1.353 Hist: 0.8595 Path: 0.3690 | 0.9s
  Epoch 480/800 | Total: 2.385 Edge: 0.322 Con: 0.158 Cls: 1.341 Hist: 0.8629 Path: 0.3709 | Val F1: 0.3575 | 1.0s
  Epoch 481/800 | Total: 2.376 Edge: 0.325 Con: 0.158 Cls: 1.340 Hist: 0.8515 Path: 0.3724 | 1.3s
  Epoch 482/800 | Total: 2.386 Edge: 0.320 Con: 0.159 Cls: 1.353 Hist: 0.8604 Path: 0.3699 | 1.0s
  Epoch 483/800 | Total: 2.365 Edge: 0.323 Con: 0.159 Cls: 1.327 Hist: 0.8465 Path: 0.3724 | 1.2s
  Epoch 484/800 | Total: 2.373 Edge: 0.320 Con: 0.159 Cls: 1.343 Hist: 0.8546 Path: 0.3678 | 1.2s
  Epoch 485/800 | Total: 2.363 Edge: 0.319 Con: 0.158 Cls: 1.334 Hist: 0.8505 Path: 0.3675 | Val F1: 0.3674 | 1.1s
  Epoch 486/800 | Total: 2.365 Edge: 0.319 Con: 0.159 Cls: 1.326 Hist: 0.8477 Path: 0.3762 | 1.0s
  Epoch 487/800 | Total: 2.403 Edge: 0.325 Con: 0.159 Cls: 1.355 Hist: 0.8631 Path: 0.3792 | 1.0s
  Epoch 488/800 | Total: 2.398 Edge: 0.321 Con: 0.158 Cls: 1.356 Hist: 0.8655 Path: 0.3748 | 1.1s
  Epoch 489/800 | Total: 2.392 Edge: 0.322 Con: 0.159 Cls: 1.349 Hist: 0.8628 Path: 0.3742 | 1.2s
  Epoch 490/800 | Total: 2.372 Edge: 0.320 Con: 0.159 Cls: 1.342 Hist: 0.8554 Path: 0.3667 | Val F1: 0.3701 | 1.0s
  Epoch 491/800 | Total: 2.502 Edge: 0.331 Con: 0.159 Cls: 1.442 Hist: 0.9094 Path: 0.3807 | 1.1s
  Epoch 492/800 | Total: 2.561 Edge: 0.347 Con: 0.165 Cls: 1.457 Hist: 0.9198 Path: 0.4008 | 1.0s
  Epoch 493/800 | Total: 2.502 Edge: 0.343 Con: 0.162 Cls: 1.400 Hist: 0.8900 Path: 0.4068 | 1.2s
  Epoch 494/800 | Total: 2.435 Edge: 0.335 Con: 0.159 Cls: 1.372 Hist: 0.8688 Path: 0.3850 | 1.1s
  Epoch 495/800 | Total: 2.428 Edge: 0.338 Con: 0.162 Cls: 1.356 Hist: 0.8622 Path: 0.3880 | Val F1: 0.3670 | 1.1s
  Epoch 496/800 | Total: 2.383 Edge: 0.325 Con: 0.160 Cls: 1.345 Hist: 0.8533 Path: 0.3719 | 1.0s
  Epoch 497/800 | Total: 2.362 Edge: 0.323 Con: 0.159 Cls: 1.327 Hist: 0.8482 Path: 0.3681 | 1.3s
  Epoch 498/800 | Total: 2.372 Edge: 0.322 Con: 0.159 Cls: 1.342 Hist: 0.8503 Path: 0.3698 | 1.0s
  Epoch 499/800 | Total: 2.420 Edge: 0.324 Con: 0.159 Cls: 1.374 Hist: 0.8744 Path: 0.3750 | 1.3s
  Epoch 500/800 | Total: 2.388 Edge: 0.325 Con: 0.158 Cls: 1.347 Hist: 0.8597 Path: 0.3713 | Val F1: 0.3736 | 1.2s
  Epoch 501/800 | Total: 2.375 Edge: 0.323 Con: 0.157 Cls: 1.340 Hist: 0.8562 Path: 0.3692 | 1.2s
  Epoch 502/800 | Total: 2.361 Edge: 0.324 Con: 0.158 Cls: 1.331 Hist: 0.8476 Path: 0.3652 | 1.0s
  Epoch 503/800 | Total: 2.383 Edge: 0.320 Con: 0.158 Cls: 1.346 Hist: 0.8586 Path: 0.3727 | 0.9s
  Epoch 504/800 | Total: 2.381 Edge: 0.322 Con: 0.161 Cls: 1.345 Hist: 0.8573 Path: 0.3682 | 0.9s
  Epoch 505/800 | Total: 2.400 Edge: 0.325 Con: 0.159 Cls: 1.354 Hist: 0.8616 Path: 0.3775 | Val F1: 0.3623 | 0.9s
  Epoch 506/800 | Total: 2.367 Edge: 0.320 Con: 0.158 Cls: 1.335 Hist: 0.8499 Path: 0.3710 | 1.0s
  Epoch 507/800 | Total: 2.369 Edge: 0.323 Con: 0.160 Cls: 1.333 Hist: 0.8488 Path: 0.3703 | 0.9s
  Epoch 508/800 | Total: 2.397 Edge: 0.328 Con: 0.160 Cls: 1.352 Hist: 0.8575 Path: 0.3759 | 0.9s
  Epoch 509/800 | Total: 2.394 Edge: 0.327 Con: 0.158 Cls: 1.341 Hist: 0.8584 Path: 0.3789 | 1.0s
  Epoch 510/800 | Total: 2.468 Edge: 0.331 Con: 0.160 Cls: 1.400 Hist: 0.8938 Path: 0.3829 | Val F1: 0.3502 | 1.0s
  Epoch 511/800 | Total: 2.444 Edge: 0.336 Con: 0.161 Cls: 1.368 Hist: 0.8771 Path: 0.3858 | 0.9s
  Epoch 512/800 | Total: 2.386 Edge: 0.328 Con: 0.159 Cls: 1.339 Hist: 0.8526 Path: 0.3765 | 0.9s
  Epoch 513/800 | Total: 2.411 Edge: 0.325 Con: 0.158 Cls: 1.362 Hist: 0.8769 Path: 0.3695 | 0.9s
  Epoch 514/800 | Total: 2.363 Edge: 0.320 Con: 0.158 Cls: 1.336 Hist: 0.8531 Path: 0.3642 | 1.2s
  Epoch 515/800 | Total: 2.345 Edge: 0.315 Con: 0.159 Cls: 1.327 Hist: 0.8447 Path: 0.3629 | Val F1: 0.3716 | 1.1s
  Epoch 516/800 | Total: 2.334 Edge: 0.315 Con: 0.157 Cls: 1.323 Hist: 0.8398 Path: 0.3612 | 0.9s
  Epoch 517/800 | Total: 2.341 Edge: 0.318 Con: 0.157 Cls: 1.327 Hist: 0.8392 Path: 0.3624 | 1.0s
  Epoch 518/800 | Total: 2.358 Edge: 0.323 Con: 0.158 Cls: 1.327 Hist: 0.8424 Path: 0.3708 | 1.1s
  Epoch 519/800 | Total: 2.367 Edge: 0.323 Con: 0.160 Cls: 1.326 Hist: 0.8459 Path: 0.3747 | 1.3s
  Epoch 520/800 | Total: 2.356 Edge: 0.320 Con: 0.157 Cls: 1.327 Hist: 0.8486 Path: 0.3670 | Val F1: 0.3692 | 1.2s
  Epoch 521/800 | Total: 2.355 Edge: 0.320 Con: 0.158 Cls: 1.332 Hist: 0.8446 Path: 0.3667 | 1.1s
  Epoch 522/800 | Total: 2.360 Edge: 0.322 Con: 0.159 Cls: 1.330 Hist: 0.8471 Path: 0.3664 | 1.0s
  Epoch 523/800 | Total: 2.366 Edge: 0.321 Con: 0.157 Cls: 1.338 Hist: 0.8516 Path: 0.3665 | 1.1s
  Epoch 524/800 | Total: 2.366 Edge: 0.321 Con: 0.158 Cls: 1.332 Hist: 0.8520 Path: 0.3686 | 0.9s
  Epoch 525/800 | Total: 2.394 Edge: 0.326 Con: 0.160 Cls: 1.346 Hist: 0.8552 Path: 0.3795 | Val F1: 0.3764 | 1.0s
  Early stopping at epoch 525
  Best Val F1: 0.3841 | Test F1: 0.3898
  Total training time: 618.6s (10.3 min)

======================================================================
  Val  Macro-F1: 0.3841
  Test Macro-F1: 0.3898
  Test Accuracy: 0.6340
  Time: 620.5s
======================================================================

  Results saved to: results/NESS_ogbn-arxiv_MCAR_0.8_20260723_145747
