/home/erfan/MATE/venv/lib/python3.13/site-packages/outdated/__init__.py:36: UserWarning: pkg_resources is deprecated as an API. See https://setuptools.pypa.io/en/latest/pkg_resources.html. The pkg_resources package is slated for removal as early as 2025-11-30. Refrain from using this package or pin to Setuptools<81.
  from pkg_resources import parse_version
/home/erfan/MATE/ogbn_benchmarks/data_loader.py:96: UserWarning: Sparse invariant checks are implicitly disabled. Memory errors (e.g. SEGFAULT) will occur when operating on a sparse tensor which violates the invariants, but checks incur performance overhead. To silence this warning, explicitly opt in or out. See `torch.sparse.check_sparse_tensor_invariants.__doc__` for guidance.  (Triggered internally at /pytorch/aten/src/ATen/Context.cpp:760.)
  adj = torch.sparse_coo_tensor(edge_index, vals, (num_nodes, num_nodes)).coalesce()
======================================================================
  NESS | ogbn-arxiv | MCAR @ 80% | lr=0.001
======================================================================
[1/3] Loading ogbn-arxiv...
  169,343 nodes | 128 dims | 40 classes
[2/3] Simulating MCAR missingness...
Simulating MCAR missingness at 80% rate...
  MCAR: Uniform random selection
  Observable: 33,869 (20.0%)
  Masked: 135,474 (80.0%)
  Observable: 33,869 | Val: 67,737 | Test: 67,737
[3/3] Running NESS...
  Prefilling missing nodes via Feature Propagation (40 iters)...
  Computing neighbor label-histogram target (2-hop, observable labels)...
  Partitioning graph into 20 clusters (cache_device=gpu)...
  Cached 20 clusters
  Training NESS for up to 800 epochs (patience=20)...
  Epoch 1/800 | Total: 7.977 Edge: 0.676 Con: 0.660 Cls: 3.524 Hist: 2.7562 Path: 0.6912 | 10.8s
  Epoch 2/800 | Total: 6.998 Edge: 0.631 Con: 0.505 Cls: 3.111 Hist: 2.3261 Path: 0.6773 | 1.0s
  Epoch 3/800 | Total: 6.690 Edge: 0.610 Con: 0.438 Cls: 3.012 Hist: 2.1742 Path: 0.6750 | 1.2s
  Epoch 4/800 | Total: 6.432 Edge: 0.595 Con: 0.382 Cls: 2.913 Hist: 2.0635 Path: 0.6696 | 1.1s
  Epoch 5/800 | Total: 6.095 Edge: 0.593 Con: 0.340 Cls: 2.768 Hist: 1.8986 Path: 0.6654 | Val F1: 0.0238 | 0.9s
  Epoch 6/800 | Total: 5.801 Edge: 0.591 Con: 0.301 Cls: 2.610 Hist: 1.7860 Path: 0.6634 | 0.9s
  Epoch 7/800 | Total: 5.577 Edge: 0.594 Con: 0.281 Cls: 2.497 Hist: 1.6867 Path: 0.6592 | 0.9s
  Epoch 8/800 | Total: 5.333 Edge: 0.564 Con: 0.264 Cls: 2.396 Hist: 1.5990 Path: 0.6418 | 1.3s
  Epoch 9/800 | Total: 5.161 Edge: 0.547 Con: 0.251 Cls: 2.305 Hist: 1.5525 Path: 0.6310 | 1.1s
  Epoch 10/800 | Total: 5.019 Edge: 0.525 Con: 0.246 Cls: 2.253 Hist: 1.5023 Path: 0.6156 | Val F1: 0.0930 | 1.1s
  Epoch 11/800 | Total: 4.866 Edge: 0.529 Con: 0.242 Cls: 2.153 Hist: 1.4421 Path: 0.6207 | 1.1s
  Epoch 12/800 | Total: 4.761 Edge: 0.514 Con: 0.235 Cls: 2.116 Hist: 1.4051 Path: 0.6081 | 1.2s
  Epoch 13/800 | Total: 4.660 Edge: 0.502 Con: 0.232 Cls: 2.074 Hist: 1.3737 Path: 0.5938 | 1.1s
  Epoch 14/800 | Total: 4.648 Edge: 0.503 Con: 0.228 Cls: 2.066 Hist: 1.3645 Path: 0.5995 | 1.0s
  Epoch 15/800 | Total: 4.535 Edge: 0.495 Con: 0.228 Cls: 2.007 Hist: 1.3340 Path: 0.5855 | Val F1: 0.1481 | 1.1s
  Epoch 16/800 | Total: 4.467 Edge: 0.498 Con: 0.226 Cls: 1.969 Hist: 1.3011 Path: 0.5863 | 1.0s
  Epoch 17/800 | Total: 4.479 Edge: 0.504 Con: 0.225 Cls: 1.973 Hist: 1.3063 Path: 0.5830 | 0.9s
  Epoch 18/800 | Total: 4.443 Edge: 0.501 Con: 0.223 Cls: 1.956 Hist: 1.2872 Path: 0.5867 | 1.0s
  Epoch 19/800 | Total: 4.319 Edge: 0.486 Con: 0.223 Cls: 1.896 Hist: 1.2476 Path: 0.5777 | 1.1s
  Epoch 20/800 | Total: 4.273 Edge: 0.483 Con: 0.222 Cls: 1.873 Hist: 1.2349 Path: 0.5705 | Val F1: 0.1482 | 1.0s
  Epoch 21/800 | Total: 4.247 Edge: 0.465 Con: 0.220 Cls: 1.883 Hist: 1.2360 Path: 0.5517 | 1.3s
  Epoch 22/800 | Total: 4.115 Edge: 0.470 Con: 0.218 Cls: 1.801 Hist: 1.1830 Path: 0.5517 | 1.1s
  Epoch 23/800 | Total: 4.099 Edge: 0.459 Con: 0.216 Cls: 1.809 Hist: 1.1862 Path: 0.5361 | 1.0s
  Epoch 24/800 | Total: 4.033 Edge: 0.460 Con: 0.216 Cls: 1.772 Hist: 1.1557 Path: 0.5367 | 1.0s
  Epoch 25/800 | Total: 4.053 Edge: 0.460 Con: 0.215 Cls: 1.771 Hist: 1.1637 Path: 0.5504 | Val F1: 0.2033 | 1.1s
  Epoch 26/800 | Total: 4.067 Edge: 0.464 Con: 0.214 Cls: 1.787 Hist: 1.1594 Path: 0.5500 | 1.1s
  Epoch 27/800 | Total: 4.035 Edge: 0.454 Con: 0.214 Cls: 1.779 Hist: 1.1550 Path: 0.5399 | 1.3s
  Epoch 28/800 | Total: 3.953 Edge: 0.448 Con: 0.211 Cls: 1.740 Hist: 1.1318 Path: 0.5281 | 1.0s
  Epoch 29/800 | Total: 3.923 Edge: 0.441 Con: 0.209 Cls: 1.734 Hist: 1.1266 Path: 0.5165 | 0.9s
  Epoch 30/800 | Total: 3.970 Edge: 0.450 Con: 0.210 Cls: 1.737 Hist: 1.1416 Path: 0.5362 | Val F1: 0.2244 | 1.1s
  Epoch 31/800 | Total: 3.874 Edge: 0.436 Con: 0.210 Cls: 1.700 Hist: 1.1116 Path: 0.5213 | 0.9s
  Epoch 32/800 | Total: 3.836 Edge: 0.438 Con: 0.210 Cls: 1.677 Hist: 1.0993 Path: 0.5170 | 0.9s
  Epoch 33/800 | Total: 3.825 Edge: 0.442 Con: 0.211 Cls: 1.670 Hist: 1.0918 Path: 0.5159 | 0.9s
  Epoch 34/800 | Total: 3.777 Edge: 0.434 Con: 0.210 Cls: 1.654 Hist: 1.0734 Path: 0.5110 | 1.0s
  Epoch 35/800 | Total: 3.780 Edge: 0.430 Con: 0.208 Cls: 1.657 Hist: 1.0842 Path: 0.5052 | Val F1: 0.2325 | 1.0s
  Epoch 36/800 | Total: 3.764 Edge: 0.427 Con: 0.209 Cls: 1.645 Hist: 1.0757 Path: 0.5126 | 0.9s
  Epoch 37/800 | Total: 3.723 Edge: 0.423 Con: 0.210 Cls: 1.632 Hist: 1.0625 Path: 0.5003 | 1.0s
  Epoch 38/800 | Total: 3.722 Edge: 0.435 Con: 0.208 Cls: 1.626 Hist: 1.0558 Path: 0.5025 | 1.0s
  Epoch 39/800 | Total: 3.761 Edge: 0.433 Con: 0.208 Cls: 1.647 Hist: 1.0770 Path: 0.4995 | 0.9s
  Epoch 40/800 | Total: 3.795 Edge: 0.438 Con: 0.207 Cls: 1.666 Hist: 1.0800 Path: 0.5078 | Val F1: 0.2389 | 0.9s
  Epoch 41/800 | Total: 3.761 Edge: 0.448 Con: 0.207 Cls: 1.639 Hist: 1.0609 Path: 0.5102 | 1.0s
  Epoch 42/800 | Total: 3.713 Edge: 0.439 Con: 0.207 Cls: 1.604 Hist: 1.0429 Path: 0.5235 | 1.0s
  Epoch 43/800 | Total: 3.663 Edge: 0.425 Con: 0.209 Cls: 1.593 Hist: 1.0366 Path: 0.5048 | 1.0s
  Epoch 44/800 | Total: 3.682 Edge: 0.417 Con: 0.204 Cls: 1.616 Hist: 1.0525 Path: 0.4948 | 0.9s
  Epoch 45/800 | Total: 3.610 Edge: 0.415 Con: 0.208 Cls: 1.584 Hist: 1.0248 Path: 0.4830 | Val F1: 0.2516 | 1.0s
  Epoch 46/800 | Total: 3.605 Edge: 0.412 Con: 0.208 Cls: 1.581 Hist: 1.0241 Path: 0.4833 | 0.9s
  Epoch 47/800 | Total: 3.591 Edge: 0.411 Con: 0.206 Cls: 1.570 Hist: 1.0188 Path: 0.4871 | 1.3s
  Epoch 48/800 | Total: 3.581 Edge: 0.410 Con: 0.206 Cls: 1.566 Hist: 1.0175 Path: 0.4843 | 1.0s
  Epoch 49/800 | Total: 3.612 Edge: 0.409 Con: 0.202 Cls: 1.593 Hist: 1.0337 Path: 0.4757 | 1.3s
  Epoch 50/800 | Total: 3.593 Edge: 0.419 Con: 0.204 Cls: 1.572 Hist: 1.0134 Path: 0.4870 | Val F1: 0.2682 | 1.1s
  Epoch 51/800 | Total: 3.602 Edge: 0.405 Con: 0.206 Cls: 1.584 Hist: 1.0313 Path: 0.4789 | 1.0s
  Epoch 52/800 | Total: 3.537 Edge: 0.405 Con: 0.207 Cls: 1.551 Hist: 1.0040 Path: 0.4747 | 1.0s
  Epoch 53/800 | Total: 3.520 Edge: 0.404 Con: 0.206 Cls: 1.546 Hist: 0.9981 Path: 0.4691 | 0.9s
  Epoch 54/800 | Total: 3.522 Edge: 0.403 Con: 0.203 Cls: 1.543 Hist: 1.0040 Path: 0.4699 | 1.0s
  Epoch 55/800 | Total: 3.493 Edge: 0.401 Con: 0.205 Cls: 1.525 Hist: 0.9912 Path: 0.4732 | Val F1: 0.2641 | 0.9s
  Epoch 56/800 | Total: 3.517 Edge: 0.406 Con: 0.203 Cls: 1.538 Hist: 1.0016 Path: 0.4699 | 1.1s
  Epoch 57/800 | Total: 3.468 Edge: 0.404 Con: 0.205 Cls: 1.513 Hist: 0.9818 Path: 0.4665 | 1.0s
  Epoch 58/800 | Total: 3.468 Edge: 0.395 Con: 0.203 Cls: 1.522 Hist: 0.9868 Path: 0.4621 | 1.1s
  Epoch 59/800 | Total: 3.482 Edge: 0.392 Con: 0.201 Cls: 1.537 Hist: 0.9970 Path: 0.4552 | 1.2s
  Epoch 60/800 | Total: 3.437 Edge: 0.393 Con: 0.206 Cls: 1.504 Hist: 0.9746 Path: 0.4617 | Val F1: 0.2826 | 1.0s
  Epoch 61/800 | Total: 3.459 Edge: 0.392 Con: 0.201 Cls: 1.523 Hist: 0.9833 Path: 0.4595 | 1.1s
  Epoch 62/800 | Total: 3.538 Edge: 0.406 Con: 0.203 Cls: 1.554 Hist: 1.0035 Path: 0.4735 | 1.0s
  Epoch 63/800 | Total: 3.474 Edge: 0.405 Con: 0.201 Cls: 1.503 Hist: 0.9760 Path: 0.4902 | 0.9s
  Epoch 64/800 | Total: 3.515 Edge: 0.402 Con: 0.202 Cls: 1.531 Hist: 0.9911 Path: 0.4900 | 0.9s
  Epoch 65/800 | Total: 3.481 Edge: 0.398 Con: 0.201 Cls: 1.523 Hist: 0.9885 Path: 0.4701 | Val F1: 0.2881 | 0.9s
  Epoch 66/800 | Total: 3.488 Edge: 0.398 Con: 0.203 Cls: 1.530 Hist: 0.9904 Path: 0.4681 | 1.0s
  Epoch 67/800 | Total: 3.441 Edge: 0.396 Con: 0.203 Cls: 1.504 Hist: 0.9731 Path: 0.4659 | 1.0s
  Epoch 68/800 | Total: 3.441 Edge: 0.398 Con: 0.204 Cls: 1.502 Hist: 0.9747 Path: 0.4649 | 1.1s
  Epoch 69/800 | Total: 3.433 Edge: 0.398 Con: 0.202 Cls: 1.496 Hist: 0.9720 Path: 0.4651 | 0.9s
  Epoch 70/800 | Total: 3.411 Edge: 0.392 Con: 0.201 Cls: 1.497 Hist: 0.9703 Path: 0.4511 | Val F1: 0.2973 | 1.0s
  Epoch 71/800 | Total: 3.422 Edge: 0.387 Con: 0.200 Cls: 1.503 Hist: 0.9794 Path: 0.4520 | 1.1s
  Epoch 72/800 | Total: 3.394 Edge: 0.387 Con: 0.203 Cls: 1.492 Hist: 0.9631 Path: 0.4508 | 1.1s
  Epoch 73/800 | Total: 3.357 Edge: 0.381 Con: 0.199 Cls: 1.478 Hist: 0.9546 Path: 0.4446 | 1.1s
  Epoch 74/800 | Total: 3.401 Edge: 0.388 Con: 0.199 Cls: 1.496 Hist: 0.9644 Path: 0.4539 | 1.1s
  Epoch 75/800 | Total: 3.405 Edge: 0.383 Con: 0.199 Cls: 1.508 Hist: 0.9684 Path: 0.4470 | Val F1: 0.3049 | 1.1s
  Epoch 76/800 | Total: 3.398 Edge: 0.382 Con: 0.201 Cls: 1.498 Hist: 0.9677 Path: 0.4485 | 1.1s
  Epoch 77/800 | Total: 3.417 Edge: 0.383 Con: 0.202 Cls: 1.511 Hist: 0.9659 Path: 0.4560 | 1.0s
  Epoch 78/800 | Total: 3.464 Edge: 0.388 Con: 0.201 Cls: 1.531 Hist: 0.9889 Path: 0.4559 | 1.1s
  Epoch 79/800 | Total: 3.390 Edge: 0.381 Con: 0.199 Cls: 1.493 Hist: 0.9697 Path: 0.4470 | 1.2s
  Epoch 80/800 | Total: 3.339 Edge: 0.378 Con: 0.197 Cls: 1.472 Hist: 0.9512 Path: 0.4404 | Val F1: 0.2999 | 1.0s
  Epoch 81/800 | Total: 3.366 Edge: 0.377 Con: 0.200 Cls: 1.487 Hist: 0.9553 Path: 0.4471 | 1.2s
  Epoch 82/800 | Total: 3.324 Edge: 0.377 Con: 0.200 Cls: 1.462 Hist: 0.9438 Path: 0.4409 | 1.1s
  Epoch 83/800 | Total: 3.325 Edge: 0.379 Con: 0.200 Cls: 1.459 Hist: 0.9460 Path: 0.4401 | 1.1s
  Epoch 84/800 | Total: 3.303 Edge: 0.375 Con: 0.200 Cls: 1.450 Hist: 0.9390 Path: 0.4386 | 1.1s
  Epoch 85/800 | Total: 3.305 Edge: 0.377 Con: 0.201 Cls: 1.450 Hist: 0.9368 Path: 0.4401 | Val F1: 0.3131 | 1.1s
  Epoch 86/800 | Total: 3.314 Edge: 0.374 Con: 0.201 Cls: 1.462 Hist: 0.9396 Path: 0.4373 | 1.1s
  Epoch 87/800 | Total: 3.342 Edge: 0.378 Con: 0.198 Cls: 1.473 Hist: 0.9539 Path: 0.4383 | 0.9s
  Epoch 88/800 | Total: 3.315 Edge: 0.382 Con: 0.202 Cls: 1.460 Hist: 0.9372 Path: 0.4346 | 0.9s
  Epoch 89/800 | Total: 3.324 Edge: 0.382 Con: 0.198 Cls: 1.460 Hist: 0.9450 Path: 0.4382 | 0.9s
  Epoch 90/800 | Total: 3.302 Edge: 0.373 Con: 0.199 Cls: 1.456 Hist: 0.9397 Path: 0.4339 | Val F1: 0.3195 | 1.1s
  Epoch 91/800 | Total: 3.279 Edge: 0.374 Con: 0.197 Cls: 1.445 Hist: 0.9315 Path: 0.4299 | 1.2s
  Epoch 92/800 | Total: 3.294 Edge: 0.376 Con: 0.197 Cls: 1.451 Hist: 0.9372 Path: 0.4315 | 0.9s
  Epoch 93/800 | Total: 3.290 Edge: 0.372 Con: 0.200 Cls: 1.453 Hist: 0.9386 Path: 0.4272 | 1.0s
  Epoch 94/800 | Total: 3.258 Edge: 0.369 Con: 0.197 Cls: 1.440 Hist: 0.9250 Path: 0.4255 | 0.9s
  Epoch 95/800 | Total: 3.293 Edge: 0.369 Con: 0.199 Cls: 1.454 Hist: 0.9442 Path: 0.4261 | Val F1: 0.3225 | 0.9s
  Epoch 96/800 | Total: 3.274 Edge: 0.368 Con: 0.198 Cls: 1.444 Hist: 0.9361 Path: 0.4274 | 1.0s
  Epoch 97/800 | Total: 3.256 Edge: 0.366 Con: 0.196 Cls: 1.437 Hist: 0.9265 Path: 0.4282 | 1.0s
  Epoch 98/800 | Total: 3.316 Edge: 0.372 Con: 0.197 Cls: 1.464 Hist: 0.9500 Path: 0.4316 | 1.0s
  Epoch 99/800 | Total: 3.325 Edge: 0.370 Con: 0.198 Cls: 1.476 Hist: 0.9505 Path: 0.4298 | 1.0s
  Epoch 100/800 | Total: 3.314 Edge: 0.372 Con: 0.198 Cls: 1.464 Hist: 0.9414 Path: 0.4376 | Val F1: 0.3115 | 0.9s
  Epoch 101/800 | Total: 3.372 Edge: 0.376 Con: 0.196 Cls: 1.485 Hist: 0.9609 Path: 0.4533 | 1.1s
  Epoch 102/800 | Total: 3.316 Edge: 0.372 Con: 0.196 Cls: 1.462 Hist: 0.9416 Path: 0.4426 | 1.0s
  Epoch 103/800 | Total: 3.286 Edge: 0.372 Con: 0.198 Cls: 1.449 Hist: 0.9322 Path: 0.4336 | 1.1s
  Epoch 104/800 | Total: 3.305 Edge: 0.371 Con: 0.199 Cls: 1.464 Hist: 0.9396 Path: 0.4312 | 1.1s
  Epoch 105/800 | Total: 3.308 Edge: 0.371 Con: 0.196 Cls: 1.462 Hist: 0.9469 Path: 0.4310 | Val F1: 0.3324 | 0.9s
  Epoch 106/800 | Total: 3.320 Edge: 0.378 Con: 0.196 Cls: 1.470 Hist: 0.9442 Path: 0.4292 | 0.9s
  Epoch 107/800 | Total: 3.246 Edge: 0.369 Con: 0.198 Cls: 1.436 Hist: 0.9244 Path: 0.4181 | 1.0s
  Epoch 108/800 | Total: 3.236 Edge: 0.370 Con: 0.197 Cls: 1.428 Hist: 0.9172 Path: 0.4218 | 1.1s
  Epoch 109/800 | Total: 3.267 Edge: 0.367 Con: 0.199 Cls: 1.444 Hist: 0.9346 Path: 0.4212 | 1.1s
  Epoch 110/800 | Total: 3.233 Edge: 0.365 Con: 0.195 Cls: 1.433 Hist: 0.9161 Path: 0.4219 | Val F1: 0.3190 | 1.0s
  Epoch 111/800 | Total: 3.250 Edge: 0.368 Con: 0.197 Cls: 1.432 Hist: 0.9232 Path: 0.4286 | 1.0s
  Epoch 112/800 | Total: 3.228 Edge: 0.371 Con: 0.199 Cls: 1.416 Hist: 0.9113 Path: 0.4304 | 0.9s
  Epoch 113/800 | Total: 3.252 Edge: 0.374 Con: 0.198 Cls: 1.419 Hist: 0.9167 Path: 0.4436 | 0.9s
  Epoch 114/800 | Total: 3.247 Edge: 0.363 Con: 0.196 Cls: 1.428 Hist: 0.9241 Path: 0.4338 | 1.0s
  Epoch 115/800 | Total: 3.234 Edge: 0.364 Con: 0.197 Cls: 1.422 Hist: 0.9153 Path: 0.4338 | Val F1: 0.3371 | 1.0s
  Epoch 116/800 | Total: 3.238 Edge: 0.364 Con: 0.196 Cls: 1.427 Hist: 0.9212 Path: 0.4269 | 0.9s
  Epoch 117/800 | Total: 3.251 Edge: 0.372 Con: 0.197 Cls: 1.429 Hist: 0.9197 Path: 0.4327 | 1.0s
  Epoch 118/800 | Total: 3.214 Edge: 0.366 Con: 0.196 Cls: 1.411 Hist: 0.9124 Path: 0.4264 | 1.0s
  Epoch 119/800 | Total: 3.224 Edge: 0.363 Con: 0.198 Cls: 1.419 Hist: 0.9219 Path: 0.4213 | 1.0s
  Epoch 120/800 | Total: 3.214 Edge: 0.360 Con: 0.195 Cls: 1.424 Hist: 0.9145 Path: 0.4187 | Val F1: 0.3268 | 0.9s
  Epoch 121/800 | Total: 3.187 Edge: 0.360 Con: 0.197 Cls: 1.411 Hist: 0.9076 Path: 0.4105 | 0.9s
  Epoch 122/800 | Total: 3.160 Edge: 0.355 Con: 0.196 Cls: 1.397 Hist: 0.9011 Path: 0.4082 | 1.0s
  Epoch 123/800 | Total: 3.186 Edge: 0.359 Con: 0.194 Cls: 1.408 Hist: 0.9083 Path: 0.4134 | 1.1s
  Epoch 124/800 | Total: 3.289 Edge: 0.366 Con: 0.195 Cls: 1.464 Hist: 0.9418 Path: 0.4192 | 1.1s
  Epoch 125/800 | Total: 3.307 Edge: 0.368 Con: 0.197 Cls: 1.464 Hist: 0.9477 Path: 0.4288 | Val F1: 0.3228 | 1.0s
  Epoch 126/800 | Total: 3.233 Edge: 0.367 Con: 0.195 Cls: 1.425 Hist: 0.9153 Path: 0.4276 | 1.0s
  Epoch 127/800 | Total: 3.189 Edge: 0.361 Con: 0.196 Cls: 1.408 Hist: 0.9086 Path: 0.4139 | 1.0s
  Epoch 128/800 | Total: 3.146 Edge: 0.362 Con: 0.197 Cls: 1.384 Hist: 0.8912 Path: 0.4100 | 0.9s
  Epoch 129/800 | Total: 3.172 Edge: 0.358 Con: 0.193 Cls: 1.403 Hist: 0.9038 Path: 0.4104 | 1.0s
  Epoch 130/800 | Total: 3.181 Edge: 0.356 Con: 0.198 Cls: 1.410 Hist: 0.9090 Path: 0.4073 | Val F1: 0.3525 | 1.1s
  Epoch 131/800 | Total: 3.210 Edge: 0.356 Con: 0.196 Cls: 1.426 Hist: 0.9202 Path: 0.4105 | 1.0s
  Epoch 132/800 | Total: 3.212 Edge: 0.356 Con: 0.196 Cls: 1.424 Hist: 0.9160 Path: 0.4176 | 0.9s
  Epoch 133/800 | Total: 3.161 Edge: 0.355 Con: 0.196 Cls: 1.396 Hist: 0.8999 Path: 0.4113 | 0.9s
  Epoch 134/800 | Total: 3.186 Edge: 0.353 Con: 0.195 Cls: 1.412 Hist: 0.9134 Path: 0.4091 | 1.0s
  Epoch 135/800 | Total: 3.225 Edge: 0.357 Con: 0.194 Cls: 1.439 Hist: 0.9231 Path: 0.4085 | Val F1: 0.3307 | 0.9s
  Epoch 136/800 | Total: 3.209 Edge: 0.357 Con: 0.195 Cls: 1.429 Hist: 0.9097 Path: 0.4154 | 1.0s
  Epoch 137/800 | Total: 3.206 Edge: 0.354 Con: 0.193 Cls: 1.422 Hist: 0.9198 Path: 0.4134 | 1.1s
  Epoch 138/800 | Total: 3.189 Edge: 0.357 Con: 0.194 Cls: 1.409 Hist: 0.9068 Path: 0.4191 | 1.1s
  Epoch 139/800 | Total: 3.185 Edge: 0.361 Con: 0.194 Cls: 1.402 Hist: 0.9011 Path: 0.4232 | 1.2s
  Epoch 140/800 | Total: 3.192 Edge: 0.365 Con: 0.193 Cls: 1.402 Hist: 0.9026 Path: 0.4256 | Val F1: 0.3442 | 0.9s
  Epoch 141/800 | Total: 3.197 Edge: 0.355 Con: 0.192 Cls: 1.414 Hist: 0.9126 Path: 0.4193 | 0.9s
  Epoch 142/800 | Total: 3.211 Edge: 0.360 Con: 0.195 Cls: 1.417 Hist: 0.9118 Path: 0.4247 | 1.0s
  Epoch 143/800 | Total: 3.172 Edge: 0.361 Con: 0.194 Cls: 1.394 Hist: 0.9025 Path: 0.4170 | 1.2s
  Epoch 144/800 | Total: 3.143 Edge: 0.352 Con: 0.194 Cls: 1.391 Hist: 0.8940 Path: 0.4083 | 1.3s
  Epoch 145/800 | Total: 3.122 Edge: 0.353 Con: 0.193 Cls: 1.379 Hist: 0.8894 Path: 0.4036 | Val F1: 0.3471 | 0.9s
  Epoch 146/800 | Total: 3.159 Edge: 0.352 Con: 0.196 Cls: 1.398 Hist: 0.9054 Path: 0.4047 | 1.1s
  Epoch 147/800 | Total: 3.181 Edge: 0.357 Con: 0.193 Cls: 1.406 Hist: 0.9079 Path: 0.4142 | 0.9s
  Epoch 148/800 | Total: 3.215 Edge: 0.357 Con: 0.194 Cls: 1.426 Hist: 0.9208 Path: 0.4142 | 1.0s
  Epoch 149/800 | Total: 3.160 Edge: 0.361 Con: 0.195 Cls: 1.395 Hist: 0.8918 Path: 0.4144 | 1.2s
  Epoch 150/800 | Total: 3.215 Edge: 0.368 Con: 0.195 Cls: 1.418 Hist: 0.9119 Path: 0.4195 | Val F1: 0.3335 | 1.1s
  Epoch 151/800 | Total: 3.190 Edge: 0.355 Con: 0.195 Cls: 1.412 Hist: 0.9124 Path: 0.4120 | 1.0s
  Epoch 152/800 | Total: 3.154 Edge: 0.350 Con: 0.193 Cls: 1.404 Hist: 0.9027 Path: 0.4015 | 1.0s
  Epoch 153/800 | Total: 3.187 Edge: 0.351 Con: 0.194 Cls: 1.421 Hist: 0.9151 Path: 0.4036 | 0.9s
  Epoch 154/800 | Total: 3.180 Edge: 0.350 Con: 0.193 Cls: 1.419 Hist: 0.9090 Path: 0.4049 | 1.0s
  Epoch 155/800 | Total: 3.179 Edge: 0.350 Con: 0.193 Cls: 1.417 Hist: 0.9120 Path: 0.4032 | Val F1: 0.3328 | 1.1s
  Epoch 156/800 | Total: 3.163 Edge: 0.364 Con: 0.195 Cls: 1.396 Hist: 0.8968 Path: 0.4083 | 1.0s
  Epoch 157/800 | Total: 3.187 Edge: 0.382 Con: 0.193 Cls: 1.388 Hist: 0.8911 Path: 0.4287 | 0.9s
  Epoch 158/800 | Total: 3.199 Edge: 0.363 Con: 0.193 Cls: 1.407 Hist: 0.9134 Path: 0.4180 | 1.0s
  Epoch 159/800 | Total: 3.164 Edge: 0.360 Con: 0.193 Cls: 1.394 Hist: 0.9034 Path: 0.4096 | 1.1s
  Epoch 160/800 | Total: 3.192 Edge: 0.355 Con: 0.192 Cls: 1.422 Hist: 0.9171 Path: 0.4025 | Val F1: 0.3176 | 1.1s
  Epoch 161/800 | Total: 3.203 Edge: 0.353 Con: 0.192 Cls: 1.432 Hist: 0.9213 Path: 0.4010 | 1.2s
  Epoch 162/800 | Total: 3.172 Edge: 0.351 Con: 0.191 Cls: 1.413 Hist: 0.9134 Path: 0.4000 | 1.0s
  Epoch 163/800 | Total: 3.142 Edge: 0.354 Con: 0.193 Cls: 1.388 Hist: 0.8926 Path: 0.4115 | 0.9s
  Epoch 164/800 | Total: 3.148 Edge: 0.351 Con: 0.192 Cls: 1.396 Hist: 0.9001 Path: 0.4054 | 0.9s
  Epoch 165/800 | Total: 3.162 Edge: 0.353 Con: 0.194 Cls: 1.405 Hist: 0.9024 Path: 0.4041 | Val F1: 0.3519 | 0.9s
  Epoch 166/800 | Total: 3.159 Edge: 0.351 Con: 0.192 Cls: 1.403 Hist: 0.9058 Path: 0.4030 | 1.2s
  Epoch 167/800 | Total: 3.210 Edge: 0.352 Con: 0.193 Cls: 1.443 Hist: 0.9154 Path: 0.4032 | 1.0s
  Epoch 168/800 | Total: 3.350 Edge: 0.360 Con: 0.195 Cls: 1.505 Hist: 0.9713 Path: 0.4163 | 0.9s
  Epoch 169/800 | Total: 3.227 Edge: 0.366 Con: 0.193 Cls: 1.423 Hist: 0.9193 Path: 0.4221 | 1.1s
  Epoch 170/800 | Total: 3.192 Edge: 0.357 Con: 0.192 Cls: 1.411 Hist: 0.9068 Path: 0.4217 | Val F1: 0.3453 | 1.1s
  Epoch 171/800 | Total: 3.156 Edge: 0.352 Con: 0.191 Cls: 1.395 Hist: 0.8991 Path: 0.4152 | 1.0s
  Epoch 172/800 | Total: 3.139 Edge: 0.352 Con: 0.191 Cls: 1.388 Hist: 0.8929 Path: 0.4105 | 1.1s
  Epoch 173/800 | Total: 3.131 Edge: 0.350 Con: 0.193 Cls: 1.383 Hist: 0.8935 Path: 0.4079 | 1.1s
  Epoch 174/800 | Total: 3.098 Edge: 0.352 Con: 0.190 Cls: 1.364 Hist: 0.8813 Path: 0.4052 | 1.0s
  Epoch 175/800 | Total: 3.093 Edge: 0.346 Con: 0.192 Cls: 1.369 Hist: 0.8869 Path: 0.3953 | Val F1: 0.3639 | 1.0s
  Epoch 176/800 | Total: 3.089 Edge: 0.345 Con: 0.191 Cls: 1.374 Hist: 0.8799 Path: 0.3946 | 1.0s
  Epoch 177/800 | Total: 3.099 Edge: 0.347 Con: 0.193 Cls: 1.375 Hist: 0.8843 Path: 0.3969 | 1.1s
  Epoch 178/800 | Total: 3.094 Edge: 0.351 Con: 0.190 Cls: 1.371 Hist: 0.8801 Path: 0.3975 | 1.0s
  Epoch 179/800 | Total: 3.094 Edge: 0.350 Con: 0.189 Cls: 1.369 Hist: 0.8791 Path: 0.4013 | 1.0s
  Epoch 180/800 | Total: 3.081 Edge: 0.345 Con: 0.191 Cls: 1.364 Hist: 0.8786 Path: 0.3980 | Val F1: 0.3659 | 1.0s
  Epoch 181/800 | Total: 3.083 Edge: 0.346 Con: 0.193 Cls: 1.365 Hist: 0.8796 Path: 0.3961 | 1.1s
  Epoch 182/800 | Total: 3.126 Edge: 0.347 Con: 0.190 Cls: 1.389 Hist: 0.8958 Path: 0.3994 | 0.9s
  Epoch 183/800 | Total: 3.136 Edge: 0.347 Con: 0.193 Cls: 1.393 Hist: 0.9003 Path: 0.3992 | 0.9s
  Epoch 184/800 | Total: 3.126 Edge: 0.349 Con: 0.191 Cls: 1.385 Hist: 0.8923 Path: 0.4038 | 0.9s
  Epoch 185/800 | Total: 3.103 Edge: 0.351 Con: 0.191 Cls: 1.369 Hist: 0.8846 Path: 0.4024 | Val F1: 0.3604 | 1.0s
  Epoch 186/800 | Total: 3.094 Edge: 0.348 Con: 0.190 Cls: 1.371 Hist: 0.8829 Path: 0.3969 | 1.1s
  Epoch 187/800 | Total: 3.103 Edge: 0.345 Con: 0.191 Cls: 1.379 Hist: 0.8856 Path: 0.3975 | 1.2s
  Epoch 188/800 | Total: 3.084 Edge: 0.346 Con: 0.189 Cls: 1.368 Hist: 0.8795 Path: 0.3956 | 0.9s
  Epoch 189/800 | Total: 3.094 Edge: 0.344 Con: 0.190 Cls: 1.377 Hist: 0.8819 Path: 0.3954 | 1.0s
  Epoch 190/800 | Total: 3.089 Edge: 0.344 Con: 0.189 Cls: 1.376 Hist: 0.8847 Path: 0.3893 | Val F1: 0.3587 | 1.2s
  Epoch 191/800 | Total: 3.100 Edge: 0.346 Con: 0.191 Cls: 1.383 Hist: 0.8793 Path: 0.3957 | 0.9s
  Epoch 192/800 | Total: 3.096 Edge: 0.346 Con: 0.190 Cls: 1.374 Hist: 0.8868 Path: 0.3951 | 1.2s
  Epoch 193/800 | Total: 3.099 Edge: 0.344 Con: 0.190 Cls: 1.383 Hist: 0.8864 Path: 0.3909 | 1.1s
  Epoch 194/800 | Total: 3.129 Edge: 0.350 Con: 0.190 Cls: 1.390 Hist: 0.8905 Path: 0.4035 | 1.0s
  Epoch 195/800 | Total: 3.077 Edge: 0.344 Con: 0.191 Cls: 1.365 Hist: 0.8761 Path: 0.3962 | Val F1: 0.3642 | 1.1s
  Epoch 196/800 | Total: 3.051 Edge: 0.342 Con: 0.188 Cls: 1.352 Hist: 0.8732 Path: 0.3901 | 1.0s
  Epoch 197/800 | Total: 3.040 Edge: 0.338 Con: 0.190 Cls: 1.348 Hist: 0.8711 Path: 0.3879 | 1.0s
  Epoch 198/800 | Total: 3.073 Edge: 0.341 Con: 0.189 Cls: 1.369 Hist: 0.8811 Path: 0.3881 | 1.0s
  Epoch 199/800 | Total: 3.088 Edge: 0.344 Con: 0.191 Cls: 1.373 Hist: 0.8829 Path: 0.3928 | 0.9s
  Epoch 200/800 | Total: 3.087 Edge: 0.347 Con: 0.192 Cls: 1.366 Hist: 0.8779 Path: 0.4000 | Val F1: 0.3597 | 1.1s
  Epoch 201/800 | Total: 3.044 Edge: 0.343 Con: 0.189 Cls: 1.349 Hist: 0.8671 Path: 0.3906 | 1.0s
  Epoch 202/800 | Total: 3.144 Edge: 0.344 Con: 0.190 Cls: 1.400 Hist: 0.9067 Path: 0.3993 | 1.1s
  Epoch 203/800 | Total: 3.137 Edge: 0.352 Con: 0.192 Cls: 1.386 Hist: 0.8944 Path: 0.4099 | 1.2s
  Epoch 204/800 | Total: 3.125 Edge: 0.360 Con: 0.189 Cls: 1.378 Hist: 0.8854 Path: 0.4074 | 0.9s
  Epoch 205/800 | Total: 3.120 Edge: 0.350 Con: 0.189 Cls: 1.383 Hist: 0.8888 Path: 0.4036 | Val F1: 0.3769 | 1.1s
  Epoch 206/800 | Total: 3.105 Edge: 0.342 Con: 0.189 Cls: 1.383 Hist: 0.8884 Path: 0.3969 | 1.0s
  Epoch 207/800 | Total: 3.086 Edge: 0.338 Con: 0.189 Cls: 1.373 Hist: 0.8844 Path: 0.3956 | 1.1s
  Epoch 208/800 | Total: 3.067 Edge: 0.342 Con: 0.192 Cls: 1.360 Hist: 0.8738 Path: 0.3949 | 0.9s
  Epoch 209/800 | Total: 3.067 Edge: 0.338 Con: 0.189 Cls: 1.367 Hist: 0.8777 Path: 0.3892 | 1.0s
  Epoch 210/800 | Total: 3.043 Edge: 0.338 Con: 0.191 Cls: 1.355 Hist: 0.8679 Path: 0.3870 | Val F1: 0.3685 | 1.0s
  Epoch 211/800 | Total: 3.046 Edge: 0.342 Con: 0.189 Cls: 1.350 Hist: 0.8677 Path: 0.3912 | 1.1s
  Epoch 212/800 | Total: 3.078 Edge: 0.347 Con: 0.191 Cls: 1.366 Hist: 0.8807 Path: 0.3889 | 1.1s
  Epoch 213/800 | Total: 3.093 Edge: 0.343 Con: 0.189 Cls: 1.380 Hist: 0.8856 Path: 0.3900 | 0.9s
  Epoch 214/800 | Total: 3.095 Edge: 0.344 Con: 0.189 Cls: 1.376 Hist: 0.8806 Path: 0.4000 | 0.9s
  Epoch 215/800 | Total: 3.089 Edge: 0.341 Con: 0.188 Cls: 1.374 Hist: 0.8822 Path: 0.3979 | Val F1: 0.3752 | 1.1s
  Epoch 216/800 | Total: 3.095 Edge: 0.342 Con: 0.189 Cls: 1.375 Hist: 0.8921 Path: 0.3907 | 0.9s
  Epoch 217/800 | Total: 3.066 Edge: 0.344 Con: 0.189 Cls: 1.364 Hist: 0.8748 Path: 0.3887 | 1.1s
  Epoch 218/800 | Total: 3.073 Edge: 0.345 Con: 0.188 Cls: 1.368 Hist: 0.8801 Path: 0.3862 | 1.0s
  Epoch 219/800 | Total: 3.058 Edge: 0.350 Con: 0.188 Cls: 1.353 Hist: 0.8750 Path: 0.3854 | 1.1s
  Epoch 220/800 | Total: 3.054 Edge: 0.342 Con: 0.188 Cls: 1.354 Hist: 0.8707 Path: 0.3926 | Val F1: 0.3732 | 1.0s
  Epoch 221/800 | Total: 3.053 Edge: 0.337 Con: 0.187 Cls: 1.357 Hist: 0.8744 Path: 0.3901 | 1.0s
  Epoch 222/800 | Total: 3.047 Edge: 0.337 Con: 0.187 Cls: 1.357 Hist: 0.8736 Path: 0.3866 | 1.1s
  Epoch 223/800 | Total: 3.043 Edge: 0.338 Con: 0.189 Cls: 1.352 Hist: 0.8714 Path: 0.3872 | 0.9s
  Epoch 224/800 | Total: 3.046 Edge: 0.340 Con: 0.189 Cls: 1.354 Hist: 0.8668 Path: 0.3903 | 0.9s
  Epoch 225/800 | Total: 3.036 Edge: 0.339 Con: 0.187 Cls: 1.347 Hist: 0.8683 Path: 0.3884 | Val F1: 0.3702 | 0.9s
  Epoch 226/800 | Total: 3.042 Edge: 0.339 Con: 0.190 Cls: 1.352 Hist: 0.8699 Path: 0.3865 | 1.0s
  Epoch 227/800 | Total: 3.060 Edge: 0.337 Con: 0.188 Cls: 1.358 Hist: 0.8800 Path: 0.3914 | 1.0s
  Epoch 228/800 | Total: 3.100 Edge: 0.335 Con: 0.188 Cls: 1.377 Hist: 0.8917 Path: 0.4020 | 0.9s
  Epoch 229/800 | Total: 3.111 Edge: 0.340 Con: 0.188 Cls: 1.366 Hist: 0.8869 Path: 0.4240 | 1.2s
  Epoch 230/800 | Total: 3.109 Edge: 0.348 Con: 0.187 Cls: 1.371 Hist: 0.8790 Path: 0.4171 | Val F1: 0.3610 | 1.0s
  Epoch 231/800 | Total: 3.073 Edge: 0.342 Con: 0.188 Cls: 1.359 Hist: 0.8777 Path: 0.4003 | 1.2s
  Epoch 232/800 | Total: 3.031 Edge: 0.338 Con: 0.188 Cls: 1.345 Hist: 0.8646 Path: 0.3898 | 1.2s
  Epoch 233/800 | Total: 3.045 Edge: 0.337 Con: 0.189 Cls: 1.355 Hist: 0.8743 Path: 0.3842 | 1.0s
  Epoch 234/800 | Total: 3.011 Edge: 0.335 Con: 0.189 Cls: 1.338 Hist: 0.8591 Path: 0.3847 | 1.0s
  Epoch 235/800 | Total: 3.041 Edge: 0.335 Con: 0.190 Cls: 1.357 Hist: 0.8720 Path: 0.3824 | Val F1: 0.3657 | 1.0s
  Epoch 236/800 | Total: 3.035 Edge: 0.333 Con: 0.187 Cls: 1.353 Hist: 0.8755 Path: 0.3797 | 1.0s
  Epoch 237/800 | Total: 3.055 Edge: 0.340 Con: 0.187 Cls: 1.363 Hist: 0.8743 Path: 0.3840 | 1.1s
  Epoch 238/800 | Total: 3.052 Edge: 0.338 Con: 0.188 Cls: 1.363 Hist: 0.8758 Path: 0.3820 | 0.9s
  Epoch 239/800 | Total: 3.031 Edge: 0.338 Con: 0.187 Cls: 1.345 Hist: 0.8703 Path: 0.3833 | 0.9s
  Epoch 240/800 | Total: 3.022 Edge: 0.338 Con: 0.188 Cls: 1.345 Hist: 0.8611 Path: 0.3841 | Val F1: 0.3786 | 1.0s
  Epoch 241/800 | Total: 3.083 Edge: 0.336 Con: 0.189 Cls: 1.378 Hist: 0.8864 Path: 0.3879 | 1.0s
  Epoch 242/800 | Total: 3.072 Edge: 0.337 Con: 0.188 Cls: 1.371 Hist: 0.8816 Path: 0.3885 | 0.9s
  Epoch 243/800 | Total: 3.138 Edge: 0.346 Con: 0.188 Cls: 1.405 Hist: 0.8981 Path: 0.3945 | 0.9s
  Epoch 244/800 | Total: 3.171 Edge: 0.353 Con: 0.188 Cls: 1.411 Hist: 0.9098 Path: 0.4040 | 1.1s
  Epoch 245/800 | Total: 3.124 Edge: 0.346 Con: 0.188 Cls: 1.393 Hist: 0.8938 Path: 0.3969 | Val F1: 0.3673 | 0.9s
  Epoch 246/800 | Total: 3.111 Edge: 0.347 Con: 0.186 Cls: 1.386 Hist: 0.8922 Path: 0.3928 | 1.2s
  Epoch 247/800 | Total: 3.087 Edge: 0.346 Con: 0.188 Cls: 1.371 Hist: 0.8808 Path: 0.3953 | 1.0s
  Epoch 248/800 | Total: 3.043 Edge: 0.339 Con: 0.187 Cls: 1.354 Hist: 0.8696 Path: 0.3875 | 1.1s
  Epoch 249/800 | Total: 3.081 Edge: 0.337 Con: 0.187 Cls: 1.374 Hist: 0.8887 Path: 0.3885 | 1.1s
  Epoch 250/800 | Total: 3.184 Edge: 0.343 Con: 0.190 Cls: 1.428 Hist: 0.9217 Path: 0.3957 | Val F1: 0.3588 | 0.9s
  Epoch 251/800 | Total: 3.089 Edge: 0.340 Con: 0.189 Cls: 1.376 Hist: 0.8881 Path: 0.3900 | 0.9s
  Epoch 252/800 | Total: 3.063 Edge: 0.338 Con: 0.189 Cls: 1.366 Hist: 0.8780 Path: 0.3859 | 0.9s
  Epoch 253/800 | Total: 3.076 Edge: 0.346 Con: 0.190 Cls: 1.361 Hist: 0.8769 Path: 0.3975 | 0.9s
  Epoch 254/800 | Total: 3.079 Edge: 0.350 Con: 0.186 Cls: 1.352 Hist: 0.8752 Path: 0.4082 | 1.0s
  Epoch 255/800 | Total: 3.061 Edge: 0.347 Con: 0.187 Cls: 1.348 Hist: 0.8730 Path: 0.3999 | Val F1: 0.3812 | 0.9s
  Epoch 256/800 | Total: 3.038 Edge: 0.339 Con: 0.187 Cls: 1.343 Hist: 0.8690 Path: 0.3928 | 1.0s
  Epoch 257/800 | Total: 3.026 Edge: 0.335 Con: 0.187 Cls: 1.344 Hist: 0.8692 Path: 0.3840 | 0.9s
  Epoch 258/800 | Total: 3.012 Edge: 0.335 Con: 0.188 Cls: 1.336 Hist: 0.8653 Path: 0.3820 | 1.1s
  Epoch 259/800 | Total: 3.008 Edge: 0.331 Con: 0.186 Cls: 1.343 Hist: 0.8650 Path: 0.3761 | 0.9s
  Epoch 260/800 | Total: 3.055 Edge: 0.332 Con: 0.186 Cls: 1.371 Hist: 0.8787 Path: 0.3806 | Val F1: 0.3822 | 1.0s
  Epoch 261/800 | Total: 3.034 Edge: 0.334 Con: 0.186 Cls: 1.354 Hist: 0.8731 Path: 0.3810 | 1.1s
  Epoch 262/800 | Total: 3.033 Edge: 0.333 Con: 0.187 Cls: 1.353 Hist: 0.8701 Path: 0.3836 | 1.1s
  Epoch 263/800 | Total: 3.054 Edge: 0.338 Con: 0.188 Cls: 1.361 Hist: 0.8777 Path: 0.3841 | 1.0s
  Epoch 264/800 | Total: 3.023 Edge: 0.333 Con: 0.187 Cls: 1.349 Hist: 0.8679 Path: 0.3798 | 1.0s
  Epoch 265/800 | Total: 3.073 Edge: 0.335 Con: 0.187 Cls: 1.378 Hist: 0.8831 Path: 0.3831 | Val F1: 0.3472 | 1.2s
  Epoch 266/800 | Total: 3.043 Edge: 0.336 Con: 0.188 Cls: 1.360 Hist: 0.8736 Path: 0.3791 | 1.0s
  Epoch 267/800 | Total: 3.027 Edge: 0.339 Con: 0.187 Cls: 1.345 Hist: 0.8629 Path: 0.3868 | 1.0s
  Epoch 268/800 | Total: 3.075 Edge: 0.337 Con: 0.188 Cls: 1.377 Hist: 0.8839 Path: 0.3838 | 0.9s
  Epoch 269/800 | Total: 3.005 Edge: 0.336 Con: 0.186 Cls: 1.335 Hist: 0.8592 Path: 0.3813 | 1.2s
  Epoch 270/800 | Total: 3.004 Edge: 0.336 Con: 0.188 Cls: 1.334 Hist: 0.8599 Path: 0.3804 | Val F1: 0.3777 | 1.0s
  Epoch 271/800 | Total: 3.012 Edge: 0.336 Con: 0.188 Cls: 1.339 Hist: 0.8626 Path: 0.3809 | 0.9s
  Epoch 272/800 | Total: 2.993 Edge: 0.331 Con: 0.184 Cls: 1.336 Hist: 0.8572 Path: 0.3768 | 0.9s
  Epoch 273/800 | Total: 2.979 Edge: 0.329 Con: 0.186 Cls: 1.326 Hist: 0.8558 Path: 0.3754 | 1.1s
  Epoch 274/800 | Total: 2.975 Edge: 0.328 Con: 0.186 Cls: 1.322 Hist: 0.8574 Path: 0.3751 | 0.9s
  Epoch 275/800 | Total: 2.958 Edge: 0.329 Con: 0.187 Cls: 1.312 Hist: 0.8454 Path: 0.3787 | Val F1: 0.3724 | 1.0s
  Epoch 276/800 | Total: 3.044 Edge: 0.333 Con: 0.188 Cls: 1.353 Hist: 0.8745 Path: 0.3895 | 1.2s
  Epoch 277/800 | Total: 2.999 Edge: 0.333 Con: 0.186 Cls: 1.332 Hist: 0.8579 Path: 0.3835 | 1.1s
  Epoch 278/800 | Total: 2.993 Edge: 0.332 Con: 0.185 Cls: 1.329 Hist: 0.8588 Path: 0.3809 | 0.9s
  Epoch 279/800 | Total: 3.002 Edge: 0.333 Con: 0.186 Cls: 1.337 Hist: 0.8595 Path: 0.3800 | 1.0s
  Epoch 280/800 | Total: 2.991 Edge: 0.334 Con: 0.185 Cls: 1.330 Hist: 0.8527 Path: 0.3818 | Val F1: 0.3714 | 1.0s
  Epoch 281/800 | Total: 2.993 Edge: 0.340 Con: 0.185 Cls: 1.326 Hist: 0.8469 Path: 0.3876 | 1.0s
  Epoch 282/800 | Total: 3.000 Edge: 0.333 Con: 0.185 Cls: 1.331 Hist: 0.8567 Path: 0.3853 | 1.1s
  Epoch 283/800 | Total: 3.018 Edge: 0.332 Con: 0.186 Cls: 1.342 Hist: 0.8649 Path: 0.3855 | 1.1s
  Epoch 284/800 | Total: 3.084 Edge: 0.336 Con: 0.187 Cls: 1.384 Hist: 0.8866 Path: 0.3838 | 1.2s
  Epoch 285/800 | Total: 3.068 Edge: 0.342 Con: 0.186 Cls: 1.366 Hist: 0.8775 Path: 0.3896 | Val F1: 0.3726 | 1.1s
  Epoch 286/800 | Total: 3.011 Edge: 0.334 Con: 0.186 Cls: 1.335 Hist: 0.8656 Path: 0.3836 | 1.1s
  Epoch 287/800 | Total: 3.050 Edge: 0.336 Con: 0.186 Cls: 1.357 Hist: 0.8757 Path: 0.3884 | 1.1s
  Epoch 288/800 | Total: 3.006 Edge: 0.334 Con: 0.188 Cls: 1.336 Hist: 0.8573 Path: 0.3855 | 0.9s
  Epoch 289/800 | Total: 2.992 Edge: 0.333 Con: 0.186 Cls: 1.328 Hist: 0.8522 Path: 0.3850 | 1.1s
  Epoch 290/800 | Total: 2.998 Edge: 0.332 Con: 0.184 Cls: 1.336 Hist: 0.8597 Path: 0.3785 | Val F1: 0.3706 | 1.1s
  Epoch 291/800 | Total: 2.999 Edge: 0.332 Con: 0.186 Cls: 1.334 Hist: 0.8624 Path: 0.3777 | 1.0s
  Epoch 292/800 | Total: 2.987 Edge: 0.334 Con: 0.187 Cls: 1.330 Hist: 0.8511 Path: 0.3783 | 1.2s
  Epoch 293/800 | Total: 3.053 Edge: 0.333 Con: 0.186 Cls: 1.363 Hist: 0.8821 Path: 0.3829 | 0.9s
  Epoch 294/800 | Total: 2.999 Edge: 0.328 Con: 0.184 Cls: 1.339 Hist: 0.8615 Path: 0.3784 | 0.9s
  Epoch 295/800 | Total: 3.016 Edge: 0.334 Con: 0.185 Cls: 1.341 Hist: 0.8642 Path: 0.3839 | Val F1: 0.3862 | 1.1s
  Epoch 296/800 | Total: 3.003 Edge: 0.331 Con: 0.189 Cls: 1.335 Hist: 0.8606 Path: 0.3823 | 1.1s
  Epoch 297/800 | Total: 2.964 Edge: 0.329 Con: 0.186 Cls: 1.318 Hist: 0.8509 Path: 0.3732 | 1.1s
  Epoch 298/800 | Total: 2.964 Edge: 0.326 Con: 0.188 Cls: 1.319 Hist: 0.8566 Path: 0.3685 | 1.1s
  Epoch 299/800 | Total: 3.005 Edge: 0.329 Con: 0.188 Cls: 1.346 Hist: 0.8623 Path: 0.3740 | 0.9s
  Epoch 300/800 | Total: 2.983 Edge: 0.328 Con: 0.187 Cls: 1.329 Hist: 0.8534 Path: 0.3798 | Val F1: 0.3836 | 0.9s
  Epoch 301/800 | Total: 2.983 Edge: 0.330 Con: 0.185 Cls: 1.325 Hist: 0.8535 Path: 0.3824 | 0.9s
  Epoch 302/800 | Total: 2.976 Edge: 0.327 Con: 0.185 Cls: 1.325 Hist: 0.8563 Path: 0.3755 | 1.3s
  Epoch 303/800 | Total: 2.971 Edge: 0.330 Con: 0.186 Cls: 1.323 Hist: 0.8533 Path: 0.3716 | 0.9s
  Epoch 304/800 | Total: 3.028 Edge: 0.334 Con: 0.187 Cls: 1.355 Hist: 0.8678 Path: 0.3786 | 1.0s
  Epoch 305/800 | Total: 2.982 Edge: 0.329 Con: 0.185 Cls: 1.330 Hist: 0.8555 Path: 0.3748 | Val F1: 0.3764 | 1.0s
  Epoch 306/800 | Total: 2.967 Edge: 0.331 Con: 0.187 Cls: 1.319 Hist: 0.8453 Path: 0.3784 | 1.2s
  Epoch 307/800 | Total: 2.987 Edge: 0.333 Con: 0.185 Cls: 1.328 Hist: 0.8568 Path: 0.3772 | 0.9s
  Epoch 308/800 | Total: 2.981 Edge: 0.330 Con: 0.187 Cls: 1.325 Hist: 0.8532 Path: 0.3793 | 1.0s
  Epoch 309/800 | Total: 2.969 Edge: 0.332 Con: 0.186 Cls: 1.312 Hist: 0.8500 Path: 0.3827 | 0.9s
  Epoch 310/800 | Total: 2.956 Edge: 0.327 Con: 0.186 Cls: 1.313 Hist: 0.8475 Path: 0.3756 | Val F1: 0.3834 | 0.9s
  Epoch 311/800 | Total: 2.971 Edge: 0.328 Con: 0.186 Cls: 1.317 Hist: 0.8493 Path: 0.3841 | 0.9s
  Epoch 312/800 | Total: 2.964 Edge: 0.329 Con: 0.187 Cls: 1.319 Hist: 0.8434 Path: 0.3790 | 1.0s
  Epoch 313/800 | Total: 3.004 Edge: 0.328 Con: 0.185 Cls: 1.339 Hist: 0.8691 Path: 0.3757 | 1.0s
  Epoch 314/800 | Total: 2.998 Edge: 0.328 Con: 0.185 Cls: 1.341 Hist: 0.8580 Path: 0.3787 | 1.2s
  Epoch 315/800 | Total: 2.974 Edge: 0.329 Con: 0.186 Cls: 1.320 Hist: 0.8527 Path: 0.3792 | Val F1: 0.3784 | 1.1s
  Epoch 316/800 | Total: 2.972 Edge: 0.331 Con: 0.186 Cls: 1.316 Hist: 0.8505 Path: 0.3807 | 0.9s
  Epoch 317/800 | Total: 2.987 Edge: 0.331 Con: 0.188 Cls: 1.333 Hist: 0.8540 Path: 0.3762 | 0.9s
  Epoch 318/800 | Total: 2.988 Edge: 0.330 Con: 0.186 Cls: 1.327 Hist: 0.8572 Path: 0.3804 | 1.0s
  Epoch 319/800 | Total: 2.998 Edge: 0.330 Con: 0.185 Cls: 1.337 Hist: 0.8550 Path: 0.3834 | 0.9s
  Epoch 320/800 | Total: 3.009 Edge: 0.334 Con: 0.184 Cls: 1.337 Hist: 0.8611 Path: 0.3847 | Val F1: 0.3648 | 1.0s
  Epoch 321/800 | Total: 3.097 Edge: 0.339 Con: 0.186 Cls: 1.379 Hist: 0.8878 Path: 0.3987 | 1.2s
  Epoch 322/800 | Total: 3.045 Edge: 0.333 Con: 0.188 Cls: 1.353 Hist: 0.8698 Path: 0.3952 | 1.1s
  Epoch 323/800 | Total: 3.028 Edge: 0.332 Con: 0.185 Cls: 1.344 Hist: 0.8655 Path: 0.3934 | 1.1s
  Epoch 324/800 | Total: 3.019 Edge: 0.330 Con: 0.185 Cls: 1.346 Hist: 0.8672 Path: 0.3834 | 1.0s
  Epoch 325/800 | Total: 2.974 Edge: 0.334 Con: 0.185 Cls: 1.321 Hist: 0.8435 Path: 0.3837 | Val F1: 0.3837 | 0.9s
  Epoch 326/800 | Total: 2.994 Edge: 0.331 Con: 0.185 Cls: 1.331 Hist: 0.8582 Path: 0.3818 | 0.9s
  Epoch 327/800 | Total: 3.056 Edge: 0.331 Con: 0.185 Cls: 1.369 Hist: 0.8845 Path: 0.3788 | 0.9s
  Epoch 328/800 | Total: 2.991 Edge: 0.330 Con: 0.184 Cls: 1.337 Hist: 0.8594 Path: 0.3732 | 0.9s
  Epoch 329/800 | Total: 2.959 Edge: 0.330 Con: 0.184 Cls: 1.316 Hist: 0.8494 Path: 0.3716 | 1.0s
  Epoch 330/800 | Total: 2.970 Edge: 0.325 Con: 0.185 Cls: 1.325 Hist: 0.8584 Path: 0.3689 | Val F1: 0.3842 | 0.9s
  Epoch 331/800 | Total: 3.034 Edge: 0.330 Con: 0.187 Cls: 1.360 Hist: 0.8724 Path: 0.3779 | 1.0s
  Epoch 332/800 | Total: 3.032 Edge: 0.331 Con: 0.188 Cls: 1.354 Hist: 0.8708 Path: 0.3821 | 1.2s
  Epoch 333/800 | Total: 3.063 Edge: 0.332 Con: 0.185 Cls: 1.370 Hist: 0.8818 Path: 0.3862 | 1.0s
  Epoch 334/800 | Total: 2.976 Edge: 0.330 Con: 0.183 Cls: 1.318 Hist: 0.8567 Path: 0.3792 | 1.2s
  Epoch 335/800 | Total: 2.947 Edge: 0.329 Con: 0.184 Cls: 1.308 Hist: 0.8444 Path: 0.3741 | Val F1: 0.3897 | 1.1s
  Epoch 336/800 | Total: 2.979 Edge: 0.331 Con: 0.185 Cls: 1.319 Hist: 0.8507 Path: 0.3853 | 1.0s
  Epoch 337/800 | Total: 2.975 Edge: 0.334 Con: 0.184 Cls: 1.317 Hist: 0.8483 Path: 0.3838 | 1.0s
  Epoch 338/800 | Total: 2.981 Edge: 0.330 Con: 0.187 Cls: 1.321 Hist: 0.8532 Path: 0.3836 | 1.1s
  Epoch 339/800 | Total: 2.952 Edge: 0.329 Con: 0.184 Cls: 1.308 Hist: 0.8483 Path: 0.3753 | 1.1s
  Epoch 340/800 | Total: 2.958 Edge: 0.327 Con: 0.186 Cls: 1.313 Hist: 0.8474 Path: 0.3780 | Val F1: 0.3729 | 0.9s
  Epoch 341/800 | Total: 3.006 Edge: 0.329 Con: 0.186 Cls: 1.339 Hist: 0.8637 Path: 0.3823 | 0.9s
  Epoch 342/800 | Total: 3.033 Edge: 0.329 Con: 0.186 Cls: 1.357 Hist: 0.8758 Path: 0.3788 | 1.0s
  Epoch 343/800 | Total: 2.962 Edge: 0.327 Con: 0.186 Cls: 1.319 Hist: 0.8480 Path: 0.3758 | 1.0s
  Epoch 344/800 | Total: 2.951 Edge: 0.327 Con: 0.185 Cls: 1.307 Hist: 0.8488 Path: 0.3750 | 1.0s
  Epoch 345/800 | Total: 2.981 Edge: 0.328 Con: 0.185 Cls: 1.329 Hist: 0.8595 Path: 0.3724 | Val F1: 0.3759 | 1.0s
  Epoch 346/800 | Total: 2.974 Edge: 0.327 Con: 0.186 Cls: 1.327 Hist: 0.8519 Path: 0.3750 | 1.0s
  Epoch 347/800 | Total: 2.971 Edge: 0.330 Con: 0.186 Cls: 1.323 Hist: 0.8547 Path: 0.3712 | 1.0s
  Epoch 348/800 | Total: 2.994 Edge: 0.332 Con: 0.185 Cls: 1.334 Hist: 0.8583 Path: 0.3771 | 1.0s
  Epoch 349/800 | Total: 3.008 Edge: 0.333 Con: 0.187 Cls: 1.334 Hist: 0.8648 Path: 0.3828 | 1.0s
  Epoch 350/800 | Total: 2.983 Edge: 0.332 Con: 0.186 Cls: 1.319 Hist: 0.8527 Path: 0.3862 | Val F1: 0.3707 | 1.0s
  Epoch 351/800 | Total: 2.970 Edge: 0.322 Con: 0.183 Cls: 1.331 Hist: 0.8546 Path: 0.3711 | 1.0s
  Epoch 352/800 | Total: 2.950 Edge: 0.325 Con: 0.186 Cls: 1.315 Hist: 0.8476 Path: 0.3700 | 1.0s
  Epoch 353/800 | Total: 2.982 Edge: 0.323 Con: 0.186 Cls: 1.335 Hist: 0.8565 Path: 0.3734 | 1.1s
  Epoch 354/800 | Total: 2.956 Edge: 0.325 Con: 0.185 Cls: 1.316 Hist: 0.8466 Path: 0.3761 | 1.1s
  Epoch 355/800 | Total: 2.957 Edge: 0.324 Con: 0.186 Cls: 1.313 Hist: 0.8488 Path: 0.3778 | Val F1: 0.3868 | 1.0s
  Epoch 356/800 | Total: 2.959 Edge: 0.326 Con: 0.184 Cls: 1.315 Hist: 0.8467 Path: 0.3790 | 1.0s
  Epoch 357/800 | Total: 2.968 Edge: 0.326 Con: 0.184 Cls: 1.319 Hist: 0.8522 Path: 0.3783 | 0.9s
  Epoch 358/800 | Total: 2.969 Edge: 0.327 Con: 0.184 Cls: 1.321 Hist: 0.8557 Path: 0.3733 | 1.2s
  Epoch 359/800 | Total: 2.999 Edge: 0.330 Con: 0.187 Cls: 1.338 Hist: 0.8620 Path: 0.3760 | 1.2s
  Epoch 360/800 | Total: 2.994 Edge: 0.330 Con: 0.185 Cls: 1.332 Hist: 0.8643 Path: 0.3761 | Val F1: 0.3770 | 1.1s
  Epoch 361/800 | Total: 2.962 Edge: 0.328 Con: 0.187 Cls: 1.316 Hist: 0.8439 Path: 0.3804 | 0.9s
  Epoch 362/800 | Total: 2.963 Edge: 0.327 Con: 0.184 Cls: 1.320 Hist: 0.8480 Path: 0.3767 | 1.0s
  Epoch 363/800 | Total: 2.955 Edge: 0.327 Con: 0.185 Cls: 1.309 Hist: 0.8463 Path: 0.3792 | 0.9s
  Epoch 364/800 | Total: 2.974 Edge: 0.328 Con: 0.185 Cls: 1.319 Hist: 0.8528 Path: 0.3822 | 1.0s
  Epoch 365/800 | Total: 2.970 Edge: 0.328 Con: 0.187 Cls: 1.321 Hist: 0.8542 Path: 0.3732 | Val F1: 0.3712 | 1.0s
  Epoch 366/800 | Total: 2.999 Edge: 0.328 Con: 0.183 Cls: 1.334 Hist: 0.8647 Path: 0.3806 | 0.9s
  Epoch 367/800 | Total: 3.016 Edge: 0.329 Con: 0.183 Cls: 1.345 Hist: 0.8703 Path: 0.3804 | 1.4s
  Epoch 368/800 | Total: 2.990 Edge: 0.332 Con: 0.185 Cls: 1.332 Hist: 0.8542 Path: 0.3793 | 1.0s
  Epoch 369/800 | Total: 2.994 Edge: 0.327 Con: 0.185 Cls: 1.337 Hist: 0.8626 Path: 0.3756 | 0.9s
  Epoch 370/800 | Total: 3.041 Edge: 0.331 Con: 0.186 Cls: 1.357 Hist: 0.8701 Path: 0.3892 | Val F1: 0.3743 | 1.0s
  Epoch 371/800 | Total: 3.029 Edge: 0.338 Con: 0.187 Cls: 1.343 Hist: 0.8608 Path: 0.3944 | 1.3s
  Epoch 372/800 | Total: 2.993 Edge: 0.330 Con: 0.187 Cls: 1.332 Hist: 0.8565 Path: 0.3807 | 0.9s
  Epoch 373/800 | Total: 2.952 Edge: 0.327 Con: 0.186 Cls: 1.311 Hist: 0.8482 Path: 0.3731 | 1.1s
  Epoch 374/800 | Total: 2.989 Edge: 0.327 Con: 0.186 Cls: 1.338 Hist: 0.8581 Path: 0.3729 | 1.2s
  Epoch 375/800 | Total: 3.000 Edge: 0.325 Con: 0.185 Cls: 1.337 Hist: 0.8742 Path: 0.3719 | Val F1: 0.3674 | 1.0s
  Epoch 376/800 | Total: 2.996 Edge: 0.329 Con: 0.185 Cls: 1.337 Hist: 0.8617 Path: 0.3764 | 0.9s
  Epoch 377/800 | Total: 2.950 Edge: 0.327 Con: 0.185 Cls: 1.311 Hist: 0.8477 Path: 0.3721 | 1.1s
  Epoch 378/800 | Total: 2.981 Edge: 0.333 Con: 0.184 Cls: 1.321 Hist: 0.8532 Path: 0.3817 | 1.1s
  Epoch 379/800 | Total: 2.963 Edge: 0.327 Con: 0.185 Cls: 1.319 Hist: 0.8519 Path: 0.3724 | 1.2s
  Epoch 380/800 | Total: 2.963 Edge: 0.324 Con: 0.184 Cls: 1.323 Hist: 0.8551 Path: 0.3688 | Val F1: 0.3767 | 1.1s
  Epoch 381/800 | Total: 2.928 Edge: 0.326 Con: 0.185 Cls: 1.298 Hist: 0.8406 Path: 0.3704 | 1.0s
  Epoch 382/800 | Total: 2.991 Edge: 0.328 Con: 0.183 Cls: 1.333 Hist: 0.8618 Path: 0.3762 | 0.9s
  Epoch 383/800 | Total: 2.997 Edge: 0.328 Con: 0.187 Cls: 1.337 Hist: 0.8613 Path: 0.3777 | 0.9s
  Epoch 384/800 | Total: 2.956 Edge: 0.327 Con: 0.184 Cls: 1.316 Hist: 0.8488 Path: 0.3724 | 0.9s
  Epoch 385/800 | Total: 2.935 Edge: 0.325 Con: 0.184 Cls: 1.307 Hist: 0.8402 Path: 0.3710 | Val F1: 0.3851 | 1.0s
  Epoch 386/800 | Total: 2.932 Edge: 0.323 Con: 0.184 Cls: 1.309 Hist: 0.8410 Path: 0.3669 | 1.2s
  Epoch 387/800 | Total: 2.938 Edge: 0.324 Con: 0.184 Cls: 1.310 Hist: 0.8412 Path: 0.3711 | 1.1s
  Epoch 388/800 | Total: 2.974 Edge: 0.332 Con: 0.184 Cls: 1.320 Hist: 0.8534 Path: 0.3769 | 1.0s
  Epoch 389/800 | Total: 2.965 Edge: 0.331 Con: 0.184 Cls: 1.319 Hist: 0.8493 Path: 0.3745 | 1.0s
  Epoch 390/800 | Total: 2.943 Edge: 0.329 Con: 0.184 Cls: 1.309 Hist: 0.8407 Path: 0.3727 | Val F1: 0.3806 | 0.9s
  Epoch 391/800 | Total: 2.992 Edge: 0.326 Con: 0.184 Cls: 1.339 Hist: 0.8662 Path: 0.3694 | 1.1s
  Epoch 392/800 | Total: 2.956 Edge: 0.326 Con: 0.183 Cls: 1.317 Hist: 0.8496 Path: 0.3716 | 0.9s
  Epoch 393/800 | Total: 2.946 Edge: 0.326 Con: 0.183 Cls: 1.309 Hist: 0.8484 Path: 0.3706 | 0.9s
  Epoch 394/800 | Total: 2.942 Edge: 0.328 Con: 0.187 Cls: 1.306 Hist: 0.8410 Path: 0.3736 | 0.9s
  Epoch 395/800 | Total: 2.965 Edge: 0.326 Con: 0.185 Cls: 1.316 Hist: 0.8571 Path: 0.3735 | Val F1: 0.3772 | 1.1s
  Epoch 396/800 | Total: 2.955 Edge: 0.324 Con: 0.184 Cls: 1.319 Hist: 0.8539 Path: 0.3652 | 0.9s
  Epoch 397/800 | Total: 2.936 Edge: 0.324 Con: 0.185 Cls: 1.305 Hist: 0.8460 Path: 0.3685 | 0.9s
  Epoch 398/800 | Total: 2.950 Edge: 0.325 Con: 0.185 Cls: 1.312 Hist: 0.8446 Path: 0.3758 | 1.4s
  Epoch 399/800 | Total: 2.929 Edge: 0.326 Con: 0.184 Cls: 1.300 Hist: 0.8406 Path: 0.3704 | 1.2s
  Epoch 400/800 | Total: 2.934 Edge: 0.323 Con: 0.184 Cls: 1.306 Hist: 0.8407 Path: 0.3717 | Val F1: 0.3945 | 0.9s
  Epoch 401/800 | Total: 2.935 Edge: 0.325 Con: 0.184 Cls: 1.302 Hist: 0.8431 Path: 0.3732 | 0.9s
  Epoch 402/800 | Total: 2.975 Edge: 0.327 Con: 0.186 Cls: 1.326 Hist: 0.8523 Path: 0.3768 | 1.0s
  Epoch 403/800 | Total: 2.959 Edge: 0.323 Con: 0.185 Cls: 1.316 Hist: 0.8523 Path: 0.3754 | 1.0s
  Epoch 404/800 | Total: 2.969 Edge: 0.324 Con: 0.185 Cls: 1.328 Hist: 0.8463 Path: 0.3787 | 1.1s
  Epoch 405/800 | Total: 2.975 Edge: 0.322 Con: 0.184 Cls: 1.332 Hist: 0.8574 Path: 0.3714 | Val F1: 0.3764 | 1.0s
  Epoch 406/800 | Total: 2.964 Edge: 0.325 Con: 0.183 Cls: 1.323 Hist: 0.8525 Path: 0.3719 | 1.1s
  Epoch 407/800 | Total: 2.982 Edge: 0.328 Con: 0.184 Cls: 1.329 Hist: 0.8546 Path: 0.3780 | 1.0s
  Epoch 408/800 | Total: 2.969 Edge: 0.324 Con: 0.185 Cls: 1.324 Hist: 0.8605 Path: 0.3671 | 1.0s
  Epoch 409/800 | Total: 2.933 Edge: 0.323 Con: 0.185 Cls: 1.307 Hist: 0.8408 Path: 0.3700 | 1.1s
  Epoch 410/800 | Total: 2.957 Edge: 0.326 Con: 0.183 Cls: 1.321 Hist: 0.8465 Path: 0.3722 | Val F1: 0.3841 | 1.2s
  Epoch 411/800 | Total: 2.945 Edge: 0.324 Con: 0.184 Cls: 1.308 Hist: 0.8473 Path: 0.3726 | 1.0s
  Epoch 412/800 | Total: 2.993 Edge: 0.324 Con: 0.186 Cls: 1.340 Hist: 0.8655 Path: 0.3702 | 1.1s
  Epoch 413/800 | Total: 2.987 Edge: 0.328 Con: 0.187 Cls: 1.336 Hist: 0.8602 Path: 0.3698 | 1.1s
  Epoch 414/800 | Total: 2.956 Edge: 0.331 Con: 0.183 Cls: 1.315 Hist: 0.8448 Path: 0.3734 | 1.1s
  Epoch 415/800 | Total: 2.979 Edge: 0.325 Con: 0.184 Cls: 1.333 Hist: 0.8570 Path: 0.3710 | Val F1: 0.3700 | 1.0s
  Epoch 416/800 | Total: 2.973 Edge: 0.331 Con: 0.184 Cls: 1.327 Hist: 0.8491 Path: 0.3736 | 1.0s
  Epoch 417/800 | Total: 2.975 Edge: 0.331 Con: 0.185 Cls: 1.326 Hist: 0.8498 Path: 0.3759 | 1.0s
  Epoch 418/800 | Total: 2.932 Edge: 0.321 Con: 0.184 Cls: 1.307 Hist: 0.8407 Path: 0.3708 | 0.9s
  Epoch 419/800 | Total: 2.950 Edge: 0.322 Con: 0.185 Cls: 1.313 Hist: 0.8441 Path: 0.3775 | 1.0s
  Epoch 420/800 | Total: 2.977 Edge: 0.324 Con: 0.185 Cls: 1.326 Hist: 0.8568 Path: 0.3778 | Val F1: 0.3636 | 1.1s
  Epoch 421/800 | Total: 2.984 Edge: 0.323 Con: 0.184 Cls: 1.331 Hist: 0.8602 Path: 0.3774 | 1.1s
  Epoch 422/800 | Total: 2.953 Edge: 0.323 Con: 0.185 Cls: 1.312 Hist: 0.8502 Path: 0.3749 | 1.0s
  Epoch 423/800 | Total: 2.929 Edge: 0.322 Con: 0.185 Cls: 1.301 Hist: 0.8413 Path: 0.3711 | 1.0s
  Epoch 424/800 | Total: 2.958 Edge: 0.331 Con: 0.184 Cls: 1.306 Hist: 0.8439 Path: 0.3852 | 0.9s
  Epoch 425/800 | Total: 2.947 Edge: 0.324 Con: 0.185 Cls: 1.310 Hist: 0.8450 Path: 0.3754 | Val F1: 0.3869 | 0.9s
  Epoch 426/800 | Total: 2.921 Edge: 0.320 Con: 0.185 Cls: 1.298 Hist: 0.8393 Path: 0.3707 | 1.2s
  Epoch 427/800 | Total: 2.901 Edge: 0.322 Con: 0.184 Cls: 1.286 Hist: 0.8329 Path: 0.3679 | 1.0s
  Epoch 428/800 | Total: 2.965 Edge: 0.326 Con: 0.186 Cls: 1.329 Hist: 0.8473 Path: 0.3694 | 1.0s
  Epoch 429/800 | Total: 2.976 Edge: 0.329 Con: 0.185 Cls: 1.331 Hist: 0.8517 Path: 0.3727 | 1.0s
  Epoch 430/800 | Total: 2.959 Edge: 0.324 Con: 0.185 Cls: 1.321 Hist: 0.8525 Path: 0.3688 | Val F1: 0.3852 | 1.0s
  Epoch 431/800 | Total: 2.912 Edge: 0.321 Con: 0.185 Cls: 1.298 Hist: 0.8374 Path: 0.3635 | 1.0s
  Epoch 432/800 | Total: 2.943 Edge: 0.318 Con: 0.184 Cls: 1.320 Hist: 0.8502 Path: 0.3623 | 0.9s
  Epoch 433/800 | Total: 2.918 Edge: 0.320 Con: 0.185 Cls: 1.299 Hist: 0.8425 Path: 0.3644 | 1.2s
  Epoch 434/800 | Total: 2.919 Edge: 0.326 Con: 0.183 Cls: 1.294 Hist: 0.8337 Path: 0.3741 | 1.1s
  Epoch 435/800 | Total: 2.930 Edge: 0.323 Con: 0.183 Cls: 1.304 Hist: 0.8378 Path: 0.3739 | Val F1: 0.3823 | 1.0s
  Epoch 436/800 | Total: 2.930 Edge: 0.324 Con: 0.184 Cls: 1.302 Hist: 0.8381 Path: 0.3747 | 1.0s
  Epoch 437/800 | Total: 2.953 Edge: 0.322 Con: 0.184 Cls: 1.313 Hist: 0.8457 Path: 0.3798 | 1.0s
  Epoch 438/800 | Total: 2.938 Edge: 0.320 Con: 0.184 Cls: 1.308 Hist: 0.8478 Path: 0.3700 | 1.0s
  Epoch 439/800 | Total: 2.901 Edge: 0.318 Con: 0.184 Cls: 1.291 Hist: 0.8342 Path: 0.3659 | 1.1s
  Epoch 440/800 | Total: 2.954 Edge: 0.322 Con: 0.185 Cls: 1.318 Hist: 0.8544 Path: 0.3667 | Val F1: 0.3772 | 1.2s
  Epoch 441/800 | Total: 2.930 Edge: 0.325 Con: 0.184 Cls: 1.305 Hist: 0.8411 Path: 0.3674 | 0.9s
  Epoch 442/800 | Total: 2.939 Edge: 0.328 Con: 0.183 Cls: 1.300 Hist: 0.8420 Path: 0.3768 | 0.9s
  Epoch 443/800 | Total: 3.026 Edge: 0.326 Con: 0.186 Cls: 1.354 Hist: 0.8728 Path: 0.3810 | 0.9s
  Epoch 444/800 | Total: 2.958 Edge: 0.324 Con: 0.183 Cls: 1.314 Hist: 0.8482 Path: 0.3798 | 0.9s
  Epoch 445/800 | Total: 2.984 Edge: 0.326 Con: 0.184 Cls: 1.332 Hist: 0.8582 Path: 0.3758 | Val F1: 0.3693 | 1.1s
  Epoch 446/800 | Total: 2.938 Edge: 0.331 Con: 0.184 Cls: 1.301 Hist: 0.8388 Path: 0.3762 | 0.9s
  Epoch 447/800 | Total: 2.942 Edge: 0.324 Con: 0.184 Cls: 1.313 Hist: 0.8466 Path: 0.3671 | 0.9s
  Epoch 448/800 | Total: 2.948 Edge: 0.321 Con: 0.185 Cls: 1.318 Hist: 0.8491 Path: 0.3666 | 0.9s
  Epoch 449/800 | Total: 2.912 Edge: 0.320 Con: 0.185 Cls: 1.299 Hist: 0.8379 Path: 0.3634 | 1.0s
  Epoch 450/800 | Total: 2.919 Edge: 0.323 Con: 0.183 Cls: 1.293 Hist: 0.8382 Path: 0.3725 | Val F1: 0.3835 | 1.1s
  Epoch 451/800 | Total: 2.948 Edge: 0.321 Con: 0.183 Cls: 1.315 Hist: 0.8501 Path: 0.3702 | 1.2s
  Epoch 452/800 | Total: 2.948 Edge: 0.325 Con: 0.185 Cls: 1.310 Hist: 0.8468 Path: 0.3742 | 0.9s
  Epoch 453/800 | Total: 2.923 Edge: 0.322 Con: 0.184 Cls: 1.300 Hist: 0.8398 Path: 0.3686 | 1.2s
  Epoch 454/800 | Total: 2.939 Edge: 0.321 Con: 0.184 Cls: 1.309 Hist: 0.8457 Path: 0.3705 | 0.9s
  Epoch 455/800 | Total: 2.959 Edge: 0.325 Con: 0.184 Cls: 1.318 Hist: 0.8470 Path: 0.3776 | Val F1: 0.3808 | 1.0s
  Epoch 456/800 | Total: 2.967 Edge: 0.327 Con: 0.185 Cls: 1.319 Hist: 0.8504 Path: 0.3783 | 1.0s
  Epoch 457/800 | Total: 2.967 Edge: 0.331 Con: 0.183 Cls: 1.311 Hist: 0.8484 Path: 0.3853 | 1.0s
  Epoch 458/800 | Total: 2.945 Edge: 0.328 Con: 0.186 Cls: 1.305 Hist: 0.8414 Path: 0.3781 | 1.2s
  Epoch 459/800 | Total: 2.951 Edge: 0.322 Con: 0.185 Cls: 1.322 Hist: 0.8469 Path: 0.3679 | 1.1s
  Epoch 460/800 | Total: 2.996 Edge: 0.324 Con: 0.185 Cls: 1.343 Hist: 0.8661 Path: 0.3703 | Val F1: 0.3831 | 1.0s
  Epoch 461/800 | Total: 2.957 Edge: 0.323 Con: 0.185 Cls: 1.321 Hist: 0.8517 Path: 0.3686 | 0.9s
  Epoch 462/800 | Total: 2.955 Edge: 0.321 Con: 0.183 Cls: 1.324 Hist: 0.8505 Path: 0.3674 | 0.9s
  Epoch 463/800 | Total: 2.930 Edge: 0.325 Con: 0.185 Cls: 1.304 Hist: 0.8406 Path: 0.3677 | 1.1s
  Epoch 464/800 | Total: 2.908 Edge: 0.322 Con: 0.186 Cls: 1.290 Hist: 0.8337 Path: 0.3695 | 0.9s
  Epoch 465/800 | Total: 2.916 Edge: 0.324 Con: 0.185 Cls: 1.295 Hist: 0.8356 Path: 0.3691 | Val F1: 0.3880 | 0.9s
  Epoch 466/800 | Total: 2.902 Edge: 0.322 Con: 0.185 Cls: 1.286 Hist: 0.8322 Path: 0.3698 | 1.1s
  Epoch 467/800 | Total: 2.908 Edge: 0.319 Con: 0.185 Cls: 1.296 Hist: 0.8378 Path: 0.3621 | 1.0s
  Epoch 468/800 | Total: 2.939 Edge: 0.319 Con: 0.184 Cls: 1.316 Hist: 0.8493 Path: 0.3627 | 1.1s
  Epoch 469/800 | Total: 2.931 Edge: 0.322 Con: 0.184 Cls: 1.305 Hist: 0.8404 Path: 0.3714 | 1.1s
  Epoch 470/800 | Total: 2.948 Edge: 0.321 Con: 0.184 Cls: 1.315 Hist: 0.8500 Path: 0.3698 | Val F1: 0.3723 | 1.0s
  Epoch 471/800 | Total: 2.964 Edge: 0.322 Con: 0.183 Cls: 1.323 Hist: 0.8557 Path: 0.3721 | 1.0s
  Epoch 472/800 | Total: 2.967 Edge: 0.326 Con: 0.184 Cls: 1.324 Hist: 0.8502 Path: 0.3752 | 0.9s
  Epoch 473/800 | Total: 2.931 Edge: 0.322 Con: 0.185 Cls: 1.303 Hist: 0.8421 Path: 0.3715 | 1.0s
  Epoch 474/800 | Total: 2.905 Edge: 0.320 Con: 0.183 Cls: 1.293 Hist: 0.8324 Path: 0.3686 | 1.2s
  Epoch 475/800 | Total: 2.919 Edge: 0.328 Con: 0.185 Cls: 1.288 Hist: 0.8335 Path: 0.3770 | Val F1: 0.3876 | 1.0s
  Epoch 476/800 | Total: 2.904 Edge: 0.319 Con: 0.183 Cls: 1.291 Hist: 0.8347 Path: 0.3684 | 1.1s
  Epoch 477/800 | Total: 2.898 Edge: 0.320 Con: 0.185 Cls: 1.286 Hist: 0.8328 Path: 0.3675 | 1.0s
  Epoch 478/800 | Total: 2.933 Edge: 0.318 Con: 0.186 Cls: 1.312 Hist: 0.8421 Path: 0.3674 | 1.0s
  Epoch 479/800 | Total: 2.969 Edge: 0.324 Con: 0.184 Cls: 1.328 Hist: 0.8539 Path: 0.3712 | 0.9s
  Epoch 480/800 | Total: 2.936 Edge: 0.320 Con: 0.183 Cls: 1.306 Hist: 0.8497 Path: 0.3685 | Val F1: 0.3752 | 1.0s
  Epoch 481/800 | Total: 2.913 Edge: 0.319 Con: 0.183 Cls: 1.298 Hist: 0.8376 Path: 0.3674 | 1.2s
  Epoch 482/800 | Total: 2.940 Edge: 0.317 Con: 0.184 Cls: 1.317 Hist: 0.8500 Path: 0.3648 | 1.1s
  Epoch 483/800 | Total: 2.899 Edge: 0.318 Con: 0.184 Cls: 1.290 Hist: 0.8336 Path: 0.3649 | 1.0s
  Epoch 484/800 | Total: 2.920 Edge: 0.321 Con: 0.185 Cls: 1.302 Hist: 0.8391 Path: 0.3656 | 1.0s
  Epoch 485/800 | Total: 2.906 Edge: 0.321 Con: 0.184 Cls: 1.295 Hist: 0.8359 Path: 0.3612 | Val F1: 0.3828 | 1.1s
  Epoch 486/800 | Total: 2.914 Edge: 0.326 Con: 0.185 Cls: 1.292 Hist: 0.8353 Path: 0.3683 | 1.0s
  Epoch 487/800 | Total: 2.968 Edge: 0.330 Con: 0.184 Cls: 1.323 Hist: 0.8497 Path: 0.3725 | 0.9s
  Epoch 488/800 | Total: 2.962 Edge: 0.324 Con: 0.184 Cls: 1.320 Hist: 0.8543 Path: 0.3710 | 1.1s
  Epoch 489/800 | Total: 2.941 Edge: 0.324 Con: 0.185 Cls: 1.304 Hist: 0.8448 Path: 0.3755 | 0.9s
  Epoch 490/800 | Total: 2.915 Edge: 0.321 Con: 0.184 Cls: 1.296 Hist: 0.8388 Path: 0.3666 | Val F1: 0.3880 | 0.9s
  Epoch 491/800 | Total: 3.100 Edge: 0.330 Con: 0.185 Cls: 1.403 Hist: 0.8937 Path: 0.3803 | 0.9s
  Epoch 492/800 | Total: 3.161 Edge: 0.343 Con: 0.191 Cls: 1.418 Hist: 0.9042 Path: 0.4002 | 0.9s
  Epoch 493/800 | Total: 3.085 Edge: 0.332 Con: 0.188 Cls: 1.384 Hist: 0.8872 Path: 0.3879 | 0.9s
  Epoch 494/800 | Total: 3.028 Edge: 0.341 Con: 0.185 Cls: 1.346 Hist: 0.8618 Path: 0.3868 | 1.2s
  Epoch 495/800 | Total: 2.982 Edge: 0.335 Con: 0.188 Cls: 1.325 Hist: 0.8505 Path: 0.3782 | Val F1: 0.3738 | 1.0s
  Epoch 496/800 | Total: 2.938 Edge: 0.324 Con: 0.186 Cls: 1.311 Hist: 0.8428 Path: 0.3674 | 1.0s
  Epoch 497/800 | Total: 2.916 Edge: 0.320 Con: 0.184 Cls: 1.300 Hist: 0.8399 Path: 0.3645 | 0.9s
  Epoch 498/800 | Total: 2.925 Edge: 0.322 Con: 0.185 Cls: 1.305 Hist: 0.8371 Path: 0.3678 | 0.9s
  Epoch 499/800 | Total: 2.986 Edge: 0.321 Con: 0.185 Cls: 1.336 Hist: 0.8631 Path: 0.3727 | 0.9s
  Epoch 500/800 | Total: 2.937 Edge: 0.322 Con: 0.184 Cls: 1.307 Hist: 0.8445 Path: 0.3714 | Val F1: 0.3922 | 1.0s
  Early stopping at epoch 500
  Best Val F1: 0.3945 | Test F1: 0.3999
  Total training time: 573.6s (9.6 min)

======================================================================
  Val  Macro-F1: 0.3945
  Test Macro-F1: 0.3999
  Test Accuracy: 0.6394
  Time: 575.6s
======================================================================

  Results saved to: results/NESS_ogbn-arxiv_MCAR_0.8_20260723_165920
