/home/erfan/MATE/venv/lib/python3.13/site-packages/outdated/__init__.py:36: UserWarning: pkg_resources is deprecated as an API. See https://setuptools.pypa.io/en/latest/pkg_resources.html. The pkg_resources package is slated for removal as early as 2025-11-30. Refrain from using this package or pin to Setuptools<81.
  from pkg_resources import parse_version
/home/erfan/MATE/ogbn_benchmarks/data_loader.py:96: UserWarning: Sparse invariant checks are implicitly disabled. Memory errors (e.g. SEGFAULT) will occur when operating on a sparse tensor which violates the invariants, but checks incur performance overhead. To silence this warning, explicitly opt in or out. See `torch.sparse.check_sparse_tensor_invariants.__doc__` for guidance.  (Triggered internally at /pytorch/aten/src/ATen/Context.cpp:760.)
  adj = torch.sparse_coo_tensor(edge_index, vals, (num_nodes, num_nodes)).coalesce()
======================================================================
  NESS | ogbn-arxiv | MCAR @ 80% | lr=0.001
======================================================================
[1/3] Loading ogbn-arxiv...
  169,343 nodes | 128 dims | 40 classes
[2/3] Simulating MCAR missingness...
Simulating MCAR missingness at 80% rate...
  MCAR: Uniform random selection
  Observable: 33,869 (20.0%)
  Masked: 135,474 (80.0%)
  Observable: 33,869 | Val: 67,737 | Test: 67,737
[3/3] Running NESS...
  Prefilling missing nodes via Feature Propagation (40 iters)...
  Computing neighbor label-histogram target (2-hop, observable labels)...
  Partitioning graph into 20 clusters (cache_device=gpu)...
  Cached 20 clusters
  Training NESS for up to 800 epochs (patience=20)...
  Epoch 1/800 | Total: 8.940 Edge: 0.670 Con: 0.630 Cls: 3.522 Hist: 2.7593 Path: 0.6903 | 10.5s
  Epoch 2/800 | Total: 7.763 Edge: 0.610 Con: 0.442 Cls: 3.107 Hist: 2.3204 Path: 0.6735 | 1.2s
  Epoch 3/800 | Total: 7.402 Edge: 0.588 Con: 0.373 Cls: 3.008 Hist: 2.1773 Path: 0.6664 | 0.9s
  Epoch 4/800 | Total: 7.150 Edge: 0.578 Con: 0.332 Cls: 2.922 Hist: 2.0775 Path: 0.6632 | 1.0s
  Epoch 5/800 | Total: 6.817 Edge: 0.573 Con: 0.307 Cls: 2.781 Hist: 1.9208 Path: 0.6614 | Val F1: 0.0239 | 1.1s
  Epoch 6/800 | Total: 6.542 Edge: 0.571 Con: 0.281 Cls: 2.647 Hist: 1.8118 Path: 0.6607 | 1.1s
  Epoch 7/800 | Total: 6.225 Edge: 0.559 Con: 0.261 Cls: 2.500 Hist: 1.7002 Path: 0.6464 | 0.9s
  Epoch 8/800 | Total: 5.934 Edge: 0.534 Con: 0.247 Cls: 2.391 Hist: 1.6004 Path: 0.6283 | 0.9s
  Epoch 9/800 | Total: 5.738 Edge: 0.514 Con: 0.236 Cls: 2.306 Hist: 1.5489 Path: 0.6178 | 0.9s
  Epoch 10/800 | Total: 5.592 Edge: 0.504 Con: 0.231 Cls: 2.244 Hist: 1.5006 Path: 0.6088 | Val F1: 0.0921 | 1.0s
  Epoch 11/800 | Total: 5.506 Edge: 0.511 Con: 0.227 Cls: 2.176 Hist: 1.4689 Path: 0.6105 | 1.0s
  Epoch 12/800 | Total: 5.379 Edge: 0.506 Con: 0.221 Cls: 2.123 Hist: 1.4158 Path: 0.6073 | 1.2s
  Epoch 13/800 | Total: 5.270 Edge: 0.489 Con: 0.217 Cls: 2.089 Hist: 1.3913 Path: 0.5945 | 0.9s
  Epoch 14/800 | Total: 5.204 Edge: 0.483 Con: 0.212 Cls: 2.067 Hist: 1.3707 Path: 0.5875 | 0.9s
  Epoch 15/800 | Total: 5.104 Edge: 0.477 Con: 0.212 Cls: 2.012 Hist: 1.3522 Path: 0.5733 | Val F1: 0.1465 | 0.9s
  Epoch 16/800 | Total: 5.016 Edge: 0.481 Con: 0.210 Cls: 1.970 Hist: 1.3035 Path: 0.5694 | 1.2s
  Epoch 17/800 | Total: 4.988 Edge: 0.478 Con: 0.210 Cls: 1.957 Hist: 1.2948 Path: 0.5710 | 0.9s
  Epoch 18/800 | Total: 4.998 Edge: 0.477 Con: 0.209 Cls: 1.957 Hist: 1.2928 Path: 0.5857 | 1.2s
  Epoch 19/800 | Total: 4.865 Edge: 0.472 Con: 0.208 Cls: 1.896 Hist: 1.2482 Path: 0.5679 | 1.1s
  Epoch 20/800 | Total: 4.846 Edge: 0.486 Con: 0.207 Cls: 1.869 Hist: 1.2368 Path: 0.5628 | Val F1: 0.1583 | 1.0s
  Epoch 21/800 | Total: 4.798 Edge: 0.461 Con: 0.204 Cls: 1.881 Hist: 1.2421 Path: 0.5503 | 1.0s
  Epoch 22/800 | Total: 4.654 Edge: 0.457 Con: 0.201 Cls: 1.804 Hist: 1.1919 Path: 0.5428 | 0.9s
  Epoch 23/800 | Total: 4.644 Edge: 0.445 Con: 0.201 Cls: 1.823 Hist: 1.1998 Path: 0.5306 | 1.4s
  Epoch 24/800 | Total: 4.588 Edge: 0.451 Con: 0.200 Cls: 1.779 Hist: 1.1704 Path: 0.5371 | 0.9s
  Epoch 25/800 | Total: 4.589 Edge: 0.448 Con: 0.199 Cls: 1.773 Hist: 1.1692 Path: 0.5521 | Val F1: 0.2044 | 1.0s
  Epoch 26/800 | Total: 4.565 Edge: 0.447 Con: 0.198 Cls: 1.775 Hist: 1.1551 Path: 0.5433 | 1.1s
  Epoch 27/800 | Total: 4.523 Edge: 0.441 Con: 0.197 Cls: 1.758 Hist: 1.1526 Path: 0.5339 | 1.1s
  Epoch 28/800 | Total: 4.448 Edge: 0.433 Con: 0.195 Cls: 1.734 Hist: 1.1346 Path: 0.5172 | 0.9s
  Epoch 29/800 | Total: 4.427 Edge: 0.425 Con: 0.192 Cls: 1.738 Hist: 1.1393 Path: 0.5069 | 1.0s
  Epoch 30/800 | Total: 4.460 Edge: 0.430 Con: 0.192 Cls: 1.744 Hist: 1.1479 Path: 0.5166 | Val F1: 0.2249 | 0.9s
  Epoch 31/800 | Total: 4.362 Edge: 0.420 Con: 0.193 Cls: 1.705 Hist: 1.1142 Path: 0.5092 | 0.9s
  Epoch 32/800 | Total: 4.342 Edge: 0.419 Con: 0.192 Cls: 1.683 Hist: 1.1100 Path: 0.5192 | 1.2s
  Epoch 33/800 | Total: 4.336 Edge: 0.426 Con: 0.193 Cls: 1.680 Hist: 1.1029 Path: 0.5090 | 1.1s
  Epoch 34/800 | Total: 4.265 Edge: 0.418 Con: 0.191 Cls: 1.655 Hist: 1.0816 Path: 0.5014 | 1.0s
  Epoch 35/800 | Total: 4.280 Edge: 0.418 Con: 0.189 Cls: 1.665 Hist: 1.0959 Path: 0.4948 | Val F1: 0.2319 | 1.1s
  Epoch 36/800 | Total: 4.254 Edge: 0.419 Con: 0.190 Cls: 1.649 Hist: 1.0843 Path: 0.4927 | 1.1s
  Epoch 37/800 | Total: 4.233 Edge: 0.416 Con: 0.191 Cls: 1.640 Hist: 1.0772 Path: 0.4915 | 1.1s
  Epoch 38/800 | Total: 4.228 Edge: 0.426 Con: 0.189 Cls: 1.624 Hist: 1.0641 Path: 0.4994 | 1.1s
  Epoch 39/800 | Total: 4.274 Edge: 0.425 Con: 0.189 Cls: 1.650 Hist: 1.0832 Path: 0.5013 | 1.0s
  Epoch 40/800 | Total: 4.338 Edge: 0.420 Con: 0.189 Cls: 1.703 Hist: 1.0997 Path: 0.5053 | Val F1: 0.2376 | 1.1s
  Epoch 41/800 | Total: 4.275 Edge: 0.433 Con: 0.187 Cls: 1.644 Hist: 1.0689 Path: 0.5100 | 1.0s
  Epoch 42/800 | Total: 4.299 Edge: 0.435 Con: 0.189 Cls: 1.634 Hist: 1.0682 Path: 0.5382 | 0.9s
  Epoch 43/800 | Total: 4.204 Edge: 0.421 Con: 0.191 Cls: 1.606 Hist: 1.0520 Path: 0.5129 | 1.0s
  Epoch 44/800 | Total: 4.176 Edge: 0.410 Con: 0.186 Cls: 1.618 Hist: 1.0585 Path: 0.4919 | 1.1s
  Epoch 45/800 | Total: 4.097 Edge: 0.403 Con: 0.188 Cls: 1.588 Hist: 1.0338 Path: 0.4796 | Val F1: 0.2534 | 1.1s
  Epoch 46/800 | Total: 4.089 Edge: 0.400 Con: 0.188 Cls: 1.589 Hist: 1.0336 Path: 0.4783 | 1.1s
  Epoch 47/800 | Total: 4.071 Edge: 0.402 Con: 0.187 Cls: 1.575 Hist: 1.0259 Path: 0.4795 | 1.2s
  Epoch 48/800 | Total: 4.058 Edge: 0.398 Con: 0.187 Cls: 1.578 Hist: 1.0282 Path: 0.4705 | 1.0s
  Epoch 49/800 | Total: 4.089 Edge: 0.395 Con: 0.182 Cls: 1.602 Hist: 1.0435 Path: 0.4704 | 1.2s
  Epoch 50/800 | Total: 4.082 Edge: 0.410 Con: 0.184 Cls: 1.576 Hist: 1.0190 Path: 0.4829 | Val F1: 0.2657 | 1.2s
  Epoch 51/800 | Total: 4.087 Edge: 0.396 Con: 0.185 Cls: 1.594 Hist: 1.0407 Path: 0.4746 | 1.0s
  Epoch 52/800 | Total: 4.019 Edge: 0.392 Con: 0.186 Cls: 1.561 Hist: 1.0147 Path: 0.4719 | 0.9s
  Epoch 53/800 | Total: 3.994 Edge: 0.392 Con: 0.186 Cls: 1.550 Hist: 1.0067 Path: 0.4678 | 1.1s
  Epoch 54/800 | Total: 3.979 Edge: 0.389 Con: 0.183 Cls: 1.547 Hist: 1.0091 Path: 0.4610 | 1.1s
  Epoch 55/800 | Total: 3.943 Edge: 0.388 Con: 0.184 Cls: 1.528 Hist: 0.9957 Path: 0.4591 | Val F1: 0.2632 | 1.0s
  Epoch 56/800 | Total: 3.964 Edge: 0.385 Con: 0.183 Cls: 1.546 Hist: 1.0099 Path: 0.4554 | 1.1s
  Epoch 57/800 | Total: 3.932 Edge: 0.388 Con: 0.185 Cls: 1.522 Hist: 0.9897 Path: 0.4609 | 1.0s
  Epoch 58/800 | Total: 3.928 Edge: 0.381 Con: 0.182 Cls: 1.532 Hist: 0.9961 Path: 0.4576 | 1.0s
  Epoch 59/800 | Total: 3.958 Edge: 0.380 Con: 0.182 Cls: 1.548 Hist: 1.0108 Path: 0.4565 | 1.0s
  Epoch 60/800 | Total: 3.913 Edge: 0.383 Con: 0.184 Cls: 1.514 Hist: 0.9848 Path: 0.4653 | Val F1: 0.2810 | 0.9s
  Epoch 61/800 | Total: 3.907 Edge: 0.380 Con: 0.181 Cls: 1.524 Hist: 0.9877 Path: 0.4538 | 1.1s
  Epoch 62/800 | Total: 3.997 Edge: 0.395 Con: 0.182 Cls: 1.547 Hist: 1.0027 Path: 0.4754 | 1.3s
  Epoch 63/800 | Total: 3.922 Edge: 0.388 Con: 0.180 Cls: 1.516 Hist: 0.9843 Path: 0.4657 | 1.0s
  Epoch 64/800 | Total: 3.916 Edge: 0.385 Con: 0.182 Cls: 1.520 Hist: 0.9859 Path: 0.4575 | 1.0s
  Epoch 65/800 | Total: 3.900 Edge: 0.382 Con: 0.180 Cls: 1.516 Hist: 0.9869 Path: 0.4528 | Val F1: 0.2882 | 1.1s
  Epoch 66/800 | Total: 3.894 Edge: 0.381 Con: 0.182 Cls: 1.516 Hist: 0.9869 Path: 0.4481 | 1.2s
  Epoch 67/800 | Total: 3.871 Edge: 0.377 Con: 0.181 Cls: 1.509 Hist: 0.9810 Path: 0.4459 | 1.0s
  Epoch 68/800 | Total: 3.868 Edge: 0.377 Con: 0.182 Cls: 1.504 Hist: 0.9815 Path: 0.4447 | 1.1s
  Epoch 69/800 | Total: 3.878 Edge: 0.381 Con: 0.181 Cls: 1.505 Hist: 0.9831 Path: 0.4469 | 1.0s
  Epoch 70/800 | Total: 3.872 Edge: 0.382 Con: 0.179 Cls: 1.503 Hist: 0.9762 Path: 0.4492 | Val F1: 0.2891 | 1.2s
  Epoch 71/800 | Total: 3.889 Edge: 0.373 Con: 0.179 Cls: 1.519 Hist: 0.9935 Path: 0.4506 | 1.0s
  Epoch 72/800 | Total: 3.852 Edge: 0.372 Con: 0.183 Cls: 1.497 Hist: 0.9744 Path: 0.4527 | 0.9s
  Epoch 73/800 | Total: 3.808 Edge: 0.369 Con: 0.178 Cls: 1.482 Hist: 0.9637 Path: 0.4462 | 0.9s
  Epoch 74/800 | Total: 3.830 Edge: 0.371 Con: 0.178 Cls: 1.496 Hist: 0.9709 Path: 0.4428 | 0.9s
  Epoch 75/800 | Total: 3.846 Edge: 0.368 Con: 0.178 Cls: 1.515 Hist: 0.9776 Path: 0.4386 | Val F1: 0.2981 | 1.1s
  Epoch 76/800 | Total: 3.823 Edge: 0.368 Con: 0.180 Cls: 1.498 Hist: 0.9709 Path: 0.4386 | 0.9s
  Epoch 77/800 | Total: 3.851 Edge: 0.372 Con: 0.181 Cls: 1.508 Hist: 0.9701 Path: 0.4477 | 0.9s
  Epoch 78/800 | Total: 3.918 Edge: 0.377 Con: 0.178 Cls: 1.539 Hist: 0.9976 Path: 0.4494 | 1.0s
  Epoch 79/800 | Total: 3.835 Edge: 0.368 Con: 0.178 Cls: 1.502 Hist: 0.9795 Path: 0.4396 | 0.9s
  Epoch 80/800 | Total: 3.776 Edge: 0.366 Con: 0.176 Cls: 1.479 Hist: 0.9594 Path: 0.4295 | Val F1: 0.2957 | 1.1s
  Epoch 81/800 | Total: 3.808 Edge: 0.367 Con: 0.178 Cls: 1.496 Hist: 0.9643 Path: 0.4361 | 1.0s
  Epoch 82/800 | Total: 3.760 Edge: 0.366 Con: 0.178 Cls: 1.466 Hist: 0.9490 Path: 0.4353 | 1.0s
  Epoch 83/800 | Total: 3.765 Edge: 0.367 Con: 0.179 Cls: 1.465 Hist: 0.9530 Path: 0.4344 | 0.9s
  Epoch 84/800 | Total: 3.751 Edge: 0.365 Con: 0.179 Cls: 1.461 Hist: 0.9502 Path: 0.4306 | 0.9s
  Epoch 85/800 | Total: 3.772 Edge: 0.373 Con: 0.179 Cls: 1.460 Hist: 0.9462 Path: 0.4400 | Val F1: 0.3115 | 1.0s
  Epoch 86/800 | Total: 3.748 Edge: 0.366 Con: 0.179 Cls: 1.457 Hist: 0.9408 Path: 0.4392 | 1.3s
  Epoch 87/800 | Total: 3.773 Edge: 0.367 Con: 0.177 Cls: 1.470 Hist: 0.9568 Path: 0.4349 | 1.1s
  Epoch 88/800 | Total: 3.770 Edge: 0.369 Con: 0.180 Cls: 1.472 Hist: 0.9493 Path: 0.4300 | 1.4s
  Epoch 89/800 | Total: 3.746 Edge: 0.363 Con: 0.177 Cls: 1.465 Hist: 0.9527 Path: 0.4266 | 1.1s
  Epoch 90/800 | Total: 3.737 Edge: 0.361 Con: 0.177 Cls: 1.463 Hist: 0.9457 Path: 0.4298 | Val F1: 0.3144 | 0.9s
  Epoch 91/800 | Total: 3.709 Edge: 0.358 Con: 0.176 Cls: 1.452 Hist: 0.9402 Path: 0.4247 | 0.9s
  Epoch 92/800 | Total: 3.716 Edge: 0.358 Con: 0.176 Cls: 1.458 Hist: 0.9463 Path: 0.4213 | 0.9s
  Epoch 93/800 | Total: 3.709 Edge: 0.357 Con: 0.178 Cls: 1.456 Hist: 0.9410 Path: 0.4211 | 0.9s
  Epoch 94/800 | Total: 3.684 Edge: 0.355 Con: 0.177 Cls: 1.446 Hist: 0.9321 Path: 0.4200 | 1.0s
  Epoch 95/800 | Total: 3.729 Edge: 0.358 Con: 0.177 Cls: 1.459 Hist: 0.9530 Path: 0.4244 | Val F1: 0.3193 | 0.9s
  Epoch 96/800 | Total: 3.703 Edge: 0.354 Con: 0.177 Cls: 1.454 Hist: 0.9433 Path: 0.4211 | 1.0s
  Epoch 97/800 | Total: 3.683 Edge: 0.354 Con: 0.176 Cls: 1.444 Hist: 0.9320 Path: 0.4222 | 0.9s
  Epoch 98/800 | Total: 3.745 Edge: 0.360 Con: 0.176 Cls: 1.465 Hist: 0.9531 Path: 0.4303 | 0.9s
  Epoch 99/800 | Total: 3.748 Edge: 0.358 Con: 0.177 Cls: 1.477 Hist: 0.9557 Path: 0.4221 | 1.2s
  Epoch 100/800 | Total: 3.727 Edge: 0.359 Con: 0.176 Cls: 1.463 Hist: 0.9452 Path: 0.4252 | Val F1: 0.3189 | 1.0s
  Epoch 101/800 | Total: 3.784 Edge: 0.363 Con: 0.175 Cls: 1.486 Hist: 0.9634 Path: 0.4326 | 1.2s
  Epoch 102/800 | Total: 3.723 Edge: 0.358 Con: 0.175 Cls: 1.464 Hist: 0.9440 Path: 0.4246 | 1.0s
  Epoch 103/800 | Total: 3.703 Edge: 0.361 Con: 0.177 Cls: 1.445 Hist: 0.9338 Path: 0.4258 | 0.9s
  Epoch 104/800 | Total: 3.737 Edge: 0.360 Con: 0.178 Cls: 1.466 Hist: 0.9427 Path: 0.4311 | 0.9s
  Epoch 105/800 | Total: 3.758 Edge: 0.358 Con: 0.176 Cls: 1.476 Hist: 0.9565 Path: 0.4333 | Val F1: 0.3243 | 1.0s
  Epoch 106/800 | Total: 3.748 Edge: 0.363 Con: 0.176 Cls: 1.471 Hist: 0.9469 Path: 0.4289 | 1.1s
  Epoch 107/800 | Total: 3.676 Edge: 0.359 Con: 0.176 Cls: 1.438 Hist: 0.9301 Path: 0.4146 | 1.1s
  Epoch 108/800 | Total: 3.669 Edge: 0.355 Con: 0.176 Cls: 1.439 Hist: 0.9289 Path: 0.4147 | 0.9s
  Epoch 109/800 | Total: 3.688 Edge: 0.352 Con: 0.177 Cls: 1.448 Hist: 0.9426 Path: 0.4164 | 1.3s
  Epoch 110/800 | Total: 3.655 Edge: 0.351 Con: 0.174 Cls: 1.440 Hist: 0.9240 Path: 0.4135 | Val F1: 0.3101 | 1.1s
  Epoch 111/800 | Total: 3.671 Edge: 0.354 Con: 0.176 Cls: 1.439 Hist: 0.9329 Path: 0.4154 | 1.2s
  Epoch 112/800 | Total: 3.655 Edge: 0.356 Con: 0.176 Cls: 1.428 Hist: 0.9218 Path: 0.4168 | 1.0s
  Epoch 113/800 | Total: 3.648 Edge: 0.350 Con: 0.177 Cls: 1.426 Hist: 0.9271 Path: 0.4195 | 0.9s
  Epoch 114/800 | Total: 3.650 Edge: 0.351 Con: 0.174 Cls: 1.427 Hist: 0.9243 Path: 0.4233 | 1.1s
  Epoch 115/800 | Total: 3.668 Edge: 0.357 Con: 0.175 Cls: 1.420 Hist: 0.9219 Path: 0.4369 | Val F1: 0.3379 | 0.9s
  Epoch 116/800 | Total: 3.684 Edge: 0.353 Con: 0.175 Cls: 1.448 Hist: 0.9334 Path: 0.4201 | 0.9s
  Epoch 117/800 | Total: 3.722 Edge: 0.355 Con: 0.176 Cls: 1.470 Hist: 0.9448 Path: 0.4204 | 0.9s
  Epoch 118/800 | Total: 3.624 Edge: 0.349 Con: 0.175 Cls: 1.417 Hist: 0.9201 Path: 0.4148 | 1.1s
  Epoch 119/800 | Total: 3.623 Edge: 0.347 Con: 0.174 Cls: 1.415 Hist: 0.9223 Path: 0.4167 | 1.0s
  Epoch 120/800 | Total: 3.636 Edge: 0.349 Con: 0.173 Cls: 1.426 Hist: 0.9189 Path: 0.4204 | Val F1: 0.3259 | 1.0s
  Epoch 121/800 | Total: 3.610 Edge: 0.347 Con: 0.176 Cls: 1.415 Hist: 0.9159 Path: 0.4085 | 1.1s
  Epoch 122/800 | Total: 3.582 Edge: 0.345 Con: 0.175 Cls: 1.400 Hist: 0.9081 Path: 0.4075 | 1.1s
  Epoch 123/800 | Total: 3.601 Edge: 0.345 Con: 0.174 Cls: 1.414 Hist: 0.9159 Path: 0.4085 | 1.0s
  Epoch 124/800 | Total: 3.684 Edge: 0.356 Con: 0.175 Cls: 1.446 Hist: 0.9358 Path: 0.4154 | 0.9s
  Epoch 125/800 | Total: 3.702 Edge: 0.352 Con: 0.177 Cls: 1.458 Hist: 0.9481 Path: 0.4148 | Val F1: 0.3187 | 1.0s
  Epoch 126/800 | Total: 3.633 Edge: 0.351 Con: 0.174 Cls: 1.424 Hist: 0.9222 Path: 0.4098 | 1.0s
  Epoch 127/800 | Total: 3.602 Edge: 0.348 Con: 0.175 Cls: 1.412 Hist: 0.9136 Path: 0.4052 | 0.9s
  Epoch 128/800 | Total: 3.560 Edge: 0.347 Con: 0.176 Cls: 1.388 Hist: 0.8980 Path: 0.4053 | 1.1s
  Epoch 129/800 | Total: 3.583 Edge: 0.343 Con: 0.173 Cls: 1.411 Hist: 0.9104 Path: 0.4034 | 0.9s
  Epoch 130/800 | Total: 3.605 Edge: 0.343 Con: 0.176 Cls: 1.416 Hist: 0.9177 Path: 0.4099 | Val F1: 0.3438 | 1.0s
  Epoch 131/800 | Total: 3.644 Edge: 0.346 Con: 0.175 Cls: 1.432 Hist: 0.9278 Path: 0.4183 | 1.1s
  Epoch 132/800 | Total: 3.636 Edge: 0.345 Con: 0.176 Cls: 1.424 Hist: 0.9229 Path: 0.4224 | 1.0s
  Epoch 133/800 | Total: 3.576 Edge: 0.344 Con: 0.174 Cls: 1.398 Hist: 0.9070 Path: 0.4087 | 1.0s
  Epoch 134/800 | Total: 3.605 Edge: 0.343 Con: 0.173 Cls: 1.416 Hist: 0.9207 Path: 0.4080 | 1.0s
  Epoch 135/800 | Total: 3.640 Edge: 0.346 Con: 0.173 Cls: 1.439 Hist: 0.9283 Path: 0.4067 | Val F1: 0.3281 | 1.0s
  Epoch 136/800 | Total: 3.633 Edge: 0.347 Con: 0.174 Cls: 1.435 Hist: 0.9163 Path: 0.4125 | 1.1s
  Epoch 137/800 | Total: 3.613 Edge: 0.344 Con: 0.172 Cls: 1.421 Hist: 0.9264 Path: 0.4052 | 1.0s
  Epoch 138/800 | Total: 3.615 Edge: 0.351 Con: 0.172 Cls: 1.414 Hist: 0.9133 Path: 0.4136 | 0.9s
  Epoch 139/800 | Total: 3.580 Edge: 0.344 Con: 0.174 Cls: 1.402 Hist: 0.9076 Path: 0.4084 | 1.1s
  Epoch 140/800 | Total: 3.578 Edge: 0.342 Con: 0.173 Cls: 1.405 Hist: 0.9101 Path: 0.4055 | Val F1: 0.3394 | 1.1s
  Epoch 141/800 | Total: 3.587 Edge: 0.338 Con: 0.171 Cls: 1.416 Hist: 0.9183 Path: 0.4044 | 0.9s
  Epoch 142/800 | Total: 3.614 Edge: 0.341 Con: 0.173 Cls: 1.432 Hist: 0.9232 Path: 0.4042 | 1.0s
  Epoch 143/800 | Total: 3.568 Edge: 0.344 Con: 0.173 Cls: 1.396 Hist: 0.9071 Path: 0.4043 | 1.0s
  Epoch 144/800 | Total: 3.556 Edge: 0.343 Con: 0.173 Cls: 1.392 Hist: 0.8986 Path: 0.4062 | 1.0s
  Epoch 145/800 | Total: 3.533 Edge: 0.342 Con: 0.172 Cls: 1.382 Hist: 0.8935 Path: 0.4015 | Val F1: 0.3396 | 1.0s
  Epoch 146/800 | Total: 3.577 Edge: 0.340 Con: 0.174 Cls: 1.407 Hist: 0.9159 Path: 0.3997 | 1.1s
  Epoch 147/800 | Total: 3.587 Edge: 0.342 Con: 0.173 Cls: 1.410 Hist: 0.9148 Path: 0.4067 | 1.0s
  Epoch 148/800 | Total: 3.598 Edge: 0.344 Con: 0.174 Cls: 1.412 Hist: 0.9160 Path: 0.4091 | 1.1s
  Epoch 149/800 | Total: 3.549 Edge: 0.344 Con: 0.173 Cls: 1.390 Hist: 0.8944 Path: 0.4050 | 0.9s
  Epoch 150/800 | Total: 3.596 Edge: 0.345 Con: 0.174 Cls: 1.412 Hist: 0.9120 Path: 0.4083 | Val F1: 0.3385 | 0.9s
  Epoch 151/800 | Total: 3.601 Edge: 0.340 Con: 0.174 Cls: 1.416 Hist: 0.9182 Path: 0.4126 | 1.1s
  Epoch 152/800 | Total: 3.570 Edge: 0.339 Con: 0.173 Cls: 1.403 Hist: 0.9083 Path: 0.4084 | 1.3s
  Epoch 153/800 | Total: 3.609 Edge: 0.338 Con: 0.173 Cls: 1.431 Hist: 0.9292 Path: 0.4008 | 1.0s
  Epoch 154/800 | Total: 3.614 Edge: 0.340 Con: 0.172 Cls: 1.437 Hist: 0.9228 Path: 0.4021 | 1.9s
  Epoch 155/800 | Total: 3.584 Edge: 0.341 Con: 0.172 Cls: 1.414 Hist: 0.9143 Path: 0.4017 | Val F1: 0.3260 | 2.1s
  Epoch 156/800 | Total: 3.570 Edge: 0.350 Con: 0.174 Cls: 1.390 Hist: 0.8980 Path: 0.4085 | 2.0s
  Epoch 157/800 | Total: 3.598 Edge: 0.359 Con: 0.172 Cls: 1.393 Hist: 0.8996 Path: 0.4158 | 2.1s
  Epoch 158/800 | Total: 3.597 Edge: 0.356 Con: 0.173 Cls: 1.398 Hist: 0.9053 Path: 0.4089 | 2.1s
  Epoch 159/800 | Total: 3.598 Edge: 0.355 Con: 0.173 Cls: 1.395 Hist: 0.9053 Path: 0.4154 | 2.1s
  Epoch 160/800 | Total: 3.592 Edge: 0.340 Con: 0.173 Cls: 1.420 Hist: 0.9185 Path: 0.4004 | Val F1: 0.3229 | 2.2s
  Epoch 161/800 | Total: 3.580 Edge: 0.336 Con: 0.171 Cls: 1.423 Hist: 0.9196 Path: 0.3927 | 2.1s
  Epoch 162/800 | Total: 3.573 Edge: 0.336 Con: 0.171 Cls: 1.417 Hist: 0.9205 Path: 0.3922 | 2.1s
  Epoch 163/800 | Total: 3.540 Edge: 0.337 Con: 0.172 Cls: 1.394 Hist: 0.9019 Path: 0.3983 | 2.1s
  Epoch 164/800 | Total: 3.550 Edge: 0.336 Con: 0.172 Cls: 1.404 Hist: 0.9073 Path: 0.3940 | 2.2s
  Epoch 165/800 | Total: 3.561 Edge: 0.339 Con: 0.174 Cls: 1.404 Hist: 0.9061 Path: 0.3989 | Val F1: 0.3457 | 2.1s
  Epoch 166/800 | Total: 3.558 Edge: 0.337 Con: 0.171 Cls: 1.406 Hist: 0.9112 Path: 0.3953 | 2.2s
  Epoch 167/800 | Total: 3.600 Edge: 0.339 Con: 0.172 Cls: 1.438 Hist: 0.9157 Path: 0.3965 | 2.2s
  Epoch 168/800 | Total: 3.700 Edge: 0.344 Con: 0.173 Cls: 1.474 Hist: 0.9569 Path: 0.4084 | 2.1s
  Epoch 169/800 | Total: 3.595 Edge: 0.344 Con: 0.173 Cls: 1.414 Hist: 0.9127 Path: 0.4074 | 2.2s
  Epoch 170/800 | Total: 3.570 Edge: 0.337 Con: 0.171 Cls: 1.414 Hist: 0.9126 Path: 0.3975 | Val F1: 0.3409 | 2.2s
  Epoch 171/800 | Total: 3.528 Edge: 0.336 Con: 0.171 Cls: 1.389 Hist: 0.8989 Path: 0.3968 | 2.2s
  Epoch 172/800 | Total: 3.523 Edge: 0.334 Con: 0.171 Cls: 1.394 Hist: 0.8997 Path: 0.3906 | 2.1s
  Epoch 173/800 | Total: 3.535 Edge: 0.335 Con: 0.173 Cls: 1.395 Hist: 0.9066 Path: 0.3901 | 2.1s
  Epoch 174/800 | Total: 3.488 Edge: 0.338 Con: 0.170 Cls: 1.366 Hist: 0.8836 Path: 0.3922 | 2.0s
  Epoch 175/800 | Total: 3.491 Edge: 0.336 Con: 0.172 Cls: 1.368 Hist: 0.8876 Path: 0.3921 | Val F1: 0.3614 | 2.2s
  Epoch 176/800 | Total: 3.500 Edge: 0.336 Con: 0.172 Cls: 1.375 Hist: 0.8868 Path: 0.3939 | 2.2s
  Epoch 177/800 | Total: 3.506 Edge: 0.336 Con: 0.173 Cls: 1.378 Hist: 0.8915 Path: 0.3919 | 2.2s
  Epoch 178/800 | Total: 3.507 Edge: 0.341 Con: 0.171 Cls: 1.373 Hist: 0.8854 Path: 0.3967 | 2.2s
  Epoch 179/800 | Total: 3.522 Edge: 0.341 Con: 0.171 Cls: 1.384 Hist: 0.8884 Path: 0.3981 | 2.2s
  Epoch 180/800 | Total: 3.497 Edge: 0.333 Con: 0.171 Cls: 1.378 Hist: 0.8909 Path: 0.3913 | Val F1: 0.3589 | 2.2s
  Epoch 181/800 | Total: 3.493 Edge: 0.335 Con: 0.173 Cls: 1.372 Hist: 0.8876 Path: 0.3908 | 2.2s
  Epoch 182/800 | Total: 3.524 Edge: 0.335 Con: 0.171 Cls: 1.390 Hist: 0.8979 Path: 0.3955 | 2.0s
  Epoch 183/800 | Total: 3.547 Edge: 0.335 Con: 0.173 Cls: 1.399 Hist: 0.9048 Path: 0.4013 | 2.3s
  Epoch 184/800 | Total: 3.528 Edge: 0.336 Con: 0.171 Cls: 1.387 Hist: 0.8967 Path: 0.4016 | 2.3s
  Epoch 185/800 | Total: 3.488 Edge: 0.333 Con: 0.171 Cls: 1.370 Hist: 0.8879 Path: 0.3917 | Val F1: 0.3608 | 2.1s
  Epoch 186/800 | Total: 3.482 Edge: 0.333 Con: 0.170 Cls: 1.364 Hist: 0.8829 Path: 0.3980 | 2.2s
  Epoch 187/800 | Total: 3.496 Edge: 0.333 Con: 0.171 Cls: 1.374 Hist: 0.8878 Path: 0.3971 | 2.1s
  Epoch 188/800 | Total: 3.488 Edge: 0.334 Con: 0.171 Cls: 1.370 Hist: 0.8855 Path: 0.3932 | 2.2s
  Epoch 189/800 | Total: 3.494 Edge: 0.333 Con: 0.172 Cls: 1.375 Hist: 0.8861 Path: 0.3951 | 2.1s
  Epoch 190/800 | Total: 3.498 Edge: 0.333 Con: 0.170 Cls: 1.381 Hist: 0.8915 Path: 0.3885 | Val F1: 0.3545 | 2.2s
  Epoch 191/800 | Total: 3.514 Edge: 0.337 Con: 0.172 Cls: 1.387 Hist: 0.8865 Path: 0.3955 | 2.2s
  Epoch 192/800 | Total: 3.517 Edge: 0.337 Con: 0.171 Cls: 1.381 Hist: 0.8941 Path: 0.3963 | 2.1s
  Epoch 193/800 | Total: 3.527 Edge: 0.339 Con: 0.171 Cls: 1.387 Hist: 0.8944 Path: 0.3972 | 2.1s
  Epoch 194/800 | Total: 3.595 Edge: 0.347 Con: 0.172 Cls: 1.407 Hist: 0.9065 Path: 0.4146 | 2.3s
  Epoch 195/800 | Total: 3.520 Edge: 0.340 Con: 0.173 Cls: 1.377 Hist: 0.8885 Path: 0.4015 | Val F1: 0.3529 | 2.2s
  Epoch 196/800 | Total: 3.480 Edge: 0.334 Con: 0.170 Cls: 1.365 Hist: 0.8846 Path: 0.3916 | 2.2s
  Epoch 197/800 | Total: 3.456 Edge: 0.329 Con: 0.171 Cls: 1.359 Hist: 0.8815 Path: 0.3869 | 2.1s
  Epoch 198/800 | Total: 3.477 Edge: 0.330 Con: 0.170 Cls: 1.373 Hist: 0.8883 Path: 0.3852 | 2.1s
  Epoch 199/800 | Total: 3.499 Edge: 0.332 Con: 0.172 Cls: 1.382 Hist: 0.8948 Path: 0.3867 | 2.2s
  Epoch 200/800 | Total: 3.502 Edge: 0.333 Con: 0.173 Cls: 1.379 Hist: 0.8894 Path: 0.3939 | Val F1: 0.3594 | 2.1s
  Epoch 201/800 | Total: 3.444 Edge: 0.330 Con: 0.170 Cls: 1.354 Hist: 0.8758 Path: 0.3837 | 2.0s
  Epoch 202/800 | Total: 3.540 Edge: 0.332 Con: 0.170 Cls: 1.405 Hist: 0.9131 Path: 0.3879 | 2.1s
  Epoch 203/800 | Total: 3.540 Edge: 0.337 Con: 0.173 Cls: 1.395 Hist: 0.9019 Path: 0.3964 | 2.2s
  Epoch 204/800 | Total: 3.519 Edge: 0.339 Con: 0.170 Cls: 1.380 Hist: 0.8921 Path: 0.3988 | 2.1s
  Epoch 205/800 | Total: 3.519 Edge: 0.337 Con: 0.170 Cls: 1.384 Hist: 0.8917 Path: 0.3995 | Val F1: 0.3694 | 2.2s
  Epoch 206/800 | Total: 3.504 Edge: 0.329 Con: 0.169 Cls: 1.388 Hist: 0.8973 Path: 0.3920 | 2.1s
  Epoch 207/800 | Total: 3.471 Edge: 0.326 Con: 0.171 Cls: 1.374 Hist: 0.8874 Path: 0.3860 | 2.1s
  Epoch 208/800 | Total: 3.457 Edge: 0.328 Con: 0.172 Cls: 1.367 Hist: 0.8794 Path: 0.3839 | 2.0s
  Epoch 209/800 | Total: 3.447 Edge: 0.325 Con: 0.171 Cls: 1.367 Hist: 0.8820 Path: 0.3780 | 2.0s
  Epoch 210/800 | Total: 3.431 Edge: 0.324 Con: 0.172 Cls: 1.357 Hist: 0.8742 Path: 0.3796 | Val F1: 0.3637 | 2.2s
  Epoch 211/800 | Total: 3.432 Edge: 0.326 Con: 0.170 Cls: 1.353 Hist: 0.8714 Path: 0.3851 | 2.1s
  Epoch 212/800 | Total: 3.491 Edge: 0.332 Con: 0.172 Cls: 1.373 Hist: 0.8870 Path: 0.3957 | 2.0s
  Epoch 213/800 | Total: 3.495 Edge: 0.333 Con: 0.170 Cls: 1.372 Hist: 0.8860 Path: 0.4013 | 2.1s
  Epoch 214/800 | Total: 3.522 Edge: 0.339 Con: 0.171 Cls: 1.375 Hist: 0.8881 Path: 0.4098 | 2.1s
  Epoch 215/800 | Total: 3.507 Edge: 0.335 Con: 0.171 Cls: 1.382 Hist: 0.8872 Path: 0.3974 | Val F1: 0.3699 | 2.1s
  Epoch 216/800 | Total: 3.497 Edge: 0.332 Con: 0.171 Cls: 1.377 Hist: 0.8953 Path: 0.3892 | 2.1s
  Epoch 217/800 | Total: 3.473 Edge: 0.334 Con: 0.171 Cls: 1.369 Hist: 0.8795 Path: 0.3861 | 2.2s
  Epoch 218/800 | Total: 3.481 Edge: 0.332 Con: 0.170 Cls: 1.375 Hist: 0.8860 Path: 0.3853 | 2.2s
  Epoch 219/800 | Total: 3.463 Edge: 0.333 Con: 0.170 Cls: 1.364 Hist: 0.8818 Path: 0.3806 | 2.0s
  Epoch 220/800 | Total: 3.444 Edge: 0.330 Con: 0.170 Cls: 1.355 Hist: 0.8754 Path: 0.3834 | Val F1: 0.3668 | 1.9s
  Epoch 221/800 | Total: 3.440 Edge: 0.328 Con: 0.169 Cls: 1.353 Hist: 0.8762 Path: 0.3853 | 1.5s
  Epoch 222/800 | Total: 3.429 Edge: 0.325 Con: 0.169 Cls: 1.353 Hist: 0.8758 Path: 0.3822 | 1.5s
  Epoch 223/800 | Total: 3.428 Edge: 0.325 Con: 0.170 Cls: 1.351 Hist: 0.8746 Path: 0.3820 | 1.4s
  Epoch 224/800 | Total: 3.424 Edge: 0.326 Con: 0.171 Cls: 1.351 Hist: 0.8689 Path: 0.3815 | 1.4s
  Epoch 225/800 | Total: 3.427 Edge: 0.326 Con: 0.169 Cls: 1.347 Hist: 0.8720 Path: 0.3856 | Val F1: 0.3654 | 1.3s
  Epoch 226/800 | Total: 3.423 Edge: 0.326 Con: 0.170 Cls: 1.349 Hist: 0.8723 Path: 0.3804 | 1.3s
  Epoch 227/800 | Total: 3.441 Edge: 0.325 Con: 0.169 Cls: 1.356 Hist: 0.8826 Path: 0.3830 | 1.4s
  Epoch 228/800 | Total: 3.483 Edge: 0.325 Con: 0.170 Cls: 1.383 Hist: 0.8982 Path: 0.3824 | 1.6s
  Epoch 229/800 | Total: 3.481 Edge: 0.326 Con: 0.170 Cls: 1.379 Hist: 0.8984 Path: 0.3825 | 1.7s
  Epoch 230/800 | Total: 3.479 Edge: 0.327 Con: 0.168 Cls: 1.383 Hist: 0.8890 Path: 0.3854 | Val F1: 0.3621 | 2.0s
  Epoch 231/800 | Total: 3.463 Edge: 0.333 Con: 0.170 Cls: 1.360 Hist: 0.8797 Path: 0.3868 | 1.8s
  Epoch 232/800 | Total: 3.436 Edge: 0.332 Con: 0.169 Cls: 1.350 Hist: 0.8676 Path: 0.3848 | 1.9s
  Epoch 233/800 | Total: 3.445 Edge: 0.327 Con: 0.171 Cls: 1.359 Hist: 0.8805 Path: 0.3799 | 2.0s
  Epoch 234/800 | Total: 3.414 Edge: 0.327 Con: 0.171 Cls: 1.343 Hist: 0.8649 Path: 0.3803 | 1.8s
  Epoch 235/800 | Total: 3.449 Edge: 0.327 Con: 0.172 Cls: 1.364 Hist: 0.8808 Path: 0.3794 | Val F1: 0.3618 | 1.8s
  Epoch 236/800 | Total: 3.456 Edge: 0.324 Con: 0.169 Cls: 1.368 Hist: 0.8894 Path: 0.3813 | 1.5s
  Epoch 237/800 | Total: 3.438 Edge: 0.325 Con: 0.169 Cls: 1.363 Hist: 0.8767 Path: 0.3801 | 1.4s
  Epoch 238/800 | Total: 3.448 Edge: 0.330 Con: 0.170 Cls: 1.357 Hist: 0.8739 Path: 0.3876 | 1.1s
  Epoch 239/800 | Total: 3.449 Edge: 0.328 Con: 0.170 Cls: 1.354 Hist: 0.8797 Path: 0.3896 | 1.3s
  Epoch 240/800 | Total: 3.408 Edge: 0.325 Con: 0.170 Cls: 1.341 Hist: 0.8604 Path: 0.3874 | Val F1: 0.3683 | 1.1s
  Epoch 241/800 | Total: 3.485 Edge: 0.325 Con: 0.172 Cls: 1.385 Hist: 0.8956 Path: 0.3827 | 1.2s
  Epoch 242/800 | Total: 3.464 Edge: 0.326 Con: 0.170 Cls: 1.372 Hist: 0.8857 Path: 0.3834 | 1.5s
  Epoch 243/800 | Total: 3.519 Edge: 0.332 Con: 0.171 Cls: 1.399 Hist: 0.8986 Path: 0.3870 | 1.5s
  Epoch 244/800 | Total: 3.579 Edge: 0.338 Con: 0.171 Cls: 1.417 Hist: 0.9167 Path: 0.3977 | 1.6s
  Epoch 245/800 | Total: 3.533 Edge: 0.333 Con: 0.171 Cls: 1.403 Hist: 0.9036 Path: 0.3897 | Val F1: 0.3587 | 1.6s
  Epoch 246/800 | Total: 3.516 Edge: 0.334 Con: 0.169 Cls: 1.396 Hist: 0.8962 Path: 0.3863 | 1.4s
  Epoch 247/800 | Total: 3.488 Edge: 0.335 Con: 0.170 Cls: 1.373 Hist: 0.8830 Path: 0.3916 | 1.4s
  Epoch 248/800 | Total: 3.436 Edge: 0.330 Con: 0.169 Cls: 1.352 Hist: 0.8693 Path: 0.3867 | 1.3s
  Epoch 249/800 | Total: 3.516 Edge: 0.331 Con: 0.169 Cls: 1.388 Hist: 0.8977 Path: 0.3993 | 1.5s
  Epoch 250/800 | Total: 3.562 Edge: 0.331 Con: 0.172 Cls: 1.421 Hist: 0.9178 Path: 0.3906 | Val F1: 0.3492 | 1.5s
  Epoch 251/800 | Total: 3.476 Edge: 0.327 Con: 0.172 Cls: 1.375 Hist: 0.8900 Path: 0.3868 | 1.7s
  Epoch 252/800 | Total: 3.449 Edge: 0.327 Con: 0.171 Cls: 1.364 Hist: 0.8780 Path: 0.3821 | 1.5s
  Epoch 253/800 | Total: 3.469 Edge: 0.336 Con: 0.172 Cls: 1.358 Hist: 0.8776 Path: 0.3905 | 1.6s
  Epoch 254/800 | Total: 3.471 Edge: 0.337 Con: 0.169 Cls: 1.356 Hist: 0.8797 Path: 0.3936 | 1.6s
  Epoch 255/800 | Total: 3.430 Edge: 0.329 Con: 0.169 Cls: 1.345 Hist: 0.8723 Path: 0.3861 | Val F1: 0.3756 | 1.8s
  Epoch 256/800 | Total: 3.418 Edge: 0.324 Con: 0.169 Cls: 1.345 Hist: 0.8711 Path: 0.3850 | 2.0s
  Epoch 257/800 | Total: 3.405 Edge: 0.323 Con: 0.169 Cls: 1.341 Hist: 0.8709 Path: 0.3786 | 1.7s
  Epoch 258/800 | Total: 3.399 Edge: 0.322 Con: 0.171 Cls: 1.339 Hist: 0.8686 Path: 0.3768 | 1.7s
  Epoch 259/800 | Total: 3.391 Edge: 0.319 Con: 0.169 Cls: 1.345 Hist: 0.8681 Path: 0.3703 | 1.5s
  Epoch 260/800 | Total: 3.435 Edge: 0.322 Con: 0.168 Cls: 1.368 Hist: 0.8823 Path: 0.3728 | Val F1: 0.3765 | 1.5s
  Epoch 261/800 | Total: 3.407 Edge: 0.321 Con: 0.168 Cls: 1.348 Hist: 0.8737 Path: 0.3757 | 1.4s
  Epoch 262/800 | Total: 3.415 Edge: 0.322 Con: 0.169 Cls: 1.352 Hist: 0.8718 Path: 0.3784 | 1.2s
  Epoch 263/800 | Total: 3.441 Edge: 0.325 Con: 0.170 Cls: 1.362 Hist: 0.8792 Path: 0.3789 | 1.1s
  Epoch 264/800 | Total: 3.404 Edge: 0.321 Con: 0.169 Cls: 1.347 Hist: 0.8716 Path: 0.3749 | 1.2s
  Epoch 265/800 | Total: 3.452 Edge: 0.321 Con: 0.170 Cls: 1.376 Hist: 0.8873 Path: 0.3769 | Val F1: 0.3429 | 1.4s
  Epoch 266/800 | Total: 3.429 Edge: 0.323 Con: 0.171 Cls: 1.360 Hist: 0.8772 Path: 0.3740 | 1.5s
  Epoch 267/800 | Total: 3.405 Edge: 0.324 Con: 0.169 Cls: 1.347 Hist: 0.8644 Path: 0.3758 | 1.6s
  Epoch 268/800 | Total: 3.467 Edge: 0.324 Con: 0.171 Cls: 1.380 Hist: 0.8892 Path: 0.3782 | 1.5s
  Epoch 269/800 | Total: 3.398 Edge: 0.322 Con: 0.169 Cls: 1.343 Hist: 0.8668 Path: 0.3750 | 1.3s
  Epoch 270/800 | Total: 3.392 Edge: 0.320 Con: 0.171 Cls: 1.340 Hist: 0.8660 Path: 0.3754 | Val F1: 0.3732 | 1.5s
  Epoch 271/800 | Total: 3.418 Edge: 0.323 Con: 0.171 Cls: 1.352 Hist: 0.8738 Path: 0.3755 | 1.4s
  Epoch 272/800 | Total: 3.383 Edge: 0.321 Con: 0.167 Cls: 1.338 Hist: 0.8624 Path: 0.3726 | 1.8s
  Epoch 273/800 | Total: 3.370 Edge: 0.318 Con: 0.169 Cls: 1.331 Hist: 0.8634 Path: 0.3707 | 1.7s
  Epoch 274/800 | Total: 3.367 Edge: 0.318 Con: 0.169 Cls: 1.328 Hist: 0.8641 Path: 0.3705 | 1.9s
  Epoch 275/800 | Total: 3.347 Edge: 0.318 Con: 0.169 Cls: 1.319 Hist: 0.8517 Path: 0.3705 | Val F1: 0.3681 | 1.7s
  Epoch 276/800 | Total: 3.432 Edge: 0.322 Con: 0.170 Cls: 1.358 Hist: 0.8819 Path: 0.3779 | 2.0s
  Epoch 277/800 | Total: 3.393 Edge: 0.323 Con: 0.169 Cls: 1.338 Hist: 0.8651 Path: 0.3753 | 2.0s
  Epoch 278/800 | Total: 3.402 Edge: 0.327 Con: 0.168 Cls: 1.339 Hist: 0.8641 Path: 0.3780 | 1.7s
  Epoch 279/800 | Total: 3.407 Edge: 0.326 Con: 0.169 Cls: 1.344 Hist: 0.8662 Path: 0.3767 | 1.7s
  Epoch 280/800 | Total: 3.385 Edge: 0.324 Con: 0.168 Cls: 1.332 Hist: 0.8571 Path: 0.3798 | Val F1: 0.3738 | 1.7s
  Epoch 281/800 | Total: 3.377 Edge: 0.324 Con: 0.168 Cls: 1.330 Hist: 0.8509 Path: 0.3794 | 1.2s
  Epoch 282/800 | Total: 3.393 Edge: 0.322 Con: 0.169 Cls: 1.342 Hist: 0.8663 Path: 0.3732 | 1.1s
  Epoch 283/800 | Total: 3.409 Edge: 0.323 Con: 0.169 Cls: 1.347 Hist: 0.8681 Path: 0.3790 | 1.1s
  Epoch 284/800 | Total: 3.493 Edge: 0.327 Con: 0.170 Cls: 1.389 Hist: 0.8927 Path: 0.3879 | 1.3s
  Epoch 285/800 | Total: 3.489 Edge: 0.330 Con: 0.170 Cls: 1.377 Hist: 0.8925 Path: 0.3887 | Val F1: 0.3629 | 1.2s
  Epoch 286/800 | Total: 3.401 Edge: 0.321 Con: 0.169 Cls: 1.337 Hist: 0.8712 Path: 0.3826 | 1.4s
  Epoch 287/800 | Total: 3.425 Edge: 0.326 Con: 0.170 Cls: 1.344 Hist: 0.8713 Path: 0.3866 | 1.5s
  Epoch 288/800 | Total: 3.410 Edge: 0.326 Con: 0.171 Cls: 1.338 Hist: 0.8606 Path: 0.3875 | 1.8s
  Epoch 289/800 | Total: 3.389 Edge: 0.321 Con: 0.169 Cls: 1.334 Hist: 0.8597 Path: 0.3834 | 1.4s
  Epoch 290/800 | Total: 3.392 Edge: 0.321 Con: 0.167 Cls: 1.340 Hist: 0.8644 Path: 0.3792 | Val F1: 0.3674 | 1.7s
  Epoch 291/800 | Total: 3.390 Edge: 0.320 Con: 0.169 Cls: 1.341 Hist: 0.8684 Path: 0.3715 | 1.2s
  Epoch 292/800 | Total: 3.370 Edge: 0.320 Con: 0.170 Cls: 1.329 Hist: 0.8533 Path: 0.3767 | 1.3s
  Epoch 293/800 | Total: 3.447 Edge: 0.327 Con: 0.169 Cls: 1.361 Hist: 0.8828 Path: 0.3792 | 1.5s
  Epoch 294/800 | Total: 3.388 Edge: 0.320 Con: 0.168 Cls: 1.338 Hist: 0.8667 Path: 0.3749 | 1.1s
  Epoch 295/800 | Total: 3.411 Edge: 0.324 Con: 0.168 Cls: 1.347 Hist: 0.8702 Path: 0.3772 | Val F1: 0.3770 | 1.6s
  Epoch 296/800 | Total: 3.395 Edge: 0.320 Con: 0.172 Cls: 1.340 Hist: 0.8672 Path: 0.3758 | 1.8s
  Epoch 297/800 | Total: 3.359 Edge: 0.319 Con: 0.168 Cls: 1.323 Hist: 0.8566 Path: 0.3737 | 1.8s
  Epoch 298/800 | Total: 3.357 Edge: 0.318 Con: 0.170 Cls: 1.322 Hist: 0.8601 Path: 0.3694 | 1.8s
  Epoch 299/800 | Total: 3.383 Edge: 0.320 Con: 0.171 Cls: 1.337 Hist: 0.8609 Path: 0.3740 | 1.7s
  Epoch 300/800 | Total: 3.372 Edge: 0.319 Con: 0.169 Cls: 1.328 Hist: 0.8565 Path: 0.3808 | Val F1: 0.3744 | 2.1s
  Epoch 301/800 | Total: 3.364 Edge: 0.319 Con: 0.168 Cls: 1.326 Hist: 0.8551 Path: 0.3764 | 1.9s
  Epoch 302/800 | Total: 3.365 Edge: 0.316 Con: 0.168 Cls: 1.332 Hist: 0.8615 Path: 0.3717 | 1.6s
  Epoch 303/800 | Total: 3.364 Edge: 0.319 Con: 0.169 Cls: 1.329 Hist: 0.8586 Path: 0.3700 | 1.6s
  Epoch 304/800 | Total: 3.412 Edge: 0.321 Con: 0.170 Cls: 1.353 Hist: 0.8726 Path: 0.3744 | 1.4s
  Epoch 305/800 | Total: 3.357 Edge: 0.317 Con: 0.168 Cls: 1.326 Hist: 0.8556 Path: 0.3726 | Val F1: 0.3707 | 1.1s
  Epoch 306/800 | Total: 3.351 Edge: 0.319 Con: 0.170 Cls: 1.320 Hist: 0.8494 Path: 0.3738 | 1.4s
  Epoch 307/800 | Total: 3.371 Edge: 0.322 Con: 0.169 Cls: 1.328 Hist: 0.8577 Path: 0.3736 | 1.2s
  Epoch 308/800 | Total: 3.367 Edge: 0.322 Con: 0.170 Cls: 1.323 Hist: 0.8565 Path: 0.3741 | 1.4s
  Epoch 309/800 | Total: 3.354 Edge: 0.321 Con: 0.169 Cls: 1.318 Hist: 0.8528 Path: 0.3717 | 1.3s
  Epoch 310/800 | Total: 3.376 Edge: 0.323 Con: 0.170 Cls: 1.326 Hist: 0.8585 Path: 0.3758 | Val F1: 0.3773 | 1.4s
  Epoch 311/800 | Total: 3.356 Edge: 0.317 Con: 0.169 Cls: 1.321 Hist: 0.8572 Path: 0.3737 | 1.5s
  Epoch 312/800 | Total: 3.366 Edge: 0.316 Con: 0.170 Cls: 1.336 Hist: 0.8567 Path: 0.3709 | 1.5s
  Epoch 313/800 | Total: 3.377 Edge: 0.316 Con: 0.169 Cls: 1.337 Hist: 0.8704 Path: 0.3682 | 1.2s
  Epoch 314/800 | Total: 3.356 Edge: 0.316 Con: 0.168 Cls: 1.331 Hist: 0.8562 Path: 0.3685 | 1.5s
  Epoch 315/800 | Total: 3.353 Edge: 0.316 Con: 0.168 Cls: 1.323 Hist: 0.8587 Path: 0.3710 | Val F1: 0.3709 | 1.4s
  Epoch 316/800 | Total: 3.353 Edge: 0.317 Con: 0.170 Cls: 1.321 Hist: 0.8561 Path: 0.3722 | 1.3s
  Epoch 317/800 | Total: 3.364 Edge: 0.318 Con: 0.170 Cls: 1.330 Hist: 0.8580 Path: 0.3713 | 1.8s
  Epoch 318/800 | Total: 3.364 Edge: 0.318 Con: 0.170 Cls: 1.327 Hist: 0.8581 Path: 0.3738 | 1.8s
  Epoch 319/800 | Total: 3.379 Edge: 0.319 Con: 0.168 Cls: 1.337 Hist: 0.8604 Path: 0.3752 | 1.5s
  Epoch 320/800 | Total: 3.374 Edge: 0.319 Con: 0.168 Cls: 1.332 Hist: 0.8614 Path: 0.3741 | Val F1: 0.3693 | 1.8s
  Epoch 321/800 | Total: 3.431 Edge: 0.325 Con: 0.169 Cls: 1.354 Hist: 0.8783 Path: 0.3801 | 1.7s
  Epoch 322/800 | Total: 3.399 Edge: 0.321 Con: 0.171 Cls: 1.340 Hist: 0.8683 Path: 0.3778 | 2.1s
  Epoch 323/800 | Total: 3.421 Edge: 0.326 Con: 0.169 Cls: 1.346 Hist: 0.8695 Path: 0.3838 | 1.9s
  Epoch 324/800 | Total: 3.461 Edge: 0.325 Con: 0.168 Cls: 1.366 Hist: 0.8888 Path: 0.3872 | 1.8s
  Epoch 325/800 | Total: 3.389 Edge: 0.326 Con: 0.169 Cls: 1.334 Hist: 0.8536 Path: 0.3819 | Val F1: 0.3815 | 1.6s
  Epoch 326/800 | Total: 3.413 Edge: 0.323 Con: 0.168 Cls: 1.348 Hist: 0.8719 Path: 0.3788 | 1.2s
  Epoch 327/800 | Total: 3.472 Edge: 0.326 Con: 0.168 Cls: 1.374 Hist: 0.8943 Path: 0.3833 | 1.1s
  Epoch 328/800 | Total: 3.386 Edge: 0.320 Con: 0.167 Cls: 1.341 Hist: 0.8655 Path: 0.3728 | 1.2s
  Epoch 329/800 | Total: 3.342 Edge: 0.317 Con: 0.168 Cls: 1.318 Hist: 0.8541 Path: 0.3680 | 1.2s
  Epoch 330/800 | Total: 3.350 Edge: 0.315 Con: 0.169 Cls: 1.327 Hist: 0.8603 Path: 0.3639 | Val F1: 0.3777 | 1.0s
  Epoch 331/800 | Total: 3.379 Edge: 0.317 Con: 0.170 Cls: 1.340 Hist: 0.8649 Path: 0.3698 | 1.3s
  Epoch 332/800 | Total: 3.386 Edge: 0.317 Con: 0.170 Cls: 1.342 Hist: 0.8655 Path: 0.3752 | 1.5s
  Epoch 333/800 | Total: 3.424 Edge: 0.320 Con: 0.168 Cls: 1.361 Hist: 0.8789 Path: 0.3756 | 1.6s
  Epoch 334/800 | Total: 3.365 Edge: 0.318 Con: 0.169 Cls: 1.326 Hist: 0.8616 Path: 0.3719 | 1.6s
  Epoch 335/800 | Total: 3.347 Edge: 0.319 Con: 0.168 Cls: 1.318 Hist: 0.8533 Path: 0.3701 | Val F1: 0.3844 | 1.5s
  Epoch 336/800 | Total: 3.357 Edge: 0.318 Con: 0.169 Cls: 1.324 Hist: 0.8543 Path: 0.3741 | 1.3s
  Epoch 337/800 | Total: 3.347 Edge: 0.322 Con: 0.168 Cls: 1.316 Hist: 0.8489 Path: 0.3701 | 1.3s
  Epoch 338/800 | Total: 3.362 Edge: 0.320 Con: 0.169 Cls: 1.324 Hist: 0.8559 Path: 0.3722 | 1.4s
  Epoch 339/800 | Total: 3.330 Edge: 0.318 Con: 0.167 Cls: 1.311 Hist: 0.8513 Path: 0.3657 | 1.6s
  Epoch 340/800 | Total: 3.328 Edge: 0.314 Con: 0.169 Cls: 1.313 Hist: 0.8506 Path: 0.3675 | Val F1: 0.3716 | 1.6s
  Epoch 341/800 | Total: 3.398 Edge: 0.320 Con: 0.169 Cls: 1.343 Hist: 0.8692 Path: 0.3765 | 1.6s
  Epoch 342/800 | Total: 3.445 Edge: 0.324 Con: 0.169 Cls: 1.370 Hist: 0.8842 Path: 0.3741 | 1.9s
  Epoch 343/800 | Total: 3.367 Edge: 0.320 Con: 0.169 Cls: 1.328 Hist: 0.8557 Path: 0.3744 | 1.7s
  Epoch 344/800 | Total: 3.339 Edge: 0.318 Con: 0.168 Cls: 1.309 Hist: 0.8512 Path: 0.3750 | 1.8s
  Epoch 345/800 | Total: 3.357 Edge: 0.317 Con: 0.169 Cls: 1.324 Hist: 0.8567 Path: 0.3738 | Val F1: 0.3754 | 2.0s
  Epoch 346/800 | Total: 3.355 Edge: 0.317 Con: 0.170 Cls: 1.327 Hist: 0.8510 Path: 0.3747 | 1.7s
  Epoch 347/800 | Total: 3.341 Edge: 0.315 Con: 0.169 Cls: 1.317 Hist: 0.8569 Path: 0.3664 | 1.6s
  Epoch 348/800 | Total: 3.355 Edge: 0.316 Con: 0.168 Cls: 1.331 Hist: 0.8571 Path: 0.3678 | 1.5s
  Epoch 349/800 | Total: 3.400 Edge: 0.320 Con: 0.171 Cls: 1.343 Hist: 0.8728 Path: 0.3741 | 1.2s
  Epoch 350/800 | Total: 3.399 Edge: 0.325 Con: 0.170 Cls: 1.329 Hist: 0.8624 Path: 0.3872 | Val F1: 0.3630 | 1.2s
  Epoch 351/800 | Total: 3.362 Edge: 0.316 Con: 0.167 Cls: 1.333 Hist: 0.8604 Path: 0.3709 | 1.5s
  Epoch 352/800 | Total: 3.356 Edge: 0.316 Con: 0.169 Cls: 1.328 Hist: 0.8589 Path: 0.3681 | 1.1s
  Epoch 353/800 | Total: 3.371 Edge: 0.316 Con: 0.169 Cls: 1.337 Hist: 0.8630 Path: 0.3700 | 1.1s
  Epoch 354/800 | Total: 3.350 Edge: 0.316 Con: 0.169 Cls: 1.321 Hist: 0.8536 Path: 0.3742 | 1.4s
  Epoch 355/800 | Total: 3.342 Edge: 0.316 Con: 0.169 Cls: 1.317 Hist: 0.8528 Path: 0.3716 | Val F1: 0.3815 | 1.1s
  Epoch 356/800 | Total: 3.341 Edge: 0.316 Con: 0.168 Cls: 1.320 Hist: 0.8525 Path: 0.3680 | 1.2s
  Epoch 357/800 | Total: 3.332 Edge: 0.314 Con: 0.168 Cls: 1.319 Hist: 0.8538 Path: 0.3636 | 1.1s
  Epoch 358/800 | Total: 3.345 Edge: 0.317 Con: 0.167 Cls: 1.321 Hist: 0.8556 Path: 0.3676 | 1.1s
  Epoch 359/800 | Total: 3.374 Edge: 0.320 Con: 0.170 Cls: 1.329 Hist: 0.8606 Path: 0.3741 | 1.1s
  Epoch 360/800 | Total: 3.382 Edge: 0.322 Con: 0.169 Cls: 1.329 Hist: 0.8641 Path: 0.3761 | Val F1: 0.3792 | 0.9s
  Epoch 361/800 | Total: 3.347 Edge: 0.317 Con: 0.170 Cls: 1.321 Hist: 0.8497 Path: 0.3717 | 1.0s
  Epoch 362/800 | Total: 3.334 Edge: 0.314 Con: 0.169 Cls: 1.318 Hist: 0.8490 Path: 0.3696 | 1.1s
  Epoch 363/800 | Total: 3.360 Edge: 0.317 Con: 0.169 Cls: 1.326 Hist: 0.8591 Path: 0.3732 | 1.2s
  Epoch 364/800 | Total: 3.366 Edge: 0.316 Con: 0.168 Cls: 1.328 Hist: 0.8591 Path: 0.3794 | 1.1s
  Epoch 365/800 | Total: 3.376 Edge: 0.320 Con: 0.170 Cls: 1.329 Hist: 0.8619 Path: 0.3758 | Val F1: 0.3615 | 1.0s
  Epoch 366/800 | Total: 3.384 Edge: 0.320 Con: 0.167 Cls: 1.333 Hist: 0.8626 Path: 0.3832 | 1.1s
  Epoch 367/800 | Total: 3.412 Edge: 0.320 Con: 0.167 Cls: 1.347 Hist: 0.8758 Path: 0.3822 | 1.1s
  Epoch 368/800 | Total: 3.386 Edge: 0.320 Con: 0.169 Cls: 1.332 Hist: 0.8588 Path: 0.3858 | 1.0s
  Epoch 369/800 | Total: 3.388 Edge: 0.317 Con: 0.168 Cls: 1.344 Hist: 0.8655 Path: 0.3766 | 1.0s
  Epoch 370/800 | Total: 3.396 Edge: 0.324 Con: 0.169 Cls: 1.341 Hist: 0.8612 Path: 0.3776 | Val F1: 0.3752 | 1.1s
  Epoch 371/800 | Total: 3.385 Edge: 0.328 Con: 0.170 Cls: 1.328 Hist: 0.8549 Path: 0.3767 | 0.9s
  Epoch 372/800 | Total: 3.370 Edge: 0.323 Con: 0.170 Cls: 1.327 Hist: 0.8548 Path: 0.3720 | 1.1s
  Epoch 373/800 | Total: 3.340 Edge: 0.318 Con: 0.169 Cls: 1.314 Hist: 0.8502 Path: 0.3700 | 1.0s
  Epoch 374/800 | Total: 3.374 Edge: 0.317 Con: 0.169 Cls: 1.344 Hist: 0.8615 Path: 0.3664 | 1.1s
  Epoch 375/800 | Total: 3.400 Edge: 0.317 Con: 0.168 Cls: 1.348 Hist: 0.8786 Path: 0.3708 | Val F1: 0.3635 | 1.1s
  Epoch 376/800 | Total: 3.387 Edge: 0.317 Con: 0.168 Cls: 1.345 Hist: 0.8683 Path: 0.3706 | 1.1s
  Epoch 377/800 | Total: 3.316 Edge: 0.313 Con: 0.167 Cls: 1.311 Hist: 0.8482 Path: 0.3627 | 1.1s
  Epoch 378/800 | Total: 3.349 Edge: 0.314 Con: 0.168 Cls: 1.323 Hist: 0.8579 Path: 0.3715 | 1.0s
  Epoch 379/800 | Total: 3.335 Edge: 0.313 Con: 0.168 Cls: 1.320 Hist: 0.8522 Path: 0.3685 | 1.0s
  Epoch 380/800 | Total: 3.342 Edge: 0.312 Con: 0.167 Cls: 1.326 Hist: 0.8583 Path: 0.3670 | Val F1: 0.3728 | 1.0s
  Epoch 381/800 | Total: 3.299 Edge: 0.313 Con: 0.168 Cls: 1.298 Hist: 0.8424 Path: 0.3654 | 1.2s
  Epoch 382/800 | Total: 3.361 Edge: 0.313 Con: 0.167 Cls: 1.334 Hist: 0.8652 Path: 0.3682 | 1.2s
  Epoch 383/800 | Total: 3.371 Edge: 0.315 Con: 0.170 Cls: 1.336 Hist: 0.8631 Path: 0.3727 | 1.1s
  Epoch 384/800 | Total: 3.338 Edge: 0.313 Con: 0.168 Cls: 1.322 Hist: 0.8526 Path: 0.3691 | 1.2s
  Epoch 385/800 | Total: 3.311 Edge: 0.314 Con: 0.167 Cls: 1.308 Hist: 0.8412 Path: 0.3670 | Val F1: 0.3833 | 1.1s
  Epoch 386/800 | Total: 3.312 Edge: 0.313 Con: 0.168 Cls: 1.306 Hist: 0.8435 Path: 0.3676 | 1.2s
  Epoch 387/800 | Total: 3.338 Edge: 0.315 Con: 0.168 Cls: 1.320 Hist: 0.8523 Path: 0.3670 | 1.2s
  Epoch 388/800 | Total: 3.370 Edge: 0.318 Con: 0.168 Cls: 1.334 Hist: 0.8648 Path: 0.3669 | 1.1s
  Epoch 389/800 | Total: 3.360 Edge: 0.319 Con: 0.168 Cls: 1.328 Hist: 0.8562 Path: 0.3690 | 1.1s
  Epoch 390/800 | Total: 3.339 Edge: 0.320 Con: 0.168 Cls: 1.314 Hist: 0.8487 Path: 0.3691 | Val F1: 0.3727 | 1.2s
  Epoch 391/800 | Total: 3.404 Edge: 0.320 Con: 0.168 Cls: 1.352 Hist: 0.8756 Path: 0.3689 | 1.4s
  Epoch 392/800 | Total: 3.358 Edge: 0.316 Con: 0.167 Cls: 1.333 Hist: 0.8589 Path: 0.3673 | 1.1s
  Epoch 393/800 | Total: 3.327 Edge: 0.317 Con: 0.167 Cls: 1.309 Hist: 0.8501 Path: 0.3679 | 1.2s
  Epoch 394/800 | Total: 3.321 Edge: 0.317 Con: 0.171 Cls: 1.300 Hist: 0.8431 Path: 0.3729 | 1.2s
  Epoch 395/800 | Total: 3.354 Edge: 0.319 Con: 0.169 Cls: 1.313 Hist: 0.8583 Path: 0.3765 | Val F1: 0.3739 | 1.6s
  Epoch 396/800 | Total: 3.338 Edge: 0.316 Con: 0.168 Cls: 1.316 Hist: 0.8542 Path: 0.3670 | 1.8s
  Epoch 397/800 | Total: 3.339 Edge: 0.317 Con: 0.169 Cls: 1.311 Hist: 0.8530 Path: 0.3719 | 1.5s
  Epoch 398/800 | Total: 3.323 Edge: 0.314 Con: 0.168 Cls: 1.312 Hist: 0.8482 Path: 0.3679 | 1.1s
  Epoch 399/800 | Total: 3.311 Edge: 0.314 Con: 0.168 Cls: 1.303 Hist: 0.8476 Path: 0.3655 | 1.2s
  Epoch 400/800 | Total: 3.300 Edge: 0.310 Con: 0.169 Cls: 1.305 Hist: 0.8426 Path: 0.3636 | Val F1: 0.3929 | 1.1s
  Epoch 401/800 | Total: 3.301 Edge: 0.311 Con: 0.168 Cls: 1.303 Hist: 0.8457 Path: 0.3630 | 1.2s
  Epoch 402/800 | Total: 3.345 Edge: 0.315 Con: 0.169 Cls: 1.323 Hist: 0.8549 Path: 0.3685 | 1.1s
  Epoch 403/800 | Total: 3.336 Edge: 0.313 Con: 0.168 Cls: 1.318 Hist: 0.8549 Path: 0.3691 | 1.1s
  Epoch 404/800 | Total: 3.349 Edge: 0.315 Con: 0.170 Cls: 1.324 Hist: 0.8523 Path: 0.3730 | 1.3s
  Epoch 405/800 | Total: 3.353 Edge: 0.313 Con: 0.168 Cls: 1.333 Hist: 0.8612 Path: 0.3654 | Val F1: 0.3740 | 1.1s
  Epoch 406/800 | Total: 3.337 Edge: 0.316 Con: 0.167 Cls: 1.319 Hist: 0.8519 Path: 0.3669 | 0.9s
  Epoch 407/800 | Total: 3.348 Edge: 0.317 Con: 0.169 Cls: 1.318 Hist: 0.8523 Path: 0.3747 | 0.9s
  Epoch 408/800 | Total: 3.350 Edge: 0.316 Con: 0.170 Cls: 1.317 Hist: 0.8578 Path: 0.3724 | 0.9s
  Epoch 409/800 | Total: 3.315 Edge: 0.314 Con: 0.169 Cls: 1.308 Hist: 0.8433 Path: 0.3673 | 1.1s
  Epoch 410/800 | Total: 3.335 Edge: 0.314 Con: 0.168 Cls: 1.323 Hist: 0.8500 Path: 0.3642 | Val F1: 0.3765 | 1.1s
  Epoch 411/800 | Total: 3.323 Edge: 0.314 Con: 0.168 Cls: 1.310 Hist: 0.8490 Path: 0.3663 | 1.0s
  Epoch 412/800 | Total: 3.373 Edge: 0.319 Con: 0.169 Cls: 1.335 Hist: 0.8627 Path: 0.3690 | 0.9s
  Epoch 413/800 | Total: 3.393 Edge: 0.323 Con: 0.171 Cls: 1.336 Hist: 0.8617 Path: 0.3780 | 0.9s
  Epoch 414/800 | Total: 3.365 Edge: 0.327 Con: 0.167 Cls: 1.315 Hist: 0.8472 Path: 0.3817 | 1.1s
  Epoch 415/800 | Total: 3.369 Edge: 0.317 Con: 0.167 Cls: 1.333 Hist: 0.8611 Path: 0.3730 | Val F1: 0.3697 | 0.9s
  Epoch 416/800 | Total: 3.351 Edge: 0.319 Con: 0.168 Cls: 1.327 Hist: 0.8492 Path: 0.3688 | 1.0s
  Epoch 417/800 | Total: 3.352 Edge: 0.317 Con: 0.169 Cls: 1.325 Hist: 0.8522 Path: 0.3711 | 0.9s
  Epoch 418/800 | Total: 3.339 Edge: 0.315 Con: 0.168 Cls: 1.317 Hist: 0.8505 Path: 0.3736 | 0.9s
  Epoch 419/800 | Total: 3.332 Edge: 0.316 Con: 0.168 Cls: 1.314 Hist: 0.8468 Path: 0.3716 | 0.9s
  Epoch 420/800 | Total: 3.356 Edge: 0.314 Con: 0.169 Cls: 1.330 Hist: 0.8601 Path: 0.3701 | Val F1: 0.3594 | 1.1s
  Epoch 421/800 | Total: 3.352 Edge: 0.312 Con: 0.168 Cls: 1.326 Hist: 0.8598 Path: 0.3731 | 0.9s
  Epoch 422/800 | Total: 3.322 Edge: 0.313 Con: 0.168 Cls: 1.310 Hist: 0.8494 Path: 0.3672 | 0.9s
  Epoch 423/800 | Total: 3.313 Edge: 0.313 Con: 0.169 Cls: 1.307 Hist: 0.8471 Path: 0.3648 | 0.9s
  Epoch 424/800 | Total: 3.325 Edge: 0.314 Con: 0.167 Cls: 1.312 Hist: 0.8503 Path: 0.3664 | 1.1s
  Epoch 425/800 | Total: 3.313 Edge: 0.311 Con: 0.169 Cls: 1.312 Hist: 0.8486 Path: 0.3623 | Val F1: 0.3894 | 1.1s
  Epoch 426/800 | Total: 3.303 Edge: 0.310 Con: 0.168 Cls: 1.305 Hist: 0.8475 Path: 0.3627 | 1.1s
  Epoch 427/800 | Total: 3.280 Edge: 0.309 Con: 0.167 Cls: 1.297 Hist: 0.8396 Path: 0.3588 | 0.9s
  Epoch 428/800 | Total: 3.366 Edge: 0.313 Con: 0.169 Cls: 1.347 Hist: 0.8594 Path: 0.3648 | 0.9s
  Epoch 429/800 | Total: 3.391 Edge: 0.317 Con: 0.168 Cls: 1.355 Hist: 0.8651 Path: 0.3679 | 1.1s
  Epoch 430/800 | Total: 3.348 Edge: 0.317 Con: 0.169 Cls: 1.324 Hist: 0.8541 Path: 0.3668 | Val F1: 0.3834 | 0.9s
  Epoch 431/800 | Total: 3.305 Edge: 0.314 Con: 0.169 Cls: 1.299 Hist: 0.8421 Path: 0.3677 | 1.1s
  Epoch 432/800 | Total: 3.343 Edge: 0.310 Con: 0.169 Cls: 1.326 Hist: 0.8565 Path: 0.3716 | 0.9s
  Epoch 433/800 | Total: 3.312 Edge: 0.312 Con: 0.168 Cls: 1.301 Hist: 0.8472 Path: 0.3722 | 1.1s
  Epoch 434/800 | Total: 3.283 Edge: 0.310 Con: 0.167 Cls: 1.295 Hist: 0.8377 Path: 0.3637 | 1.1s
  Epoch 435/800 | Total: 3.296 Edge: 0.309 Con: 0.168 Cls: 1.303 Hist: 0.8414 Path: 0.3642 | Val F1: 0.3764 | 0.9s
  Epoch 436/800 | Total: 3.297 Edge: 0.312 Con: 0.168 Cls: 1.303 Hist: 0.8420 Path: 0.3596 | 1.1s
  Epoch 437/800 | Total: 3.323 Edge: 0.314 Con: 0.168 Cls: 1.313 Hist: 0.8472 Path: 0.3656 | 1.2s
  Epoch 438/800 | Total: 3.328 Edge: 0.317 Con: 0.167 Cls: 1.310 Hist: 0.8483 Path: 0.3687 | 0.9s
  Epoch 439/800 | Total: 3.305 Edge: 0.316 Con: 0.167 Cls: 1.295 Hist: 0.8405 Path: 0.3707 | 1.2s
  Epoch 440/800 | Total: 3.353 Edge: 0.318 Con: 0.168 Cls: 1.320 Hist: 0.8573 Path: 0.3713 | Val F1: 0.3773 | 1.1s
  Epoch 441/800 | Total: 3.340 Edge: 0.314 Con: 0.168 Cls: 1.321 Hist: 0.8560 Path: 0.3667 | 1.2s
  Epoch 442/800 | Total: 3.323 Edge: 0.314 Con: 0.168 Cls: 1.310 Hist: 0.8475 Path: 0.3689 | 1.1s
  Epoch 443/800 | Total: 3.370 Edge: 0.312 Con: 0.169 Cls: 1.342 Hist: 0.8683 Path: 0.3670 | 1.1s
  Epoch 444/800 | Total: 3.327 Edge: 0.313 Con: 0.167 Cls: 1.312 Hist: 0.8482 Path: 0.3736 | 1.1s
  Epoch 445/800 | Total: 3.385 Edge: 0.318 Con: 0.169 Cls: 1.343 Hist: 0.8626 Path: 0.3761 | Val F1: 0.3714 | 1.2s
  Epoch 446/800 | Total: 3.334 Edge: 0.317 Con: 0.168 Cls: 1.308 Hist: 0.8487 Path: 0.3751 | 1.1s
  Epoch 447/800 | Total: 3.318 Edge: 0.311 Con: 0.169 Cls: 1.314 Hist: 0.8508 Path: 0.3638 | 0.9s
  Epoch 448/800 | Total: 3.320 Edge: 0.311 Con: 0.169 Cls: 1.316 Hist: 0.8534 Path: 0.3613 | 1.1s
  Epoch 449/800 | Total: 3.295 Edge: 0.309 Con: 0.168 Cls: 1.307 Hist: 0.8438 Path: 0.3570 | 1.1s
  Epoch 450/800 | Total: 3.301 Edge: 0.314 Con: 0.168 Cls: 1.296 Hist: 0.8436 Path: 0.3661 | Val F1: 0.3804 | 1.1s
  Epoch 451/800 | Total: 3.322 Edge: 0.312 Con: 0.167 Cls: 1.314 Hist: 0.8503 Path: 0.3678 | 1.1s
  Epoch 452/800 | Total: 3.304 Edge: 0.310 Con: 0.168 Cls: 1.304 Hist: 0.8463 Path: 0.3654 | 0.9s
  Epoch 453/800 | Total: 3.303 Edge: 0.312 Con: 0.168 Cls: 1.302 Hist: 0.8438 Path: 0.3653 | 1.1s
  Epoch 454/800 | Total: 3.311 Edge: 0.309 Con: 0.168 Cls: 1.313 Hist: 0.8511 Path: 0.3614 | 1.1s
  Epoch 455/800 | Total: 3.316 Edge: 0.310 Con: 0.168 Cls: 1.313 Hist: 0.8477 Path: 0.3665 | Val F1: 0.3803 | 0.9s
  Epoch 456/800 | Total: 3.334 Edge: 0.315 Con: 0.170 Cls: 1.317 Hist: 0.8479 Path: 0.3696 | 1.1s
  Epoch 457/800 | Total: 3.343 Edge: 0.318 Con: 0.167 Cls: 1.313 Hist: 0.8518 Path: 0.3742 | 0.9s
  Epoch 458/800 | Total: 3.350 Edge: 0.317 Con: 0.169 Cls: 1.318 Hist: 0.8558 Path: 0.3733 | 1.1s
  Epoch 459/800 | Total: 3.324 Edge: 0.311 Con: 0.168 Cls: 1.323 Hist: 0.8479 Path: 0.3623 | 1.1s
  Epoch 460/800 | Total: 3.390 Edge: 0.319 Con: 0.168 Cls: 1.347 Hist: 0.8699 Path: 0.3681 | Val F1: 0.3757 | 1.1s
  Epoch 461/800 | Total: 3.360 Edge: 0.319 Con: 0.168 Cls: 1.330 Hist: 0.8574 Path: 0.3658 | 1.3s
  Epoch 462/800 | Total: 3.369 Edge: 0.315 Con: 0.167 Cls: 1.341 Hist: 0.8620 Path: 0.3686 | 1.2s
  Epoch 463/800 | Total: 3.324 Edge: 0.314 Con: 0.169 Cls: 1.315 Hist: 0.8496 Path: 0.3608 | 1.1s
  Epoch 464/800 | Total: 3.294 Edge: 0.314 Con: 0.170 Cls: 1.291 Hist: 0.8375 Path: 0.3678 | 1.1s
  Epoch 465/800 | Total: 3.298 Edge: 0.315 Con: 0.168 Cls: 1.296 Hist: 0.8396 Path: 0.3638 | Val F1: 0.3870 | 1.2s
  Epoch 466/800 | Total: 3.278 Edge: 0.311 Con: 0.168 Cls: 1.288 Hist: 0.8349 Path: 0.3641 | 1.2s
  Epoch 467/800 | Total: 3.278 Edge: 0.309 Con: 0.168 Cls: 1.295 Hist: 0.8400 Path: 0.3569 | 1.2s
  Epoch 468/800 | Total: 3.321 Edge: 0.310 Con: 0.168 Cls: 1.321 Hist: 0.8537 Path: 0.3582 | 1.3s
  Epoch 469/800 | Total: 3.321 Edge: 0.313 Con: 0.168 Cls: 1.314 Hist: 0.8487 Path: 0.3639 | 1.2s
  Epoch 470/800 | Total: 3.335 Edge: 0.314 Con: 0.168 Cls: 1.321 Hist: 0.8554 Path: 0.3634 | Val F1: 0.3761 | 1.2s
  Epoch 471/800 | Total: 3.330 Edge: 0.315 Con: 0.168 Cls: 1.312 Hist: 0.8513 Path: 0.3690 | 1.3s
  Epoch 472/800 | Total: 3.335 Edge: 0.315 Con: 0.168 Cls: 1.320 Hist: 0.8486 Path: 0.3698 | 1.2s
  Epoch 473/800 | Total: 3.325 Edge: 0.312 Con: 0.168 Cls: 1.313 Hist: 0.8501 Path: 0.3701 | 1.3s
  Epoch 474/800 | Total: 3.268 Edge: 0.308 Con: 0.167 Cls: 1.291 Hist: 0.8352 Path: 0.3605 | 1.8s
  Epoch 475/800 | Total: 3.276 Edge: 0.308 Con: 0.167 Cls: 1.290 Hist: 0.8389 Path: 0.3621 | Val F1: 0.3826 | 1.8s
  Epoch 476/800 | Total: 3.270 Edge: 0.305 Con: 0.166 Cls: 1.296 Hist: 0.8371 Path: 0.3601 | 1.1s
  Epoch 477/800 | Total: 3.271 Edge: 0.308 Con: 0.168 Cls: 1.290 Hist: 0.8367 Path: 0.3606 | 1.1s
  Epoch 478/800 | Total: 3.296 Edge: 0.309 Con: 0.169 Cls: 1.305 Hist: 0.8408 Path: 0.3636 | 1.2s
  Epoch 479/800 | Total: 3.317 Edge: 0.311 Con: 0.167 Cls: 1.317 Hist: 0.8496 Path: 0.3610 | 1.1s
  Epoch 480/800 | Total: 3.323 Edge: 0.310 Con: 0.166 Cls: 1.316 Hist: 0.8596 Path: 0.3614 | Val F1: 0.3672 | 1.2s
  Epoch 481/800 | Total: 3.298 Edge: 0.312 Con: 0.167 Cls: 1.304 Hist: 0.8410 Path: 0.3622 | 1.3s
  Epoch 482/800 | Total: 3.320 Edge: 0.309 Con: 0.168 Cls: 1.321 Hist: 0.8537 Path: 0.3593 | 1.1s
  Epoch 483/800 | Total: 3.288 Edge: 0.311 Con: 0.168 Cls: 1.297 Hist: 0.8405 Path: 0.3610 | 1.2s
  Epoch 484/800 | Total: 3.314 Edge: 0.310 Con: 0.168 Cls: 1.315 Hist: 0.8491 Path: 0.3613 | 1.1s
  Epoch 485/800 | Total: 3.291 Edge: 0.311 Con: 0.167 Cls: 1.300 Hist: 0.8419 Path: 0.3602 | Val F1: 0.3812 | 0.9s
  Epoch 486/800 | Total: 3.285 Edge: 0.311 Con: 0.168 Cls: 1.291 Hist: 0.8369 Path: 0.3669 | 0.9s
  Epoch 487/800 | Total: 3.355 Edge: 0.319 Con: 0.168 Cls: 1.322 Hist: 0.8520 Path: 0.3755 | 1.1s
  Epoch 488/800 | Total: 3.351 Edge: 0.314 Con: 0.167 Cls: 1.324 Hist: 0.8601 Path: 0.3719 | 0.9s
  Epoch 489/800 | Total: 3.317 Edge: 0.312 Con: 0.168 Cls: 1.307 Hist: 0.8495 Path: 0.3695 | 0.9s
  Epoch 490/800 | Total: 3.287 Edge: 0.310 Con: 0.168 Cls: 1.297 Hist: 0.8406 Path: 0.3631 | Val F1: 0.3844 | 1.1s
  Epoch 491/800 | Total: 3.456 Edge: 0.317 Con: 0.168 Cls: 1.389 Hist: 0.8885 Path: 0.3759 | 0.9s
  Epoch 492/800 | Total: 3.492 Edge: 0.325 Con: 0.172 Cls: 1.391 Hist: 0.9011 Path: 0.3793 | 1.1s
  Epoch 493/800 | Total: 3.416 Edge: 0.321 Con: 0.171 Cls: 1.356 Hist: 0.8723 Path: 0.3755 | 0.9s
  Epoch 494/800 | Total: 3.358 Edge: 0.320 Con: 0.168 Cls: 1.324 Hist: 0.8520 Path: 0.3745 | 0.9s
  Epoch 495/800 | Total: 3.372 Edge: 0.330 Con: 0.169 Cls: 1.319 Hist: 0.8497 Path: 0.3750 | Val F1: 0.3792 | 1.1s
  Epoch 496/800 | Total: 3.316 Edge: 0.317 Con: 0.168 Cls: 1.307 Hist: 0.8419 Path: 0.3648 | 1.0s
  Epoch 497/800 | Total: 3.292 Edge: 0.312 Con: 0.167 Cls: 1.295 Hist: 0.8429 Path: 0.3621 | 1.0s
  Epoch 498/800 | Total: 3.315 Edge: 0.313 Con: 0.168 Cls: 1.311 Hist: 0.8446 Path: 0.3652 | 0.9s
  Epoch 499/800 | Total: 3.387 Edge: 0.315 Con: 0.169 Cls: 1.348 Hist: 0.8702 Path: 0.3703 | 0.9s
  Epoch 500/800 | Total: 3.327 Edge: 0.314 Con: 0.167 Cls: 1.315 Hist: 0.8514 Path: 0.3664 | Val F1: 0.3831 | 1.1s
  Early stopping at epoch 500
  Best Val F1: 0.3929 | Test F1: 0.3954
  Total training time: 728.9s (12.1 min)

======================================================================
  Val  Macro-F1: 0.3929
  Test Macro-F1: 0.3954
  Test Accuracy: 0.6371
  Time: 730.8s
======================================================================

  Results saved to: results/NESS_ogbn-arxiv_MCAR_0.8_20260723_174142
