/home/erfan/MATE/venv/lib/python3.13/site-packages/outdated/__init__.py:36: UserWarning: pkg_resources is deprecated as an API. See https://setuptools.pypa.io/en/latest/pkg_resources.html. The pkg_resources package is slated for removal as early as 2025-11-30. Refrain from using this package or pin to Setuptools<81.
  from pkg_resources import parse_version
/home/erfan/MATE/ogbn_benchmarks/data_loader.py:96: UserWarning: Sparse invariant checks are implicitly disabled. Memory errors (e.g. SEGFAULT) will occur when operating on a sparse tensor which violates the invariants, but checks incur performance overhead. To silence this warning, explicitly opt in or out. See `torch.sparse.check_sparse_tensor_invariants.__doc__` for guidance.  (Triggered internally at /pytorch/aten/src/ATen/Context.cpp:760.)
  adj = torch.sparse_coo_tensor(edge_index, vals, (num_nodes, num_nodes)).coalesce()
======================================================================
  NESS | ogbn-arxiv | MCAR @ 80% | lr=0.001
======================================================================
[1/3] Loading ogbn-arxiv...
  169,343 nodes | 128 dims | 40 classes
[2/3] Simulating MCAR missingness...
Simulating MCAR missingness at 80% rate...
  MCAR: Uniform random selection
  Observable: 33,869 (20.0%)
  Masked: 135,474 (80.0%)
  Observable: 33,869 | Val: 67,737 | Test: 67,737
[3/3] Running NESS...
  Prefilling missing nodes via Feature Propagation (40 iters)...
  Partitioning graph into 20 clusters (cache_device=gpu)...
  Cached 20 clusters
  Training NESS for up to 800 epochs (patience=20)...
  Epoch 1/800 | Total: 12.420 Edge: 0.691 Con: 0.665 Cls: 3.517 Triplet: 0.8466 | 10.6s
  Epoch 2/800 | Total: 10.685 Edge: 0.681 Con: 0.474 Cls: 3.016 Triplet: 0.7183 | 1.0s
  Epoch 3/800 | Total: 9.720 Edge: 0.665 Con: 0.350 Cls: 2.716 Triplet: 0.7325 | 1.0s
  Epoch 4/800 | Total: 9.167 Edge: 0.650 Con: 0.337 Cls: 2.566 Triplet: 0.6512 | 1.0s
  Epoch 5/800 | Total: 8.726 Edge: 0.644 Con: 0.315 Cls: 2.411 Triplet: 0.6924 | Val F1: 0.0297 | 1.0s
  Epoch 6/800 | Total: 8.392 Edge: 0.641 Con: 0.305 Cls: 2.310 Triplet: 0.6687 | 1.0s
  Epoch 7/800 | Total: 8.280 Edge: 0.627 Con: 0.284 Cls: 2.273 Triplet: 0.6912 | 1.0s
  Epoch 8/800 | Total: 7.980 Edge: 0.610 Con: 0.282 Cls: 2.182 Triplet: 0.6838 | 1.0s
  Epoch 9/800 | Total: 7.748 Edge: 0.598 Con: 0.272 Cls: 2.117 Triplet: 0.6626 | 1.0s
  Epoch 10/800 | Total: 7.532 Edge: 0.586 Con: 0.272 Cls: 2.048 Triplet: 0.6662 | Val F1: 0.1247 | 1.0s
  Epoch 11/800 | Total: 7.258 Edge: 0.577 Con: 0.261 Cls: 1.979 Triplet: 0.6128 | 1.0s
  Epoch 12/800 | Total: 7.251 Edge: 0.573 Con: 0.257 Cls: 1.963 Triplet: 0.6599 | 1.0s
  Epoch 13/800 | Total: 7.524 Edge: 0.601 Con: 0.259 Cls: 2.034 Triplet: 0.6899 | 0.9s
  Epoch 14/800 | Total: 7.401 Edge: 0.587 Con: 0.256 Cls: 1.998 Triplet: 0.6927 | 1.0s
  Epoch 15/800 | Total: 6.943 Edge: 0.572 Con: 0.254 Cls: 1.871 Triplet: 0.6297 | Val F1: 0.1696 | 1.0s
  Epoch 16/800 | Total: 7.143 Edge: 0.563 Con: 0.258 Cls: 1.937 Triplet: 0.6415 | 1.0s
  Epoch 17/800 | Total: 7.038 Edge: 0.553 Con: 0.247 Cls: 1.918 Triplet: 0.6086 | 1.0s
  Epoch 18/800 | Total: 6.788 Edge: 0.563 Con: 0.252 Cls: 1.836 Triplet: 0.5912 | 1.0s
  Epoch 19/800 | Total: 6.591 Edge: 0.548 Con: 0.241 Cls: 1.779 Triplet: 0.5844 | 1.0s
  Epoch 20/800 | Total: 6.592 Edge: 0.529 Con: 0.240 Cls: 1.796 Triplet: 0.5546 | Val F1: 0.1859 | 1.0s
  Epoch 21/800 | Total: 6.739 Edge: 0.557 Con: 0.241 Cls: 1.824 Triplet: 0.5892 | 1.1s
  Epoch 22/800 | Total: 6.803 Edge: 0.547 Con: 0.242 Cls: 1.846 Triplet: 0.5974 | 1.1s
  Epoch 23/800 | Total: 6.418 Edge: 0.539 Con: 0.243 Cls: 1.735 Triplet: 0.5522 | 1.0s
  Epoch 24/800 | Total: 6.487 Edge: 0.528 Con: 0.244 Cls: 1.753 Triplet: 0.5783 | 1.0s
  Epoch 25/800 | Total: 6.267 Edge: 0.539 Con: 0.243 Cls: 1.688 Triplet: 0.5424 | Val F1: 0.2215 | 1.1s
  Epoch 26/800 | Total: 6.223 Edge: 0.519 Con: 0.240 Cls: 1.687 Triplet: 0.5237 | 1.0s
  Epoch 27/800 | Total: 6.217 Edge: 0.518 Con: 0.236 Cls: 1.683 Triplet: 0.5310 | 1.0s
  Epoch 28/800 | Total: 6.186 Edge: 0.510 Con: 0.237 Cls: 1.677 Triplet: 0.5275 | 1.1s
  Epoch 29/800 | Total: 6.214 Edge: 0.517 Con: 0.232 Cls: 1.678 Triplet: 0.5479 | 1.0s
  Epoch 30/800 | Total: 5.955 Edge: 0.509 Con: 0.236 Cls: 1.607 Triplet: 0.5079 | Val F1: 0.2381 | 1.1s
  Epoch 31/800 | Total: 5.983 Edge: 0.499 Con: 0.231 Cls: 1.619 Triplet: 0.5113 | 1.0s
  Epoch 32/800 | Total: 5.967 Edge: 0.501 Con: 0.234 Cls: 1.607 Triplet: 0.5270 | 1.0s
  Epoch 33/800 | Total: 5.908 Edge: 0.517 Con: 0.232 Cls: 1.590 Triplet: 0.5056 | 1.0s
  Epoch 34/800 | Total: 6.107 Edge: 0.527 Con: 0.236 Cls: 1.639 Triplet: 0.5455 | 1.0s
  Epoch 35/800 | Total: 5.962 Edge: 0.498 Con: 0.235 Cls: 1.611 Triplet: 0.5146 | Val F1: 0.2562 | 1.1s
  Epoch 36/800 | Total: 5.978 Edge: 0.503 Con: 0.231 Cls: 1.612 Triplet: 0.5230 | 1.1s
  Epoch 37/800 | Total: 5.785 Edge: 0.503 Con: 0.234 Cls: 1.560 Triplet: 0.4858 | 1.1s
  Epoch 38/800 | Total: 5.924 Edge: 0.494 Con: 0.234 Cls: 1.585 Triplet: 0.5593 | 1.0s
  Epoch 39/800 | Total: 6.214 Edge: 0.517 Con: 0.243 Cls: 1.680 Triplet: 0.5365 | 1.0s
  Epoch 40/800 | Total: 6.130 Edge: 0.499 Con: 0.227 Cls: 1.645 Triplet: 0.5823 | Val F1: 0.2530 | 1.0s
  Epoch 41/800 | Total: 6.576 Edge: 0.515 Con: 0.234 Cls: 1.782 Triplet: 0.5974 | 1.0s
  Epoch 42/800 | Total: 6.601 Edge: 0.523 Con: 0.241 Cls: 1.776 Triplet: 0.6299 | 1.1s
  Epoch 43/800 | Total: 6.287 Edge: 0.537 Con: 0.244 Cls: 1.678 Triplet: 0.5940 | 1.1s
  Epoch 44/800 | Total: 5.824 Edge: 0.505 Con: 0.233 Cls: 1.549 Triplet: 0.5566 | 1.0s
  Epoch 45/800 | Total: 5.647 Edge: 0.492 Con: 0.230 Cls: 1.512 Triplet: 0.5040 | Val F1: 0.2633 | 1.0s
  Epoch 46/800 | Total: 5.548 Edge: 0.473 Con: 0.229 Cls: 1.493 Triplet: 0.4825 | 1.0s
  Epoch 47/800 | Total: 5.545 Edge: 0.469 Con: 0.227 Cls: 1.495 Triplet: 0.4785 | 1.0s
  Epoch 48/800 | Total: 5.466 Edge: 0.466 Con: 0.229 Cls: 1.474 Triplet: 0.4639 | 1.0s
  Epoch 49/800 | Total: 5.552 Edge: 0.464 Con: 0.226 Cls: 1.496 Triplet: 0.4864 | 1.0s
  Epoch 50/800 | Total: 5.553 Edge: 0.459 Con: 0.229 Cls: 1.504 Triplet: 0.4667 | Val F1: 0.2845 | 1.0s
  Epoch 51/800 | Total: 5.569 Edge: 0.467 Con: 0.227 Cls: 1.498 Triplet: 0.4934 | 1.0s
  Epoch 52/800 | Total: 5.545 Edge: 0.463 Con: 0.232 Cls: 1.499 Triplet: 0.4694 | 1.1s
  Epoch 53/800 | Total: 5.555 Edge: 0.468 Con: 0.226 Cls: 1.501 Triplet: 0.4713 | 1.1s
  Epoch 54/800 | Total: 5.564 Edge: 0.472 Con: 0.231 Cls: 1.500 Triplet: 0.4773 | 1.1s
  Epoch 55/800 | Total: 5.505 Edge: 0.460 Con: 0.224 Cls: 1.490 Triplet: 0.4636 | Val F1: 0.3017 | 1.0s
  Epoch 56/800 | Total: 5.487 Edge: 0.457 Con: 0.225 Cls: 1.484 Triplet: 0.4662 | 1.1s
  Epoch 57/800 | Total: 5.651 Edge: 0.475 Con: 0.230 Cls: 1.528 Triplet: 0.4777 | 1.1s
  Epoch 58/800 | Total: 5.514 Edge: 0.480 Con: 0.226 Cls: 1.487 Triplet: 0.4606 | 1.0s
  Epoch 59/800 | Total: 5.432 Edge: 0.453 Con: 0.224 Cls: 1.470 Triplet: 0.4558 | 1.0s
  Epoch 60/800 | Total: 5.357 Edge: 0.463 Con: 0.225 Cls: 1.444 Triplet: 0.4484 | Val F1: 0.2821 | 1.0s
  Epoch 61/800 | Total: 5.557 Edge: 0.465 Con: 0.230 Cls: 1.501 Triplet: 0.4750 | 1.1s
  Epoch 62/800 | Total: 5.782 Edge: 0.500 Con: 0.228 Cls: 1.560 Triplet: 0.4894 | 1.1s
  Epoch 63/800 | Total: 5.528 Edge: 0.471 Con: 0.226 Cls: 1.485 Triplet: 0.4884 | 1.0s
  Epoch 64/800 | Total: 5.401 Edge: 0.458 Con: 0.225 Cls: 1.452 Triplet: 0.4744 | 1.1s
  Epoch 65/800 | Total: 5.392 Edge: 0.461 Con: 0.222 Cls: 1.455 Triplet: 0.4551 | Val F1: 0.2745 | 1.0s
  Epoch 66/800 | Total: 5.459 Edge: 0.455 Con: 0.225 Cls: 1.483 Triplet: 0.4426 | 1.1s
  Epoch 67/800 | Total: 5.467 Edge: 0.477 Con: 0.226 Cls: 1.470 Triplet: 0.4663 | 1.1s
  Epoch 68/800 | Total: 5.360 Edge: 0.462 Con: 0.221 Cls: 1.449 Triplet: 0.4405 | 1.0s
  Epoch 69/800 | Total: 5.330 Edge: 0.474 Con: 0.225 Cls: 1.429 Triplet: 0.4570 | 1.1s
  Epoch 70/800 | Total: 5.250 Edge: 0.447 Con: 0.224 Cls: 1.421 Triplet: 0.4284 | Val F1: 0.3135 | 1.0s
  Epoch 71/800 | Total: 5.322 Edge: 0.453 Con: 0.220 Cls: 1.442 Triplet: 0.4314 | 1.1s
  Epoch 72/800 | Total: 5.556 Edge: 0.456 Con: 0.220 Cls: 1.508 Triplet: 0.4641 | 1.1s
  Epoch 73/800 | Total: 5.392 Edge: 0.466 Con: 0.224 Cls: 1.457 Triplet: 0.4431 | 1.1s
  Epoch 74/800 | Total: 5.365 Edge: 0.475 Con: 0.221 Cls: 1.437 Triplet: 0.4690 | 1.1s
  Epoch 75/800 | Total: 5.407 Edge: 0.457 Con: 0.223 Cls: 1.461 Triplet: 0.4547 | Val F1: 0.3262 | 1.0s
  Epoch 76/800 | Total: 5.434 Edge: 0.463 Con: 0.217 Cls: 1.475 Triplet: 0.4371 | 1.0s
  Epoch 77/800 | Total: 5.280 Edge: 0.457 Con: 0.221 Cls: 1.426 Triplet: 0.4339 | 1.0s
  Epoch 78/800 | Total: 5.282 Edge: 0.449 Con: 0.220 Cls: 1.430 Triplet: 0.4327 | 1.0s
  Epoch 79/800 | Total: 5.254 Edge: 0.444 Con: 0.221 Cls: 1.424 Triplet: 0.4266 | 1.0s
  Epoch 80/800 | Total: 5.207 Edge: 0.447 Con: 0.220 Cls: 1.407 Triplet: 0.4288 | Val F1: 0.3135 | 1.0s
  Epoch 81/800 | Total: 5.182 Edge: 0.441 Con: 0.222 Cls: 1.404 Triplet: 0.4196 | 1.0s
  Epoch 82/800 | Total: 5.202 Edge: 0.446 Con: 0.222 Cls: 1.410 Triplet: 0.4134 | 1.0s
  Epoch 83/800 | Total: 5.224 Edge: 0.447 Con: 0.219 Cls: 1.415 Triplet: 0.4213 | 1.0s
  Epoch 84/800 | Total: 5.248 Edge: 0.449 Con: 0.219 Cls: 1.422 Triplet: 0.4245 | 1.0s
  Epoch 85/800 | Total: 5.212 Edge: 0.444 Con: 0.220 Cls: 1.418 Triplet: 0.4043 | Val F1: 0.3040 | 1.0s
  Epoch 86/800 | Total: 5.208 Edge: 0.439 Con: 0.216 Cls: 1.406 Triplet: 0.4429 | 1.0s
  Epoch 87/800 | Total: 5.244 Edge: 0.446 Con: 0.223 Cls: 1.422 Triplet: 0.4206 | 1.0s
  Epoch 88/800 | Total: 5.344 Edge: 0.455 Con: 0.217 Cls: 1.451 Triplet: 0.4267 | 1.0s
  Epoch 89/800 | Total: 5.270 Edge: 0.461 Con: 0.222 Cls: 1.415 Triplet: 0.4537 | 1.1s
  Epoch 90/800 | Total: 5.208 Edge: 0.441 Con: 0.215 Cls: 1.411 Triplet: 0.4254 | Val F1: 0.3313 | 1.1s
  Epoch 91/800 | Total: 5.311 Edge: 0.444 Con: 0.220 Cls: 1.439 Triplet: 0.4387 | 1.1s
  Epoch 92/800 | Total: 5.316 Edge: 0.462 Con: 0.219 Cls: 1.433 Triplet: 0.4473 | 1.1s
  Epoch 93/800 | Total: 5.266 Edge: 0.453 Con: 0.221 Cls: 1.419 Triplet: 0.4455 | 1.0s
  Epoch 94/800 | Total: 5.372 Edge: 0.451 Con: 0.221 Cls: 1.457 Triplet: 0.4405 | 1.0s
  Epoch 95/800 | Total: 5.273 Edge: 0.444 Con: 0.219 Cls: 1.428 Triplet: 0.4343 | Val F1: 0.3300 | 1.0s
  Epoch 96/800 | Total: 5.185 Edge: 0.428 Con: 0.218 Cls: 1.409 Triplet: 0.4196 | 1.0s
  Epoch 97/800 | Total: 5.146 Edge: 0.424 Con: 0.215 Cls: 1.395 Triplet: 0.4287 | 1.0s
  Epoch 98/800 | Total: 5.103 Edge: 0.426 Con: 0.220 Cls: 1.389 Triplet: 0.3986 | 1.0s
  Epoch 99/800 | Total: 5.180 Edge: 0.427 Con: 0.213 Cls: 1.404 Triplet: 0.4349 | 1.0s
  Epoch 100/800 | Total: 5.222 Edge: 0.437 Con: 0.222 Cls: 1.416 Triplet: 0.4265 | Val F1: 0.3189 | 1.0s
  Epoch 101/800 | Total: 5.263 Edge: 0.441 Con: 0.216 Cls: 1.429 Triplet: 0.4260 | 1.0s
  Epoch 102/800 | Total: 5.066 Edge: 0.422 Con: 0.214 Cls: 1.375 Triplet: 0.4127 | 1.0s
  Epoch 103/800 | Total: 5.171 Edge: 0.430 Con: 0.214 Cls: 1.405 Triplet: 0.4190 | 1.0s
  Epoch 104/800 | Total: 5.166 Edge: 0.437 Con: 0.218 Cls: 1.401 Triplet: 0.4179 | 1.0s
  Epoch 105/800 | Total: 5.146 Edge: 0.424 Con: 0.213 Cls: 1.400 Triplet: 0.4164 | Val F1: 0.3193 | 1.0s
  Epoch 106/800 | Total: 5.307 Edge: 0.429 Con: 0.218 Cls: 1.445 Triplet: 0.4328 | 1.0s
  Epoch 107/800 | Total: 5.392 Edge: 0.455 Con: 0.229 Cls: 1.465 Triplet: 0.4258 | 1.1s
  Epoch 108/800 | Total: 5.210 Edge: 0.434 Con: 0.217 Cls: 1.407 Triplet: 0.4464 | 1.1s
  Epoch 109/800 | Total: 5.241 Edge: 0.433 Con: 0.216 Cls: 1.428 Triplet: 0.4164 | 1.0s
  Epoch 110/800 | Total: 5.174 Edge: 0.440 Con: 0.212 Cls: 1.403 Triplet: 0.4203 | Val F1: 0.3399 | 1.0s
  Epoch 111/800 | Total: 5.098 Edge: 0.416 Con: 0.215 Cls: 1.383 Triplet: 0.4269 | 1.0s
  Epoch 112/800 | Total: 5.097 Edge: 0.428 Con: 0.212 Cls: 1.385 Triplet: 0.4087 | 1.1s
  Epoch 113/800 | Total: 5.066 Edge: 0.417 Con: 0.214 Cls: 1.376 Triplet: 0.4131 | 1.0s
  Epoch 114/800 | Total: 4.992 Edge: 0.422 Con: 0.212 Cls: 1.353 Triplet: 0.4058 | 1.1s
  Epoch 115/800 | Total: 5.103 Edge: 0.432 Con: 0.217 Cls: 1.388 Triplet: 0.3999 | Val F1: 0.3485 | 1.1s
  Epoch 116/800 | Total: 5.040 Edge: 0.412 Con: 0.212 Cls: 1.369 Triplet: 0.4169 | 1.0s
  Epoch 117/800 | Total: 5.197 Edge: 0.422 Con: 0.216 Cls: 1.415 Triplet: 0.4211 | 1.0s
  Epoch 118/800 | Total: 5.165 Edge: 0.423 Con: 0.215 Cls: 1.411 Triplet: 0.4024 | 1.0s
  Epoch 119/800 | Total: 5.283 Edge: 0.450 Con: 0.213 Cls: 1.427 Triplet: 0.4439 | 1.0s
  Epoch 120/800 | Total: 5.369 Edge: 0.472 Con: 0.217 Cls: 1.449 Triplet: 0.4405 | Val F1: 0.3205 | 1.0s
  Epoch 121/800 | Total: 5.283 Edge: 0.445 Con: 0.218 Cls: 1.428 Triplet: 0.4447 | 1.1s
  Epoch 122/800 | Total: 5.173 Edge: 0.417 Con: 0.210 Cls: 1.405 Triplet: 0.4363 | 1.0s
  Epoch 123/800 | Total: 5.014 Edge: 0.422 Con: 0.210 Cls: 1.363 Triplet: 0.3990 | 1.0s
  Epoch 124/800 | Total: 5.021 Edge: 0.409 Con: 0.205 Cls: 1.370 Triplet: 0.3981 | 1.1s
  Epoch 125/800 | Total: 5.078 Edge: 0.412 Con: 0.210 Cls: 1.384 Triplet: 0.4102 | Val F1: 0.3707 | 1.0s
  Epoch 126/800 | Total: 5.107 Edge: 0.422 Con: 0.210 Cls: 1.388 Triplet: 0.4148 | 1.1s
  Epoch 127/800 | Total: 5.080 Edge: 0.419 Con: 0.210 Cls: 1.382 Triplet: 0.4104 | 1.0s
  Epoch 128/800 | Total: 5.039 Edge: 0.426 Con: 0.210 Cls: 1.368 Triplet: 0.4023 | 1.0s
  Epoch 129/800 | Total: 5.022 Edge: 0.414 Con: 0.208 Cls: 1.371 Triplet: 0.3914 | 1.1s
  Epoch 130/800 | Total: 4.974 Edge: 0.415 Con: 0.208 Cls: 1.353 Triplet: 0.3971 | Val F1: 0.3585 | 1.0s
  Epoch 131/800 | Total: 4.939 Edge: 0.409 Con: 0.210 Cls: 1.345 Triplet: 0.3903 | 1.1s
  Epoch 132/800 | Total: 4.912 Edge: 0.409 Con: 0.208 Cls: 1.338 Triplet: 0.3839 | 1.0s
  Epoch 133/800 | Total: 4.942 Edge: 0.400 Con: 0.208 Cls: 1.355 Triplet: 0.3728 | 1.0s
  Epoch 134/800 | Total: 4.927 Edge: 0.400 Con: 0.205 Cls: 1.344 Triplet: 0.3922 | 1.1s
  Epoch 135/800 | Total: 4.947 Edge: 0.396 Con: 0.206 Cls: 1.356 Triplet: 0.3786 | Val F1: 0.3393 | 1.0s
  Epoch 136/800 | Total: 4.985 Edge: 0.416 Con: 0.214 Cls: 1.358 Triplet: 0.3868 | 1.1s
  Epoch 137/800 | Total: 4.968 Edge: 0.413 Con: 0.209 Cls: 1.353 Triplet: 0.3916 | 1.0s
  Epoch 138/800 | Total: 4.913 Edge: 0.415 Con: 0.213 Cls: 1.334 Triplet: 0.3905 | 1.1s
  Epoch 139/800 | Total: 4.874 Edge: 0.403 Con: 0.209 Cls: 1.328 Triplet: 0.3838 | 1.0s
  Epoch 140/800 | Total: 4.852 Edge: 0.393 Con: 0.207 Cls: 1.322 Triplet: 0.3896 | Val F1: 0.3549 | 1.0s
  Epoch 141/800 | Total: 4.867 Edge: 0.394 Con: 0.205 Cls: 1.333 Triplet: 0.3722 | 1.0s
  Epoch 142/800 | Total: 4.987 Edge: 0.400 Con: 0.208 Cls: 1.366 Triplet: 0.3840 | 1.0s
  Epoch 143/800 | Total: 4.940 Edge: 0.406 Con: 0.210 Cls: 1.346 Triplet: 0.3905 | 1.0s
  Epoch 144/800 | Total: 4.964 Edge: 0.403 Con: 0.207 Cls: 1.358 Triplet: 0.3848 | 1.0s
  Epoch 145/800 | Total: 4.928 Edge: 0.403 Con: 0.207 Cls: 1.348 Triplet: 0.3771 | Val F1: 0.3798 | 1.0s
  Epoch 146/800 | Total: 4.978 Edge: 0.404 Con: 0.208 Cls: 1.356 Triplet: 0.4021 | 1.0s
  Epoch 147/800 | Total: 5.079 Edge: 0.426 Con: 0.213 Cls: 1.382 Triplet: 0.4020 | 1.0s
  Epoch 148/800 | Total: 5.048 Edge: 0.430 Con: 0.211 Cls: 1.371 Triplet: 0.3997 | 1.0s
  Epoch 149/800 | Total: 5.252 Edge: 0.417 Con: 0.213 Cls: 1.430 Triplet: 0.4399 | 1.0s
  Epoch 150/800 | Total: 5.244 Edge: 0.434 Con: 0.207 Cls: 1.433 Triplet: 0.4070 | Val F1: 0.3475 | 1.0s
  Epoch 151/800 | Total: 5.100 Edge: 0.431 Con: 0.211 Cls: 1.378 Triplet: 0.4310 | 1.0s
  Epoch 152/800 | Total: 4.973 Edge: 0.421 Con: 0.209 Cls: 1.344 Triplet: 0.4134 | 1.0s
  Epoch 153/800 | Total: 5.028 Edge: 0.414 Con: 0.211 Cls: 1.370 Triplet: 0.3993 | 1.0s
  Epoch 154/800 | Total: 4.960 Edge: 0.402 Con: 0.206 Cls: 1.351 Triplet: 0.4027 | 1.0s
  Epoch 155/800 | Total: 4.923 Edge: 0.404 Con: 0.205 Cls: 1.343 Triplet: 0.3887 | Val F1: 0.3579 | 1.0s
  Epoch 156/800 | Total: 4.974 Edge: 0.397 Con: 0.206 Cls: 1.359 Triplet: 0.3971 | 1.0s
  Epoch 157/800 | Total: 4.932 Edge: 0.402 Con: 0.202 Cls: 1.351 Triplet: 0.3772 | 1.0s
  Epoch 158/800 | Total: 4.868 Edge: 0.395 Con: 0.203 Cls: 1.327 Triplet: 0.3915 | 1.0s
  Epoch 159/800 | Total: 4.882 Edge: 0.418 Con: 0.205 Cls: 1.327 Triplet: 0.3813 | 1.0s
  Epoch 160/800 | Total: 4.899 Edge: 0.400 Con: 0.201 Cls: 1.336 Triplet: 0.3887 | Val F1: 0.3617 | 1.1s
  Epoch 161/800 | Total: 4.887 Edge: 0.400 Con: 0.206 Cls: 1.336 Triplet: 0.3761 | 1.1s
  Epoch 162/800 | Total: 4.830 Edge: 0.397 Con: 0.204 Cls: 1.313 Triplet: 0.3906 | 1.1s
  Epoch 163/800 | Total: 4.801 Edge: 0.396 Con: 0.203 Cls: 1.312 Triplet: 0.3661 | 1.0s
  Epoch 164/800 | Total: 4.772 Edge: 0.392 Con: 0.205 Cls: 1.303 Triplet: 0.3696 | 1.1s
  Epoch 165/800 | Total: 4.765 Edge: 0.397 Con: 0.201 Cls: 1.299 Triplet: 0.3713 | Val F1: 0.3805 | 1.0s
  Epoch 166/800 | Total: 4.745 Edge: 0.387 Con: 0.201 Cls: 1.299 Triplet: 0.3625 | 1.1s
  Epoch 167/800 | Total: 4.812 Edge: 0.392 Con: 0.205 Cls: 1.316 Triplet: 0.3687 | 1.1s
  Epoch 168/800 | Total: 4.834 Edge: 0.394 Con: 0.206 Cls: 1.324 Triplet: 0.3649 | 1.0s
  Epoch 169/800 | Total: 4.857 Edge: 0.391 Con: 0.204 Cls: 1.333 Triplet: 0.3646 | 1.0s
  Epoch 170/800 | Total: 4.834 Edge: 0.393 Con: 0.203 Cls: 1.319 Triplet: 0.3839 | Val F1: 0.3571 | 1.0s
  Epoch 171/800 | Total: 4.881 Edge: 0.395 Con: 0.204 Cls: 1.337 Triplet: 0.3737 | 1.0s
  Epoch 172/800 | Total: 4.936 Edge: 0.391 Con: 0.200 Cls: 1.360 Triplet: 0.3649 | 1.0s
  Epoch 173/800 | Total: 4.988 Edge: 0.425 Con: 0.208 Cls: 1.358 Triplet: 0.3861 | 1.0s
  Epoch 174/800 | Total: 4.893 Edge: 0.423 Con: 0.203 Cls: 1.321 Triplet: 0.4069 | 1.1s
  Epoch 175/800 | Total: 4.900 Edge: 0.409 Con: 0.205 Cls: 1.331 Triplet: 0.3970 | Val F1: 0.3666 | 1.1s
  Epoch 176/800 | Total: 4.938 Edge: 0.420 Con: 0.203 Cls: 1.340 Triplet: 0.3970 | 1.1s
  Epoch 177/800 | Total: 4.959 Edge: 0.412 Con: 0.204 Cls: 1.352 Triplet: 0.3891 | 1.1s
  Epoch 178/800 | Total: 4.958 Edge: 0.396 Con: 0.203 Cls: 1.359 Triplet: 0.3842 | 1.0s
  Epoch 179/800 | Total: 4.828 Edge: 0.396 Con: 0.203 Cls: 1.321 Triplet: 0.3688 | 1.1s
  Epoch 180/800 | Total: 4.819 Edge: 0.400 Con: 0.200 Cls: 1.315 Triplet: 0.3749 | Val F1: 0.3585 | 1.1s
  Epoch 181/800 | Total: 4.810 Edge: 0.396 Con: 0.200 Cls: 1.315 Triplet: 0.3696 | 1.0s
  Epoch 182/800 | Total: 4.718 Edge: 0.380 Con: 0.199 Cls: 1.289 Triplet: 0.3713 | 1.1s
  Epoch 183/800 | Total: 4.710 Edge: 0.385 Con: 0.200 Cls: 1.287 Triplet: 0.3628 | 1.0s
  Epoch 184/800 | Total: 4.744 Edge: 0.390 Con: 0.200 Cls: 1.296 Triplet: 0.3645 | 1.1s
  Epoch 185/800 | Total: 4.835 Edge: 0.388 Con: 0.201 Cls: 1.328 Triplet: 0.3634 | Val F1: 0.3715 | 1.1s
  Epoch 186/800 | Total: 4.845 Edge: 0.395 Con: 0.203 Cls: 1.327 Triplet: 0.3687 | 1.1s
  Epoch 187/800 | Total: 4.784 Edge: 0.384 Con: 0.198 Cls: 1.310 Triplet: 0.3720 | 1.1s
  Epoch 188/800 | Total: 4.740 Edge: 0.385 Con: 0.202 Cls: 1.297 Triplet: 0.3614 | 1.0s
  Epoch 189/800 | Total: 4.850 Edge: 0.395 Con: 0.205 Cls: 1.329 Triplet: 0.3660 | 1.1s
  Epoch 190/800 | Total: 4.886 Edge: 0.399 Con: 0.203 Cls: 1.328 Triplet: 0.4005 | Val F1: 0.3691 | 1.1s
  Epoch 191/800 | Total: 4.939 Edge: 0.401 Con: 0.207 Cls: 1.346 Triplet: 0.3957 | 1.1s
  Epoch 192/800 | Total: 4.796 Edge: 0.393 Con: 0.202 Cls: 1.305 Triplet: 0.3865 | 1.0s
  Epoch 193/800 | Total: 4.909 Edge: 0.399 Con: 0.203 Cls: 1.339 Triplet: 0.3910 | 1.1s
  Epoch 194/800 | Total: 5.044 Edge: 0.428 Con: 0.205 Cls: 1.371 Triplet: 0.3994 | 1.1s
  Epoch 195/800 | Total: 5.145 Edge: 0.444 Con: 0.212 Cls: 1.392 Triplet: 0.4190 | Val F1: 0.3341 | 1.1s
  Epoch 196/800 | Total: 5.090 Edge: 0.433 Con: 0.210 Cls: 1.373 Triplet: 0.4325 | 1.0s
  Epoch 197/800 | Total: 4.894 Edge: 0.401 Con: 0.208 Cls: 1.332 Triplet: 0.3943 | 1.0s
  Epoch 198/800 | Total: 4.855 Edge: 0.389 Con: 0.202 Cls: 1.328 Triplet: 0.3798 | 1.0s
  Epoch 199/800 | Total: 4.858 Edge: 0.388 Con: 0.204 Cls: 1.327 Triplet: 0.3869 | 1.0s
  Epoch 200/800 | Total: 4.961 Edge: 0.391 Con: 0.204 Cls: 1.359 Triplet: 0.3915 | Val F1: 0.3681 | 1.0s
  Epoch 201/800 | Total: 4.899 Edge: 0.393 Con: 0.202 Cls: 1.335 Triplet: 0.3987 | 1.0s
  Epoch 202/800 | Total: 4.835 Edge: 0.392 Con: 0.202 Cls: 1.322 Triplet: 0.3768 | 1.0s
  Epoch 203/800 | Total: 4.829 Edge: 0.406 Con: 0.203 Cls: 1.310 Triplet: 0.3922 | 1.0s
  Epoch 204/800 | Total: 4.743 Edge: 0.391 Con: 0.200 Cls: 1.297 Triplet: 0.3626 | 1.0s
  Epoch 205/800 | Total: 4.775 Edge: 0.379 Con: 0.197 Cls: 1.309 Triplet: 0.3696 | Val F1: 0.3798 | 1.0s
  Epoch 206/800 | Total: 4.724 Edge: 0.383 Con: 0.198 Cls: 1.290 Triplet: 0.3712 | 1.0s
  Epoch 207/800 | Total: 4.778 Edge: 0.377 Con: 0.200 Cls: 1.307 Triplet: 0.3821 | 1.0s
  Epoch 208/800 | Total: 4.782 Edge: 0.389 Con: 0.200 Cls: 1.309 Triplet: 0.3679 | 1.0s
  Epoch 209/800 | Total: 4.855 Edge: 0.387 Con: 0.199 Cls: 1.332 Triplet: 0.3723 | 1.0s
  Epoch 210/800 | Total: 4.888 Edge: 0.397 Con: 0.200 Cls: 1.338 Triplet: 0.3782 | Val F1: 0.3595 | 1.0s
  Epoch 211/800 | Total: 4.853 Edge: 0.396 Con: 0.201 Cls: 1.327 Triplet: 0.3752 | 1.1s
  Epoch 212/800 | Total: 4.774 Edge: 0.398 Con: 0.201 Cls: 1.301 Triplet: 0.3719 | 1.1s
  Epoch 213/800 | Total: 4.838 Edge: 0.383 Con: 0.201 Cls: 1.320 Triplet: 0.3933 | 1.1s
  Epoch 214/800 | Total: 4.778 Edge: 0.383 Con: 0.200 Cls: 1.311 Triplet: 0.3604 | 1.0s
  Epoch 215/800 | Total: 4.793 Edge: 0.380 Con: 0.197 Cls: 1.315 Triplet: 0.3687 | Val F1: 0.3626 | 1.0s
  Epoch 216/800 | Total: 4.788 Edge: 0.385 Con: 0.200 Cls: 1.311 Triplet: 0.3719 | 1.0s
  Epoch 217/800 | Total: 4.794 Edge: 0.387 Con: 0.200 Cls: 1.308 Triplet: 0.3823 | 1.0s
  Epoch 218/800 | Total: 4.977 Edge: 0.409 Con: 0.202 Cls: 1.362 Triplet: 0.3813 | 1.0s
  Epoch 219/800 | Total: 4.896 Edge: 0.402 Con: 0.204 Cls: 1.329 Triplet: 0.4039 | 1.0s
  Epoch 220/800 | Total: 4.859 Edge: 0.400 Con: 0.200 Cls: 1.326 Triplet: 0.3812 | Val F1: 0.3860 | 1.0s
  Epoch 221/800 | Total: 4.800 Edge: 0.395 Con: 0.200 Cls: 1.305 Triplet: 0.3906 | 1.0s
  Epoch 222/800 | Total: 4.927 Edge: 0.406 Con: 0.206 Cls: 1.340 Triplet: 0.3979 | 1.1s
  Epoch 223/800 | Total: 4.831 Edge: 0.416 Con: 0.198 Cls: 1.307 Triplet: 0.3944 | 1.1s
  Epoch 224/800 | Total: 4.820 Edge: 0.397 Con: 0.203 Cls: 1.314 Triplet: 0.3786 | 1.0s
  Epoch 225/800 | Total: 4.840 Edge: 0.384 Con: 0.200 Cls: 1.317 Triplet: 0.4046 | Val F1: 0.3655 | 1.0s
  Epoch 226/800 | Total: 4.748 Edge: 0.385 Con: 0.199 Cls: 1.301 Triplet: 0.3615 | 1.1s
  Epoch 227/800 | Total: 4.706 Edge: 0.373 Con: 0.197 Cls: 1.286 Triplet: 0.3771 | 1.1s
  Epoch 228/800 | Total: 4.756 Edge: 0.371 Con: 0.196 Cls: 1.309 Triplet: 0.3609 | 1.1s
  Epoch 229/800 | Total: 4.775 Edge: 0.372 Con: 0.199 Cls: 1.308 Triplet: 0.3793 | 1.0s
  Epoch 230/800 | Total: 4.776 Edge: 0.381 Con: 0.198 Cls: 1.312 Triplet: 0.3600 | Val F1: 0.3784 | 1.0s
  Epoch 231/800 | Total: 4.720 Edge: 0.373 Con: 0.197 Cls: 1.290 Triplet: 0.3768 | 1.0s
  Epoch 232/800 | Total: 4.681 Edge: 0.378 Con: 0.196 Cls: 1.286 Triplet: 0.3478 | 1.0s
  Epoch 233/800 | Total: 4.715 Edge: 0.375 Con: 0.198 Cls: 1.292 Triplet: 0.3658 | 1.0s
  Epoch 234/800 | Total: 4.766 Edge: 0.384 Con: 0.196 Cls: 1.305 Triplet: 0.3681 | 1.1s
  Epoch 235/800 | Total: 4.779 Edge: 0.388 Con: 0.199 Cls: 1.308 Triplet: 0.3668 | Val F1: 0.3819 | 1.0s
  Epoch 236/800 | Total: 4.754 Edge: 0.384 Con: 0.197 Cls: 1.297 Triplet: 0.3806 | 1.0s
  Epoch 237/800 | Total: 4.702 Edge: 0.378 Con: 0.198 Cls: 1.287 Triplet: 0.3633 | 1.1s
  Epoch 238/800 | Total: 4.701 Edge: 0.370 Con: 0.196 Cls: 1.292 Triplet: 0.3565 | 1.0s
  Epoch 239/800 | Total: 4.765 Edge: 0.374 Con: 0.196 Cls: 1.308 Triplet: 0.3682 | 1.0s
  Epoch 240/800 | Total: 4.735 Edge: 0.376 Con: 0.200 Cls: 1.297 Triplet: 0.3684 | Val F1: 0.3865 | 1.1s
  Epoch 241/800 | Total: 4.718 Edge: 0.374 Con: 0.196 Cls: 1.296 Triplet: 0.3589 | 1.1s
  Epoch 242/800 | Total: 4.670 Edge: 0.388 Con: 0.197 Cls: 1.275 Triplet: 0.3564 | 1.1s
  Epoch 243/800 | Total: 4.783 Edge: 0.388 Con: 0.197 Cls: 1.310 Triplet: 0.3671 | 1.1s
  Epoch 244/800 | Total: 4.717 Edge: 0.432 Con: 0.201 Cls: 1.272 Triplet: 0.3686 | 1.1s
  Epoch 245/800 | Total: 4.752 Edge: 0.390 Con: 0.196 Cls: 1.296 Triplet: 0.3759 | Val F1: 0.3695 | 1.1s
  Epoch 246/800 | Total: 4.728 Edge: 0.384 Con: 0.197 Cls: 1.292 Triplet: 0.3702 | 1.1s
  Epoch 247/800 | Total: 4.723 Edge: 0.367 Con: 0.196 Cls: 1.299 Triplet: 0.3622 | 1.1s
  Epoch 248/800 | Total: 4.642 Edge: 0.374 Con: 0.194 Cls: 1.269 Triplet: 0.3637 | 1.1s
  Epoch 249/800 | Total: 4.677 Edge: 0.369 Con: 0.196 Cls: 1.284 Triplet: 0.3584 | 1.1s
  Epoch 250/800 | Total: 4.644 Edge: 0.365 Con: 0.195 Cls: 1.274 Triplet: 0.3587 | Val F1: 0.3956 | 1.1s
  Epoch 251/800 | Total: 4.636 Edge: 0.367 Con: 0.194 Cls: 1.270 Triplet: 0.3606 | 1.1s
  Epoch 252/800 | Total: 4.636 Edge: 0.372 Con: 0.197 Cls: 1.272 Triplet: 0.3486 | 1.1s
  Epoch 253/800 | Total: 4.820 Edge: 0.399 Con: 0.197 Cls: 1.315 Triplet: 0.3773 | 1.1s
  Epoch 254/800 | Total: 4.707 Edge: 0.389 Con: 0.199 Cls: 1.289 Triplet: 0.3523 | 1.1s
  Epoch 255/800 | Total: 4.685 Edge: 0.384 Con: 0.197 Cls: 1.278 Triplet: 0.3695 | Val F1: 0.3814 | 1.1s
  Epoch 256/800 | Total: 4.701 Edge: 0.375 Con: 0.194 Cls: 1.287 Triplet: 0.3667 | 1.0s
  Epoch 257/800 | Total: 4.670 Edge: 0.376 Con: 0.194 Cls: 1.279 Triplet: 0.3595 | 1.0s
  Epoch 258/800 | Total: 4.667 Edge: 0.380 Con: 0.195 Cls: 1.279 Triplet: 0.3531 | 1.1s
  Epoch 259/800 | Total: 4.581 Edge: 0.368 Con: 0.194 Cls: 1.257 Triplet: 0.3454 | 1.1s
  Epoch 260/800 | Total: 4.606 Edge: 0.366 Con: 0.194 Cls: 1.263 Triplet: 0.3519 | Val F1: 0.3800 | 1.1s
  Epoch 261/800 | Total: 4.608 Edge: 0.363 Con: 0.193 Cls: 1.270 Triplet: 0.3395 | 1.0s
  Epoch 262/800 | Total: 4.635 Edge: 0.379 Con: 0.196 Cls: 1.269 Triplet: 0.3509 | 1.0s
  Epoch 263/800 | Total: 4.689 Edge: 0.391 Con: 0.195 Cls: 1.281 Triplet: 0.3567 | 1.0s
  Epoch 264/800 | Total: 4.654 Edge: 0.373 Con: 0.197 Cls: 1.277 Triplet: 0.3521 | 1.0s
  Epoch 265/800 | Total: 4.624 Edge: 0.380 Con: 0.195 Cls: 1.263 Triplet: 0.3590 | Val F1: 0.3904 | 1.0s
  Epoch 266/800 | Total: 4.725 Edge: 0.369 Con: 0.196 Cls: 1.298 Triplet: 0.3639 | 1.0s
  Epoch 267/800 | Total: 4.700 Edge: 0.379 Con: 0.198 Cls: 1.287 Triplet: 0.3614 | 1.0s
  Epoch 268/800 | Total: 4.956 Edge: 0.394 Con: 0.203 Cls: 1.360 Triplet: 0.3792 | 1.0s
  Epoch 269/800 | Total: 4.869 Edge: 0.388 Con: 0.200 Cls: 1.329 Triplet: 0.3926 | 1.0s
  Epoch 270/800 | Total: 4.801 Edge: 0.387 Con: 0.193 Cls: 1.314 Triplet: 0.3763 | Val F1: 0.3844 | 1.0s
  Epoch 271/800 | Total: 4.802 Edge: 0.378 Con: 0.199 Cls: 1.309 Triplet: 0.3970 | 1.0s
  Epoch 272/800 | Total: 4.745 Edge: 0.377 Con: 0.196 Cls: 1.293 Triplet: 0.3912 | 1.0s
  Epoch 273/800 | Total: 4.731 Edge: 0.386 Con: 0.195 Cls: 1.290 Triplet: 0.3782 | 1.0s
  Epoch 274/800 | Total: 4.711 Edge: 0.375 Con: 0.194 Cls: 1.289 Triplet: 0.3731 | 1.0s
  Epoch 275/800 | Total: 4.664 Edge: 0.373 Con: 0.194 Cls: 1.278 Triplet: 0.3600 | Val F1: 0.3860 | 1.0s
  Epoch 276/800 | Total: 4.715 Edge: 0.380 Con: 0.197 Cls: 1.294 Triplet: 0.3546 | 1.0s
  Epoch 277/800 | Total: 4.736 Edge: 0.379 Con: 0.197 Cls: 1.296 Triplet: 0.3703 | 1.0s
  Epoch 278/800 | Total: 4.788 Edge: 0.382 Con: 0.197 Cls: 1.311 Triplet: 0.3742 | 1.0s
  Epoch 279/800 | Total: 4.758 Edge: 0.398 Con: 0.198 Cls: 1.294 Triplet: 0.3798 | 1.0s
  Epoch 280/800 | Total: 4.628 Edge: 0.386 Con: 0.202 Cls: 1.257 Triplet: 0.3697 | Val F1: 0.4009 | 1.0s
  Epoch 281/800 | Total: 4.558 Edge: 0.371 Con: 0.191 Cls: 1.251 Triplet: 0.3386 | 1.0s
  Epoch 282/800 | Total: 4.654 Edge: 0.368 Con: 0.192 Cls: 1.275 Triplet: 0.3667 | 1.0s
  Epoch 283/800 | Total: 4.666 Edge: 0.381 Con: 0.192 Cls: 1.275 Triplet: 0.3644 | 1.0s
  Epoch 284/800 | Total: 4.662 Edge: 0.385 Con: 0.195 Cls: 1.275 Triplet: 0.3530 | 1.0s
  Epoch 285/800 | Total: 4.665 Edge: 0.385 Con: 0.195 Cls: 1.270 Triplet: 0.3724 | Val F1: 0.3992 | 1.0s
  Epoch 286/800 | Total: 4.680 Edge: 0.373 Con: 0.193 Cls: 1.283 Triplet: 0.3602 | 1.1s
  Epoch 287/800 | Total: 4.701 Edge: 0.379 Con: 0.202 Cls: 1.280 Triplet: 0.3813 | 1.0s
  Epoch 288/800 | Total: 4.635 Edge: 0.362 Con: 0.193 Cls: 1.274 Triplet: 0.3543 | 1.0s
  Epoch 289/800 | Total: 4.602 Edge: 0.362 Con: 0.192 Cls: 1.264 Triplet: 0.3525 | 1.0s
  Epoch 290/800 | Total: 4.537 Edge: 0.366 Con: 0.193 Cls: 1.244 Triplet: 0.3412 | Val F1: 0.3987 | 1.0s
  Epoch 291/800 | Total: 4.596 Edge: 0.366 Con: 0.192 Cls: 1.263 Triplet: 0.3467 | 1.0s
  Epoch 292/800 | Total: 4.533 Edge: 0.363 Con: 0.195 Cls: 1.243 Triplet: 0.3427 | 1.0s
  Epoch 293/800 | Total: 4.597 Edge: 0.356 Con: 0.191 Cls: 1.265 Triplet: 0.3503 | 1.0s
  Epoch 294/800 | Total: 4.609 Edge: 0.372 Con: 0.193 Cls: 1.265 Triplet: 0.3470 | 1.0s
  Epoch 295/800 | Total: 4.669 Edge: 0.362 Con: 0.192 Cls: 1.285 Triplet: 0.3541 | Val F1: 0.3914 | 1.1s
  Epoch 296/800 | Total: 4.626 Edge: 0.360 Con: 0.189 Cls: 1.274 Triplet: 0.3482 | 1.0s
  Epoch 297/800 | Total: 4.582 Edge: 0.365 Con: 0.192 Cls: 1.258 Triplet: 0.3474 | 1.0s
  Epoch 298/800 | Total: 4.572 Edge: 0.368 Con: 0.191 Cls: 1.256 Triplet: 0.3416 | 1.0s
  Epoch 299/800 | Total: 4.662 Edge: 0.406 Con: 0.193 Cls: 1.266 Triplet: 0.3622 | 1.1s
  Epoch 300/800 | Total: 4.615 Edge: 0.381 Con: 0.196 Cls: 1.258 Triplet: 0.3641 | Val F1: 0.3904 | 1.0s
  Epoch 301/800 | Total: 5.287 Edge: 0.425 Con: 0.204 Cls: 1.447 Triplet: 0.4187 | 1.0s
  Epoch 302/800 | Total: 5.898 Edge: 0.539 Con: 0.233 Cls: 1.577 Triplet: 0.5096 | 1.0s
  Epoch 303/800 | Total: 6.846 Edge: 0.603 Con: 0.227 Cls: 1.778 Triplet: 0.7941 | 1.0s
  Epoch 304/800 | Total: 7.636 Edge: 0.662 Con: 0.252 Cls: 1.937 Triplet: 1.0372 | 1.1s
  Epoch 305/800 | Total: 7.397 Edge: 0.614 Con: 0.243 Cls: 1.833 Triplet: 1.1617 | Val F1: 0.2886 | 1.1s
  Epoch 306/800 | Total: 6.155 Edge: 0.468 Con: 0.219 Cls: 1.529 Triplet: 0.9905 | 1.1s
  Epoch 307/800 | Total: 5.632 Edge: 0.462 Con: 0.229 Cls: 1.453 Triplet: 0.6976 | 1.1s
  Epoch 308/800 | Total: 5.437 Edge: 0.433 Con: 0.223 Cls: 1.415 Triplet: 0.6475 | 1.0s
  Epoch 309/800 | Total: 5.185 Edge: 0.419 Con: 0.227 Cls: 1.361 Triplet: 0.5684 | 1.1s
  Epoch 310/800 | Total: 5.023 Edge: 0.410 Con: 0.227 Cls: 1.326 Triplet: 0.5229 | Val F1: 0.3788 | 1.1s
  Epoch 311/800 | Total: 4.905 Edge: 0.391 Con: 0.222 Cls: 1.304 Triplet: 0.4915 | 1.0s
  Epoch 312/800 | Total: 4.750 Edge: 0.388 Con: 0.226 Cls: 1.267 Triplet: 0.4474 | 1.0s
  Epoch 313/800 | Total: 4.690 Edge: 0.388 Con: 0.224 Cls: 1.255 Triplet: 0.4256 | 1.0s
  Epoch 314/800 | Total: 4.653 Edge: 0.378 Con: 0.222 Cls: 1.251 Triplet: 0.4100 | 1.0s
  Epoch 315/800 | Total: 4.628 Edge: 0.373 Con: 0.220 Cls: 1.243 Triplet: 0.4149 | Val F1: 0.3965 | 1.0s
  Epoch 316/800 | Total: 4.638 Edge: 0.374 Con: 0.222 Cls: 1.248 Triplet: 0.4075 | 1.0s
  Epoch 317/800 | Total: 4.738 Edge: 0.373 Con: 0.219 Cls: 1.281 Triplet: 0.4119 | 1.0s
  Epoch 318/800 | Total: 4.638 Edge: 0.376 Con: 0.216 Cls: 1.251 Triplet: 0.4012 | 1.0s
  Epoch 319/800 | Total: 4.592 Edge: 0.368 Con: 0.216 Cls: 1.241 Triplet: 0.3932 | 1.1s
  Epoch 320/800 | Total: 4.590 Edge: 0.363 Con: 0.213 Cls: 1.245 Triplet: 0.3871 | Val F1: 0.4033 | 1.1s
  Epoch 321/800 | Total: 4.574 Edge: 0.368 Con: 0.209 Cls: 1.239 Triplet: 0.3851 | 1.0s
  Epoch 322/800 | Total: 4.587 Edge: 0.364 Con: 0.212 Cls: 1.244 Triplet: 0.3865 | 1.0s
  Epoch 323/800 | Total: 4.547 Edge: 0.363 Con: 0.211 Cls: 1.236 Triplet: 0.3707 | 1.0s
  Epoch 324/800 | Total: 4.524 Edge: 0.359 Con: 0.211 Cls: 1.234 Triplet: 0.3578 | 1.0s
  Epoch 325/800 | Total: 4.532 Edge: 0.360 Con: 0.209 Cls: 1.234 Triplet: 0.3648 | Val F1: 0.3945 | 1.1s
  Epoch 326/800 | Total: 4.553 Edge: 0.358 Con: 0.206 Cls: 1.237 Triplet: 0.3802 | 1.1s
  Epoch 327/800 | Total: 4.554 Edge: 0.365 Con: 0.207 Cls: 1.239 Triplet: 0.3675 | 1.1s
  Epoch 328/800 | Total: 4.515 Edge: 0.362 Con: 0.208 Cls: 1.229 Triplet: 0.3607 | 1.0s
  Epoch 329/800 | Total: 4.623 Edge: 0.379 Con: 0.209 Cls: 1.256 Triplet: 0.3694 | 1.1s
  Epoch 330/800 | Total: 4.558 Edge: 0.366 Con: 0.206 Cls: 1.236 Triplet: 0.3799 | Val F1: 0.3999 | 1.0s
  Epoch 331/800 | Total: 4.656 Edge: 0.375 Con: 0.207 Cls: 1.268 Triplet: 0.3752 | 1.1s
  Epoch 332/800 | Total: 4.673 Edge: 0.371 Con: 0.210 Cls: 1.276 Triplet: 0.3687 | 1.0s
  Epoch 333/800 | Total: 4.692 Edge: 0.369 Con: 0.204 Cls: 1.280 Triplet: 0.3803 | 1.0s
  Epoch 334/800 | Total: 4.890 Edge: 0.381 Con: 0.211 Cls: 1.329 Triplet: 0.4173 | 1.0s
  Epoch 335/800 | Total: 4.658 Edge: 0.397 Con: 0.205 Cls: 1.252 Triplet: 0.4016 | Val F1: 0.4040 | 1.1s
  Epoch 336/800 | Total: 4.642 Edge: 0.392 Con: 0.205 Cls: 1.253 Triplet: 0.3881 | 1.1s
  Epoch 337/800 | Total: 4.594 Edge: 0.372 Con: 0.204 Cls: 1.250 Triplet: 0.3701 | 1.1s
  Epoch 338/800 | Total: 4.643 Edge: 0.367 Con: 0.200 Cls: 1.267 Triplet: 0.3761 | 1.0s
  Epoch 339/800 | Total: 4.566 Edge: 0.362 Con: 0.202 Cls: 1.250 Triplet: 0.3529 | 1.1s
  Epoch 340/800 | Total: 4.522 Edge: 0.368 Con: 0.201 Cls: 1.234 Triplet: 0.3506 | Val F1: 0.3967 | 1.0s
  Epoch 341/800 | Total: 4.538 Edge: 0.357 Con: 0.197 Cls: 1.242 Triplet: 0.3573 | 1.0s
  Epoch 342/800 | Total: 4.574 Edge: 0.356 Con: 0.200 Cls: 1.251 Triplet: 0.3639 | 1.0s
  Epoch 343/800 | Total: 4.547 Edge: 0.359 Con: 0.199 Cls: 1.242 Triplet: 0.3631 | 1.0s
  Epoch 344/800 | Total: 4.450 Edge: 0.352 Con: 0.196 Cls: 1.223 Triplet: 0.3319 | 1.0s
  Epoch 345/800 | Total: 4.467 Edge: 0.352 Con: 0.196 Cls: 1.222 Triplet: 0.3524 | Val F1: 0.4048 | 1.1s
  Epoch 346/800 | Total: 4.447 Edge: 0.350 Con: 0.199 Cls: 1.216 Triplet: 0.3490 | 1.0s
  Epoch 347/800 | Total: 4.455 Edge: 0.350 Con: 0.197 Cls: 1.219 Triplet: 0.3474 | 1.0s
  Epoch 348/800 | Total: 4.453 Edge: 0.346 Con: 0.194 Cls: 1.223 Triplet: 0.3419 | 1.0s
  Epoch 349/800 | Total: 4.456 Edge: 0.360 Con: 0.196 Cls: 1.218 Triplet: 0.3420 | 1.0s
  Epoch 350/800 | Total: 4.463 Edge: 0.347 Con: 0.193 Cls: 1.224 Triplet: 0.3460 | Val F1: 0.4007 | 1.1s
  Epoch 351/800 | Total: 4.479 Edge: 0.351 Con: 0.199 Cls: 1.227 Triplet: 0.3463 | 1.0s
  Epoch 352/800 | Total: 4.498 Edge: 0.359 Con: 0.195 Cls: 1.234 Triplet: 0.3404 | 1.1s
  Epoch 353/800 | Total: 4.503 Edge: 0.356 Con: 0.193 Cls: 1.232 Triplet: 0.3539 | 1.0s
  Epoch 354/800 | Total: 4.458 Edge: 0.361 Con: 0.194 Cls: 1.219 Triplet: 0.3417 | 1.0s
  Epoch 355/800 | Total: 4.486 Edge: 0.355 Con: 0.194 Cls: 1.229 Triplet: 0.3470 | Val F1: 0.3989 | 1.0s
  Epoch 356/800 | Total: 4.474 Edge: 0.352 Con: 0.193 Cls: 1.229 Triplet: 0.3392 | 1.0s
  Epoch 357/800 | Total: 4.478 Edge: 0.354 Con: 0.196 Cls: 1.230 Triplet: 0.3366 | 1.1s
  Epoch 358/800 | Total: 4.457 Edge: 0.357 Con: 0.197 Cls: 1.222 Triplet: 0.3347 | 1.0s
  Epoch 359/800 | Total: 4.557 Edge: 0.364 Con: 0.192 Cls: 1.251 Triplet: 0.3429 | 1.0s
  Epoch 360/800 | Total: 4.481 Edge: 0.357 Con: 0.196 Cls: 1.226 Triplet: 0.3477 | Val F1: 0.4042 | 1.0s
  Epoch 361/800 | Total: 4.419 Edge: 0.355 Con: 0.194 Cls: 1.206 Triplet: 0.3480 | 1.0s
  Epoch 362/800 | Total: 4.529 Edge: 0.365 Con: 0.195 Cls: 1.238 Triplet: 0.3516 | 1.0s
  Epoch 363/800 | Total: 4.477 Edge: 0.356 Con: 0.193 Cls: 1.230 Triplet: 0.3352 | 1.0s
  Epoch 364/800 | Total: 4.457 Edge: 0.354 Con: 0.193 Cls: 1.222 Triplet: 0.3399 | 1.0s
  Epoch 365/800 | Total: 4.457 Edge: 0.350 Con: 0.193 Cls: 1.223 Triplet: 0.3403 | Val F1: 0.4044 | 1.0s
  Epoch 366/800 | Total: 4.485 Edge: 0.349 Con: 0.191 Cls: 1.233 Triplet: 0.3404 | 1.1s
  Epoch 367/800 | Total: 4.456 Edge: 0.344 Con: 0.190 Cls: 1.224 Triplet: 0.3444 | 1.1s
  Epoch 368/800 | Total: 4.437 Edge: 0.350 Con: 0.191 Cls: 1.218 Triplet: 0.3377 | 1.1s
  Epoch 369/800 | Total: 4.481 Edge: 0.369 Con: 0.194 Cls: 1.220 Triplet: 0.3560 | 1.0s
  Epoch 370/800 | Total: 4.544 Edge: 0.360 Con: 0.194 Cls: 1.247 Triplet: 0.3461 | Val F1: 0.3975 | 1.1s
  Epoch 371/800 | Total: 4.549 Edge: 0.361 Con: 0.193 Cls: 1.246 Triplet: 0.3523 | 1.0s
  Epoch 372/800 | Total: 4.559 Edge: 0.356 Con: 0.194 Cls: 1.250 Triplet: 0.3553 | 1.0s
  Epoch 373/800 | Total: 4.547 Edge: 0.349 Con: 0.192 Cls: 1.250 Triplet: 0.3517 | 1.0s
  Epoch 374/800 | Total: 4.469 Edge: 0.353 Con: 0.192 Cls: 1.226 Triplet: 0.3415 | 1.0s
  Epoch 375/800 | Total: 4.410 Edge: 0.345 Con: 0.191 Cls: 1.212 Triplet: 0.3331 | Val F1: 0.4020 | 1.0s
  Epoch 376/800 | Total: 4.476 Edge: 0.357 Con: 0.192 Cls: 1.229 Triplet: 0.3351 | 1.0s
  Epoch 377/800 | Total: 4.484 Edge: 0.357 Con: 0.192 Cls: 1.231 Triplet: 0.3376 | 1.0s
  Epoch 378/800 | Total: 4.588 Edge: 0.377 Con: 0.194 Cls: 1.251 Triplet: 0.3618 | 1.0s
  Epoch 379/800 | Total: 4.672 Edge: 0.374 Con: 0.197 Cls: 1.282 Triplet: 0.3522 | 1.0s
  Epoch 380/800 | Total: 4.583 Edge: 0.374 Con: 0.194 Cls: 1.251 Triplet: 0.3603 | Val F1: 0.3867 | 1.0s
  Epoch 381/800 | Total: 4.562 Edge: 0.374 Con: 0.195 Cls: 1.247 Triplet: 0.3512 | 1.0s
  Epoch 382/800 | Total: 4.522 Edge: 0.356 Con: 0.189 Cls: 1.242 Triplet: 0.3472 | 1.0s
  Epoch 383/800 | Total: 4.474 Edge: 0.373 Con: 0.189 Cls: 1.219 Triplet: 0.3476 | 1.0s
  Epoch 384/800 | Total: 4.515 Edge: 0.356 Con: 0.189 Cls: 1.240 Triplet: 0.3443 | 1.0s
  Epoch 385/800 | Total: 4.502 Edge: 0.348 Con: 0.188 Cls: 1.237 Triplet: 0.3489 | Val F1: 0.4022 | 1.0s
  Epoch 386/800 | Total: 4.487 Edge: 0.351 Con: 0.187 Cls: 1.234 Triplet: 0.3411 | 1.0s
  Epoch 387/800 | Total: 4.469 Edge: 0.346 Con: 0.189 Cls: 1.228 Triplet: 0.3433 | 1.0s
  Epoch 388/800 | Total: 4.486 Edge: 0.352 Con: 0.189 Cls: 1.236 Triplet: 0.3323 | 1.0s
  Epoch 389/800 | Total: 4.444 Edge: 0.345 Con: 0.187 Cls: 1.222 Triplet: 0.3389 | 1.0s
  Epoch 390/800 | Total: 4.529 Edge: 0.348 Con: 0.188 Cls: 1.246 Triplet: 0.3479 | Val F1: 0.3893 | 1.0s
  Epoch 391/800 | Total: 4.517 Edge: 0.350 Con: 0.189 Cls: 1.246 Triplet: 0.3342 | 1.0s
  Epoch 392/800 | Total: 4.477 Edge: 0.347 Con: 0.186 Cls: 1.233 Triplet: 0.3379 | 1.0s
  Epoch 393/800 | Total: 4.455 Edge: 0.345 Con: 0.186 Cls: 1.227 Triplet: 0.3362 | 1.0s
  Epoch 394/800 | Total: 4.422 Edge: 0.355 Con: 0.187 Cls: 1.215 Triplet: 0.3291 | 1.0s
  Epoch 395/800 | Total: 4.426 Edge: 0.351 Con: 0.188 Cls: 1.218 Triplet: 0.3286 | Val F1: 0.4071 | 1.0s
  Epoch 396/800 | Total: 4.523 Edge: 0.356 Con: 0.191 Cls: 1.241 Triplet: 0.3481 | 1.0s
  Epoch 397/800 | Total: 4.549 Edge: 0.351 Con: 0.190 Cls: 1.249 Triplet: 0.3568 | 1.0s
  Epoch 398/800 | Total: 4.508 Edge: 0.360 Con: 0.189 Cls: 1.240 Triplet: 0.3347 | 1.0s
  Epoch 399/800 | Total: 4.465 Edge: 0.350 Con: 0.189 Cls: 1.225 Triplet: 0.3441 | 1.0s
  Epoch 400/800 | Total: 4.486 Edge: 0.361 Con: 0.188 Cls: 1.227 Triplet: 0.3501 | Val F1: 0.4008 | 1.0s
  Epoch 401/800 | Total: 4.555 Edge: 0.379 Con: 0.193 Cls: 1.242 Triplet: 0.3550 | 1.0s
  Epoch 402/800 | Total: 4.485 Edge: 0.369 Con: 0.190 Cls: 1.224 Triplet: 0.3496 | 1.0s
  Epoch 403/800 | Total: 4.539 Edge: 0.357 Con: 0.190 Cls: 1.248 Triplet: 0.3437 | 1.0s
  Epoch 404/800 | Total: 4.557 Edge: 0.354 Con: 0.189 Cls: 1.252 Triplet: 0.3520 | 1.0s
  Epoch 405/800 | Total: 4.853 Edge: 0.372 Con: 0.194 Cls: 1.336 Triplet: 0.3772 | Val F1: 0.3826 | 1.0s
  Epoch 406/800 | Total: 5.082 Edge: 0.403 Con: 0.205 Cls: 1.386 Triplet: 0.4196 | 1.0s
  Epoch 407/800 | Total: 4.708 Edge: 0.386 Con: 0.194 Cls: 1.277 Triplet: 0.3945 | 1.0s
  Epoch 408/800 | Total: 4.685 Edge: 0.390 Con: 0.196 Cls: 1.269 Triplet: 0.3908 | 1.0s
  Epoch 409/800 | Total: 4.874 Edge: 0.395 Con: 0.196 Cls: 1.331 Triplet: 0.3899 | 1.0s
  Epoch 410/800 | Total: 4.855 Edge: 0.415 Con: 0.200 Cls: 1.312 Triplet: 0.4028 | Val F1: 0.3677 | 1.0s
  Epoch 411/800 | Total: 4.717 Edge: 0.390 Con: 0.197 Cls: 1.274 Triplet: 0.4068 | 1.0s
  Epoch 412/800 | Total: 4.583 Edge: 0.403 Con: 0.193 Cls: 1.239 Triplet: 0.3670 | 1.0s
  Epoch 413/800 | Total: 4.585 Edge: 0.376 Con: 0.192 Cls: 1.249 Triplet: 0.3671 | 1.0s
  Epoch 414/800 | Total: 4.548 Edge: 0.364 Con: 0.190 Cls: 1.243 Triplet: 0.3616 | 1.0s
  Epoch 415/800 | Total: 4.519 Edge: 0.352 Con: 0.189 Cls: 1.240 Triplet: 0.3521 | Val F1: 0.3917 | 1.0s
  Epoch 416/800 | Total: 4.538 Edge: 0.359 Con: 0.189 Cls: 1.247 Triplet: 0.3436 | 1.0s
  Epoch 417/800 | Total: 4.512 Edge: 0.366 Con: 0.190 Cls: 1.234 Triplet: 0.3482 | 1.2s
  Epoch 418/800 | Total: 4.455 Edge: 0.353 Con: 0.186 Cls: 1.226 Triplet: 0.3308 | 1.2s
  Epoch 419/800 | Total: 4.439 Edge: 0.349 Con: 0.187 Cls: 1.221 Triplet: 0.3346 | 1.2s
  Epoch 420/800 | Total: 4.447 Edge: 0.348 Con: 0.184 Cls: 1.223 Triplet: 0.3368 | Val F1: 0.3959 | 1.3s
  Epoch 421/800 | Total: 4.428 Edge: 0.346 Con: 0.187 Cls: 1.219 Triplet: 0.3311 | 1.2s
  Epoch 422/800 | Total: 4.549 Edge: 0.347 Con: 0.185 Cls: 1.253 Triplet: 0.3503 | 1.4s
  Epoch 423/800 | Total: 4.606 Edge: 0.358 Con: 0.189 Cls: 1.270 Triplet: 0.3422 | 1.3s
  Epoch 424/800 | Total: 4.504 Edge: 0.360 Con: 0.190 Cls: 1.230 Triplet: 0.3595 | 1.2s
  Epoch 425/800 | Total: 4.455 Edge: 0.358 Con: 0.188 Cls: 1.220 Triplet: 0.3419 | Val F1: 0.4035 | 1.0s
  Epoch 426/800 | Total: 4.520 Edge: 0.366 Con: 0.190 Cls: 1.238 Triplet: 0.3469 | 1.0s
  Epoch 427/800 | Total: 4.513 Edge: 0.352 Con: 0.187 Cls: 1.241 Triplet: 0.3454 | 1.0s
  Epoch 428/800 | Total: 4.513 Edge: 0.355 Con: 0.188 Cls: 1.238 Triplet: 0.3515 | 1.0s
  Epoch 429/800 | Total: 4.626 Edge: 0.367 Con: 0.189 Cls: 1.271 Triplet: 0.3517 | 1.0s
  Epoch 430/800 | Total: 4.763 Edge: 0.389 Con: 0.199 Cls: 1.301 Triplet: 0.3713 | Val F1: 0.3959 | 1.0s
  Epoch 431/800 | Total: 4.633 Edge: 0.380 Con: 0.191 Cls: 1.256 Triplet: 0.3894 | 1.0s
  Epoch 432/800 | Total: 4.519 Edge: 0.371 Con: 0.189 Cls: 1.232 Triplet: 0.3577 | 1.0s
  Epoch 433/800 | Total: 4.560 Edge: 0.372 Con: 0.190 Cls: 1.247 Triplet: 0.3536 | 1.0s
  Epoch 434/800 | Total: 4.438 Edge: 0.358 Con: 0.187 Cls: 1.216 Triplet: 0.3377 | 1.0s
  Epoch 435/800 | Total: 4.454 Edge: 0.350 Con: 0.188 Cls: 1.219 Triplet: 0.3522 | Val F1: 0.3999 | 1.0s
  Epoch 436/800 | Total: 4.436 Edge: 0.348 Con: 0.186 Cls: 1.217 Triplet: 0.3452 | 1.0s
  Epoch 437/800 | Total: 4.483 Edge: 0.356 Con: 0.187 Cls: 1.233 Triplet: 0.3357 | 1.0s
  Epoch 438/800 | Total: 4.451 Edge: 0.356 Con: 0.185 Cls: 1.224 Triplet: 0.3310 | 1.1s
  Epoch 439/800 | Total: 4.428 Edge: 0.350 Con: 0.184 Cls: 1.217 Triplet: 0.3351 | 1.0s
  Epoch 440/800 | Total: 4.451 Edge: 0.348 Con: 0.185 Cls: 1.226 Triplet: 0.3334 | Val F1: 0.4055 | 1.0s
  Epoch 441/800 | Total: 4.465 Edge: 0.355 Con: 0.185 Cls: 1.227 Triplet: 0.3375 | 1.0s
  Epoch 442/800 | Total: 4.429 Edge: 0.352 Con: 0.185 Cls: 1.218 Triplet: 0.3315 | 1.0s
  Epoch 443/800 | Total: 4.441 Edge: 0.345 Con: 0.185 Cls: 1.225 Triplet: 0.3296 | 1.0s
  Epoch 444/800 | Total: 4.551 Edge: 0.352 Con: 0.187 Cls: 1.252 Triplet: 0.3507 | 1.0s
  Epoch 445/800 | Total: 4.791 Edge: 0.370 Con: 0.192 Cls: 1.316 Triplet: 0.3790 | Val F1: 0.3563 | 1.0s
  Epoch 446/800 | Total: 4.760 Edge: 0.389 Con: 0.203 Cls: 1.296 Triplet: 0.3820 | 1.0s
  Epoch 447/800 | Total: 4.796 Edge: 0.371 Con: 0.194 Cls: 1.315 Triplet: 0.3820 | 1.0s
  Epoch 448/800 | Total: 4.813 Edge: 0.380 Con: 0.199 Cls: 1.315 Triplet: 0.3881 | 1.0s
  Epoch 449/800 | Total: 4.800 Edge: 0.373 Con: 0.197 Cls: 1.313 Triplet: 0.3907 | 1.0s
  Epoch 450/800 | Total: 4.647 Edge: 0.366 Con: 0.196 Cls: 1.265 Triplet: 0.3869 | Val F1: 0.3965 | 1.0s
  Epoch 451/800 | Total: 4.505 Edge: 0.354 Con: 0.187 Cls: 1.234 Triplet: 0.3553 | 1.1s
  Epoch 452/800 | Total: 4.483 Edge: 0.368 Con: 0.190 Cls: 1.226 Triplet: 0.3431 | 1.0s
  Epoch 453/800 | Total: 4.531 Edge: 0.358 Con: 0.189 Cls: 1.238 Triplet: 0.3648 | 1.1s
  Epoch 454/800 | Total: 4.525 Edge: 0.362 Con: 0.188 Cls: 1.239 Triplet: 0.3516 | 1.0s
  Epoch 455/800 | Total: 4.517 Edge: 0.352 Con: 0.187 Cls: 1.242 Triplet: 0.3459 | Val F1: 0.3916 | 1.0s
  Epoch 456/800 | Total: 4.535 Edge: 0.353 Con: 0.190 Cls: 1.243 Triplet: 0.3587 | 1.0s
  Epoch 457/800 | Total: 4.519 Edge: 0.355 Con: 0.188 Cls: 1.245 Triplet: 0.3363 | 1.1s
  Epoch 458/800 | Total: 4.466 Edge: 0.353 Con: 0.187 Cls: 1.224 Triplet: 0.3468 | 1.1s
  Epoch 459/800 | Total: 4.448 Edge: 0.356 Con: 0.187 Cls: 1.222 Triplet: 0.3317 | 1.0s
  Epoch 460/800 | Total: 4.529 Edge: 0.353 Con: 0.186 Cls: 1.241 Triplet: 0.3600 | Val F1: 0.3932 | 1.0s
  Epoch 461/800 | Total: 4.447 Edge: 0.351 Con: 0.187 Cls: 1.223 Triplet: 0.3327 | 1.0s
  Epoch 462/800 | Total: 4.442 Edge: 0.353 Con: 0.185 Cls: 1.214 Triplet: 0.3532 | 1.0s
  Epoch 463/800 | Total: 4.480 Edge: 0.358 Con: 0.187 Cls: 1.228 Triplet: 0.3452 | 1.0s
  Epoch 464/800 | Total: 4.442 Edge: 0.350 Con: 0.186 Cls: 1.219 Triplet: 0.3418 | 1.0s
  Epoch 465/800 | Total: 4.466 Edge: 0.345 Con: 0.183 Cls: 1.229 Triplet: 0.3433 | Val F1: 0.3979 | 1.0s
  Epoch 466/800 | Total: 4.499 Edge: 0.358 Con: 0.188 Cls: 1.234 Triplet: 0.3457 | 1.0s
  Epoch 467/800 | Total: 4.429 Edge: 0.352 Con: 0.187 Cls: 1.218 Triplet: 0.3288 | 1.0s
  Epoch 468/800 | Total: 4.447 Edge: 0.347 Con: 0.183 Cls: 1.224 Triplet: 0.3363 | 1.0s
  Epoch 469/800 | Total: 4.389 Edge: 0.345 Con: 0.184 Cls: 1.207 Triplet: 0.3309 | 1.0s
  Epoch 470/800 | Total: 4.447 Edge: 0.347 Con: 0.185 Cls: 1.221 Triplet: 0.3425 | Val F1: 0.3999 | 1.0s
  Epoch 471/800 | Total: 4.437 Edge: 0.352 Con: 0.186 Cls: 1.221 Triplet: 0.3271 | 1.0s
  Epoch 472/800 | Total: 4.392 Edge: 0.342 Con: 0.184 Cls: 1.207 Triplet: 0.3362 | 1.0s
  Epoch 473/800 | Total: 4.431 Edge: 0.347 Con: 0.187 Cls: 1.222 Triplet: 0.3259 | 1.0s
  Epoch 474/800 | Total: 4.484 Edge: 0.347 Con: 0.186 Cls: 1.231 Triplet: 0.3511 | 1.1s
  Epoch 475/800 | Total: 4.465 Edge: 0.352 Con: 0.187 Cls: 1.227 Triplet: 0.3391 | Val F1: 0.4043 | 1.0s
  Epoch 476/800 | Total: 4.484 Edge: 0.354 Con: 0.184 Cls: 1.231 Triplet: 0.3462 | 1.0s
  Epoch 477/800 | Total: 4.436 Edge: 0.350 Con: 0.189 Cls: 1.215 Triplet: 0.3450 | 1.0s
  Epoch 478/800 | Total: 4.369 Edge: 0.347 Con: 0.185 Cls: 1.203 Triplet: 0.3209 | 1.0s
  Epoch 479/800 | Total: 4.388 Edge: 0.354 Con: 0.184 Cls: 1.203 Triplet: 0.3341 | 1.0s
  Epoch 480/800 | Total: 4.439 Edge: 0.347 Con: 0.186 Cls: 1.220 Triplet: 0.3389 | Val F1: 0.4086 | 1.0s
  Epoch 481/800 | Total: 4.381 Edge: 0.347 Con: 0.182 Cls: 1.209 Triplet: 0.3151 | 1.0s
  Epoch 482/800 | Total: 4.398 Edge: 0.348 Con: 0.185 Cls: 1.208 Triplet: 0.3316 | 1.0s
  Epoch 483/800 | Total: 4.356 Edge: 0.339 Con: 0.180 Cls: 1.200 Triplet: 0.3259 | 1.0s
  Epoch 484/800 | Total: 4.390 Edge: 0.348 Con: 0.182 Cls: 1.206 Triplet: 0.3327 | 1.0s
  Epoch 485/800 | Total: 4.418 Edge: 0.361 Con: 0.186 Cls: 1.211 Triplet: 0.3317 | Val F1: 0.4037 | 1.0s
  Epoch 486/800 | Total: 4.505 Edge: 0.357 Con: 0.188 Cls: 1.237 Triplet: 0.3445 | 1.0s
  Epoch 487/800 | Total: 4.416 Edge: 0.347 Con: 0.186 Cls: 1.218 Triplet: 0.3217 | 1.0s
  Epoch 488/800 | Total: 4.511 Edge: 0.351 Con: 0.186 Cls: 1.239 Triplet: 0.3515 | 1.0s
  Epoch 489/800 | Total: 4.517 Edge: 0.355 Con: 0.187 Cls: 1.244 Triplet: 0.3367 | 1.1s
  Epoch 490/800 | Total: 4.467 Edge: 0.355 Con: 0.187 Cls: 1.229 Triplet: 0.3327 | Val F1: 0.4016 | 1.0s
  Epoch 491/800 | Total: 4.512 Edge: 0.354 Con: 0.187 Cls: 1.245 Triplet: 0.3280 | 1.0s
  Epoch 492/800 | Total: 4.788 Edge: 0.378 Con: 0.198 Cls: 1.312 Triplet: 0.3735 | 1.0s
  Epoch 493/800 | Total: 4.677 Edge: 0.380 Con: 0.192 Cls: 1.272 Triplet: 0.3847 | 1.0s
  Epoch 494/800 | Total: 4.759 Edge: 0.380 Con: 0.194 Cls: 1.303 Triplet: 0.3732 | 1.0s
  Epoch 495/800 | Total: 4.705 Edge: 0.409 Con: 0.196 Cls: 1.268 Triplet: 0.3942 | Val F1: 0.4058 | 1.0s
  Epoch 496/800 | Total: 4.518 Edge: 0.367 Con: 0.186 Cls: 1.231 Triplet: 0.3658 | 1.0s
  Epoch 497/800 | Total: 4.460 Edge: 0.360 Con: 0.191 Cls: 1.216 Triplet: 0.3552 | 1.0s
  Epoch 498/800 | Total: 4.532 Edge: 0.365 Con: 0.190 Cls: 1.237 Triplet: 0.3594 | 1.0s
  Epoch 499/800 | Total: 4.523 Edge: 0.354 Con: 0.191 Cls: 1.239 Triplet: 0.3577 | 1.0s
  Epoch 500/800 | Total: 4.619 Edge: 0.350 Con: 0.189 Cls: 1.273 Triplet: 0.3560 | Val F1: 0.3998 | 1.0s
  Epoch 501/800 | Total: 4.487 Edge: 0.351 Con: 0.191 Cls: 1.229 Triplet: 0.3537 | 1.0s
  Epoch 502/800 | Total: 5.031 Edge: 0.369 Con: 0.193 Cls: 1.396 Triplet: 0.3763 | 1.0s
  Epoch 503/800 | Total: 5.514 Edge: 0.409 Con: 0.211 Cls: 1.502 Triplet: 0.4928 | 1.0s
  Epoch 504/800 | Total: 5.201 Edge: 0.500 Con: 0.228 Cls: 1.357 Triplet: 0.5173 | 1.0s
  Epoch 505/800 | Total: 4.840 Edge: 0.406 Con: 0.220 Cls: 1.283 Triplet: 0.4759 | Val F1: 0.3929 | 1.0s
  Epoch 506/800 | Total: 4.626 Edge: 0.396 Con: 0.211 Cls: 1.232 Triplet: 0.4274 | 1.0s
  Epoch 507/800 | Total: 4.604 Edge: 0.380 Con: 0.207 Cls: 1.243 Triplet: 0.3920 | 1.0s
  Epoch 508/800 | Total: 4.739 Edge: 0.381 Con: 0.209 Cls: 1.285 Triplet: 0.3993 | 1.0s
  Epoch 509/800 | Total: 4.626 Edge: 0.370 Con: 0.203 Cls: 1.247 Triplet: 0.4131 | 1.0s
  Epoch 510/800 | Total: 4.493 Edge: 0.360 Con: 0.201 Cls: 1.220 Triplet: 0.3724 | Val F1: 0.4105 | 1.0s
  Epoch 511/800 | Total: 4.505 Edge: 0.354 Con: 0.197 Cls: 1.229 Triplet: 0.3646 | 1.0s
  Epoch 512/800 | Total: 4.437 Edge: 0.347 Con: 0.193 Cls: 1.211 Triplet: 0.3609 | 1.1s
  Epoch 513/800 | Total: 4.462 Edge: 0.345 Con: 0.193 Cls: 1.219 Triplet: 0.3648 | 1.1s
  Epoch 514/800 | Total: 4.455 Edge: 0.351 Con: 0.194 Cls: 1.216 Triplet: 0.3574 | 1.1s
  Epoch 515/800 | Total: 4.430 Edge: 0.345 Con: 0.192 Cls: 1.216 Triplet: 0.3429 | Val F1: 0.3927 | 1.1s
  Epoch 516/800 | Total: 4.434 Edge: 0.351 Con: 0.189 Cls: 1.213 Triplet: 0.3488 | 1.0s
  Epoch 517/800 | Total: 4.377 Edge: 0.351 Con: 0.188 Cls: 1.198 Triplet: 0.3369 | 1.0s
  Epoch 518/800 | Total: 4.398 Edge: 0.346 Con: 0.187 Cls: 1.205 Triplet: 0.3450 | 1.1s
  Epoch 519/800 | Total: 4.335 Edge: 0.338 Con: 0.189 Cls: 1.190 Triplet: 0.3327 | 1.1s
  Epoch 520/800 | Total: 4.393 Edge: 0.340 Con: 0.185 Cls: 1.209 Triplet: 0.3350 | Val F1: 0.4133 | 1.1s
  Epoch 521/800 | Total: 4.353 Edge: 0.340 Con: 0.186 Cls: 1.194 Triplet: 0.3376 | 1.0s
  Epoch 522/800 | Total: 4.356 Edge: 0.339 Con: 0.185 Cls: 1.198 Triplet: 0.3318 | 1.0s
  Epoch 523/800 | Total: 4.356 Edge: 0.336 Con: 0.184 Cls: 1.200 Triplet: 0.3293 | 1.0s
  Epoch 524/800 | Total: 4.383 Edge: 0.338 Con: 0.185 Cls: 1.206 Triplet: 0.3334 | 1.0s
  Epoch 525/800 | Total: 4.411 Edge: 0.342 Con: 0.187 Cls: 1.216 Triplet: 0.3270 | Val F1: 0.4026 | 1.0s
  Epoch 526/800 | Total: 4.467 Edge: 0.341 Con: 0.185 Cls: 1.230 Triplet: 0.3434 | 1.0s
  Epoch 527/800 | Total: 4.414 Edge: 0.346 Con: 0.185 Cls: 1.213 Triplet: 0.3363 | 1.0s
  Epoch 528/800 | Total: 4.385 Edge: 0.344 Con: 0.185 Cls: 1.204 Triplet: 0.3363 | 1.0s
  Epoch 529/800 | Total: 4.358 Edge: 0.340 Con: 0.185 Cls: 1.199 Triplet: 0.3274 | 1.1s
  Epoch 530/800 | Total: 4.346 Edge: 0.339 Con: 0.183 Cls: 1.195 Triplet: 0.3296 | Val F1: 0.4039 | 1.1s
  Epoch 531/800 | Total: 4.368 Edge: 0.340 Con: 0.184 Cls: 1.200 Triplet: 0.3362 | 1.1s
  Epoch 532/800 | Total: 4.458 Edge: 0.342 Con: 0.185 Cls: 1.230 Triplet: 0.3328 | 1.0s
  Epoch 533/800 | Total: 4.412 Edge: 0.346 Con: 0.184 Cls: 1.213 Triplet: 0.3359 | 1.0s
  Epoch 534/800 | Total: 4.378 Edge: 0.337 Con: 0.186 Cls: 1.204 Triplet: 0.3368 | 1.0s
  Epoch 535/800 | Total: 4.397 Edge: 0.340 Con: 0.182 Cls: 1.212 Triplet: 0.3314 | Val F1: 0.4127 | 1.0s
  Epoch 536/800 | Total: 4.348 Edge: 0.337 Con: 0.183 Cls: 1.200 Triplet: 0.3205 | 1.0s
  Epoch 537/800 | Total: 4.350 Edge: 0.340 Con: 0.183 Cls: 1.198 Triplet: 0.3234 | 1.0s
  Epoch 538/800 | Total: 4.395 Edge: 0.337 Con: 0.183 Cls: 1.210 Triplet: 0.3368 | 1.0s
  Epoch 539/800 | Total: 4.398 Edge: 0.342 Con: 0.183 Cls: 1.210 Triplet: 0.3326 | 1.0s
  Epoch 540/800 | Total: 4.399 Edge: 0.345 Con: 0.186 Cls: 1.209 Triplet: 0.3347 | Val F1: 0.4091 | 1.1s
  Epoch 541/800 | Total: 4.327 Edge: 0.337 Con: 0.182 Cls: 1.189 Triplet: 0.3324 | 1.1s
  Epoch 542/800 | Total: 4.362 Edge: 0.348 Con: 0.185 Cls: 1.199 Triplet: 0.3252 | 1.0s
  Epoch 543/800 | Total: 4.337 Edge: 0.340 Con: 0.182 Cls: 1.195 Triplet: 0.3210 | 1.0s
  Epoch 544/800 | Total: 4.387 Edge: 0.343 Con: 0.182 Cls: 1.211 Triplet: 0.3212 | 1.1s
  Epoch 545/800 | Total: 4.335 Edge: 0.339 Con: 0.181 Cls: 1.191 Triplet: 0.3309 | Val F1: 0.4087 | 1.0s
  Epoch 546/800 | Total: 4.380 Edge: 0.339 Con: 0.186 Cls: 1.209 Triplet: 0.3196 | 1.1s
  Epoch 547/800 | Total: 4.436 Edge: 0.338 Con: 0.181 Cls: 1.224 Triplet: 0.3368 | 1.0s
  Epoch 548/800 | Total: 4.500 Edge: 0.344 Con: 0.183 Cls: 1.242 Triplet: 0.3384 | 1.0s
  Epoch 549/800 | Total: 4.516 Edge: 0.383 Con: 0.189 Cls: 1.233 Triplet: 0.3384 | 1.0s
  Epoch 550/800 | Total: 4.504 Edge: 0.369 Con: 0.189 Cls: 1.227 Triplet: 0.3607 | Val F1: 0.3899 | 1.1s
  Epoch 551/800 | Total: 4.445 Edge: 0.353 Con: 0.189 Cls: 1.218 Triplet: 0.3416 | 1.1s
  Epoch 552/800 | Total: 4.499 Edge: 0.346 Con: 0.186 Cls: 1.239 Triplet: 0.3444 | 1.0s
  Epoch 553/800 | Total: 4.540 Edge: 0.344 Con: 0.186 Cls: 1.248 Triplet: 0.3580 | 1.0s
  Epoch 554/800 | Total: 4.552 Edge: 0.355 Con: 0.192 Cls: 1.248 Triplet: 0.3555 | 1.1s
  Epoch 555/800 | Total: 4.489 Edge: 0.349 Con: 0.188 Cls: 1.230 Triplet: 0.3554 | Val F1: 0.4057 | 1.0s
  Epoch 556/800 | Total: 4.354 Edge: 0.346 Con: 0.185 Cls: 1.194 Triplet: 0.3328 | 1.0s
  Epoch 557/800 | Total: 4.414 Edge: 0.342 Con: 0.183 Cls: 1.212 Triplet: 0.3429 | 1.0s
  Epoch 558/800 | Total: 4.317 Edge: 0.340 Con: 0.183 Cls: 1.188 Triplet: 0.3224 | 1.0s
  Epoch 559/800 | Total: 4.349 Edge: 0.337 Con: 0.183 Cls: 1.200 Triplet: 0.3199 | 1.0s
  Epoch 560/800 | Total: 4.333 Edge: 0.345 Con: 0.183 Cls: 1.191 Triplet: 0.3238 | Val F1: 0.4115 | 1.0s
  Epoch 561/800 | Total: 4.418 Edge: 0.350 Con: 0.187 Cls: 1.216 Triplet: 0.3270 | 1.0s
  Epoch 562/800 | Total: 4.473 Edge: 0.346 Con: 0.186 Cls: 1.229 Triplet: 0.3476 | 1.0s
  Epoch 563/800 | Total: 4.417 Edge: 0.359 Con: 0.186 Cls: 1.208 Triplet: 0.3419 | 1.0s
  Epoch 564/800 | Total: 4.404 Edge: 0.342 Con: 0.185 Cls: 1.214 Triplet: 0.3275 | 1.0s
  Epoch 565/800 | Total: 4.335 Edge: 0.340 Con: 0.182 Cls: 1.192 Triplet: 0.3276 | Val F1: 0.4108 | 1.0s
  Epoch 566/800 | Total: 4.335 Edge: 0.340 Con: 0.181 Cls: 1.193 Triplet: 0.3240 | 1.0s
  Epoch 567/800 | Total: 4.415 Edge: 0.339 Con: 0.183 Cls: 1.220 Triplet: 0.3260 | 1.0s
  Epoch 568/800 | Total: 4.481 Edge: 0.343 Con: 0.185 Cls: 1.234 Triplet: 0.3447 | 1.0s
  Epoch 569/800 | Total: 4.431 Edge: 0.345 Con: 0.187 Cls: 1.218 Triplet: 0.3398 | 1.0s
  Epoch 570/800 | Total: 4.412 Edge: 0.346 Con: 0.187 Cls: 1.213 Triplet: 0.3329 | Val F1: 0.4102 | 1.0s
  Epoch 571/800 | Total: 4.390 Edge: 0.349 Con: 0.186 Cls: 1.203 Triplet: 0.3395 | 1.0s
  Epoch 572/800 | Total: 4.404 Edge: 0.365 Con: 0.185 Cls: 1.206 Triplet: 0.3262 | 1.0s
  Epoch 573/800 | Total: 4.464 Edge: 0.359 Con: 0.188 Cls: 1.221 Triplet: 0.3477 | 1.0s
  Epoch 574/800 | Total: 4.422 Edge: 0.368 Con: 0.188 Cls: 1.210 Triplet: 0.3310 | 1.0s
  Epoch 575/800 | Total: 4.478 Edge: 0.385 Con: 0.185 Cls: 1.219 Triplet: 0.3437 | Val F1: 0.3990 | 1.0s
  Epoch 576/800 | Total: 4.438 Edge: 0.356 Con: 0.186 Cls: 1.215 Triplet: 0.3455 | 1.0s
  Epoch 577/800 | Total: 4.476 Edge: 0.354 Con: 0.187 Cls: 1.227 Triplet: 0.3465 | 1.0s
  Epoch 578/800 | Total: 4.484 Edge: 0.357 Con: 0.187 Cls: 1.230 Triplet: 0.3432 | 1.0s
  Epoch 579/800 | Total: 4.644 Edge: 0.363 Con: 0.187 Cls: 1.276 Triplet: 0.3581 | 1.0s
  Epoch 580/800 | Total: 4.716 Edge: 0.380 Con: 0.194 Cls: 1.295 Triplet: 0.3524 | Val F1: 0.4042 | 1.0s
  Epoch 581/800 | Total: 4.495 Edge: 0.354 Con: 0.190 Cls: 1.223 Triplet: 0.3763 | 1.0s
  Epoch 582/800 | Total: 4.469 Edge: 0.348 Con: 0.189 Cls: 1.227 Triplet: 0.3457 | 1.0s
  Epoch 583/800 | Total: 4.460 Edge: 0.346 Con: 0.186 Cls: 1.224 Triplet: 0.3477 | 1.0s
  Epoch 584/800 | Total: 4.523 Edge: 0.354 Con: 0.187 Cls: 1.242 Triplet: 0.3478 | 1.0s
  Epoch 585/800 | Total: 4.471 Edge: 0.350 Con: 0.189 Cls: 1.225 Triplet: 0.3512 | Val F1: 0.4125 | 1.0s
  Epoch 586/800 | Total: 4.382 Edge: 0.339 Con: 0.184 Cls: 1.205 Triplet: 0.3342 | 1.0s
  Epoch 587/800 | Total: 4.399 Edge: 0.334 Con: 0.181 Cls: 1.215 Triplet: 0.3278 | 1.0s
  Epoch 588/800 | Total: 4.360 Edge: 0.334 Con: 0.181 Cls: 1.199 Triplet: 0.3386 | 1.1s
  Epoch 589/800 | Total: 4.337 Edge: 0.336 Con: 0.181 Cls: 1.193 Triplet: 0.3317 | 1.1s
  Epoch 590/800 | Total: 4.349 Edge: 0.335 Con: 0.181 Cls: 1.201 Triplet: 0.3226 | Val F1: 0.4070 | 1.0s
  Epoch 591/800 | Total: 4.374 Edge: 0.342 Con: 0.182 Cls: 1.206 Triplet: 0.3236 | 1.1s
  Epoch 592/800 | Total: 4.358 Edge: 0.340 Con: 0.184 Cls: 1.201 Triplet: 0.3237 | 1.1s
  Epoch 593/800 | Total: 4.334 Edge: 0.341 Con: 0.182 Cls: 1.190 Triplet: 0.3311 | 1.1s
  Epoch 594/800 | Total: 4.313 Edge: 0.339 Con: 0.181 Cls: 1.185 Triplet: 0.3284 | 1.0s
  Epoch 595/800 | Total: 4.353 Edge: 0.345 Con: 0.180 Cls: 1.196 Triplet: 0.3289 | Val F1: 0.4227 | 1.0s
  Epoch 596/800 | Total: 4.331 Edge: 0.341 Con: 0.182 Cls: 1.190 Triplet: 0.3279 | 1.0s
  Epoch 597/800 | Total: 4.585 Edge: 0.349 Con: 0.187 Cls: 1.267 Triplet: 0.3420 | 1.0s
  Epoch 598/800 | Total: 4.592 Edge: 0.357 Con: 0.194 Cls: 1.265 Triplet: 0.3418 | 1.0s
  Epoch 599/800 | Total: 4.619 Edge: 0.353 Con: 0.193 Cls: 1.267 Triplet: 0.3686 | 1.1s
  Epoch 600/800 | Total: 4.540 Edge: 0.354 Con: 0.190 Cls: 1.244 Triplet: 0.3595 | Val F1: 0.3879 | 1.0s
  Epoch 601/800 | Total: 4.461 Edge: 0.347 Con: 0.189 Cls: 1.222 Triplet: 0.3530 | 1.1s
  Epoch 602/800 | Total: 4.383 Edge: 0.342 Con: 0.186 Cls: 1.203 Triplet: 0.3387 | 1.1s
  Epoch 603/800 | Total: 4.444 Edge: 0.349 Con: 0.185 Cls: 1.218 Triplet: 0.3485 | 1.1s
  Epoch 604/800 | Total: 4.468 Edge: 0.359 Con: 0.186 Cls: 1.224 Triplet: 0.3442 | 1.0s
  Epoch 605/800 | Total: 4.421 Edge: 0.342 Con: 0.184 Cls: 1.216 Triplet: 0.3402 | Val F1: 0.4074 | 1.0s
  Epoch 606/800 | Total: 4.438 Edge: 0.346 Con: 0.186 Cls: 1.220 Triplet: 0.3389 | 1.1s
  Epoch 607/800 | Total: 4.382 Edge: 0.347 Con: 0.185 Cls: 1.203 Triplet: 0.3338 | 1.1s
  Epoch 608/800 | Total: 4.330 Edge: 0.337 Con: 0.184 Cls: 1.192 Triplet: 0.3260 | 1.0s
  Epoch 609/800 | Total: 4.359 Edge: 0.336 Con: 0.180 Cls: 1.203 Triplet: 0.3244 | 1.0s
  Epoch 610/800 | Total: 4.376 Edge: 0.346 Con: 0.183 Cls: 1.202 Triplet: 0.3311 | Val F1: 0.4071 | 1.0s
  Epoch 611/800 | Total: 4.360 Edge: 0.339 Con: 0.181 Cls: 1.200 Triplet: 0.3313 | 1.1s
  Epoch 612/800 | Total: 4.371 Edge: 0.341 Con: 0.184 Cls: 1.203 Triplet: 0.3287 | 1.1s
  Epoch 613/800 | Total: 4.377 Edge: 0.342 Con: 0.184 Cls: 1.204 Triplet: 0.3323 | 1.1s
  Epoch 614/800 | Total: 4.367 Edge: 0.342 Con: 0.183 Cls: 1.199 Triplet: 0.3359 | 1.0s
  Epoch 615/800 | Total: 4.378 Edge: 0.344 Con: 0.184 Cls: 1.205 Triplet: 0.3268 | Val F1: 0.4076 | 1.0s
  Epoch 616/800 | Total: 4.302 Edge: 0.338 Con: 0.181 Cls: 1.185 Triplet: 0.3189 | 1.0s
  Epoch 617/800 | Total: 4.337 Edge: 0.341 Con: 0.181 Cls: 1.192 Triplet: 0.3282 | 1.0s
  Epoch 618/800 | Total: 4.358 Edge: 0.347 Con: 0.183 Cls: 1.199 Triplet: 0.3226 | 1.0s
  Epoch 619/800 | Total: 4.428 Edge: 0.339 Con: 0.184 Cls: 1.215 Triplet: 0.3517 | 1.1s
  Epoch 620/800 | Total: 4.390 Edge: 0.344 Con: 0.186 Cls: 1.208 Triplet: 0.3289 | Val F1: 0.4050 | 1.0s
  Epoch 621/800 | Total: 4.346 Edge: 0.339 Con: 0.183 Cls: 1.197 Triplet: 0.3234 | 1.0s
  Epoch 622/800 | Total: 4.432 Edge: 0.337 Con: 0.185 Cls: 1.219 Triplet: 0.3460 | 1.0s
  Epoch 623/800 | Total: 4.413 Edge: 0.357 Con: 0.187 Cls: 1.214 Triplet: 0.3209 | 1.0s
  Epoch 624/800 | Total: 4.396 Edge: 0.349 Con: 0.187 Cls: 1.204 Triplet: 0.3419 | 1.1s
  Epoch 625/800 | Total: 4.389 Edge: 0.357 Con: 0.184 Cls: 1.199 Triplet: 0.3440 | Val F1: 0.4151 | 1.0s
  Epoch 626/800 | Total: 4.389 Edge: 0.348 Con: 0.185 Cls: 1.202 Triplet: 0.3411 | 1.1s
  Epoch 627/800 | Total: 4.423 Edge: 0.351 Con: 0.185 Cls: 1.213 Triplet: 0.3410 | 1.0s
  Epoch 628/800 | Total: 4.429 Edge: 0.345 Con: 0.186 Cls: 1.221 Triplet: 0.3272 | 1.0s
  Epoch 629/800 | Total: 4.415 Edge: 0.340 Con: 0.181 Cls: 1.211 Triplet: 0.3511 | 1.0s
  Epoch 630/800 | Total: 4.323 Edge: 0.333 Con: 0.182 Cls: 1.191 Triplet: 0.3268 | Val F1: 0.4200 | 1.0s
  Epoch 631/800 | Total: 4.294 Edge: 0.334 Con: 0.181 Cls: 1.181 Triplet: 0.3270 | 1.0s
  Epoch 632/800 | Total: 4.369 Edge: 0.341 Con: 0.181 Cls: 1.203 Triplet: 0.3276 | 1.0s
  Epoch 633/800 | Total: 5.076 Edge: 0.386 Con: 0.206 Cls: 1.400 Triplet: 0.3863 | 1.0s
  Epoch 634/800 | Total: 4.836 Edge: 0.401 Con: 0.206 Cls: 1.303 Triplet: 0.4222 | 1.0s
  Epoch 635/800 | Total: 4.956 Edge: 0.405 Con: 0.222 Cls: 1.341 Triplet: 0.4175 | Val F1: 0.3946 | 1.0s
  Epoch 636/800 | Total: 4.867 Edge: 0.421 Con: 0.212 Cls: 1.285 Triplet: 0.4836 | 1.0s
  Epoch 637/800 | Total: 4.664 Edge: 0.397 Con: 0.212 Cls: 1.245 Triplet: 0.4255 | 1.1s
  Epoch 638/800 | Total: 4.743 Edge: 0.385 Con: 0.217 Cls: 1.277 Triplet: 0.4194 | 1.0s
  Epoch 639/800 | Total: 4.695 Edge: 0.387 Con: 0.213 Cls: 1.263 Triplet: 0.4131 | 1.0s
  Epoch 640/800 | Total: 4.597 Edge: 0.358 Con: 0.210 Cls: 1.247 Triplet: 0.3934 | Val F1: 0.4007 | 1.0s
  Epoch 641/800 | Total: 4.458 Edge: 0.358 Con: 0.206 Cls: 1.209 Triplet: 0.3699 | 1.0s
  Epoch 642/800 | Total: 4.411 Edge: 0.345 Con: 0.203 Cls: 1.201 Triplet: 0.3610 | 1.0s
  Epoch 643/800 | Total: 4.359 Edge: 0.340 Con: 0.198 Cls: 1.191 Triplet: 0.3481 | 1.0s
  Epoch 644/800 | Total: 4.339 Edge: 0.334 Con: 0.194 Cls: 1.189 Triplet: 0.3398 | 1.0s
  Epoch 645/800 | Total: 4.378 Edge: 0.337 Con: 0.192 Cls: 1.199 Triplet: 0.3473 | Val F1: 0.4029 | 1.0s
  Epoch 646/800 | Total: 4.424 Edge: 0.337 Con: 0.191 Cls: 1.219 Triplet: 0.3356 | 1.0s
  Epoch 647/800 | Total: 4.387 Edge: 0.341 Con: 0.192 Cls: 1.206 Triplet: 0.3324 | 1.0s
  Epoch 648/800 | Total: 4.456 Edge: 0.336 Con: 0.188 Cls: 1.227 Triplet: 0.3456 | 1.0s
  Epoch 649/800 | Total: 4.399 Edge: 0.348 Con: 0.192 Cls: 1.206 Triplet: 0.3365 | 1.0s
  Epoch 650/800 | Total: 4.363 Edge: 0.335 Con: 0.189 Cls: 1.195 Triplet: 0.3496 | Val F1: 0.4126 | 1.0s
  Epoch 651/800 | Total: 4.316 Edge: 0.331 Con: 0.188 Cls: 1.189 Triplet: 0.3235 | 1.0s
  Epoch 652/800 | Total: 4.290 Edge: 0.333 Con: 0.184 Cls: 1.181 Triplet: 0.3215 | 1.0s
  Epoch 653/800 | Total: 4.319 Edge: 0.331 Con: 0.182 Cls: 1.189 Triplet: 0.3290 | 1.0s
  Epoch 654/800 | Total: 4.387 Edge: 0.341 Con: 0.186 Cls: 1.208 Triplet: 0.3281 | 1.0s
  Epoch 655/800 | Total: 4.330 Edge: 0.340 Con: 0.186 Cls: 1.185 Triplet: 0.3418 | Val F1: 0.4104 | 1.0s
  Epoch 656/800 | Total: 4.344 Edge: 0.334 Con: 0.183 Cls: 1.197 Triplet: 0.3277 | 1.0s
  Epoch 657/800 | Total: 4.342 Edge: 0.341 Con: 0.184 Cls: 1.194 Triplet: 0.3274 | 1.0s
  Epoch 658/800 | Total: 4.299 Edge: 0.342 Con: 0.180 Cls: 1.177 Triplet: 0.3363 | 1.0s
  Epoch 659/800 | Total: 4.381 Edge: 0.336 Con: 0.184 Cls: 1.208 Triplet: 0.3294 | 1.0s
  Epoch 660/800 | Total: 4.329 Edge: 0.335 Con: 0.183 Cls: 1.193 Triplet: 0.3227 | Val F1: 0.4150 | 1.0s
  Epoch 661/800 | Total: 4.317 Edge: 0.332 Con: 0.181 Cls: 1.188 Triplet: 0.3310 | 1.0s
  Epoch 662/800 | Total: 4.490 Edge: 0.338 Con: 0.184 Cls: 1.243 Triplet: 0.3321 | 1.0s
  Epoch 663/800 | Total: 4.487 Edge: 0.353 Con: 0.192 Cls: 1.225 Triplet: 0.3636 | 1.0s
  Epoch 664/800 | Total: 4.466 Edge: 0.364 Con: 0.191 Cls: 1.216 Triplet: 0.3581 | 1.0s
  Epoch 665/800 | Total: 4.470 Edge: 0.377 Con: 0.188 Cls: 1.215 Triplet: 0.3528 | Val F1: 0.4111 | 1.0s
  Epoch 666/800 | Total: 4.513 Edge: 0.349 Con: 0.188 Cls: 1.240 Triplet: 0.3491 | 1.0s
  Epoch 667/800 | Total: 4.455 Edge: 0.360 Con: 0.192 Cls: 1.216 Triplet: 0.3495 | 1.0s
  Epoch 668/800 | Total: 4.384 Edge: 0.348 Con: 0.185 Cls: 1.200 Triplet: 0.3425 | 1.0s
  Epoch 669/800 | Total: 4.379 Edge: 0.352 Con: 0.187 Cls: 1.203 Triplet: 0.3265 | 1.0s
  Epoch 670/800 | Total: 4.344 Edge: 0.340 Con: 0.182 Cls: 1.191 Triplet: 0.3388 | Val F1: 0.4210 | 1.0s
  Epoch 671/800 | Total: 4.505 Edge: 0.344 Con: 0.187 Cls: 1.239 Triplet: 0.3506 | 1.0s
  Epoch 672/800 | Total: 4.522 Edge: 0.355 Con: 0.187 Cls: 1.243 Triplet: 0.3442 | 1.0s
  Epoch 673/800 | Total: 4.549 Edge: 0.356 Con: 0.191 Cls: 1.244 Triplet: 0.3655 | 1.0s
  Epoch 674/800 | Total: 4.530 Edge: 0.358 Con: 0.189 Cls: 1.244 Triplet: 0.3455 | 1.1s
  Epoch 675/800 | Total: 4.434 Edge: 0.358 Con: 0.185 Cls: 1.209 Triplet: 0.3552 | Val F1: 0.4086 | 1.0s
  Epoch 676/800 | Total: 4.416 Edge: 0.341 Con: 0.185 Cls: 1.214 Triplet: 0.3415 | 1.1s
  Epoch 677/800 | Total: 4.495 Edge: 0.352 Con: 0.187 Cls: 1.236 Triplet: 0.3422 | 1.0s
  Epoch 678/800 | Total: 4.436 Edge: 0.347 Con: 0.189 Cls: 1.220 Triplet: 0.3344 | 1.0s
  Epoch 679/800 | Total: 4.353 Edge: 0.338 Con: 0.184 Cls: 1.197 Triplet: 0.3334 | 1.0s
  Epoch 680/800 | Total: 4.375 Edge: 0.334 Con: 0.184 Cls: 1.205 Triplet: 0.3347 | Val F1: 0.4009 | 1.1s
  Epoch 681/800 | Total: 4.346 Edge: 0.338 Con: 0.183 Cls: 1.199 Triplet: 0.3211 | 1.0s
  Epoch 682/800 | Total: 4.347 Edge: 0.336 Con: 0.183 Cls: 1.194 Triplet: 0.3361 | 1.1s
  Epoch 683/800 | Total: 4.312 Edge: 0.332 Con: 0.179 Cls: 1.188 Triplet: 0.3252 | 1.0s
  Epoch 684/800 | Total: 4.313 Edge: 0.329 Con: 0.179 Cls: 1.191 Triplet: 0.3219 | 1.0s
  Epoch 685/800 | Total: 4.391 Edge: 0.336 Con: 0.180 Cls: 1.212 Triplet: 0.3302 | Val F1: 0.4147 | 1.0s
  Epoch 686/800 | Total: 4.362 Edge: 0.337 Con: 0.184 Cls: 1.200 Triplet: 0.3326 | 1.0s
  Epoch 687/800 | Total: 4.367 Edge: 0.335 Con: 0.182 Cls: 1.205 Triplet: 0.3250 | 1.0s
  Epoch 688/800 | Total: 4.361 Edge: 0.340 Con: 0.182 Cls: 1.199 Triplet: 0.3328 | 1.0s
  Epoch 689/800 | Total: 4.380 Edge: 0.359 Con: 0.183 Cls: 1.200 Triplet: 0.3299 | 1.1s
  Epoch 690/800 | Total: 4.466 Edge: 0.371 Con: 0.183 Cls: 1.220 Triplet: 0.3439 | Val F1: 0.4146 | 1.0s
  Epoch 691/800 | Total: 4.403 Edge: 0.353 Con: 0.182 Cls: 1.206 Triplet: 0.3401 | 1.0s
  Epoch 692/800 | Total: 4.467 Edge: 0.343 Con: 0.186 Cls: 1.230 Triplet: 0.3412 | 1.1s
  Epoch 693/800 | Total: 4.404 Edge: 0.343 Con: 0.185 Cls: 1.209 Triplet: 0.3432 | 1.1s
  Epoch 694/800 | Total: 4.392 Edge: 0.346 Con: 0.189 Cls: 1.204 Triplet: 0.3399 | 1.0s
  Epoch 695/800 | Total: 4.440 Edge: 0.362 Con: 0.188 Cls: 1.215 Triplet: 0.3395 | Val F1: 0.4123 | 1.0s
  Early stopping at epoch 695
  Best Val F1: 0.4227 | Test F1: 0.4219
  Total training time: 804.6s (13.4 min)

======================================================================
  Val  Macro-F1: 0.4227
  Test Macro-F1: 0.4219
  Test Accuracy: 0.6506
  Time: 806.3s
  Peak GPU mem: 1.11 GB
======================================================================

  Results saved to: results/NESS_ogbn-arxiv_MCAR_0.8_20260726_121640
