/home/erfan/MATE/venv/lib/python3.13/site-packages/outdated/__init__.py:36: UserWarning: pkg_resources is deprecated as an API. See https://setuptools.pypa.io/en/latest/pkg_resources.html. The pkg_resources package is slated for removal as early as 2025-11-30. Refrain from using this package or pin to Setuptools<81.
  from pkg_resources import parse_version
/home/erfan/MATE/ogbn_benchmarks/data_loader.py:96: UserWarning: Sparse invariant checks are implicitly disabled. Memory errors (e.g. SEGFAULT) will occur when operating on a sparse tensor which violates the invariants, but checks incur performance overhead. To silence this warning, explicitly opt in or out. See `torch.sparse.check_sparse_tensor_invariants.__doc__` for guidance.  (Triggered internally at /pytorch/aten/src/ATen/Context.cpp:760.)
  adj = torch.sparse_coo_tensor(edge_index, vals, (num_nodes, num_nodes)).coalesce()
======================================================================
  FP | ogbn-arxiv | MCAR @ 80% | lr=0.001
======================================================================
[1/3] Loading ogbn-arxiv...
  169,343 nodes | 128 dims | 40 classes
[2/3] Simulating MCAR missingness...
Simulating MCAR missingness at 80% rate...
  MCAR: Uniform random selection
  Observable: 33,869 (20.0%)
  Masked: 135,474 (80.0%)
  Observable: 33,869 | Val: 67,737 | Test: 67,737
[3/3] Running FP...
  Feature propagation (40 iterations)...
    Propagation done in 0.4s
  Training classifier for up to 800 epochs (patience=20)...
  Epoch 5/800 | Loss: 1.4763 | Val F1: 0.2681 | 0.3s
  Epoch 10/800 | Loss: 1.3462 | Val F1: 0.3268 | 0.3s
  Epoch 15/800 | Loss: 1.2961 | Val F1: 0.3393 | 0.3s
  Epoch 20/800 | Loss: 1.2568 | Val F1: 0.3585 | 0.3s
  Epoch 25/800 | Loss: 1.2370 | Val F1: 0.3677 | 0.3s
  Epoch 30/800 | Loss: 1.2203 | Val F1: 0.3744 | 0.3s
  Epoch 35/800 | Loss: 1.2082 | Val F1: 0.3761 | 0.3s
  Epoch 40/800 | Loss: 1.1955 | Val F1: 0.3821 | 0.3s
  Epoch 45/800 | Loss: 1.1765 | Val F1: 0.3809 | 0.3s
  Epoch 50/800 | Loss: 1.1792 | Val F1: 0.3876 | 0.3s
  Epoch 55/800 | Loss: 1.1725 | Val F1: 0.3838 | 0.3s
  Epoch 60/800 | Loss: 1.1583 | Val F1: 0.3867 | 0.3s
  Epoch 65/800 | Loss: 1.1516 | Val F1: 0.4010 | 0.3s
  Epoch 70/800 | Loss: 1.1417 | Val F1: 0.3871 | 0.3s
  Epoch 75/800 | Loss: 1.1522 | Val F1: 0.3991 | 0.3s
  Epoch 80/800 | Loss: 1.1398 | Val F1: 0.3905 | 0.3s
  Epoch 85/800 | Loss: 1.1451 | Val F1: 0.3893 | 0.3s
  Epoch 90/800 | Loss: 1.1327 | Val F1: 0.3999 | 0.3s
  Epoch 95/800 | Loss: 1.1402 | Val F1: 0.3912 | 0.3s
  Epoch 100/800 | Loss: 1.1370 | Val F1: 0.3982 | 0.3s
  Epoch 105/800 | Loss: 1.1285 | Val F1: 0.4031 | 0.3s
  Epoch 110/800 | Loss: 1.1277 | Val F1: 0.3984 | 0.3s
  Epoch 115/800 | Loss: 1.1262 | Val F1: 0.4001 | 0.3s
  Epoch 120/800 | Loss: 1.1296 | Val F1: 0.3980 | 0.3s
  Epoch 125/800 | Loss: 1.1278 | Val F1: 0.4060 | 0.3s
  Epoch 130/800 | Loss: 1.1253 | Val F1: 0.3892 | 0.4s
  Epoch 135/800 | Loss: 1.1210 | Val F1: 0.4020 | 0.3s
  Epoch 140/800 | Loss: 1.1175 | Val F1: 0.4047 | 0.3s
  Epoch 145/800 | Loss: 1.1139 | Val F1: 0.4038 | 0.3s
  Epoch 150/800 | Loss: 1.1197 | Val F1: 0.4006 | 0.3s
  Epoch 155/800 | Loss: 1.1246 | Val F1: 0.4007 | 0.3s
  Epoch 160/800 | Loss: 1.1277 | Val F1: 0.3926 | 0.4s
  Epoch 165/800 | Loss: 1.1142 | Val F1: 0.4059 | 0.3s
  Epoch 170/800 | Loss: 1.1182 | Val F1: 0.3965 | 0.3s
  Epoch 175/800 | Loss: 1.1149 | Val F1: 0.3934 | 0.3s
  Epoch 180/800 | Loss: 1.1187 | Val F1: 0.4041 | 0.3s
  Epoch 185/800 | Loss: 1.1182 | Val F1: 0.4103 | 0.3s
  Epoch 190/800 | Loss: 1.1069 | Val F1: 0.4094 | 0.3s
  Epoch 195/800 | Loss: 1.1096 | Val F1: 0.3993 | 0.3s
  Epoch 200/800 | Loss: 1.1131 | Val F1: 0.4090 | 0.4s
  Epoch 205/800 | Loss: 1.1068 | Val F1: 0.4084 | 0.4s
  Epoch 210/800 | Loss: 1.1099 | Val F1: 0.4046 | 0.3s
  Epoch 215/800 | Loss: 1.1105 | Val F1: 0.4003 | 0.3s
  Epoch 220/800 | Loss: 1.1096 | Val F1: 0.4019 | 0.3s
  Epoch 225/800 | Loss: 1.1093 | Val F1: 0.3995 | 0.3s
  Epoch 230/800 | Loss: 1.1118 | Val F1: 0.4050 | 0.3s
  Epoch 235/800 | Loss: 1.1015 | Val F1: 0.3996 | 0.3s
  Epoch 240/800 | Loss: 1.0997 | Val F1: 0.3986 | 0.3s
  Epoch 245/800 | Loss: 1.1052 | Val F1: 0.4015 | 0.3s
  Epoch 250/800 | Loss: 1.1091 | Val F1: 0.4080 | 0.3s
  Epoch 255/800 | Loss: 1.0998 | Val F1: 0.4091 | 0.3s
  Epoch 260/800 | Loss: 1.0972 | Val F1: 0.4105 | 0.4s
  Epoch 265/800 | Loss: 1.0948 | Val F1: 0.3999 | 0.3s
  Epoch 270/800 | Loss: 1.1062 | Val F1: 0.4053 | 0.3s
  Epoch 275/800 | Loss: 1.0995 | Val F1: 0.4052 | 0.3s
  Epoch 280/800 | Loss: 1.0921 | Val F1: 0.3974 | 0.3s
  Epoch 285/800 | Loss: 1.0985 | Val F1: 0.4025 | 0.3s
  Epoch 290/800 | Loss: 1.1055 | Val F1: 0.4130 | 0.4s
  Epoch 295/800 | Loss: 1.1051 | Val F1: 0.4121 | 0.3s
  Epoch 300/800 | Loss: 1.0981 | Val F1: 0.4043 | 0.3s
  Epoch 305/800 | Loss: 1.0997 | Val F1: 0.4060 | 0.3s
  Epoch 310/800 | Loss: 1.1093 | Val F1: 0.4007 | 0.3s
  Epoch 315/800 | Loss: 1.1013 | Val F1: 0.4117 | 0.3s
  Epoch 320/800 | Loss: 1.1023 | Val F1: 0.4037 | 0.3s
  Epoch 325/800 | Loss: 1.0937 | Val F1: 0.4063 | 0.3s
  Epoch 330/800 | Loss: 1.0970 | Val F1: 0.4066 | 0.3s
  Epoch 335/800 | Loss: 1.1012 | Val F1: 0.4122 | 0.3s
  Epoch 340/800 | Loss: 1.0937 | Val F1: 0.4109 | 0.5s
  Epoch 345/800 | Loss: 1.0959 | Val F1: 0.4090 | 0.3s
  Epoch 350/800 | Loss: 1.0977 | Val F1: 0.4053 | 0.5s
  Epoch 355/800 | Loss: 1.0978 | Val F1: 0.4007 | 0.4s
  Epoch 360/800 | Loss: 1.0943 | Val F1: 0.4003 | 0.4s
  Epoch 365/800 | Loss: 1.0966 | Val F1: 0.3983 | 0.5s
  Epoch 370/800 | Loss: 1.1011 | Val F1: 0.4107 | 0.5s
  Epoch 375/800 | Loss: 1.0981 | Val F1: 0.4064 | 0.4s
  Epoch 380/800 | Loss: 1.0941 | Val F1: 0.4043 | 0.4s
  Epoch 385/800 | Loss: 1.0929 | Val F1: 0.4063 | 0.5s
  Epoch 390/800 | Loss: 1.0905 | Val F1: 0.4046 | 0.5s
  Early stopping at epoch 390
  Best Val F1: 0.4130 | Test F1: 0.4152
  Total training time: 167.7s (2.8 min)

======================================================================
  Val  Macro-F1: 0.4130
  Test Macro-F1: 0.4152
  Test Accuracy: 0.6545
  Time: 168.8s
======================================================================

  Results saved to: results/FP_ogbn-arxiv_MCAR_0.8_20260724_083547
