/home/erfan/MATE/venv/lib/python3.13/site-packages/outdated/__init__.py:36: UserWarning: pkg_resources is deprecated as an API. See https://setuptools.pypa.io/en/latest/pkg_resources.html. The pkg_resources package is slated for removal as early as 2025-11-30. Refrain from using this package or pin to Setuptools<81.
  from pkg_resources import parse_version
/home/erfan/MATE/ogbn_benchmarks/data_loader.py:96: UserWarning: Sparse invariant checks are implicitly disabled. Memory errors (e.g. SEGFAULT) will occur when operating on a sparse tensor which violates the invariants, but checks incur performance overhead. To silence this warning, explicitly opt in or out. See `torch.sparse.check_sparse_tensor_invariants.__doc__` for guidance.  (Triggered internally at /pytorch/aten/src/ATen/Context.cpp:760.)
  adj = torch.sparse_coo_tensor(edge_index, vals, (num_nodes, num_nodes)).coalesce()
======================================================================
  FP | ogbn-arxiv | MCAR @ 20% | lr=0.001
======================================================================
[1/3] Loading ogbn-arxiv...
  169,343 nodes | 128 dims | 40 classes
[2/3] Simulating MCAR missingness...
Simulating MCAR missingness at 20% rate...
  MCAR: Uniform random selection
  Observable: 135,475 (80.0%)
  Masked: 33,868 (20.0%)
  Observable: 135,475 | Val: 16,934 | Test: 16,934
[3/3] Running FP...
  Feature propagation (40 iterations)...
    Propagation done in 0.4s
  Training classifier for up to 800 epochs (patience=20)...
  Epoch 5/800 | Loss: 1.2531 | Val F1: 0.3693 | 1.1s
  Epoch 10/800 | Loss: 1.1897 | Val F1: 0.4177 | 1.1s
  Epoch 15/800 | Loss: 1.1644 | Val F1: 0.4199 | 1.2s
  Epoch 20/800 | Loss: 1.1499 | Val F1: 0.4249 | 1.2s
  Epoch 25/800 | Loss: 1.1420 | Val F1: 0.4224 | 1.1s
  Epoch 30/800 | Loss: 1.1391 | Val F1: 0.4283 | 1.1s
  Epoch 35/800 | Loss: 1.1337 | Val F1: 0.4266 | 1.1s
  Epoch 40/800 | Loss: 1.1305 | Val F1: 0.4373 | 1.1s
  Epoch 45/800 | Loss: 1.1265 | Val F1: 0.4306 | 1.1s
  Epoch 50/800 | Loss: 1.1265 | Val F1: 0.4317 | 1.2s
  Epoch 55/800 | Loss: 1.1257 | Val F1: 0.4282 | 1.2s
  Epoch 60/800 | Loss: 1.1239 | Val F1: 0.4356 | 1.1s
  Epoch 65/800 | Loss: 1.1226 | Val F1: 0.4301 | 1.1s
  Epoch 70/800 | Loss: 1.1228 | Val F1: 0.4271 | 1.2s
  Epoch 75/800 | Loss: 1.1235 | Val F1: 0.4344 | 1.1s
  Epoch 80/800 | Loss: 1.1223 | Val F1: 0.4355 | 1.1s
  Epoch 85/800 | Loss: 1.1218 | Val F1: 0.4298 | 1.1s
  Epoch 90/800 | Loss: 1.1171 | Val F1: 0.4386 | 1.1s
  Epoch 95/800 | Loss: 1.1198 | Val F1: 0.4315 | 1.1s
  Epoch 100/800 | Loss: 1.1184 | Val F1: 0.4302 | 1.1s
  Epoch 105/800 | Loss: 1.1177 | Val F1: 0.4204 | 1.2s
  Epoch 110/800 | Loss: 1.1206 | Val F1: 0.4224 | 1.2s
  Epoch 115/800 | Loss: 1.1171 | Val F1: 0.4273 | 1.2s
  Epoch 120/800 | Loss: 1.1199 | Val F1: 0.4326 | 1.2s
  Epoch 125/800 | Loss: 1.1179 | Val F1: 0.4379 | 1.2s
  Epoch 130/800 | Loss: 1.1151 | Val F1: 0.4412 | 1.1s
  Epoch 135/800 | Loss: 1.1200 | Val F1: 0.4324 | 1.1s
  Epoch 140/800 | Loss: 1.1163 | Val F1: 0.4247 | 1.1s
  Epoch 145/800 | Loss: 1.1167 | Val F1: 0.4188 | 1.2s
  Epoch 150/800 | Loss: 1.1176 | Val F1: 0.4349 | 1.1s
  Epoch 155/800 | Loss: 1.1154 | Val F1: 0.4391 | 1.1s
  Epoch 160/800 | Loss: 1.1165 | Val F1: 0.4216 | 1.1s
  Epoch 165/800 | Loss: 1.1170 | Val F1: 0.4385 | 1.2s
  Epoch 170/800 | Loss: 1.1138 | Val F1: 0.4377 | 1.1s
  Epoch 175/800 | Loss: 1.1138 | Val F1: 0.4321 | 1.1s
  Epoch 180/800 | Loss: 1.1166 | Val F1: 0.4342 | 1.2s
  Epoch 185/800 | Loss: 1.1159 | Val F1: 0.4361 | 1.2s
  Epoch 190/800 | Loss: 1.1145 | Val F1: 0.4418 | 1.1s
  Epoch 195/800 | Loss: 1.1156 | Val F1: 0.4332 | 1.1s
  Epoch 200/800 | Loss: 1.1132 | Val F1: 0.4344 | 1.1s
  Epoch 205/800 | Loss: 1.1116 | Val F1: 0.4343 | 1.2s
  Epoch 210/800 | Loss: 1.1166 | Val F1: 0.4364 | 1.2s
  Epoch 215/800 | Loss: 1.1148 | Val F1: 0.4325 | 1.1s
  Epoch 220/800 | Loss: 1.1146 | Val F1: 0.4398 | 1.1s
  Epoch 225/800 | Loss: 1.1133 | Val F1: 0.4299 | 1.1s
  Epoch 230/800 | Loss: 1.1141 | Val F1: 0.4391 | 1.1s
  Epoch 235/800 | Loss: 1.1127 | Val F1: 0.4378 | 1.1s
  Epoch 240/800 | Loss: 1.1138 | Val F1: 0.4301 | 1.1s
  Epoch 245/800 | Loss: 1.1151 | Val F1: 0.4249 | 1.2s
  Epoch 250/800 | Loss: 1.1153 | Val F1: 0.4390 | 1.1s
  Epoch 255/800 | Loss: 1.1131 | Val F1: 0.4343 | 1.1s
  Epoch 260/800 | Loss: 1.1132 | Val F1: 0.4313 | 1.1s
  Epoch 265/800 | Loss: 1.1142 | Val F1: 0.4300 | 1.1s
  Epoch 270/800 | Loss: 1.1122 | Val F1: 0.4390 | 1.1s
  Epoch 275/800 | Loss: 1.1163 | Val F1: 0.4262 | 1.1s
  Epoch 280/800 | Loss: 1.1112 | Val F1: 0.4366 | 1.1s
  Epoch 285/800 | Loss: 1.1137 | Val F1: 0.4401 | 1.1s
  Epoch 290/800 | Loss: 1.1115 | Val F1: 0.4320 | 1.1s
  Early stopping at epoch 290
  Best Val F1: 0.4418 | Test F1: 0.4423
  Total training time: 338.0s (5.6 min)

======================================================================
  Val  Macro-F1: 0.4418
  Test Macro-F1: 0.4423
  Test Accuracy: 0.6691
  Time: 338.6s
======================================================================

  Results saved to: results/FP_ogbn-arxiv_MCAR_0.2_20260724_065235
