/home/erfan/MATE/venv/lib/python3.13/site-packages/outdated/__init__.py:36: UserWarning: pkg_resources is deprecated as an API. See https://setuptools.pypa.io/en/latest/pkg_resources.html. The pkg_resources package is slated for removal as early as 2025-11-30. Refrain from using this package or pin to Setuptools<81.
  from pkg_resources import parse_version
/home/erfan/MATE/ogbn_benchmarks/data_loader.py:96: UserWarning: Sparse invariant checks are implicitly disabled. Memory errors (e.g. SEGFAULT) will occur when operating on a sparse tensor which violates the invariants, but checks incur performance overhead. To silence this warning, explicitly opt in or out. See `torch.sparse.check_sparse_tensor_invariants.__doc__` for guidance.  (Triggered internally at /pytorch/aten/src/ATen/Context.cpp:760.)
  adj = torch.sparse_coo_tensor(edge_index, vals, (num_nodes, num_nodes)).coalesce()
======================================================================
  PaGCN | ogbn-arxiv | MCAR @ 90% | lr=0.001
======================================================================
[1/3] Loading ogbn-arxiv...
  169,343 nodes | 128 dims | 40 classes
[2/3] Simulating MCAR missingness...
Simulating MCAR missingness at 90% rate...
  MCAR: Uniform random selection
  Observable: 16,935 (10.0%)
  Masked: 152,408 (90.0%)
  Observable: 16,935 | Val: 76,204 | Test: 76,204
[3/3] Running PaGCN...
  Partitioning graph into 20 clusters...
  Pre-caching clusters (with normalized adjacency)...
  Cached 20 clusters
  Training PaGCN for up to 800 epochs (patience=20)...
  Epoch 5/800 | Loss: 2.9660 | Val F1: 0.0145 | 0.0s
  Epoch 10/800 | Loss: 2.6957 | Val F1: 0.0280 | 0.0s
  Epoch 15/800 | Loss: 2.3889 | Val F1: 0.0430 | 0.0s
  Epoch 20/800 | Loss: 2.1905 | Val F1: 0.0733 | 0.0s
  Epoch 25/800 | Loss: 2.1302 | Val F1: 0.0929 | 0.0s
  Epoch 30/800 | Loss: 2.0607 | Val F1: 0.0963 | 0.0s
  Epoch 35/800 | Loss: 1.9971 | Val F1: 0.0964 | 0.0s
  Epoch 40/800 | Loss: 1.9555 | Val F1: 0.1089 | 0.0s
  Epoch 45/800 | Loss: 1.9172 | Val F1: 0.1230 | 0.0s
  Epoch 50/800 | Loss: 1.8653 | Val F1: 0.1282 | 0.0s
  Epoch 55/800 | Loss: 1.8275 | Val F1: 0.1407 | 0.0s
  Epoch 60/800 | Loss: 1.8124 | Val F1: 0.1391 | 0.0s
  Epoch 65/800 | Loss: 1.7788 | Val F1: 0.1515 | 0.0s
  Epoch 70/800 | Loss: 1.7617 | Val F1: 0.1579 | 0.0s
  Epoch 75/800 | Loss: 1.7462 | Val F1: 0.1536 | 0.0s
  Epoch 80/800 | Loss: 1.7230 | Val F1: 0.1645 | 0.0s
  Epoch 85/800 | Loss: 1.7140 | Val F1: 0.1704 | 0.0s
  Epoch 90/800 | Loss: 1.7122 | Val F1: 0.1667 | 0.0s
  Epoch 95/800 | Loss: 1.6777 | Val F1: 0.1765 | 0.0s
  Epoch 100/800 | Loss: 1.6676 | Val F1: 0.1711 | 0.0s
  Epoch 105/800 | Loss: 1.6477 | Val F1: 0.1827 | 0.0s
  Epoch 110/800 | Loss: 1.6430 | Val F1: 0.1781 | 0.0s
  Epoch 115/800 | Loss: 1.6266 | Val F1: 0.1961 | 0.0s
  Epoch 120/800 | Loss: 1.6034 | Val F1: 0.1956 | 0.0s
  Epoch 125/800 | Loss: 1.5968 | Val F1: 0.2016 | 0.0s
  Epoch 130/800 | Loss: 1.6104 | Val F1: 0.1948 | 0.0s
  Epoch 135/800 | Loss: 1.5854 | Val F1: 0.2024 | 0.0s
  Epoch 140/800 | Loss: 1.5684 | Val F1: 0.2083 | 0.0s
  Epoch 145/800 | Loss: 1.5529 | Val F1: 0.2013 | 0.0s
  Epoch 150/800 | Loss: 1.5635 | Val F1: 0.2058 | 0.0s
  Epoch 155/800 | Loss: 1.5379 | Val F1: 0.2086 | 0.0s
  Epoch 160/800 | Loss: 1.5415 | Val F1: 0.2072 | 0.0s
  Epoch 165/800 | Loss: 1.5340 | Val F1: 0.2070 | 0.0s
  Epoch 170/800 | Loss: 1.5184 | Val F1: 0.2102 | 0.0s
  Epoch 175/800 | Loss: 1.5238 | Val F1: 0.2082 | 0.0s
  Epoch 180/800 | Loss: 1.5079 | Val F1: 0.2127 | 0.0s
  Epoch 185/800 | Loss: 1.5036 | Val F1: 0.2166 | 0.0s
  Epoch 190/800 | Loss: 1.4994 | Val F1: 0.2176 | 0.0s
  Epoch 195/800 | Loss: 1.4896 | Val F1: 0.2164 | 0.0s
  Epoch 200/800 | Loss: 1.4900 | Val F1: 0.2222 | 0.0s
  Epoch 205/800 | Loss: 1.4793 | Val F1: 0.2185 | 0.0s
  Epoch 210/800 | Loss: 1.4731 | Val F1: 0.2214 | 0.0s
  Epoch 215/800 | Loss: 1.4804 | Val F1: 0.2175 | 0.0s
  Epoch 220/800 | Loss: 1.4655 | Val F1: 0.2191 | 0.0s
  Epoch 225/800 | Loss: 1.4647 | Val F1: 0.2230 | 0.0s
  Epoch 230/800 | Loss: 1.4652 | Val F1: 0.2199 | 0.0s
  Epoch 235/800 | Loss: 1.4683 | Val F1: 0.2163 | 0.0s
  Epoch 240/800 | Loss: 1.4632 | Val F1: 0.2270 | 0.0s
  Epoch 245/800 | Loss: 1.4475 | Val F1: 0.2242 | 0.0s
  Epoch 250/800 | Loss: 1.4470 | Val F1: 0.2292 | 0.0s
  Epoch 255/800 | Loss: 1.4562 | Val F1: 0.2256 | 0.0s
  Epoch 260/800 | Loss: 1.4462 | Val F1: 0.2257 | 0.0s
  Epoch 265/800 | Loss: 1.4462 | Val F1: 0.2268 | 0.0s
  Epoch 270/800 | Loss: 1.4392 | Val F1: 0.2288 | 0.0s
  Epoch 275/800 | Loss: 1.4198 | Val F1: 0.2338 | 0.0s
  Epoch 280/800 | Loss: 1.4305 | Val F1: 0.2371 | 0.0s
  Epoch 285/800 | Loss: 1.4122 | Val F1: 0.2334 | 0.0s
  Epoch 290/800 | Loss: 1.4365 | Val F1: 0.2383 | 0.0s
  Epoch 295/800 | Loss: 1.4143 | Val F1: 0.2388 | 0.0s
  Epoch 300/800 | Loss: 1.4272 | Val F1: 0.2277 | 0.0s
  Epoch 305/800 | Loss: 1.4134 | Val F1: 0.2275 | 0.0s
  Epoch 310/800 | Loss: 1.4218 | Val F1: 0.2358 | 0.0s
  Epoch 315/800 | Loss: 1.4028 | Val F1: 0.2353 | 0.0s
  Epoch 320/800 | Loss: 1.4098 | Val F1: 0.2366 | 0.0s
  Epoch 325/800 | Loss: 1.4271 | Val F1: 0.2370 | 0.0s
  Epoch 330/800 | Loss: 1.4007 | Val F1: 0.2340 | 0.0s
  Epoch 335/800 | Loss: 1.4204 | Val F1: 0.2391 | 0.0s
  Epoch 340/800 | Loss: 1.3979 | Val F1: 0.2392 | 0.0s
  Epoch 345/800 | Loss: 1.3980 | Val F1: 0.2375 | 0.0s
  Epoch 350/800 | Loss: 1.3875 | Val F1: 0.2404 | 0.0s
  Epoch 355/800 | Loss: 1.4016 | Val F1: 0.2354 | 0.0s
  Epoch 360/800 | Loss: 1.3850 | Val F1: 0.2447 | 0.0s
  Epoch 365/800 | Loss: 1.3973 | Val F1: 0.2376 | 0.0s
  Epoch 370/800 | Loss: 1.3854 | Val F1: 0.2346 | 0.0s
  Epoch 375/800 | Loss: 1.3788 | Val F1: 0.2476 | 0.0s
  Epoch 380/800 | Loss: 1.3676 | Val F1: 0.2392 | 0.0s
  Epoch 385/800 | Loss: 1.3753 | Val F1: 0.2442 | 0.0s
  Epoch 390/800 | Loss: 1.3813 | Val F1: 0.2466 | 0.0s
  Epoch 395/800 | Loss: 1.3820 | Val F1: 0.2424 | 0.0s
  Epoch 400/800 | Loss: 1.3671 | Val F1: 0.2375 | 0.0s
  Epoch 405/800 | Loss: 1.3844 | Val F1: 0.2477 | 0.0s
  Epoch 410/800 | Loss: 1.3805 | Val F1: 0.2375 | 0.0s
  Epoch 415/800 | Loss: 1.3613 | Val F1: 0.2438 | 0.0s
  Epoch 420/800 | Loss: 1.3713 | Val F1: 0.2333 | 0.0s
  Epoch 425/800 | Loss: 1.3699 | Val F1: 0.2445 | 0.0s
  Epoch 430/800 | Loss: 1.3511 | Val F1: 0.2473 | 0.0s
  Epoch 435/800 | Loss: 1.3478 | Val F1: 0.2437 | 0.0s
  Epoch 440/800 | Loss: 1.3477 | Val F1: 0.2473 | 0.0s
  Epoch 445/800 | Loss: 1.3484 | Val F1: 0.2406 | 0.0s
  Epoch 450/800 | Loss: 1.3412 | Val F1: 0.2507 | 0.0s
  Epoch 455/800 | Loss: 1.3581 | Val F1: 0.2445 | 0.0s
  Epoch 460/800 | Loss: 1.3545 | Val F1: 0.2406 | 0.0s
  Epoch 465/800 | Loss: 1.3532 | Val F1: 0.2374 | 0.0s
  Epoch 470/800 | Loss: 1.3284 | Val F1: 0.2430 | 0.0s
  Epoch 475/800 | Loss: 1.3262 | Val F1: 0.2455 | 0.0s
  Epoch 480/800 | Loss: 1.3287 | Val F1: 0.2483 | 0.0s
  Epoch 485/800 | Loss: 1.3266 | Val F1: 0.2480 | 0.0s
  Epoch 490/800 | Loss: 1.3357 | Val F1: 0.2435 | 0.0s
  Epoch 495/800 | Loss: 1.3220 | Val F1: 0.2514 | 0.0s
  Epoch 500/800 | Loss: 1.3359 | Val F1: 0.2529 | 0.0s
  Epoch 505/800 | Loss: 1.3222 | Val F1: 0.2469 | 0.0s
  Epoch 510/800 | Loss: 1.3310 | Val F1: 0.2479 | 0.0s
  Epoch 515/800 | Loss: 1.3221 | Val F1: 0.2530 | 0.0s
  Epoch 520/800 | Loss: 1.3105 | Val F1: 0.2490 | 0.0s
  Epoch 525/800 | Loss: 1.3240 | Val F1: 0.2462 | 0.0s
  Epoch 530/800 | Loss: 1.3058 | Val F1: 0.2466 | 0.0s
  Epoch 535/800 | Loss: 1.3084 | Val F1: 0.2424 | 0.0s
  Epoch 540/800 | Loss: 1.3122 | Val F1: 0.2477 | 0.0s
  Epoch 545/800 | Loss: 1.3127 | Val F1: 0.2580 | 0.0s
  Epoch 550/800 | Loss: 1.3173 | Val F1: 0.2505 | 0.0s
  Epoch 555/800 | Loss: 1.3080 | Val F1: 0.2530 | 0.0s
  Epoch 560/800 | Loss: 1.3121 | Val F1: 0.2509 | 0.0s
  Epoch 565/800 | Loss: 1.2971 | Val F1: 0.2495 | 0.0s
  Epoch 570/800 | Loss: 1.2996 | Val F1: 0.2487 | 0.0s
  Epoch 575/800 | Loss: 1.2999 | Val F1: 0.2482 | 0.0s
  Epoch 580/800 | Loss: 1.3030 | Val F1: 0.2488 | 0.0s
  Epoch 585/800 | Loss: 1.3020 | Val F1: 0.2445 | 0.0s
  Epoch 590/800 | Loss: 1.3076 | Val F1: 0.2542 | 0.0s
  Epoch 595/800 | Loss: 1.3122 | Val F1: 0.2512 | 0.0s
  Epoch 600/800 | Loss: 1.2875 | Val F1: 0.2496 | 0.0s
  Epoch 605/800 | Loss: 1.2872 | Val F1: 0.2515 | 0.0s
  Epoch 610/800 | Loss: 1.2969 | Val F1: 0.2475 | 0.0s
  Epoch 615/800 | Loss: 1.2893 | Val F1: 0.2433 | 0.0s
  Epoch 620/800 | Loss: 1.2821 | Val F1: 0.2541 | 0.0s
  Epoch 625/800 | Loss: 1.2818 | Val F1: 0.2518 | 0.0s
  Epoch 630/800 | Loss: 1.2941 | Val F1: 0.2460 | 0.0s
  Epoch 635/800 | Loss: 1.2764 | Val F1: 0.2538 | 0.0s
  Epoch 640/800 | Loss: 1.2829 | Val F1: 0.2540 | 0.0s
  Epoch 645/800 | Loss: 1.2959 | Val F1: 0.2514 | 0.0s
  Early stopping at epoch 645
  Best Val F1: 0.2580 | Test F1: 0.2558
  Total training time: 89.5s (1.5 min)

======================================================================
  Val  Macro-F1: 0.2580
  Test Macro-F1: 0.2558
  Test Accuracy: 0.5172
  Time: 90.9s
======================================================================

  Results saved to: results/PaGCN_ogbn-arxiv_MCAR_0.9_20260724_091903
