/home/erfan/MATE/venv/lib/python3.13/site-packages/outdated/__init__.py:36: UserWarning: pkg_resources is deprecated as an API. See https://setuptools.pypa.io/en/latest/pkg_resources.html. The pkg_resources package is slated for removal as early as 2025-11-30. Refrain from using this package or pin to Setuptools<81.
  from pkg_resources import parse_version
/home/erfan/MATE/ogbn_benchmarks/data_loader.py:96: UserWarning: Sparse invariant checks are implicitly disabled. Memory errors (e.g. SEGFAULT) will occur when operating on a sparse tensor which violates the invariants, but checks incur performance overhead. To silence this warning, explicitly opt in or out. See `torch.sparse.check_sparse_tensor_invariants.__doc__` for guidance.  (Triggered internally at /pytorch/aten/src/ATen/Context.cpp:760.)
  adj = torch.sparse_coo_tensor(edge_index, vals, (num_nodes, num_nodes)).coalesce()
======================================================================
  MATE | ogbn-arxiv | MCAR @ 40% | lr=0.001
======================================================================
[1/3] Loading ogbn-arxiv...
  169,343 nodes | 128 dims | 40 classes
[2/3] Simulating MCAR missingness...
Simulating MCAR missingness at 40% rate...
  MCAR: Uniform random selection
  Observable: 101,606 (60.0%)
  Masked: 67,737 (40.0%)
  Observable: 101,606 | Val: 33,868 | Test: 33,869
[3/3] Running MATE...
  Partitioning graph into 20 clusters...
  Pre-caching clusters...
  Cached 20 clusters
  Training MATE for up to 800 epochs (patience=20)...
  Epoch 5/800 | Total: 3.825 Edge: 0.615 Con: 0.279 Cls: 2.930 | Val F1: 0.0288 | 0.8s
  Epoch 10/800 | Total: 3.147 Edge: 0.566 Con: 0.217 Cls: 2.364 | Val F1: 0.0606 | 0.8s
  Epoch 15/800 | Total: 2.871 Edge: 0.535 Con: 0.204 Cls: 2.131 | Val F1: 0.0867 | 0.8s
  Epoch 20/800 | Total: 2.732 Edge: 0.518 Con: 0.197 Cls: 2.017 | Val F1: 0.1293 | 0.8s
  Epoch 25/800 | Total: 2.586 Edge: 0.490 Con: 0.191 Cls: 1.905 | Val F1: 0.1553 | 0.8s
  Epoch 30/800 | Total: 2.513 Edge: 0.486 Con: 0.187 Cls: 1.839 | Val F1: 0.1917 | 0.8s
  Epoch 35/800 | Total: 2.402 Edge: 0.465 Con: 0.186 Cls: 1.752 | Val F1: 0.2117 | 0.8s
  Epoch 40/800 | Total: 2.381 Edge: 0.467 Con: 0.183 Cls: 1.731 | Val F1: 0.2262 | 0.8s
  Epoch 45/800 | Total: 2.331 Edge: 0.455 Con: 0.184 Cls: 1.693 | Val F1: 0.2352 | 0.8s
  Epoch 50/800 | Total: 2.332 Edge: 0.449 Con: 0.181 Cls: 1.702 | Val F1: 0.2485 | 0.8s
  Epoch 55/800 | Total: 2.269 Edge: 0.442 Con: 0.180 Cls: 1.646 | Val F1: 0.2440 | 0.8s
  Epoch 60/800 | Total: 2.258 Edge: 0.437 Con: 0.180 Cls: 1.640 | Val F1: 0.2402 | 0.8s
  Epoch 65/800 | Total: 2.248 Edge: 0.445 Con: 0.182 Cls: 1.621 | Val F1: 0.2543 | 0.8s
  Epoch 70/800 | Total: 2.219 Edge: 0.433 Con: 0.180 Cls: 1.606 | Val F1: 0.2564 | 0.8s
  Epoch 75/800 | Total: 2.197 Edge: 0.436 Con: 0.180 Cls: 1.581 | Val F1: 0.2692 | 0.8s
  Epoch 80/800 | Total: 2.175 Edge: 0.429 Con: 0.181 Cls: 1.565 | Val F1: 0.2676 | 0.8s
  Epoch 85/800 | Total: 2.175 Edge: 0.426 Con: 0.180 Cls: 1.569 | Val F1: 0.2629 | 0.8s
  Epoch 90/800 | Total: 2.155 Edge: 0.431 Con: 0.180 Cls: 1.545 | Val F1: 0.2849 | 0.8s
  Epoch 95/800 | Total: 2.184 Edge: 0.430 Con: 0.179 Cls: 1.575 | Val F1: 0.2685 | 0.8s
  Epoch 100/800 | Total: 2.136 Edge: 0.420 Con: 0.180 Cls: 1.536 | Val F1: 0.2890 | 0.8s
  Epoch 105/800 | Total: 2.136 Edge: 0.431 Con: 0.180 Cls: 1.525 | Val F1: 0.2838 | 0.8s
  Epoch 110/800 | Total: 2.092 Edge: 0.419 Con: 0.180 Cls: 1.494 | Val F1: 0.2865 | 0.8s
  Epoch 115/800 | Total: 2.114 Edge: 0.416 Con: 0.179 Cls: 1.519 | Val F1: 0.2965 | 0.8s
  Epoch 120/800 | Total: 2.111 Edge: 0.422 Con: 0.180 Cls: 1.510 | Val F1: 0.3047 | 0.8s
  Epoch 125/800 | Total: 2.078 Edge: 0.413 Con: 0.177 Cls: 1.487 | Val F1: 0.3095 | 0.8s
  Epoch 130/800 | Total: 2.087 Edge: 0.417 Con: 0.180 Cls: 1.490 | Val F1: 0.3049 | 0.8s
  Epoch 135/800 | Total: 2.064 Edge: 0.416 Con: 0.179 Cls: 1.469 | Val F1: 0.3073 | 0.8s
  Epoch 140/800 | Total: 2.066 Edge: 0.412 Con: 0.180 Cls: 1.475 | Val F1: 0.3085 | 0.8s
  Epoch 145/800 | Total: 2.050 Edge: 0.408 Con: 0.179 Cls: 1.463 | Val F1: 0.3210 | 0.8s
  Epoch 150/800 | Total: 2.070 Edge: 0.419 Con: 0.179 Cls: 1.472 | Val F1: 0.3130 | 0.8s
  Epoch 155/800 | Total: 2.075 Edge: 0.413 Con: 0.179 Cls: 1.483 | Val F1: 0.3415 | 0.8s
  Epoch 160/800 | Total: 2.059 Edge: 0.414 Con: 0.179 Cls: 1.466 | Val F1: 0.3242 | 0.8s
  Epoch 165/800 | Total: 2.041 Edge: 0.408 Con: 0.178 Cls: 1.454 | Val F1: 0.3268 | 0.8s
  Epoch 170/800 | Total: 2.047 Edge: 0.410 Con: 0.178 Cls: 1.459 | Val F1: 0.3353 | 0.8s
  Epoch 175/800 | Total: 2.051 Edge: 0.424 Con: 0.179 Cls: 1.448 | Val F1: 0.3372 | 0.8s
  Epoch 180/800 | Total: 2.047 Edge: 0.405 Con: 0.179 Cls: 1.462 | Val F1: 0.3486 | 0.8s
  Epoch 185/800 | Total: 2.028 Edge: 0.407 Con: 0.178 Cls: 1.443 | Val F1: 0.3409 | 0.8s
  Epoch 190/800 | Total: 2.008 Edge: 0.405 Con: 0.177 Cls: 1.426 | Val F1: 0.3485 | 0.8s
  Epoch 195/800 | Total: 2.030 Edge: 0.406 Con: 0.178 Cls: 1.446 | Val F1: 0.3598 | 0.8s
  Epoch 200/800 | Total: 2.024 Edge: 0.399 Con: 0.178 Cls: 1.447 | Val F1: 0.3453 | 0.8s
  Epoch 205/800 | Total: 2.067 Edge: 0.413 Con: 0.178 Cls: 1.475 | Val F1: 0.3496 | 0.8s
  Epoch 210/800 | Total: 2.035 Edge: 0.402 Con: 0.178 Cls: 1.454 | Val F1: 0.3480 | 0.8s
  Epoch 215/800 | Total: 2.020 Edge: 0.404 Con: 0.179 Cls: 1.437 | Val F1: 0.3563 | 0.9s
  Epoch 220/800 | Total: 2.007 Edge: 0.397 Con: 0.177 Cls: 1.432 | Val F1: 0.3426 | 0.8s
  Epoch 225/800 | Total: 2.021 Edge: 0.409 Con: 0.178 Cls: 1.434 | Val F1: 0.3515 | 0.8s
  Epoch 230/800 | Total: 2.054 Edge: 0.401 Con: 0.180 Cls: 1.473 | Val F1: 0.3499 | 0.8s
  Epoch 235/800 | Total: 2.000 Edge: 0.398 Con: 0.178 Cls: 1.424 | Val F1: 0.3392 | 0.8s
  Epoch 240/800 | Total: 2.001 Edge: 0.399 Con: 0.178 Cls: 1.424 | Val F1: 0.3568 | 0.8s
  Epoch 245/800 | Total: 1.983 Edge: 0.397 Con: 0.177 Cls: 1.408 | Val F1: 0.3650 | 0.8s
  Epoch 250/800 | Total: 1.992 Edge: 0.398 Con: 0.178 Cls: 1.416 | Val F1: 0.3458 | 0.8s
  Epoch 255/800 | Total: 1.990 Edge: 0.399 Con: 0.177 Cls: 1.415 | Val F1: 0.3509 | 0.8s
  Epoch 260/800 | Total: 1.994 Edge: 0.398 Con: 0.177 Cls: 1.419 | Val F1: 0.3668 | 0.8s
  Epoch 265/800 | Total: 1.994 Edge: 0.402 Con: 0.177 Cls: 1.415 | Val F1: 0.3602 | 0.8s
  Epoch 270/800 | Total: 1.975 Edge: 0.391 Con: 0.177 Cls: 1.408 | Val F1: 0.3787 | 0.8s
  Epoch 275/800 | Total: 1.982 Edge: 0.391 Con: 0.177 Cls: 1.414 | Val F1: 0.3671 | 0.8s
  Epoch 280/800 | Total: 1.999 Edge: 0.398 Con: 0.176 Cls: 1.425 | Val F1: 0.3414 | 0.8s
  Epoch 285/800 | Total: 2.007 Edge: 0.393 Con: 0.176 Cls: 1.438 | Val F1: 0.3526 | 0.8s
  Epoch 290/800 | Total: 2.006 Edge: 0.389 Con: 0.177 Cls: 1.440 | Val F1: 0.3641 | 0.8s
  Epoch 295/800 | Total: 1.980 Edge: 0.391 Con: 0.176 Cls: 1.413 | Val F1: 0.3623 | 0.8s
  Epoch 300/800 | Total: 1.981 Edge: 0.393 Con: 0.177 Cls: 1.412 | Val F1: 0.3765 | 0.8s
  Epoch 305/800 | Total: 1.957 Edge: 0.390 Con: 0.175 Cls: 1.392 | Val F1: 0.3558 | 0.8s
  Epoch 310/800 | Total: 1.988 Edge: 0.388 Con: 0.175 Cls: 1.425 | Val F1: 0.3783 | 0.8s
  Epoch 315/800 | Total: 1.996 Edge: 0.402 Con: 0.177 Cls: 1.417 | Val F1: 0.3830 | 0.8s
  Epoch 320/800 | Total: 1.966 Edge: 0.387 Con: 0.176 Cls: 1.403 | Val F1: 0.3693 | 0.8s
  Epoch 325/800 | Total: 2.008 Edge: 0.391 Con: 0.175 Cls: 1.442 | Val F1: 0.3717 | 0.8s
  Epoch 330/800 | Total: 1.983 Edge: 0.390 Con: 0.176 Cls: 1.417 | Val F1: 0.3848 | 0.8s
  Epoch 335/800 | Total: 1.980 Edge: 0.393 Con: 0.176 Cls: 1.411 | Val F1: 0.3637 | 0.8s
  Epoch 340/800 | Total: 1.966 Edge: 0.384 Con: 0.175 Cls: 1.407 | Val F1: 0.3619 | 0.8s
  Epoch 345/800 | Total: 1.949 Edge: 0.386 Con: 0.175 Cls: 1.388 | Val F1: 0.3863 | 0.8s
  Epoch 350/800 | Total: 1.980 Edge: 0.388 Con: 0.176 Cls: 1.417 | Val F1: 0.3804 | 0.8s
  Epoch 355/800 | Total: 1.968 Edge: 0.384 Con: 0.175 Cls: 1.408 | Val F1: 0.3752 | 0.8s
  Epoch 360/800 | Total: 1.987 Edge: 0.409 Con: 0.177 Cls: 1.400 | Val F1: 0.3779 | 0.8s
  Epoch 365/800 | Total: 1.941 Edge: 0.384 Con: 0.176 Cls: 1.381 | Val F1: 0.3835 | 0.8s
  Epoch 370/800 | Total: 1.974 Edge: 0.388 Con: 0.176 Cls: 1.411 | Val F1: 0.3835 | 0.8s
  Epoch 375/800 | Total: 1.955 Edge: 0.384 Con: 0.176 Cls: 1.395 | Val F1: 0.3767 | 0.8s
  Epoch 380/800 | Total: 1.960 Edge: 0.389 Con: 0.174 Cls: 1.397 | Val F1: 0.3803 | 0.8s
  Epoch 385/800 | Total: 1.984 Edge: 0.383 Con: 0.176 Cls: 1.426 | Val F1: 0.3750 | 0.8s
  Epoch 390/800 | Total: 1.939 Edge: 0.383 Con: 0.175 Cls: 1.381 | Val F1: 0.3753 | 0.8s
  Epoch 395/800 | Total: 1.967 Edge: 0.391 Con: 0.175 Cls: 1.401 | Val F1: 0.3922 | 0.8s
  Epoch 400/800 | Total: 1.946 Edge: 0.381 Con: 0.174 Cls: 1.391 | Val F1: 0.3972 | 0.8s
  Epoch 405/800 | Total: 1.955 Edge: 0.389 Con: 0.176 Cls: 1.391 | Val F1: 0.4007 | 0.8s
  Epoch 410/800 | Total: 1.961 Edge: 0.383 Con: 0.175 Cls: 1.403 | Val F1: 0.4023 | 0.8s
  Epoch 415/800 | Total: 1.938 Edge: 0.385 Con: 0.175 Cls: 1.378 | Val F1: 0.3805 | 0.8s
  Epoch 420/800 | Total: 1.941 Edge: 0.378 Con: 0.175 Cls: 1.387 | Val F1: 0.3875 | 0.8s
  Epoch 425/800 | Total: 1.957 Edge: 0.382 Con: 0.176 Cls: 1.399 | Val F1: 0.3749 | 0.8s
  Epoch 430/800 | Total: 1.958 Edge: 0.383 Con: 0.176 Cls: 1.399 | Val F1: 0.3804 | 0.8s
  Epoch 435/800 | Total: 1.950 Edge: 0.383 Con: 0.175 Cls: 1.392 | Val F1: 0.3813 | 0.8s
  Epoch 440/800 | Total: 1.967 Edge: 0.379 Con: 0.175 Cls: 1.412 | Val F1: 0.3930 | 0.8s
  Epoch 445/800 | Total: 1.960 Edge: 0.398 Con: 0.174 Cls: 1.387 | Val F1: 0.3789 | 0.8s
  Epoch 450/800 | Total: 1.962 Edge: 0.381 Con: 0.176 Cls: 1.405 | Val F1: 0.3769 | 0.8s
  Epoch 455/800 | Total: 1.936 Edge: 0.379 Con: 0.176 Cls: 1.382 | Val F1: 0.3925 | 0.8s
  Epoch 460/800 | Total: 1.929 Edge: 0.380 Con: 0.176 Cls: 1.374 | Val F1: 0.3850 | 0.8s
  Epoch 465/800 | Total: 1.941 Edge: 0.382 Con: 0.175 Cls: 1.384 | Val F1: 0.3898 | 0.8s
  Epoch 470/800 | Total: 1.923 Edge: 0.378 Con: 0.175 Cls: 1.370 | Val F1: 0.3975 | 0.8s
  Epoch 475/800 | Total: 1.980 Edge: 0.382 Con: 0.175 Cls: 1.424 | Val F1: 0.3876 | 0.8s
  Epoch 480/800 | Total: 1.948 Edge: 0.382 Con: 0.175 Cls: 1.390 | Val F1: 0.4004 | 0.8s
  Epoch 485/800 | Total: 1.946 Edge: 0.377 Con: 0.175 Cls: 1.394 | Val F1: 0.3889 | 0.8s
  Epoch 490/800 | Total: 1.943 Edge: 0.378 Con: 0.176 Cls: 1.388 | Val F1: 0.3902 | 0.8s
  Epoch 495/800 | Total: 1.922 Edge: 0.377 Con: 0.175 Cls: 1.370 | Val F1: 0.3997 | 0.8s
  Epoch 500/800 | Total: 1.941 Edge: 0.376 Con: 0.175 Cls: 1.391 | Val F1: 0.3827 | 0.8s
  Epoch 505/800 | Total: 1.938 Edge: 0.385 Con: 0.175 Cls: 1.377 | Val F1: 0.3920 | 0.8s
  Epoch 510/800 | Total: 1.911 Edge: 0.377 Con: 0.175 Cls: 1.359 | Val F1: 0.3924 | 0.8s
  Early stopping at epoch 510
  Best Val F1: 0.4023 | Test F1: 0.3944
  Total training time: 541.8s (9.0 min) over 510 epochs

======================================================================
  Val  Macro-F1: 0.4023
  Test Macro-F1: 0.3944
  Test Accuracy: 0.6428
  Time: 544.1s
======================================================================

  Results saved to: results/MATE_ogbn-arxiv_MCAR_0.4_20260724_072708
