/home/erfan/MATE/venv/lib/python3.13/site-packages/outdated/__init__.py:36: UserWarning: pkg_resources is deprecated as an API. See https://setuptools.pypa.io/en/latest/pkg_resources.html. The pkg_resources package is slated for removal as early as 2025-11-30. Refrain from using this package or pin to Setuptools<81.
  from pkg_resources import parse_version
/home/erfan/MATE/ogbn_benchmarks/data_loader.py:96: UserWarning: Sparse invariant checks are implicitly disabled. Memory errors (e.g. SEGFAULT) will occur when operating on a sparse tensor which violates the invariants, but checks incur performance overhead. To silence this warning, explicitly opt in or out. See `torch.sparse.check_sparse_tensor_invariants.__doc__` for guidance.  (Triggered internally at /pytorch/aten/src/ATen/Context.cpp:760.)
  adj = torch.sparse_coo_tensor(edge_index, vals, (num_nodes, num_nodes)).coalesce()
======================================================================
  FP | ogbn-arxiv | MCAR @ 90% | lr=0.001
======================================================================
[1/3] Loading ogbn-arxiv...
  169,343 nodes | 128 dims | 40 classes
[2/3] Simulating MCAR missingness...
Simulating MCAR missingness at 90% rate...
  MCAR: Uniform random selection
  Observable: 16,935 (10.0%)
  Masked: 152,408 (90.0%)
  Observable: 16,935 | Val: 76,204 | Test: 76,204
[3/3] Running FP...
  Feature propagation (40 iterations)...
    Propagation done in 0.4s
  Training classifier for up to 800 epochs (patience=20)...
  Epoch 5/800 | Loss: 1.8081 | Val F1: 0.1758 | 0.1s
  Epoch 10/800 | Loss: 1.5551 | Val F1: 0.2275 | 0.1s
  Epoch 15/800 | Loss: 1.4510 | Val F1: 0.2556 | 0.1s
  Epoch 20/800 | Loss: 1.3985 | Val F1: 0.2601 | 0.1s
  Epoch 25/800 | Loss: 1.3702 | Val F1: 0.2913 | 0.1s
  Epoch 30/800 | Loss: 1.3369 | Val F1: 0.2859 | 0.1s
  Epoch 35/800 | Loss: 1.3433 | Val F1: 0.3068 | 0.1s
  Epoch 40/800 | Loss: 1.3081 | Val F1: 0.3108 | 0.1s
  Epoch 45/800 | Loss: 1.2822 | Val F1: 0.2973 | 0.1s
  Epoch 50/800 | Loss: 1.2788 | Val F1: 0.3177 | 0.1s
  Epoch 55/800 | Loss: 1.2488 | Val F1: 0.3318 | 0.1s
  Epoch 60/800 | Loss: 1.2499 | Val F1: 0.3160 | 0.1s
  Epoch 65/800 | Loss: 1.2291 | Val F1: 0.3208 | 0.1s
  Epoch 70/800 | Loss: 1.2237 | Val F1: 0.3233 | 0.1s
  Epoch 75/800 | Loss: 1.2114 | Val F1: 0.3286 | 0.1s
  Epoch 80/800 | Loss: 1.2372 | Val F1: 0.3367 | 0.1s
  Epoch 85/800 | Loss: 1.2085 | Val F1: 0.3334 | 0.1s
  Epoch 90/800 | Loss: 1.2074 | Val F1: 0.3316 | 0.1s
  Epoch 95/800 | Loss: 1.1983 | Val F1: 0.3271 | 0.1s
  Epoch 100/800 | Loss: 1.1893 | Val F1: 0.3293 | 0.2s
  Epoch 105/800 | Loss: 1.1849 | Val F1: 0.3390 | 0.1s
  Epoch 110/800 | Loss: 1.2020 | Val F1: 0.3579 | 0.2s
  Epoch 115/800 | Loss: 1.1825 | Val F1: 0.3459 | 0.1s
  Epoch 120/800 | Loss: 1.1945 | Val F1: 0.3509 | 0.1s
  Epoch 125/800 | Loss: 1.1658 | Val F1: 0.3479 | 0.1s
  Epoch 130/800 | Loss: 1.1548 | Val F1: 0.3529 | 0.1s
  Epoch 135/800 | Loss: 1.1577 | Val F1: 0.3461 | 0.1s
  Epoch 140/800 | Loss: 1.1635 | Val F1: 0.3500 | 0.1s
  Epoch 145/800 | Loss: 1.1532 | Val F1: 0.3518 | 0.1s
  Epoch 150/800 | Loss: 1.1495 | Val F1: 0.3564 | 0.1s
  Epoch 155/800 | Loss: 1.1565 | Val F1: 0.3550 | 0.1s
  Epoch 160/800 | Loss: 1.1580 | Val F1: 0.3503 | 0.1s
  Epoch 165/800 | Loss: 1.1526 | Val F1: 0.3568 | 0.1s
  Epoch 170/800 | Loss: 1.1599 | Val F1: 0.3425 | 0.1s
  Epoch 175/800 | Loss: 1.1375 | Val F1: 0.3486 | 0.1s
  Epoch 180/800 | Loss: 1.1406 | Val F1: 0.3425 | 0.2s
  Epoch 185/800 | Loss: 1.1215 | Val F1: 0.3513 | 0.1s
  Epoch 190/800 | Loss: 1.1428 | Val F1: 0.3500 | 0.1s
  Epoch 195/800 | Loss: 1.1363 | Val F1: 0.3573 | 0.1s
  Epoch 200/800 | Loss: 1.1285 | Val F1: 0.3440 | 0.1s
  Epoch 205/800 | Loss: 1.1167 | Val F1: 0.3561 | 0.1s
  Epoch 210/800 | Loss: 1.1264 | Val F1: 0.3545 | 0.1s
  Early stopping at epoch 210
  Best Val F1: 0.3579 | Test F1: 0.3542
  Total training time: 49.7s (0.8 min)

======================================================================
  Val  Macro-F1: 0.3579
  Test Macro-F1: 0.3542
  Test Accuracy: 0.6209
  Time: 50.5s
======================================================================

  Results saved to: results/FP_ogbn-arxiv_MCAR_0.9_20260724_091809
