/home/erfan/MATE/venv/lib/python3.13/site-packages/outdated/__init__.py:36: UserWarning: pkg_resources is deprecated as an API. See https://setuptools.pypa.io/en/latest/pkg_resources.html. The pkg_resources package is slated for removal as early as 2025-11-30. Refrain from using this package or pin to Setuptools<81.
  from pkg_resources import parse_version
/home/erfan/MATE/ogbn_benchmarks/data_loader.py:96: UserWarning: Sparse invariant checks are implicitly disabled. Memory errors (e.g. SEGFAULT) will occur when operating on a sparse tensor which violates the invariants, but checks incur performance overhead. To silence this warning, explicitly opt in or out. See `torch.sparse.check_sparse_tensor_invariants.__doc__` for guidance.  (Triggered internally at /pytorch/aten/src/ATen/Context.cpp:760.)
  adj = torch.sparse_coo_tensor(edge_index, vals, (num_nodes, num_nodes)).coalesce()
======================================================================
  NESS | ogbn-arxiv | MCAR @ 95% | lr=0.001
======================================================================
[1/3] Loading ogbn-arxiv...
  169,343 nodes | 128 dims | 40 classes
[2/3] Simulating MCAR missingness...
Simulating MCAR missingness at 95% rate...
  MCAR: Uniform random selection
  Observable: 8,468 (5.0%)
  Masked: 160,875 (95.0%)
  Observable: 8,468 | Val: 80,437 | Test: 80,438
[3/3] Running NESS...
  Prefilling missing nodes via Feature Propagation (40 iters)...
  Partitioning graph into 20 clusters (cache_device=cpu)...
  Cached 20 clusters
  Training NESS for up to 800 epochs (patience=20)...
  Epoch 1/800 | Total: 11.459 Edge: 0.686 Con: 0.523 Cls: 3.504 | 1.2s
  Epoch 2/800 | Total: 10.093 Edge: 0.634 Con: 0.411 Cls: 3.084 | 0.8s
  Epoch 3/800 | Total: 9.852 Edge: 0.622 Con: 0.335 Cls: 3.021 | 0.8s
  Epoch 4/800 | Total: 9.572 Edge: 0.622 Con: 0.292 Cls: 2.935 | 0.8s
  Epoch 5/800 | Total: 9.265 Edge: 0.588 Con: 0.270 Cls: 2.847 | Val F1: 0.0278 | 0.8s
  Epoch 6/800 | Total: 8.847 Edge: 0.583 Con: 0.262 Cls: 2.711 | 0.8s
  Epoch 7/800 | Total: 8.354 Edge: 0.573 Con: 0.257 Cls: 2.551 | 0.8s
  Epoch 8/800 | Total: 8.130 Edge: 0.552 Con: 0.249 Cls: 2.485 | 0.8s
  Epoch 9/800 | Total: 7.902 Edge: 0.553 Con: 0.241 Cls: 2.410 | 0.8s
  Epoch 10/800 | Total: 7.873 Edge: 0.543 Con: 0.233 Cls: 2.404 | Val F1: 0.0881 | 0.8s
  Epoch 11/800 | Total: 7.393 Edge: 0.504 Con: 0.227 Cls: 2.258 | 0.8s
  Epoch 12/800 | Total: 7.146 Edge: 0.506 Con: 0.220 Cls: 2.177 | 0.8s
  Epoch 13/800 | Total: 7.349 Edge: 0.511 Con: 0.219 Cls: 2.243 | 0.8s
  Epoch 14/800 | Total: 7.563 Edge: 0.531 Con: 0.219 Cls: 2.307 | 0.8s
  Epoch 15/800 | Total: 7.488 Edge: 0.516 Con: 0.212 Cls: 2.289 | Val F1: 0.0994 | 0.8s
  Epoch 16/800 | Total: 7.330 Edge: 0.491 Con: 0.207 Cls: 2.245 | 0.8s
  Epoch 17/800 | Total: 7.003 Edge: 0.495 Con: 0.203 Cls: 2.136 | 0.8s
  Epoch 18/800 | Total: 6.848 Edge: 0.485 Con: 0.198 Cls: 2.088 | 0.8s
  Epoch 19/800 | Total: 6.582 Edge: 0.475 Con: 0.197 Cls: 2.003 | 0.8s
  Epoch 20/800 | Total: 6.578 Edge: 0.479 Con: 0.195 Cls: 2.001 | Val F1: 0.1286 | 0.8s
  Epoch 21/800 | Total: 6.445 Edge: 0.470 Con: 0.193 Cls: 1.959 | 0.8s
  Epoch 22/800 | Total: 6.567 Edge: 0.484 Con: 0.186 Cls: 1.997 | 0.8s
  Epoch 23/800 | Total: 6.552 Edge: 0.478 Con: 0.188 Cls: 1.993 | 0.8s
  Epoch 24/800 | Total: 6.500 Edge: 0.463 Con: 0.187 Cls: 1.981 | 0.8s
  Epoch 25/800 | Total: 6.673 Edge: 0.479 Con: 0.193 Cls: 2.033 | Val F1: 0.1308 | 0.8s
  Epoch 26/800 | Total: 6.445 Edge: 0.473 Con: 0.185 Cls: 1.960 | 0.8s
  Epoch 27/800 | Total: 6.400 Edge: 0.469 Con: 0.187 Cls: 1.946 | 0.8s
  Epoch 28/800 | Total: 6.829 Edge: 0.474 Con: 0.187 Cls: 2.087 | 0.8s
  Epoch 29/800 | Total: 6.294 Edge: 0.466 Con: 0.186 Cls: 1.912 | 0.8s
  Epoch 30/800 | Total: 6.200 Edge: 0.461 Con: 0.180 Cls: 1.883 | Val F1: 0.1350 | 0.8s
  Epoch 31/800 | Total: 5.970 Edge: 0.465 Con: 0.178 Cls: 1.805 | 0.8s
  Epoch 32/800 | Total: 5.856 Edge: 0.445 Con: 0.173 Cls: 1.775 | 0.8s
  Epoch 33/800 | Total: 5.875 Edge: 0.438 Con: 0.176 Cls: 1.783 | 0.8s
  Epoch 34/800 | Total: 6.044 Edge: 0.442 Con: 0.179 Cls: 1.837 | 0.8s
  Epoch 35/800 | Total: 5.995 Edge: 0.451 Con: 0.174 Cls: 1.819 | Val F1: 0.1689 | 0.8s
  Epoch 36/800 | Total: 5.816 Edge: 0.438 Con: 0.173 Cls: 1.764 | 0.8s
  Epoch 37/800 | Total: 5.807 Edge: 0.439 Con: 0.176 Cls: 1.760 | 0.8s
  Epoch 38/800 | Total: 5.958 Edge: 0.478 Con: 0.178 Cls: 1.797 | 0.8s
  Epoch 39/800 | Total: 5.792 Edge: 0.454 Con: 0.174 Cls: 1.750 | 0.8s
  Epoch 40/800 | Total: 5.833 Edge: 0.453 Con: 0.174 Cls: 1.764 | Val F1: 0.1625 | 0.8s
  Epoch 41/800 | Total: 5.783 Edge: 0.434 Con: 0.174 Cls: 1.754 | 0.8s
  Epoch 42/800 | Total: 5.844 Edge: 0.432 Con: 0.174 Cls: 1.775 | 0.8s
  Epoch 43/800 | Total: 5.593 Edge: 0.427 Con: 0.174 Cls: 1.693 | 0.8s
  Epoch 44/800 | Total: 5.702 Edge: 0.427 Con: 0.173 Cls: 1.729 | 0.8s
  Epoch 45/800 | Total: 5.631 Edge: 0.428 Con: 0.171 Cls: 1.706 | Val F1: 0.1810 | 0.9s
  Epoch 46/800 | Total: 5.464 Edge: 0.427 Con: 0.170 Cls: 1.651 | 0.8s
  Epoch 47/800 | Total: 5.542 Edge: 0.420 Con: 0.173 Cls: 1.679 | 0.8s
  Epoch 48/800 | Total: 5.584 Edge: 0.419 Con: 0.171 Cls: 1.693 | 0.9s
  Epoch 49/800 | Total: 5.515 Edge: 0.419 Con: 0.170 Cls: 1.670 | 0.8s
  Epoch 50/800 | Total: 5.348 Edge: 0.413 Con: 0.170 Cls: 1.617 | Val F1: 0.1968 | 0.8s
  Epoch 51/800 | Total: 5.284 Edge: 0.413 Con: 0.172 Cls: 1.595 | 0.8s
  Epoch 52/800 | Total: 5.573 Edge: 0.413 Con: 0.173 Cls: 1.691 | 0.8s
  Epoch 53/800 | Total: 6.247 Edge: 0.424 Con: 0.173 Cls: 1.912 | 0.8s
  Epoch 54/800 | Total: 5.402 Edge: 0.426 Con: 0.166 Cls: 1.631 | 0.8s
  Epoch 55/800 | Total: 5.379 Edge: 0.419 Con: 0.165 Cls: 1.626 | Val F1: 0.1959 | 0.8s
  Epoch 56/800 | Total: 5.338 Edge: 0.444 Con: 0.173 Cls: 1.602 | 0.8s
  Epoch 57/800 | Total: 5.291 Edge: 0.426 Con: 0.168 Cls: 1.594 | 0.8s
  Epoch 58/800 | Total: 5.190 Edge: 0.410 Con: 0.166 Cls: 1.566 | 0.8s
  Epoch 59/800 | Total: 5.129 Edge: 0.404 Con: 0.167 Cls: 1.547 | 0.8s
  Epoch 60/800 | Total: 5.341 Edge: 0.413 Con: 0.169 Cls: 1.614 | Val F1: 0.2115 | 0.8s
  Epoch 61/800 | Total: 5.400 Edge: 0.429 Con: 0.168 Cls: 1.629 | 0.8s
  Epoch 62/800 | Total: 5.203 Edge: 0.413 Con: 0.168 Cls: 1.569 | 0.8s
  Epoch 63/800 | Total: 5.319 Edge: 0.405 Con: 0.167 Cls: 1.610 | 0.8s
  Epoch 64/800 | Total: 5.196 Edge: 0.402 Con: 0.166 Cls: 1.570 | 0.8s
  Epoch 65/800 | Total: 5.105 Edge: 0.403 Con: 0.164 Cls: 1.540 | Val F1: 0.2121 | 0.8s
  Epoch 66/800 | Total: 5.446 Edge: 0.424 Con: 0.169 Cls: 1.646 | 0.8s
  Epoch 67/800 | Total: 5.385 Edge: 0.423 Con: 0.166 Cls: 1.626 | 0.8s
  Epoch 68/800 | Total: 5.088 Edge: 0.412 Con: 0.163 Cls: 1.531 | 0.8s
  Epoch 69/800 | Total: 5.188 Edge: 0.414 Con: 0.167 Cls: 1.564 | 0.8s
  Epoch 70/800 | Total: 5.050 Edge: 0.399 Con: 0.165 Cls: 1.523 | Val F1: 0.2143 | 0.8s
  Epoch 71/800 | Total: 5.072 Edge: 0.388 Con: 0.164 Cls: 1.534 | 0.8s
  Epoch 72/800 | Total: 5.348 Edge: 0.396 Con: 0.167 Cls: 1.623 | 0.8s
  Epoch 73/800 | Total: 5.215 Edge: 0.390 Con: 0.159 Cls: 1.582 | 0.8s
  Epoch 74/800 | Total: 5.103 Edge: 0.388 Con: 0.162 Cls: 1.545 | 0.8s
  Epoch 75/800 | Total: 5.056 Edge: 0.396 Con: 0.163 Cls: 1.526 | Val F1: 0.1948 | 0.8s
  Epoch 76/800 | Total: 5.256 Edge: 0.404 Con: 0.166 Cls: 1.590 | 0.8s
  Epoch 77/800 | Total: 5.127 Edge: 0.399 Con: 0.161 Cls: 1.549 | 0.8s
  Epoch 78/800 | Total: 4.909 Edge: 0.402 Con: 0.165 Cls: 1.475 | 0.8s
  Epoch 79/800 | Total: 4.924 Edge: 0.401 Con: 0.162 Cls: 1.481 | 0.9s
  Epoch 80/800 | Total: 4.841 Edge: 0.387 Con: 0.166 Cls: 1.457 | Val F1: 0.2562 | 0.8s
  Epoch 81/800 | Total: 4.829 Edge: 0.383 Con: 0.164 Cls: 1.455 | 0.8s
  Epoch 82/800 | Total: 4.782 Edge: 0.384 Con: 0.161 Cls: 1.439 | 0.9s
  Epoch 83/800 | Total: 4.761 Edge: 0.381 Con: 0.164 Cls: 1.433 | 0.9s
  Epoch 84/800 | Total: 4.907 Edge: 0.381 Con: 0.161 Cls: 1.482 | 0.8s
  Epoch 85/800 | Total: 4.856 Edge: 0.384 Con: 0.159 Cls: 1.464 | Val F1: 0.2299 | 0.8s
  Epoch 86/800 | Total: 4.818 Edge: 0.380 Con: 0.160 Cls: 1.453 | 0.8s
  Epoch 87/800 | Total: 4.683 Edge: 0.377 Con: 0.162 Cls: 1.409 | 0.8s
  Epoch 88/800 | Total: 4.781 Edge: 0.374 Con: 0.164 Cls: 1.442 | 0.8s
  Epoch 89/800 | Total: 4.793 Edge: 0.379 Con: 0.162 Cls: 1.444 | 0.8s
  Epoch 90/800 | Total: 4.887 Edge: 0.388 Con: 0.163 Cls: 1.473 | Val F1: 0.2424 | 0.8s
  Epoch 91/800 | Total: 4.854 Edge: 0.383 Con: 0.163 Cls: 1.463 | 0.8s
  Epoch 92/800 | Total: 4.873 Edge: 0.380 Con: 0.158 Cls: 1.471 | 0.8s
  Epoch 93/800 | Total: 4.886 Edge: 0.381 Con: 0.160 Cls: 1.475 | 0.8s
  Epoch 94/800 | Total: 5.093 Edge: 0.392 Con: 0.164 Cls: 1.540 | 0.8s
  Epoch 95/800 | Total: 4.703 Edge: 0.386 Con: 0.160 Cls: 1.412 | Val F1: 0.2545 | 0.8s
  Epoch 96/800 | Total: 4.674 Edge: 0.388 Con: 0.160 Cls: 1.402 | 0.8s
  Epoch 97/800 | Total: 4.667 Edge: 0.376 Con: 0.160 Cls: 1.404 | 0.8s
  Epoch 98/800 | Total: 4.621 Edge: 0.369 Con: 0.160 Cls: 1.391 | 0.8s
  Epoch 99/800 | Total: 4.692 Edge: 0.372 Con: 0.159 Cls: 1.414 | 0.8s
  Epoch 100/800 | Total: 4.693 Edge: 0.369 Con: 0.159 Cls: 1.415 | Val F1: 0.2662 | 0.8s
  Epoch 101/800 | Total: 4.909 Edge: 0.371 Con: 0.159 Cls: 1.486 | 0.8s
  Epoch 102/800 | Total: 4.678 Edge: 0.377 Con: 0.162 Cls: 1.407 | 0.8s
  Epoch 103/800 | Total: 4.619 Edge: 0.377 Con: 0.157 Cls: 1.388 | 0.9s
  Epoch 104/800 | Total: 4.677 Edge: 0.377 Con: 0.161 Cls: 1.406 | 0.8s
  Epoch 105/800 | Total: 4.822 Edge: 0.379 Con: 0.158 Cls: 1.455 | Val F1: 0.2575 | 0.8s
  Epoch 106/800 | Total: 4.678 Edge: 0.388 Con: 0.155 Cls: 1.404 | 0.8s
  Epoch 107/800 | Total: 4.518 Edge: 0.377 Con: 0.157 Cls: 1.354 | 0.8s
  Epoch 108/800 | Total: 4.625 Edge: 0.377 Con: 0.159 Cls: 1.389 | 0.8s
  Epoch 109/800 | Total: 4.631 Edge: 0.370 Con: 0.155 Cls: 1.394 | 0.8s
  Epoch 110/800 | Total: 4.632 Edge: 0.376 Con: 0.158 Cls: 1.392 | Val F1: 0.2722 | 0.8s
  Epoch 111/800 | Total: 4.530 Edge: 0.371 Con: 0.158 Cls: 1.360 | 0.8s
  Epoch 112/800 | Total: 4.572 Edge: 0.372 Con: 0.158 Cls: 1.374 | 0.8s
  Epoch 113/800 | Total: 4.583 Edge: 0.369 Con: 0.156 Cls: 1.379 | 0.8s
  Epoch 114/800 | Total: 4.486 Edge: 0.364 Con: 0.155 Cls: 1.348 | 0.8s
  Epoch 115/800 | Total: 4.487 Edge: 0.361 Con: 0.156 Cls: 1.349 | Val F1: 0.2720 | 0.8s
  Epoch 116/800 | Total: 4.477 Edge: 0.362 Con: 0.156 Cls: 1.345 | 0.9s
  Epoch 117/800 | Total: 4.474 Edge: 0.365 Con: 0.157 Cls: 1.343 | 0.8s
  Epoch 118/800 | Total: 4.393 Edge: 0.361 Con: 0.156 Cls: 1.318 | 0.8s
  Epoch 119/800 | Total: 4.516 Edge: 0.364 Con: 0.156 Cls: 1.358 | 0.9s
  Epoch 120/800 | Total: 4.596 Edge: 0.363 Con: 0.153 Cls: 1.385 | Val F1: 0.2724 | 0.8s
  Epoch 121/800 | Total: 4.536 Edge: 0.364 Con: 0.156 Cls: 1.365 | 0.8s
  Epoch 122/800 | Total: 4.392 Edge: 0.369 Con: 0.155 Cls: 1.315 | 0.8s
  Epoch 123/800 | Total: 4.406 Edge: 0.368 Con: 0.154 Cls: 1.320 | 0.8s
  Epoch 124/800 | Total: 4.599 Edge: 0.380 Con: 0.157 Cls: 1.380 | 0.8s
  Epoch 125/800 | Total: 4.482 Edge: 0.373 Con: 0.156 Cls: 1.344 | Val F1: 0.2767 | 0.8s
  Epoch 126/800 | Total: 4.470 Edge: 0.368 Con: 0.153 Cls: 1.342 | 0.8s
  Epoch 127/800 | Total: 4.616 Edge: 0.368 Con: 0.159 Cls: 1.390 | 0.8s
  Epoch 128/800 | Total: 4.872 Edge: 0.385 Con: 0.156 Cls: 1.470 | 0.8s
  Epoch 129/800 | Total: 4.705 Edge: 0.387 Con: 0.159 Cls: 1.413 | 0.8s
  Epoch 130/800 | Total: 4.619 Edge: 0.385 Con: 0.156 Cls: 1.385 | Val F1: 0.2782 | 0.8s
  Epoch 131/800 | Total: 4.476 Edge: 0.371 Con: 0.154 Cls: 1.343 | 0.8s
  Epoch 132/800 | Total: 4.452 Edge: 0.363 Con: 0.153 Cls: 1.337 | 0.8s
  Epoch 133/800 | Total: 4.349 Edge: 0.369 Con: 0.154 Cls: 1.301 | 0.8s
  Epoch 134/800 | Total: 4.315 Edge: 0.359 Con: 0.153 Cls: 1.293 | 0.8s
  Epoch 135/800 | Total: 4.269 Edge: 0.358 Con: 0.153 Cls: 1.278 | Val F1: 0.2899 | 0.8s
  Epoch 136/800 | Total: 4.314 Edge: 0.356 Con: 0.156 Cls: 1.293 | 0.8s
  Epoch 137/800 | Total: 4.388 Edge: 0.359 Con: 0.155 Cls: 1.317 | 0.8s
  Epoch 138/800 | Total: 4.320 Edge: 0.355 Con: 0.156 Cls: 1.296 | 0.8s
  Epoch 139/800 | Total: 4.280 Edge: 0.353 Con: 0.155 Cls: 1.283 | 0.8s
  Epoch 140/800 | Total: 4.321 Edge: 0.350 Con: 0.151 Cls: 1.299 | Val F1: 0.2978 | 0.8s
  Epoch 141/800 | Total: 4.333 Edge: 0.353 Con: 0.155 Cls: 1.301 | 0.8s
  Epoch 142/800 | Total: 4.259 Edge: 0.349 Con: 0.156 Cls: 1.277 | 0.8s
  Epoch 143/800 | Total: 4.548 Edge: 0.361 Con: 0.156 Cls: 1.370 | 0.8s
  Epoch 144/800 | Total: 4.599 Edge: 0.380 Con: 0.158 Cls: 1.380 | 0.8s
  Epoch 145/800 | Total: 4.484 Edge: 0.378 Con: 0.153 Cls: 1.343 | Val F1: 0.2833 | 0.8s
  Epoch 146/800 | Total: 4.402 Edge: 0.386 Con: 0.155 Cls: 1.313 | 0.8s
  Epoch 147/800 | Total: 4.497 Edge: 0.378 Con: 0.156 Cls: 1.347 | 0.8s
  Epoch 148/800 | Total: 4.907 Edge: 0.395 Con: 0.157 Cls: 1.478 | 0.8s
  Epoch 149/800 | Total: 4.685 Edge: 0.383 Con: 0.158 Cls: 1.408 | 0.8s
  Epoch 150/800 | Total: 4.306 Edge: 0.365 Con: 0.154 Cls: 1.288 | Val F1: 0.2671 | 0.8s
  Epoch 151/800 | Total: 4.381 Edge: 0.358 Con: 0.155 Cls: 1.315 | 0.8s
  Epoch 152/800 | Total: 4.448 Edge: 0.360 Con: 0.155 Cls: 1.337 | 0.8s
  Epoch 153/800 | Total: 4.300 Edge: 0.358 Con: 0.158 Cls: 1.288 | 0.8s
  Epoch 154/800 | Total: 4.195 Edge: 0.353 Con: 0.154 Cls: 1.255 | 0.8s
  Epoch 155/800 | Total: 4.224 Edge: 0.352 Con: 0.152 Cls: 1.265 | Val F1: 0.2967 | 0.8s
  Epoch 156/800 | Total: 4.141 Edge: 0.350 Con: 0.154 Cls: 1.238 | 0.8s
  Epoch 157/800 | Total: 4.273 Edge: 0.354 Con: 0.153 Cls: 1.281 | 0.8s
  Epoch 158/800 | Total: 4.158 Edge: 0.363 Con: 0.155 Cls: 1.239 | 0.8s
  Epoch 159/800 | Total: 4.263 Edge: 0.376 Con: 0.154 Cls: 1.270 | 0.8s
  Epoch 160/800 | Total: 4.389 Edge: 0.375 Con: 0.154 Cls: 1.312 | Val F1: 0.2994 | 0.8s
  Epoch 161/800 | Total: 4.512 Edge: 0.369 Con: 0.154 Cls: 1.356 | 0.8s
  Epoch 162/800 | Total: 4.428 Edge: 0.378 Con: 0.156 Cls: 1.324 | 0.8s
  Epoch 163/800 | Total: 4.482 Edge: 0.378 Con: 0.156 Cls: 1.342 | 0.8s
  Epoch 164/800 | Total: 4.308 Edge: 0.372 Con: 0.152 Cls: 1.287 | 0.8s
  Epoch 165/800 | Total: 4.185 Edge: 0.365 Con: 0.152 Cls: 1.248 | Val F1: 0.3119 | 0.8s
  Epoch 166/800 | Total: 4.194 Edge: 0.359 Con: 0.152 Cls: 1.253 | 0.8s
  Epoch 167/800 | Total: 4.273 Edge: 0.352 Con: 0.153 Cls: 1.281 | 0.8s
  Epoch 168/800 | Total: 4.221 Edge: 0.349 Con: 0.152 Cls: 1.265 | 0.8s
  Epoch 169/800 | Total: 4.204 Edge: 0.353 Con: 0.152 Cls: 1.258 | 0.8s
  Epoch 170/800 | Total: 4.223 Edge: 0.352 Con: 0.153 Cls: 1.265 | Val F1: 0.3129 | 0.8s
  Epoch 171/800 | Total: 4.153 Edge: 0.347 Con: 0.154 Cls: 1.243 | 0.8s
  Epoch 172/800 | Total: 4.190 Edge: 0.348 Con: 0.153 Cls: 1.255 | 0.8s
  Epoch 173/800 | Total: 4.227 Edge: 0.353 Con: 0.151 Cls: 1.266 | 0.8s
  Epoch 174/800 | Total: 4.158 Edge: 0.356 Con: 0.153 Cls: 1.242 | 0.8s
  Epoch 175/800 | Total: 4.256 Edge: 0.364 Con: 0.153 Cls: 1.272 | Val F1: 0.2756 | 0.8s
  Epoch 176/800 | Total: 4.161 Edge: 0.364 Con: 0.155 Cls: 1.240 | 0.8s
  Epoch 177/800 | Total: 4.095 Edge: 0.367 Con: 0.149 Cls: 1.218 | 0.8s
  Epoch 178/800 | Total: 4.151 Edge: 0.356 Con: 0.153 Cls: 1.240 | 0.8s
  Epoch 179/800 | Total: 4.229 Edge: 0.358 Con: 0.153 Cls: 1.265 | 0.8s
  Epoch 180/800 | Total: 4.089 Edge: 0.349 Con: 0.153 Cls: 1.221 | Val F1: 0.3020 | 0.8s
  Epoch 181/800 | Total: 4.035 Edge: 0.353 Con: 0.152 Cls: 1.202 | 0.8s
  Epoch 182/800 | Total: 4.093 Edge: 0.345 Con: 0.155 Cls: 1.223 | 0.8s
  Epoch 183/800 | Total: 4.096 Edge: 0.346 Con: 0.152 Cls: 1.225 | 0.8s
  Epoch 184/800 | Total: 4.106 Edge: 0.343 Con: 0.152 Cls: 1.229 | 0.8s
  Epoch 185/800 | Total: 3.967 Edge: 0.340 Con: 0.151 Cls: 1.184 | Val F1: 0.3239 | 0.8s
  Epoch 186/800 | Total: 3.987 Edge: 0.341 Con: 0.153 Cls: 1.190 | 0.8s
  Epoch 187/800 | Total: 4.057 Edge: 0.347 Con: 0.152 Cls: 1.211 | 0.8s
  Epoch 188/800 | Total: 4.016 Edge: 0.343 Con: 0.152 Cls: 1.199 | 0.8s
  Epoch 189/800 | Total: 4.051 Edge: 0.341 Con: 0.153 Cls: 1.211 | 0.8s
  Epoch 190/800 | Total: 4.185 Edge: 0.350 Con: 0.152 Cls: 1.253 | Val F1: 0.2933 | 0.8s
  Epoch 191/800 | Total: 4.172 Edge: 0.346 Con: 0.152 Cls: 1.250 | 0.8s
  Epoch 192/800 | Total: 4.080 Edge: 0.342 Con: 0.154 Cls: 1.220 | 0.8s
  Epoch 193/800 | Total: 3.988 Edge: 0.340 Con: 0.152 Cls: 1.191 | 0.8s
  Epoch 194/800 | Total: 4.011 Edge: 0.340 Con: 0.151 Cls: 1.198 | 0.8s
  Epoch 195/800 | Total: 3.963 Edge: 0.340 Con: 0.151 Cls: 1.182 | Val F1: 0.2974 | 0.8s
  Epoch 196/800 | Total: 4.154 Edge: 0.347 Con: 0.154 Cls: 1.243 | 0.8s
  Epoch 197/800 | Total: 4.014 Edge: 0.346 Con: 0.152 Cls: 1.198 | 0.8s
  Epoch 198/800 | Total: 3.968 Edge: 0.343 Con: 0.154 Cls: 1.183 | 0.8s
  Epoch 199/800 | Total: 4.050 Edge: 0.341 Con: 0.151 Cls: 1.211 | 0.8s
  Epoch 200/800 | Total: 3.991 Edge: 0.338 Con: 0.151 Cls: 1.193 | Val F1: 0.3198 | 0.8s
  Epoch 201/800 | Total: 3.992 Edge: 0.343 Con: 0.154 Cls: 1.190 | 0.8s
  Epoch 202/800 | Total: 3.973 Edge: 0.347 Con: 0.151 Cls: 1.183 | 0.8s
  Epoch 203/800 | Total: 4.110 Edge: 0.359 Con: 0.153 Cls: 1.225 | 0.8s
  Epoch 204/800 | Total: 4.323 Edge: 0.351 Con: 0.150 Cls: 1.299 | 0.8s
  Epoch 205/800 | Total: 4.212 Edge: 0.357 Con: 0.153 Cls: 1.260 | Val F1: 0.3232 | 0.8s
  Epoch 206/800 | Total: 4.131 Edge: 0.356 Con: 0.158 Cls: 1.232 | 0.8s
  Epoch 207/800 | Total: 4.141 Edge: 0.341 Con: 0.152 Cls: 1.241 | 0.8s
  Epoch 208/800 | Total: 3.990 Edge: 0.341 Con: 0.154 Cls: 1.191 | 0.8s
  Epoch 209/800 | Total: 3.998 Edge: 0.344 Con: 0.152 Cls: 1.192 | 0.8s
  Epoch 210/800 | Total: 4.310 Edge: 0.370 Con: 0.156 Cls: 1.287 | Val F1: 0.2991 | 0.8s
  Epoch 211/800 | Total: 4.197 Edge: 0.382 Con: 0.153 Cls: 1.246 | 0.8s
  Epoch 212/800 | Total: 4.065 Edge: 0.364 Con: 0.153 Cls: 1.208 | 0.8s
  Epoch 213/800 | Total: 4.281 Edge: 0.350 Con: 0.154 Cls: 1.285 | 0.8s
  Epoch 214/800 | Total: 4.049 Edge: 0.349 Con: 0.151 Cls: 1.208 | 0.8s
  Epoch 215/800 | Total: 4.023 Edge: 0.345 Con: 0.152 Cls: 1.200 | Val F1: 0.3067 | 0.8s
  Epoch 216/800 | Total: 3.984 Edge: 0.343 Con: 0.152 Cls: 1.188 | 0.8s
  Epoch 217/800 | Total: 3.995 Edge: 0.344 Con: 0.152 Cls: 1.192 | 0.8s
  Epoch 218/800 | Total: 3.892 Edge: 0.344 Con: 0.154 Cls: 1.157 | 0.8s
  Epoch 219/800 | Total: 3.980 Edge: 0.339 Con: 0.153 Cls: 1.188 | 0.8s
  Epoch 220/800 | Total: 4.015 Edge: 0.339 Con: 0.152 Cls: 1.200 | Val F1: 0.3221 | 0.8s
  Epoch 221/800 | Total: 3.947 Edge: 0.336 Con: 0.151 Cls: 1.178 | 0.8s
  Epoch 222/800 | Total: 3.965 Edge: 0.341 Con: 0.151 Cls: 1.183 | 0.8s
  Epoch 223/800 | Total: 3.977 Edge: 0.344 Con: 0.150 Cls: 1.186 | 0.8s
  Epoch 224/800 | Total: 3.864 Edge: 0.338 Con: 0.151 Cls: 1.150 | 0.8s
  Epoch 225/800 | Total: 3.863 Edge: 0.339 Con: 0.150 Cls: 1.150 | Val F1: 0.3227 | 0.8s
  Epoch 226/800 | Total: 4.025 Edge: 0.345 Con: 0.152 Cls: 1.201 | 0.8s
  Epoch 227/800 | Total: 3.975 Edge: 0.355 Con: 0.152 Cls: 1.181 | 0.8s
  Epoch 228/800 | Total: 4.021 Edge: 0.345 Con: 0.154 Cls: 1.200 | 0.8s
  Epoch 229/800 | Total: 3.989 Edge: 0.340 Con: 0.152 Cls: 1.191 | 0.8s
  Epoch 230/800 | Total: 3.946 Edge: 0.340 Con: 0.150 Cls: 1.177 | Val F1: 0.3189 | 0.8s
  Epoch 231/800 | Total: 3.895 Edge: 0.338 Con: 0.149 Cls: 1.161 | 0.8s
  Epoch 232/800 | Total: 4.066 Edge: 0.344 Con: 0.155 Cls: 1.215 | 0.8s
  Epoch 233/800 | Total: 4.065 Edge: 0.346 Con: 0.151 Cls: 1.215 | 0.8s
  Epoch 234/800 | Total: 4.076 Edge: 0.340 Con: 0.151 Cls: 1.220 | 0.8s
  Epoch 235/800 | Total: 3.882 Edge: 0.339 Con: 0.152 Cls: 1.155 | Val F1: 0.3102 | 0.8s
  Epoch 236/800 | Total: 4.038 Edge: 0.347 Con: 0.151 Cls: 1.205 | 0.8s
  Epoch 237/800 | Total: 3.985 Edge: 0.344 Con: 0.151 Cls: 1.188 | 0.8s
  Epoch 238/800 | Total: 3.816 Edge: 0.339 Con: 0.151 Cls: 1.134 | 0.8s
  Epoch 239/800 | Total: 3.775 Edge: 0.337 Con: 0.152 Cls: 1.121 | 0.8s
  Epoch 240/800 | Total: 3.806 Edge: 0.337 Con: 0.151 Cls: 1.131 | Val F1: 0.3162 | 0.8s
  Epoch 241/800 | Total: 3.858 Edge: 0.335 Con: 0.151 Cls: 1.149 | 0.8s
  Epoch 242/800 | Total: 3.923 Edge: 0.342 Con: 0.150 Cls: 1.169 | 0.8s
  Epoch 243/800 | Total: 3.874 Edge: 0.339 Con: 0.151 Cls: 1.153 | 0.8s
  Epoch 244/800 | Total: 3.925 Edge: 0.334 Con: 0.150 Cls: 1.172 | 0.8s
  Epoch 245/800 | Total: 3.977 Edge: 0.337 Con: 0.150 Cls: 1.188 | Val F1: 0.3149 | 0.8s
  Epoch 246/800 | Total: 3.836 Edge: 0.340 Con: 0.151 Cls: 1.140 | 0.8s
  Epoch 247/800 | Total: 3.875 Edge: 0.339 Con: 0.151 Cls: 1.154 | 0.8s
  Epoch 248/800 | Total: 3.783 Edge: 0.337 Con: 0.148 Cls: 1.124 | 0.8s
  Epoch 249/800 | Total: 3.843 Edge: 0.337 Con: 0.152 Cls: 1.143 | 0.8s
  Epoch 250/800 | Total: 3.918 Edge: 0.338 Con: 0.150 Cls: 1.168 | Val F1: 0.3318 | 0.8s
  Epoch 251/800 | Total: 3.904 Edge: 0.344 Con: 0.151 Cls: 1.162 | 0.8s
  Epoch 252/800 | Total: 3.897 Edge: 0.333 Con: 0.149 Cls: 1.163 | 0.8s
  Epoch 253/800 | Total: 3.938 Edge: 0.336 Con: 0.150 Cls: 1.176 | 0.8s
  Epoch 254/800 | Total: 3.819 Edge: 0.331 Con: 0.150 Cls: 1.138 | 0.8s
  Epoch 255/800 | Total: 3.908 Edge: 0.329 Con: 0.151 Cls: 1.168 | Val F1: 0.3218 | 0.8s
  Epoch 256/800 | Total: 4.310 Edge: 0.346 Con: 0.155 Cls: 1.296 | 0.8s
  Epoch 257/800 | Total: 4.140 Edge: 0.352 Con: 0.151 Cls: 1.237 | 0.8s
  Epoch 258/800 | Total: 3.788 Edge: 0.345 Con: 0.153 Cls: 1.122 | 0.8s
  Epoch 259/800 | Total: 3.845 Edge: 0.349 Con: 0.149 Cls: 1.141 | 0.8s
  Epoch 260/800 | Total: 3.808 Edge: 0.348 Con: 0.150 Cls: 1.128 | Val F1: 0.3206 | 0.8s
  Epoch 261/800 | Total: 3.848 Edge: 0.339 Con: 0.151 Cls: 1.144 | 0.8s
  Epoch 262/800 | Total: 3.839 Edge: 0.335 Con: 0.149 Cls: 1.143 | 0.8s
  Epoch 263/800 | Total: 3.802 Edge: 0.337 Con: 0.151 Cls: 1.130 | 0.8s
  Epoch 264/800 | Total: 3.743 Edge: 0.332 Con: 0.148 Cls: 1.112 | 0.8s
  Epoch 265/800 | Total: 3.791 Edge: 0.330 Con: 0.149 Cls: 1.129 | Val F1: 0.3258 | 0.8s
  Epoch 266/800 | Total: 3.752 Edge: 0.328 Con: 0.150 Cls: 1.116 | 0.8s
  Epoch 267/800 | Total: 3.717 Edge: 0.330 Con: 0.150 Cls: 1.104 | 0.8s
  Epoch 268/800 | Total: 3.710 Edge: 0.327 Con: 0.151 Cls: 1.103 | 0.8s
  Epoch 269/800 | Total: 3.641 Edge: 0.326 Con: 0.150 Cls: 1.080 | 0.8s
  Epoch 270/800 | Total: 3.724 Edge: 0.334 Con: 0.150 Cls: 1.105 | Val F1: 0.3103 | 0.8s
  Epoch 271/800 | Total: 3.724 Edge: 0.338 Con: 0.151 Cls: 1.104 | 0.8s
  Epoch 272/800 | Total: 3.662 Edge: 0.330 Con: 0.150 Cls: 1.085 | 0.8s
  Epoch 273/800 | Total: 3.748 Edge: 0.330 Con: 0.149 Cls: 1.114 | 0.8s
  Epoch 274/800 | Total: 3.682 Edge: 0.329 Con: 0.146 Cls: 1.093 | 0.8s
  Epoch 275/800 | Total: 3.649 Edge: 0.334 Con: 0.152 Cls: 1.080 | Val F1: 0.3292 | 0.8s
  Epoch 276/800 | Total: 3.747 Edge: 0.334 Con: 0.150 Cls: 1.113 | 0.8s
  Epoch 277/800 | Total: 3.993 Edge: 0.338 Con: 0.150 Cls: 1.193 | 0.8s
  Epoch 278/800 | Total: 3.953 Edge: 0.340 Con: 0.153 Cls: 1.179 | 0.8s
  Epoch 279/800 | Total: 4.227 Edge: 0.347 Con: 0.151 Cls: 1.268 | 0.8s
  Epoch 280/800 | Total: 3.973 Edge: 0.342 Con: 0.151 Cls: 1.185 | Val F1: 0.3162 | 0.8s
  Epoch 281/800 | Total: 3.803 Edge: 0.342 Con: 0.153 Cls: 1.128 | 0.8s
  Epoch 282/800 | Total: 3.790 Edge: 0.344 Con: 0.152 Cls: 1.123 | 0.8s
  Epoch 283/800 | Total: 3.737 Edge: 0.344 Con: 0.150 Cls: 1.106 | 0.8s
  Epoch 284/800 | Total: 4.109 Edge: 0.339 Con: 0.152 Cls: 1.231 | 0.8s
  Epoch 285/800 | Total: 3.927 Edge: 0.332 Con: 0.149 Cls: 1.173 | Val F1: 0.3100 | 0.8s
  Epoch 286/800 | Total: 3.959 Edge: 0.333 Con: 0.149 Cls: 1.183 | 0.8s
  Epoch 287/800 | Total: 3.822 Edge: 0.332 Con: 0.150 Cls: 1.139 | 0.8s
  Epoch 288/800 | Total: 3.680 Edge: 0.335 Con: 0.151 Cls: 1.090 | 0.8s
  Epoch 289/800 | Total: 3.623 Edge: 0.329 Con: 0.147 Cls: 1.074 | 0.8s
  Epoch 290/800 | Total: 3.616 Edge: 0.323 Con: 0.149 Cls: 1.073 | Val F1: 0.3388 | 0.8s
  Epoch 291/800 | Total: 3.679 Edge: 0.324 Con: 0.149 Cls: 1.094 | 0.8s
  Epoch 292/800 | Total: 3.641 Edge: 0.326 Con: 0.148 Cls: 1.080 | 0.8s
  Epoch 293/800 | Total: 3.704 Edge: 0.328 Con: 0.149 Cls: 1.100 | 0.8s
  Epoch 294/800 | Total: 3.664 Edge: 0.342 Con: 0.151 Cls: 1.082 | 0.8s
  Epoch 295/800 | Total: 3.724 Edge: 0.343 Con: 0.150 Cls: 1.102 | Val F1: 0.3359 | 0.8s
  Epoch 296/800 | Total: 3.602 Edge: 0.332 Con: 0.147 Cls: 1.065 | 0.8s
  Epoch 297/800 | Total: 3.612 Edge: 0.329 Con: 0.149 Cls: 1.070 | 0.8s
  Epoch 298/800 | Total: 3.670 Edge: 0.330 Con: 0.150 Cls: 1.088 | 0.8s
  Epoch 299/800 | Total: 3.709 Edge: 0.332 Con: 0.150 Cls: 1.101 | 0.8s
  Epoch 300/800 | Total: 3.625 Edge: 0.331 Con: 0.150 Cls: 1.073 | Val F1: 0.3291 | 0.8s
  Epoch 301/800 | Total: 3.796 Edge: 0.335 Con: 0.149 Cls: 1.129 | 0.8s
  Epoch 302/800 | Total: 3.713 Edge: 0.325 Con: 0.148 Cls: 1.105 | 0.8s
  Epoch 303/800 | Total: 3.708 Edge: 0.332 Con: 0.149 Cls: 1.100 | 0.8s
  Epoch 304/800 | Total: 3.699 Edge: 0.331 Con: 0.150 Cls: 1.098 | 0.8s
  Epoch 305/800 | Total: 3.571 Edge: 0.330 Con: 0.150 Cls: 1.055 | Val F1: 0.3421 | 0.8s
  Epoch 306/800 | Total: 3.699 Edge: 0.326 Con: 0.150 Cls: 1.100 | 0.8s
  Epoch 307/800 | Total: 3.645 Edge: 0.331 Con: 0.148 Cls: 1.080 | 0.8s
  Epoch 308/800 | Total: 3.639 Edge: 0.329 Con: 0.150 Cls: 1.078 | 0.8s
  Epoch 309/800 | Total: 3.620 Edge: 0.333 Con: 0.150 Cls: 1.071 | 0.8s
  Epoch 310/800 | Total: 3.572 Edge: 0.326 Con: 0.150 Cls: 1.057 | Val F1: 0.3410 | 0.8s
  Epoch 311/800 | Total: 3.532 Edge: 0.327 Con: 0.149 Cls: 1.044 | 0.8s
  Epoch 312/800 | Total: 3.692 Edge: 0.325 Con: 0.149 Cls: 1.097 | 0.8s
  Epoch 313/800 | Total: 3.616 Edge: 0.326 Con: 0.150 Cls: 1.072 | 0.8s
  Epoch 314/800 | Total: 3.661 Edge: 0.328 Con: 0.146 Cls: 1.087 | 0.8s
  Epoch 315/800 | Total: 3.676 Edge: 0.334 Con: 0.148 Cls: 1.090 | Val F1: 0.3419 | 0.8s
  Epoch 316/800 | Total: 3.556 Edge: 0.330 Con: 0.151 Cls: 1.050 | 0.8s
  Epoch 317/800 | Total: 3.761 Edge: 0.332 Con: 0.150 Cls: 1.118 | 0.9s
  Epoch 318/800 | Total: 3.883 Edge: 0.328 Con: 0.150 Cls: 1.160 | 0.8s
  Epoch 319/800 | Total: 3.704 Edge: 0.331 Con: 0.149 Cls: 1.100 | 0.8s
  Epoch 320/800 | Total: 3.805 Edge: 0.337 Con: 0.151 Cls: 1.131 | Val F1: 0.3355 | 0.9s
  Epoch 321/800 | Total: 3.637 Edge: 0.331 Con: 0.150 Cls: 1.077 | 0.8s
  Epoch 322/800 | Total: 3.614 Edge: 0.325 Con: 0.150 Cls: 1.071 | 0.8s
  Epoch 323/800 | Total: 3.523 Edge: 0.324 Con: 0.152 Cls: 1.041 | 0.9s
  Epoch 324/800 | Total: 3.552 Edge: 0.325 Con: 0.150 Cls: 1.051 | 0.8s
  Epoch 325/800 | Total: 3.630 Edge: 0.325 Con: 0.150 Cls: 1.077 | Val F1: 0.3349 | 0.8s
  Epoch 326/800 | Total: 3.666 Edge: 0.326 Con: 0.149 Cls: 1.088 | 0.8s
  Epoch 327/800 | Total: 3.614 Edge: 0.329 Con: 0.150 Cls: 1.070 | 0.8s
  Epoch 328/800 | Total: 3.551 Edge: 0.329 Con: 0.151 Cls: 1.049 | 0.8s
  Epoch 329/800 | Total: 3.573 Edge: 0.332 Con: 0.150 Cls: 1.055 | 0.8s
  Epoch 330/800 | Total: 3.608 Edge: 0.335 Con: 0.152 Cls: 1.066 | Val F1: 0.3312 | 0.8s
  Epoch 331/800 | Total: 3.785 Edge: 0.342 Con: 0.153 Cls: 1.122 | 0.8s
  Epoch 332/800 | Total: 3.707 Edge: 0.340 Con: 0.148 Cls: 1.098 | 0.8s
  Epoch 333/800 | Total: 3.635 Edge: 0.329 Con: 0.150 Cls: 1.077 | 0.8s
  Epoch 334/800 | Total: 3.586 Edge: 0.329 Con: 0.147 Cls: 1.061 | 0.8s
  Epoch 335/800 | Total: 4.024 Edge: 0.337 Con: 0.150 Cls: 1.204 | Val F1: 0.3145 | 0.8s
  Epoch 336/800 | Total: 3.812 Edge: 0.345 Con: 0.156 Cls: 1.130 | 0.8s
  Epoch 337/800 | Total: 3.819 Edge: 0.342 Con: 0.152 Cls: 1.134 | 0.8s
  Epoch 338/800 | Total: 3.600 Edge: 0.336 Con: 0.150 Cls: 1.063 | 0.8s
  Epoch 339/800 | Total: 3.621 Edge: 0.334 Con: 0.150 Cls: 1.070 | 0.8s
  Epoch 340/800 | Total: 3.563 Edge: 0.335 Con: 0.150 Cls: 1.051 | Val F1: 0.3518 | 0.8s
  Epoch 341/800 | Total: 3.500 Edge: 0.330 Con: 0.152 Cls: 1.032 | 0.8s
  Epoch 342/800 | Total: 3.485 Edge: 0.328 Con: 0.149 Cls: 1.028 | 0.8s
  Epoch 343/800 | Total: 3.524 Edge: 0.323 Con: 0.149 Cls: 1.042 | 0.8s
  Epoch 344/800 | Total: 3.479 Edge: 0.321 Con: 0.150 Cls: 1.028 | 0.8s
  Epoch 345/800 | Total: 3.415 Edge: 0.320 Con: 0.149 Cls: 1.007 | Val F1: 0.3396 | 0.8s
  Epoch 346/800 | Total: 3.442 Edge: 0.320 Con: 0.150 Cls: 1.015 | 0.8s
  Epoch 347/800 | Total: 3.458 Edge: 0.320 Con: 0.151 Cls: 1.021 | 0.8s
  Epoch 348/800 | Total: 3.481 Edge: 0.324 Con: 0.149 Cls: 1.027 | 0.8s
  Epoch 349/800 | Total: 3.495 Edge: 0.324 Con: 0.151 Cls: 1.032 | 0.8s
  Epoch 350/800 | Total: 3.686 Edge: 0.330 Con: 0.152 Cls: 1.093 | Val F1: 0.3331 | 0.8s
  Epoch 351/800 | Total: 3.621 Edge: 0.333 Con: 0.153 Cls: 1.071 | 0.8s
  Epoch 352/800 | Total: 3.529 Edge: 0.331 Con: 0.150 Cls: 1.041 | 0.8s
  Epoch 353/800 | Total: 3.523 Edge: 0.324 Con: 0.151 Cls: 1.041 | 0.8s
  Epoch 354/800 | Total: 3.497 Edge: 0.319 Con: 0.148 Cls: 1.035 | 0.8s
  Epoch 355/800 | Total: 3.553 Edge: 0.325 Con: 0.149 Cls: 1.051 | Val F1: 0.3453 | 0.8s
  Epoch 356/800 | Total: 3.507 Edge: 0.327 Con: 0.152 Cls: 1.035 | 0.8s
  Epoch 357/800 | Total: 3.503 Edge: 0.326 Con: 0.150 Cls: 1.034 | 0.8s
  Epoch 358/800 | Total: 3.507 Edge: 0.326 Con: 0.151 Cls: 1.035 | 0.8s
  Epoch 359/800 | Total: 3.500 Edge: 0.328 Con: 0.149 Cls: 1.032 | 0.8s
  Epoch 360/800 | Total: 3.560 Edge: 0.331 Con: 0.149 Cls: 1.051 | Val F1: 0.3318 | 0.8s
  Epoch 361/800 | Total: 3.655 Edge: 0.334 Con: 0.150 Cls: 1.082 | 0.8s
  Epoch 362/800 | Total: 3.838 Edge: 0.336 Con: 0.155 Cls: 1.141 | 0.8s
  Epoch 363/800 | Total: 3.772 Edge: 0.352 Con: 0.153 Cls: 1.114 | 0.8s
  Epoch 364/800 | Total: 3.657 Edge: 0.341 Con: 0.152 Cls: 1.080 | 0.8s
  Epoch 365/800 | Total: 3.495 Edge: 0.337 Con: 0.150 Cls: 1.028 | Val F1: 0.3485 | 0.8s
  Epoch 366/800 | Total: 3.432 Edge: 0.323 Con: 0.151 Cls: 1.011 | 0.8s
  Epoch 367/800 | Total: 3.475 Edge: 0.324 Con: 0.152 Cls: 1.025 | 0.8s
  Epoch 368/800 | Total: 3.619 Edge: 0.331 Con: 0.152 Cls: 1.071 | 0.8s
  Epoch 369/800 | Total: 3.511 Edge: 0.320 Con: 0.149 Cls: 1.039 | 0.8s
  Epoch 370/800 | Total: 3.436 Edge: 0.322 Con: 0.151 Cls: 1.013 | Val F1: 0.3474 | 0.8s
  Epoch 371/800 | Total: 3.504 Edge: 0.322 Con: 0.149 Cls: 1.036 | 0.8s
  Epoch 372/800 | Total: 3.421 Edge: 0.317 Con: 0.150 Cls: 1.010 | 0.8s
  Epoch 373/800 | Total: 3.427 Edge: 0.321 Con: 0.151 Cls: 1.010 | 0.8s
  Epoch 374/800 | Total: 3.381 Edge: 0.330 Con: 0.149 Cls: 0.992 | 0.8s
  Epoch 375/800 | Total: 3.434 Edge: 0.329 Con: 0.149 Cls: 1.010 | Val F1: 0.3466 | 0.8s
  Epoch 376/800 | Total: 3.515 Edge: 0.333 Con: 0.151 Cls: 1.036 | 0.8s
  Epoch 377/800 | Total: 3.510 Edge: 0.330 Con: 0.150 Cls: 1.035 | 0.8s
  Epoch 378/800 | Total: 3.540 Edge: 0.336 Con: 0.149 Cls: 1.043 | 0.8s
  Epoch 379/800 | Total: 3.555 Edge: 0.331 Con: 0.150 Cls: 1.049 | 0.8s
  Epoch 380/800 | Total: 3.479 Edge: 0.331 Con: 0.152 Cls: 1.024 | Val F1: 0.3277 | 0.8s
  Epoch 381/800 | Total: 3.460 Edge: 0.325 Con: 0.152 Cls: 1.020 | 0.8s
  Epoch 382/800 | Total: 3.407 Edge: 0.326 Con: 0.152 Cls: 1.002 | 0.8s
  Epoch 383/800 | Total: 3.425 Edge: 0.323 Con: 0.149 Cls: 1.009 | 0.8s
  Epoch 384/800 | Total: 3.434 Edge: 0.326 Con: 0.148 Cls: 1.011 | 0.8s
  Epoch 385/800 | Total: 3.534 Edge: 0.324 Con: 0.149 Cls: 1.045 | Val F1: 0.3334 | 0.8s
  Epoch 386/800 | Total: 3.436 Edge: 0.329 Con: 0.153 Cls: 1.010 | 0.8s
  Epoch 387/800 | Total: 3.475 Edge: 0.329 Con: 0.152 Cls: 1.023 | 0.8s
  Epoch 388/800 | Total: 3.500 Edge: 0.326 Con: 0.149 Cls: 1.033 | 0.8s
  Epoch 389/800 | Total: 3.535 Edge: 0.327 Con: 0.150 Cls: 1.044 | 0.8s
  Epoch 390/800 | Total: 3.422 Edge: 0.324 Con: 0.151 Cls: 1.008 | Val F1: 0.3466 | 0.8s
  Epoch 391/800 | Total: 3.385 Edge: 0.327 Con: 0.150 Cls: 0.994 | 0.8s
  Epoch 392/800 | Total: 3.388 Edge: 0.320 Con: 0.147 Cls: 0.998 | 0.8s
  Epoch 393/800 | Total: 3.419 Edge: 0.318 Con: 0.150 Cls: 1.009 | 0.8s
  Epoch 394/800 | Total: 3.422 Edge: 0.323 Con: 0.150 Cls: 1.008 | 0.8s
  Epoch 395/800 | Total: 3.433 Edge: 0.324 Con: 0.150 Cls: 1.011 | Val F1: 0.3403 | 0.8s
  Epoch 396/800 | Total: 3.427 Edge: 0.320 Con: 0.150 Cls: 1.011 | 0.8s
  Epoch 397/800 | Total: 3.446 Edge: 0.325 Con: 0.150 Cls: 1.015 | 0.8s
  Epoch 398/800 | Total: 3.377 Edge: 0.319 Con: 0.149 Cls: 0.995 | 0.8s
  Epoch 399/800 | Total: 3.395 Edge: 0.323 Con: 0.149 Cls: 0.999 | 0.8s
  Epoch 400/800 | Total: 3.334 Edge: 0.321 Con: 0.151 Cls: 0.979 | Val F1: 0.3493 | 0.8s
  Epoch 401/800 | Total: 3.400 Edge: 0.323 Con: 0.151 Cls: 1.001 | 0.8s
  Epoch 402/800 | Total: 3.566 Edge: 0.329 Con: 0.151 Cls: 1.054 | 0.8s
  Epoch 403/800 | Total: 3.472 Edge: 0.335 Con: 0.151 Cls: 1.021 | 0.8s
  Epoch 404/800 | Total: 3.320 Edge: 0.324 Con: 0.152 Cls: 0.973 | 0.8s
  Epoch 405/800 | Total: 3.382 Edge: 0.327 Con: 0.151 Cls: 0.993 | Val F1: 0.3316 | 0.8s
  Epoch 406/800 | Total: 3.437 Edge: 0.329 Con: 0.148 Cls: 1.011 | 0.8s
  Epoch 407/800 | Total: 3.331 Edge: 0.325 Con: 0.151 Cls: 0.977 | 0.8s
  Epoch 408/800 | Total: 3.205 Edge: 0.320 Con: 0.150 Cls: 0.937 | 0.8s
  Epoch 409/800 | Total: 3.320 Edge: 0.320 Con: 0.152 Cls: 0.975 | 0.8s
  Epoch 410/800 | Total: 3.421 Edge: 0.322 Con: 0.150 Cls: 1.008 | Val F1: 0.3441 | 0.8s
  Epoch 411/800 | Total: 3.545 Edge: 0.322 Con: 0.149 Cls: 1.050 | 0.8s
  Epoch 412/800 | Total: 3.527 Edge: 0.339 Con: 0.151 Cls: 1.037 | 0.8s
  Epoch 413/800 | Total: 3.522 Edge: 0.345 Con: 0.150 Cls: 1.034 | 0.8s
  Epoch 414/800 | Total: 3.384 Edge: 0.336 Con: 0.150 Cls: 0.991 | 0.8s
  Epoch 415/800 | Total: 3.552 Edge: 0.329 Con: 0.152 Cls: 1.049 | Val F1: 0.3428 | 0.8s
  Epoch 416/800 | Total: 3.581 Edge: 0.330 Con: 0.151 Cls: 1.058 | 0.8s
  Epoch 417/800 | Total: 3.427 Edge: 0.333 Con: 0.150 Cls: 1.006 | 0.8s
  Epoch 418/800 | Total: 3.405 Edge: 0.328 Con: 0.149 Cls: 1.001 | 0.8s
  Epoch 419/800 | Total: 3.402 Edge: 0.324 Con: 0.148 Cls: 1.001 | 0.8s
  Epoch 420/800 | Total: 3.384 Edge: 0.321 Con: 0.150 Cls: 0.996 | Val F1: 0.3433 | 0.8s
  Epoch 421/800 | Total: 3.399 Edge: 0.319 Con: 0.151 Cls: 1.001 | 0.8s
  Epoch 422/800 | Total: 3.449 Edge: 0.326 Con: 0.148 Cls: 1.016 | 0.8s
  Epoch 423/800 | Total: 3.590 Edge: 0.325 Con: 0.151 Cls: 1.063 | 0.8s
  Epoch 424/800 | Total: 4.001 Edge: 0.344 Con: 0.156 Cls: 1.193 | 0.8s
  Epoch 425/800 | Total: 3.840 Edge: 0.340 Con: 0.156 Cls: 1.141 | Val F1: 0.3015 | 0.8s
  Epoch 426/800 | Total: 3.573 Edge: 0.332 Con: 0.151 Cls: 1.055 | 0.8s
  Epoch 427/800 | Total: 3.524 Edge: 0.324 Con: 0.149 Cls: 1.042 | 0.8s
  Epoch 428/800 | Total: 3.587 Edge: 0.323 Con: 0.150 Cls: 1.063 | 0.8s
  Epoch 429/800 | Total: 3.505 Edge: 0.325 Con: 0.150 Cls: 1.035 | 0.8s
  Epoch 430/800 | Total: 3.383 Edge: 0.325 Con: 0.149 Cls: 0.995 | Val F1: 0.3418 | 0.8s
  Epoch 431/800 | Total: 3.317 Edge: 0.322 Con: 0.150 Cls: 0.974 | 0.8s
  Epoch 432/800 | Total: 3.378 Edge: 0.323 Con: 0.150 Cls: 0.993 | 0.8s
  Epoch 433/800 | Total: 3.275 Edge: 0.321 Con: 0.147 Cls: 0.960 | 0.8s
  Epoch 434/800 | Total: 3.196 Edge: 0.319 Con: 0.152 Cls: 0.933 | 0.8s
  Epoch 435/800 | Total: 3.228 Edge: 0.319 Con: 0.151 Cls: 0.945 | Val F1: 0.3396 | 0.8s
  Epoch 436/800 | Total: 3.261 Edge: 0.316 Con: 0.150 Cls: 0.957 | 0.8s
  Epoch 437/800 | Total: 3.240 Edge: 0.317 Con: 0.149 Cls: 0.949 | 0.8s
  Epoch 438/800 | Total: 3.288 Edge: 0.321 Con: 0.150 Cls: 0.964 | 0.8s
  Epoch 439/800 | Total: 3.282 Edge: 0.317 Con: 0.147 Cls: 0.964 | 0.8s
  Epoch 440/800 | Total: 3.219 Edge: 0.315 Con: 0.149 Cls: 0.943 | Val F1: 0.3454 | 0.8s
  Early stopping at epoch 440
  Best Val F1: 0.3518 | Test F1: 0.3500
  Total training time: 407.0s (6.8 min)

======================================================================
  Val  Macro-F1: 0.3518
  Test Macro-F1: 0.3500
  Test Accuracy: 0.5903
  Time: 408.7s
  Peak GPU mem: 0.85 GB
======================================================================

  Results saved to: results/NESS_ogbn-arxiv_MCAR_0.95_20260726_154811
