/home/erfan/MATE/venv/lib/python3.13/site-packages/outdated/__init__.py:36: UserWarning: pkg_resources is deprecated as an API. See https://setuptools.pypa.io/en/latest/pkg_resources.html. The pkg_resources package is slated for removal as early as 2025-11-30. Refrain from using this package or pin to Setuptools<81.
  from pkg_resources import parse_version
/home/erfan/MATE/ogbn_benchmarks/data_loader.py:96: UserWarning: Sparse invariant checks are implicitly disabled. Memory errors (e.g. SEGFAULT) will occur when operating on a sparse tensor which violates the invariants, but checks incur performance overhead. To silence this warning, explicitly opt in or out. See `torch.sparse.check_sparse_tensor_invariants.__doc__` for guidance.  (Triggered internally at /pytorch/aten/src/ATen/Context.cpp:760.)
  adj = torch.sparse_coo_tensor(edge_index, vals, (num_nodes, num_nodes)).coalesce()
======================================================================
  NESS | ogbn-arxiv | MCAR @ 60%
======================================================================
[1/3] Loading ogbn-arxiv...
  169,343 nodes | 128 dims | 40 classes
[2/3] Simulating MCAR missingness...
Simulating MCAR missingness at 60% rate...
  MCAR: Uniform random selection
  Observable: 67,738 (40.0%)
  Masked: 101,605 (60.0%)
  Observable: 67,738 | Val: 50,802 | Test: 50,803
[3/3] Running NESS...
  Prefilling missing nodes via Feature Propagation (40 iters)...
  Computing SSL targets (neighborhood stats + centroid, 2-hop)...
✓ Using FAST vectorized SSL computation (torch_scatter available)
  Computing 2-hop neighborhood targets (FAST vectorized)...
    ✓ k-hop targets computed (1,230 nodes had no observable within 2 hops)
  Partitioning graph into 20 clusters (cache_device=gpu)...
  Cached 20 clusters
  Training NESS for up to 400 epochs (patience=20)...
  Epoch 1/400 | Total: 4.730 Edge: 0.661 Con: 0.458 Cls: 3.604 Stats: 0.0054 | 1.7s
  Epoch 2/400 | Total: 4.257 Edge: 0.600 Con: 0.374 Cls: 3.280 Stats: 0.0021 | 1.2s
  Epoch 3/400 | Total: 4.031 Edge: 0.559 Con: 0.362 Cls: 3.108 Stats: 0.0015 | 1.1s
  Epoch 4/400 | Total: 3.946 Edge: 0.545 Con: 0.340 Cls: 3.060 Stats: 0.0013 | 1.1s
  Epoch 5/400 | Total: 3.863 Edge: 0.530 Con: 0.311 Cls: 3.021 Stats: 0.0012 | Val F1: 0.0193 | 1.1s
  Epoch 6/400 | Total: 3.760 Edge: 0.528 Con: 0.276 Cls: 2.955 Stats: 0.0012 | 1.2s
  Epoch 7/400 | Total: 3.627 Edge: 0.524 Con: 0.253 Cls: 2.849 Stats: 0.0012 | 1.1s
  Epoch 8/400 | Total: 3.548 Edge: 0.523 Con: 0.240 Cls: 2.784 Stats: 0.0011 | 1.4s
  Epoch 9/400 | Total: 3.360 Edge: 0.515 Con: 0.227 Cls: 2.616 Stats: 0.0012 | 1.3s
  Epoch 10/400 | Total: 3.205 Edge: 0.512 Con: 0.217 Cls: 2.475 Stats: 0.0011 | Val F1: 0.0712 | 1.5s
  Epoch 11/400 | Total: 3.028 Edge: 0.498 Con: 0.207 Cls: 2.322 Stats: 0.0011 | 1.4s
  Epoch 12/400 | Total: 2.996 Edge: 0.499 Con: 0.202 Cls: 2.295 Stats: 0.0011 | 1.3s
  Epoch 13/400 | Total: 2.966 Edge: 0.486 Con: 0.195 Cls: 2.284 Stats: 0.0011 | 1.4s
  Epoch 14/400 | Total: 2.800 Edge: 0.483 Con: 0.191 Cls: 2.126 Stats: 0.0011 | 1.6s
  Epoch 15/400 | Total: 2.760 Edge: 0.485 Con: 0.188 Cls: 2.086 Stats: 0.0010 | Val F1: 0.1181 | 1.6s
  Epoch 16/400 | Total: 2.720 Edge: 0.469 Con: 0.185 Cls: 2.065 Stats: 0.0010 | 1.4s
  Epoch 17/400 | Total: 2.679 Edge: 0.467 Con: 0.183 Cls: 2.028 Stats: 0.0010 | 1.4s
  Epoch 18/400 | Total: 2.653 Edge: 0.465 Con: 0.182 Cls: 2.006 Stats: 0.0010 | 1.4s
  Epoch 19/400 | Total: 2.625 Edge: 0.459 Con: 0.180 Cls: 1.985 Stats: 0.0010 | 1.2s
  Epoch 20/400 | Total: 2.617 Edge: 0.477 Con: 0.180 Cls: 1.958 Stats: 0.0010 | Val F1: 0.1482 | 0.9s
  Epoch 21/400 | Total: 2.597 Edge: 0.476 Con: 0.180 Cls: 1.940 Stats: 0.0010 | 1.0s
  Epoch 22/400 | Total: 2.627 Edge: 0.463 Con: 0.179 Cls: 1.985 Stats: 0.0010 | 1.0s
  Epoch 23/400 | Total: 2.614 Edge: 0.462 Con: 0.178 Cls: 1.973 Stats: 0.0010 | 0.9s
  Epoch 24/400 | Total: 2.595 Edge: 0.457 Con: 0.177 Cls: 1.959 Stats: 0.0010 | 0.9s
  Epoch 25/400 | Total: 2.540 Edge: 0.453 Con: 0.176 Cls: 1.911 Stats: 0.0010 | Val F1: 0.1607 | 0.9s
  Epoch 26/400 | Total: 2.492 Edge: 0.446 Con: 0.175 Cls: 1.871 Stats: 0.0010 | 1.1s
  Epoch 27/400 | Total: 2.482 Edge: 0.442 Con: 0.174 Cls: 1.865 Stats: 0.0010 | 1.2s
  Epoch 28/400 | Total: 2.472 Edge: 0.442 Con: 0.174 Cls: 1.856 Stats: 0.0010 | 1.3s
  Epoch 29/400 | Total: 2.470 Edge: 0.445 Con: 0.172 Cls: 1.852 Stats: 0.0010 | 1.2s
  Epoch 30/400 | Total: 2.454 Edge: 0.442 Con: 0.171 Cls: 1.840 Stats: 0.0010 | Val F1: 0.1808 | 1.2s
  Epoch 31/400 | Total: 2.447 Edge: 0.440 Con: 0.171 Cls: 1.834 Stats: 0.0010 | 1.4s
  Epoch 32/400 | Total: 2.459 Edge: 0.446 Con: 0.171 Cls: 1.840 Stats: 0.0010 | 1.0s
  Epoch 33/400 | Total: 2.445 Edge: 0.440 Con: 0.170 Cls: 1.834 Stats: 0.0010 | 1.1s
  Epoch 34/400 | Total: 2.411 Edge: 0.436 Con: 0.168 Cls: 1.806 Stats: 0.0011 | 1.2s
  Epoch 35/400 | Total: 2.384 Edge: 0.432 Con: 0.168 Cls: 1.783 Stats: 0.0011 | Val F1: 0.1848 | 1.2s
  Epoch 36/400 | Total: 2.370 Edge: 0.432 Con: 0.168 Cls: 1.769 Stats: 0.0011 | 1.3s
  Epoch 37/400 | Total: 2.345 Edge: 0.427 Con: 0.167 Cls: 1.750 Stats: 0.0010 | 1.4s
  Epoch 38/400 | Total: 2.353 Edge: 0.433 Con: 0.166 Cls: 1.754 Stats: 0.0010 | 1.5s
  Epoch 39/400 | Total: 2.326 Edge: 0.430 Con: 0.165 Cls: 1.730 Stats: 0.0010 | 1.2s
  Epoch 40/400 | Total: 2.309 Edge: 0.421 Con: 0.164 Cls: 1.723 Stats: 0.0010 | Val F1: 0.2111 | 1.5s
  Epoch 41/400 | Total: 2.305 Edge: 0.421 Con: 0.163 Cls: 1.719 Stats: 0.0010 | 1.4s
  Epoch 42/400 | Total: 2.295 Edge: 0.422 Con: 0.163 Cls: 1.709 Stats: 0.0010 | 1.4s
  Epoch 43/400 | Total: 2.285 Edge: 0.421 Con: 0.162 Cls: 1.701 Stats: 0.0010 | 1.6s
  Epoch 44/400 | Total: 2.272 Edge: 0.416 Con: 0.162 Cls: 1.693 Stats: 0.0010 | 1.4s
  Epoch 45/400 | Total: 2.266 Edge: 0.421 Con: 0.162 Cls: 1.682 Stats: 0.0010 | Val F1: 0.2205 | 1.3s
  Epoch 46/400 | Total: 2.262 Edge: 0.420 Con: 0.161 Cls: 1.680 Stats: 0.0010 | 1.4s
  Epoch 47/400 | Total: 2.252 Edge: 0.420 Con: 0.160 Cls: 1.672 Stats: 0.0010 | 1.4s
  Epoch 48/400 | Total: 2.248 Edge: 0.419 Con: 0.160 Cls: 1.667 Stats: 0.0010 | 0.9s
  Epoch 49/400 | Total: 2.252 Edge: 0.412 Con: 0.159 Cls: 1.680 Stats: 0.0010 | 1.1s
  Epoch 50/400 | Total: 2.242 Edge: 0.417 Con: 0.159 Cls: 1.664 Stats: 0.0010 | Val F1: 0.2206 | 1.0s
  Epoch 51/400 | Total: 2.250 Edge: 0.425 Con: 0.159 Cls: 1.665 Stats: 0.0010 | 1.2s
  Epoch 52/400 | Total: 2.227 Edge: 0.420 Con: 0.158 Cls: 1.649 Stats: 0.0010 | 0.9s
  Epoch 53/400 | Total: 2.229 Edge: 0.422 Con: 0.158 Cls: 1.647 Stats: 0.0010 | 0.9s
  Epoch 54/400 | Total: 2.206 Edge: 0.415 Con: 0.157 Cls: 1.633 Stats: 0.0010 | 1.0s
  Epoch 55/400 | Total: 2.194 Edge: 0.412 Con: 0.157 Cls: 1.624 Stats: 0.0010 | Val F1: 0.2305 | 1.2s
  Epoch 56/400 | Total: 2.194 Edge: 0.408 Con: 0.156 Cls: 1.629 Stats: 0.0010 | 0.9s
  Epoch 57/400 | Total: 2.173 Edge: 0.404 Con: 0.156 Cls: 1.613 Stats: 0.0010 | 0.9s
  Epoch 58/400 | Total: 2.162 Edge: 0.404 Con: 0.155 Cls: 1.602 Stats: 0.0010 | 0.9s
  Epoch 59/400 | Total: 2.167 Edge: 0.404 Con: 0.154 Cls: 1.607 Stats: 0.0010 | 0.9s
  Epoch 60/400 | Total: 2.158 Edge: 0.407 Con: 0.154 Cls: 1.596 Stats: 0.0010 | Val F1: 0.2389 | 0.9s
  Epoch 61/400 | Total: 2.143 Edge: 0.401 Con: 0.154 Cls: 1.587 Stats: 0.0010 | 0.9s
  Epoch 62/400 | Total: 2.137 Edge: 0.395 Con: 0.153 Cls: 1.588 Stats: 0.0010 | 0.8s
  Epoch 63/400 | Total: 2.134 Edge: 0.393 Con: 0.153 Cls: 1.588 Stats: 0.0010 | 0.9s
  Epoch 64/400 | Total: 2.112 Edge: 0.392 Con: 0.152 Cls: 1.567 Stats: 0.0010 | 0.9s
  Epoch 65/400 | Total: 2.108 Edge: 0.393 Con: 0.152 Cls: 1.561 Stats: 0.0010 | Val F1: 0.2574 | 0.9s
  Epoch 66/400 | Total: 2.116 Edge: 0.391 Con: 0.151 Cls: 1.572 Stats: 0.0010 | 0.9s
  Epoch 67/400 | Total: 2.129 Edge: 0.393 Con: 0.151 Cls: 1.584 Stats: 0.0010 | 0.9s
  Epoch 68/400 | Total: 2.129 Edge: 0.390 Con: 0.151 Cls: 1.586 Stats: 0.0010 | 0.8s
  Epoch 69/400 | Total: 2.103 Edge: 0.389 Con: 0.151 Cls: 1.563 Stats: 0.0010 | 0.9s
  Epoch 70/400 | Total: 2.097 Edge: 0.391 Con: 0.151 Cls: 1.554 Stats: 0.0010 | Val F1: 0.2605 | 0.9s
  Epoch 71/400 | Total: 2.095 Edge: 0.394 Con: 0.150 Cls: 1.549 Stats: 0.0010 | 0.9s
  Epoch 72/400 | Total: 2.097 Edge: 0.394 Con: 0.151 Cls: 1.551 Stats: 0.0010 | 0.8s
  Epoch 73/400 | Total: 2.117 Edge: 0.391 Con: 0.150 Cls: 1.575 Stats: 0.0010 | 0.9s
  Epoch 74/400 | Total: 2.100 Edge: 0.395 Con: 0.150 Cls: 1.554 Stats: 0.0010 | 0.9s
  Epoch 75/400 | Total: 2.088 Edge: 0.386 Con: 0.150 Cls: 1.551 Stats: 0.0010 | Val F1: 0.2597 | 0.8s
  Epoch 76/400 | Total: 2.084 Edge: 0.383 Con: 0.149 Cls: 1.550 Stats: 0.0010 | 0.8s
  Epoch 77/400 | Total: 2.069 Edge: 0.381 Con: 0.150 Cls: 1.538 Stats: 0.0010 | 0.9s
  Epoch 78/400 | Total: 2.058 Edge: 0.379 Con: 0.149 Cls: 1.529 Stats: 0.0010 | 0.8s
  Epoch 79/400 | Total: 2.064 Edge: 0.383 Con: 0.149 Cls: 1.531 Stats: 0.0010 | 0.9s
  Epoch 80/400 | Total: 2.081 Edge: 0.379 Con: 0.149 Cls: 1.552 Stats: 0.0010 | Val F1: 0.2735 | 1.0s
  Epoch 81/400 | Total: 2.070 Edge: 0.382 Con: 0.149 Cls: 1.538 Stats: 0.0010 | 0.8s
  Epoch 82/400 | Total: 2.068 Edge: 0.380 Con: 0.148 Cls: 1.538 Stats: 0.0010 | 0.9s
  Epoch 83/400 | Total: 2.057 Edge: 0.382 Con: 0.148 Cls: 1.526 Stats: 0.0010 | 0.8s
  Epoch 84/400 | Total: 2.065 Edge: 0.378 Con: 0.148 Cls: 1.538 Stats: 0.0010 | 0.9s
  Epoch 85/400 | Total: 2.039 Edge: 0.380 Con: 0.148 Cls: 1.510 Stats: 0.0010 | Val F1: 0.2735 | 0.9s
  Epoch 86/400 | Total: 2.061 Edge: 0.390 Con: 0.148 Cls: 1.522 Stats: 0.0011 | 0.8s
  Epoch 87/400 | Total: 2.056 Edge: 0.395 Con: 0.148 Cls: 1.512 Stats: 0.0010 | 0.9s
  Epoch 88/400 | Total: 2.074 Edge: 0.402 Con: 0.147 Cls: 1.524 Stats: 0.0010 | 1.1s
  Epoch 89/400 | Total: 2.056 Edge: 0.392 Con: 0.147 Cls: 1.516 Stats: 0.0010 | 1.0s
  Epoch 90/400 | Total: 2.065 Edge: 0.389 Con: 0.148 Cls: 1.527 Stats: 0.0010 | Val F1: 0.2726 | 0.9s
  Epoch 91/400 | Total: 2.060 Edge: 0.379 Con: 0.147 Cls: 1.533 Stats: 0.0010 | 0.9s
  Epoch 92/400 | Total: 2.032 Edge: 0.380 Con: 0.147 Cls: 1.503 Stats: 0.0010 | 1.0s
  Epoch 93/400 | Total: 2.031 Edge: 0.378 Con: 0.147 Cls: 1.504 Stats: 0.0010 | 0.9s
  Epoch 94/400 | Total: 2.035 Edge: 0.380 Con: 0.147 Cls: 1.507 Stats: 0.0010 | 1.0s
  Epoch 95/400 | Total: 2.032 Edge: 0.374 Con: 0.146 Cls: 1.510 Stats: 0.0010 | Val F1: 0.2819 | 0.9s
  Epoch 96/400 | Total: 2.037 Edge: 0.373 Con: 0.148 Cls: 1.515 Stats: 0.0010 | 1.0s
  Epoch 97/400 | Total: 2.029 Edge: 0.373 Con: 0.146 Cls: 1.509 Stats: 0.0010 | 0.9s
  Epoch 98/400 | Total: 2.018 Edge: 0.374 Con: 0.146 Cls: 1.496 Stats: 0.0010 | 0.9s
  Epoch 99/400 | Total: 2.005 Edge: 0.371 Con: 0.146 Cls: 1.487 Stats: 0.0010 | 0.9s
  Epoch 100/400 | Total: 2.018 Edge: 0.378 Con: 0.147 Cls: 1.493 Stats: 0.0010 | Val F1: 0.2714 | 1.1s
  Epoch 101/400 | Total: 2.036 Edge: 0.381 Con: 0.146 Cls: 1.507 Stats: 0.0010 | 1.1s
  Epoch 102/400 | Total: 2.038 Edge: 0.378 Con: 0.147 Cls: 1.513 Stats: 0.0010 | 0.9s
  Epoch 103/400 | Total: 2.010 Edge: 0.376 Con: 0.146 Cls: 1.487 Stats: 0.0010 | 0.9s
  Epoch 104/400 | Total: 2.023 Edge: 0.376 Con: 0.147 Cls: 1.499 Stats: 0.0010 | 1.1s
  Epoch 105/400 | Total: 2.009 Edge: 0.373 Con: 0.145 Cls: 1.490 Stats: 0.0010 | Val F1: 0.2932 | 1.0s
  Epoch 106/400 | Total: 2.005 Edge: 0.369 Con: 0.146 Cls: 1.490 Stats: 0.0010 | 1.3s
  Epoch 107/400 | Total: 2.013 Edge: 0.368 Con: 0.146 Cls: 1.497 Stats: 0.0010 | 1.5s
  Epoch 108/400 | Total: 2.016 Edge: 0.370 Con: 0.146 Cls: 1.499 Stats: 0.0010 | 1.3s
  Epoch 109/400 | Total: 2.019 Edge: 0.368 Con: 0.145 Cls: 1.504 Stats: 0.0010 | 1.0s
  Epoch 110/400 | Total: 2.006 Edge: 0.369 Con: 0.146 Cls: 1.489 Stats: 0.0010 | Val F1: 0.2972 | 1.0s
  Epoch 111/400 | Total: 1.996 Edge: 0.371 Con: 0.146 Cls: 1.477 Stats: 0.0010 | 1.0s
  Epoch 112/400 | Total: 1.984 Edge: 0.367 Con: 0.146 Cls: 1.470 Stats: 0.0010 | 1.0s
  Epoch 113/400 | Total: 1.985 Edge: 0.365 Con: 0.145 Cls: 1.473 Stats: 0.0010 | 1.0s
  Epoch 114/400 | Total: 1.981 Edge: 0.367 Con: 0.145 Cls: 1.468 Stats: 0.0010 | 0.8s
  Epoch 115/400 | Total: 1.988 Edge: 0.367 Con: 0.145 Cls: 1.474 Stats: 0.0010 | Val F1: 0.2980 | 0.9s
  Epoch 116/400 | Total: 1.976 Edge: 0.368 Con: 0.146 Cls: 1.461 Stats: 0.0010 | 1.0s
  Epoch 117/400 | Total: 1.981 Edge: 0.368 Con: 0.145 Cls: 1.466 Stats: 0.0010 | 1.1s
  Epoch 118/400 | Total: 1.963 Edge: 0.362 Con: 0.145 Cls: 1.455 Stats: 0.0010 | 0.8s
  Epoch 119/400 | Total: 1.965 Edge: 0.365 Con: 0.145 Cls: 1.454 Stats: 0.0010 | 0.8s
  Epoch 120/400 | Total: 1.965 Edge: 0.363 Con: 0.146 Cls: 1.455 Stats: 0.0010 | Val F1: 0.3075 | 0.8s
  Epoch 121/400 | Total: 1.967 Edge: 0.364 Con: 0.145 Cls: 1.457 Stats: 0.0010 | 0.8s
  Epoch 122/400 | Total: 1.958 Edge: 0.363 Con: 0.144 Cls: 1.450 Stats: 0.0010 | 0.9s
  Epoch 123/400 | Total: 1.963 Edge: 0.363 Con: 0.145 Cls: 1.455 Stats: 0.0010 | 0.8s
  Epoch 124/400 | Total: 1.968 Edge: 0.361 Con: 0.146 Cls: 1.460 Stats: 0.0010 | 0.9s
  Epoch 125/400 | Total: 1.943 Edge: 0.359 Con: 0.144 Cls: 1.439 Stats: 0.0010 | Val F1: 0.2988 | 0.9s
  Epoch 126/400 | Total: 1.950 Edge: 0.362 Con: 0.144 Cls: 1.442 Stats: 0.0010 | 0.8s
  Epoch 127/400 | Total: 1.986 Edge: 0.365 Con: 0.146 Cls: 1.474 Stats: 0.0010 | 0.8s
  Epoch 128/400 | Total: 1.971 Edge: 0.364 Con: 0.145 Cls: 1.460 Stats: 0.0010 | 0.8s
  Epoch 129/400 | Total: 1.962 Edge: 0.364 Con: 0.145 Cls: 1.452 Stats: 0.0010 | 0.9s
  Epoch 130/400 | Total: 1.950 Edge: 0.361 Con: 0.145 Cls: 1.443 Stats: 0.0010 | Val F1: 0.3032 | 0.8s
  Epoch 131/400 | Total: 1.983 Edge: 0.371 Con: 0.144 Cls: 1.467 Stats: 0.0010 | 0.9s
  Epoch 132/400 | Total: 1.965 Edge: 0.367 Con: 0.146 Cls: 1.451 Stats: 0.0010 | 0.8s
  Epoch 133/400 | Total: 1.952 Edge: 0.368 Con: 0.145 Cls: 1.439 Stats: 0.0011 | 0.8s
  Epoch 134/400 | Total: 1.950 Edge: 0.359 Con: 0.144 Cls: 1.446 Stats: 0.0010 | 0.8s
  Epoch 135/400 | Total: 1.935 Edge: 0.358 Con: 0.143 Cls: 1.433 Stats: 0.0010 | Val F1: 0.3163 | 0.8s
  Epoch 136/400 | Total: 1.938 Edge: 0.357 Con: 0.144 Cls: 1.435 Stats: 0.0010 | 0.9s
  Epoch 137/400 | Total: 1.936 Edge: 0.358 Con: 0.144 Cls: 1.432 Stats: 0.0010 | 0.8s
  Epoch 138/400 | Total: 1.934 Edge: 0.358 Con: 0.144 Cls: 1.431 Stats: 0.0010 | 0.8s
  Epoch 139/400 | Total: 1.935 Edge: 0.356 Con: 0.144 Cls: 1.435 Stats: 0.0010 | 0.8s
  Epoch 140/400 | Total: 1.947 Edge: 0.358 Con: 0.144 Cls: 1.444 Stats: 0.0010 | Val F1: 0.3069 | 0.8s
  Epoch 141/400 | Total: 1.957 Edge: 0.359 Con: 0.143 Cls: 1.453 Stats: 0.0010 | 0.8s
  Epoch 142/400 | Total: 1.933 Edge: 0.359 Con: 0.145 Cls: 1.429 Stats: 0.0010 | 0.9s
  Epoch 143/400 | Total: 1.938 Edge: 0.357 Con: 0.144 Cls: 1.437 Stats: 0.0010 | 0.8s
  Epoch 144/400 | Total: 1.928 Edge: 0.356 Con: 0.144 Cls: 1.427 Stats: 0.0010 | 0.9s
  Epoch 145/400 | Total: 1.926 Edge: 0.354 Con: 0.144 Cls: 1.428 Stats: 0.0010 | Val F1: 0.3264 | 0.9s
  Epoch 146/400 | Total: 1.917 Edge: 0.355 Con: 0.143 Cls: 1.418 Stats: 0.0010 | 0.8s
  Epoch 147/400 | Total: 1.926 Edge: 0.355 Con: 0.144 Cls: 1.426 Stats: 0.0010 | 0.9s
  Epoch 148/400 | Total: 1.957 Edge: 0.364 Con: 0.145 Cls: 1.446 Stats: 0.0010 | 0.9s
  Epoch 149/400 | Total: 1.970 Edge: 0.365 Con: 0.144 Cls: 1.460 Stats: 0.0010 | 0.8s
  Epoch 150/400 | Total: 1.956 Edge: 0.364 Con: 0.144 Cls: 1.447 Stats: 0.0010 | Val F1: 0.3098 | 0.8s
  Epoch 151/400 | Total: 1.930 Edge: 0.361 Con: 0.144 Cls: 1.424 Stats: 0.0010 | 0.8s
  Epoch 152/400 | Total: 1.911 Edge: 0.358 Con: 0.143 Cls: 1.410 Stats: 0.0010 | 0.9s
  Epoch 153/400 | Total: 1.927 Edge: 0.357 Con: 0.144 Cls: 1.426 Stats: 0.0010 | 0.8s
  Epoch 154/400 | Total: 1.925 Edge: 0.354 Con: 0.142 Cls: 1.428 Stats: 0.0010 | 0.9s
  Epoch 155/400 | Total: 1.940 Edge: 0.356 Con: 0.143 Cls: 1.440 Stats: 0.0010 | Val F1: 0.3192 | 1.1s
  Epoch 156/400 | Total: 1.940 Edge: 0.354 Con: 0.144 Cls: 1.441 Stats: 0.0010 | 0.9s
  Epoch 157/400 | Total: 1.937 Edge: 0.356 Con: 0.144 Cls: 1.436 Stats: 0.0010 | 0.9s
  Epoch 158/400 | Total: 1.963 Edge: 0.358 Con: 0.144 Cls: 1.461 Stats: 0.0010 | 0.9s
  Epoch 159/400 | Total: 1.932 Edge: 0.355 Con: 0.143 Cls: 1.434 Stats: 0.0010 | 0.9s
  Epoch 160/400 | Total: 1.917 Edge: 0.352 Con: 0.143 Cls: 1.421 Stats: 0.0010 | Val F1: 0.3178 | 1.1s
  Epoch 161/400 | Total: 1.942 Edge: 0.368 Con: 0.143 Cls: 1.430 Stats: 0.0010 | 1.1s
  Epoch 162/400 | Total: 1.938 Edge: 0.370 Con: 0.144 Cls: 1.423 Stats: 0.0010 | 0.8s
  Epoch 163/400 | Total: 1.956 Edge: 0.375 Con: 0.143 Cls: 1.437 Stats: 0.0010 | 0.9s
  Epoch 164/400 | Total: 1.920 Edge: 0.363 Con: 0.144 Cls: 1.412 Stats: 0.0010 | 0.9s
  Epoch 165/400 | Total: 1.924 Edge: 0.361 Con: 0.144 Cls: 1.419 Stats: 0.0010 | Val F1: 0.3209 | 0.9s
  Epoch 166/400 | Total: 1.954 Edge: 0.354 Con: 0.143 Cls: 1.457 Stats: 0.0010 | 0.8s
  Epoch 167/400 | Total: 1.992 Edge: 0.358 Con: 0.143 Cls: 1.490 Stats: 0.0010 | 0.9s
  Epoch 168/400 | Total: 1.951 Edge: 0.364 Con: 0.143 Cls: 1.442 Stats: 0.0010 | 0.8s
  Epoch 169/400 | Total: 1.934 Edge: 0.364 Con: 0.144 Cls: 1.426 Stats: 0.0010 | 0.9s
  Epoch 170/400 | Total: 1.908 Edge: 0.353 Con: 0.143 Cls: 1.411 Stats: 0.0010 | Val F1: 0.3294 | 0.9s
  Epoch 171/400 | Total: 1.907 Edge: 0.355 Con: 0.142 Cls: 1.409 Stats: 0.0010 | 0.9s
  Epoch 172/400 | Total: 1.908 Edge: 0.352 Con: 0.143 Cls: 1.412 Stats: 0.0010 | 0.9s
  Epoch 173/400 | Total: 1.912 Edge: 0.350 Con: 0.142 Cls: 1.419 Stats: 0.0010 | 0.9s
  Epoch 174/400 | Total: 1.899 Edge: 0.352 Con: 0.143 Cls: 1.403 Stats: 0.0010 | 0.8s
  Epoch 175/400 | Total: 1.896 Edge: 0.349 Con: 0.142 Cls: 1.404 Stats: 0.0010 | Val F1: 0.3359 | 0.9s
  Epoch 176/400 | Total: 1.889 Edge: 0.350 Con: 0.142 Cls: 1.396 Stats: 0.0010 | 0.9s
  Epoch 177/400 | Total: 1.901 Edge: 0.357 Con: 0.142 Cls: 1.402 Stats: 0.0010 | 0.8s
  Epoch 178/400 | Total: 1.900 Edge: 0.352 Con: 0.142 Cls: 1.405 Stats: 0.0010 | 0.9s
  Epoch 179/400 | Total: 1.897 Edge: 0.353 Con: 0.142 Cls: 1.401 Stats: 0.0010 | 0.9s
  Epoch 180/400 | Total: 1.886 Edge: 0.350 Con: 0.142 Cls: 1.394 Stats: 0.0010 | Val F1: 0.3328 | 0.8s
  Epoch 181/400 | Total: 1.897 Edge: 0.350 Con: 0.143 Cls: 1.403 Stats: 0.0010 | 0.9s
  Epoch 182/400 | Total: 1.886 Edge: 0.346 Con: 0.142 Cls: 1.398 Stats: 0.0010 | 0.8s
  Epoch 183/400 | Total: 1.879 Edge: 0.344 Con: 0.142 Cls: 1.391 Stats: 0.0010 | 0.9s
  Epoch 184/400 | Total: 1.886 Edge: 0.349 Con: 0.142 Cls: 1.394 Stats: 0.0010 | 0.9s
  Epoch 185/400 | Total: 1.907 Edge: 0.354 Con: 0.142 Cls: 1.410 Stats: 0.0010 | Val F1: 0.3150 | 0.9s
  Epoch 186/400 | Total: 1.892 Edge: 0.349 Con: 0.142 Cls: 1.400 Stats: 0.0010 | 1.1s
  Epoch 187/400 | Total: 1.875 Edge: 0.344 Con: 0.142 Cls: 1.387 Stats: 0.0010 | 0.9s
  Epoch 188/400 | Total: 1.876 Edge: 0.345 Con: 0.142 Cls: 1.388 Stats: 0.0010 | 1.0s
  Epoch 189/400 | Total: 1.884 Edge: 0.347 Con: 0.141 Cls: 1.395 Stats: 0.0010 | 0.9s
  Epoch 190/400 | Total: 1.889 Edge: 0.348 Con: 0.142 Cls: 1.399 Stats: 0.0010 | Val F1: 0.3354 | 1.1s
  Epoch 191/400 | Total: 1.892 Edge: 0.350 Con: 0.142 Cls: 1.400 Stats: 0.0010 | 1.0s
  Epoch 192/400 | Total: 1.895 Edge: 0.347 Con: 0.142 Cls: 1.404 Stats: 0.0010 | 1.1s
  Epoch 193/400 | Total: 1.883 Edge: 0.347 Con: 0.142 Cls: 1.393 Stats: 0.0010 | 1.1s
  Epoch 194/400 | Total: 1.923 Edge: 0.353 Con: 0.141 Cls: 1.428 Stats: 0.0010 | 1.1s
  Epoch 195/400 | Total: 1.932 Edge: 0.355 Con: 0.142 Cls: 1.434 Stats: 0.0010 | Val F1: 0.3187 | 1.0s
  Epoch 196/400 | Total: 1.896 Edge: 0.362 Con: 0.142 Cls: 1.391 Stats: 0.0010 | 1.0s
  Epoch 197/400 | Total: 1.894 Edge: 0.352 Con: 0.142 Cls: 1.399 Stats: 0.0010 | 0.9s
  Epoch 198/400 | Total: 1.881 Edge: 0.349 Con: 0.141 Cls: 1.390 Stats: 0.0010 | 1.0s
  Epoch 199/400 | Total: 1.887 Edge: 0.344 Con: 0.142 Cls: 1.400 Stats: 0.0010 | 1.1s
  Epoch 200/400 | Total: 1.861 Edge: 0.344 Con: 0.141 Cls: 1.375 Stats: 0.0010 | Val F1: 0.3381 | 1.0s
  Epoch 201/400 | Total: 1.873 Edge: 0.342 Con: 0.142 Cls: 1.389 Stats: 0.0010 | 1.3s
  Epoch 202/400 | Total: 1.880 Edge: 0.342 Con: 0.141 Cls: 1.396 Stats: 0.0010 | 1.4s
  Epoch 203/400 | Total: 1.883 Edge: 0.344 Con: 0.142 Cls: 1.396 Stats: 0.0010 | 1.4s
  Epoch 204/400 | Total: 1.906 Edge: 0.342 Con: 0.141 Cls: 1.422 Stats: 0.0010 | 0.9s
  Epoch 205/400 | Total: 1.887 Edge: 0.343 Con: 0.141 Cls: 1.402 Stats: 0.0010 | Val F1: 0.3253 | 0.9s
  Epoch 206/400 | Total: 1.887 Edge: 0.345 Con: 0.141 Cls: 1.400 Stats: 0.0010 | 1.1s
  Epoch 207/400 | Total: 1.875 Edge: 0.344 Con: 0.141 Cls: 1.389 Stats: 0.0010 | 0.9s
  Epoch 208/400 | Total: 1.880 Edge: 0.344 Con: 0.141 Cls: 1.394 Stats: 0.0010 | 0.9s
  Epoch 209/400 | Total: 1.867 Edge: 0.341 Con: 0.141 Cls: 1.385 Stats: 0.0010 | 0.9s
  Epoch 210/400 | Total: 1.866 Edge: 0.341 Con: 0.141 Cls: 1.384 Stats: 0.0010 | Val F1: 0.3405 | 1.1s
  Epoch 211/400 | Total: 1.865 Edge: 0.341 Con: 0.140 Cls: 1.383 Stats: 0.0010 | 1.0s
  Epoch 212/400 | Total: 1.877 Edge: 0.342 Con: 0.141 Cls: 1.394 Stats: 0.0010 | 0.9s
  Epoch 213/400 | Total: 1.862 Edge: 0.340 Con: 0.141 Cls: 1.380 Stats: 0.0010 | 0.9s
  Epoch 214/400 | Total: 1.858 Edge: 0.340 Con: 0.141 Cls: 1.376 Stats: 0.0010 | 0.9s
  Epoch 215/400 | Total: 1.877 Edge: 0.344 Con: 0.140 Cls: 1.392 Stats: 0.0010 | Val F1: 0.3432 | 0.8s
  Epoch 216/400 | Total: 1.856 Edge: 0.339 Con: 0.140 Cls: 1.375 Stats: 0.0010 | 0.8s
  Epoch 217/400 | Total: 1.893 Edge: 0.345 Con: 0.141 Cls: 1.406 Stats: 0.0010 | 0.8s
  Epoch 218/400 | Total: 1.874 Edge: 0.343 Con: 0.141 Cls: 1.389 Stats: 0.0010 | 1.0s
  Epoch 219/400 | Total: 1.865 Edge: 0.344 Con: 0.141 Cls: 1.379 Stats: 0.0010 | 0.8s
  Epoch 220/400 | Total: 1.887 Edge: 0.345 Con: 0.141 Cls: 1.400 Stats: 0.0010 | Val F1: 0.3390 | 0.8s
  Epoch 221/400 | Total: 1.874 Edge: 0.344 Con: 0.141 Cls: 1.388 Stats: 0.0010 | 0.9s
  Epoch 222/400 | Total: 1.865 Edge: 0.341 Con: 0.141 Cls: 1.381 Stats: 0.0010 | 0.8s
  Epoch 223/400 | Total: 1.857 Edge: 0.339 Con: 0.141 Cls: 1.376 Stats: 0.0010 | 0.8s
  Epoch 224/400 | Total: 1.861 Edge: 0.339 Con: 0.141 Cls: 1.380 Stats: 0.0010 | 0.9s
  Epoch 225/400 | Total: 1.846 Edge: 0.339 Con: 0.141 Cls: 1.365 Stats: 0.0010 | Val F1: 0.3440 | 0.8s
  Epoch 226/400 | Total: 1.862 Edge: 0.339 Con: 0.141 Cls: 1.382 Stats: 0.0010 | 0.8s
  Epoch 227/400 | Total: 1.876 Edge: 0.342 Con: 0.141 Cls: 1.392 Stats: 0.0010 | 0.9s
  Epoch 228/400 | Total: 1.860 Edge: 0.343 Con: 0.141 Cls: 1.375 Stats: 0.0010 | 0.8s
  Epoch 229/400 | Total: 1.870 Edge: 0.349 Con: 0.141 Cls: 1.379 Stats: 0.0010 | 0.9s
  Epoch 230/400 | Total: 1.851 Edge: 0.338 Con: 0.140 Cls: 1.372 Stats: 0.0010 | Val F1: 0.3473 | 0.8s
  Epoch 231/400 | Total: 1.870 Edge: 0.341 Con: 0.141 Cls: 1.388 Stats: 0.0010 | 0.8s
  Epoch 232/400 | Total: 1.888 Edge: 0.345 Con: 0.140 Cls: 1.402 Stats: 0.0010 | 0.8s
  Epoch 233/400 | Total: 1.878 Edge: 0.342 Con: 0.140 Cls: 1.395 Stats: 0.0010 | 0.9s
  Epoch 234/400 | Total: 1.855 Edge: 0.337 Con: 0.140 Cls: 1.376 Stats: 0.0010 | 0.8s
  Epoch 235/400 | Total: 1.889 Edge: 0.343 Con: 0.140 Cls: 1.405 Stats: 0.0010 | Val F1: 0.3407 | 0.9s
  Epoch 236/400 | Total: 1.870 Edge: 0.347 Con: 0.140 Cls: 1.383 Stats: 0.0010 | 0.8s
  Epoch 237/400 | Total: 1.887 Edge: 0.348 Con: 0.140 Cls: 1.398 Stats: 0.0010 | 0.8s
  Epoch 238/400 | Total: 1.895 Edge: 0.353 Con: 0.140 Cls: 1.401 Stats: 0.0010 | 0.8s
  Epoch 239/400 | Total: 1.866 Edge: 0.339 Con: 0.140 Cls: 1.386 Stats: 0.0010 | 1.0s
  Epoch 240/400 | Total: 1.886 Edge: 0.344 Con: 0.140 Cls: 1.400 Stats: 0.0010 | Val F1: 0.3205 | 0.8s
  Epoch 241/400 | Total: 1.893 Edge: 0.342 Con: 0.140 Cls: 1.410 Stats: 0.0011 | 0.9s
  Epoch 242/400 | Total: 1.855 Edge: 0.339 Con: 0.141 Cls: 1.375 Stats: 0.0010 | 0.8s
  Epoch 243/400 | Total: 1.857 Edge: 0.340 Con: 0.140 Cls: 1.377 Stats: 0.0010 | 1.0s
  Epoch 244/400 | Total: 1.862 Edge: 0.337 Con: 0.140 Cls: 1.384 Stats: 0.0010 | 0.9s
  Epoch 245/400 | Total: 1.850 Edge: 0.335 Con: 0.140 Cls: 1.374 Stats: 0.0010 | Val F1: 0.3493 | 0.9s
  Epoch 246/400 | Total: 1.850 Edge: 0.337 Con: 0.140 Cls: 1.372 Stats: 0.0010 | 0.8s
  Epoch 247/400 | Total: 1.843 Edge: 0.336 Con: 0.140 Cls: 1.366 Stats: 0.0010 | 0.9s
  Epoch 248/400 | Total: 1.852 Edge: 0.337 Con: 0.140 Cls: 1.375 Stats: 0.0010 | 0.8s
  Epoch 249/400 | Total: 1.839 Edge: 0.335 Con: 0.140 Cls: 1.363 Stats: 0.0010 | 0.8s
  Epoch 250/400 | Total: 1.858 Edge: 0.340 Con: 0.139 Cls: 1.377 Stats: 0.0010 | Val F1: 0.3380 | 0.8s
  Epoch 251/400 | Total: 1.857 Edge: 0.342 Con: 0.140 Cls: 1.374 Stats: 0.0010 | 1.0s
  Epoch 252/400 | Total: 1.849 Edge: 0.337 Con: 0.140 Cls: 1.371 Stats: 0.0010 | 0.8s
  Epoch 253/400 | Total: 1.854 Edge: 0.336 Con: 0.140 Cls: 1.377 Stats: 0.0010 | 0.8s
  Epoch 254/400 | Total: 1.859 Edge: 0.335 Con: 0.140 Cls: 1.383 Stats: 0.0010 | 0.8s
  Epoch 255/400 | Total: 1.839 Edge: 0.334 Con: 0.139 Cls: 1.365 Stats: 0.0010 | Val F1: 0.3485 | 0.8s
  Epoch 256/400 | Total: 1.851 Edge: 0.339 Con: 0.140 Cls: 1.371 Stats: 0.0010 | 0.9s
  Epoch 257/400 | Total: 1.869 Edge: 0.342 Con: 0.140 Cls: 1.387 Stats: 0.0010 | 0.9s
  Epoch 258/400 | Total: 1.870 Edge: 0.344 Con: 0.140 Cls: 1.385 Stats: 0.0010 | 0.9s
  Epoch 259/400 | Total: 1.858 Edge: 0.342 Con: 0.139 Cls: 1.376 Stats: 0.0010 | 1.1s
  Epoch 260/400 | Total: 1.857 Edge: 0.339 Con: 0.138 Cls: 1.379 Stats: 0.0010 | Val F1: 0.3445 | 0.9s
  Epoch 261/400 | Total: 1.856 Edge: 0.335 Con: 0.139 Cls: 1.380 Stats: 0.0010 | 1.0s
  Epoch 262/400 | Total: 1.854 Edge: 0.339 Con: 0.141 Cls: 1.374 Stats: 0.0010 | 0.8s
  Epoch 263/400 | Total: 1.846 Edge: 0.338 Con: 0.140 Cls: 1.367 Stats: 0.0010 | 0.9s
  Epoch 264/400 | Total: 1.842 Edge: 0.334 Con: 0.139 Cls: 1.368 Stats: 0.0010 | 0.9s
  Epoch 265/400 | Total: 1.867 Edge: 0.337 Con: 0.140 Cls: 1.390 Stats: 0.0010 | Val F1: 0.3413 | 0.9s
  Epoch 266/400 | Total: 1.842 Edge: 0.342 Con: 0.140 Cls: 1.360 Stats: 0.0010 | 1.0s
  Epoch 267/400 | Total: 1.873 Edge: 0.343 Con: 0.140 Cls: 1.389 Stats: 0.0010 | 0.9s
  Epoch 268/400 | Total: 1.858 Edge: 0.339 Con: 0.139 Cls: 1.378 Stats: 0.0010 | 0.9s
  Epoch 269/400 | Total: 1.859 Edge: 0.344 Con: 0.140 Cls: 1.373 Stats: 0.0010 | 0.8s
  Epoch 270/400 | Total: 1.843 Edge: 0.336 Con: 0.139 Cls: 1.367 Stats: 0.0010 | Val F1: 0.3378 | 0.9s
  Epoch 271/400 | Total: 1.847 Edge: 0.336 Con: 0.139 Cls: 1.371 Stats: 0.0010 | 0.9s
  Epoch 272/400 | Total: 1.833 Edge: 0.337 Con: 0.140 Cls: 1.355 Stats: 0.0010 | 1.0s
  Epoch 273/400 | Total: 1.871 Edge: 0.345 Con: 0.139 Cls: 1.386 Stats: 0.0010 | 0.9s
  Epoch 274/400 | Total: 1.863 Edge: 0.345 Con: 0.139 Cls: 1.378 Stats: 0.0010 | 0.8s
  Epoch 275/400 | Total: 1.865 Edge: 0.351 Con: 0.140 Cls: 1.373 Stats: 0.0010 | Val F1: 0.3511 | 0.9s
  Epoch 276/400 | Total: 1.868 Edge: 0.346 Con: 0.140 Cls: 1.380 Stats: 0.0010 | 1.0s
  Epoch 277/400 | Total: 1.861 Edge: 0.340 Con: 0.141 Cls: 1.379 Stats: 0.0010 | 0.9s
  Epoch 278/400 | Total: 1.839 Edge: 0.335 Con: 0.139 Cls: 1.364 Stats: 0.0010 | 0.8s
  Epoch 279/400 | Total: 1.831 Edge: 0.333 Con: 0.139 Cls: 1.358 Stats: 0.0010 | 1.0s
  Epoch 280/400 | Total: 1.832 Edge: 0.333 Con: 0.140 Cls: 1.358 Stats: 0.0010 | Val F1: 0.3433 | 0.9s
  Epoch 281/400 | Total: 1.855 Edge: 0.332 Con: 0.139 Cls: 1.383 Stats: 0.0010 | 0.8s
  Epoch 282/400 | Total: 1.841 Edge: 0.335 Con: 0.140 Cls: 1.365 Stats: 0.0010 | 1.0s
  Epoch 283/400 | Total: 1.836 Edge: 0.335 Con: 0.139 Cls: 1.361 Stats: 0.0010 | 0.8s
  Epoch 284/400 | Total: 1.834 Edge: 0.336 Con: 0.140 Cls: 1.358 Stats: 0.0010 | 0.9s
  Epoch 285/400 | Total: 1.830 Edge: 0.333 Con: 0.139 Cls: 1.357 Stats: 0.0010 | Val F1: 0.3502 | 0.8s
  Epoch 286/400 | Total: 1.831 Edge: 0.331 Con: 0.139 Cls: 1.361 Stats: 0.0010 | 0.8s
  Epoch 287/400 | Total: 1.827 Edge: 0.331 Con: 0.139 Cls: 1.356 Stats: 0.0010 | 0.9s
  Epoch 288/400 | Total: 1.827 Edge: 0.329 Con: 0.139 Cls: 1.358 Stats: 0.0010 | 1.1s
  Epoch 289/400 | Total: 1.830 Edge: 0.333 Con: 0.139 Cls: 1.357 Stats: 0.0010 | 0.9s
  Epoch 290/400 | Total: 1.837 Edge: 0.333 Con: 0.139 Cls: 1.364 Stats: 0.0010 | Val F1: 0.3487 | 1.0s
  Epoch 291/400 | Total: 1.835 Edge: 0.334 Con: 0.139 Cls: 1.360 Stats: 0.0010 | 1.1s
  Epoch 292/400 | Total: 1.840 Edge: 0.333 Con: 0.139 Cls: 1.368 Stats: 0.0010 | 1.1s
  Epoch 293/400 | Total: 1.853 Edge: 0.333 Con: 0.139 Cls: 1.380 Stats: 0.0010 | 0.9s
  Epoch 294/400 | Total: 1.828 Edge: 0.338 Con: 0.139 Cls: 1.349 Stats: 0.0010 | 0.9s
  Epoch 295/400 | Total: 1.861 Edge: 0.347 Con: 0.140 Cls: 1.373 Stats: 0.0010 | Val F1: 0.3477 | 0.9s
  Epoch 296/400 | Total: 1.841 Edge: 0.340 Con: 0.140 Cls: 1.360 Stats: 0.0010 | 1.0s
  Epoch 297/400 | Total: 1.871 Edge: 0.339 Con: 0.139 Cls: 1.391 Stats: 0.0010 | 0.9s
  Epoch 298/400 | Total: 1.846 Edge: 0.333 Con: 0.139 Cls: 1.372 Stats: 0.0010 | 1.1s
  Epoch 299/400 | Total: 1.829 Edge: 0.333 Con: 0.139 Cls: 1.356 Stats: 0.0010 | 0.9s
  Epoch 300/400 | Total: 1.838 Edge: 0.337 Con: 0.138 Cls: 1.362 Stats: 0.0010 | Val F1: 0.3479 | 1.1s
  Epoch 301/400 | Total: 1.831 Edge: 0.336 Con: 0.139 Cls: 1.355 Stats: 0.0010 | 1.1s
  Epoch 302/400 | Total: 1.834 Edge: 0.332 Con: 0.139 Cls: 1.361 Stats: 0.0010 | 1.0s
  Epoch 303/400 | Total: 1.832 Edge: 0.330 Con: 0.138 Cls: 1.363 Stats: 0.0010 | 0.9s
  Epoch 304/400 | Total: 1.843 Edge: 0.333 Con: 0.138 Cls: 1.371 Stats: 0.0010 | 1.4s
  Epoch 305/400 | Total: 1.824 Edge: 0.330 Con: 0.138 Cls: 1.354 Stats: 0.0010 | Val F1: 0.3598 | 1.3s
  Epoch 306/400 | Total: 1.824 Edge: 0.332 Con: 0.139 Cls: 1.351 Stats: 0.0010 | 1.3s
  Epoch 307/400 | Total: 1.827 Edge: 0.329 Con: 0.139 Cls: 1.358 Stats: 0.0010 | 1.1s
  Epoch 308/400 | Total: 1.877 Edge: 0.335 Con: 0.139 Cls: 1.401 Stats: 0.0010 | 0.9s
  Epoch 309/400 | Total: 1.852 Edge: 0.335 Con: 0.139 Cls: 1.377 Stats: 0.0010 | 1.0s
  Epoch 310/400 | Total: 1.835 Edge: 0.333 Con: 0.139 Cls: 1.362 Stats: 0.0010 | Val F1: 0.3406 | 0.9s
  Epoch 311/400 | Total: 1.840 Edge: 0.335 Con: 0.140 Cls: 1.365 Stats: 0.0010 | 0.8s
  Epoch 312/400 | Total: 1.855 Edge: 0.339 Con: 0.139 Cls: 1.376 Stats: 0.0010 | 0.9s
  Epoch 313/400 | Total: 1.849 Edge: 0.345 Con: 0.139 Cls: 1.364 Stats: 0.0010 | 1.0s
  Epoch 314/400 | Total: 1.851 Edge: 0.337 Con: 0.138 Cls: 1.374 Stats: 0.0010 | 0.9s
  Epoch 315/400 | Total: 1.831 Edge: 0.335 Con: 0.140 Cls: 1.355 Stats: 0.0010 | Val F1: 0.3497 | 0.9s
  Epoch 316/400 | Total: 1.820 Edge: 0.332 Con: 0.139 Cls: 1.348 Stats: 0.0010 | 0.9s
  Epoch 317/400 | Total: 1.828 Edge: 0.334 Con: 0.139 Cls: 1.355 Stats: 0.0010 | 0.9s
  Epoch 318/400 | Total: 1.823 Edge: 0.332 Con: 0.139 Cls: 1.350 Stats: 0.0010 | 1.0s
  Epoch 319/400 | Total: 1.823 Edge: 0.328 Con: 0.139 Cls: 1.355 Stats: 0.0010 | 0.8s
  Epoch 320/400 | Total: 1.820 Edge: 0.331 Con: 0.138 Cls: 1.349 Stats: 0.0010 | Val F1: 0.3561 | 0.8s
  Epoch 321/400 | Total: 1.822 Edge: 0.331 Con: 0.139 Cls: 1.351 Stats: 0.0010 | 1.0s
  Epoch 322/400 | Total: 1.837 Edge: 0.331 Con: 0.139 Cls: 1.366 Stats: 0.0010 | 0.8s
  Epoch 323/400 | Total: 1.831 Edge: 0.336 Con: 0.139 Cls: 1.355 Stats: 0.0010 | 0.8s
  Epoch 324/400 | Total: 1.819 Edge: 0.330 Con: 0.139 Cls: 1.349 Stats: 0.0010 | 0.8s
  Epoch 325/400 | Total: 1.836 Edge: 0.333 Con: 0.139 Cls: 1.363 Stats: 0.0010 | Val F1: 0.3571 | 0.8s
  Epoch 326/400 | Total: 1.835 Edge: 0.333 Con: 0.139 Cls: 1.363 Stats: 0.0010 | 0.9s
  Epoch 327/400 | Total: 1.850 Edge: 0.334 Con: 0.139 Cls: 1.376 Stats: 0.0010 | 0.8s
  Epoch 328/400 | Total: 1.824 Edge: 0.334 Con: 0.139 Cls: 1.351 Stats: 0.0010 | 0.8s
  Epoch 329/400 | Total: 1.822 Edge: 0.330 Con: 0.139 Cls: 1.352 Stats: 0.0010 | 0.9s
  Epoch 330/400 | Total: 1.815 Edge: 0.327 Con: 0.138 Cls: 1.349 Stats: 0.0010 | Val F1: 0.3550 | 0.8s
  Epoch 331/400 | Total: 1.812 Edge: 0.326 Con: 0.138 Cls: 1.347 Stats: 0.0010 | 0.8s
  Epoch 332/400 | Total: 1.812 Edge: 0.327 Con: 0.138 Cls: 1.345 Stats: 0.0010 | 0.8s
  Epoch 333/400 | Total: 1.839 Edge: 0.333 Con: 0.139 Cls: 1.365 Stats: 0.0010 | 0.8s
  Epoch 334/400 | Total: 1.833 Edge: 0.330 Con: 0.139 Cls: 1.363 Stats: 0.0010 | 1.0s
  Epoch 335/400 | Total: 1.835 Edge: 0.329 Con: 0.139 Cls: 1.366 Stats: 0.0010 | Val F1: 0.3585 | 0.8s
  Epoch 336/400 | Total: 1.820 Edge: 0.331 Con: 0.138 Cls: 1.350 Stats: 0.0010 | 0.9s
  Epoch 337/400 | Total: 1.849 Edge: 0.333 Con: 0.139 Cls: 1.376 Stats: 0.0010 | 0.8s
  Epoch 338/400 | Total: 1.842 Edge: 0.337 Con: 0.139 Cls: 1.365 Stats: 0.0010 | 0.8s
  Epoch 339/400 | Total: 1.817 Edge: 0.339 Con: 0.139 Cls: 1.337 Stats: 0.0010 | 0.8s
  Epoch 340/400 | Total: 1.831 Edge: 0.341 Con: 0.139 Cls: 1.350 Stats: 0.0010 | Val F1: 0.3568 | 1.0s
  Epoch 341/400 | Total: 1.824 Edge: 0.331 Con: 0.138 Cls: 1.354 Stats: 0.0010 | 0.9s
  Epoch 342/400 | Total: 1.846 Edge: 0.330 Con: 0.139 Cls: 1.375 Stats: 0.0010 | 0.8s
  Epoch 343/400 | Total: 1.844 Edge: 0.330 Con: 0.139 Cls: 1.374 Stats: 0.0010 | 0.8s
  Epoch 344/400 | Total: 1.822 Edge: 0.326 Con: 0.139 Cls: 1.356 Stats: 0.0010 | 0.8s
  Epoch 345/400 | Total: 1.829 Edge: 0.326 Con: 0.138 Cls: 1.364 Stats: 0.0010 | Val F1: 0.3522 | 0.8s
  Epoch 346/400 | Total: 1.820 Edge: 0.326 Con: 0.139 Cls: 1.354 Stats: 0.0010 | 0.9s
  Epoch 347/400 | Total: 1.810 Edge: 0.331 Con: 0.139 Cls: 1.340 Stats: 0.0010 | 0.8s
  Epoch 348/400 | Total: 1.812 Edge: 0.328 Con: 0.138 Cls: 1.344 Stats: 0.0010 | 0.8s
  Epoch 349/400 | Total: 1.820 Edge: 0.327 Con: 0.139 Cls: 1.353 Stats: 0.0010 | 0.8s
  Epoch 350/400 | Total: 1.813 Edge: 0.328 Con: 0.139 Cls: 1.345 Stats: 0.0010 | Val F1: 0.3608 | 0.9s
  Epoch 351/400 | Total: 1.806 Edge: 0.325 Con: 0.139 Cls: 1.341 Stats: 0.0010 | 0.8s
  Epoch 352/400 | Total: 1.816 Edge: 0.325 Con: 0.138 Cls: 1.351 Stats: 0.0010 | 0.9s
  Epoch 353/400 | Total: 1.808 Edge: 0.325 Con: 0.139 Cls: 1.343 Stats: 0.0010 | 0.8s
  Epoch 354/400 | Total: 1.812 Edge: 0.325 Con: 0.139 Cls: 1.347 Stats: 0.0010 | 0.8s
  Epoch 355/400 | Total: 1.800 Edge: 0.326 Con: 0.139 Cls: 1.335 Stats: 0.0010 | Val F1: 0.3641 | 0.8s
  Epoch 356/400 | Total: 1.839 Edge: 0.327 Con: 0.139 Cls: 1.372 Stats: 0.0010 | 0.8s
  Epoch 357/400 | Total: 1.809 Edge: 0.331 Con: 0.139 Cls: 1.338 Stats: 0.0010 | 0.8s
  Epoch 358/400 | Total: 1.807 Edge: 0.327 Con: 0.138 Cls: 1.341 Stats: 0.0010 | 0.9s
  Epoch 359/400 | Total: 1.806 Edge: 0.326 Con: 0.138 Cls: 1.341 Stats: 0.0010 | 0.8s
  Epoch 360/400 | Total: 1.803 Edge: 0.326 Con: 0.139 Cls: 1.337 Stats: 0.0010 | Val F1: 0.3648 | 0.8s
  Epoch 361/400 | Total: 1.799 Edge: 0.325 Con: 0.138 Cls: 1.335 Stats: 0.0010 | 1.0s
  Epoch 362/400 | Total: 1.816 Edge: 0.327 Con: 0.139 Cls: 1.349 Stats: 0.0010 | 0.8s
  Epoch 363/400 | Total: 1.824 Edge: 0.330 Con: 0.139 Cls: 1.354 Stats: 0.0010 | 1.0s
  Epoch 364/400 | Total: 1.819 Edge: 0.333 Con: 0.138 Cls: 1.347 Stats: 0.0010 | 0.8s
  Epoch 365/400 | Total: 1.817 Edge: 0.330 Con: 0.139 Cls: 1.347 Stats: 0.0010 | Val F1: 0.3546 | 1.1s
  Epoch 366/400 | Total: 1.819 Edge: 0.329 Con: 0.138 Cls: 1.351 Stats: 0.0010 | 0.9s
  Epoch 367/400 | Total: 1.812 Edge: 0.330 Con: 0.138 Cls: 1.342 Stats: 0.0010 | 0.9s
  Epoch 368/400 | Total: 1.830 Edge: 0.325 Con: 0.138 Cls: 1.366 Stats: 0.0010 | 0.9s
  Epoch 369/400 | Total: 1.825 Edge: 0.328 Con: 0.139 Cls: 1.357 Stats: 0.0010 | 0.9s
  Epoch 370/400 | Total: 1.817 Edge: 0.337 Con: 0.139 Cls: 1.340 Stats: 0.0010 | Val F1: 0.3570 | 0.9s
  Epoch 371/400 | Total: 1.845 Edge: 0.342 Con: 0.138 Cls: 1.364 Stats: 0.0010 | 1.0s
  Epoch 372/400 | Total: 1.853 Edge: 0.342 Con: 0.139 Cls: 1.371 Stats: 0.0010 | 0.8s
  Epoch 373/400 | Total: 1.820 Edge: 0.330 Con: 0.139 Cls: 1.349 Stats: 0.0010 | 1.1s
  Epoch 374/400 | Total: 1.804 Edge: 0.327 Con: 0.139 Cls: 1.337 Stats: 0.0010 | 0.9s
  Epoch 375/400 | Total: 1.811 Edge: 0.329 Con: 0.139 Cls: 1.343 Stats: 0.0010 | Val F1: 0.3585 | 0.8s
  Epoch 376/400 | Total: 1.819 Edge: 0.326 Con: 0.139 Cls: 1.353 Stats: 0.0010 | 0.9s
  Epoch 377/400 | Total: 1.809 Edge: 0.325 Con: 0.138 Cls: 1.345 Stats: 0.0010 | 0.8s
  Epoch 378/400 | Total: 1.853 Edge: 0.333 Con: 0.139 Cls: 1.380 Stats: 0.0010 | 0.9s
  Epoch 379/400 | Total: 1.819 Edge: 0.330 Con: 0.139 Cls: 1.350 Stats: 0.0010 | 0.8s
  Epoch 380/400 | Total: 1.820 Edge: 0.331 Con: 0.138 Cls: 1.349 Stats: 0.0010 | Val F1: 0.3634 | 0.9s
  Epoch 381/400 | Total: 1.811 Edge: 0.330 Con: 0.138 Cls: 1.342 Stats: 0.0010 | 0.8s
  Epoch 382/400 | Total: 1.812 Edge: 0.329 Con: 0.139 Cls: 1.343 Stats: 0.0010 | 0.9s
  Epoch 383/400 | Total: 1.825 Edge: 0.330 Con: 0.139 Cls: 1.355 Stats: 0.0010 | 0.9s
  Epoch 384/400 | Total: 1.808 Edge: 0.327 Con: 0.139 Cls: 1.342 Stats: 0.0010 | 0.8s
  Epoch 385/400 | Total: 1.840 Edge: 0.328 Con: 0.138 Cls: 1.373 Stats: 0.0010 | Val F1: 0.3549 | 0.9s
  Epoch 386/400 | Total: 1.829 Edge: 0.331 Con: 0.140 Cls: 1.358 Stats: 0.0010 | 0.9s
  Epoch 387/400 | Total: 1.822 Edge: 0.325 Con: 0.139 Cls: 1.358 Stats: 0.0010 | 0.8s
  Epoch 388/400 | Total: 1.804 Edge: 0.328 Con: 0.138 Cls: 1.338 Stats: 0.0010 | 0.9s
  Epoch 389/400 | Total: 1.803 Edge: 0.325 Con: 0.137 Cls: 1.339 Stats: 0.0010 | 0.9s
  Epoch 390/400 | Total: 1.803 Edge: 0.326 Con: 0.137 Cls: 1.339 Stats: 0.0010 | Val F1: 0.3547 | 0.8s
  Epoch 391/400 | Total: 1.815 Edge: 0.331 Con: 0.139 Cls: 1.344 Stats: 0.0010 | 0.9s
  Epoch 392/400 | Total: 1.824 Edge: 0.333 Con: 0.139 Cls: 1.350 Stats: 0.0010 | 0.8s
  Epoch 393/400 | Total: 1.813 Edge: 0.327 Con: 0.139 Cls: 1.346 Stats: 0.0010 | 0.9s
  Epoch 394/400 | Total: 1.803 Edge: 0.327 Con: 0.138 Cls: 1.337 Stats: 0.0010 | 0.9s
  Epoch 395/400 | Total: 1.799 Edge: 0.325 Con: 0.138 Cls: 1.335 Stats: 0.0010 | Val F1: 0.3563 | 0.8s
  Epoch 396/400 | Total: 1.809 Edge: 0.324 Con: 0.139 Cls: 1.346 Stats: 0.0010 | 0.9s
  Epoch 397/400 | Total: 1.792 Edge: 0.322 Con: 0.139 Cls: 1.330 Stats: 0.0010 | 1.1s
  Epoch 398/400 | Total: 1.800 Edge: 0.325 Con: 0.138 Cls: 1.336 Stats: 0.0010 | 0.9s
  Epoch 399/400 | Total: 1.809 Edge: 0.324 Con: 0.138 Cls: 1.347 Stats: 0.0010 | 0.9s
  Epoch 400/400 | Total: 1.842 Edge: 0.326 Con: 0.138 Cls: 1.377 Stats: 0.0010 | Val F1: 0.3531 | 1.0s
  Best Val F1: 0.3648 | Test F1: 0.3634
  Total training time: 415.7s (6.9 min)

======================================================================
  Val  Macro-F1: 0.3648
  Test Macro-F1: 0.3634
  Test Accuracy: 0.6269
  Time: 420.5s
======================================================================

  Results saved to: results/NESS_ogbn-arxiv_MCAR_0.6_20260723_013146
