/home/erfan/MATE/venv/lib/python3.13/site-packages/outdated/__init__.py:36: UserWarning: pkg_resources is deprecated as an API. See https://setuptools.pypa.io/en/latest/pkg_resources.html. The pkg_resources package is slated for removal as early as 2025-11-30. Refrain from using this package or pin to Setuptools<81.
  from pkg_resources import parse_version
/home/erfan/MATE/ogbn_benchmarks/data_loader.py:96: UserWarning: Sparse invariant checks are implicitly disabled. Memory errors (e.g. SEGFAULT) will occur when operating on a sparse tensor which violates the invariants, but checks incur performance overhead. To silence this warning, explicitly opt in or out. See `torch.sparse.check_sparse_tensor_invariants.__doc__` for guidance.  (Triggered internally at /pytorch/aten/src/ATen/Context.cpp:760.)
  adj = torch.sparse_coo_tensor(edge_index, vals, (num_nodes, num_nodes)).coalesce()
======================================================================
  FP | ogbn-arxiv | MCAR @ 80% | lr=0.001
======================================================================
[1/3] Loading ogbn-arxiv...
  169,343 nodes | 128 dims | 40 classes
[2/3] Simulating MCAR missingness...
Simulating MCAR missingness at 80% rate...
  MCAR: Uniform random selection
  Observable: 33,869 (20.0%)
  Masked: 135,474 (80.0%)
  Observable: 33,869 | Val: 67,737 | Test: 67,737
[3/3] Running FP...
  Feature propagation (40 iterations)...
    Propagation done in 0.5s
  Training classifier for up to 800 epochs (patience=20)...
  Epoch 5/800 | Loss: 1.4769 | Val F1: 0.2683 | 0.8s
  Epoch 10/800 | Loss: 1.3463 | Val F1: 0.3264 | 0.8s
  Epoch 15/800 | Loss: 1.2962 | Val F1: 0.3393 | 0.8s
  Epoch 20/800 | Loss: 1.2566 | Val F1: 0.3578 | 0.8s
  Epoch 25/800 | Loss: 1.2364 | Val F1: 0.3675 | 0.8s
  Epoch 30/800 | Loss: 1.2199 | Val F1: 0.3745 | 0.8s
  Epoch 35/800 | Loss: 1.2081 | Val F1: 0.3768 | 0.8s
  Epoch 40/800 | Loss: 1.1958 | Val F1: 0.3827 | 0.8s
  Epoch 45/800 | Loss: 1.1763 | Val F1: 0.3809 | 0.8s
  Epoch 50/800 | Loss: 1.1792 | Val F1: 0.3880 | 0.8s
  Epoch 55/800 | Loss: 1.1725 | Val F1: 0.3845 | 0.8s
  Epoch 60/800 | Loss: 1.1583 | Val F1: 0.3877 | 0.8s
  Epoch 65/800 | Loss: 1.1518 | Val F1: 0.4014 | 0.8s
  Epoch 70/800 | Loss: 1.1410 | Val F1: 0.3867 | 0.8s
  Epoch 75/800 | Loss: 1.1518 | Val F1: 0.3996 | 0.8s
  Epoch 80/800 | Loss: 1.1391 | Val F1: 0.3895 | 0.8s
  Epoch 85/800 | Loss: 1.1450 | Val F1: 0.3912 | 0.8s
  Epoch 90/800 | Loss: 1.1325 | Val F1: 0.3997 | 0.8s
  Epoch 95/800 | Loss: 1.1398 | Val F1: 0.3919 | 0.8s
  Epoch 100/800 | Loss: 1.1373 | Val F1: 0.3983 | 0.8s
  Epoch 105/800 | Loss: 1.1282 | Val F1: 0.4024 | 0.8s
  Epoch 110/800 | Loss: 1.1268 | Val F1: 0.3990 | 0.8s
  Epoch 115/800 | Loss: 1.1265 | Val F1: 0.4002 | 0.8s
  Epoch 120/800 | Loss: 1.1296 | Val F1: 0.3973 | 0.8s
  Epoch 125/800 | Loss: 1.1274 | Val F1: 0.4056 | 0.8s
  Epoch 130/800 | Loss: 1.1261 | Val F1: 0.3895 | 0.8s
  Epoch 135/800 | Loss: 1.1211 | Val F1: 0.4021 | 0.8s
  Epoch 140/800 | Loss: 1.1179 | Val F1: 0.4030 | 0.8s
  Epoch 145/800 | Loss: 1.1140 | Val F1: 0.4031 | 0.8s
  Epoch 150/800 | Loss: 1.1197 | Val F1: 0.4011 | 0.8s
  Epoch 155/800 | Loss: 1.1245 | Val F1: 0.3978 | 0.8s
  Epoch 160/800 | Loss: 1.1272 | Val F1: 0.3924 | 0.8s
  Epoch 165/800 | Loss: 1.1141 | Val F1: 0.4048 | 0.8s
  Epoch 170/800 | Loss: 1.1190 | Val F1: 0.3951 | 0.8s
  Epoch 175/800 | Loss: 1.1149 | Val F1: 0.3945 | 0.8s
  Epoch 180/800 | Loss: 1.1175 | Val F1: 0.4035 | 0.8s
  Epoch 185/800 | Loss: 1.1182 | Val F1: 0.4087 | 0.8s
  Epoch 190/800 | Loss: 1.1071 | Val F1: 0.4082 | 0.8s
  Epoch 195/800 | Loss: 1.1095 | Val F1: 0.3993 | 0.8s
  Epoch 200/800 | Loss: 1.1127 | Val F1: 0.4080 | 0.8s
  Epoch 205/800 | Loss: 1.1069 | Val F1: 0.4087 | 0.8s
  Epoch 210/800 | Loss: 1.1096 | Val F1: 0.4028 | 0.8s
  Epoch 215/800 | Loss: 1.1110 | Val F1: 0.3988 | 0.8s
  Epoch 220/800 | Loss: 1.1101 | Val F1: 0.4014 | 0.8s
  Epoch 225/800 | Loss: 1.1090 | Val F1: 0.3993 | 0.8s
  Epoch 230/800 | Loss: 1.1116 | Val F1: 0.4053 | 0.8s
  Epoch 235/800 | Loss: 1.1018 | Val F1: 0.3991 | 0.8s
  Epoch 240/800 | Loss: 1.1008 | Val F1: 0.3991 | 0.8s
  Epoch 245/800 | Loss: 1.1052 | Val F1: 0.3994 | 0.8s
  Epoch 250/800 | Loss: 1.1088 | Val F1: 0.4079 | 0.8s
  Epoch 255/800 | Loss: 1.0997 | Val F1: 0.4083 | 0.8s
  Epoch 260/800 | Loss: 1.0984 | Val F1: 0.4097 | 0.8s
  Epoch 265/800 | Loss: 1.0957 | Val F1: 0.4001 | 0.8s
  Epoch 270/800 | Loss: 1.1066 | Val F1: 0.4042 | 0.8s
  Epoch 275/800 | Loss: 1.1002 | Val F1: 0.4045 | 0.8s
  Epoch 280/800 | Loss: 1.0911 | Val F1: 0.3989 | 0.8s
  Epoch 285/800 | Loss: 1.0992 | Val F1: 0.4024 | 0.8s
  Epoch 290/800 | Loss: 1.1053 | Val F1: 0.4121 | 0.7s
  Epoch 295/800 | Loss: 1.1061 | Val F1: 0.4122 | 0.7s
  Epoch 300/800 | Loss: 1.0982 | Val F1: 0.4043 | 0.7s
  Epoch 305/800 | Loss: 1.1002 | Val F1: 0.4053 | 0.7s
  Epoch 310/800 | Loss: 1.1084 | Val F1: 0.4007 | 0.7s
  Epoch 315/800 | Loss: 1.1009 | Val F1: 0.4117 | 0.7s
  Epoch 320/800 | Loss: 1.1023 | Val F1: 0.4028 | 0.6s
  Epoch 325/800 | Loss: 1.0927 | Val F1: 0.4044 | 0.7s
  Epoch 330/800 | Loss: 1.0976 | Val F1: 0.4061 | 0.7s
  Epoch 335/800 | Loss: 1.1025 | Val F1: 0.4100 | 0.7s
  Epoch 340/800 | Loss: 1.0924 | Val F1: 0.4117 | 0.7s
  Epoch 345/800 | Loss: 1.0955 | Val F1: 0.4086 | 0.7s
  Epoch 350/800 | Loss: 1.1002 | Val F1: 0.4053 | 0.7s
  Epoch 355/800 | Loss: 1.0984 | Val F1: 0.4008 | 0.6s
  Epoch 360/800 | Loss: 1.0960 | Val F1: 0.4011 | 0.7s
  Epoch 365/800 | Loss: 1.0961 | Val F1: 0.4001 | 0.6s
  Epoch 370/800 | Loss: 1.1014 | Val F1: 0.4109 | 0.7s
  Epoch 375/800 | Loss: 1.0991 | Val F1: 0.4054 | 0.6s
  Epoch 380/800 | Loss: 1.0957 | Val F1: 0.4048 | 0.7s
  Epoch 385/800 | Loss: 1.0933 | Val F1: 0.4041 | 0.7s
  Epoch 390/800 | Loss: 1.0903 | Val F1: 0.4049 | 0.7s
  Epoch 395/800 | Loss: 1.0971 | Val F1: 0.4027 | 0.6s
  Early stopping at epoch 395
  Best Val F1: 0.4122 | Test F1: 0.4156
  Total training time: 368.0s (6.1 min)

======================================================================
  Val  Macro-F1: 0.4122
  Test Macro-F1: 0.4156
  Test Accuracy: 0.6528
  Time: 369.4s
  Peak GPU mem: 0.43 GB
======================================================================

  Results saved to: results/FP_ogbn-arxiv_MCAR_0.8_20260725_092541
