/home/erfan/MATE/venv/lib/python3.13/site-packages/outdated/__init__.py:36: UserWarning: pkg_resources is deprecated as an API. See https://setuptools.pypa.io/en/latest/pkg_resources.html. The pkg_resources package is slated for removal as early as 2025-11-30. Refrain from using this package or pin to Setuptools<81.
  from pkg_resources import parse_version
/home/erfan/MATE/ogbn_benchmarks/data_loader.py:96: UserWarning: Sparse invariant checks are implicitly disabled. Memory errors (e.g. SEGFAULT) will occur when operating on a sparse tensor which violates the invariants, but checks incur performance overhead. To silence this warning, explicitly opt in or out. See `torch.sparse.check_sparse_tensor_invariants.__doc__` for guidance.  (Triggered internally at /pytorch/aten/src/ATen/Context.cpp:760.)
  adj = torch.sparse_coo_tensor(edge_index, vals, (num_nodes, num_nodes)).coalesce()
======================================================================
  MATE | ogbn-arxiv | MCAR @ 80% | lr=0.001
======================================================================
[1/3] Loading ogbn-arxiv...
  169,343 nodes | 128 dims | 40 classes
[2/3] Simulating MCAR missingness...
Simulating MCAR missingness at 80% rate...
  MCAR: Uniform random selection
  Observable: 33,869 (20.0%)
  Masked: 135,474 (80.0%)
  Observable: 33,869 | Val: 67,737 | Test: 67,737
[3/3] Running MATE...
  Partitioning graph into 20 clusters...
  Pre-caching clusters...
  Cached 20 clusters
  Training MATE for up to 800 epochs (patience=20)...
  Epoch 5/800 | Total: 4.016 Edge: 0.634 Con: 0.330 Cls: 3.052 | Val F1: 0.0126 | 2.5s
  Epoch 10/800 | Total: 3.396 Edge: 0.570 Con: 0.237 Cls: 2.589 | Val F1: 0.0318 | 2.4s
  Epoch 15/800 | Total: 2.932 Edge: 0.512 Con: 0.212 Cls: 2.208 | Val F1: 0.0551 | 2.4s
  Epoch 20/800 | Total: 2.666 Edge: 0.481 Con: 0.201 Cls: 1.984 | Val F1: 0.0890 | 2.4s
  Epoch 25/800 | Total: 2.485 Edge: 0.459 Con: 0.194 Cls: 1.831 | Val F1: 0.1223 | 2.4s
  Epoch 30/800 | Total: 2.386 Edge: 0.450 Con: 0.190 Cls: 1.746 | Val F1: 0.1633 | 2.5s
  Epoch 35/800 | Total: 2.271 Edge: 0.437 Con: 0.190 Cls: 1.644 | Val F1: 0.1891 | 2.4s
  Epoch 40/800 | Total: 2.236 Edge: 0.436 Con: 0.190 Cls: 1.610 | Val F1: 0.2150 | 2.4s
  Epoch 45/800 | Total: 2.144 Edge: 0.425 Con: 0.190 Cls: 1.528 | Val F1: 0.2256 | 2.4s
  Epoch 50/800 | Total: 2.115 Edge: 0.425 Con: 0.190 Cls: 1.499 | Val F1: 0.2508 | 1.9s
  Epoch 55/800 | Total: 2.029 Edge: 0.418 Con: 0.191 Cls: 1.420 | Val F1: 0.2779 | 1.9s
  Epoch 60/800 | Total: 2.003 Edge: 0.416 Con: 0.191 Cls: 1.395 | Val F1: 0.2919 | 2.0s
  Epoch 65/800 | Total: 1.959 Edge: 0.417 Con: 0.194 Cls: 1.349 | Val F1: 0.3170 | 2.0s
  Epoch 70/800 | Total: 1.919 Edge: 0.410 Con: 0.192 Cls: 1.317 | Val F1: 0.3362 | 1.9s
  Epoch 75/800 | Total: 1.884 Edge: 0.406 Con: 0.192 Cls: 1.286 | Val F1: 0.3585 | 2.0s
  Epoch 80/800 | Total: 1.878 Edge: 0.407 Con: 0.192 Cls: 1.279 | Val F1: 0.3559 | 1.9s
  Epoch 85/800 | Total: 1.847 Edge: 0.402 Con: 0.194 Cls: 1.251 | Val F1: 0.3702 | 1.9s
  Epoch 90/800 | Total: 1.833 Edge: 0.399 Con: 0.194 Cls: 1.240 | Val F1: 0.3847 | 1.9s
  Epoch 95/800 | Total: 1.816 Edge: 0.398 Con: 0.193 Cls: 1.226 | Val F1: 0.3740 | 2.0s
  Epoch 100/800 | Total: 1.791 Edge: 0.397 Con: 0.193 Cls: 1.200 | Val F1: 0.3925 | 2.0s
  Epoch 105/800 | Total: 1.791 Edge: 0.396 Con: 0.194 Cls: 1.202 | Val F1: 0.3879 | 1.9s
  Epoch 110/800 | Total: 1.754 Edge: 0.390 Con: 0.193 Cls: 1.172 | Val F1: 0.3922 | 2.0s
  Epoch 115/800 | Total: 1.758 Edge: 0.385 Con: 0.193 Cls: 1.180 | Val F1: 0.4026 | 1.9s
  Epoch 120/800 | Total: 1.755 Edge: 0.387 Con: 0.194 Cls: 1.174 | Val F1: 0.3972 | 1.9s
  Epoch 125/800 | Total: 1.734 Edge: 0.383 Con: 0.191 Cls: 1.159 | Val F1: 0.4015 | 2.0s
  Epoch 130/800 | Total: 1.728 Edge: 0.379 Con: 0.193 Cls: 1.156 | Val F1: 0.4023 | 2.1s
  Epoch 135/800 | Total: 1.710 Edge: 0.379 Con: 0.191 Cls: 1.140 | Val F1: 0.3997 | 2.2s
  Epoch 140/800 | Total: 1.715 Edge: 0.379 Con: 0.193 Cls: 1.143 | Val F1: 0.4061 | 2.5s
  Epoch 145/800 | Total: 1.698 Edge: 0.377 Con: 0.191 Cls: 1.131 | Val F1: 0.4172 | 2.5s
  Epoch 150/800 | Total: 1.704 Edge: 0.378 Con: 0.191 Cls: 1.135 | Val F1: 0.4009 | 2.5s
  Epoch 155/800 | Total: 1.700 Edge: 0.372 Con: 0.191 Cls: 1.137 | Val F1: 0.4166 | 2.5s
  Epoch 160/800 | Total: 1.679 Edge: 0.373 Con: 0.191 Cls: 1.115 | Val F1: 0.4153 | 2.4s
  Epoch 165/800 | Total: 1.673 Edge: 0.376 Con: 0.191 Cls: 1.106 | Val F1: 0.4222 | 2.4s
  Epoch 170/800 | Total: 1.667 Edge: 0.372 Con: 0.190 Cls: 1.106 | Val F1: 0.4211 | 2.4s
  Epoch 175/800 | Total: 1.651 Edge: 0.369 Con: 0.190 Cls: 1.091 | Val F1: 0.4226 | 2.5s
  Epoch 180/800 | Total: 1.658 Edge: 0.370 Con: 0.190 Cls: 1.098 | Val F1: 0.4229 | 2.4s
  Epoch 185/800 | Total: 1.662 Edge: 0.376 Con: 0.190 Cls: 1.095 | Val F1: 0.4225 | 2.4s
  Epoch 190/800 | Total: 1.638 Edge: 0.370 Con: 0.189 Cls: 1.078 | Val F1: 0.4289 | 2.4s
  Epoch 195/800 | Total: 1.644 Edge: 0.367 Con: 0.188 Cls: 1.089 | Val F1: 0.4250 | 2.4s
  Epoch 200/800 | Total: 1.640 Edge: 0.373 Con: 0.189 Cls: 1.077 | Val F1: 0.4303 | 2.4s
  Epoch 205/800 | Total: 1.658 Edge: 0.366 Con: 0.190 Cls: 1.102 | Val F1: 0.4232 | 2.5s
  Epoch 210/800 | Total: 1.641 Edge: 0.370 Con: 0.189 Cls: 1.083 | Val F1: 0.4271 | 2.5s
  Epoch 215/800 | Total: 1.645 Edge: 0.373 Con: 0.190 Cls: 1.082 | Val F1: 0.4306 | 2.4s
  Epoch 220/800 | Total: 1.615 Edge: 0.365 Con: 0.190 Cls: 1.060 | Val F1: 0.4263 | 2.4s
  Epoch 225/800 | Total: 1.634 Edge: 0.367 Con: 0.190 Cls: 1.077 | Val F1: 0.4282 | 2.4s
  Epoch 230/800 | Total: 1.665 Edge: 0.368 Con: 0.190 Cls: 1.107 | Val F1: 0.4205 | 2.4s
  Epoch 235/800 | Total: 1.604 Edge: 0.364 Con: 0.189 Cls: 1.051 | Val F1: 0.4263 | 2.5s
  Epoch 240/800 | Total: 1.617 Edge: 0.364 Con: 0.189 Cls: 1.063 | Val F1: 0.4279 | 2.4s
  Epoch 245/800 | Total: 1.602 Edge: 0.365 Con: 0.190 Cls: 1.046 | Val F1: 0.4310 | 2.4s
  Epoch 250/800 | Total: 1.606 Edge: 0.367 Con: 0.189 Cls: 1.050 | Val F1: 0.4268 | 2.4s
  Epoch 255/800 | Total: 1.607 Edge: 0.370 Con: 0.189 Cls: 1.048 | Val F1: 0.4305 | 2.4s
  Epoch 260/800 | Total: 1.605 Edge: 0.363 Con: 0.189 Cls: 1.054 | Val F1: 0.4355 | 2.4s
  Epoch 265/800 | Total: 1.592 Edge: 0.363 Con: 0.190 Cls: 1.039 | Val F1: 0.4302 | 2.4s
  Epoch 270/800 | Total: 1.588 Edge: 0.361 Con: 0.188 Cls: 1.039 | Val F1: 0.4368 | 2.4s
  Epoch 275/800 | Total: 1.620 Edge: 0.378 Con: 0.189 Cls: 1.054 | Val F1: 0.4325 | 2.3s
  Epoch 280/800 | Total: 1.605 Edge: 0.360 Con: 0.187 Cls: 1.058 | Val F1: 0.4327 | 2.3s
  Epoch 285/800 | Total: 1.613 Edge: 0.362 Con: 0.188 Cls: 1.064 | Val F1: 0.4295 | 1.9s
  Epoch 290/800 | Total: 1.597 Edge: 0.367 Con: 0.187 Cls: 1.043 | Val F1: 0.4308 | 2.0s
  Epoch 295/800 | Total: 1.584 Edge: 0.361 Con: 0.188 Cls: 1.035 | Val F1: 0.4359 | 1.9s
  Epoch 300/800 | Total: 1.579 Edge: 0.360 Con: 0.188 Cls: 1.031 | Val F1: 0.4369 | 1.9s
  Epoch 305/800 | Total: 1.567 Edge: 0.359 Con: 0.188 Cls: 1.020 | Val F1: 0.4346 | 2.0s
  Epoch 310/800 | Total: 1.590 Edge: 0.359 Con: 0.190 Cls: 1.040 | Val F1: 0.4355 | 1.9s
  Epoch 315/800 | Total: 1.581 Edge: 0.362 Con: 0.190 Cls: 1.029 | Val F1: 0.4302 | 1.9s
  Epoch 320/800 | Total: 1.570 Edge: 0.359 Con: 0.188 Cls: 1.023 | Val F1: 0.4389 | 2.0s
  Epoch 325/800 | Total: 1.606 Edge: 0.364 Con: 0.188 Cls: 1.055 | Val F1: 0.4331 | 2.0s
  Epoch 330/800 | Total: 1.578 Edge: 0.360 Con: 0.189 Cls: 1.029 | Val F1: 0.4347 | 1.9s
  Epoch 335/800 | Total: 1.575 Edge: 0.365 Con: 0.189 Cls: 1.021 | Val F1: 0.4260 | 1.9s
  Epoch 340/800 | Total: 1.580 Edge: 0.363 Con: 0.189 Cls: 1.028 | Val F1: 0.4388 | 2.0s
  Epoch 345/800 | Total: 1.553 Edge: 0.358 Con: 0.187 Cls: 1.009 | Val F1: 0.4362 | 2.0s
  Epoch 350/800 | Total: 1.573 Edge: 0.355 Con: 0.188 Cls: 1.031 | Val F1: 0.4342 | 1.9s
  Epoch 355/800 | Total: 1.560 Edge: 0.359 Con: 0.189 Cls: 1.011 | Val F1: 0.4370 | 2.1s
  Epoch 360/800 | Total: 1.572 Edge: 0.359 Con: 0.190 Cls: 1.024 | Val F1: 0.4397 | 2.1s
  Epoch 365/800 | Total: 1.544 Edge: 0.356 Con: 0.191 Cls: 0.998 | Val F1: 0.4407 | 2.1s
  Epoch 370/800 | Total: 1.558 Edge: 0.360 Con: 0.189 Cls: 1.009 | Val F1: 0.4318 | 2.1s
  Epoch 375/800 | Total: 1.561 Edge: 0.362 Con: 0.190 Cls: 1.009 | Val F1: 0.4325 | 2.2s
  Epoch 380/800 | Total: 1.575 Edge: 0.353 Con: 0.188 Cls: 1.034 | Val F1: 0.4368 | 2.4s
  Epoch 385/800 | Total: 1.599 Edge: 0.357 Con: 0.190 Cls: 1.052 | Val F1: 0.4369 | 2.4s
  Epoch 390/800 | Total: 1.549 Edge: 0.356 Con: 0.189 Cls: 1.004 | Val F1: 0.4361 | 2.4s
  Epoch 395/800 | Total: 1.574 Edge: 0.360 Con: 0.189 Cls: 1.025 | Val F1: 0.4393 | 2.4s
  Epoch 400/800 | Total: 1.561 Edge: 0.358 Con: 0.187 Cls: 1.016 | Val F1: 0.4393 | 2.4s
  Epoch 405/800 | Total: 1.554 Edge: 0.356 Con: 0.188 Cls: 1.010 | Val F1: 0.4422 | 2.5s
  Epoch 410/800 | Total: 1.572 Edge: 0.362 Con: 0.189 Cls: 1.021 | Val F1: 0.4421 | 2.4s
  Epoch 415/800 | Total: 1.539 Edge: 0.352 Con: 0.188 Cls: 0.999 | Val F1: 0.4348 | 2.4s
  Epoch 420/800 | Total: 1.543 Edge: 0.353 Con: 0.188 Cls: 1.002 | Val F1: 0.4367 | 2.5s
  Epoch 425/800 | Total: 1.559 Edge: 0.356 Con: 0.189 Cls: 1.014 | Val F1: 0.4401 | 2.4s
  Epoch 430/800 | Total: 1.553 Edge: 0.352 Con: 0.189 Cls: 1.012 | Val F1: 0.4317 | 2.5s
  Epoch 435/800 | Total: 1.541 Edge: 0.352 Con: 0.189 Cls: 1.000 | Val F1: 0.4376 | 2.4s
  Epoch 440/800 | Total: 1.561 Edge: 0.353 Con: 0.188 Cls: 1.020 | Val F1: 0.4404 | 2.4s
  Epoch 445/800 | Total: 1.540 Edge: 0.350 Con: 0.187 Cls: 1.004 | Val F1: 0.4385 | 2.4s
  Epoch 450/800 | Total: 1.578 Edge: 0.356 Con: 0.187 Cls: 1.035 | Val F1: 0.4391 | 2.5s
  Epoch 455/800 | Total: 1.563 Edge: 0.357 Con: 0.189 Cls: 1.017 | Val F1: 0.4384 | 2.4s
  Epoch 460/800 | Total: 1.557 Edge: 0.352 Con: 0.189 Cls: 1.016 | Val F1: 0.4283 | 2.4s
  Epoch 465/800 | Total: 1.543 Edge: 0.353 Con: 0.188 Cls: 1.002 | Val F1: 0.4386 | 2.4s
  Epoch 470/800 | Total: 1.534 Edge: 0.354 Con: 0.188 Cls: 0.992 | Val F1: 0.4428 | 2.5s
  Epoch 475/800 | Total: 1.554 Edge: 0.347 Con: 0.188 Cls: 1.018 | Val F1: 0.4472 | 2.5s
  Epoch 480/800 | Total: 1.536 Edge: 0.350 Con: 0.189 Cls: 0.997 | Val F1: 0.4427 | 2.4s
  Epoch 485/800 | Total: 1.549 Edge: 0.357 Con: 0.189 Cls: 1.003 | Val F1: 0.4351 | 2.4s
  Epoch 490/800 | Total: 1.534 Edge: 0.351 Con: 0.188 Cls: 0.994 | Val F1: 0.4413 | 2.4s
  Epoch 495/800 | Total: 1.523 Edge: 0.346 Con: 0.187 Cls: 0.990 | Val F1: 0.4451 | 2.4s
  Epoch 500/800 | Total: 1.535 Edge: 0.347 Con: 0.188 Cls: 1.000 | Val F1: 0.4378 | 2.2s
  Epoch 505/800 | Total: 1.536 Edge: 0.348 Con: 0.187 Cls: 1.001 | Val F1: 0.4442 | 2.3s
  Epoch 510/800 | Total: 1.523 Edge: 0.358 Con: 0.189 Cls: 0.977 | Val F1: 0.4433 | 2.3s
  Epoch 515/800 | Total: 1.544 Edge: 0.347 Con: 0.189 Cls: 1.009 | Val F1: 0.4410 | 2.4s
  Epoch 520/800 | Total: 1.546 Edge: 0.350 Con: 0.189 Cls: 1.008 | Val F1: 0.4401 | 2.3s
  Epoch 525/800 | Total: 1.516 Edge: 0.347 Con: 0.188 Cls: 0.980 | Val F1: 0.4454 | 2.0s
  Epoch 530/800 | Total: 1.520 Edge: 0.346 Con: 0.189 Cls: 0.986 | Val F1: 0.4437 | 1.9s
  Epoch 535/800 | Total: 1.539 Edge: 0.351 Con: 0.188 Cls: 1.000 | Val F1: 0.4414 | 1.9s
  Epoch 540/800 | Total: 1.518 Edge: 0.346 Con: 0.188 Cls: 0.985 | Val F1: 0.4389 | 1.8s
  Epoch 545/800 | Total: 1.534 Edge: 0.347 Con: 0.188 Cls: 0.999 | Val F1: 0.4456 | 2.0s
  Epoch 550/800 | Total: 1.510 Edge: 0.346 Con: 0.189 Cls: 0.975 | Val F1: 0.4423 | 2.0s
  Epoch 555/800 | Total: 1.526 Edge: 0.348 Con: 0.190 Cls: 0.988 | Val F1: 0.4413 | 2.0s
  Epoch 560/800 | Total: 1.522 Edge: 0.346 Con: 0.189 Cls: 0.986 | Val F1: 0.4443 | 2.0s
  Epoch 565/800 | Total: 1.519 Edge: 0.347 Con: 0.188 Cls: 0.984 | Val F1: 0.4333 | 1.9s
  Epoch 570/800 | Total: 1.550 Edge: 0.355 Con: 0.188 Cls: 1.007 | Val F1: 0.4410 | 2.1s
  Epoch 575/800 | Total: 1.514 Edge: 0.346 Con: 0.189 Cls: 0.979 | Val F1: 0.4446 | 2.0s
  Early stopping at epoch 575
  Best Val F1: 0.4472 | Test F1: 0.4454
  Total training time: 1565.5s (26.1 min) over 575 epochs

======================================================================
  Val  Macro-F1: 0.4472
  Test Macro-F1: 0.4454
  Test Accuracy: 0.6240
  Time: 1568.9s
  Peak GPU mem: 1.26 GB
======================================================================

  Results saved to: results/MATE_ogbn-arxiv_MCAR_0.8_20260725_093839
