/home/erfan/MATE/venv/lib/python3.13/site-packages/outdated/__init__.py:36: UserWarning: pkg_resources is deprecated as an API. See https://setuptools.pypa.io/en/latest/pkg_resources.html. The pkg_resources package is slated for removal as early as 2025-11-30. Refrain from using this package or pin to Setuptools<81.
  from pkg_resources import parse_version
/home/erfan/MATE/ogbn_benchmarks/data_loader.py:96: UserWarning: Sparse invariant checks are implicitly disabled. Memory errors (e.g. SEGFAULT) will occur when operating on a sparse tensor which violates the invariants, but checks incur performance overhead. To silence this warning, explicitly opt in or out. See `torch.sparse.check_sparse_tensor_invariants.__doc__` for guidance.  (Triggered internally at /pytorch/aten/src/ATen/Context.cpp:760.)
  adj = torch.sparse_coo_tensor(edge_index, vals, (num_nodes, num_nodes)).coalesce()
======================================================================
  NESS | ogbn-arxiv | MCAR @ 80% | lr=0.001
======================================================================
[1/3] Loading ogbn-arxiv...
  169,343 nodes | 128 dims | 40 classes
[2/3] Simulating MCAR missingness...
Simulating MCAR missingness at 80% rate...
  MCAR: Uniform random selection
  Observable: 33,869 (20.0%)
  Masked: 135,474 (80.0%)
  Observable: 33,869 | Val: 67,737 | Test: 67,737
[3/3] Running NESS...
  Prefilling missing nodes via Feature Propagation (40 iters)...
  Computing neighbor label-histogram target (2-hop, observable labels)...
  Partitioning graph into 20 clusters (cache_device=gpu)...
  Cached 20 clusters
  Training NESS for up to 800 epochs (patience=20)...
  Epoch 1/800 | Total: 15.033 Edge: 0.691 Con: 0.626 Cls: 3.516 Hist: 2.7847 Path: 0.6970 | 13.8s
  Epoch 2/800 | Total: 13.343 Edge: 0.671 Con: 0.527 Cls: 3.113 Hist: 2.3835 Path: 0.6869 | 3.5s
  Epoch 3/800 | Total: 12.804 Edge: 0.630 Con: 0.450 Cls: 3.004 Hist: 2.2573 Path: 0.6798 | 3.5s
  Epoch 4/800 | Total: 12.467 Edge: 0.655 Con: 0.373 Cls: 2.922 Hist: 2.1694 Path: 0.6903 | 3.5s
  Epoch 5/800 | Total: 11.800 Edge: 0.627 Con: 0.330 Cls: 2.771 Hist: 2.0072 Path: 0.6873 | Val F1: 0.0241 | 3.6s
  Epoch 6/800 | Total: 11.811 Edge: 0.684 Con: 0.314 Cls: 2.747 Hist: 2.0548 Path: 0.6729 | 3.5s
  Epoch 7/800 | Total: 11.016 Edge: 0.617 Con: 0.305 Cls: 2.585 Hist: 1.8322 Path: 0.6594 | 3.5s
  Epoch 8/800 | Total: 10.270 Edge: 0.589 Con: 0.295 Cls: 2.409 Hist: 1.6559 Path: 0.6511 | 3.6s
  Epoch 9/800 | Total: 9.839 Edge: 0.576 Con: 0.284 Cls: 2.304 Hist: 1.5801 Path: 0.6299 | 3.5s
  Epoch 10/800 | Total: 9.811 Edge: 0.573 Con: 0.279 Cls: 2.302 Hist: 1.5605 Path: 0.6312 | Val F1: 0.1013 | 3.4s
  Epoch 11/800 | Total: 9.456 Edge: 0.566 Con: 0.268 Cls: 2.213 Hist: 1.4968 Path: 0.6192 | 3.6s
  Epoch 12/800 | Total: 9.138 Edge: 0.547 Con: 0.258 Cls: 2.137 Hist: 1.4404 Path: 0.6091 | 3.5s
  Epoch 13/800 | Total: 9.172 Edge: 0.560 Con: 0.253 Cls: 2.142 Hist: 1.4407 Path: 0.6167 | 3.4s
  Epoch 14/800 | Total: 9.131 Edge: 0.541 Con: 0.256 Cls: 2.133 Hist: 1.4572 Path: 0.6042 | 3.5s
  Epoch 15/800 | Total: 8.791 Edge: 0.523 Con: 0.243 Cls: 2.053 Hist: 1.3970 Path: 0.5918 | Val F1: 0.1435 | 3.4s
  Epoch 16/800 | Total: 8.339 Edge: 0.512 Con: 0.248 Cls: 1.938 Hist: 1.3065 Path: 0.5826 | 3.6s
  Epoch 17/800 | Total: 8.232 Edge: 0.504 Con: 0.246 Cls: 1.914 Hist: 1.2919 Path: 0.5732 | 3.5s
  Epoch 18/800 | Total: 8.265 Edge: 0.502 Con: 0.240 Cls: 1.920 Hist: 1.2976 Path: 0.5843 | 3.6s
  Epoch 19/800 | Total: 8.348 Edge: 0.499 Con: 0.243 Cls: 1.940 Hist: 1.3239 Path: 0.5824 | 3.6s
  Epoch 20/800 | Total: 8.291 Edge: 0.491 Con: 0.237 Cls: 1.932 Hist: 1.3092 Path: 0.5756 | Val F1: 0.1403 | 3.5s
  Epoch 21/800 | Total: 8.004 Edge: 0.504 Con: 0.241 Cls: 1.851 Hist: 1.2520 Path: 0.5738 | 3.4s
  Epoch 22/800 | Total: 7.933 Edge: 0.489 Con: 0.232 Cls: 1.839 Hist: 1.2500 Path: 0.5624 | 3.9s
  Epoch 23/800 | Total: 7.798 Edge: 0.481 Con: 0.230 Cls: 1.807 Hist: 1.2212 Path: 0.5599 | 4.0s
  Epoch 24/800 | Total: 7.903 Edge: 0.476 Con: 0.232 Cls: 1.839 Hist: 1.2342 Path: 0.5585 | 3.9s
  Epoch 25/800 | Total: 7.778 Edge: 0.486 Con: 0.232 Cls: 1.801 Hist: 1.2132 Path: 0.5617 | Val F1: 0.1855 | 3.9s
  Epoch 26/800 | Total: 7.642 Edge: 0.489 Con: 0.233 Cls: 1.764 Hist: 1.1837 Path: 0.5596 | 4.0s
  Epoch 27/800 | Total: 7.680 Edge: 0.476 Con: 0.230 Cls: 1.782 Hist: 1.1935 Path: 0.5478 | 4.0s
  Epoch 28/800 | Total: 7.675 Edge: 0.480 Con: 0.230 Cls: 1.780 Hist: 1.1910 Path: 0.5500 | 4.0s
  Epoch 29/800 | Total: 7.758 Edge: 0.472 Con: 0.225 Cls: 1.807 Hist: 1.2048 Path: 0.5471 | 4.1s
  Epoch 30/800 | Total: 7.598 Edge: 0.466 Con: 0.223 Cls: 1.771 Hist: 1.1785 Path: 0.5297 | Val F1: 0.1788 | 3.9s
  Epoch 31/800 | Total: 7.786 Edge: 0.463 Con: 0.225 Cls: 1.819 Hist: 1.2195 Path: 0.5348 | 4.0s
  Epoch 32/800 | Total: 7.661 Edge: 0.466 Con: 0.225 Cls: 1.786 Hist: 1.1930 Path: 0.5326 | 3.9s
  Epoch 33/800 | Total: 7.572 Edge: 0.473 Con: 0.227 Cls: 1.754 Hist: 1.1921 Path: 0.5314 | 3.9s
  Epoch 34/800 | Total: 7.613 Edge: 0.471 Con: 0.223 Cls: 1.768 Hist: 1.1848 Path: 0.5428 | 3.9s
  Epoch 35/800 | Total: 7.496 Edge: 0.463 Con: 0.221 Cls: 1.742 Hist: 1.1617 Path: 0.5359 | Val F1: 0.2107 | 3.9s
  Epoch 36/800 | Total: 7.583 Edge: 0.477 Con: 0.223 Cls: 1.757 Hist: 1.1786 Path: 0.5435 | 4.0s
  Epoch 37/800 | Total: 7.409 Edge: 0.458 Con: 0.219 Cls: 1.721 Hist: 1.1417 Path: 0.5370 | 3.9s
  Epoch 38/800 | Total: 7.233 Edge: 0.458 Con: 0.220 Cls: 1.678 Hist: 1.1080 Path: 0.5216 | 4.0s
  Epoch 39/800 | Total: 7.212 Edge: 0.448 Con: 0.218 Cls: 1.677 Hist: 1.1118 Path: 0.5113 | 3.9s
  Epoch 40/800 | Total: 7.171 Edge: 0.442 Con: 0.219 Cls: 1.670 Hist: 1.1013 Path: 0.5076 | Val F1: 0.2255 | 4.0s
  Epoch 41/800 | Total: 7.031 Edge: 0.441 Con: 0.217 Cls: 1.632 Hist: 1.0714 Path: 0.5121 | 3.9s
  Epoch 42/800 | Total: 7.094 Edge: 0.444 Con: 0.217 Cls: 1.650 Hist: 1.0869 Path: 0.5054 | 4.0s
  Epoch 43/800 | Total: 6.981 Edge: 0.450 Con: 0.215 Cls: 1.618 Hist: 1.0578 Path: 0.5107 | 4.0s
  Epoch 44/800 | Total: 6.893 Edge: 0.436 Con: 0.217 Cls: 1.602 Hist: 1.0419 Path: 0.5005 | 4.0s
  Epoch 45/800 | Total: 6.975 Edge: 0.440 Con: 0.216 Cls: 1.620 Hist: 1.0629 Path: 0.5031 | Val F1: 0.2421 | 4.0s
  Epoch 46/800 | Total: 6.836 Edge: 0.438 Con: 0.214 Cls: 1.585 Hist: 1.0372 Path: 0.4980 | 4.0s
  Epoch 47/800 | Total: 6.804 Edge: 0.435 Con: 0.214 Cls: 1.578 Hist: 1.0293 Path: 0.4986 | 4.0s
  Epoch 48/800 | Total: 6.773 Edge: 0.442 Con: 0.215 Cls: 1.567 Hist: 1.0162 Path: 0.5056 | 4.0s
  Epoch 49/800 | Total: 6.837 Edge: 0.433 Con: 0.213 Cls: 1.587 Hist: 1.0267 Path: 0.5107 | 4.0s
  Epoch 50/800 | Total: 6.734 Edge: 0.432 Con: 0.216 Cls: 1.563 Hist: 1.0092 Path: 0.4958 | Val F1: 0.2542 | 4.0s
  Epoch 51/800 | Total: 6.767 Edge: 0.437 Con: 0.214 Cls: 1.569 Hist: 1.0154 Path: 0.4994 | 4.0s
  Epoch 52/800 | Total: 6.859 Edge: 0.433 Con: 0.215 Cls: 1.595 Hist: 1.0407 Path: 0.4922 | 3.9s
  Epoch 53/800 | Total: 6.728 Edge: 0.454 Con: 0.209 Cls: 1.552 Hist: 1.0038 Path: 0.5080 | 4.0s
  Epoch 54/800 | Total: 6.646 Edge: 0.435 Con: 0.212 Cls: 1.535 Hist: 0.9999 Path: 0.4999 | 4.0s
  Epoch 55/800 | Total: 6.591 Edge: 0.426 Con: 0.211 Cls: 1.526 Hist: 0.9929 Path: 0.4888 | Val F1: 0.2720 | 3.9s
  Epoch 56/800 | Total: 6.486 Edge: 0.425 Con: 0.209 Cls: 1.497 Hist: 0.9750 Path: 0.4892 | 3.9s
  Epoch 57/800 | Total: 6.459 Edge: 0.416 Con: 0.211 Cls: 1.495 Hist: 0.9703 Path: 0.4808 | 4.0s
  Epoch 58/800 | Total: 6.439 Edge: 0.418 Con: 0.211 Cls: 1.490 Hist: 0.9672 Path: 0.4769 | 3.9s
  Epoch 59/800 | Total: 6.432 Edge: 0.420 Con: 0.208 Cls: 1.485 Hist: 0.9624 Path: 0.4917 | 4.0s
  Epoch 60/800 | Total: 6.445 Edge: 0.416 Con: 0.210 Cls: 1.489 Hist: 0.9763 Path: 0.4798 | Val F1: 0.2588 | 3.9s
  Epoch 61/800 | Total: 6.659 Edge: 0.427 Con: 0.215 Cls: 1.539 Hist: 1.0056 Path: 0.5032 | 4.0s
  Epoch 62/800 | Total: 6.749 Edge: 0.430 Con: 0.209 Cls: 1.568 Hist: 1.0185 Path: 0.4930 | 3.9s
  Epoch 63/800 | Total: 6.492 Edge: 0.431 Con: 0.212 Cls: 1.497 Hist: 0.9723 Path: 0.4936 | 3.9s
  Epoch 64/800 | Total: 6.391 Edge: 0.412 Con: 0.209 Cls: 1.479 Hist: 0.9652 Path: 0.4706 | 4.1s
  Epoch 65/800 | Total: 6.265 Edge: 0.406 Con: 0.205 Cls: 1.450 Hist: 0.9409 Path: 0.4641 | Val F1: 0.2842 | 4.0s
  Epoch 66/800 | Total: 6.368 Edge: 0.416 Con: 0.209 Cls: 1.473 Hist: 0.9573 Path: 0.4693 | 4.0s
  Epoch 67/800 | Total: 6.324 Edge: 0.414 Con: 0.207 Cls: 1.460 Hist: 0.9512 Path: 0.4754 | 4.0s
  Epoch 68/800 | Total: 6.292 Edge: 0.405 Con: 0.206 Cls: 1.456 Hist: 0.9529 Path: 0.4633 | 4.1s
  Epoch 69/800 | Total: 6.339 Edge: 0.417 Con: 0.208 Cls: 1.464 Hist: 0.9543 Path: 0.4719 | 3.9s
  Epoch 70/800 | Total: 6.374 Edge: 0.445 Con: 0.208 Cls: 1.456 Hist: 0.9558 Path: 0.5007 | Val F1: 0.3122 | 3.9s
  Epoch 71/800 | Total: 6.329 Edge: 0.415 Con: 0.207 Cls: 1.462 Hist: 0.9499 Path: 0.4733 | 4.0s
  Epoch 72/800 | Total: 6.322 Edge: 0.415 Con: 0.208 Cls: 1.460 Hist: 0.9458 Path: 0.4766 | 3.9s
  Epoch 73/800 | Total: 6.184 Edge: 0.406 Con: 0.206 Cls: 1.429 Hist: 0.9301 Path: 0.4576 | 4.0s
  Epoch 74/800 | Total: 6.280 Edge: 0.404 Con: 0.209 Cls: 1.454 Hist: 0.9501 Path: 0.4598 | 4.0s
  Epoch 75/800 | Total: 6.298 Edge: 0.413 Con: 0.204 Cls: 1.453 Hist: 0.9496 Path: 0.4739 | Val F1: 0.3227 | 3.9s
  Epoch 76/800 | Total: 6.162 Edge: 0.408 Con: 0.205 Cls: 1.421 Hist: 0.9244 Path: 0.4630 | 3.9s
  Epoch 77/800 | Total: 6.138 Edge: 0.401 Con: 0.206 Cls: 1.420 Hist: 0.9170 Path: 0.4578 | 4.0s
  Epoch 78/800 | Total: 6.206 Edge: 0.402 Con: 0.205 Cls: 1.436 Hist: 0.9323 Path: 0.4628 | 4.0s
  Epoch 79/800 | Total: 6.158 Edge: 0.396 Con: 0.207 Cls: 1.426 Hist: 0.9273 Path: 0.4549 | 4.0s
  Epoch 80/800 | Total: 6.193 Edge: 0.400 Con: 0.204 Cls: 1.433 Hist: 0.9264 Path: 0.4653 | Val F1: 0.3048 | 4.0s
  Epoch 81/800 | Total: 6.175 Edge: 0.419 Con: 0.207 Cls: 1.416 Hist: 0.9170 Path: 0.4873 | 3.9s
  Epoch 82/800 | Total: 6.169 Edge: 0.415 Con: 0.205 Cls: 1.415 Hist: 0.9343 Path: 0.4702 | 3.9s
  Epoch 83/800 | Total: 6.324 Edge: 0.426 Con: 0.206 Cls: 1.457 Hist: 0.9485 Path: 0.4769 | 4.0s
  Epoch 84/800 | Total: 6.226 Edge: 0.413 Con: 0.205 Cls: 1.436 Hist: 0.9364 Path: 0.4675 | 3.9s
  Epoch 85/800 | Total: 6.213 Edge: 0.400 Con: 0.205 Cls: 1.439 Hist: 0.9406 Path: 0.4537 | Val F1: 0.2906 | 4.0s
  Epoch 86/800 | Total: 6.288 Edge: 0.406 Con: 0.206 Cls: 1.455 Hist: 0.9402 Path: 0.4749 | 4.0s
  Epoch 87/800 | Total: 6.384 Edge: 0.428 Con: 0.209 Cls: 1.462 Hist: 0.9630 Path: 0.5024 | 4.0s
  Epoch 88/800 | Total: 6.406 Edge: 0.426 Con: 0.206 Cls: 1.475 Hist: 0.9674 Path: 0.4842 | 4.0s
  Epoch 89/800 | Total: 6.285 Edge: 0.411 Con: 0.208 Cls: 1.452 Hist: 0.9499 Path: 0.4643 | 4.1s
  Epoch 90/800 | Total: 6.159 Edge: 0.406 Con: 0.208 Cls: 1.424 Hist: 0.9211 Path: 0.4563 | Val F1: 0.3231 | 4.0s
  Epoch 91/800 | Total: 6.088 Edge: 0.398 Con: 0.207 Cls: 1.411 Hist: 0.9031 Path: 0.4492 | 4.0s
  Epoch 92/800 | Total: 6.111 Edge: 0.388 Con: 0.203 Cls: 1.421 Hist: 0.9175 Path: 0.4409 | 4.0s
  Epoch 93/800 | Total: 6.056 Edge: 0.391 Con: 0.206 Cls: 1.402 Hist: 0.9091 Path: 0.4471 | 4.0s
  Epoch 94/800 | Total: 5.965 Edge: 0.385 Con: 0.202 Cls: 1.382 Hist: 0.8952 Path: 0.4392 | 3.9s
  Epoch 95/800 | Total: 5.980 Edge: 0.382 Con: 0.205 Cls: 1.389 Hist: 0.8990 Path: 0.4306 | Val F1: 0.3381 | 4.0s
  Epoch 96/800 | Total: 5.953 Edge: 0.386 Con: 0.206 Cls: 1.380 Hist: 0.8920 Path: 0.4323 | 4.0s
  Epoch 97/800 | Total: 5.951 Edge: 0.386 Con: 0.203 Cls: 1.383 Hist: 0.8841 Path: 0.4322 | 4.0s
  Epoch 98/800 | Total: 5.956 Edge: 0.382 Con: 0.205 Cls: 1.383 Hist: 0.8904 Path: 0.4330 | 4.0s
  Epoch 99/800 | Total: 5.987 Edge: 0.386 Con: 0.203 Cls: 1.388 Hist: 0.8976 Path: 0.4375 | 3.6s
  Epoch 100/800 | Total: 5.915 Edge: 0.382 Con: 0.205 Cls: 1.369 Hist: 0.8878 Path: 0.4355 | Val F1: 0.3456 | 3.6s
  Epoch 101/800 | Total: 5.948 Edge: 0.389 Con: 0.205 Cls: 1.374 Hist: 0.8882 Path: 0.4455 | 3.7s
  Epoch 102/800 | Total: 5.891 Edge: 0.395 Con: 0.203 Cls: 1.352 Hist: 0.8799 Path: 0.4604 | 3.6s
  Epoch 103/800 | Total: 5.972 Edge: 0.395 Con: 0.203 Cls: 1.377 Hist: 0.8906 Path: 0.4538 | 3.6s
  Epoch 104/800 | Total: 6.031 Edge: 0.400 Con: 0.205 Cls: 1.390 Hist: 0.9049 Path: 0.4520 | 3.7s
  Epoch 105/800 | Total: 6.056 Edge: 0.396 Con: 0.203 Cls: 1.399 Hist: 0.9111 Path: 0.4494 | Val F1: 0.3180 | 3.7s
  Epoch 106/800 | Total: 6.063 Edge: 0.393 Con: 0.202 Cls: 1.404 Hist: 0.9135 Path: 0.4447 | 3.6s
  Epoch 107/800 | Total: 6.038 Edge: 0.389 Con: 0.207 Cls: 1.401 Hist: 0.9075 Path: 0.4368 | 3.7s
  Epoch 108/800 | Total: 5.921 Edge: 0.391 Con: 0.205 Cls: 1.368 Hist: 0.8852 Path: 0.4360 | 3.6s
  Epoch 109/800 | Total: 5.929 Edge: 0.382 Con: 0.204 Cls: 1.375 Hist: 0.8913 Path: 0.4280 | 3.7s
  Epoch 110/800 | Total: 5.884 Edge: 0.382 Con: 0.206 Cls: 1.362 Hist: 0.8838 Path: 0.4293 | Val F1: 0.3397 | 3.7s
  Epoch 111/800 | Total: 5.851 Edge: 0.373 Con: 0.206 Cls: 1.360 Hist: 0.8743 Path: 0.4206 | 3.6s
  Epoch 112/800 | Total: 5.904 Edge: 0.374 Con: 0.203 Cls: 1.373 Hist: 0.8921 Path: 0.4183 | 3.6s
  Epoch 113/800 | Total: 5.930 Edge: 0.375 Con: 0.204 Cls: 1.381 Hist: 0.8908 Path: 0.4190 | 3.6s
  Epoch 114/800 | Total: 5.882 Edge: 0.376 Con: 0.202 Cls: 1.365 Hist: 0.8815 Path: 0.4287 | 3.6s
  Epoch 115/800 | Total: 5.947 Edge: 0.389 Con: 0.207 Cls: 1.377 Hist: 0.8852 Path: 0.4380 | Val F1: 0.3414 | 3.7s
  Epoch 116/800 | Total: 5.973 Edge: 0.384 Con: 0.202 Cls: 1.388 Hist: 0.8924 Path: 0.4306 | 3.6s
  Epoch 117/800 | Total: 5.951 Edge: 0.379 Con: 0.204 Cls: 1.383 Hist: 0.8974 Path: 0.4230 | 3.6s
  Epoch 118/800 | Total: 5.914 Edge: 0.386 Con: 0.205 Cls: 1.371 Hist: 0.8842 Path: 0.4292 | 3.7s
  Epoch 119/800 | Total: 5.872 Edge: 0.386 Con: 0.203 Cls: 1.361 Hist: 0.8722 Path: 0.4307 | 3.6s
  Epoch 120/800 | Total: 5.915 Edge: 0.377 Con: 0.202 Cls: 1.374 Hist: 0.8911 Path: 0.4233 | Val F1: 0.3580 | 3.7s
  Epoch 121/800 | Total: 5.787 Edge: 0.370 Con: 0.204 Cls: 1.344 Hist: 0.8662 Path: 0.4175 | 3.6s
  Epoch 122/800 | Total: 5.827 Edge: 0.367 Con: 0.204 Cls: 1.359 Hist: 0.8739 Path: 0.4063 | 3.8s
  Epoch 123/800 | Total: 5.781 Edge: 0.369 Con: 0.203 Cls: 1.345 Hist: 0.8636 Path: 0.4114 | 3.6s
  Epoch 124/800 | Total: 5.824 Edge: 0.370 Con: 0.202 Cls: 1.353 Hist: 0.8734 Path: 0.4193 | 3.7s
  Epoch 125/800 | Total: 5.810 Edge: 0.373 Con: 0.203 Cls: 1.347 Hist: 0.8706 Path: 0.4226 | Val F1: 0.3677 | 3.7s
  Epoch 126/800 | Total: 5.852 Edge: 0.375 Con: 0.203 Cls: 1.357 Hist: 0.8791 Path: 0.4256 | 3.1s
  Epoch 127/800 | Total: 5.748 Edge: 0.385 Con: 0.202 Cls: 1.325 Hist: 0.8506 Path: 0.4371 | 3.1s
  Epoch 128/800 | Total: 5.759 Edge: 0.386 Con: 0.202 Cls: 1.327 Hist: 0.8571 Path: 0.4328 | 3.0s
  Epoch 129/800 | Total: 5.772 Edge: 0.384 Con: 0.202 Cls: 1.333 Hist: 0.8519 Path: 0.4361 | 3.0s
  Epoch 130/800 | Total: 5.801 Edge: 0.377 Con: 0.206 Cls: 1.343 Hist: 0.8592 Path: 0.4330 | Val F1: 0.3469 | 3.2s
  Epoch 131/800 | Total: 5.828 Edge: 0.373 Con: 0.205 Cls: 1.355 Hist: 0.8733 Path: 0.4128 | 3.0s
  Epoch 132/800 | Total: 5.817 Edge: 0.378 Con: 0.204 Cls: 1.354 Hist: 0.8659 Path: 0.4108 | 3.1s
  Epoch 133/800 | Total: 5.891 Edge: 0.373 Con: 0.203 Cls: 1.370 Hist: 0.8919 Path: 0.4146 | 3.1s
  Epoch 134/800 | Total: 5.875 Edge: 0.378 Con: 0.202 Cls: 1.363 Hist: 0.8827 Path: 0.4247 | 3.1s
  Epoch 135/800 | Total: 5.853 Edge: 0.374 Con: 0.203 Cls: 1.359 Hist: 0.8794 Path: 0.4216 | Val F1: 0.3561 | 3.1s
  Epoch 136/800 | Total: 5.718 Edge: 0.365 Con: 0.204 Cls: 1.327 Hist: 0.8548 Path: 0.4148 | 3.2s
  Epoch 137/800 | Total: 5.676 Edge: 0.368 Con: 0.204 Cls: 1.314 Hist: 0.8470 Path: 0.4166 | 3.0s
  Epoch 138/800 | Total: 5.626 Edge: 0.361 Con: 0.204 Cls: 1.306 Hist: 0.8394 Path: 0.4044 | 3.1s
  Epoch 139/800 | Total: 5.681 Edge: 0.365 Con: 0.204 Cls: 1.320 Hist: 0.8520 Path: 0.4034 | 3.1s
  Epoch 140/800 | Total: 5.671 Edge: 0.375 Con: 0.204 Cls: 1.308 Hist: 0.8475 Path: 0.4216 | Val F1: 0.3595 | 3.1s
  Epoch 141/800 | Total: 5.770 Edge: 0.363 Con: 0.202 Cls: 1.344 Hist: 0.8654 Path: 0.4094 | 3.1s
  Epoch 142/800 | Total: 5.813 Edge: 0.364 Con: 0.203 Cls: 1.354 Hist: 0.8703 Path: 0.4137 | 3.2s
  Epoch 143/800 | Total: 5.688 Edge: 0.367 Con: 0.202 Cls: 1.320 Hist: 0.8458 Path: 0.4131 | 3.0s
  Epoch 144/800 | Total: 5.723 Edge: 0.363 Con: 0.202 Cls: 1.331 Hist: 0.8564 Path: 0.4093 | 3.1s
  Epoch 145/800 | Total: 5.648 Edge: 0.359 Con: 0.203 Cls: 1.313 Hist: 0.8473 Path: 0.4021 | Val F1: 0.3737 | 3.1s
  Epoch 146/800 | Total: 5.590 Edge: 0.360 Con: 0.203 Cls: 1.297 Hist: 0.8325 Path: 0.4048 | 3.2s
  Epoch 147/800 | Total: 5.656 Edge: 0.362 Con: 0.203 Cls: 1.312 Hist: 0.8438 Path: 0.4138 | 3.1s
  Epoch 148/800 | Total: 5.707 Edge: 0.363 Con: 0.204 Cls: 1.326 Hist: 0.8538 Path: 0.4099 | 3.2s
  Epoch 149/800 | Total: 5.739 Edge: 0.366 Con: 0.205 Cls: 1.334 Hist: 0.8560 Path: 0.4112 | 3.3s
  Epoch 150/800 | Total: 5.719 Edge: 0.366 Con: 0.201 Cls: 1.328 Hist: 0.8523 Path: 0.4152 | Val F1: 0.3639 | 3.0s
  Epoch 151/800 | Total: 5.649 Edge: 0.357 Con: 0.203 Cls: 1.315 Hist: 0.8485 Path: 0.3977 | 3.1s
  Epoch 152/800 | Total: 5.612 Edge: 0.359 Con: 0.202 Cls: 1.304 Hist: 0.8371 Path: 0.4041 | 3.1s
  Epoch 153/800 | Total: 5.709 Edge: 0.366 Con: 0.206 Cls: 1.327 Hist: 0.8462 Path: 0.4130 | 3.3s
  Epoch 154/800 | Total: 5.730 Edge: 0.364 Con: 0.204 Cls: 1.332 Hist: 0.8615 Path: 0.4066 | 3.0s
  Epoch 155/800 | Total: 5.710 Edge: 0.372 Con: 0.204 Cls: 1.324 Hist: 0.8578 Path: 0.4069 | Val F1: 0.3527 | 3.1s
  Epoch 156/800 | Total: 5.787 Edge: 0.375 Con: 0.205 Cls: 1.345 Hist: 0.8661 Path: 0.4069 | 3.2s
  Epoch 157/800 | Total: 5.814 Edge: 0.383 Con: 0.203 Cls: 1.353 Hist: 0.8666 Path: 0.4049 | 3.5s
  Epoch 158/800 | Total: 5.616 Edge: 0.366 Con: 0.202 Cls: 1.299 Hist: 0.8320 Path: 0.4206 | 3.6s
  Epoch 159/800 | Total: 5.681 Edge: 0.360 Con: 0.201 Cls: 1.318 Hist: 0.8522 Path: 0.4154 | 3.6s
  Epoch 160/800 | Total: 5.603 Edge: 0.360 Con: 0.203 Cls: 1.298 Hist: 0.8357 Path: 0.4122 | Val F1: 0.3715 | 3.5s
  Epoch 161/800 | Total: 5.615 Edge: 0.359 Con: 0.200 Cls: 1.303 Hist: 0.8444 Path: 0.4030 | 3.5s
  Epoch 162/800 | Total: 5.571 Edge: 0.364 Con: 0.203 Cls: 1.292 Hist: 0.8228 Path: 0.4070 | 3.5s
  Epoch 163/800 | Total: 5.512 Edge: 0.358 Con: 0.201 Cls: 1.279 Hist: 0.8197 Path: 0.3974 | 3.4s
  Epoch 164/800 | Total: 5.485 Edge: 0.356 Con: 0.203 Cls: 1.273 Hist: 0.8147 Path: 0.3948 | 3.5s
  Epoch 165/800 | Total: 5.512 Edge: 0.352 Con: 0.204 Cls: 1.281 Hist: 0.8230 Path: 0.3930 | Val F1: 0.3832 | 3.5s
  Epoch 166/800 | Total: 5.499 Edge: 0.353 Con: 0.200 Cls: 1.277 Hist: 0.8240 Path: 0.3895 | 3.5s
  Epoch 167/800 | Total: 5.534 Edge: 0.359 Con: 0.202 Cls: 1.286 Hist: 0.8223 Path: 0.3925 | 3.5s
  Epoch 168/800 | Total: 5.528 Edge: 0.362 Con: 0.206 Cls: 1.282 Hist: 0.8233 Path: 0.3946 | 3.5s
  Epoch 169/800 | Total: 5.520 Edge: 0.351 Con: 0.204 Cls: 1.283 Hist: 0.8250 Path: 0.3946 | 3.4s
  Epoch 170/800 | Total: 5.503 Edge: 0.349 Con: 0.205 Cls: 1.281 Hist: 0.8198 Path: 0.3899 | Val F1: 0.3714 | 3.6s
  Epoch 171/800 | Total: 5.514 Edge: 0.348 Con: 0.202 Cls: 1.282 Hist: 0.8265 Path: 0.3918 | 3.5s
  Epoch 172/800 | Total: 5.548 Edge: 0.346 Con: 0.202 Cls: 1.291 Hist: 0.8267 Path: 0.4023 | 3.5s
  Epoch 173/800 | Total: 5.670 Edge: 0.359 Con: 0.204 Cls: 1.316 Hist: 0.8487 Path: 0.4133 | 3.5s
  Epoch 174/800 | Total: 5.553 Edge: 0.370 Con: 0.205 Cls: 1.279 Hist: 0.8247 Path: 0.4184 | 3.5s
  Epoch 175/800 | Total: 5.552 Edge: 0.361 Con: 0.204 Cls: 1.285 Hist: 0.8277 Path: 0.4056 | Val F1: 0.3854 | 3.5s
  Epoch 176/800 | Total: 5.552 Edge: 0.353 Con: 0.204 Cls: 1.291 Hist: 0.8259 Path: 0.3976 | 3.6s
  Epoch 177/800 | Total: 5.665 Edge: 0.351 Con: 0.201 Cls: 1.322 Hist: 0.8599 Path: 0.3879 | 3.6s
  Epoch 178/800 | Total: 5.861 Edge: 0.357 Con: 0.204 Cls: 1.376 Hist: 0.8765 Path: 0.3984 | 3.6s
  Epoch 179/800 | Total: 5.734 Edge: 0.360 Con: 0.206 Cls: 1.338 Hist: 0.8599 Path: 0.3981 | 3.6s
  Epoch 180/800 | Total: 5.836 Edge: 0.360 Con: 0.205 Cls: 1.359 Hist: 0.8868 Path: 0.4107 | Val F1: 0.3627 | 3.5s
  Epoch 181/800 | Total: 5.615 Edge: 0.357 Con: 0.203 Cls: 1.304 Hist: 0.8415 Path: 0.4023 | 3.6s
  Epoch 182/800 | Total: 5.512 Edge: 0.350 Con: 0.200 Cls: 1.281 Hist: 0.8250 Path: 0.3933 | 3.5s
  Epoch 183/800 | Total: 5.438 Edge: 0.352 Con: 0.205 Cls: 1.263 Hist: 0.8051 Path: 0.3903 | 3.3s
  Epoch 184/800 | Total: 5.424 Edge: 0.351 Con: 0.204 Cls: 1.261 Hist: 0.8029 Path: 0.3836 | 3.5s
  Epoch 185/800 | Total: 5.465 Edge: 0.351 Con: 0.202 Cls: 1.273 Hist: 0.8097 Path: 0.3850 | Val F1: 0.3889 | 3.5s
  Epoch 186/800 | Total: 5.424 Edge: 0.352 Con: 0.203 Cls: 1.262 Hist: 0.8047 Path: 0.3815 | 3.6s
  Epoch 187/800 | Total: 5.460 Edge: 0.349 Con: 0.202 Cls: 1.270 Hist: 0.8188 Path: 0.3810 | 3.4s
  Epoch 188/800 | Total: 5.407 Edge: 0.351 Con: 0.203 Cls: 1.255 Hist: 0.8010 Path: 0.3884 | 3.6s
  Epoch 189/800 | Total: 5.426 Edge: 0.350 Con: 0.201 Cls: 1.261 Hist: 0.8053 Path: 0.3880 | 3.5s
  Epoch 190/800 | Total: 5.444 Edge: 0.344 Con: 0.202 Cls: 1.268 Hist: 0.8151 Path: 0.3803 | Val F1: 0.3813 | 3.5s
  Epoch 191/800 | Total: 5.441 Edge: 0.345 Con: 0.203 Cls: 1.267 Hist: 0.8091 Path: 0.3830 | 3.4s
  Epoch 192/800 | Total: 5.466 Edge: 0.341 Con: 0.204 Cls: 1.277 Hist: 0.8093 Path: 0.3822 | 3.9s
  Epoch 193/800 | Total: 5.537 Edge: 0.347 Con: 0.204 Cls: 1.292 Hist: 0.8232 Path: 0.3889 | 3.9s
  Epoch 194/800 | Total: 5.516 Edge: 0.353 Con: 0.203 Cls: 1.284 Hist: 0.8179 Path: 0.3916 | 3.9s
  Epoch 195/800 | Total: 5.498 Edge: 0.354 Con: 0.204 Cls: 1.277 Hist: 0.8187 Path: 0.3914 | Val F1: 0.3825 | 4.0s
  Epoch 196/800 | Total: 5.548 Edge: 0.352 Con: 0.202 Cls: 1.293 Hist: 0.8262 Path: 0.3892 | 4.0s
  Epoch 197/800 | Total: 5.392 Edge: 0.351 Con: 0.203 Cls: 1.251 Hist: 0.7991 Path: 0.3863 | 4.0s
  Epoch 198/800 | Total: 5.508 Edge: 0.350 Con: 0.204 Cls: 1.281 Hist: 0.8214 Path: 0.3909 | 4.0s
  Epoch 199/800 | Total: 5.484 Edge: 0.347 Con: 0.206 Cls: 1.277 Hist: 0.8158 Path: 0.3886 | 4.1s
  Epoch 200/800 | Total: 5.802 Edge: 0.349 Con: 0.203 Cls: 1.358 Hist: 0.8788 Path: 0.3974 | Val F1: 0.3524 | 4.0s
  Epoch 201/800 | Total: 5.632 Edge: 0.348 Con: 0.205 Cls: 1.314 Hist: 0.8462 Path: 0.3937 | 3.9s
  Epoch 202/800 | Total: 5.540 Edge: 0.348 Con: 0.204 Cls: 1.290 Hist: 0.8250 Path: 0.3932 | 4.1s
  Epoch 203/800 | Total: 5.462 Edge: 0.346 Con: 0.204 Cls: 1.272 Hist: 0.8101 Path: 0.3873 | 4.0s
  Epoch 204/800 | Total: 5.431 Edge: 0.345 Con: 0.201 Cls: 1.264 Hist: 0.8064 Path: 0.3871 | 4.0s
  Epoch 205/800 | Total: 5.516 Edge: 0.345 Con: 0.201 Cls: 1.288 Hist: 0.8172 Path: 0.3892 | Val F1: 0.3948 | 4.0s
  Epoch 206/800 | Total: 5.456 Edge: 0.344 Con: 0.201 Cls: 1.271 Hist: 0.8125 Path: 0.3858 | 4.0s
  Epoch 207/800 | Total: 5.426 Edge: 0.342 Con: 0.204 Cls: 1.263 Hist: 0.8111 Path: 0.3828 | 4.1s
  Epoch 208/800 | Total: 5.395 Edge: 0.346 Con: 0.204 Cls: 1.255 Hist: 0.8000 Path: 0.3806 | 4.0s
  Epoch 209/800 | Total: 5.463 Edge: 0.353 Con: 0.202 Cls: 1.270 Hist: 0.8129 Path: 0.3871 | 4.0s
  Epoch 210/800 | Total: 5.517 Edge: 0.359 Con: 0.202 Cls: 1.281 Hist: 0.8180 Path: 0.3939 | Val F1: 0.3758 | 4.0s
  Epoch 211/800 | Total: 5.458 Edge: 0.357 Con: 0.202 Cls: 1.263 Hist: 0.8150 Path: 0.3957 | 4.0s
  Epoch 212/800 | Total: 5.390 Edge: 0.350 Con: 0.203 Cls: 1.251 Hist: 0.7965 Path: 0.3911 | 3.9s
  Epoch 213/800 | Total: 5.353 Edge: 0.344 Con: 0.203 Cls: 1.244 Hist: 0.7915 Path: 0.3851 | 4.0s
  Epoch 214/800 | Total: 5.348 Edge: 0.339 Con: 0.202 Cls: 1.244 Hist: 0.7979 Path: 0.3793 | 4.0s
  Epoch 215/800 | Total: 5.356 Edge: 0.339 Con: 0.202 Cls: 1.246 Hist: 0.7932 Path: 0.3850 | Val F1: 0.3912 | 4.0s
  Epoch 216/800 | Total: 5.328 Edge: 0.340 Con: 0.203 Cls: 1.239 Hist: 0.7878 Path: 0.3810 | 4.0s
  Epoch 217/800 | Total: 5.390 Edge: 0.343 Con: 0.204 Cls: 1.253 Hist: 0.7996 Path: 0.3861 | 4.0s
  Epoch 218/800 | Total: 5.524 Edge: 0.349 Con: 0.206 Cls: 1.287 Hist: 0.8214 Path: 0.3898 | 4.0s
  Epoch 219/800 | Total: 5.568 Edge: 0.357 Con: 0.205 Cls: 1.292 Hist: 0.8263 Path: 0.4063 | 4.1s
  Epoch 220/800 | Total: 5.542 Edge: 0.348 Con: 0.203 Cls: 1.291 Hist: 0.8205 Path: 0.3986 | Val F1: 0.3836 | 4.0s
  Epoch 221/800 | Total: 5.430 Edge: 0.345 Con: 0.205 Cls: 1.261 Hist: 0.8096 Path: 0.3904 | 4.0s
  Epoch 222/800 | Total: 5.516 Edge: 0.358 Con: 0.205 Cls: 1.280 Hist: 0.8136 Path: 0.4000 | 3.9s
  Epoch 223/800 | Total: 5.478 Edge: 0.353 Con: 0.200 Cls: 1.272 Hist: 0.8157 Path: 0.3920 | 4.1s
  Epoch 224/800 | Total: 5.500 Edge: 0.344 Con: 0.204 Cls: 1.283 Hist: 0.8228 Path: 0.3820 | 4.0s
  Epoch 225/800 | Total: 5.466 Edge: 0.346 Con: 0.201 Cls: 1.272 Hist: 0.8179 Path: 0.3865 | Val F1: 0.3949 | 4.0s
  Epoch 226/800 | Total: 5.305 Edge: 0.339 Con: 0.203 Cls: 1.232 Hist: 0.7894 Path: 0.3787 | 4.0s
  Epoch 227/800 | Total: 5.289 Edge: 0.341 Con: 0.203 Cls: 1.228 Hist: 0.7842 Path: 0.3798 | 4.0s
  Epoch 228/800 | Total: 5.295 Edge: 0.334 Con: 0.202 Cls: 1.233 Hist: 0.7870 Path: 0.3733 | 4.0s
  Epoch 229/800 | Total: 5.297 Edge: 0.337 Con: 0.204 Cls: 1.233 Hist: 0.7882 Path: 0.3698 | 4.0s
  Epoch 230/800 | Total: 5.346 Edge: 0.346 Con: 0.204 Cls: 1.242 Hist: 0.7972 Path: 0.3757 | Val F1: 0.3957 | 4.0s
  Epoch 231/800 | Total: 5.343 Edge: 0.341 Con: 0.202 Cls: 1.241 Hist: 0.7957 Path: 0.3832 | 4.0s
  Epoch 232/800 | Total: 5.290 Edge: 0.342 Con: 0.201 Cls: 1.230 Hist: 0.7822 Path: 0.3754 | 4.0s
  Epoch 233/800 | Total: 5.337 Edge: 0.347 Con: 0.204 Cls: 1.239 Hist: 0.7923 Path: 0.3781 | 4.0s
  Epoch 234/800 | Total: 5.350 Edge: 0.346 Con: 0.201 Cls: 1.244 Hist: 0.7957 Path: 0.3756 | 4.0s
  Epoch 235/800 | Total: 5.454 Edge: 0.355 Con: 0.206 Cls: 1.268 Hist: 0.8096 Path: 0.3812 | Val F1: 0.3984 | 3.9s
  Epoch 236/800 | Total: 5.421 Edge: 0.350 Con: 0.203 Cls: 1.261 Hist: 0.8061 Path: 0.3795 | 4.0s
  Epoch 237/800 | Total: 5.318 Edge: 0.338 Con: 0.204 Cls: 1.238 Hist: 0.7879 Path: 0.3743 | 4.1s
  Epoch 238/800 | Total: 5.354 Edge: 0.339 Con: 0.204 Cls: 1.248 Hist: 0.7948 Path: 0.3745 | 4.0s
  Epoch 239/800 | Total: 5.349 Edge: 0.338 Con: 0.203 Cls: 1.245 Hist: 0.7933 Path: 0.3814 | 4.0s
  Epoch 240/800 | Total: 5.327 Edge: 0.337 Con: 0.204 Cls: 1.238 Hist: 0.7922 Path: 0.3804 | Val F1: 0.3965 | 4.0s
  Epoch 241/800 | Total: 5.339 Edge: 0.335 Con: 0.203 Cls: 1.243 Hist: 0.7959 Path: 0.3766 | 4.1s
  Epoch 242/800 | Total: 5.366 Edge: 0.342 Con: 0.205 Cls: 1.248 Hist: 0.7977 Path: 0.3793 | 4.0s
  Epoch 243/800 | Total: 5.365 Edge: 0.342 Con: 0.203 Cls: 1.247 Hist: 0.7964 Path: 0.3824 | 4.0s
  Epoch 244/800 | Total: 5.506 Edge: 0.353 Con: 0.206 Cls: 1.280 Hist: 0.8109 Path: 0.3982 | 3.9s
  Epoch 245/800 | Total: 5.565 Edge: 0.352 Con: 0.206 Cls: 1.294 Hist: 0.8335 Path: 0.3930 | Val F1: 0.3851 | 4.0s
  Epoch 246/800 | Total: 5.518 Edge: 0.354 Con: 0.205 Cls: 1.283 Hist: 0.8229 Path: 0.3903 | 4.1s
  Epoch 247/800 | Total: 5.465 Edge: 0.345 Con: 0.203 Cls: 1.271 Hist: 0.8124 Path: 0.3935 | 4.0s
  Epoch 248/800 | Total: 5.310 Edge: 0.339 Con: 0.202 Cls: 1.235 Hist: 0.7872 Path: 0.3768 | 4.0s
  Epoch 249/800 | Total: 5.251 Edge: 0.330 Con: 0.202 Cls: 1.225 Hist: 0.7805 Path: 0.3646 | 4.0s
  Epoch 250/800 | Total: 5.242 Edge: 0.328 Con: 0.203 Cls: 1.221 Hist: 0.7827 Path: 0.3657 | Val F1: 0.4090 | 4.0s
  Epoch 251/800 | Total: 5.256 Edge: 0.331 Con: 0.204 Cls: 1.224 Hist: 0.7845 Path: 0.3657 | 4.0s
  Epoch 252/800 | Total: 5.250 Edge: 0.334 Con: 0.204 Cls: 1.224 Hist: 0.7746 Path: 0.3679 | 4.0s
  Epoch 253/800 | Total: 5.527 Edge: 0.345 Con: 0.205 Cls: 1.292 Hist: 0.8285 Path: 0.3740 | 4.0s
  Epoch 254/800 | Total: 5.546 Edge: 0.353 Con: 0.207 Cls: 1.294 Hist: 0.8202 Path: 0.3883 | 4.0s
  Epoch 255/800 | Total: 5.685 Edge: 0.357 Con: 0.207 Cls: 1.324 Hist: 0.8467 Path: 0.4049 | Val F1: 0.3572 | 4.0s
  Epoch 256/800 | Total: 5.491 Edge: 0.350 Con: 0.205 Cls: 1.270 Hist: 0.8225 Path: 0.4073 | 3.9s
  Epoch 257/800 | Total: 5.404 Edge: 0.341 Con: 0.203 Cls: 1.259 Hist: 0.8011 Path: 0.3831 | 4.0s
  Epoch 258/800 | Total: 5.346 Edge: 0.337 Con: 0.205 Cls: 1.248 Hist: 0.7884 Path: 0.3729 | 3.9s
  Epoch 259/800 | Total: 5.235 Edge: 0.339 Con: 0.205 Cls: 1.215 Hist: 0.7759 Path: 0.3719 | 3.8s
  Epoch 260/800 | Total: 5.286 Edge: 0.340 Con: 0.204 Cls: 1.230 Hist: 0.7826 Path: 0.3716 | Val F1: 0.3987 | 3.7s
  Epoch 261/800 | Total: 5.229 Edge: 0.330 Con: 0.203 Cls: 1.221 Hist: 0.7765 Path: 0.3586 | 3.8s
  Epoch 262/800 | Total: 5.214 Edge: 0.335 Con: 0.204 Cls: 1.215 Hist: 0.7706 Path: 0.3612 | 3.7s
  Epoch 263/800 | Total: 5.222 Edge: 0.333 Con: 0.203 Cls: 1.216 Hist: 0.7771 Path: 0.3632 | 3.7s
  Epoch 264/800 | Total: 5.250 Edge: 0.332 Con: 0.204 Cls: 1.222 Hist: 0.7803 Path: 0.3701 | 3.8s
  Epoch 265/800 | Total: 5.226 Edge: 0.335 Con: 0.204 Cls: 1.215 Hist: 0.7725 Path: 0.3706 | Val F1: 0.4023 | 3.7s
  Epoch 266/800 | Total: 5.265 Edge: 0.334 Con: 0.203 Cls: 1.226 Hist: 0.7832 Path: 0.3684 | 3.6s
  Epoch 267/800 | Total: 5.269 Edge: 0.334 Con: 0.204 Cls: 1.225 Hist: 0.7857 Path: 0.3708 | 3.6s
  Epoch 268/800 | Total: 5.508 Edge: 0.346 Con: 0.205 Cls: 1.284 Hist: 0.8280 Path: 0.3788 | 3.7s
  Epoch 269/800 | Total: 5.390 Edge: 0.345 Con: 0.206 Cls: 1.250 Hist: 0.8059 Path: 0.3849 | 3.7s
  Epoch 270/800 | Total: 5.245 Edge: 0.334 Con: 0.202 Cls: 1.219 Hist: 0.7813 Path: 0.3725 | Val F1: 0.4063 | 3.7s
  Epoch 271/800 | Total: 5.189 Edge: 0.330 Con: 0.206 Cls: 1.207 Hist: 0.7699 Path: 0.3666 | 3.5s
  Epoch 272/800 | Total: 5.262 Edge: 0.341 Con: 0.205 Cls: 1.218 Hist: 0.7766 Path: 0.3877 | 3.7s
  Epoch 273/800 | Total: 5.302 Edge: 0.342 Con: 0.203 Cls: 1.230 Hist: 0.7814 Path: 0.3883 | 3.7s
  Epoch 274/800 | Total: 5.367 Edge: 0.355 Con: 0.205 Cls: 1.242 Hist: 0.7844 Path: 0.3988 | 3.6s
  Epoch 275/800 | Total: 5.310 Edge: 0.351 Con: 0.205 Cls: 1.230 Hist: 0.7844 Path: 0.3817 | Val F1: 0.4061 | 3.6s
  Epoch 276/800 | Total: 5.313 Edge: 0.352 Con: 0.206 Cls: 1.232 Hist: 0.7877 Path: 0.3757 | 3.6s
  Epoch 277/800 | Total: 5.236 Edge: 0.339 Con: 0.205 Cls: 1.216 Hist: 0.7748 Path: 0.3711 | 3.6s
  Epoch 278/800 | Total: 5.208 Edge: 0.333 Con: 0.203 Cls: 1.212 Hist: 0.7712 Path: 0.3649 | 3.7s
  Epoch 279/800 | Total: 5.294 Edge: 0.337 Con: 0.205 Cls: 1.233 Hist: 0.7878 Path: 0.3688 | 3.7s
  Epoch 280/800 | Total: 5.168 Edge: 0.334 Con: 0.203 Cls: 1.203 Hist: 0.7626 Path: 0.3613 | Val F1: 0.4112 | 3.7s
  Epoch 281/800 | Total: 5.198 Edge: 0.331 Con: 0.204 Cls: 1.210 Hist: 0.7718 Path: 0.3625 | 3.8s
  Epoch 282/800 | Total: 5.131 Edge: 0.326 Con: 0.202 Cls: 1.195 Hist: 0.7597 Path: 0.3593 | 3.7s
  Epoch 283/800 | Total: 5.192 Edge: 0.327 Con: 0.203 Cls: 1.212 Hist: 0.7686 Path: 0.3587 | 3.7s
  Epoch 284/800 | Total: 5.154 Edge: 0.328 Con: 0.203 Cls: 1.202 Hist: 0.7622 Path: 0.3563 | 3.6s
  Epoch 285/800 | Total: 5.216 Edge: 0.327 Con: 0.204 Cls: 1.219 Hist: 0.7671 Path: 0.3627 | Val F1: 0.4059 | 3.7s
  Epoch 286/800 | Total: 5.261 Edge: 0.335 Con: 0.203 Cls: 1.225 Hist: 0.7816 Path: 0.3683 | 3.8s
  Epoch 287/800 | Total: 5.307 Edge: 0.339 Con: 0.203 Cls: 1.233 Hist: 0.7907 Path: 0.3759 | 3.7s
  Epoch 288/800 | Total: 5.222 Edge: 0.337 Con: 0.204 Cls: 1.212 Hist: 0.7712 Path: 0.3770 | 3.7s
  Epoch 289/800 | Total: 5.207 Edge: 0.332 Con: 0.203 Cls: 1.209 Hist: 0.7726 Path: 0.3747 | 3.7s
  Epoch 290/800 | Total: 5.214 Edge: 0.330 Con: 0.203 Cls: 1.214 Hist: 0.7742 Path: 0.3676 | Val F1: 0.4084 | 3.7s
  Epoch 291/800 | Total: 5.207 Edge: 0.330 Con: 0.204 Cls: 1.210 Hist: 0.7752 Path: 0.3697 | 3.7s
  Epoch 292/800 | Total: 5.152 Edge: 0.332 Con: 0.205 Cls: 1.197 Hist: 0.7605 Path: 0.3664 | 3.6s
  Epoch 293/800 | Total: 5.242 Edge: 0.342 Con: 0.204 Cls: 1.216 Hist: 0.7742 Path: 0.3762 | 3.7s
  Epoch 294/800 | Total: 5.150 Edge: 0.329 Con: 0.205 Cls: 1.198 Hist: 0.7605 Path: 0.3633 | 3.7s
  Epoch 295/800 | Total: 5.153 Edge: 0.330 Con: 0.204 Cls: 1.199 Hist: 0.7637 Path: 0.3604 | Val F1: 0.4128 | 3.2s
  Epoch 296/800 | Total: 5.128 Edge: 0.327 Con: 0.203 Cls: 1.193 Hist: 0.7632 Path: 0.3583 | 3.1s
  Epoch 297/800 | Total: 5.117 Edge: 0.323 Con: 0.206 Cls: 1.192 Hist: 0.7576 Path: 0.3571 | 3.1s
  Epoch 298/800 | Total: 5.125 Edge: 0.321 Con: 0.203 Cls: 1.195 Hist: 0.7626 Path: 0.3542 | 3.1s
  Epoch 299/800 | Total: 5.223 Edge: 0.325 Con: 0.205 Cls: 1.219 Hist: 0.7778 Path: 0.3622 | 3.1s
  Epoch 300/800 | Total: 5.268 Edge: 0.334 Con: 0.206 Cls: 1.224 Hist: 0.7831 Path: 0.3756 | Val F1: 0.4007 | 3.1s
  Epoch 301/800 | Total: 5.347 Edge: 0.344 Con: 0.205 Cls: 1.243 Hist: 0.7875 Path: 0.3831 | 3.2s
  Epoch 302/800 | Total: 5.321 Edge: 0.344 Con: 0.206 Cls: 1.233 Hist: 0.7875 Path: 0.3890 | 3.2s
  Epoch 303/800 | Total: 5.328 Edge: 0.338 Con: 0.203 Cls: 1.240 Hist: 0.7938 Path: 0.3750 | 3.2s
  Epoch 304/800 | Total: 5.249 Edge: 0.336 Con: 0.204 Cls: 1.220 Hist: 0.7763 Path: 0.3750 | 3.1s
  Epoch 305/800 | Total: 5.323 Edge: 0.338 Con: 0.203 Cls: 1.240 Hist: 0.7929 Path: 0.3716 | Val F1: 0.3984 | 3.2s
  Epoch 306/800 | Total: 5.316 Edge: 0.332 Con: 0.205 Cls: 1.241 Hist: 0.7882 Path: 0.3707 | 3.1s
  Epoch 307/800 | Total: 5.251 Edge: 0.334 Con: 0.208 Cls: 1.221 Hist: 0.7783 Path: 0.3707 | 3.2s
  Epoch 308/800 | Total: 5.362 Edge: 0.337 Con: 0.205 Cls: 1.248 Hist: 0.7982 Path: 0.3788 | 3.1s
  Epoch 309/800 | Total: 5.251 Edge: 0.331 Con: 0.208 Cls: 1.221 Hist: 0.7826 Path: 0.3707 | 3.1s
  Epoch 310/800 | Total: 5.176 Edge: 0.333 Con: 0.205 Cls: 1.204 Hist: 0.7650 Path: 0.3653 | Val F1: 0.4165 | 3.2s
  Epoch 311/800 | Total: 5.153 Edge: 0.334 Con: 0.204 Cls: 1.198 Hist: 0.7642 Path: 0.3567 | 3.1s
  Epoch 312/800 | Total: 5.088 Edge: 0.328 Con: 0.206 Cls: 1.181 Hist: 0.7555 Path: 0.3573 | 3.2s
  Epoch 313/800 | Total: 5.065 Edge: 0.321 Con: 0.203 Cls: 1.180 Hist: 0.7507 Path: 0.3531 | 3.0s
  Epoch 314/800 | Total: 5.168 Edge: 0.324 Con: 0.206 Cls: 1.208 Hist: 0.7636 Path: 0.3543 | 3.0s
  Epoch 315/800 | Total: 5.208 Edge: 0.327 Con: 0.206 Cls: 1.214 Hist: 0.7740 Path: 0.3612 | Val F1: 0.4161 | 3.1s
  Epoch 316/800 | Total: 5.127 Edge: 0.324 Con: 0.206 Cls: 1.193 Hist: 0.7593 Path: 0.3604 | 3.5s
  Epoch 317/800 | Total: 5.114 Edge: 0.325 Con: 0.205 Cls: 1.189 Hist: 0.7581 Path: 0.3618 | 3.5s
  Epoch 318/800 | Total: 5.102 Edge: 0.324 Con: 0.205 Cls: 1.187 Hist: 0.7537 Path: 0.3616 | 3.5s
  Epoch 319/800 | Total: 5.099 Edge: 0.324 Con: 0.203 Cls: 1.182 Hist: 0.7557 Path: 0.3714 | 3.5s
  Epoch 320/800 | Total: 5.113 Edge: 0.323 Con: 0.205 Cls: 1.186 Hist: 0.7554 Path: 0.3722 | Val F1: 0.4204 | 3.4s
  Epoch 321/800 | Total: 5.129 Edge: 0.321 Con: 0.203 Cls: 1.195 Hist: 0.7642 Path: 0.3564 | 3.5s
  Epoch 322/800 | Total: 5.181 Edge: 0.326 Con: 0.205 Cls: 1.208 Hist: 0.7700 Path: 0.3570 | 3.5s
  Epoch 323/800 | Total: 5.189 Edge: 0.325 Con: 0.204 Cls: 1.210 Hist: 0.7737 Path: 0.3564 | 3.5s
  Epoch 324/800 | Total: 5.186 Edge: 0.328 Con: 0.205 Cls: 1.210 Hist: 0.7685 Path: 0.3583 | 3.4s
  Epoch 325/800 | Total: 5.201 Edge: 0.330 Con: 0.203 Cls: 1.211 Hist: 0.7770 Path: 0.3606 | Val F1: 0.4089 | 3.5s
  Epoch 326/800 | Total: 5.192 Edge: 0.327 Con: 0.207 Cls: 1.209 Hist: 0.7733 Path: 0.3621 | 3.5s
  Epoch 327/800 | Total: 5.242 Edge: 0.331 Con: 0.207 Cls: 1.221 Hist: 0.7785 Path: 0.3661 | 3.5s
  Epoch 328/800 | Total: 5.119 Edge: 0.327 Con: 0.206 Cls: 1.191 Hist: 0.7565 Path: 0.3594 | 3.6s
  Epoch 329/800 | Total: 5.162 Edge: 0.334 Con: 0.205 Cls: 1.201 Hist: 0.7636 Path: 0.3609 | 3.4s
  Epoch 330/800 | Total: 5.101 Edge: 0.327 Con: 0.205 Cls: 1.185 Hist: 0.7535 Path: 0.3622 | Val F1: 0.4119 | 3.6s
  Epoch 331/800 | Total: 5.171 Edge: 0.331 Con: 0.206 Cls: 1.203 Hist: 0.7641 Path: 0.3645 | 3.5s
  Epoch 332/800 | Total: 5.228 Edge: 0.336 Con: 0.206 Cls: 1.215 Hist: 0.7741 Path: 0.3688 | 3.5s
  Epoch 333/800 | Total: 5.241 Edge: 0.336 Con: 0.205 Cls: 1.217 Hist: 0.7766 Path: 0.3759 | 3.4s
  Epoch 334/800 | Total: 5.234 Edge: 0.333 Con: 0.207 Cls: 1.215 Hist: 0.7720 Path: 0.3796 | 3.5s
  Epoch 335/800 | Total: 5.235 Edge: 0.338 Con: 0.207 Cls: 1.216 Hist: 0.7674 Path: 0.3780 | Val F1: 0.4073 | 3.4s
  Epoch 336/800 | Total: 5.326 Edge: 0.334 Con: 0.208 Cls: 1.241 Hist: 0.7883 Path: 0.3766 | 3.5s
  Epoch 337/800 | Total: 5.268 Edge: 0.334 Con: 0.209 Cls: 1.226 Hist: 0.7828 Path: 0.3671 | 3.4s
  Epoch 338/800 | Total: 5.206 Edge: 0.331 Con: 0.206 Cls: 1.210 Hist: 0.7723 Path: 0.3701 | 3.5s
  Epoch 339/800 | Total: 5.168 Edge: 0.327 Con: 0.206 Cls: 1.204 Hist: 0.7649 Path: 0.3598 | 3.4s
  Epoch 340/800 | Total: 5.081 Edge: 0.320 Con: 0.207 Cls: 1.184 Hist: 0.7555 Path: 0.3499 | Val F1: 0.4140 | 3.5s
  Epoch 341/800 | Total: 5.152 Edge: 0.324 Con: 0.206 Cls: 1.200 Hist: 0.7670 Path: 0.3575 | 3.5s
  Epoch 342/800 | Total: 5.112 Edge: 0.322 Con: 0.207 Cls: 1.189 Hist: 0.7613 Path: 0.3602 | 3.6s
  Epoch 343/800 | Total: 5.119 Edge: 0.326 Con: 0.207 Cls: 1.190 Hist: 0.7599 Path: 0.3580 | 3.5s
  Epoch 344/800 | Total: 5.023 Edge: 0.321 Con: 0.203 Cls: 1.170 Hist: 0.7396 Path: 0.3504 | 3.5s
  Epoch 345/800 | Total: 5.037 Edge: 0.325 Con: 0.205 Cls: 1.171 Hist: 0.7487 Path: 0.3489 | Val F1: 0.4258 | 3.5s
  Epoch 346/800 | Total: 5.024 Edge: 0.320 Con: 0.205 Cls: 1.170 Hist: 0.7433 Path: 0.3502 | 3.5s
  Epoch 347/800 | Total: 5.066 Edge: 0.321 Con: 0.204 Cls: 1.181 Hist: 0.7461 Path: 0.3531 | 3.6s
  Epoch 348/800 | Total: 5.112 Edge: 0.323 Con: 0.205 Cls: 1.190 Hist: 0.7548 Path: 0.3608 | 3.5s
  Epoch 349/800 | Total: 5.086 Edge: 0.321 Con: 0.206 Cls: 1.184 Hist: 0.7539 Path: 0.3571 | 3.4s
  Epoch 350/800 | Total: 5.166 Edge: 0.322 Con: 0.207 Cls: 1.206 Hist: 0.7669 Path: 0.3564 | Val F1: 0.4092 | 3.5s
  Epoch 351/800 | Total: 5.131 Edge: 0.324 Con: 0.206 Cls: 1.197 Hist: 0.7584 Path: 0.3548 | 3.5s
  Epoch 352/800 | Total: 5.170 Edge: 0.332 Con: 0.205 Cls: 1.204 Hist: 0.7607 Path: 0.3619 | 3.5s
  Epoch 353/800 | Total: 5.440 Edge: 0.337 Con: 0.207 Cls: 1.274 Hist: 0.8078 Path: 0.3709 | 3.5s
  Epoch 354/800 | Total: 5.361 Edge: 0.332 Con: 0.208 Cls: 1.255 Hist: 0.7970 Path: 0.3641 | 3.4s
  Epoch 355/800 | Total: 5.350 Edge: 0.333 Con: 0.211 Cls: 1.248 Hist: 0.7996 Path: 0.3695 | Val F1: 0.3974 | 3.4s
  Epoch 356/800 | Total: 5.329 Edge: 0.334 Con: 0.205 Cls: 1.240 Hist: 0.7956 Path: 0.3780 | 3.5s
  Epoch 357/800 | Total: 5.115 Edge: 0.337 Con: 0.208 Cls: 1.182 Hist: 0.7510 Path: 0.3783 | 3.5s
  Epoch 358/800 | Total: 5.060 Edge: 0.326 Con: 0.206 Cls: 1.171 Hist: 0.7504 Path: 0.3677 | 3.5s
  Epoch 359/800 | Total: 5.090 Edge: 0.318 Con: 0.205 Cls: 1.188 Hist: 0.7547 Path: 0.3528 | 3.4s
  Epoch 360/800 | Total: 5.033 Edge: 0.318 Con: 0.206 Cls: 1.171 Hist: 0.7459 Path: 0.3532 | Val F1: 0.4269 | 3.4s
  Epoch 361/800 | Total: 4.989 Edge: 0.318 Con: 0.206 Cls: 1.158 Hist: 0.7410 Path: 0.3534 | 3.5s
  Epoch 362/800 | Total: 5.039 Edge: 0.320 Con: 0.206 Cls: 1.173 Hist: 0.7481 Path: 0.3495 | 3.6s
  Epoch 363/800 | Total: 5.024 Edge: 0.318 Con: 0.204 Cls: 1.170 Hist: 0.7422 Path: 0.3500 | 3.9s
  Epoch 364/800 | Total: 4.991 Edge: 0.318 Con: 0.204 Cls: 1.161 Hist: 0.7394 Path: 0.3500 | 4.0s
  Epoch 365/800 | Total: 4.994 Edge: 0.321 Con: 0.207 Cls: 1.160 Hist: 0.7371 Path: 0.3524 | Val F1: 0.4230 | 4.0s
  Epoch 366/800 | Total: 5.085 Edge: 0.326 Con: 0.205 Cls: 1.183 Hist: 0.7538 Path: 0.3547 | 3.9s
  Epoch 367/800 | Total: 5.045 Edge: 0.326 Con: 0.207 Cls: 1.173 Hist: 0.7480 Path: 0.3485 | 3.9s
  Epoch 368/800 | Total: 5.010 Edge: 0.325 Con: 0.205 Cls: 1.162 Hist: 0.7441 Path: 0.3527 | 3.9s
  Epoch 369/800 | Total: 5.026 Edge: 0.321 Con: 0.206 Cls: 1.166 Hist: 0.7444 Path: 0.3578 | 4.0s
  Epoch 370/800 | Total: 5.115 Edge: 0.326 Con: 0.208 Cls: 1.188 Hist: 0.7574 Path: 0.3648 | Val F1: 0.4206 | 4.0s
  Epoch 371/800 | Total: 5.099 Edge: 0.325 Con: 0.204 Cls: 1.184 Hist: 0.7526 Path: 0.3662 | 4.0s
  Epoch 372/800 | Total: 5.089 Edge: 0.329 Con: 0.207 Cls: 1.180 Hist: 0.7538 Path: 0.3628 | 4.0s
  Epoch 373/800 | Total: 5.073 Edge: 0.326 Con: 0.205 Cls: 1.176 Hist: 0.7535 Path: 0.3622 | 4.1s
  Epoch 374/800 | Total: 4.995 Edge: 0.318 Con: 0.205 Cls: 1.161 Hist: 0.7437 Path: 0.3486 | 4.0s
  Epoch 375/800 | Total: 4.970 Edge: 0.316 Con: 0.208 Cls: 1.155 Hist: 0.7370 Path: 0.3488 | Val F1: 0.4278 | 4.1s
  Epoch 376/800 | Total: 5.000 Edge: 0.321 Con: 0.205 Cls: 1.161 Hist: 0.7463 Path: 0.3481 | 4.0s
  Epoch 377/800 | Total: 5.034 Edge: 0.321 Con: 0.208 Cls: 1.172 Hist: 0.7408 Path: 0.3534 | 4.0s
  Epoch 378/800 | Total: 5.126 Edge: 0.323 Con: 0.205 Cls: 1.196 Hist: 0.7577 Path: 0.3543 | 3.9s
  Epoch 379/800 | Total: 5.432 Edge: 0.334 Con: 0.208 Cls: 1.274 Hist: 0.8074 Path: 0.3637 | 4.0s
  Epoch 380/800 | Total: 5.446 Edge: 0.341 Con: 0.211 Cls: 1.271 Hist: 0.8045 Path: 0.3804 | Val F1: 0.3975 | 4.0s
  Epoch 381/800 | Total: 5.234 Edge: 0.341 Con: 0.210 Cls: 1.211 Hist: 0.7742 Path: 0.3811 | 4.0s
  Epoch 382/800 | Total: 5.219 Edge: 0.340 Con: 0.207 Cls: 1.202 Hist: 0.7711 Path: 0.3976 | 4.0s
  Epoch 383/800 | Total: 5.086 Edge: 0.332 Con: 0.204 Cls: 1.172 Hist: 0.7546 Path: 0.3806 | 4.0s
  Epoch 384/800 | Total: 5.130 Edge: 0.327 Con: 0.207 Cls: 1.189 Hist: 0.7617 Path: 0.3693 | 4.0s
  Epoch 385/800 | Total: 5.133 Edge: 0.326 Con: 0.207 Cls: 1.194 Hist: 0.7627 Path: 0.3606 | Val F1: 0.4132 | 4.0s
  Epoch 386/800 | Total: 5.146 Edge: 0.322 Con: 0.207 Cls: 1.200 Hist: 0.7642 Path: 0.3559 | 4.0s
  Epoch 387/800 | Total: 5.136 Edge: 0.321 Con: 0.207 Cls: 1.198 Hist: 0.7621 Path: 0.3551 | 4.0s
  Epoch 388/800 | Total: 5.317 Edge: 0.321 Con: 0.209 Cls: 1.249 Hist: 0.7903 Path: 0.3555 | 4.0s
  Epoch 389/800 | Total: 5.199 Edge: 0.324 Con: 0.210 Cls: 1.212 Hist: 0.7768 Path: 0.3563 | 3.9s
  Epoch 390/800 | Total: 5.084 Edge: 0.320 Con: 0.207 Cls: 1.184 Hist: 0.7520 Path: 0.3550 | Val F1: 0.4145 | 4.0s
  Epoch 391/800 | Total: 5.066 Edge: 0.315 Con: 0.206 Cls: 1.181 Hist: 0.7521 Path: 0.3520 | 4.0s
  Epoch 392/800 | Total: 5.063 Edge: 0.313 Con: 0.205 Cls: 1.181 Hist: 0.7530 Path: 0.3500 | 3.9s
  Epoch 393/800 | Total: 5.062 Edge: 0.316 Con: 0.204 Cls: 1.181 Hist: 0.7531 Path: 0.3477 | 3.9s
  Epoch 394/800 | Total: 5.093 Edge: 0.324 Con: 0.205 Cls: 1.185 Hist: 0.7568 Path: 0.3531 | 4.0s
  Epoch 395/800 | Total: 5.049 Edge: 0.324 Con: 0.205 Cls: 1.175 Hist: 0.7465 Path: 0.3515 | Val F1: 0.4242 | 4.0s
  Epoch 396/800 | Total: 5.061 Edge: 0.326 Con: 0.207 Cls: 1.176 Hist: 0.7506 Path: 0.3540 | 4.0s
  Epoch 397/800 | Total: 5.081 Edge: 0.328 Con: 0.207 Cls: 1.181 Hist: 0.7540 Path: 0.3535 | 3.9s
  Epoch 398/800 | Total: 4.984 Edge: 0.315 Con: 0.207 Cls: 1.159 Hist: 0.7395 Path: 0.3477 | 4.0s
  Epoch 399/800 | Total: 4.929 Edge: 0.314 Con: 0.206 Cls: 1.145 Hist: 0.7275 Path: 0.3491 | 3.9s
  Epoch 400/800 | Total: 4.988 Edge: 0.316 Con: 0.206 Cls: 1.159 Hist: 0.7394 Path: 0.3529 | Val F1: 0.4242 | 4.0s
  Epoch 401/800 | Total: 4.974 Edge: 0.316 Con: 0.207 Cls: 1.157 Hist: 0.7370 Path: 0.3476 | 4.0s
  Epoch 402/800 | Total: 4.945 Edge: 0.317 Con: 0.206 Cls: 1.148 Hist: 0.7331 Path: 0.3484 | 3.9s
  Epoch 403/800 | Total: 5.015 Edge: 0.318 Con: 0.208 Cls: 1.167 Hist: 0.7414 Path: 0.3520 | 4.0s
  Epoch 404/800 | Total: 5.025 Edge: 0.317 Con: 0.206 Cls: 1.170 Hist: 0.7461 Path: 0.3480 | 4.1s
  Epoch 405/800 | Total: 5.224 Edge: 0.317 Con: 0.207 Cls: 1.224 Hist: 0.7844 Path: 0.3470 | Val F1: 0.3989 | 4.0s
  Epoch 406/800 | Total: 5.208 Edge: 0.325 Con: 0.209 Cls: 1.213 Hist: 0.7803 Path: 0.3597 | 3.9s
  Epoch 407/800 | Total: 5.134 Edge: 0.322 Con: 0.207 Cls: 1.194 Hist: 0.7610 Path: 0.3644 | 4.0s
  Epoch 408/800 | Total: 5.477 Edge: 0.329 Con: 0.209 Cls: 1.286 Hist: 0.8068 Path: 0.3806 | 4.0s
  Epoch 409/800 | Total: 5.737 Edge: 0.362 Con: 0.212 Cls: 1.341 Hist: 0.8506 Path: 0.3957 | 4.0s
  Epoch 410/800 | Total: 5.459 Edge: 0.351 Con: 0.208 Cls: 1.267 Hist: 0.8124 Path: 0.3894 | Val F1: 0.3994 | 4.0s
  Epoch 411/800 | Total: 5.180 Edge: 0.334 Con: 0.210 Cls: 1.197 Hist: 0.7723 Path: 0.3767 | 4.0s
  Epoch 412/800 | Total: 5.101 Edge: 0.328 Con: 0.205 Cls: 1.183 Hist: 0.7528 Path: 0.3666 | 4.0s
  Epoch 413/800 | Total: 5.129 Edge: 0.326 Con: 0.209 Cls: 1.192 Hist: 0.7588 Path: 0.3640 | 4.0s
  Epoch 414/800 | Total: 5.079 Edge: 0.324 Con: 0.207 Cls: 1.179 Hist: 0.7541 Path: 0.3596 | 4.0s
  Epoch 415/800 | Total: 5.027 Edge: 0.323 Con: 0.205 Cls: 1.168 Hist: 0.7436 Path: 0.3552 | Val F1: 0.4215 | 4.0s
  Epoch 416/800 | Total: 4.996 Edge: 0.325 Con: 0.206 Cls: 1.158 Hist: 0.7368 Path: 0.3565 | 4.0s
  Epoch 417/800 | Total: 4.963 Edge: 0.316 Con: 0.206 Cls: 1.154 Hist: 0.7360 Path: 0.3465 | 4.0s
  Epoch 418/800 | Total: 4.975 Edge: 0.313 Con: 0.206 Cls: 1.160 Hist: 0.7369 Path: 0.3437 | 4.0s
  Epoch 419/800 | Total: 4.974 Edge: 0.311 Con: 0.208 Cls: 1.161 Hist: 0.7375 Path: 0.3381 | 3.6s
  Epoch 420/800 | Total: 4.938 Edge: 0.310 Con: 0.206 Cls: 1.151 Hist: 0.7345 Path: 0.3383 | Val F1: 0.4307 | 3.6s
  Epoch 421/800 | Total: 4.935 Edge: 0.310 Con: 0.207 Cls: 1.149 Hist: 0.7331 Path: 0.3405 | 3.7s
  Epoch 422/800 | Total: 4.987 Edge: 0.311 Con: 0.204 Cls: 1.164 Hist: 0.7412 Path: 0.3417 | 3.6s
  Epoch 423/800 | Total: 4.956 Edge: 0.313 Con: 0.205 Cls: 1.152 Hist: 0.7354 Path: 0.3487 | 3.6s
  Epoch 424/800 | Total: 4.974 Edge: 0.314 Con: 0.206 Cls: 1.157 Hist: 0.7361 Path: 0.3500 | 3.7s
  Epoch 425/800 | Total: 4.956 Edge: 0.314 Con: 0.207 Cls: 1.154 Hist: 0.7327 Path: 0.3456 | Val F1: 0.4279 | 3.7s
  Epoch 426/800 | Total: 4.969 Edge: 0.313 Con: 0.207 Cls: 1.157 Hist: 0.7434 Path: 0.3398 | 3.7s
  Epoch 427/800 | Total: 4.958 Edge: 0.313 Con: 0.207 Cls: 1.152 Hist: 0.7368 Path: 0.3470 | 3.7s
  Epoch 428/800 | Total: 4.944 Edge: 0.311 Con: 0.206 Cls: 1.151 Hist: 0.7344 Path: 0.3416 | 3.6s
  Epoch 429/800 | Total: 4.947 Edge: 0.310 Con: 0.205 Cls: 1.153 Hist: 0.7325 Path: 0.3451 | 3.6s
  Epoch 430/800 | Total: 4.963 Edge: 0.321 Con: 0.206 Cls: 1.152 Hist: 0.7358 Path: 0.3472 | Val F1: 0.4237 | 3.7s
  Epoch 431/800 | Total: 4.958 Edge: 0.323 Con: 0.206 Cls: 1.143 Hist: 0.7369 Path: 0.3647 | 3.7s
  Epoch 432/800 | Total: 5.033 Edge: 0.321 Con: 0.205 Cls: 1.166 Hist: 0.7478 Path: 0.3645 | 3.7s
  Epoch 433/800 | Total: 5.095 Edge: 0.320 Con: 0.208 Cls: 1.186 Hist: 0.7545 Path: 0.3591 | 3.6s
  Epoch 434/800 | Total: 5.020 Edge: 0.320 Con: 0.208 Cls: 1.167 Hist: 0.7419 Path: 0.3546 | 3.7s
  Epoch 435/800 | Total: 5.015 Edge: 0.318 Con: 0.209 Cls: 1.166 Hist: 0.7432 Path: 0.3506 | Val F1: 0.4213 | 3.7s
  Epoch 436/800 | Total: 4.987 Edge: 0.315 Con: 0.206 Cls: 1.158 Hist: 0.7428 Path: 0.3523 | 3.7s
  Epoch 437/800 | Total: 5.037 Edge: 0.313 Con: 0.206 Cls: 1.173 Hist: 0.7542 Path: 0.3471 | 3.6s
  Epoch 438/800 | Total: 5.093 Edge: 0.314 Con: 0.208 Cls: 1.187 Hist: 0.7650 Path: 0.3482 | 3.8s
  Epoch 439/800 | Total: 5.069 Edge: 0.316 Con: 0.205 Cls: 1.184 Hist: 0.7545 Path: 0.3438 | 3.7s
  Epoch 440/800 | Total: 5.106 Edge: 0.338 Con: 0.209 Cls: 1.185 Hist: 0.7499 Path: 0.3594 | Val F1: 0.4233 | 3.7s
  Epoch 441/800 | Total: 5.027 Edge: 0.326 Con: 0.208 Cls: 1.167 Hist: 0.7429 Path: 0.3525 | 3.7s
  Epoch 442/800 | Total: 4.977 Edge: 0.315 Con: 0.206 Cls: 1.159 Hist: 0.7386 Path: 0.3425 | 3.6s
  Epoch 443/800 | Total: 4.938 Edge: 0.311 Con: 0.206 Cls: 1.149 Hist: 0.7357 Path: 0.3418 | 3.7s
  Epoch 444/800 | Total: 4.949 Edge: 0.309 Con: 0.206 Cls: 1.152 Hist: 0.7398 Path: 0.3394 | 3.8s
  Epoch 445/800 | Total: 5.022 Edge: 0.314 Con: 0.207 Cls: 1.171 Hist: 0.7453 Path: 0.3476 | Val F1: 0.4151 | 3.6s
  Epoch 446/800 | Total: 5.099 Edge: 0.322 Con: 0.207 Cls: 1.187 Hist: 0.7595 Path: 0.3543 | 3.7s
  Epoch 447/800 | Total: 5.015 Edge: 0.324 Con: 0.206 Cls: 1.161 Hist: 0.7451 Path: 0.3595 | 3.6s
  Epoch 448/800 | Total: 5.013 Edge: 0.321 Con: 0.207 Cls: 1.162 Hist: 0.7470 Path: 0.3546 | 3.6s
  Epoch 449/800 | Total: 4.999 Edge: 0.319 Con: 0.207 Cls: 1.161 Hist: 0.7433 Path: 0.3509 | 3.7s
  Epoch 450/800 | Total: 4.965 Edge: 0.315 Con: 0.208 Cls: 1.153 Hist: 0.7384 Path: 0.3480 | Val F1: 0.4291 | 3.7s
  Epoch 451/800 | Total: 4.918 Edge: 0.312 Con: 0.205 Cls: 1.141 Hist: 0.7348 Path: 0.3444 | 3.6s
  Epoch 452/800 | Total: 4.915 Edge: 0.315 Con: 0.207 Cls: 1.142 Hist: 0.7293 Path: 0.3402 | 3.8s
  Epoch 453/800 | Total: 4.935 Edge: 0.324 Con: 0.209 Cls: 1.140 Hist: 0.7310 Path: 0.3542 | 3.6s
  Epoch 454/800 | Total: 5.008 Edge: 0.330 Con: 0.208 Cls: 1.158 Hist: 0.7419 Path: 0.3580 | 3.7s
  Epoch 455/800 | Total: 5.117 Edge: 0.323 Con: 0.207 Cls: 1.190 Hist: 0.7630 Path: 0.3561 | Val F1: 0.4129 | 3.6s
  Epoch 456/800 | Total: 5.087 Edge: 0.317 Con: 0.206 Cls: 1.185 Hist: 0.7605 Path: 0.3512 | 3.7s
  Epoch 457/800 | Total: 5.083 Edge: 0.319 Con: 0.207 Cls: 1.187 Hist: 0.7547 Path: 0.3444 | 3.7s
  Epoch 458/800 | Total: 5.080 Edge: 0.320 Con: 0.208 Cls: 1.185 Hist: 0.7536 Path: 0.3471 | 3.7s
  Epoch 459/800 | Total: 5.056 Edge: 0.317 Con: 0.208 Cls: 1.177 Hist: 0.7523 Path: 0.3511 | 3.7s
  Epoch 460/800 | Total: 5.200 Edge: 0.324 Con: 0.210 Cls: 1.210 Hist: 0.7724 Path: 0.3694 | Val F1: 0.4140 | 3.7s
  Epoch 461/800 | Total: 5.093 Edge: 0.318 Con: 0.209 Cls: 1.186 Hist: 0.7537 Path: 0.3595 | 3.6s
  Epoch 462/800 | Total: 5.084 Edge: 0.323 Con: 0.209 Cls: 1.177 Hist: 0.7608 Path: 0.3650 | 3.7s
  Epoch 463/800 | Total: 5.024 Edge: 0.319 Con: 0.206 Cls: 1.165 Hist: 0.7471 Path: 0.3601 | 3.7s
  Epoch 464/800 | Total: 4.930 Edge: 0.312 Con: 0.208 Cls: 1.144 Hist: 0.7313 Path: 0.3506 | 3.7s
  Epoch 465/800 | Total: 4.912 Edge: 0.307 Con: 0.206 Cls: 1.143 Hist: 0.7298 Path: 0.3415 | Val F1: 0.4333 | 3.7s
  Epoch 466/800 | Total: 4.915 Edge: 0.308 Con: 0.208 Cls: 1.143 Hist: 0.7292 Path: 0.3430 | 3.1s
  Epoch 467/800 | Total: 4.898 Edge: 0.308 Con: 0.207 Cls: 1.139 Hist: 0.7269 Path: 0.3441 | 3.2s
  Epoch 468/800 | Total: 4.930 Edge: 0.310 Con: 0.209 Cls: 1.146 Hist: 0.7347 Path: 0.3433 | 3.1s
  Epoch 469/800 | Total: 4.899 Edge: 0.308 Con: 0.208 Cls: 1.139 Hist: 0.7284 Path: 0.3422 | 3.1s
  Epoch 470/800 | Total: 4.901 Edge: 0.309 Con: 0.207 Cls: 1.139 Hist: 0.7319 Path: 0.3407 | Val F1: 0.4217 | 3.1s
  Epoch 471/800 | Total: 4.953 Edge: 0.315 Con: 0.207 Cls: 1.152 Hist: 0.7342 Path: 0.3455 | 3.0s
  Epoch 472/800 | Total: 4.963 Edge: 0.316 Con: 0.209 Cls: 1.153 Hist: 0.7367 Path: 0.3467 | 3.1s
  Epoch 473/800 | Total: 5.234 Edge: 0.329 Con: 0.209 Cls: 1.218 Hist: 0.7809 Path: 0.3672 | 3.2s
  Epoch 474/800 | Total: 6.147 Edge: 0.372 Con: 0.220 Cls: 1.441 Hist: 0.9132 Path: 0.4300 | 3.1s
  Epoch 475/800 | Total: 5.687 Edge: 0.351 Con: 0.218 Cls: 1.326 Hist: 0.8587 Path: 0.3885 | Val F1: 0.3751 | 3.1s
  Epoch 476/800 | Total: 5.546 Edge: 0.355 Con: 0.217 Cls: 1.286 Hist: 0.8397 Path: 0.3847 | 3.5s
  Epoch 477/800 | Total: 5.294 Edge: 0.344 Con: 0.215 Cls: 1.228 Hist: 0.7906 Path: 0.3687 | 3.6s
  Epoch 478/800 | Total: 5.135 Edge: 0.332 Con: 0.213 Cls: 1.192 Hist: 0.7622 Path: 0.3602 | 3.5s
  Epoch 479/800 | Total: 5.026 Edge: 0.319 Con: 0.209 Cls: 1.171 Hist: 0.7433 Path: 0.3463 | 3.5s
  Epoch 480/800 | Total: 4.972 Edge: 0.315 Con: 0.207 Cls: 1.156 Hist: 0.7403 Path: 0.3450 | Val F1: 0.4320 | 3.6s
  Epoch 481/800 | Total: 4.920 Edge: 0.311 Con: 0.208 Cls: 1.144 Hist: 0.7338 Path: 0.3391 | 3.4s
  Epoch 482/800 | Total: 4.894 Edge: 0.308 Con: 0.208 Cls: 1.139 Hist: 0.7221 Path: 0.3412 | 3.5s
  Epoch 483/800 | Total: 4.869 Edge: 0.310 Con: 0.208 Cls: 1.128 Hist: 0.7250 Path: 0.3456 | 3.7s
  Epoch 484/800 | Total: 4.862 Edge: 0.309 Con: 0.206 Cls: 1.130 Hist: 0.7191 Path: 0.3417 | 3.4s
  Epoch 485/800 | Total: 4.850 Edge: 0.307 Con: 0.207 Cls: 1.127 Hist: 0.7238 Path: 0.3358 | Val F1: 0.4315 | 3.5s
  Epoch 486/800 | Total: 4.879 Edge: 0.307 Con: 0.207 Cls: 1.136 Hist: 0.7244 Path: 0.3366 | 3.6s
  Epoch 487/800 | Total: 4.880 Edge: 0.307 Con: 0.207 Cls: 1.136 Hist: 0.7248 Path: 0.3363 | 3.4s
  Epoch 488/800 | Total: 4.871 Edge: 0.312 Con: 0.207 Cls: 1.129 Hist: 0.7276 Path: 0.3405 | 3.5s
  Epoch 489/800 | Total: 4.910 Edge: 0.315 Con: 0.206 Cls: 1.143 Hist: 0.7262 Path: 0.3373 | 3.5s
  Epoch 490/800 | Total: 4.914 Edge: 0.310 Con: 0.206 Cls: 1.145 Hist: 0.7288 Path: 0.3389 | Val F1: 0.4308 | 3.6s
  Epoch 491/800 | Total: 4.893 Edge: 0.307 Con: 0.208 Cls: 1.138 Hist: 0.7297 Path: 0.3403 | 3.5s
  Epoch 492/800 | Total: 4.918 Edge: 0.306 Con: 0.208 Cls: 1.146 Hist: 0.7326 Path: 0.3363 | 3.5s
  Epoch 493/800 | Total: 4.937 Edge: 0.310 Con: 0.209 Cls: 1.147 Hist: 0.7337 Path: 0.3468 | 3.5s
  Epoch 494/800 | Total: 4.980 Edge: 0.315 Con: 0.208 Cls: 1.156 Hist: 0.7387 Path: 0.3559 | 3.5s
  Epoch 495/800 | Total: 4.938 Edge: 0.311 Con: 0.208 Cls: 1.146 Hist: 0.7335 Path: 0.3526 | Val F1: 0.4284 | 3.5s
  Epoch 496/800 | Total: 4.901 Edge: 0.313 Con: 0.206 Cls: 1.135 Hist: 0.7268 Path: 0.3532 | 3.6s
  Epoch 497/800 | Total: 4.855 Edge: 0.311 Con: 0.206 Cls: 1.124 Hist: 0.7221 Path: 0.3471 | 3.5s
  Epoch 498/800 | Total: 4.858 Edge: 0.311 Con: 0.207 Cls: 1.128 Hist: 0.7199 Path: 0.3410 | 3.7s
  Epoch 499/800 | Total: 4.908 Edge: 0.311 Con: 0.207 Cls: 1.142 Hist: 0.7290 Path: 0.3400 | 3.5s
  Epoch 500/800 | Total: 4.892 Edge: 0.312 Con: 0.207 Cls: 1.137 Hist: 0.7259 Path: 0.3396 | Val F1: 0.4315 | 3.6s
  Epoch 501/800 | Total: 4.873 Edge: 0.317 Con: 0.209 Cls: 1.131 Hist: 0.7227 Path: 0.3340 | 3.5s
  Epoch 502/800 | Total: 5.002 Edge: 0.326 Con: 0.208 Cls: 1.162 Hist: 0.7455 Path: 0.3400 | 3.5s
  Epoch 503/800 | Total: 4.971 Edge: 0.313 Con: 0.209 Cls: 1.157 Hist: 0.7410 Path: 0.3424 | 3.6s
  Epoch 504/800 | Total: 4.909 Edge: 0.310 Con: 0.208 Cls: 1.139 Hist: 0.7314 Path: 0.3466 | 3.6s
  Epoch 505/800 | Total: 4.892 Edge: 0.307 Con: 0.208 Cls: 1.137 Hist: 0.7310 Path: 0.3404 | Val F1: 0.4304 | 3.6s
  Epoch 506/800 | Total: 4.857 Edge: 0.307 Con: 0.206 Cls: 1.130 Hist: 0.7206 Path: 0.3355 | 3.6s
  Epoch 507/800 | Total: 4.867 Edge: 0.308 Con: 0.209 Cls: 1.131 Hist: 0.7252 Path: 0.3352 | 3.5s
  Epoch 508/800 | Total: 4.919 Edge: 0.312 Con: 0.207 Cls: 1.146 Hist: 0.7290 Path: 0.3353 | 3.6s
  Epoch 509/800 | Total: 4.949 Edge: 0.316 Con: 0.207 Cls: 1.152 Hist: 0.7328 Path: 0.3404 | 3.5s
  Epoch 510/800 | Total: 4.900 Edge: 0.310 Con: 0.206 Cls: 1.140 Hist: 0.7269 Path: 0.3392 | Val F1: 0.4421 | 3.5s
  Epoch 511/800 | Total: 4.898 Edge: 0.314 Con: 0.207 Cls: 1.139 Hist: 0.7261 Path: 0.3362 | 3.7s
  Epoch 512/800 | Total: 4.924 Edge: 0.319 Con: 0.207 Cls: 1.142 Hist: 0.7233 Path: 0.3508 | 3.5s
  Epoch 513/800 | Total: 4.933 Edge: 0.323 Con: 0.208 Cls: 1.139 Hist: 0.7317 Path: 0.3594 | 3.6s
  Epoch 514/800 | Total: 4.925 Edge: 0.319 Con: 0.209 Cls: 1.138 Hist: 0.7309 Path: 0.3560 | 3.5s
  Epoch 515/800 | Total: 4.859 Edge: 0.309 Con: 0.207 Cls: 1.126 Hist: 0.7197 Path: 0.3475 | Val F1: 0.4340 | 3.7s
  Epoch 516/800 | Total: 4.895 Edge: 0.313 Con: 0.208 Cls: 1.135 Hist: 0.7283 Path: 0.3451 | 3.5s
  Epoch 517/800 | Total: 4.922 Edge: 0.308 Con: 0.207 Cls: 1.146 Hist: 0.7337 Path: 0.3391 | 3.6s
  Epoch 518/800 | Total: 4.928 Edge: 0.314 Con: 0.208 Cls: 1.145 Hist: 0.7310 Path: 0.3434 | 3.6s
  Epoch 519/800 | Total: 4.954 Edge: 0.313 Con: 0.210 Cls: 1.151 Hist: 0.7371 Path: 0.3463 | 3.6s
  Epoch 520/800 | Total: 4.968 Edge: 0.310 Con: 0.208 Cls: 1.157 Hist: 0.7403 Path: 0.3430 | Val F1: 0.4337 | 3.7s
  Epoch 521/800 | Total: 4.956 Edge: 0.313 Con: 0.209 Cls: 1.151 Hist: 0.7398 Path: 0.3462 | 3.5s
  Epoch 522/800 | Total: 4.967 Edge: 0.312 Con: 0.209 Cls: 1.157 Hist: 0.7366 Path: 0.3430 | 3.5s
  Epoch 523/800 | Total: 5.019 Edge: 0.309 Con: 0.207 Cls: 1.171 Hist: 0.7485 Path: 0.3433 | 3.6s
  Epoch 524/800 | Total: 4.933 Edge: 0.310 Con: 0.208 Cls: 1.149 Hist: 0.7333 Path: 0.3383 | 3.7s
  Epoch 525/800 | Total: 4.946 Edge: 0.310 Con: 0.207 Cls: 1.152 Hist: 0.7322 Path: 0.3436 | Val F1: 0.4314 | 3.6s
  Epoch 526/800 | Total: 4.950 Edge: 0.313 Con: 0.209 Cls: 1.150 Hist: 0.7356 Path: 0.3467 | 3.6s
  Epoch 527/800 | Total: 4.893 Edge: 0.313 Con: 0.209 Cls: 1.136 Hist: 0.7273 Path: 0.3416 | 3.6s
  Epoch 528/800 | Total: 4.875 Edge: 0.315 Con: 0.209 Cls: 1.129 Hist: 0.7249 Path: 0.3433 | 3.5s
  Epoch 529/800 | Total: 4.840 Edge: 0.315 Con: 0.207 Cls: 1.117 Hist: 0.7207 Path: 0.3486 | 3.5s
  Epoch 530/800 | Total: 4.842 Edge: 0.306 Con: 0.207 Cls: 1.123 Hist: 0.7228 Path: 0.3399 | Val F1: 0.4365 | 3.5s
  Epoch 531/800 | Total: 4.871 Edge: 0.306 Con: 0.206 Cls: 1.133 Hist: 0.7252 Path: 0.3379 | 3.9s
  Epoch 532/800 | Total: 4.937 Edge: 0.309 Con: 0.208 Cls: 1.147 Hist: 0.7423 Path: 0.3412 | 4.0s
  Epoch 533/800 | Total: 5.002 Edge: 0.315 Con: 0.207 Cls: 1.162 Hist: 0.7511 Path: 0.3477 | 4.0s
  Epoch 534/800 | Total: 4.959 Edge: 0.314 Con: 0.211 Cls: 1.151 Hist: 0.7378 Path: 0.3503 | 4.0s
  Epoch 535/800 | Total: 4.988 Edge: 0.324 Con: 0.207 Cls: 1.153 Hist: 0.7318 Path: 0.3693 | Val F1: 0.4235 | 4.0s
  Epoch 536/800 | Total: 4.923 Edge: 0.319 Con: 0.207 Cls: 1.139 Hist: 0.7287 Path: 0.3538 | 4.0s
  Epoch 537/800 | Total: 4.911 Edge: 0.309 Con: 0.206 Cls: 1.141 Hist: 0.7349 Path: 0.3420 | 4.0s
  Epoch 538/800 | Total: 4.909 Edge: 0.311 Con: 0.208 Cls: 1.140 Hist: 0.7321 Path: 0.3424 | 4.0s
  Epoch 539/800 | Total: 4.904 Edge: 0.309 Con: 0.209 Cls: 1.139 Hist: 0.7286 Path: 0.3448 | 4.1s
  Epoch 540/800 | Total: 4.873 Edge: 0.306 Con: 0.209 Cls: 1.132 Hist: 0.7282 Path: 0.3369 | Val F1: 0.4295 | 4.0s
  Epoch 541/800 | Total: 4.848 Edge: 0.309 Con: 0.206 Cls: 1.126 Hist: 0.7224 Path: 0.3346 | 4.1s
  Epoch 542/800 | Total: 4.866 Edge: 0.313 Con: 0.209 Cls: 1.128 Hist: 0.7199 Path: 0.3441 | 4.0s
  Epoch 543/800 | Total: 4.837 Edge: 0.310 Con: 0.207 Cls: 1.121 Hist: 0.7211 Path: 0.3385 | 4.0s
  Epoch 544/800 | Total: 4.804 Edge: 0.306 Con: 0.208 Cls: 1.114 Hist: 0.7176 Path: 0.3345 | 3.9s
  Epoch 545/800 | Total: 4.831 Edge: 0.305 Con: 0.207 Cls: 1.124 Hist: 0.7182 Path: 0.3330 | Val F1: 0.4418 | 4.0s
  Epoch 546/800 | Total: 4.892 Edge: 0.306 Con: 0.208 Cls: 1.138 Hist: 0.7336 Path: 0.3345 | 4.0s
  Epoch 547/800 | Total: 4.952 Edge: 0.308 Con: 0.207 Cls: 1.155 Hist: 0.7403 Path: 0.3354 | 4.0s
  Epoch 548/800 | Total: 4.977 Edge: 0.309 Con: 0.206 Cls: 1.160 Hist: 0.7465 Path: 0.3391 | 4.0s
  Epoch 549/800 | Total: 4.876 Edge: 0.308 Con: 0.208 Cls: 1.132 Hist: 0.7208 Path: 0.3464 | 4.0s
  Epoch 550/800 | Total: 4.880 Edge: 0.309 Con: 0.208 Cls: 1.132 Hist: 0.7217 Path: 0.3504 | Val F1: 0.4239 | 3.9s
  Epoch 551/800 | Total: 4.921 Edge: 0.310 Con: 0.210 Cls: 1.142 Hist: 0.7327 Path: 0.3467 | 4.0s
  Epoch 552/800 | Total: 4.951 Edge: 0.309 Con: 0.210 Cls: 1.152 Hist: 0.7401 Path: 0.3405 | 4.0s
  Epoch 553/800 | Total: 4.909 Edge: 0.310 Con: 0.209 Cls: 1.142 Hist: 0.7310 Path: 0.3370 | 4.0s
  Epoch 554/800 | Total: 4.993 Edge: 0.311 Con: 0.208 Cls: 1.163 Hist: 0.7469 Path: 0.3423 | 4.0s
  Epoch 555/800 | Total: 4.937 Edge: 0.309 Con: 0.206 Cls: 1.150 Hist: 0.7377 Path: 0.3381 | Val F1: 0.4373 | 4.0s
  Epoch 556/800 | Total: 4.800 Edge: 0.305 Con: 0.208 Cls: 1.112 Hist: 0.7142 Path: 0.3408 | 4.1s
  Epoch 557/800 | Total: 4.844 Edge: 0.305 Con: 0.209 Cls: 1.123 Hist: 0.7229 Path: 0.3439 | 3.9s
  Epoch 558/800 | Total: 4.868 Edge: 0.312 Con: 0.208 Cls: 1.128 Hist: 0.7210 Path: 0.3465 | 3.9s
  Epoch 559/800 | Total: 4.888 Edge: 0.312 Con: 0.208 Cls: 1.132 Hist: 0.7283 Path: 0.3458 | 4.0s
  Epoch 560/800 | Total: 4.878 Edge: 0.313 Con: 0.208 Cls: 1.132 Hist: 0.7258 Path: 0.3406 | Val F1: 0.4252 | 3.9s
  Epoch 561/800 | Total: 4.963 Edge: 0.312 Con: 0.208 Cls: 1.153 Hist: 0.7435 Path: 0.3449 | 4.0s
  Epoch 562/800 | Total: 4.980 Edge: 0.314 Con: 0.208 Cls: 1.157 Hist: 0.7401 Path: 0.3505 | 3.9s
  Epoch 563/800 | Total: 4.913 Edge: 0.313 Con: 0.208 Cls: 1.139 Hist: 0.7319 Path: 0.3456 | 3.9s
  Epoch 564/800 | Total: 4.892 Edge: 0.314 Con: 0.210 Cls: 1.133 Hist: 0.7244 Path: 0.3490 | 4.0s
  Epoch 565/800 | Total: 4.919 Edge: 0.314 Con: 0.209 Cls: 1.137 Hist: 0.7362 Path: 0.3530 | Val F1: 0.4359 | 4.1s
  Epoch 566/800 | Total: 4.897 Edge: 0.310 Con: 0.209 Cls: 1.136 Hist: 0.7265 Path: 0.3459 | 4.0s
  Epoch 567/800 | Total: 5.010 Edge: 0.314 Con: 0.209 Cls: 1.166 Hist: 0.7450 Path: 0.3498 | 4.0s
  Epoch 568/800 | Total: 4.945 Edge: 0.321 Con: 0.208 Cls: 1.145 Hist: 0.7326 Path: 0.3524 | 4.0s
  Epoch 569/800 | Total: 4.899 Edge: 0.319 Con: 0.210 Cls: 1.133 Hist: 0.7255 Path: 0.3507 | 3.9s
  Epoch 570/800 | Total: 4.971 Edge: 0.313 Con: 0.209 Cls: 1.156 Hist: 0.7420 Path: 0.3446 | Val F1: 0.4306 | 3.9s
  Epoch 571/800 | Total: 4.885 Edge: 0.306 Con: 0.209 Cls: 1.136 Hist: 0.7277 Path: 0.3387 | 3.9s
  Epoch 572/800 | Total: 4.843 Edge: 0.305 Con: 0.206 Cls: 1.125 Hist: 0.7219 Path: 0.3390 | 4.0s
  Epoch 573/800 | Total: 4.835 Edge: 0.305 Con: 0.207 Cls: 1.123 Hist: 0.7179 Path: 0.3412 | 4.0s
  Epoch 574/800 | Total: 4.867 Edge: 0.303 Con: 0.206 Cls: 1.133 Hist: 0.7257 Path: 0.3369 | 4.1s
  Epoch 575/800 | Total: 5.023 Edge: 0.308 Con: 0.209 Cls: 1.173 Hist: 0.7525 Path: 0.3389 | Val F1: 0.4229 | 4.0s
  Epoch 576/800 | Total: 4.991 Edge: 0.311 Con: 0.210 Cls: 1.162 Hist: 0.7459 Path: 0.3428 | 4.0s
  Epoch 577/800 | Total: 5.008 Edge: 0.312 Con: 0.208 Cls: 1.166 Hist: 0.7521 Path: 0.3429 | 3.9s
  Epoch 578/800 | Total: 4.919 Edge: 0.311 Con: 0.209 Cls: 1.144 Hist: 0.7302 Path: 0.3422 | 3.7s
  Epoch 579/800 | Total: 4.932 Edge: 0.315 Con: 0.208 Cls: 1.143 Hist: 0.7353 Path: 0.3478 | 3.7s
  Epoch 580/800 | Total: 4.937 Edge: 0.312 Con: 0.208 Cls: 1.147 Hist: 0.7328 Path: 0.3477 | Val F1: 0.4320 | 3.7s
  Epoch 581/800 | Total: 4.833 Edge: 0.306 Con: 0.207 Cls: 1.122 Hist: 0.7209 Path: 0.3378 | 3.7s
  Epoch 582/800 | Total: 4.872 Edge: 0.306 Con: 0.207 Cls: 1.132 Hist: 0.7301 Path: 0.3359 | 3.7s
  Epoch 583/800 | Total: 4.924 Edge: 0.306 Con: 0.207 Cls: 1.148 Hist: 0.7339 Path: 0.3363 | 3.8s
  Epoch 584/800 | Total: 4.946 Edge: 0.310 Con: 0.210 Cls: 1.149 Hist: 0.7395 Path: 0.3443 | 3.6s
  Epoch 585/800 | Total: 4.976 Edge: 0.315 Con: 0.210 Cls: 1.154 Hist: 0.7518 Path: 0.3435 | Val F1: 0.4329 | 3.8s
  Epoch 586/800 | Total: 4.874 Edge: 0.311 Con: 0.207 Cls: 1.131 Hist: 0.7276 Path: 0.3395 | 3.6s
  Epoch 587/800 | Total: 4.998 Edge: 0.309 Con: 0.207 Cls: 1.167 Hist: 0.7433 Path: 0.3415 | 3.6s
  Epoch 588/800 | Total: 4.908 Edge: 0.316 Con: 0.207 Cls: 1.139 Hist: 0.7241 Path: 0.3479 | 3.8s
  Epoch 589/800 | Total: 4.857 Edge: 0.313 Con: 0.210 Cls: 1.125 Hist: 0.7231 Path: 0.3422 | 3.6s
  Epoch 590/800 | Total: 4.842 Edge: 0.307 Con: 0.209 Cls: 1.124 Hist: 0.7233 Path: 0.3348 | Val F1: 0.4323 | 3.7s
  Epoch 591/800 | Total: 4.922 Edge: 0.311 Con: 0.206 Cls: 1.144 Hist: 0.7378 Path: 0.3392 | 3.8s
  Epoch 592/800 | Total: 4.921 Edge: 0.310 Con: 0.209 Cls: 1.144 Hist: 0.7359 Path: 0.3382 | 3.7s
  Epoch 593/800 | Total: 4.932 Edge: 0.308 Con: 0.209 Cls: 1.146 Hist: 0.7373 Path: 0.3432 | 3.7s
  Epoch 594/800 | Total: 4.850 Edge: 0.312 Con: 0.208 Cls: 1.124 Hist: 0.7195 Path: 0.3414 | 3.7s
  Epoch 595/800 | Total: 4.866 Edge: 0.306 Con: 0.206 Cls: 1.130 Hist: 0.7296 Path: 0.3361 | Val F1: 0.4372 | 3.6s
  Epoch 596/800 | Total: 4.776 Edge: 0.302 Con: 0.206 Cls: 1.109 Hist: 0.7138 Path: 0.3294 | 3.7s
  Epoch 597/800 | Total: 4.880 Edge: 0.304 Con: 0.209 Cls: 1.135 Hist: 0.7329 Path: 0.3322 | 3.6s
  Epoch 598/800 | Total: 4.891 Edge: 0.309 Con: 0.209 Cls: 1.136 Hist: 0.7294 Path: 0.3389 | 3.7s
  Epoch 599/800 | Total: 4.948 Edge: 0.313 Con: 0.210 Cls: 1.148 Hist: 0.7388 Path: 0.3456 | 3.6s
  Epoch 600/800 | Total: 4.905 Edge: 0.309 Con: 0.208 Cls: 1.138 Hist: 0.7356 Path: 0.3422 | Val F1: 0.4196 | 3.6s
  Epoch 601/800 | Total: 4.925 Edge: 0.311 Con: 0.211 Cls: 1.144 Hist: 0.7338 Path: 0.3421 | 3.7s
  Epoch 602/800 | Total: 4.869 Edge: 0.310 Con: 0.207 Cls: 1.131 Hist: 0.7224 Path: 0.3407 | 3.6s
  Epoch 603/800 | Total: 4.919 Edge: 0.314 Con: 0.209 Cls: 1.142 Hist: 0.7290 Path: 0.3443 | 3.7s
  Epoch 604/800 | Total: 4.992 Edge: 0.314 Con: 0.207 Cls: 1.163 Hist: 0.7399 Path: 0.3460 | 3.7s
  Epoch 605/800 | Total: 4.995 Edge: 0.315 Con: 0.207 Cls: 1.163 Hist: 0.7371 Path: 0.3506 | Val F1: 0.4313 | 3.6s
  Epoch 606/800 | Total: 4.975 Edge: 0.312 Con: 0.210 Cls: 1.155 Hist: 0.7433 Path: 0.3487 | 3.7s
  Epoch 607/800 | Total: 4.937 Edge: 0.309 Con: 0.210 Cls: 1.149 Hist: 0.7360 Path: 0.3384 | 3.6s
  Epoch 608/800 | Total: 4.885 Edge: 0.308 Con: 0.211 Cls: 1.134 Hist: 0.7268 Path: 0.3416 | 3.6s
  Epoch 609/800 | Total: 4.912 Edge: 0.317 Con: 0.209 Cls: 1.139 Hist: 0.7261 Path: 0.3483 | 3.5s
  Epoch 610/800 | Total: 4.880 Edge: 0.321 Con: 0.210 Cls: 1.128 Hist: 0.7226 Path: 0.3478 | Val F1: 0.4383 | 3.7s
  Early stopping at epoch 610
  Best Val F1: 0.4421 | Test F1: 0.4377
  Total training time: 2353.0s (39.2 min)

======================================================================
  Val  Macro-F1: 0.4421
  Test Macro-F1: 0.4377
  Test Accuracy: 0.6577
  Time: 2355.4s
  Peak GPU mem: 1.31 GB
======================================================================

  Results saved to: results/NESS_ogbn-arxiv_MCAR_0.8_20260725_100451
