/home/erfan/MATE/venv/lib/python3.13/site-packages/outdated/__init__.py:36: UserWarning: pkg_resources is deprecated as an API. See https://setuptools.pypa.io/en/latest/pkg_resources.html. The pkg_resources package is slated for removal as early as 2025-11-30. Refrain from using this package or pin to Setuptools<81.
  from pkg_resources import parse_version
/home/erfan/MATE/ogbn_benchmarks/data_loader.py:96: UserWarning: Sparse invariant checks are implicitly disabled. Memory errors (e.g. SEGFAULT) will occur when operating on a sparse tensor which violates the invariants, but checks incur performance overhead. To silence this warning, explicitly opt in or out. See `torch.sparse.check_sparse_tensor_invariants.__doc__` for guidance.  (Triggered internally at /pytorch/aten/src/ATen/Context.cpp:760.)
  adj = torch.sparse_coo_tensor(edge_index, vals, (num_nodes, num_nodes)).coalesce()
======================================================================
  FP | ogbn-arxiv | MCAR @ 40%
======================================================================
[1/3] Loading ogbn-arxiv...
  169,343 nodes | 128 dims | 40 classes
[2/3] Simulating MCAR missingness...
Simulating MCAR missingness at 40% rate...
  MCAR: Uniform random selection
  Observable: 101,606 (60.0%)
  Masked: 67,737 (40.0%)
  Observable: 101,606 | Val: 33,868 | Test: 33,869
[3/3] Running FP...
  Feature propagation (40 iterations)...
    Propagation done in 0.4s
  Training classifier for up to 400 epochs (patience=20)...
  Epoch 5/400 | Loss: 1.6130 | Val F1: 0.2764 | 1.0s
  Epoch 10/400 | Loss: 1.5753 | Val F1: 0.2933 | 1.0s
  Epoch 15/400 | Loss: 1.5668 | Val F1: 0.2936 | 1.0s
  Epoch 20/400 | Loss: 1.5685 | Val F1: 0.3036 | 1.3s
  Epoch 25/400 | Loss: 1.5670 | Val F1: 0.2954 | 1.0s
  Epoch 30/400 | Loss: 1.5600 | Val F1: 0.2829 | 1.0s
  Epoch 35/400 | Loss: 1.5609 | Val F1: 0.2633 | 1.1s
  Epoch 40/400 | Loss: 1.5611 | Val F1: 0.3195 | 0.9s
  Epoch 45/400 | Loss: 1.5605 | Val F1: 0.2909 | 0.9s
  Epoch 50/400 | Loss: 1.5522 | Val F1: 0.2967 | 0.9s
  Epoch 55/400 | Loss: 1.5598 | Val F1: 0.2989 | 1.1s
  Epoch 60/400 | Loss: 1.5575 | Val F1: 0.2948 | 1.1s
  Epoch 65/400 | Loss: 1.5546 | Val F1: 0.2825 | 1.2s
  Epoch 70/400 | Loss: 1.5680 | Val F1: 0.2995 | 1.0s
  Epoch 75/400 | Loss: 1.5581 | Val F1: 0.2903 | 1.1s
  Epoch 80/400 | Loss: 1.5567 | Val F1: 0.3187 | 1.1s
  Epoch 85/400 | Loss: 1.5563 | Val F1: 0.2939 | 0.9s
  Epoch 90/400 | Loss: 1.5632 | Val F1: 0.2818 | 0.9s
  Epoch 95/400 | Loss: 1.5506 | Val F1: 0.3129 | 1.1s
  Epoch 100/400 | Loss: 1.5534 | Val F1: 0.3118 | 0.9s
  Epoch 105/400 | Loss: 1.5596 | Val F1: 0.3042 | 1.0s
  Epoch 110/400 | Loss: 1.5564 | Val F1: 0.2917 | 1.1s
  Epoch 115/400 | Loss: 1.5574 | Val F1: 0.2869 | 1.1s
  Epoch 120/400 | Loss: 1.5575 | Val F1: 0.2875 | 1.2s
  Epoch 125/400 | Loss: 1.5587 | Val F1: 0.2983 | 1.1s
  Epoch 130/400 | Loss: 1.5613 | Val F1: 0.3015 | 1.0s
  Epoch 135/400 | Loss: 1.5537 | Val F1: 0.3095 | 1.0s
  Epoch 140/400 | Loss: 1.5585 | Val F1: 0.3104 | 1.0s
  Early stopping at epoch 140
  Best Val F1: 0.3195 | Test F1: 0.3087
  Total training time: 150.4s (2.5 min)

======================================================================
  Val  Macro-F1: 0.3195
  Test Macro-F1: 0.3087
  Time: 151.0s
======================================================================

  Results saved to: results/FP_ogbn-arxiv_MCAR_0.4_20260720_130636
